/home/jdihardjo/miniconda3/envs/mavenv/lib/python3.11/site-packages/hydra/_internal/defaults_list.py:251: UserWarning: In 'config': Defaults list is missing `_self_`. See https://hydra.cc/docs/1.2/upgrades/1.0_to_1.1/default_composition_order for more information
  warnings.warn(msg, UserWarning)
Using cuda:1 device
[2026-07-23 01:49:14,754][HYDRA] Joblib.Parallel(n_jobs=4,backend=loky,prefer=processes,require=None,verbose=0,timeout=None,pre_dispatch=2*n_jobs,batch_size=auto,temp_folder=None,max_nbytes=None,mmap_mode=r) is launching 1 jobs
[2026-07-23 01:49:14,754][HYDRA] Launching jobs, sweep output dir : ablation_runs/2026-07-23_01-49-09/baseline_simple_mamba
[2026-07-23 01:49:14,754][HYDRA] 	#0 : models.architecture.block_type=simple models.architecture.mamba_type=mamba training.mode=rollout
/home/jdihardjo/miniconda3/envs/mavenv/lib/python3.11/site-packages/hydra/_internal/defaults_list.py:251: UserWarning: In 'config': Defaults list is missing `_self_`. See https://hydra.cc/docs/1.2/upgrades/1.0_to_1.1/default_composition_order for more information
  warnings.warn(msg, UserWarning)
models:
  n_dim: 23
  out_dim: 10
  architecture:
    d_model: 128
    n_encoder_layers: 2
    n_decoder_layers: 0
    block_type: simple
    time_adapter: last_token
    in_norm: none
    out_norm: none
    layer_scale: 0.0001
    drop_path: 0.05
    mamba_type: mamba
    mamba_kwargs:
      d_state: 16
      d_conv: 2
      expand: 2
      norm: rms
    skip: false
    cls_kwargs:
      n_heads: 2
      n_mlp: 2
      positional_encoding: false
      max_len: 5000
input_len: 64
output_len: 1
batch_size: 128
epochs: 5
seed: 0
dataset:
  path: /home/jdihardjo/simdata/train.zarr/
  training_size: 1500000
evaluation:
  path: /home/jdihardjo/simdata/evaluation.zarr/
  evaluation_size: 50
training:
  mode: rollout
  lr: 0.0002
  weight_decay: 0.1
  rollout_steps: 32
checkpoint:
  save_path: hydra-test.pth
  load: false
  path: hydra-test.pth
compile: true

/home/jdihardjo/miniconda3/envs/mavenv/lib/python3.11/site-packages/torch/_dynamo/variables/functions.py:2311: UserWarning: Dynamo does not know how to trace the builtin `selective_scan_cuda.pybind11_detail_function_record_v1_system_libstdcpp_gxx_abi_1xxx_use_cxx11_abi_1.fwd.` This function is either a Python builtin (e.g. _warnings.warn) or a third-party C/C++ Python extension (perhaps created with pybind).
If it is a Python builtin, please file an issue on GitHub so the PyTorch team can add support for it and see the next case for a workaround.
If it is a third-party C/C++ Python extension, please either wrap it into a PyTorch-understood custom operator (see https://pytorch.org/tutorials/advanced/custom_ops_landing_page.html for more details) or, if it is traceable, use `torch.compiler.allow_in_graph`.
  torch._dynamo.utils.warn_once(explanation + "\n" + "\n".join(hints))
/home/jdihardjo/miniconda3/envs/mavenv/lib/python3.11/site-packages/torch/_inductor/cudagraph_trees.py:2622: UserWarning: Unable to hit fast path of CUDAGraphs because outputs from a previous step still require backward. Ensure backward() is invoked or detach outputs. You may also call torch.compiler.cudagraph_mark_step_begin() before each model invocation.
  warnings.warn(
name: models.architecture.block_type=simple
models.architecture.mamba_type=mamba
training.mode=rollout    avg_loss: 0.000093376322  time_per_window : 0.001076   progress : 0.011
name: models.architecture.block_type=simple
models.architecture.mamba_type=mamba
training.mode=rollout    avg_loss: 0.000000219774  time_per_window : 0.001066   progress : 0.022
name: models.architecture.block_type=simple
models.architecture.mamba_type=mamba
training.mode=rollout    avg_loss: 0.000000198162  time_per_window : 0.001108   progress : 0.033
name: models.architecture.block_type=simple
models.architecture.mamba_type=mamba
training.mode=rollout    avg_loss: 0.000000190464  time_per_window : 0.001065   progress : 0.044
name: models.architecture.block_type=simple
models.architecture.mamba_type=mamba
training.mode=rollout    avg_loss: 0.000000179366  time_per_window : 0.001093   progress : 0.055
name: models.architecture.block_type=simple
models.architecture.mamba_type=mamba
training.mode=rollout    avg_loss: 0.000000173196  time_per_window : 0.001149   progress : 0.066
name: models.architecture.block_type=simple
models.architecture.mamba_type=mamba
training.mode=rollout    avg_loss: 0.000000164209  time_per_window : 0.001073   progress : 0.076
name: models.architecture.block_type=simple
models.architecture.mamba_type=mamba
training.mode=rollout    avg_loss: 0.000000160907  time_per_window : 0.001075   progress : 0.087
name: models.architecture.block_type=simple
models.architecture.mamba_type=mamba
training.mode=rollout    avg_loss: 0.000000156018  time_per_window : 0.001121   progress : 0.098
name: models.architecture.block_type=simple
models.architecture.mamba_type=mamba
training.mode=rollout    avg_loss: 0.000000158342  time_per_window : 0.001075   progress : 0.109
name: models.architecture.block_type=simple
models.architecture.mamba_type=mamba
training.mode=rollout    avg_loss: 0.000000151775  time_per_window : 0.001160   progress : 0.120
name: models.architecture.block_type=simple
models.architecture.mamba_type=mamba
training.mode=rollout    avg_loss: 0.000000145076  time_per_window : 0.001083   progress : 0.131
name: models.architecture.block_type=simple
models.architecture.mamba_type=mamba
training.mode=rollout    avg_loss: 0.000000140252  time_per_window : 0.001064   progress : 0.142
name: models.architecture.block_type=simple
models.architecture.mamba_type=mamba
training.mode=rollout    avg_loss: 0.000000129501  time_per_window : 0.001076   progress : 0.153
name: models.architecture.block_type=simple
models.architecture.mamba_type=mamba
training.mode=rollout    avg_loss: 0.000000122900  time_per_window : 0.001031   progress : 0.164
name: models.architecture.block_type=simple
models.architecture.mamba_type=mamba
training.mode=rollout    avg_loss: 0.000000110023  time_per_window : 0.001105   progress : 0.175
name: models.architecture.block_type=simple
models.architecture.mamba_type=mamba
training.mode=rollout    avg_loss: 0.000000093680  time_per_window : 0.001095   progress : 0.186
name: models.architecture.block_type=simple
models.architecture.mamba_type=mamba
training.mode=rollout    avg_loss: 0.000000074965  time_per_window : 0.001054   progress : 0.197
name: models.architecture.block_type=simple
models.architecture.mamba_type=mamba
training.mode=rollout    avg_loss: 0.000000057577  time_per_window : 0.001129   progress : 0.208
name: models.architecture.block_type=simple
models.architecture.mamba_type=mamba
training.mode=rollout    avg_loss: 0.000000048937  time_per_window : 0.001094   progress : 0.218
name: models.architecture.block_type=simple
models.architecture.mamba_type=mamba
training.mode=rollout    avg_loss: 0.000000044491  time_per_window : 0.001107   progress : 0.229
name: models.architecture.block_type=simple
models.architecture.mamba_type=mamba
training.mode=rollout    avg_loss: 0.000000044255  time_per_window : 0.001173   progress : 0.240
name: models.architecture.block_type=simple
models.architecture.mamba_type=mamba
training.mode=rollout    avg_loss: 0.000000041703  time_per_window : 0.001142   progress : 0.251
name: models.architecture.block_type=simple
models.architecture.mamba_type=mamba
training.mode=rollout    avg_loss: 0.000000038009  time_per_window : 0.001141   progress : 0.262
name: models.architecture.block_type=simple
models.architecture.mamba_type=mamba
training.mode=rollout    avg_loss: 0.000000039079  time_per_window : 0.000951   progress : 0.273
name: models.architecture.block_type=simple
models.architecture.mamba_type=mamba
training.mode=rollout    avg_loss: 0.000000038966  time_per_window : 0.001127   progress : 0.284
name: models.architecture.block_type=simple
models.architecture.mamba_type=mamba
training.mode=rollout    avg_loss: 0.000000040188  time_per_window : 0.001134   progress : 0.295
name: models.architecture.block_type=simple
models.architecture.mamba_type=mamba
training.mode=rollout    avg_loss: 0.000000040351  time_per_window : 0.001131   progress : 0.306
name: models.architecture.block_type=simple
models.architecture.mamba_type=mamba
training.mode=rollout    avg_loss: 0.000000039720  time_per_window : 0.001143   progress : 0.317
name: models.architecture.block_type=simple
models.architecture.mamba_type=mamba
training.mode=rollout    avg_loss: 0.000000038153  time_per_window : 0.001104   progress : 0.328
name: models.architecture.block_type=simple
models.architecture.mamba_type=mamba
training.mode=rollout    avg_loss: 0.000000041407  time_per_window : 0.001190   progress : 0.339
name: models.architecture.block_type=simple
models.architecture.mamba_type=mamba
training.mode=rollout    avg_loss: 0.000000039150  time_per_window : 0.001130   progress : 0.350
name: models.architecture.block_type=simple
models.architecture.mamba_type=mamba
training.mode=rollout    avg_loss: 0.000000040811  time_per_window : 0.001098   progress : 0.360
name: models.architecture.block_type=simple
models.architecture.mamba_type=mamba
training.mode=rollout    avg_loss: 0.000000040280  time_per_window : 0.001198   progress : 0.371
name: models.architecture.block_type=simple
models.architecture.mamba_type=mamba
training.mode=rollout    avg_loss: 0.000000045012  time_per_window : 0.001130   progress : 0.382
name: models.architecture.block_type=simple
models.architecture.mamba_type=mamba
training.mode=rollout    avg_loss: 0.000000042949  time_per_window : 0.000938   progress : 0.393
name: models.architecture.block_type=simple
models.architecture.mamba_type=mamba
training.mode=rollout    avg_loss: 0.000000042948  time_per_window : 0.001147   progress : 0.404
name: models.architecture.block_type=simple
models.architecture.mamba_type=mamba
training.mode=rollout    avg_loss: 0.000000042834  time_per_window : 0.001141   progress : 0.415
name: models.architecture.block_type=simple
models.architecture.mamba_type=mamba
training.mode=rollout    avg_loss: 0.000000040993  time_per_window : 0.001124   progress : 0.426
name: models.architecture.block_type=simple
models.architecture.mamba_type=mamba
training.mode=rollout    avg_loss: 0.000000051552  time_per_window : 0.001167   progress : 0.437
name: models.architecture.block_type=simple
models.architecture.mamba_type=mamba
training.mode=rollout    avg_loss: 0.000000042346  time_per_window : 0.001194   progress : 0.448
name: models.architecture.block_type=simple
models.architecture.mamba_type=mamba
training.mode=rollout    avg_loss: 0.000000042406  time_per_window : 0.001155   progress : 0.459
name: models.architecture.block_type=simple
models.architecture.mamba_type=mamba
training.mode=rollout    avg_loss: 0.000000044147  time_per_window : 0.001187   progress : 0.470
name: models.architecture.block_type=simple
models.architecture.mamba_type=mamba
training.mode=rollout    avg_loss: 0.000000041415  time_per_window : 0.001135   progress : 0.481
name: models.architecture.block_type=simple
models.architecture.mamba_type=mamba
training.mode=rollout    avg_loss: 0.000000043619  time_per_window : 0.001163   progress : 0.492
name: models.architecture.block_type=simple
models.architecture.mamba_type=mamba
training.mode=rollout    avg_loss: 0.000000048200  time_per_window : 0.001110   progress : 0.502
name: models.architecture.block_type=simple
models.architecture.mamba_type=mamba
training.mode=rollout    avg_loss: 0.000000049858  time_per_window : 0.001125   progress : 0.513/home/jdihardjo/miniconda3/envs/mavenv/lib/python3.11/site-packages/torch/_inductor/cudagraph_trees.py:2622: UserWarning: Unable to hit fast path of CUDAGraphs because outputs from a previous step still require backward. Ensure backward() is invoked or detach outputs. You may also call torch.compiler.cudagraph_mark_step_begin() before each model invocation.
  warnings.warn(
/home/jdihardjo/miniconda3/envs/mavenv/lib/python3.11/site-packages/torch/_inductor/cudagraph_trees.py:2622: UserWarning: Unable to hit fast path of CUDAGraphs because outputs from a previous step still require backward. Ensure backward() is invoked or detach outputs. You may also call torch.compiler.cudagraph_mark_step_begin() before each model invocation.
  warnings.warn(

name: models.architecture.block_type=simple
models.architecture.mamba_type=mamba
training.mode=rollout    avg_loss: 0.000000038761  time_per_window : 0.001158   progress : 0.524
name: models.architecture.block_type=simple
models.architecture.mamba_type=mamba
training.mode=rollout    avg_loss: 0.000000041744  time_per_window : 0.001134   progress : 0.535
name: models.architecture.block_type=simple
models.architecture.mamba_type=mamba
training.mode=rollout    avg_loss: 0.000000044215  time_per_window : 0.001131   progress : 0.546
name: models.architecture.block_type=simple
models.architecture.mamba_type=mamba
training.mode=rollout    avg_loss: 0.000000041777  time_per_window : 0.001145   progress : 0.557
name: models.architecture.block_type=simple
models.architecture.mamba_type=mamba
training.mode=rollout    avg_loss: 0.000000038260  time_per_window : 0.001121   progress : 0.568
name: models.architecture.block_type=simple
models.architecture.mamba_type=mamba
training.mode=rollout    avg_loss: 0.000000040668  time_per_window : 0.001114   progress : 0.579
name: models.architecture.block_type=simple
models.architecture.mamba_type=mamba
training.mode=rollout    avg_loss: 0.000000039095  time_per_window : 0.001147   progress : 0.590
name: models.architecture.block_type=simple
models.architecture.mamba_type=mamba
training.mode=rollout    avg_loss: 0.000000039687  time_per_window : 0.001155   progress : 0.601
name: models.architecture.block_type=simple
models.architecture.mamba_type=mamba
training.mode=rollout    avg_loss: 0.000000039734  time_per_window : 0.001122   progress : 0.612
name: models.architecture.block_type=simple
models.architecture.mamba_type=mamba
training.mode=rollout    avg_loss: 0.000000037379  time_per_window : 0.001125   progress : 0.623
name: models.architecture.block_type=simple
models.architecture.mamba_type=mamba
training.mode=rollout    avg_loss: 0.000000037576  time_per_window : 0.001156   progress : 0.634
name: models.architecture.block_type=simple
models.architecture.mamba_type=mamba
training.mode=rollout    avg_loss: 0.000000038256  time_per_window : 0.001101   progress : 0.644
name: models.architecture.block_type=simple
models.architecture.mamba_type=mamba
training.mode=rollout    avg_loss: 0.000000035043  time_per_window : 0.001136   progress : 0.655
name: models.architecture.block_type=simple
models.architecture.mamba_type=mamba
training.mode=rollout    avg_loss: 0.000000031236  time_per_window : 0.001129   progress : 0.666
name: models.architecture.block_type=simple
models.architecture.mamba_type=mamba
training.mode=rollout    avg_loss: 0.000000032668  time_per_window : 0.001140   progress : 0.677
name: models.architecture.block_type=simple
models.architecture.mamba_type=mamba
training.mode=rollout    avg_loss: 0.000000032885  time_per_window : 0.001127   progress : 0.688
name: models.architecture.block_type=simple
models.architecture.mamba_type=mamba
training.mode=rollout    avg_loss: 0.000000030007  time_per_window : 0.001118   progress : 0.699
name: models.architecture.block_type=simple
models.architecture.mamba_type=mamba
training.mode=rollout    avg_loss: 0.000000030376  time_per_window : 0.001118   progress : 0.710
name: models.architecture.block_type=simple
models.architecture.mamba_type=mamba
training.mode=rollout    avg_loss: 0.000000026447  time_per_window : 0.001130   progress : 0.721
name: models.architecture.block_type=simple
models.architecture.mamba_type=mamba
training.mode=rollout    avg_loss: 0.000000026214  time_per_window : 0.001133   progress : 0.732
name: models.architecture.block_type=simple
models.architecture.mamba_type=mamba
training.mode=rollout    avg_loss: 0.000000023058  time_per_window : 0.001154   progress : 0.743
name: models.architecture.block_type=simple
models.architecture.mamba_type=mamba
training.mode=rollout    avg_loss: 0.000000026456  time_per_window : 0.001139   progress : 0.754
name: models.architecture.block_type=simple
models.architecture.mamba_type=mamba
training.mode=rollout    avg_loss: 0.000000034575  time_per_window : 0.001135   progress : 0.765
name: models.architecture.block_type=simple
models.architecture.mamba_type=mamba
training.mode=rollout    avg_loss: 0.000000028555  time_per_window : 0.001125   progress : 0.775
name: models.architecture.block_type=simple
models.architecture.mamba_type=mamba
training.mode=rollout    avg_loss: 0.000000026240  time_per_window : 0.001162   progress : 0.786
name: models.architecture.block_type=simple
models.architecture.mamba_type=mamba
training.mode=rollout    avg_loss: 0.000000022336  time_per_window : 0.001128   progress : 0.797
name: models.architecture.block_type=simple
models.architecture.mamba_type=mamba
training.mode=rollout    avg_loss: 0.000000022476  time_per_window : 0.001148   progress : 0.808
name: models.architecture.block_type=simple
models.architecture.mamba_type=mamba
training.mode=rollout    avg_loss: 0.000000020405  time_per_window : 0.001147   progress : 0.819
name: models.architecture.block_type=simple
models.architecture.mamba_type=mamba
training.mode=rollout    avg_loss: 0.000000024079  time_per_window : 0.001146   progress : 0.830
name: models.architecture.block_type=simple
models.architecture.mamba_type=mamba
training.mode=rollout    avg_loss: 0.000000025517  time_per_window : 0.001146   progress : 0.841
name: models.architecture.block_type=simple
models.architecture.mamba_type=mamba
training.mode=rollout    avg_loss: 0.000000022705  time_per_window : 0.001105   progress : 0.852
name: models.architecture.block_type=simple
models.architecture.mamba_type=mamba
training.mode=rollout    avg_loss: 0.000000020660  time_per_window : 0.001134   progress : 0.863
name: models.architecture.block_type=simple
models.architecture.mamba_type=mamba
training.mode=rollout    avg_loss: 0.000000021287  time_per_window : 0.001138   progress : 0.874
name: models.architecture.block_type=simple
models.architecture.mamba_type=mamba
training.mode=rollout    avg_loss: 0.000000020402  time_per_window : 0.001164   progress : 0.885
name: models.architecture.block_type=simple
models.architecture.mamba_type=mamba
training.mode=rollout    avg_loss: 0.000000019731  time_per_window : 0.001137   progress : 0.896
name: models.architecture.block_type=simple
models.architecture.mamba_type=mamba
training.mode=rollout    avg_loss: 0.000000019452  time_per_window : 0.001151   progress : 0.907
name: models.architecture.block_type=simple
models.architecture.mamba_type=mamba
training.mode=rollout    avg_loss: 0.000000019921  time_per_window : 0.001149   progress : 0.917
name: models.architecture.block_type=simple
models.architecture.mamba_type=mamba
training.mode=rollout    avg_loss: 0.000000020718  time_per_window : 0.001145   progress : 0.928
name: models.architecture.block_type=simple
models.architecture.mamba_type=mamba
training.mode=rollout    avg_loss: 0.000000020316  time_per_window : 0.001124   progress : 0.939
name: models.architecture.block_type=simple
models.architecture.mamba_type=mamba
training.mode=rollout    avg_loss: 0.000000019357  time_per_window : 0.001127   progress : 0.950
name: models.architecture.block_type=simple
models.architecture.mamba_type=mamba
training.mode=rollout    avg_loss: 0.000000019284  time_per_window : 0.001138   progress : 0.961
name: models.architecture.block_type=simple
models.architecture.mamba_type=mamba
training.mode=rollout    avg_loss: 0.000000020216  time_per_window : 0.001149   progress : 0.972
name: models.architecture.block_type=simple
models.architecture.mamba_type=mamba
training.mode=rollout    avg_loss: 0.000000019340  time_per_window : 0.001110   progress : 0.983
name: models.architecture.block_type=simple
models.architecture.mamba_type=mamba
training.mode=rollout    avg_loss: 0.000000020385  time_per_window : 0.001132   progress : 0.994
name: models.architecture.block_type=simple
models.architecture.mamba_type=mamba
training.mode=rollout    avg_loss: 0.000000026821  time_per_window : 0.001242   progress : 0.011
name: models.architecture.block_type=simple
models.architecture.mamba_type=mamba
training.mode=rollout    avg_loss: 0.000000018637  time_per_window : 0.001189   progress : 0.022
name: models.architecture.block_type=simple
models.architecture.mamba_type=mamba
training.mode=rollout    avg_loss: 0.000000021034  time_per_window : 0.001175   progress : 0.033
name: models.architecture.block_type=simple
models.architecture.mamba_type=mamba
training.mode=rollout    avg_loss: 0.000000019426  time_per_window : 0.001206   progress : 0.044
name: models.architecture.block_type=simple
models.architecture.mamba_type=mamba
training.mode=rollout    avg_loss: 0.000000019432  time_per_window : 0.001218   progress : 0.055
name: models.architecture.block_type=simple
models.architecture.mamba_type=mamba
training.mode=rollout    avg_loss: 0.000000023264  time_per_window : 0.001227   progress : 0.066
name: models.architecture.block_type=simple
models.architecture.mamba_type=mamba
training.mode=rollout    avg_loss: 0.000000017583  time_per_window : 0.001339   progress : 0.076
name: models.architecture.block_type=simple
models.architecture.mamba_type=mamba
training.mode=rollout    avg_loss: 0.000000019217  time_per_window : 0.001195   progress : 0.087
name: models.architecture.block_type=simple
models.architecture.mamba_type=mamba
training.mode=rollout    avg_loss: 0.000000018812  time_per_window : 0.001249   progress : 0.098
name: models.architecture.block_type=simple
models.architecture.mamba_type=mamba
training.mode=rollout    avg_loss: 0.000000017348  time_per_window : 0.001251   progress : 0.109
name: models.architecture.block_type=simple
models.architecture.mamba_type=mamba
training.mode=rollout    avg_loss: 0.000000019683  time_per_window : 0.001212   progress : 0.120
name: models.architecture.block_type=simple
models.architecture.mamba_type=mamba
training.mode=rollout    avg_loss: 0.000000018091  time_per_window : 0.001209   progress : 0.131
name: models.architecture.block_type=simple
models.architecture.mamba_type=mamba
training.mode=rollout    avg_loss: 0.000000018099  time_per_window : 0.001230   progress : 0.142
name: models.architecture.block_type=simple
models.architecture.mamba_type=mamba
training.mode=rollout    avg_loss: 0.000000018380  time_per_window : 0.001231   progress : 0.153
name: models.architecture.block_type=simple
models.architecture.mamba_type=mamba
training.mode=rollout    avg_loss: 0.000000018349  time_per_window : 0.001188   progress : 0.164
name: models.architecture.block_type=simple
models.architecture.mamba_type=mamba
training.mode=rollout    avg_loss: 0.000000018363  time_per_window : 0.001224   progress : 0.175
name: models.architecture.block_type=simple
models.architecture.mamba_type=mamba
training.mode=rollout    avg_loss: 0.000000017677  time_per_window : 0.001209   progress : 0.186
name: models.architecture.block_type=simple
models.architecture.mamba_type=mamba
training.mode=rollout    avg_loss: 0.000000018279  time_per_window : 0.001263   progress : 0.197
name: models.architecture.block_type=simple
models.architecture.mamba_type=mamba
training.mode=rollout    avg_loss: 0.000000017344  time_per_window : 0.001273   progress : 0.208
name: models.architecture.block_type=simple
models.architecture.mamba_type=mamba
training.mode=rollout    avg_loss: 0.000000017379  time_per_window : 0.001214   progress : 0.218
name: models.architecture.block_type=simple
models.architecture.mamba_type=mamba
training.mode=rollout    avg_loss: 0.000000018172  time_per_window : 0.001221   progress : 0.229
name: models.architecture.block_type=simple
models.architecture.mamba_type=mamba
training.mode=rollout    avg_loss: 0.000000017807  time_per_window : 0.001182   progress : 0.240
name: models.architecture.block_type=simple
models.architecture.mamba_type=mamba
training.mode=rollout    avg_loss: 0.000000018447  time_per_window : 0.001195   progress : 0.251
name: models.architecture.block_type=simple
models.architecture.mamba_type=mamba
training.mode=rollout    avg_loss: 0.000000016740  time_per_window : 0.001203   progress : 0.262
name: models.architecture.block_type=simple
models.architecture.mamba_type=mamba
training.mode=rollout    avg_loss: 0.000000017849  time_per_window : 0.001187   progress : 0.273
name: models.architecture.block_type=simple
models.architecture.mamba_type=mamba
training.mode=rollout    avg_loss: 0.000000016961  time_per_window : 0.001213   progress : 0.284
name: models.architecture.block_type=simple
models.architecture.mamba_type=mamba
training.mode=rollout    avg_loss: 0.000000017657  time_per_window : 0.001196   progress : 0.295
name: models.architecture.block_type=simple
models.architecture.mamba_type=mamba
training.mode=rollout    avg_loss: 0.000000016257  time_per_window : 0.001206   progress : 0.306
name: models.architecture.block_type=simple
models.architecture.mamba_type=mamba
training.mode=rollout    avg_loss: 0.000000017158  time_per_window : 0.001267   progress : 0.317
name: models.architecture.block_type=simple
models.architecture.mamba_type=mamba
training.mode=rollout    avg_loss: 0.000000017422  time_per_window : 0.001192   progress : 0.328
name: models.architecture.block_type=simple
models.architecture.mamba_type=mamba
training.mode=rollout    avg_loss: 0.000000017966  time_per_window : 0.001237   progress : 0.339
name: models.architecture.block_type=simple
models.architecture.mamba_type=mamba
training.mode=rollout    avg_loss: 0.000000016785  time_per_window : 0.001208   progress : 0.350
name: models.architecture.block_type=simple
models.architecture.mamba_type=mamba
training.mode=rollout    avg_loss: 0.000000016922  time_per_window : 0.001176   progress : 0.360
name: models.architecture.block_type=simple
models.architecture.mamba_type=mamba
training.mode=rollout    avg_loss: 0.000000017357  time_per_window : 0.001247   progress : 0.371
name: models.architecture.block_type=simple
models.architecture.mamba_type=mamba
training.mode=rollout    avg_loss: 0.000000017342  time_per_window : 0.001299   progress : 0.382
name: models.architecture.block_type=simple
models.architecture.mamba_type=mamba
training.mode=rollout    avg_loss: 0.000000016394  time_per_window : 0.001344   progress : 0.393
name: models.architecture.block_type=simple
models.architecture.mamba_type=mamba
training.mode=rollout    avg_loss: 0.000000016952  time_per_window : 0.001248   progress : 0.404
name: models.architecture.block_type=simple
models.architecture.mamba_type=mamba
training.mode=rollout    avg_loss: 0.000000016503  time_per_window : 0.001234   progress : 0.415
name: models.architecture.block_type=simple
models.architecture.mamba_type=mamba
training.mode=rollout    avg_loss: 0.000000016535  time_per_window : 0.001250   progress : 0.426
name: models.architecture.block_type=simple
models.architecture.mamba_type=mamba
training.mode=rollout    avg_loss: 0.000000016985  time_per_window : 0.001273   progress : 0.437
name: models.architecture.block_type=simple
models.architecture.mamba_type=mamba
training.mode=rollout    avg_loss: 0.000000016188  time_per_window : 0.001243   progress : 0.448
name: models.architecture.block_type=simple
models.architecture.mamba_type=mamba
training.mode=rollout    avg_loss: 0.000000016287  time_per_window : 0.001226   progress : 0.459
name: models.architecture.block_type=simple
models.architecture.mamba_type=mamba
training.mode=rollout    avg_loss: 0.000000015737  time_per_window : 0.001206   progress : 0.470
name: models.architecture.block_type=simple
models.architecture.mamba_type=mamba
training.mode=rollout    avg_loss: 0.000000016040  time_per_window : 0.001255   progress : 0.481
name: models.architecture.block_type=simple
models.architecture.mamba_type=mamba
training.mode=rollout    avg_loss: 0.000000016031  time_per_window : 0.001234   progress : 0.492
name: models.architecture.block_type=simple
models.architecture.mamba_type=mamba
training.mode=rollout    avg_loss: 0.000000016563  time_per_window : 0.001277   progress : 0.502
name: models.architecture.block_type=simple
models.architecture.mamba_type=mamba
training.mode=rollout    avg_loss: 0.000000016026  time_per_window : 0.001027   progress : 0.513
name: models.architecture.block_type=simple
models.architecture.mamba_type=mamba
training.mode=rollout    avg_loss: 0.000000015664  time_per_window : 0.001053   progress : 0.524
name: models.architecture.block_type=simple
models.architecture.mamba_type=mamba
training.mode=rollout    avg_loss: 0.000000015679  time_per_window : 0.000987   progress : 0.535
name: models.architecture.block_type=simple
models.architecture.mamba_type=mamba
training.mode=rollout    avg_loss: 0.000000015747  time_per_window : 0.001043   progress : 0.546
name: models.architecture.block_type=simple
models.architecture.mamba_type=mamba
training.mode=rollout    avg_loss: 0.000000016644  time_per_window : 0.000986   progress : 0.557
name: models.architecture.block_type=simple
models.architecture.mamba_type=mamba
training.mode=rollout    avg_loss: 0.000000015399  time_per_window : 0.001032   progress : 0.568
name: models.architecture.block_type=simple
models.architecture.mamba_type=mamba
training.mode=rollout    avg_loss: 0.000000016244  time_per_window : 0.000967   progress : 0.579
name: models.architecture.block_type=simple
models.architecture.mamba_type=mamba
training.mode=rollout    avg_loss: 0.000000016254  time_per_window : 0.001012   progress : 0.590
name: models.architecture.block_type=simple
models.architecture.mamba_type=mamba
training.mode=rollout    avg_loss: 0.000000015480  time_per_window : 0.001083   progress : 0.601
name: models.architecture.block_type=simple
models.architecture.mamba_type=mamba
training.mode=rollout    avg_loss: 0.000000015713  time_per_window : 0.001052   progress : 0.612
name: models.architecture.block_type=simple
models.architecture.mamba_type=mamba
training.mode=rollout    avg_loss: 0.000000014605  time_per_window : 0.000980   progress : 0.623
name: models.architecture.block_type=simple
models.architecture.mamba_type=mamba
training.mode=rollout    avg_loss: 0.000000015461  time_per_window : 0.001069   progress : 0.634
name: models.architecture.block_type=simple
models.architecture.mamba_type=mamba
training.mode=rollout    avg_loss: 0.000000015791  time_per_window : 0.001016   progress : 0.644
name: models.architecture.block_type=simple
models.architecture.mamba_type=mamba
training.mode=rollout    avg_loss: 0.000000015283  time_per_window : 0.001048   progress : 0.655
name: models.architecture.block_type=simple
models.architecture.mamba_type=mamba
training.mode=rollout    avg_loss: 0.000000015379  time_per_window : 0.000974   progress : 0.666
name: models.architecture.block_type=simple
models.architecture.mamba_type=mamba
training.mode=rollout    avg_loss: 0.000000014819  time_per_window : 0.001102   progress : 0.677
name: models.architecture.block_type=simple
models.architecture.mamba_type=mamba
training.mode=rollout    avg_loss: 0.000000015877  time_per_window : 0.001084   progress : 0.688
name: models.architecture.block_type=simple
models.architecture.mamba_type=mamba
training.mode=rollout    avg_loss: 0.000000015496  time_per_window : 0.001010   progress : 0.699
name: models.architecture.block_type=simple
models.architecture.mamba_type=mamba
training.mode=rollout    avg_loss: 0.000000015200  time_per_window : 0.001014   progress : 0.710
name: models.architecture.block_type=simple
models.architecture.mamba_type=mamba
training.mode=rollout    avg_loss: 0.000000015102  time_per_window : 0.001025   progress : 0.721
name: models.architecture.block_type=simple
models.architecture.mamba_type=mamba
training.mode=rollout    avg_loss: 0.000000015526  time_per_window : 0.001015   progress : 0.732
name: models.architecture.block_type=simple
models.architecture.mamba_type=mamba
training.mode=rollout    avg_loss: 0.000000014450  time_per_window : 0.001087   progress : 0.743
name: models.architecture.block_type=simple
models.architecture.mamba_type=mamba
training.mode=rollout    avg_loss: 0.000000015545  time_per_window : 0.000993   progress : 0.754
name: models.architecture.block_type=simple
models.architecture.mamba_type=mamba
training.mode=rollout    avg_loss: 0.000000015051  time_per_window : 0.000996   progress : 0.765
name: models.architecture.block_type=simple
models.architecture.mamba_type=mamba
training.mode=rollout    avg_loss: 0.000000014858  time_per_window : 0.001026   progress : 0.775
name: models.architecture.block_type=simple
models.architecture.mamba_type=mamba
training.mode=rollout    avg_loss: 0.000000014563  time_per_window : 0.000993   progress : 0.786
name: models.architecture.block_type=simple
models.architecture.mamba_type=mamba
training.mode=rollout    avg_loss: 0.000000015575  time_per_window : 0.001019   progress : 0.797
name: models.architecture.block_type=simple
models.architecture.mamba_type=mamba
training.mode=rollout    avg_loss: 0.000000014647  time_per_window : 0.000987   progress : 0.808
name: models.architecture.block_type=simple
models.architecture.mamba_type=mamba
training.mode=rollout    avg_loss: 0.000000014963  time_per_window : 0.000976   progress : 0.819
name: models.architecture.block_type=simple
models.architecture.mamba_type=mamba
training.mode=rollout    avg_loss: 0.000000015273  time_per_window : 0.001129   progress : 0.830
name: models.architecture.block_type=simple
models.architecture.mamba_type=mamba
training.mode=rollout    avg_loss: 0.000000014952  time_per_window : 0.000977   progress : 0.841
name: models.architecture.block_type=simple
models.architecture.mamba_type=mamba
training.mode=rollout    avg_loss: 0.000000014640  time_per_window : 0.000988   progress : 0.852
name: models.architecture.block_type=simple
models.architecture.mamba_type=mamba
training.mode=rollout    avg_loss: 0.000000014779  time_per_window : 0.000982   progress : 0.863
name: models.architecture.block_type=simple
models.architecture.mamba_type=mamba
training.mode=rollout    avg_loss: 0.000000015120  time_per_window : 0.001010   progress : 0.874
name: models.architecture.block_type=simple
models.architecture.mamba_type=mamba
training.mode=rollout    avg_loss: 0.000000015201  time_per_window : 0.000995   progress : 0.885
name: models.architecture.block_type=simple
models.architecture.mamba_type=mamba
training.mode=rollout    avg_loss: 0.000000015030  time_per_window : 0.001034   progress : 0.896
name: models.architecture.block_type=simple
models.architecture.mamba_type=mamba
training.mode=rollout    avg_loss: 0.000000014348  time_per_window : 0.001003   progress : 0.907
name: models.architecture.block_type=simple
models.architecture.mamba_type=mamba
training.mode=rollout    avg_loss: 0.000000015003  time_per_window : 0.000967   progress : 0.917
name: models.architecture.block_type=simple
models.architecture.mamba_type=mamba
training.mode=rollout    avg_loss: 0.000000015030  time_per_window : 0.001060   progress : 0.928
name: models.architecture.block_type=simple
models.architecture.mamba_type=mamba
training.mode=rollout    avg_loss: 0.000000014487  time_per_window : 0.001091   progress : 0.939
name: models.architecture.block_type=simple
models.architecture.mamba_type=mamba
training.mode=rollout    avg_loss: 0.000000014279  time_per_window : 0.000980   progress : 0.950
name: models.architecture.block_type=simple
models.architecture.mamba_type=mamba
training.mode=rollout    avg_loss: 0.000000014495  time_per_window : 0.001023   progress : 0.961
name: models.architecture.block_type=simple
models.architecture.mamba_type=mamba
training.mode=rollout    avg_loss: 0.000000015747  time_per_window : 0.001022   progress : 0.972
name: models.architecture.block_type=simple
models.architecture.mamba_type=mamba
training.mode=rollout    avg_loss: 0.000000014656  time_per_window : 0.001090   progress : 0.983
name: models.architecture.block_type=simple
models.architecture.mamba_type=mamba
training.mode=rollout    avg_loss: 0.000000014963  time_per_window : 0.001047   progress : 0.994
name: models.architecture.block_type=simple
models.architecture.mamba_type=mamba
training.mode=rollout    avg_loss: 0.000001228755  time_per_window : 0.001007   progress : 0.011
name: models.architecture.block_type=simple
models.architecture.mamba_type=mamba
training.mode=rollout    avg_loss: 0.000000253458  time_per_window : 0.001011   progress : 0.022
name: models.architecture.block_type=simple
models.architecture.mamba_type=mamba
training.mode=rollout    avg_loss: 0.000000245332  time_per_window : 0.001020   progress : 0.033
name: models.architecture.block_type=simple
models.architecture.mamba_type=mamba
training.mode=rollout    avg_loss: 0.000000150386  time_per_window : 0.001096   progress : 0.044
name: models.architecture.block_type=simple
models.architecture.mamba_type=mamba
training.mode=rollout    avg_loss: 0.000000060511  time_per_window : 0.001042   progress : 0.055
name: models.architecture.block_type=simple
models.architecture.mamba_type=mamba
training.mode=rollout    avg_loss: 0.000000048091  time_per_window : 0.000975   progress : 0.066
name: models.architecture.block_type=simple
models.architecture.mamba_type=mamba
training.mode=rollout    avg_loss: 0.000000042251  time_per_window : 0.001091   progress : 0.076
name: models.architecture.block_type=simple
models.architecture.mamba_type=mamba
training.mode=rollout    avg_loss: 0.000000041019  time_per_window : 0.001040   progress : 0.087
name: models.architecture.block_type=simple
models.architecture.mamba_type=mamba
training.mode=rollout    avg_loss: 0.000000038216  time_per_window : 0.001013   progress : 0.098
name: models.architecture.block_type=simple
models.architecture.mamba_type=mamba
training.mode=rollout    avg_loss: 0.000000037118  time_per_window : 0.001048   progress : 0.109
name: models.architecture.block_type=simple
models.architecture.mamba_type=mamba
training.mode=rollout    avg_loss: 0.000000042202  time_per_window : 0.000969   progress : 0.120
name: models.architecture.block_type=simple
models.architecture.mamba_type=mamba
training.mode=rollout    avg_loss: 0.000000038555  time_per_window : 0.000982   progress : 0.131
name: models.architecture.block_type=simple
models.architecture.mamba_type=mamba
training.mode=rollout    avg_loss: 0.000000039322  time_per_window : 0.001006   progress : 0.142
name: models.architecture.block_type=simple
models.architecture.mamba_type=mamba
training.mode=rollout    avg_loss: 0.000000036060  time_per_window : 0.001022   progress : 0.153
name: models.architecture.block_type=simple
models.architecture.mamba_type=mamba
training.mode=rollout    avg_loss: 0.000000037085  time_per_window : 0.001009   progress : 0.164
name: models.architecture.block_type=simple
models.architecture.mamba_type=mamba
training.mode=rollout    avg_loss: 0.000000033350  time_per_window : 0.001035   progress : 0.175
name: models.architecture.block_type=simple
models.architecture.mamba_type=mamba
training.mode=rollout    avg_loss: 0.000000037827  time_per_window : 0.000996   progress : 0.186
name: models.architecture.block_type=simple
models.architecture.mamba_type=mamba
training.mode=rollout    avg_loss: 0.000000039495  time_per_window : 0.001013   progress : 0.197
name: models.architecture.block_type=simple
models.architecture.mamba_type=mamba
training.mode=rollout    avg_loss: 0.000000032770  time_per_window : 0.001044   progress : 0.208
name: models.architecture.block_type=simple
models.architecture.mamba_type=mamba
training.mode=rollout    avg_loss: 0.000000033240  time_per_window : 0.001014   progress : 0.218
name: models.architecture.block_type=simple
models.architecture.mamba_type=mamba
training.mode=rollout    avg_loss: 0.000000034727  time_per_window : 0.001057   progress : 0.229
name: models.architecture.block_type=simple
models.architecture.mamba_type=mamba
training.mode=rollout    avg_loss: 0.000000042398  time_per_window : 0.001015   progress : 0.240
name: models.architecture.block_type=simple
models.architecture.mamba_type=mamba
training.mode=rollout    avg_loss: 0.000000036415  time_per_window : 0.001011   progress : 0.251
name: models.architecture.block_type=simple
models.architecture.mamba_type=mamba
training.mode=rollout    avg_loss: 0.000000032476  time_per_window : 0.001020   progress : 0.262
name: models.architecture.block_type=simple
models.architecture.mamba_type=mamba
training.mode=rollout    avg_loss: 0.000000035845  time_per_window : 0.001000   progress : 0.273
name: models.architecture.block_type=simple
models.architecture.mamba_type=mamba
training.mode=rollout    avg_loss: 0.000000034133  time_per_window : 0.001044   progress : 0.284
name: models.architecture.block_type=simple
models.architecture.mamba_type=mamba
training.mode=rollout    avg_loss: 0.000000031241  time_per_window : 0.001065   progress : 0.295
name: models.architecture.block_type=simple
models.architecture.mamba_type=mamba
training.mode=rollout    avg_loss: 0.000000033640  time_per_window : 0.000987   progress : 0.306
name: models.architecture.block_type=simple
models.architecture.mamba_type=mamba
training.mode=rollout    avg_loss: 0.000000031004  time_per_window : 0.001007   progress : 0.317
name: models.architecture.block_type=simple
models.architecture.mamba_type=mamba
training.mode=rollout    avg_loss: 0.000000030853  time_per_window : 0.001083   progress : 0.328
name: models.architecture.block_type=simple
models.architecture.mamba_type=mamba
training.mode=rollout    avg_loss: 0.000000033639  time_per_window : 0.001024   progress : 0.339
name: models.architecture.block_type=simple
models.architecture.mamba_type=mamba
training.mode=rollout    avg_loss: 0.000000034044  time_per_window : 0.001018   progress : 0.350
name: models.architecture.block_type=simple
models.architecture.mamba_type=mamba
training.mode=rollout    avg_loss: 0.000000030362  time_per_window : 0.000990   progress : 0.360
name: models.architecture.block_type=simple
models.architecture.mamba_type=mamba
training.mode=rollout    avg_loss: 0.000000034716  time_per_window : 0.001087   progress : 0.371
name: models.architecture.block_type=simple
models.architecture.mamba_type=mamba
training.mode=rollout    avg_loss: 0.000000033875  time_per_window : 0.001030   progress : 0.382
name: models.architecture.block_type=simple
models.architecture.mamba_type=mamba
training.mode=rollout    avg_loss: 0.000000037904  time_per_window : 0.001017   progress : 0.393
name: models.architecture.block_type=simple
models.architecture.mamba_type=mamba
training.mode=rollout    avg_loss: 0.000000033941  time_per_window : 0.000973   progress : 0.404
name: models.architecture.block_type=simple
models.architecture.mamba_type=mamba
training.mode=rollout    avg_loss: 0.000000032105  time_per_window : 0.001015   progress : 0.415
name: models.architecture.block_type=simple
models.architecture.mamba_type=mamba
training.mode=rollout    avg_loss: 0.000000032156  time_per_window : 0.001066   progress : 0.426
name: models.architecture.block_type=simple
models.architecture.mamba_type=mamba
training.mode=rollout    avg_loss: 0.000000035131  time_per_window : 0.001043   progress : 0.437
name: models.architecture.block_type=simple
models.architecture.mamba_type=mamba
training.mode=rollout    avg_loss: 0.000000029296  time_per_window : 0.000957   progress : 0.448
name: models.architecture.block_type=simple
models.architecture.mamba_type=mamba
training.mode=rollout    avg_loss: 0.000000029192  time_per_window : 0.001028   progress : 0.459
name: models.architecture.block_type=simple
models.architecture.mamba_type=mamba
training.mode=rollout    avg_loss: 0.000000032089  time_per_window : 0.001057   progress : 0.470
name: models.architecture.block_type=simple
models.architecture.mamba_type=mamba
training.mode=rollout    avg_loss: 0.000000035049  time_per_window : 0.001037   progress : 0.481
name: models.architecture.block_type=simple
models.architecture.mamba_type=mamba
training.mode=rollout    avg_loss: 0.000000031361  time_per_window : 0.001016   progress : 0.492
name: models.architecture.block_type=simple
models.architecture.mamba_type=mamba
training.mode=rollout    avg_loss: 0.000000030696  time_per_window : 0.000969   progress : 0.502
name: models.architecture.block_type=simple
models.architecture.mamba_type=mamba
training.mode=rollout    avg_loss: 0.000000031535  time_per_window : 0.001033   progress : 0.513
name: models.architecture.block_type=simple
models.architecture.mamba_type=mamba
training.mode=rollout    avg_loss: 0.000000031678  time_per_window : 0.001009   progress : 0.524
name: models.architecture.block_type=simple
models.architecture.mamba_type=mamba
training.mode=rollout    avg_loss: 0.000000033742  time_per_window : 0.000974   progress : 0.535
name: models.architecture.block_type=simple
models.architecture.mamba_type=mamba
training.mode=rollout    avg_loss: 0.000000031117  time_per_window : 0.001085   progress : 0.546
name: models.architecture.block_type=simple
models.architecture.mamba_type=mamba
training.mode=rollout    avg_loss: 0.000000029658  time_per_window : 0.000995   progress : 0.557
name: models.architecture.block_type=simple
models.architecture.mamba_type=mamba
training.mode=rollout    avg_loss: 0.000000031907  time_per_window : 0.000993   progress : 0.568
name: models.architecture.block_type=simple
models.architecture.mamba_type=mamba
training.mode=rollout    avg_loss: 0.000000030712  time_per_window : 0.001112   progress : 0.579
name: models.architecture.block_type=simple
models.architecture.mamba_type=mamba
training.mode=rollout    avg_loss: 0.000000031570  time_per_window : 0.001080   progress : 0.590
name: models.architecture.block_type=simple
models.architecture.mamba_type=mamba
training.mode=rollout    avg_loss: 0.000000028902  time_per_window : 0.001090   progress : 0.601
name: models.architecture.block_type=simple
models.architecture.mamba_type=mamba
training.mode=rollout    avg_loss: 0.000000030240  time_per_window : 0.001000   progress : 0.612
name: models.architecture.block_type=simple
models.architecture.mamba_type=mamba
training.mode=rollout    avg_loss: 0.000000033619  time_per_window : 0.000960   progress : 0.623
name: models.architecture.block_type=simple
models.architecture.mamba_type=mamba
training.mode=rollout    avg_loss: 0.000000031197  time_per_window : 0.001005   progress : 0.634
name: models.architecture.block_type=simple
models.architecture.mamba_type=mamba
training.mode=rollout    avg_loss: 0.000000029333  time_per_window : 0.001025   progress : 0.644
name: models.architecture.block_type=simple
models.architecture.mamba_type=mamba
training.mode=rollout    avg_loss: 0.000000030058  time_per_window : 0.000988   progress : 0.655
name: models.architecture.block_type=simple
models.architecture.mamba_type=mamba
training.mode=rollout    avg_loss: 0.000000028203  time_per_window : 0.001117   progress : 0.666
name: models.architecture.block_type=simple
models.architecture.mamba_type=mamba
training.mode=rollout    avg_loss: 0.000000030669  time_per_window : 0.001048   progress : 0.677
name: models.architecture.block_type=simple
models.architecture.mamba_type=mamba
training.mode=rollout    avg_loss: 0.000000032113  time_per_window : 0.000978   progress : 0.688
name: models.architecture.block_type=simple
models.architecture.mamba_type=mamba
training.mode=rollout    avg_loss: 0.000000028743  time_per_window : 0.000992   progress : 0.699
name: models.architecture.block_type=simple
models.architecture.mamba_type=mamba
training.mode=rollout    avg_loss: 0.000000028619  time_per_window : 0.001060   progress : 0.710
name: models.architecture.block_type=simple
models.architecture.mamba_type=mamba
training.mode=rollout    avg_loss: 0.000000030502  time_per_window : 0.001066   progress : 0.721
name: models.architecture.block_type=simple
models.architecture.mamba_type=mamba
training.mode=rollout    avg_loss: 0.000000028951  time_per_window : 0.001016   progress : 0.732
name: models.architecture.block_type=simple
models.architecture.mamba_type=mamba
training.mode=rollout    avg_loss: 0.000000031822  time_per_window : 0.000965   progress : 0.743
name: models.architecture.block_type=simple
models.architecture.mamba_type=mamba
training.mode=rollout    avg_loss: 0.000000030017  time_per_window : 0.000991   progress : 0.754
name: models.architecture.block_type=simple
models.architecture.mamba_type=mamba
training.mode=rollout    avg_loss: 0.000000027324  time_per_window : 0.001064   progress : 0.765
name: models.architecture.block_type=simple
models.architecture.mamba_type=mamba
training.mode=rollout    avg_loss: 0.000000029827  time_per_window : 0.000967   progress : 0.775
name: models.architecture.block_type=simple
models.architecture.mamba_type=mamba
training.mode=rollout    avg_loss: 0.000000031083  time_per_window : 0.000972   progress : 0.786
name: models.architecture.block_type=simple
models.architecture.mamba_type=mamba
training.mode=rollout    avg_loss: 0.000000029558  time_per_window : 0.001005   progress : 0.797
name: models.architecture.block_type=simple
models.architecture.mamba_type=mamba
training.mode=rollout    avg_loss: 0.000000028549  time_per_window : 0.000987   progress : 0.808
name: models.architecture.block_type=simple
models.architecture.mamba_type=mamba
training.mode=rollout    avg_loss: 0.000000029785  time_per_window : 0.000987   progress : 0.819
name: models.architecture.block_type=simple
models.architecture.mamba_type=mamba
training.mode=rollout    avg_loss: 0.000000029225  time_per_window : 0.001064   progress : 0.830
name: models.architecture.block_type=simple
models.architecture.mamba_type=mamba
training.mode=rollout    avg_loss: 0.000000034062  time_per_window : 0.001029   progress : 0.841
name: models.architecture.block_type=simple
models.architecture.mamba_type=mamba
training.mode=rollout    avg_loss: 0.000000029950  time_per_window : 0.000995   progress : 0.852
name: models.architecture.block_type=simple
models.architecture.mamba_type=mamba
training.mode=rollout    avg_loss: 0.000000030858  time_per_window : 0.000972   progress : 0.863
name: models.architecture.block_type=simple
models.architecture.mamba_type=mamba
training.mode=rollout    avg_loss: 0.000000028496  time_per_window : 0.000980   progress : 0.874
name: models.architecture.block_type=simple
models.architecture.mamba_type=mamba
training.mode=rollout    avg_loss: 0.000000031056  time_per_window : 0.000987   progress : 0.885
name: models.architecture.block_type=simple
models.architecture.mamba_type=mamba
training.mode=rollout    avg_loss: 0.000000028694  time_per_window : 0.000998   progress : 0.896
name: models.architecture.block_type=simple
models.architecture.mamba_type=mamba
training.mode=rollout    avg_loss: 0.000000029326  time_per_window : 0.001083   progress : 0.907
name: models.architecture.block_type=simple
models.architecture.mamba_type=mamba
training.mode=rollout    avg_loss: 0.000000028571  time_per_window : 0.000993   progress : 0.917
name: models.architecture.block_type=simple
models.architecture.mamba_type=mamba
training.mode=rollout    avg_loss: 0.000000027992  time_per_window : 0.001069   progress : 0.928
name: models.architecture.block_type=simple
models.architecture.mamba_type=mamba
training.mode=rollout    avg_loss: 0.000000027190  time_per_window : 0.001142   progress : 0.939
name: models.architecture.block_type=simple
models.architecture.mamba_type=mamba
training.mode=rollout    avg_loss: 0.000000027950  time_per_window : 0.001012   progress : 0.950
name: models.architecture.block_type=simple
models.architecture.mamba_type=mamba
training.mode=rollout    avg_loss: 0.000000027897  time_per_window : 0.001036   progress : 0.961
name: models.architecture.block_type=simple
models.architecture.mamba_type=mamba
training.mode=rollout    avg_loss: 0.000000029121  time_per_window : 0.001038   progress : 0.972
name: models.architecture.block_type=simple
models.architecture.mamba_type=mamba
training.mode=rollout    avg_loss: 0.000000028986  time_per_window : 0.001119   progress : 0.983
name: models.architecture.block_type=simple
models.architecture.mamba_type=mamba
training.mode=rollout    avg_loss: 0.000000028347  time_per_window : 0.001020   progress : 0.994
name: models.architecture.block_type=simple
models.architecture.mamba_type=mamba
training.mode=rollout    avg_loss: 0.000027051043  time_per_window : 0.001039   progress : 0.011
name: models.architecture.block_type=simple
models.architecture.mamba_type=mamba
training.mode=rollout    avg_loss: 0.000002872496  time_per_window : 0.001008   progress : 0.022
name: models.architecture.block_type=simple
models.architecture.mamba_type=mamba
training.mode=rollout    avg_loss: 0.000000846272  time_per_window : 0.001105   progress : 0.033
name: models.architecture.block_type=simple
models.architecture.mamba_type=mamba
training.mode=rollout    avg_loss: 0.000000522190  time_per_window : 0.001050   progress : 0.044
name: models.architecture.block_type=simple
models.architecture.mamba_type=mamba
training.mode=rollout    avg_loss: 0.000000431919  time_per_window : 0.001038   progress : 0.055
name: models.architecture.block_type=simple
models.architecture.mamba_type=mamba
training.mode=rollout    avg_loss: 0.000000445952  time_per_window : 0.000993   progress : 0.066
name: models.architecture.block_type=simple
models.architecture.mamba_type=mamba
training.mode=rollout    avg_loss: 0.000000439580  time_per_window : 0.001058   progress : 0.076
name: models.architecture.block_type=simple
models.architecture.mamba_type=mamba
training.mode=rollout    avg_loss: 0.000000399200  time_per_window : 0.001059   progress : 0.087
name: models.architecture.block_type=simple
models.architecture.mamba_type=mamba
training.mode=rollout    avg_loss: 0.000000369801  time_per_window : 0.001048   progress : 0.098
name: models.architecture.block_type=simple
models.architecture.mamba_type=mamba
training.mode=rollout    avg_loss: 0.000000308415  time_per_window : 0.001012   progress : 0.109
name: models.architecture.block_type=simple
models.architecture.mamba_type=mamba
training.mode=rollout    avg_loss: 0.000000320805  time_per_window : 0.000971   progress : 0.120
name: models.architecture.block_type=simple
models.architecture.mamba_type=mamba
training.mode=rollout    avg_loss: 0.000000272570  time_per_window : 0.000983   progress : 0.131
name: models.architecture.block_type=simple
models.architecture.mamba_type=mamba
training.mode=rollout    avg_loss: 0.000000272012  time_per_window : 0.000998   progress : 0.142
name: models.architecture.block_type=simple
models.architecture.mamba_type=mamba
training.mode=rollout    avg_loss: 0.000000314127  time_per_window : 0.001066   progress : 0.153
name: models.architecture.block_type=simple
models.architecture.mamba_type=mamba
training.mode=rollout    avg_loss: 0.000000281398  time_per_window : 0.001032   progress : 0.164
name: models.architecture.block_type=simple
models.architecture.mamba_type=mamba
training.mode=rollout    avg_loss: 0.000000366408  time_per_window : 0.001066   progress : 0.175
name: models.architecture.block_type=simple
models.architecture.mamba_type=mamba
training.mode=rollout    avg_loss: 0.000000264028  time_per_window : 0.001026   progress : 0.186
name: models.architecture.block_type=simple
models.architecture.mamba_type=mamba
training.mode=rollout    avg_loss: 0.000000330446  time_per_window : 0.001058   progress : 0.197
name: models.architecture.block_type=simple
models.architecture.mamba_type=mamba
training.mode=rollout    avg_loss: 0.000000280043  time_per_window : 0.001004   progress : 0.208
name: models.architecture.block_type=simple
models.architecture.mamba_type=mamba
training.mode=rollout    avg_loss: 0.000000258844  time_per_window : 0.001033   progress : 0.218
name: models.architecture.block_type=simple
models.architecture.mamba_type=mamba
training.mode=rollout    avg_loss: 0.000000305644  time_per_window : 0.001055   progress : 0.229
name: models.architecture.block_type=simple
models.architecture.mamba_type=mamba
training.mode=rollout    avg_loss: 0.000000341081  time_per_window : 0.000950   progress : 0.240
name: models.architecture.block_type=simple
models.architecture.mamba_type=mamba
training.mode=rollout    avg_loss: 0.000000307668  time_per_window : 0.001050   progress : 0.251
name: models.architecture.block_type=simple
models.architecture.mamba_type=mamba
training.mode=rollout    avg_loss: 0.000000281698  time_per_window : 0.000995   progress : 0.262
name: models.architecture.block_type=simple
models.architecture.mamba_type=mamba
training.mode=rollout    avg_loss: 0.000000231128  time_per_window : 0.001024   progress : 0.273
name: models.architecture.block_type=simple
models.architecture.mamba_type=mamba
training.mode=rollout    avg_loss: 0.000000327577  time_per_window : 0.001080   progress : 0.284
name: models.architecture.block_type=simple
models.architecture.mamba_type=mamba
training.mode=rollout    avg_loss: 0.000000322460  time_per_window : 0.001191   progress : 0.295
name: models.architecture.block_type=simple
models.architecture.mamba_type=mamba
training.mode=rollout    avg_loss: 0.000000312464  time_per_window : 0.001076   progress : 0.306
name: models.architecture.block_type=simple
models.architecture.mamba_type=mamba
training.mode=rollout    avg_loss: 0.000000265064  time_per_window : 0.001080   progress : 0.317
name: models.architecture.block_type=simple
models.architecture.mamba_type=mamba
training.mode=rollout    avg_loss: 0.000000271806  time_per_window : 0.000996   progress : 0.328
name: models.architecture.block_type=simple
models.architecture.mamba_type=mamba
training.mode=rollout    avg_loss: 0.000000305706  time_per_window : 0.001019   progress : 0.339
name: models.architecture.block_type=simple
models.architecture.mamba_type=mamba
training.mode=rollout    avg_loss: 0.000000331997  time_per_window : 0.001017   progress : 0.350
name: models.architecture.block_type=simple
models.architecture.mamba_type=mamba
training.mode=rollout    avg_loss: 0.000000302001  time_per_window : 0.000994   progress : 0.360
name: models.architecture.block_type=simple
models.architecture.mamba_type=mamba
training.mode=rollout    avg_loss: 0.000000260790  time_per_window : 0.001011   progress : 0.371
name: models.architecture.block_type=simple
models.architecture.mamba_type=mamba
training.mode=rollout    avg_loss: 0.000000287050  time_per_window : 0.000965   progress : 0.382
name: models.architecture.block_type=simple
models.architecture.mamba_type=mamba
training.mode=rollout    avg_loss: 0.000000287749  time_per_window : 0.000995   progress : 0.393
name: models.architecture.block_type=simple
models.architecture.mamba_type=mamba
training.mode=rollout    avg_loss: 0.000000284939  time_per_window : 0.001011   progress : 0.404
name: models.architecture.block_type=simple
models.architecture.mamba_type=mamba
training.mode=rollout    avg_loss: 0.000000300132  time_per_window : 0.001152   progress : 0.415
name: models.architecture.block_type=simple
models.architecture.mamba_type=mamba
training.mode=rollout    avg_loss: 0.000000296851  time_per_window : 0.001045   progress : 0.426
name: models.architecture.block_type=simple
models.architecture.mamba_type=mamba
training.mode=rollout    avg_loss: 0.000000257717  time_per_window : 0.001008   progress : 0.437
name: models.architecture.block_type=simple
models.architecture.mamba_type=mamba
training.mode=rollout    avg_loss: 0.000000360133  time_per_window : 0.001006   progress : 0.448
name: models.architecture.block_type=simple
models.architecture.mamba_type=mamba
training.mode=rollout    avg_loss: 0.000000267434  time_per_window : 0.001104   progress : 0.459
name: models.architecture.block_type=simple
models.architecture.mamba_type=mamba
training.mode=rollout    avg_loss: 0.000000283596  time_per_window : 0.001051   progress : 0.470
name: models.architecture.block_type=simple
models.architecture.mamba_type=mamba
training.mode=rollout    avg_loss: 0.000000256372  time_per_window : 0.001018   progress : 0.481
name: models.architecture.block_type=simple
models.architecture.mamba_type=mamba
training.mode=rollout    avg_loss: 0.000000271937  time_per_window : 0.000997   progress : 0.492
name: models.architecture.block_type=simple
models.architecture.mamba_type=mamba
training.mode=rollout    avg_loss: 0.000000256316  time_per_window : 0.001087   progress : 0.502
name: models.architecture.block_type=simple
models.architecture.mamba_type=mamba
training.mode=rollout    avg_loss: 0.000000298986  time_per_window : 0.001014   progress : 0.513
name: models.architecture.block_type=simple
models.architecture.mamba_type=mamba
training.mode=rollout    avg_loss: 0.000000381951  time_per_window : 0.001104   progress : 0.524
name: models.architecture.block_type=simple
models.architecture.mamba_type=mamba
training.mode=rollout    avg_loss: 0.000000318026  time_per_window : 0.000990   progress : 0.535
name: models.architecture.block_type=simple
models.architecture.mamba_type=mamba
training.mode=rollout    avg_loss: 0.000000231983  time_per_window : 0.001107   progress : 0.546
name: models.architecture.block_type=simple
models.architecture.mamba_type=mamba
training.mode=rollout    avg_loss: 0.000000241780  time_per_window : 0.001069   progress : 0.557
name: models.architecture.block_type=simple
models.architecture.mamba_type=mamba
training.mode=rollout    avg_loss: 0.000000248473  time_per_window : 0.001040   progress : 0.568
name: models.architecture.block_type=simple
models.architecture.mamba_type=mamba
training.mode=rollout    avg_loss: 0.000000273921  time_per_window : 0.001005   progress : 0.579
name: models.architecture.block_type=simple
models.architecture.mamba_type=mamba
training.mode=rollout    avg_loss: 0.000000278338  time_per_window : 0.000968   progress : 0.590
name: models.architecture.block_type=simple
models.architecture.mamba_type=mamba
training.mode=rollout    avg_loss: 0.000000239291  time_per_window : 0.001016   progress : 0.601
name: models.architecture.block_type=simple
models.architecture.mamba_type=mamba
training.mode=rollout    avg_loss: 0.000000250323  time_per_window : 0.001009   progress : 0.612
name: models.architecture.block_type=simple
models.architecture.mamba_type=mamba
training.mode=rollout    avg_loss: 0.000000261997  time_per_window : 0.001023   progress : 0.623
name: models.architecture.block_type=simple
models.architecture.mamba_type=mamba
training.mode=rollout    avg_loss: 0.000000245655  time_per_window : 0.001069   progress : 0.634
name: models.architecture.block_type=simple
models.architecture.mamba_type=mamba
training.mode=rollout    avg_loss: 0.000000260365  time_per_window : 0.001004   progress : 0.644
name: models.architecture.block_type=simple
models.architecture.mamba_type=mamba
training.mode=rollout    avg_loss: 0.000000252237  time_per_window : 0.000991   progress : 0.655
name: models.architecture.block_type=simple
models.architecture.mamba_type=mamba
training.mode=rollout    avg_loss: 0.000000309613  time_per_window : 0.001169   progress : 0.666
name: models.architecture.block_type=simple
models.architecture.mamba_type=mamba
training.mode=rollout    avg_loss: 0.000000231080  time_per_window : 0.001094   progress : 0.677
name: models.architecture.block_type=simple
models.architecture.mamba_type=mamba
training.mode=rollout    avg_loss: 0.000000244921  time_per_window : 0.001049   progress : 0.688
name: models.architecture.block_type=simple
models.architecture.mamba_type=mamba
training.mode=rollout    avg_loss: 0.000000236043  time_per_window : 0.000973   progress : 0.699
name: models.architecture.block_type=simple
models.architecture.mamba_type=mamba
training.mode=rollout    avg_loss: 0.000000269286  time_per_window : 0.001019   progress : 0.710
name: models.architecture.block_type=simple
models.architecture.mamba_type=mamba
training.mode=rollout    avg_loss: 0.000000274452  time_per_window : 0.001091   progress : 0.721
name: models.architecture.block_type=simple
models.architecture.mamba_type=mamba
training.mode=rollout    avg_loss: 0.000000243025  time_per_window : 0.001015   progress : 0.732
name: models.architecture.block_type=simple
models.architecture.mamba_type=mamba
training.mode=rollout    avg_loss: 0.000000223116  time_per_window : 0.000985   progress : 0.743
name: models.architecture.block_type=simple
models.architecture.mamba_type=mamba
training.mode=rollout    avg_loss: 0.000000240322  time_per_window : 0.000985   progress : 0.754
name: models.architecture.block_type=simple
models.architecture.mamba_type=mamba
training.mode=rollout    avg_loss: 0.000000283436  time_per_window : 0.001028   progress : 0.765
name: models.architecture.block_type=simple
models.architecture.mamba_type=mamba
training.mode=rollout    avg_loss: 0.000000271274  time_per_window : 0.001041   progress : 0.775
name: models.architecture.block_type=simple
models.architecture.mamba_type=mamba
training.mode=rollout    avg_loss: 0.000000245522  time_per_window : 0.001018   progress : 0.786
name: models.architecture.block_type=simple
models.architecture.mamba_type=mamba
training.mode=rollout    avg_loss: 0.000000245900  time_per_window : 0.001047   progress : 0.797
name: models.architecture.block_type=simple
models.architecture.mamba_type=mamba
training.mode=rollout    avg_loss: 0.000000242589  time_per_window : 0.000992   progress : 0.808
name: models.architecture.block_type=simple
models.architecture.mamba_type=mamba
training.mode=rollout    avg_loss: 0.000000294241  time_per_window : 0.001007   progress : 0.819
name: models.architecture.block_type=simple
models.architecture.mamba_type=mamba
training.mode=rollout    avg_loss: 0.000000201796  time_per_window : 0.001020   progress : 0.830
name: models.architecture.block_type=simple
models.architecture.mamba_type=mamba
training.mode=rollout    avg_loss: 0.000000251702  time_per_window : 0.001031   progress : 0.841
name: models.architecture.block_type=simple
models.architecture.mamba_type=mamba
training.mode=rollout    avg_loss: 0.000000241938  time_per_window : 0.000984   progress : 0.852
name: models.architecture.block_type=simple
models.architecture.mamba_type=mamba
training.mode=rollout    avg_loss: 0.000000224605  time_per_window : 0.001000   progress : 0.863
name: models.architecture.block_type=simple
models.architecture.mamba_type=mamba
training.mode=rollout    avg_loss: 0.000000233900  time_per_window : 0.001049   progress : 0.874
name: models.architecture.block_type=simple
models.architecture.mamba_type=mamba
training.mode=rollout    avg_loss: 0.000000247580  time_per_window : 0.001001   progress : 0.885
name: models.architecture.block_type=simple
models.architecture.mamba_type=mamba
training.mode=rollout    avg_loss: 0.000000244396  time_per_window : 0.001013   progress : 0.896
name: models.architecture.block_type=simple
models.architecture.mamba_type=mamba
training.mode=rollout    avg_loss: 0.000000189375  time_per_window : 0.000997   progress : 0.907
name: models.architecture.block_type=simple
models.architecture.mamba_type=mamba
training.mode=rollout    avg_loss: 0.000000255241  time_per_window : 0.001008   progress : 0.917
name: models.architecture.block_type=simple
models.architecture.mamba_type=mamba
training.mode=rollout    avg_loss: 0.000000301955  time_per_window : 0.001003   progress : 0.928
name: models.architecture.block_type=simple
models.architecture.mamba_type=mamba
training.mode=rollout    avg_loss: 0.000000216820  time_per_window : 0.000975   progress : 0.939
name: models.architecture.block_type=simple
models.architecture.mamba_type=mamba
training.mode=rollout    avg_loss: 0.000000247611  time_per_window : 0.001001   progress : 0.950
name: models.architecture.block_type=simple
models.architecture.mamba_type=mamba
training.mode=rollout    avg_loss: 0.000000235454  time_per_window : 0.001043   progress : 0.961
name: models.architecture.block_type=simple
models.architecture.mamba_type=mamba
training.mode=rollout    avg_loss: 0.000000340230  time_per_window : 0.000985   progress : 0.972
name: models.architecture.block_type=simple
models.architecture.mamba_type=mamba
training.mode=rollout    avg_loss: 0.000000249390  time_per_window : 0.001091   progress : 0.983
name: models.architecture.block_type=simple
models.architecture.mamba_type=mamba
training.mode=rollout    avg_loss: 0.000000196627  time_per_window : 0.000997   progress : 0.994
name: models.architecture.block_type=simple
models.architecture.mamba_type=mamba
training.mode=rollout    avg_loss: 0.000005162220  time_per_window : 0.001088   progress : 0.011
name: models.architecture.block_type=simple
models.architecture.mamba_type=mamba
training.mode=rollout    avg_loss: 0.000000317972  time_per_window : 0.001017   progress : 0.022
name: models.architecture.block_type=simple
models.architecture.mamba_type=mamba
training.mode=rollout    avg_loss: 0.000000297601  time_per_window : 0.001011   progress : 0.033
name: models.architecture.block_type=simple
models.architecture.mamba_type=mamba
training.mode=rollout    avg_loss: 0.000000290075  time_per_window : 0.001005   progress : 0.044
name: models.architecture.block_type=simple
models.architecture.mamba_type=mamba
training.mode=rollout    avg_loss: 0.000000292296  time_per_window : 0.001035   progress : 0.055
name: models.architecture.block_type=simple
models.architecture.mamba_type=mamba
training.mode=rollout    avg_loss: 0.000000334898  time_per_window : 0.001021   progress : 0.066
name: models.architecture.block_type=simple
models.architecture.mamba_type=mamba
training.mode=rollout    avg_loss: 0.000000387143  time_per_window : 0.001146   progress : 0.076
name: models.architecture.block_type=simple
models.architecture.mamba_type=mamba
training.mode=rollout    avg_loss: 0.000000320760  time_per_window : 0.000994   progress : 0.087
name: models.architecture.block_type=simple
models.architecture.mamba_type=mamba
training.mode=rollout    avg_loss: 0.000000314833  time_per_window : 0.001076   progress : 0.098
name: models.architecture.block_type=simple
models.architecture.mamba_type=mamba
training.mode=rollout    avg_loss: 0.000000292079  time_per_window : 0.001005   progress : 0.109
name: models.architecture.block_type=simple
models.architecture.mamba_type=mamba
training.mode=rollout    avg_loss: 0.000000321252  time_per_window : 0.001012   progress : 0.120
name: models.architecture.block_type=simple
models.architecture.mamba_type=mamba
training.mode=rollout    avg_loss: 0.000000289561  time_per_window : 0.001041   progress : 0.131
name: models.architecture.block_type=simple
models.architecture.mamba_type=mamba
training.mode=rollout    avg_loss: 0.000000286984  time_per_window : 0.000983   progress : 0.142
name: models.architecture.block_type=simple
models.architecture.mamba_type=mamba
training.mode=rollout    avg_loss: 0.000000295083  time_per_window : 0.001153   progress : 0.153
name: models.architecture.block_type=simple
models.architecture.mamba_type=mamba
training.mode=rollout    avg_loss: 0.000000284927  time_per_window : 0.001023   progress : 0.164
name: models.architecture.block_type=simple
models.architecture.mamba_type=mamba
training.mode=rollout    avg_loss: 0.000000333756  time_per_window : 0.001008   progress : 0.175
name: models.architecture.block_type=simple
models.architecture.mamba_type=mamba
training.mode=rollout    avg_loss: 0.000000335896  time_per_window : 0.001004   progress : 0.186
name: models.architecture.block_type=simple
models.architecture.mamba_type=mamba
training.mode=rollout    avg_loss: 0.000000329496  time_per_window : 0.001035   progress : 0.197
name: models.architecture.block_type=simple
models.architecture.mamba_type=mamba
training.mode=rollout    avg_loss: 0.000000326421  time_per_window : 0.001013   progress : 0.208
name: models.architecture.block_type=simple
models.architecture.mamba_type=mamba
training.mode=rollout    avg_loss: 0.000000331756  time_per_window : 0.001024   progress : 0.218
name: models.architecture.block_type=simple
models.architecture.mamba_type=mamba
training.mode=rollout    avg_loss: 0.000000400637  time_per_window : 0.001089   progress : 0.229
name: models.architecture.block_type=simple
models.architecture.mamba_type=mamba
training.mode=rollout    avg_loss: 0.000000453037  time_per_window : 0.001034   progress : 0.240
name: models.architecture.block_type=simple
models.architecture.mamba_type=mamba
training.mode=rollout    avg_loss: 0.000000353119  time_per_window : 0.001178   progress : 0.251
name: models.architecture.block_type=simple
models.architecture.mamba_type=mamba
training.mode=rollout    avg_loss: 0.000000266159  time_per_window : 0.001084   progress : 0.262
name: models.architecture.block_type=simple
models.architecture.mamba_type=mamba
training.mode=rollout    avg_loss: 0.000000309508  time_per_window : 0.001061   progress : 0.273
name: models.architecture.block_type=simple
models.architecture.mamba_type=mamba
training.mode=rollout    avg_loss: 0.000000304126  time_per_window : 0.001066   progress : 0.284
name: models.architecture.block_type=simple
models.architecture.mamba_type=mamba
training.mode=rollout    avg_loss: 0.000000280879  time_per_window : 0.001029   progress : 0.295
name: models.architecture.block_type=simple
models.architecture.mamba_type=mamba
training.mode=rollout    avg_loss: 0.000000267604  time_per_window : 0.001026   progress : 0.306
name: models.architecture.block_type=simple
models.architecture.mamba_type=mamba
training.mode=rollout    avg_loss: 0.000000327203  time_per_window : 0.001008   progress : 0.317
name: models.architecture.block_type=simple
models.architecture.mamba_type=mamba
training.mode=rollout    avg_loss: 0.000000511324  time_per_window : 0.001015   progress : 0.328
name: models.architecture.block_type=simple
models.architecture.mamba_type=mamba
training.mode=rollout    avg_loss: 0.000000309907  time_per_window : 0.001048   progress : 0.339
name: models.architecture.block_type=simple
models.architecture.mamba_type=mamba
training.mode=rollout    avg_loss: 0.000000319019  time_per_window : 0.001102   progress : 0.350
name: models.architecture.block_type=simple
models.architecture.mamba_type=mamba
training.mode=rollout    avg_loss: 0.000000295886  time_per_window : 0.001042   progress : 0.360
name: models.architecture.block_type=simple
models.architecture.mamba_type=mamba
training.mode=rollout    avg_loss: 0.000000266044  time_per_window : 0.001007   progress : 0.371
name: models.architecture.block_type=simple
models.architecture.mamba_type=mamba
training.mode=rollout    avg_loss: 0.000000334240  time_per_window : 0.001068   progress : 0.382
name: models.architecture.block_type=simple
models.architecture.mamba_type=mamba
training.mode=rollout    avg_loss: 0.000000295373  time_per_window : 0.001011   progress : 0.393
name: models.architecture.block_type=simple
models.architecture.mamba_type=mamba
training.mode=rollout    avg_loss: 0.000000325171  time_per_window : 0.001147   progress : 0.404
name: models.architecture.block_type=simple
models.architecture.mamba_type=mamba
training.mode=rollout    avg_loss: 0.000000324171  time_per_window : 0.001057   progress : 0.415
name: models.architecture.block_type=simple
models.architecture.mamba_type=mamba
training.mode=rollout    avg_loss: 0.000000297206  time_per_window : 0.001090   progress : 0.426
name: models.architecture.block_type=simple
models.architecture.mamba_type=mamba
training.mode=rollout    avg_loss: 0.000000297816  time_per_window : 0.001033   progress : 0.437
name: models.architecture.block_type=simple
models.architecture.mamba_type=mamba
training.mode=rollout    avg_loss: 0.000000327190  time_per_window : 0.001040   progress : 0.448
name: models.architecture.block_type=simple
models.architecture.mamba_type=mamba
training.mode=rollout    avg_loss: 0.000000274676  time_per_window : 0.001007   progress : 0.459
name: models.architecture.block_type=simple
models.architecture.mamba_type=mamba
training.mode=rollout    avg_loss: 0.000000250590  time_per_window : 0.001080   progress : 0.470
name: models.architecture.block_type=simple
models.architecture.mamba_type=mamba
training.mode=rollout    avg_loss: 0.000000292020  time_per_window : 0.001057   progress : 0.481
name: models.architecture.block_type=simple
models.architecture.mamba_type=mamba
training.mode=rollout    avg_loss: 0.000000308078  time_per_window : 0.000983   progress : 0.492
name: models.architecture.block_type=simple
models.architecture.mamba_type=mamba
training.mode=rollout    avg_loss: 0.000000316739  time_per_window : 0.000962   progress : 0.502
name: models.architecture.block_type=simple
models.architecture.mamba_type=mamba
training.mode=rollout    avg_loss: 0.000000305105  time_per_window : 0.000981   progress : 0.513
name: models.architecture.block_type=simple
models.architecture.mamba_type=mamba
training.mode=rollout    avg_loss: 0.000000306409  time_per_window : 0.001034   progress : 0.524
name: models.architecture.block_type=simple
models.architecture.mamba_type=mamba
training.mode=rollout    avg_loss: 0.000000289312  time_per_window : 0.001026   progress : 0.535
name: models.architecture.block_type=simple
models.architecture.mamba_type=mamba
training.mode=rollout    avg_loss: 0.000000260913  time_per_window : 0.001009   progress : 0.546
name: models.architecture.block_type=simple
models.architecture.mamba_type=mamba
training.mode=rollout    avg_loss: 0.000000245822  time_per_window : 0.001045   progress : 0.557
name: models.architecture.block_type=simple
models.architecture.mamba_type=mamba
training.mode=rollout    avg_loss: 0.000000241271  time_per_window : 0.001084   progress : 0.568
name: models.architecture.block_type=simple
models.architecture.mamba_type=mamba
training.mode=rollout    avg_loss: 0.000000267860  time_per_window : 0.001029   progress : 0.579
name: models.architecture.block_type=simple
models.architecture.mamba_type=mamba
training.mode=rollout    avg_loss: 0.000000314197  time_per_window : 0.000985   progress : 0.590
name: models.architecture.block_type=simple
models.architecture.mamba_type=mamba
training.mode=rollout    avg_loss: 0.000000264593  time_per_window : 0.001009   progress : 0.601
name: models.architecture.block_type=simple
models.architecture.mamba_type=mamba
training.mode=rollout    avg_loss: 0.000000254186  time_per_window : 0.001016   progress : 0.612
name: models.architecture.block_type=simple
models.architecture.mamba_type=mamba
training.mode=rollout    avg_loss: 0.000000269787  time_per_window : 0.001009   progress : 0.623
name: models.architecture.block_type=simple
models.architecture.mamba_type=mamba
training.mode=rollout    avg_loss: 0.000000268019  time_per_window : 0.001057   progress : 0.634
name: models.architecture.block_type=simple
models.architecture.mamba_type=mamba
training.mode=rollout    avg_loss: 0.000000333982  time_per_window : 0.001034   progress : 0.644
name: models.architecture.block_type=simple
models.architecture.mamba_type=mamba
training.mode=rollout    avg_loss: 0.000000247315  time_per_window : 0.001007   progress : 0.655
name: models.architecture.block_type=simple
models.architecture.mamba_type=mamba
training.mode=rollout    avg_loss: 0.000000226533  time_per_window : 0.001021   progress : 0.666
name: models.architecture.block_type=simple
models.architecture.mamba_type=mamba
training.mode=rollout    avg_loss: 0.000000351909  time_per_window : 0.001018   progress : 0.677
name: models.architecture.block_type=simple
models.architecture.mamba_type=mamba
training.mode=rollout    avg_loss: 0.000000246331  time_per_window : 0.001092   progress : 0.688
name: models.architecture.block_type=simple
models.architecture.mamba_type=mamba
training.mode=rollout    avg_loss: 0.000000248936  time_per_window : 0.001092   progress : 0.699
name: models.architecture.block_type=simple
models.architecture.mamba_type=mamba
training.mode=rollout    avg_loss: 0.000000249365  time_per_window : 0.001119   progress : 0.710
name: models.architecture.block_type=simple
models.architecture.mamba_type=mamba
training.mode=rollout    avg_loss: 0.000000219172  time_per_window : 0.001096   progress : 0.721
name: models.architecture.block_type=simple
models.architecture.mamba_type=mamba
training.mode=rollout    avg_loss: 0.000000233618  time_per_window : 0.001116   progress : 0.732
name: models.architecture.block_type=simple
models.architecture.mamba_type=mamba
training.mode=rollout    avg_loss: 0.000000304054  time_per_window : 0.000970   progress : 0.743
name: models.architecture.block_type=simple
models.architecture.mamba_type=mamba
training.mode=rollout    avg_loss: 0.000000220555  time_per_window : 0.001082   progress : 0.754
name: models.architecture.block_type=simple
models.architecture.mamba_type=mamba
training.mode=rollout    avg_loss: 0.000000287108  time_per_window : 0.001018   progress : 0.765
name: models.architecture.block_type=simple
models.architecture.mamba_type=mamba
training.mode=rollout    avg_loss: 0.000000236142  time_per_window : 0.001015   progress : 0.775
name: models.architecture.block_type=simple
models.architecture.mamba_type=mamba
training.mode=rollout    avg_loss: 0.000000263235  time_per_window : 0.001019   progress : 0.786
name: models.architecture.block_type=simple
models.architecture.mamba_type=mamba
training.mode=rollout    avg_loss: 0.000000240059  time_per_window : 0.001021   progress : 0.797
name: models.architecture.block_type=simple
models.architecture.mamba_type=mamba
training.mode=rollout    avg_loss: 0.000000236265  time_per_window : 0.001040   progress : 0.808
name: models.architecture.block_type=simple
models.architecture.mamba_type=mamba
training.mode=rollout    avg_loss: 0.000000219720  time_per_window : 0.000993   progress : 0.819
name: models.architecture.block_type=simple
models.architecture.mamba_type=mamba
training.mode=rollout    avg_loss: 0.000000222298  time_per_window : 0.001012   progress : 0.830
name: models.architecture.block_type=simple
models.architecture.mamba_type=mamba
training.mode=rollout    avg_loss: 0.000005958071  time_per_window : 0.001058   progress : 0.841
name: models.architecture.block_type=simple
models.architecture.mamba_type=mamba
training.mode=rollout    avg_loss: 0.000000258144  time_per_window : 0.001037   progress : 0.852
name: models.architecture.block_type=simple
models.architecture.mamba_type=mamba
training.mode=rollout    avg_loss: 0.000000218511  time_per_window : 0.000987   progress : 0.863
name: models.architecture.block_type=simple
models.architecture.mamba_type=mamba
training.mode=rollout    avg_loss: 0.000000204712  time_per_window : 0.001028   progress : 0.874
name: models.architecture.block_type=simple
models.architecture.mamba_type=mamba
training.mode=rollout    avg_loss: 0.000000214559  time_per_window : 0.000993   progress : 0.885
name: models.architecture.block_type=simple
models.architecture.mamba_type=mamba
training.mode=rollout    avg_loss: 0.000000203398  time_per_window : 0.001000   progress : 0.896
name: models.architecture.block_type=simple
models.architecture.mamba_type=mamba
training.mode=rollout    avg_loss: 0.000000189452  time_per_window : 0.000988   progress : 0.907
name: models.architecture.block_type=simple
models.architecture.mamba_type=mamba
training.mode=rollout    avg_loss: 0.000000199145  time_per_window : 0.001026   progress : 0.917
name: models.architecture.block_type=simple
models.architecture.mamba_type=mamba
training.mode=rollout    avg_loss: 0.000000207370  time_per_window : 0.001081   progress : 0.928
name: models.architecture.block_type=simple
models.architecture.mamba_type=mamba
training.mode=rollout    avg_loss: 0.000000223299  time_per_window : 0.001093   progress : 0.939
name: models.architecture.block_type=simple
models.architecture.mamba_type=mamba
training.mode=rollout    avg_loss: 0.000000225073  time_per_window : 0.001009   progress : 0.950
name: models.architecture.block_type=simple
models.architecture.mamba_type=mamba
training.mode=rollout    avg_loss: 0.000000216575  time_per_window : 0.000982   progress : 0.961
name: models.architecture.block_type=simple
models.architecture.mamba_type=mamba
training.mode=rollout    avg_loss: 0.000000194757  time_per_window : 0.001003   progress : 0.972
name: models.architecture.block_type=simple
models.architecture.mamba_type=mamba
training.mode=rollout    avg_loss: 0.000000218347  time_per_window : 0.001014   progress : 0.983
name: models.architecture.block_type=simple
models.architecture.mamba_type=mamba
training.mode=rollout    avg_loss: 0.000000239223  time_per_window : 0.001129   progress : 0.994
DONE!!!
