/media/egghead/Scratch/joey/Thesis/mavenv/lib/python3.11/site-packages/hydra/_internal/defaults_list.py:251: UserWarning: In 'config': Defaults list is missing `_self_`. See https://hydra.cc/docs/1.2/upgrades/1.0_to_1.1/default_composition_order for more information
  warnings.warn(msg, UserWarning)
Using cuda device
models:
  n_dim: 23
  out_dim: 10
  architecture:
    d_model: 128
    n_encoder_layers: 2
    n_decoder_layers: 0
    block_type: cls
    time_adapter: last_token
    in_norm: none
    out_norm: none
    layer_scale: 0.0001
    drop_path: 0.05
    mamba_type: mamba
    mamba_kwargs:
      d_state: 64
      d_conv: 4
      expand: 4
      norm: rms
    skip: false
    cls_kwargs:
      n_heads: 2
      n_mlp: 2
      positional_encoding: false
      max_len: 5000
input_len: 64
output_len: 1
batch_size: 128
epochs: 5
seed: 0
dataset:
  path: /media/egghead/Scratch/joey/simulation_data/patient_one_data.zarr/
  training_size: 1500000
evaluation:
  path: /media/egghead/Scratch/joey/simulation_data/patient_two_data.zarr/
  evaluation_size: 10
training:
  mode: gml_rollout
  lr: 0.0002
  weight_decay: 0.1
  rollout_steps: 32
checkpoint:
  save_path: hydra-test.pth
  load: false
  path: hydra-test.pth
compile: true

/media/egghead/Scratch/joey/Thesis/mavenv/lib/python3.11/site-packages/torch/_inductor/cudagraph_trees.py:2622: UserWarning: Unable to hit fast path of CUDAGraphs because outputs from a previous step still require backward. Ensure backward() is invoked or detach outputs. You may also call torch.compiler.cudagraph_mark_step_begin() before each model invocation.
  warnings.warn(
name: epochs=5
dataset.training_size=1500000
batch_size=128
training.mode=gml_rollout    avg_loss: 0.000249985373  time_per_window : 0.000631   progress : 0.011
name: epochs=5
dataset.training_size=1500000
batch_size=128
training.mode=gml_rollout    avg_loss: 0.000000585472  time_per_window : 0.000924   progress : 0.022
name: epochs=5
dataset.training_size=1500000
batch_size=128
training.mode=gml_rollout    avg_loss: 0.000000314112  time_per_window : 0.001322   progress : 0.033
name: epochs=5
dataset.training_size=1500000
batch_size=128
training.mode=gml_rollout    avg_loss: 0.000000221303  time_per_window : 0.001352   progress : 0.044
name: epochs=5
dataset.training_size=1500000
batch_size=128
training.mode=gml_rollout    avg_loss: 0.000000178613  time_per_window : 0.001340   progress : 0.055
name: epochs=5
dataset.training_size=1500000
batch_size=128
training.mode=gml_rollout    avg_loss: 0.000000153704  time_per_window : 0.001356   progress : 0.066
name: epochs=5
dataset.training_size=1500000
batch_size=128
training.mode=gml_rollout    avg_loss: 0.000000142793  time_per_window : 0.001372   progress : 0.076
name: epochs=5
dataset.training_size=1500000
batch_size=128
training.mode=gml_rollout    avg_loss: 0.000000137263  time_per_window : 0.001350   progress : 0.087
name: epochs=5
dataset.training_size=1500000
batch_size=128
training.mode=gml_rollout    avg_loss: 0.000000126012  time_per_window : 0.001442   progress : 0.098
name: epochs=5
dataset.training_size=1500000
batch_size=128
training.mode=gml_rollout    avg_loss: 0.000000116661  time_per_window : 0.001378   progress : 0.109
name: epochs=5
dataset.training_size=1500000
batch_size=128
training.mode=gml_rollout    avg_loss: 0.000000116749  time_per_window : 0.001401   progress : 0.120
name: epochs=5
dataset.training_size=1500000
batch_size=128
training.mode=gml_rollout    avg_loss: 0.000000111839  time_per_window : 0.001406   progress : 0.131
name: epochs=5
dataset.training_size=1500000
batch_size=128
training.mode=gml_rollout    avg_loss: 0.000000105622  time_per_window : 0.001350   progress : 0.142
name: epochs=5
dataset.training_size=1500000
batch_size=128
training.mode=gml_rollout    avg_loss: 0.000000101442  time_per_window : 0.001421   progress : 0.153
name: epochs=5
dataset.training_size=1500000
batch_size=128
training.mode=gml_rollout    avg_loss: 0.000000097995  time_per_window : 0.001373   progress : 0.164
name: epochs=5
dataset.training_size=1500000
batch_size=128
training.mode=gml_rollout    avg_loss: 0.000000095171  time_per_window : 0.001344   progress : 0.175
name: epochs=5
dataset.training_size=1500000
batch_size=128
training.mode=gml_rollout    avg_loss: 0.000000090986  time_per_window : 0.001392   progress : 0.186
name: epochs=5
dataset.training_size=1500000
batch_size=128
training.mode=gml_rollout    avg_loss: 0.000000090349  time_per_window : 0.001477   progress : 0.197
name: epochs=5
dataset.training_size=1500000
batch_size=128
training.mode=gml_rollout    avg_loss: 0.000000080935  time_per_window : 0.001420   progress : 0.208
name: epochs=5
dataset.training_size=1500000
batch_size=128
training.mode=gml_rollout    avg_loss: 0.000000078137  time_per_window : 0.001376   progress : 0.218
name: epochs=5
dataset.training_size=1500000
batch_size=128
training.mode=gml_rollout    avg_loss: 0.000000078633  time_per_window : 0.001352   progress : 0.229
name: epochs=5
dataset.training_size=1500000
batch_size=128
training.mode=gml_rollout    avg_loss: 0.000000073614  time_per_window : 0.001452   progress : 0.240
name: epochs=5
dataset.training_size=1500000
batch_size=128
training.mode=gml_rollout    avg_loss: 0.000000078923  time_per_window : 0.001398   progress : 0.251
name: epochs=5
dataset.training_size=1500000
batch_size=128
training.mode=gml_rollout    avg_loss: 0.000000073886  time_per_window : 0.001329   progress : 0.262
name: epochs=5
dataset.training_size=1500000
batch_size=128
training.mode=gml_rollout    avg_loss: 0.000000083552  time_per_window : 0.001452   progress : 0.273
name: epochs=5
dataset.training_size=1500000
batch_size=128
training.mode=gml_rollout    avg_loss: 0.000000072890  time_per_window : 0.001399   progress : 0.284
name: epochs=5
dataset.training_size=1500000
batch_size=128
training.mode=gml_rollout    avg_loss: 0.000000080323  time_per_window : 0.001389   progress : 0.295
name: epochs=5
dataset.training_size=1500000
batch_size=128
training.mode=gml_rollout    avg_loss: 0.000000104602  time_per_window : 0.001437   progress : 0.306
name: epochs=5
dataset.training_size=1500000
batch_size=128
training.mode=gml_rollout    avg_loss: 0.000000080125  time_per_window : 0.001402   progress : 0.317
name: epochs=5
dataset.training_size=1500000
batch_size=128
training.mode=gml_rollout    avg_loss: 0.000000081391  time_per_window : 0.001424   progress : 0.328
name: epochs=5
dataset.training_size=1500000
batch_size=128
training.mode=gml_rollout    avg_loss: 0.000000084655  time_per_window : 0.001439   progress : 0.339
name: epochs=5
dataset.training_size=1500000
batch_size=128
training.mode=gml_rollout    avg_loss: 0.000000087109  time_per_window : 0.001402   progress : 0.350
name: epochs=5
dataset.training_size=1500000
batch_size=128
training.mode=gml_rollout    avg_loss: 0.000000113683  time_per_window : 0.001370   progress : 0.360
name: epochs=5
dataset.training_size=1500000
batch_size=128
training.mode=gml_rollout    avg_loss: 0.000000068842  time_per_window : 0.001427   progress : 0.371
name: epochs=5
dataset.training_size=1500000
batch_size=128
training.mode=gml_rollout    avg_loss: 0.000000094565  time_per_window : 0.001420   progress : 0.382
name: epochs=5
dataset.training_size=1500000
batch_size=128
training.mode=gml_rollout    avg_loss: 0.000000106453  time_per_window : 0.001454   progress : 0.393
name: epochs=5
dataset.training_size=1500000
batch_size=128
training.mode=gml_rollout    avg_loss: 0.000000089022  time_per_window : 0.001410   progress : 0.404
name: epochs=5
dataset.training_size=1500000
batch_size=128
training.mode=gml_rollout    avg_loss: 0.000000077861  time_per_window : 0.001363   progress : 0.415
name: epochs=5
dataset.training_size=1500000
batch_size=128
training.mode=gml_rollout    avg_loss: 0.000000099409  time_per_window : 0.001385   progress : 0.426
name: epochs=5
dataset.training_size=1500000
batch_size=128
training.mode=gml_rollout    avg_loss: 0.000000107001  time_per_window : 0.001452   progress : 0.437
name: epochs=5
dataset.training_size=1500000
batch_size=128
training.mode=gml_rollout    avg_loss: 0.000000078024  time_per_window : 0.001372   progress : 0.448
name: epochs=5
dataset.training_size=1500000
batch_size=128
training.mode=gml_rollout    avg_loss: 0.000000088515  time_per_window : 0.001468   progress : 0.459
name: epochs=5
dataset.training_size=1500000
batch_size=128
training.mode=gml_rollout    avg_loss: 0.000000073420  time_per_window : 0.001468   progress : 0.470
name: epochs=5
dataset.training_size=1500000
batch_size=128
training.mode=gml_rollout    avg_loss: 0.000000098334  time_per_window : 0.001382   progress : 0.481
name: epochs=5
dataset.training_size=1500000
batch_size=128
training.mode=gml_rollout    avg_loss: 0.000000080347  time_per_window : 0.001348   progress : 0.492
name: epochs=5
dataset.training_size=1500000
batch_size=128
training.mode=gml_rollout    avg_loss: 0.000000091328  time_per_window : 0.001445   progress : 0.502
name: epochs=5
dataset.training_size=1500000
batch_size=128
training.mode=gml_rollout    avg_loss: 0.000000077433  time_per_window : 0.001437   progress : 0.513
name: epochs=5
dataset.training_size=1500000
batch_size=128
training.mode=gml_rollout    avg_loss: 0.000000098778  time_per_window : 0.001458   progress : 0.524
name: epochs=5
dataset.training_size=1500000
batch_size=128
training.mode=gml_rollout    avg_loss: 0.000000085347  time_per_window : 0.001311   progress : 0.535
name: epochs=5
dataset.training_size=1500000
batch_size=128
training.mode=gml_rollout    avg_loss: 0.000000079640  time_per_window : 0.001364   progress : 0.546
name: epochs=5
dataset.training_size=1500000
batch_size=128
training.mode=gml_rollout    avg_loss: 0.000000080211  time_per_window : 0.001331   progress : 0.557/media/egghead/Scratch/joey/Thesis/mavenv/lib/python3.11/site-packages/torch/_inductor/cudagraph_trees.py:2622: UserWarning: Unable to hit fast path of CUDAGraphs because outputs from a previous step still require backward. Ensure backward() is invoked or detach outputs. You may also call torch.compiler.cudagraph_mark_step_begin() before each model invocation.
  warnings.warn(
/media/egghead/Scratch/joey/Thesis/mavenv/lib/python3.11/site-packages/torch/_inductor/cudagraph_trees.py:2622: UserWarning: Unable to hit fast path of CUDAGraphs because outputs from a previous step still require backward. Ensure backward() is invoked or detach outputs. You may also call torch.compiler.cudagraph_mark_step_begin() before each model invocation.
  warnings.warn(

name: epochs=5
dataset.training_size=1500000
batch_size=128
training.mode=gml_rollout    avg_loss: 0.000000093253  time_per_window : 0.001462   progress : 0.568
name: epochs=5
dataset.training_size=1500000
batch_size=128
training.mode=gml_rollout    avg_loss: 0.000000076442  time_per_window : 0.001428   progress : 0.579
name: epochs=5
dataset.training_size=1500000
batch_size=128
training.mode=gml_rollout    avg_loss: 0.000000088807  time_per_window : 0.001362   progress : 0.590
name: epochs=5
dataset.training_size=1500000
batch_size=128
training.mode=gml_rollout    avg_loss: 0.000000093573  time_per_window : 0.001460   progress : 0.601
name: epochs=5
dataset.training_size=1500000
batch_size=128
training.mode=gml_rollout    avg_loss: 0.000000070998  time_per_window : 0.001362   progress : 0.612
name: epochs=5
dataset.training_size=1500000
batch_size=128
training.mode=gml_rollout    avg_loss: 0.000000079579  time_per_window : 0.001333   progress : 0.623
name: epochs=5
dataset.training_size=1500000
batch_size=128
training.mode=gml_rollout    avg_loss: 0.000000071433  time_per_window : 0.001477   progress : 0.634
name: epochs=5
dataset.training_size=1500000
batch_size=128
training.mode=gml_rollout    avg_loss: 0.000000074283  time_per_window : 0.001395   progress : 0.644
name: epochs=5
dataset.training_size=1500000
batch_size=128
training.mode=gml_rollout    avg_loss: 0.000000088104  time_per_window : 0.001377   progress : 0.655
name: epochs=5
dataset.training_size=1500000
batch_size=128
training.mode=gml_rollout    avg_loss: 0.000000071798  time_per_window : 0.001339   progress : 0.666
name: epochs=5
dataset.training_size=1500000
batch_size=128
training.mode=gml_rollout    avg_loss: 0.000000076641  time_per_window : 0.001353   progress : 0.677
name: epochs=5
dataset.training_size=1500000
batch_size=128
training.mode=gml_rollout    avg_loss: 0.000000076234  time_per_window : 0.001386   progress : 0.688
name: epochs=5
dataset.training_size=1500000
batch_size=128
training.mode=gml_rollout    avg_loss: 0.000000067789  time_per_window : 0.001346   progress : 0.699
name: epochs=5
dataset.training_size=1500000
batch_size=128
training.mode=gml_rollout    avg_loss: 0.000000078975  time_per_window : 0.001374   progress : 0.710
name: epochs=5
dataset.training_size=1500000
batch_size=128
training.mode=gml_rollout    avg_loss: 0.000000073583  time_per_window : 0.000953   progress : 0.721
name: epochs=5
dataset.training_size=1500000
batch_size=128
training.mode=gml_rollout    avg_loss: 0.000000068413  time_per_window : 0.000937   progress : 0.732
name: epochs=5
dataset.training_size=1500000
batch_size=128
training.mode=gml_rollout    avg_loss: 0.000000074992  time_per_window : 0.001141   progress : 0.743
name: epochs=5
dataset.training_size=1500000
batch_size=128
training.mode=gml_rollout    avg_loss: 0.000000061818  time_per_window : 0.001418   progress : 0.754
name: epochs=5
dataset.training_size=1500000
batch_size=128
training.mode=gml_rollout    avg_loss: 0.000000081702  time_per_window : 0.001403   progress : 0.765
name: epochs=5
dataset.training_size=1500000
batch_size=128
training.mode=gml_rollout    avg_loss: 0.000000072386  time_per_window : 0.001416   progress : 0.775
name: epochs=5
dataset.training_size=1500000
batch_size=128
training.mode=gml_rollout    avg_loss: 0.000000065647  time_per_window : 0.001364   progress : 0.786
name: epochs=5
dataset.training_size=1500000
batch_size=128
training.mode=gml_rollout    avg_loss: 0.000000071780  time_per_window : 0.001382   progress : 0.797
name: epochs=5
dataset.training_size=1500000
batch_size=128
training.mode=gml_rollout    avg_loss: 0.000000066324  time_per_window : 0.001396   progress : 0.808
name: epochs=5
dataset.training_size=1500000
batch_size=128
training.mode=gml_rollout    avg_loss: 0.000000067558  time_per_window : 0.001382   progress : 0.819
name: epochs=5
dataset.training_size=1500000
batch_size=128
training.mode=gml_rollout    avg_loss: 0.000000066321  time_per_window : 0.001412   progress : 0.830
name: epochs=5
dataset.training_size=1500000
batch_size=128
training.mode=gml_rollout    avg_loss: 0.000000066746  time_per_window : 0.001463   progress : 0.841
name: epochs=5
dataset.training_size=1500000
batch_size=128
training.mode=gml_rollout    avg_loss: 0.000000062762  time_per_window : 0.001434   progress : 0.852
name: epochs=5
dataset.training_size=1500000
batch_size=128
training.mode=gml_rollout    avg_loss: 0.000000057634  time_per_window : 0.001455   progress : 0.863
name: epochs=5
dataset.training_size=1500000
batch_size=128
training.mode=gml_rollout    avg_loss: 0.000000066230  time_per_window : 0.001363   progress : 0.874
name: epochs=5
dataset.training_size=1500000
batch_size=128
training.mode=gml_rollout    avg_loss: 0.000000064235  time_per_window : 0.001457   progress : 0.885
name: epochs=5
dataset.training_size=1500000
batch_size=128
training.mode=gml_rollout    avg_loss: 0.000000060465  time_per_window : 0.001370   progress : 0.896
name: epochs=5
dataset.training_size=1500000
batch_size=128
training.mode=gml_rollout    avg_loss: 0.000000061103  time_per_window : 0.001420   progress : 0.907
name: epochs=5
dataset.training_size=1500000
batch_size=128
training.mode=gml_rollout    avg_loss: 0.000000057246  time_per_window : 0.001399   progress : 0.917
name: epochs=5
dataset.training_size=1500000
batch_size=128
training.mode=gml_rollout    avg_loss: 0.000000058379  time_per_window : 0.001368   progress : 0.928
name: epochs=5
dataset.training_size=1500000
batch_size=128
training.mode=gml_rollout    avg_loss: 0.000000061210  time_per_window : 0.001404   progress : 0.939
name: epochs=5
dataset.training_size=1500000
batch_size=128
training.mode=gml_rollout    avg_loss: 0.000000062209  time_per_window : 0.001473   progress : 0.950
name: epochs=5
dataset.training_size=1500000
batch_size=128
training.mode=gml_rollout    avg_loss: 0.000000062083  time_per_window : 0.001473   progress : 0.961
name: epochs=5
dataset.training_size=1500000
batch_size=128
training.mode=gml_rollout    avg_loss: 0.000000063246  time_per_window : 0.001415   progress : 0.972
name: epochs=5
dataset.training_size=1500000
batch_size=128
training.mode=gml_rollout    avg_loss: 0.000000050914  time_per_window : 0.001362   progress : 0.983
name: epochs=5
dataset.training_size=1500000
batch_size=128
training.mode=gml_rollout    avg_loss: 0.000000060823  time_per_window : 0.001377   progress : 0.994
name: epochs=5
dataset.training_size=1500000
batch_size=128
training.mode=gml_rollout    avg_loss: 0.000000107945  time_per_window : 0.001708   progress : 0.011
name: epochs=5
dataset.training_size=1500000
batch_size=128
training.mode=gml_rollout    avg_loss: 0.000000072403  time_per_window : 0.001693   progress : 0.022
name: epochs=5
dataset.training_size=1500000
batch_size=128
training.mode=gml_rollout    avg_loss: 0.000000103725  time_per_window : 0.000987   progress : 0.033
name: epochs=5
dataset.training_size=1500000
batch_size=128
training.mode=gml_rollout    avg_loss: 0.000000115502  time_per_window : 0.001108   progress : 0.044
name: epochs=5
dataset.training_size=1500000
batch_size=128
training.mode=gml_rollout    avg_loss: 0.000000157181  time_per_window : 0.001571   progress : 0.055
name: epochs=5
dataset.training_size=1500000
batch_size=128
training.mode=gml_rollout    avg_loss: 0.000000199158  time_per_window : 0.001674   progress : 0.066
name: epochs=5
dataset.training_size=1500000
batch_size=128
training.mode=gml_rollout    avg_loss: 0.000000064202  time_per_window : 0.001741   progress : 0.076
name: epochs=5
dataset.training_size=1500000
batch_size=128
training.mode=gml_rollout    avg_loss: 0.000000104555  time_per_window : 0.001737   progress : 0.087
name: epochs=5
dataset.training_size=1500000
batch_size=128
training.mode=gml_rollout    avg_loss: 0.000000071892  time_per_window : 0.001641   progress : 0.098
name: epochs=5
dataset.training_size=1500000
batch_size=128
training.mode=gml_rollout    avg_loss: 0.000000079644  time_per_window : 0.001680   progress : 0.109
name: epochs=5
dataset.training_size=1500000
batch_size=128
training.mode=gml_rollout    avg_loss: 0.000000102938  time_per_window : 0.001632   progress : 0.120
name: epochs=5
dataset.training_size=1500000
batch_size=128
training.mode=gml_rollout    avg_loss: 0.000000066681  time_per_window : 0.001725   progress : 0.131
name: epochs=5
dataset.training_size=1500000
batch_size=128
training.mode=gml_rollout    avg_loss: 0.000000067673  time_per_window : 0.001629   progress : 0.142
name: epochs=5
dataset.training_size=1500000
batch_size=128
training.mode=gml_rollout    avg_loss: 0.000000094642  time_per_window : 0.001636   progress : 0.153
name: epochs=5
dataset.training_size=1500000
batch_size=128
training.mode=gml_rollout    avg_loss: 0.000000062181  time_per_window : 0.001597   progress : 0.164
name: epochs=5
dataset.training_size=1500000
batch_size=128
training.mode=gml_rollout    avg_loss: 0.000000109780  time_per_window : 0.001642   progress : 0.175
name: epochs=5
dataset.training_size=1500000
batch_size=128
training.mode=gml_rollout    avg_loss: 0.000000068997  time_per_window : 0.001651   progress : 0.186
name: epochs=5
dataset.training_size=1500000
batch_size=128
training.mode=gml_rollout    avg_loss: 0.000000069549  time_per_window : 0.001617   progress : 0.197
name: epochs=5
dataset.training_size=1500000
batch_size=128
training.mode=gml_rollout    avg_loss: 0.000000087928  time_per_window : 0.001684   progress : 0.208
name: epochs=5
dataset.training_size=1500000
batch_size=128
training.mode=gml_rollout    avg_loss: 0.000000059581  time_per_window : 0.001653   progress : 0.218
name: epochs=5
dataset.training_size=1500000
batch_size=128
training.mode=gml_rollout    avg_loss: 0.000000078571  time_per_window : 0.001648   progress : 0.229
name: epochs=5
dataset.training_size=1500000
batch_size=128
training.mode=gml_rollout    avg_loss: 0.000000062137  time_per_window : 0.001624   progress : 0.240
name: epochs=5
dataset.training_size=1500000
batch_size=128
training.mode=gml_rollout    avg_loss: 0.000000085939  time_per_window : 0.001721   progress : 0.251
name: epochs=5
dataset.training_size=1500000
batch_size=128
training.mode=gml_rollout    avg_loss: 0.000000063581  time_per_window : 0.001668   progress : 0.262
name: epochs=5
dataset.training_size=1500000
batch_size=128
training.mode=gml_rollout    avg_loss: 0.000000075317  time_per_window : 0.001777   progress : 0.273
name: epochs=5
dataset.training_size=1500000
batch_size=128
training.mode=gml_rollout    avg_loss: 0.000000063959  time_per_window : 0.001728   progress : 0.284
name: epochs=5
dataset.training_size=1500000
batch_size=128
training.mode=gml_rollout    avg_loss: 0.000000108653  time_per_window : 0.001707   progress : 0.295
name: epochs=5
dataset.training_size=1500000
batch_size=128
training.mode=gml_rollout    avg_loss: 0.000000063180  time_per_window : 0.001744   progress : 0.306
name: epochs=5
dataset.training_size=1500000
batch_size=128
training.mode=gml_rollout    avg_loss: 0.000000060330  time_per_window : 0.001670   progress : 0.317
name: epochs=5
dataset.training_size=1500000
batch_size=128
training.mode=gml_rollout    avg_loss: 0.000000065740  time_per_window : 0.001625   progress : 0.328
name: epochs=5
dataset.training_size=1500000
batch_size=128
training.mode=gml_rollout    avg_loss: 0.000000074426  time_per_window : 0.001670   progress : 0.339
name: epochs=5
dataset.training_size=1500000
batch_size=128
training.mode=gml_rollout    avg_loss: 0.000000079860  time_per_window : 0.001759   progress : 0.350
name: epochs=5
dataset.training_size=1500000
batch_size=128
training.mode=gml_rollout    avg_loss: 0.000000063893  time_per_window : 0.001655   progress : 0.360
name: epochs=5
dataset.training_size=1500000
batch_size=128
training.mode=gml_rollout    avg_loss: 0.000000065366  time_per_window : 0.001690   progress : 0.371
name: epochs=5
dataset.training_size=1500000
batch_size=128
training.mode=gml_rollout    avg_loss: 0.000000058984  time_per_window : 0.001662   progress : 0.382
name: epochs=5
dataset.training_size=1500000
batch_size=128
training.mode=gml_rollout    avg_loss: 0.000000063532  time_per_window : 0.001691   progress : 0.393
name: epochs=5
dataset.training_size=1500000
batch_size=128
training.mode=gml_rollout    avg_loss: 0.000000086707  time_per_window : 0.001773   progress : 0.404
name: epochs=5
dataset.training_size=1500000
batch_size=128
training.mode=gml_rollout    avg_loss: 0.000000056375  time_per_window : 0.001766   progress : 0.415
name: epochs=5
dataset.training_size=1500000
batch_size=128
training.mode=gml_rollout    avg_loss: 0.000000062941  time_per_window : 0.001181   progress : 0.426
name: epochs=5
dataset.training_size=1500000
batch_size=128
training.mode=gml_rollout    avg_loss: 0.000000066148  time_per_window : 0.001030   progress : 0.437
name: epochs=5
dataset.training_size=1500000
batch_size=128
training.mode=gml_rollout    avg_loss: 0.000000071570  time_per_window : 0.001038   progress : 0.448
name: epochs=5
dataset.training_size=1500000
batch_size=128
training.mode=gml_rollout    avg_loss: 0.000000062182  time_per_window : 0.001076   progress : 0.459
name: epochs=5
dataset.training_size=1500000
batch_size=128
training.mode=gml_rollout    avg_loss: 0.000000065030  time_per_window : 0.001060   progress : 0.470
name: epochs=5
dataset.training_size=1500000
batch_size=128
training.mode=gml_rollout    avg_loss: 0.000000065712  time_per_window : 0.001113   progress : 0.481
name: epochs=5
dataset.training_size=1500000
batch_size=128
training.mode=gml_rollout    avg_loss: 0.000000073529  time_per_window : 0.001156   progress : 0.492
name: epochs=5
dataset.training_size=1500000
batch_size=128
training.mode=gml_rollout    avg_loss: 0.000000093292  time_per_window : 0.001061   progress : 0.502
name: epochs=5
dataset.training_size=1500000
batch_size=128
training.mode=gml_rollout    avg_loss: 0.000000064251  time_per_window : 0.001042   progress : 0.513
name: epochs=5
dataset.training_size=1500000
batch_size=128
training.mode=gml_rollout    avg_loss: 0.000000060389  time_per_window : 0.001110   progress : 0.524
name: epochs=5
dataset.training_size=1500000
batch_size=128
training.mode=gml_rollout    avg_loss: 0.000000057309  time_per_window : 0.000623   progress : 0.535
name: epochs=5
dataset.training_size=1500000
batch_size=128
training.mode=gml_rollout    avg_loss: 0.000000059908  time_per_window : 0.001156   progress : 0.546
name: epochs=5
dataset.training_size=1500000
batch_size=128
training.mode=gml_rollout    avg_loss: 0.000000059582  time_per_window : 0.001113   progress : 0.557
name: epochs=5
dataset.training_size=1500000
batch_size=128
training.mode=gml_rollout    avg_loss: 0.000000059418  time_per_window : 0.001060   progress : 0.568
name: epochs=5
dataset.training_size=1500000
batch_size=128
training.mode=gml_rollout    avg_loss: 0.000000054670  time_per_window : 0.001023   progress : 0.579
name: epochs=5
dataset.training_size=1500000
batch_size=128
training.mode=gml_rollout    avg_loss: 0.000000058590  time_per_window : 0.001172   progress : 0.590
name: epochs=5
dataset.training_size=1500000
batch_size=128
training.mode=gml_rollout    avg_loss: 0.000000057263  time_per_window : 0.001012   progress : 0.601
name: epochs=5
dataset.training_size=1500000
batch_size=128
training.mode=gml_rollout    avg_loss: 0.000000060386  time_per_window : 0.001026   progress : 0.612
name: epochs=5
dataset.training_size=1500000
batch_size=128
training.mode=gml_rollout    avg_loss: 0.000000060030  time_per_window : 0.001036   progress : 0.623
name: epochs=5
dataset.training_size=1500000
batch_size=128
training.mode=gml_rollout    avg_loss: 0.000000055425  time_per_window : 0.001169   progress : 0.634
name: epochs=5
dataset.training_size=1500000
batch_size=128
training.mode=gml_rollout    avg_loss: 0.000000059172  time_per_window : 0.001053   progress : 0.644
name: epochs=5
dataset.training_size=1500000
batch_size=128
training.mode=gml_rollout    avg_loss: 0.000000055987  time_per_window : 0.001136   progress : 0.655
name: epochs=5
dataset.training_size=1500000
batch_size=128
training.mode=gml_rollout    avg_loss: 0.000000051455  time_per_window : 0.001135   progress : 0.666
name: epochs=5
dataset.training_size=1500000
batch_size=128
training.mode=gml_rollout    avg_loss: 0.000000052621  time_per_window : 0.001038   progress : 0.677
name: epochs=5
dataset.training_size=1500000
batch_size=128
training.mode=gml_rollout    avg_loss: 0.000000049573  time_per_window : 0.001130   progress : 0.688
name: epochs=5
dataset.training_size=1500000
batch_size=128
training.mode=gml_rollout    avg_loss: 0.000000045325  time_per_window : 0.001035   progress : 0.699
name: epochs=5
dataset.training_size=1500000
batch_size=128
training.mode=gml_rollout    avg_loss: 0.000000045755  time_per_window : 0.001025   progress : 0.710
name: epochs=5
dataset.training_size=1500000
batch_size=128
training.mode=gml_rollout    avg_loss: 0.000000042848  time_per_window : 0.001028   progress : 0.721
name: epochs=5
dataset.training_size=1500000
batch_size=128
training.mode=gml_rollout    avg_loss: 0.000000044864  time_per_window : 0.001117   progress : 0.732
name: epochs=5
dataset.training_size=1500000
batch_size=128
training.mode=gml_rollout    avg_loss: 0.000000046024  time_per_window : 0.001052   progress : 0.743
name: epochs=5
dataset.training_size=1500000
batch_size=128
training.mode=gml_rollout    avg_loss: 0.000000048369  time_per_window : 0.001058   progress : 0.754
name: epochs=5
dataset.training_size=1500000
batch_size=128
training.mode=gml_rollout    avg_loss: 0.000000043515  time_per_window : 0.001102   progress : 0.765
name: epochs=5
dataset.training_size=1500000
batch_size=128
training.mode=gml_rollout    avg_loss: 0.000000047671  time_per_window : 0.001154   progress : 0.775
name: epochs=5
dataset.training_size=1500000
batch_size=128
training.mode=gml_rollout    avg_loss: 0.000000043851  time_per_window : 0.001150   progress : 0.786
name: epochs=5
dataset.training_size=1500000
batch_size=128
training.mode=gml_rollout    avg_loss: 0.000000047649  time_per_window : 0.001056   progress : 0.797
name: epochs=5
dataset.training_size=1500000
batch_size=128
training.mode=gml_rollout    avg_loss: 0.000000040268  time_per_window : 0.001091   progress : 0.808
name: epochs=5
dataset.training_size=1500000
batch_size=128
training.mode=gml_rollout    avg_loss: 0.000000040943  time_per_window : 0.001010   progress : 0.819
name: epochs=5
dataset.training_size=1500000
batch_size=128
training.mode=gml_rollout    avg_loss: 0.000000041679  time_per_window : 0.001025   progress : 0.830
name: epochs=5
dataset.training_size=1500000
batch_size=128
training.mode=gml_rollout    avg_loss: 0.000000041586  time_per_window : 0.001025   progress : 0.841
name: epochs=5
dataset.training_size=1500000
batch_size=128
training.mode=gml_rollout    avg_loss: 0.000000037327  time_per_window : 0.001048   progress : 0.852
name: epochs=5
dataset.training_size=1500000
batch_size=128
training.mode=gml_rollout    avg_loss: 0.000000036943  time_per_window : 0.001013   progress : 0.863
name: epochs=5
dataset.training_size=1500000
batch_size=128
training.mode=gml_rollout    avg_loss: 0.000000038333  time_per_window : 0.001043   progress : 0.874
name: epochs=5
dataset.training_size=1500000
batch_size=128
training.mode=gml_rollout    avg_loss: 0.000000035283  time_per_window : 0.001044   progress : 0.885
name: epochs=5
dataset.training_size=1500000
batch_size=128
training.mode=gml_rollout    avg_loss: 0.000000032635  time_per_window : 0.001059   progress : 0.896
name: epochs=5
dataset.training_size=1500000
batch_size=128
training.mode=gml_rollout    avg_loss: 0.000000035005  time_per_window : 0.001058   progress : 0.907
name: epochs=5
dataset.training_size=1500000
batch_size=128
training.mode=gml_rollout    avg_loss: 0.000000029367  time_per_window : 0.001048   progress : 0.917
name: epochs=5
dataset.training_size=1500000
batch_size=128
training.mode=gml_rollout    avg_loss: 0.000000031341  time_per_window : 0.001063   progress : 0.928
name: epochs=5
dataset.training_size=1500000
batch_size=128
training.mode=gml_rollout    avg_loss: 0.000000031086  time_per_window : 0.001057   progress : 0.939
name: epochs=5
dataset.training_size=1500000
batch_size=128
training.mode=gml_rollout    avg_loss: 0.000000029567  time_per_window : 0.001049   progress : 0.950
name: epochs=5
dataset.training_size=1500000
batch_size=128
training.mode=gml_rollout    avg_loss: 0.000000031161  time_per_window : 0.001057   progress : 0.961
name: epochs=5
dataset.training_size=1500000
batch_size=128
training.mode=gml_rollout    avg_loss: 0.000000030284  time_per_window : 0.001069   progress : 0.972
name: epochs=5
dataset.training_size=1500000
batch_size=128
training.mode=gml_rollout    avg_loss: 0.000000029276  time_per_window : 0.001058   progress : 0.983
name: epochs=5
dataset.training_size=1500000
batch_size=128
training.mode=gml_rollout    avg_loss: 0.000000029394  time_per_window : 0.001050   progress : 0.994
name: epochs=5
dataset.training_size=1500000
batch_size=128
training.mode=gml_rollout    avg_loss: 0.000002494967  time_per_window : 0.001044   progress : 0.011
name: epochs=5
dataset.training_size=1500000
batch_size=128
training.mode=gml_rollout    avg_loss: 0.000000200353  time_per_window : 0.001015   progress : 0.022
name: epochs=5
dataset.training_size=1500000
batch_size=128
training.mode=gml_rollout    avg_loss: 0.000000195774  time_per_window : 0.001060   progress : 0.033
name: epochs=5
dataset.training_size=1500000
batch_size=128
training.mode=gml_rollout    avg_loss: 0.000000176119  time_per_window : 0.001039   progress : 0.044
name: epochs=5
dataset.training_size=1500000
batch_size=128
training.mode=gml_rollout    avg_loss: 0.000000174414  time_per_window : 0.001054   progress : 0.055
name: epochs=5
dataset.training_size=1500000
batch_size=128
training.mode=gml_rollout    avg_loss: 0.000000188298  time_per_window : 0.001054   progress : 0.066
name: epochs=5
dataset.training_size=1500000
batch_size=128
training.mode=gml_rollout    avg_loss: 0.000000183394  time_per_window : 0.001069   progress : 0.076
name: epochs=5
dataset.training_size=1500000
batch_size=128
training.mode=gml_rollout    avg_loss: 0.000000153807  time_per_window : 0.001023   progress : 0.087
name: epochs=5
dataset.training_size=1500000
batch_size=128
training.mode=gml_rollout    avg_loss: 0.000000158766  time_per_window : 0.001047   progress : 0.098
name: epochs=5
dataset.training_size=1500000
batch_size=128
training.mode=gml_rollout    avg_loss: 0.000000166668  time_per_window : 0.001079   progress : 0.109
name: epochs=5
dataset.training_size=1500000
batch_size=128
training.mode=gml_rollout    avg_loss: 0.000000169319  time_per_window : 0.001039   progress : 0.120
name: epochs=5
dataset.training_size=1500000
batch_size=128
training.mode=gml_rollout    avg_loss: 0.000000150539  time_per_window : 0.001066   progress : 0.131
name: epochs=5
dataset.training_size=1500000
batch_size=128
training.mode=gml_rollout    avg_loss: 0.000000175111  time_per_window : 0.001054   progress : 0.142
name: epochs=5
dataset.training_size=1500000
batch_size=128
training.mode=gml_rollout    avg_loss: 0.000000154509  time_per_window : 0.001085   progress : 0.153
name: epochs=5
dataset.training_size=1500000
batch_size=128
training.mode=gml_rollout    avg_loss: 0.000000151601  time_per_window : 0.001068   progress : 0.164
name: epochs=5
dataset.training_size=1500000
batch_size=128
training.mode=gml_rollout    avg_loss: 0.000000150111  time_per_window : 0.001079   progress : 0.175
name: epochs=5
dataset.training_size=1500000
batch_size=128
training.mode=gml_rollout    avg_loss: 0.000000150414  time_per_window : 0.001060   progress : 0.186
name: epochs=5
dataset.training_size=1500000
batch_size=128
training.mode=gml_rollout    avg_loss: 0.000000150978  time_per_window : 0.001062   progress : 0.197
name: epochs=5
dataset.training_size=1500000
batch_size=128
training.mode=gml_rollout    avg_loss: 0.000000136578  time_per_window : 0.001066   progress : 0.208
name: epochs=5
dataset.training_size=1500000
batch_size=128
training.mode=gml_rollout    avg_loss: 0.000000132771  time_per_window : 0.001038   progress : 0.218
name: epochs=5
dataset.training_size=1500000
batch_size=128
training.mode=gml_rollout    avg_loss: 0.000000127675  time_per_window : 0.001055   progress : 0.229
name: epochs=5
dataset.training_size=1500000
batch_size=128
training.mode=gml_rollout    avg_loss: 0.000000136412  time_per_window : 0.001064   progress : 0.240
name: epochs=5
dataset.training_size=1500000
batch_size=128
training.mode=gml_rollout    avg_loss: 0.000000140701  time_per_window : 0.001054   progress : 0.251
name: epochs=5
dataset.training_size=1500000
batch_size=128
training.mode=gml_rollout    avg_loss: 0.000000126209  time_per_window : 0.001071   progress : 0.262
name: epochs=5
dataset.training_size=1500000
batch_size=128
training.mode=gml_rollout    avg_loss: 0.000000137805  time_per_window : 0.001057   progress : 0.273
name: epochs=5
dataset.training_size=1500000
batch_size=128
training.mode=gml_rollout    avg_loss: 0.000000133527  time_per_window : 0.001062   progress : 0.284
name: epochs=5
dataset.training_size=1500000
batch_size=128
training.mode=gml_rollout    avg_loss: 0.000000134668  time_per_window : 0.001025   progress : 0.295
name: epochs=5
dataset.training_size=1500000
batch_size=128
training.mode=gml_rollout    avg_loss: 0.000000132803  time_per_window : 0.001039   progress : 0.306
name: epochs=5
dataset.training_size=1500000
batch_size=128
training.mode=gml_rollout    avg_loss: 0.000000161637  time_per_window : 0.001030   progress : 0.317
name: epochs=5
dataset.training_size=1500000
batch_size=128
training.mode=gml_rollout    avg_loss: 0.000000135649  time_per_window : 0.001053   progress : 0.328
name: epochs=5
dataset.training_size=1500000
batch_size=128
training.mode=gml_rollout    avg_loss: 0.000000132679  time_per_window : 0.001054   progress : 0.339
name: epochs=5
dataset.training_size=1500000
batch_size=128
training.mode=gml_rollout    avg_loss: 0.000000123901  time_per_window : 0.001039   progress : 0.350
name: epochs=5
dataset.training_size=1500000
batch_size=128
training.mode=gml_rollout    avg_loss: 0.000000136319  time_per_window : 0.001033   progress : 0.360
name: epochs=5
dataset.training_size=1500000
batch_size=128
training.mode=gml_rollout    avg_loss: 0.000000121481  time_per_window : 0.001054   progress : 0.371
name: epochs=5
dataset.training_size=1500000
batch_size=128
training.mode=gml_rollout    avg_loss: 0.000000149488  time_per_window : 0.001051   progress : 0.382
name: epochs=5
dataset.training_size=1500000
batch_size=128
training.mode=gml_rollout    avg_loss: 0.000000122272  time_per_window : 0.001060   progress : 0.393
name: epochs=5
dataset.training_size=1500000
batch_size=128
training.mode=gml_rollout    avg_loss: 0.000000118178  time_per_window : 0.001033   progress : 0.404
name: epochs=5
dataset.training_size=1500000
batch_size=128
training.mode=gml_rollout    avg_loss: 0.000000116934  time_per_window : 0.001056   progress : 0.415
name: epochs=5
dataset.training_size=1500000
batch_size=128
training.mode=gml_rollout    avg_loss: 0.000000118866  time_per_window : 0.001040   progress : 0.426
name: epochs=5
dataset.training_size=1500000
batch_size=128
training.mode=gml_rollout    avg_loss: 0.000000099776  time_per_window : 0.001056   progress : 0.437
name: epochs=5
dataset.training_size=1500000
batch_size=128
training.mode=gml_rollout    avg_loss: 0.000000123709  time_per_window : 0.001046   progress : 0.448
name: epochs=5
dataset.training_size=1500000
batch_size=128
training.mode=gml_rollout    avg_loss: 0.000000099765  time_per_window : 0.001033   progress : 0.459
name: epochs=5
dataset.training_size=1500000
batch_size=128
training.mode=gml_rollout    avg_loss: 0.000000092046  time_per_window : 0.001055   progress : 0.470
name: epochs=5
dataset.training_size=1500000
batch_size=128
training.mode=gml_rollout    avg_loss: 0.000000088476  time_per_window : 0.001037   progress : 0.481
name: epochs=5
dataset.training_size=1500000
batch_size=128
training.mode=gml_rollout    avg_loss: 0.000000115087  time_per_window : 0.001051   progress : 0.492
name: epochs=5
dataset.training_size=1500000
batch_size=128
training.mode=gml_rollout    avg_loss: 0.000000090504  time_per_window : 0.001029   progress : 0.502
name: epochs=5
dataset.training_size=1500000
batch_size=128
training.mode=gml_rollout    avg_loss: 0.000000082405  time_per_window : 0.001035   progress : 0.513
name: epochs=5
dataset.training_size=1500000
batch_size=128
training.mode=gml_rollout    avg_loss: 0.000000081626  time_per_window : 0.001060   progress : 0.524
name: epochs=5
dataset.training_size=1500000
batch_size=128
training.mode=gml_rollout    avg_loss: 0.000000085979  time_per_window : 0.001007   progress : 0.535
name: epochs=5
dataset.training_size=1500000
batch_size=128
training.mode=gml_rollout    avg_loss: 0.000000092998  time_per_window : 0.001011   progress : 0.546
name: epochs=5
dataset.training_size=1500000
batch_size=128
training.mode=gml_rollout    avg_loss: 0.000000088499  time_per_window : 0.001050   progress : 0.557
name: epochs=5
dataset.training_size=1500000
batch_size=128
training.mode=gml_rollout    avg_loss: 0.000000069351  time_per_window : 0.001055   progress : 0.568
name: epochs=5
dataset.training_size=1500000
batch_size=128
training.mode=gml_rollout    avg_loss: 0.000000074259  time_per_window : 0.001047   progress : 0.579
name: epochs=5
dataset.training_size=1500000
batch_size=128
training.mode=gml_rollout    avg_loss: 0.000000137762  time_per_window : 0.001053   progress : 0.590
name: epochs=5
dataset.training_size=1500000
batch_size=128
training.mode=gml_rollout    avg_loss: 0.000000094990  time_per_window : 0.001059   progress : 0.601
name: epochs=5
dataset.training_size=1500000
batch_size=128
training.mode=gml_rollout    avg_loss: 0.000000079302  time_per_window : 0.001020   progress : 0.612
name: epochs=5
dataset.training_size=1500000
batch_size=128
training.mode=gml_rollout    avg_loss: 0.000000072669  time_per_window : 0.001054   progress : 0.623
name: epochs=5
dataset.training_size=1500000
batch_size=128
training.mode=gml_rollout    avg_loss: 0.000000083558  time_per_window : 0.001013   progress : 0.634
name: epochs=5
dataset.training_size=1500000
batch_size=128
training.mode=gml_rollout    avg_loss: 0.000000070300  time_per_window : 0.001056   progress : 0.644
name: epochs=5
dataset.training_size=1500000
batch_size=128
training.mode=gml_rollout    avg_loss: 0.000000083047  time_per_window : 0.001039   progress : 0.655
name: epochs=5
dataset.training_size=1500000
batch_size=128
training.mode=gml_rollout    avg_loss: 0.000000076959  time_per_window : 0.001024   progress : 0.666
name: epochs=5
dataset.training_size=1500000
batch_size=128
training.mode=gml_rollout    avg_loss: 0.000000067826  time_per_window : 0.001054   progress : 0.677
name: epochs=5
dataset.training_size=1500000
batch_size=128
training.mode=gml_rollout    avg_loss: 0.000000071250  time_per_window : 0.001031   progress : 0.688
name: epochs=5
dataset.training_size=1500000
batch_size=128
training.mode=gml_rollout    avg_loss: 0.000000079273  time_per_window : 0.001056   progress : 0.699
name: epochs=5
dataset.training_size=1500000
batch_size=128
training.mode=gml_rollout    avg_loss: 0.000000065220  time_per_window : 0.001055   progress : 0.710
name: epochs=5
dataset.training_size=1500000
batch_size=128
training.mode=gml_rollout    avg_loss: 0.000000065703  time_per_window : 0.001055   progress : 0.721
name: epochs=5
dataset.training_size=1500000
batch_size=128
training.mode=gml_rollout    avg_loss: 0.000000066370  time_per_window : 0.001053   progress : 0.732
name: epochs=5
dataset.training_size=1500000
batch_size=128
training.mode=gml_rollout    avg_loss: 0.000000071062  time_per_window : 0.001059   progress : 0.743
name: epochs=5
dataset.training_size=1500000
batch_size=128
training.mode=gml_rollout    avg_loss: 0.000000065783  time_per_window : 0.001064   progress : 0.754
name: epochs=5
dataset.training_size=1500000
batch_size=128
training.mode=gml_rollout    avg_loss: 0.000000064888  time_per_window : 0.001015   progress : 0.765
name: epochs=5
dataset.training_size=1500000
batch_size=128
training.mode=gml_rollout    avg_loss: 0.000000055388  time_per_window : 0.001057   progress : 0.775
name: epochs=5
dataset.training_size=1500000
batch_size=128
training.mode=gml_rollout    avg_loss: 0.000000060483  time_per_window : 0.001054   progress : 0.786
name: epochs=5
dataset.training_size=1500000
batch_size=128
training.mode=gml_rollout    avg_loss: 0.000000061618  time_per_window : 0.001027   progress : 0.797
name: epochs=5
dataset.training_size=1500000
batch_size=128
training.mode=gml_rollout    avg_loss: 0.000000060237  time_per_window : 0.001041   progress : 0.808
name: epochs=5
dataset.training_size=1500000
batch_size=128
training.mode=gml_rollout    avg_loss: 0.000000055946  time_per_window : 0.001051   progress : 0.819
name: epochs=5
dataset.training_size=1500000
batch_size=128
training.mode=gml_rollout    avg_loss: 0.000000052959  time_per_window : 0.001039   progress : 0.830
name: epochs=5
dataset.training_size=1500000
batch_size=128
training.mode=gml_rollout    avg_loss: 0.000000054413  time_per_window : 0.001048   progress : 0.841
name: epochs=5
dataset.training_size=1500000
batch_size=128
training.mode=gml_rollout    avg_loss: 0.000000049741  time_per_window : 0.001017   progress : 0.852
name: epochs=5
dataset.training_size=1500000
batch_size=128
training.mode=gml_rollout    avg_loss: 0.000000056009  time_per_window : 0.001064   progress : 0.863
name: epochs=5
dataset.training_size=1500000
batch_size=128
training.mode=gml_rollout    avg_loss: 0.000000039606  time_per_window : 0.001036   progress : 0.874
name: epochs=5
dataset.training_size=1500000
batch_size=128
training.mode=gml_rollout    avg_loss: 0.000000046455  time_per_window : 0.001064   progress : 0.885
name: epochs=5
dataset.training_size=1500000
batch_size=128
training.mode=gml_rollout    avg_loss: 0.000000058145  time_per_window : 0.001032   progress : 0.896
name: epochs=5
dataset.training_size=1500000
batch_size=128
training.mode=gml_rollout    avg_loss: 0.000000046082  time_per_window : 0.001065   progress : 0.907
name: epochs=5
dataset.training_size=1500000
batch_size=128
training.mode=gml_rollout    avg_loss: 0.000000035696  time_per_window : 0.001020   progress : 0.917
name: epochs=5
dataset.training_size=1500000
batch_size=128
training.mode=gml_rollout    avg_loss: 0.000000049363  time_per_window : 0.001046   progress : 0.928
name: epochs=5
dataset.training_size=1500000
batch_size=128
training.mode=gml_rollout    avg_loss: 0.000000038158  time_per_window : 0.001031   progress : 0.939
name: epochs=5
dataset.training_size=1500000
batch_size=128
training.mode=gml_rollout    avg_loss: 0.000000040860  time_per_window : 0.001042   progress : 0.950
name: epochs=5
dataset.training_size=1500000
batch_size=128
training.mode=gml_rollout    avg_loss: 0.000000054183  time_per_window : 0.001068   progress : 0.961
name: epochs=5
dataset.training_size=1500000
batch_size=128
training.mode=gml_rollout    avg_loss: 0.000000041471  time_per_window : 0.001058   progress : 0.972
name: epochs=5
dataset.training_size=1500000
batch_size=128
training.mode=gml_rollout    avg_loss: 0.000000074108  time_per_window : 0.001041   progress : 0.983
name: epochs=5
dataset.training_size=1500000
batch_size=128
training.mode=gml_rollout    avg_loss: 0.000000045044  time_per_window : 0.001033   progress : 0.994
name: epochs=5
dataset.training_size=1500000
batch_size=128
training.mode=gml_rollout    avg_loss: 0.000052073563  time_per_window : 0.001045   progress : 0.011
name: epochs=5
dataset.training_size=1500000
batch_size=128
training.mode=gml_rollout    avg_loss: 0.000006721777  time_per_window : 0.001057   progress : 0.022
name: epochs=5
dataset.training_size=1500000
batch_size=128
training.mode=gml_rollout    avg_loss: 0.000004498835  time_per_window : 0.001054   progress : 0.033
name: epochs=5
dataset.training_size=1500000
batch_size=128
training.mode=gml_rollout    avg_loss: 0.000003294654  time_per_window : 0.001057   progress : 0.044
name: epochs=5
dataset.training_size=1500000
batch_size=128
training.mode=gml_rollout    avg_loss: 0.000003287455  time_per_window : 0.001040   progress : 0.055
name: epochs=5
dataset.training_size=1500000
batch_size=128
training.mode=gml_rollout    avg_loss: 0.000002606743  time_per_window : 0.001056   progress : 0.066
name: epochs=5
dataset.training_size=1500000
batch_size=128
training.mode=gml_rollout    avg_loss: 0.000002288547  time_per_window : 0.001035   progress : 0.076
name: epochs=5
dataset.training_size=1500000
batch_size=128
training.mode=gml_rollout    avg_loss: 0.000002318536  time_per_window : 0.001041   progress : 0.087
name: epochs=5
dataset.training_size=1500000
batch_size=128
training.mode=gml_rollout    avg_loss: 0.000001704761  time_per_window : 0.001028   progress : 0.098
name: epochs=5
dataset.training_size=1500000
batch_size=128
training.mode=gml_rollout    avg_loss: 0.000001484987  time_per_window : 0.001056   progress : 0.109
name: epochs=5
dataset.training_size=1500000
batch_size=128
training.mode=gml_rollout    avg_loss: 0.000001465886  time_per_window : 0.001064   progress : 0.120
name: epochs=5
dataset.training_size=1500000
batch_size=128
training.mode=gml_rollout    avg_loss: 0.000001522050  time_per_window : 0.001033   progress : 0.131
name: epochs=5
dataset.training_size=1500000
batch_size=128
training.mode=gml_rollout    avg_loss: 0.000001513384  time_per_window : 0.001030   progress : 0.142
name: epochs=5
dataset.training_size=1500000
batch_size=128
training.mode=gml_rollout    avg_loss: 0.000001413677  time_per_window : 0.001015   progress : 0.153
name: epochs=5
dataset.training_size=1500000
batch_size=128
training.mode=gml_rollout    avg_loss: 0.000001221483  time_per_window : 0.001040   progress : 0.164
name: epochs=5
dataset.training_size=1500000
batch_size=128
training.mode=gml_rollout    avg_loss: 0.000001422991  time_per_window : 0.001081   progress : 0.175
name: epochs=5
dataset.training_size=1500000
batch_size=128
training.mode=gml_rollout    avg_loss: 0.000001406503  time_per_window : 0.001029   progress : 0.186
name: epochs=5
dataset.training_size=1500000
batch_size=128
training.mode=gml_rollout    avg_loss: 0.000001336181  time_per_window : 0.001050   progress : 0.197
name: epochs=5
dataset.training_size=1500000
batch_size=128
training.mode=gml_rollout    avg_loss: 0.000001166978  time_per_window : 0.001024   progress : 0.208
name: epochs=5
dataset.training_size=1500000
batch_size=128
training.mode=gml_rollout    avg_loss: 0.000001250932  time_per_window : 0.001060   progress : 0.218
name: epochs=5
dataset.training_size=1500000
batch_size=128
training.mode=gml_rollout    avg_loss: 0.000001187767  time_per_window : 0.001057   progress : 0.229
name: epochs=5
dataset.training_size=1500000
batch_size=128
training.mode=gml_rollout    avg_loss: 0.000001318675  time_per_window : 0.001048   progress : 0.240
name: epochs=5
dataset.training_size=1500000
batch_size=128
training.mode=gml_rollout    avg_loss: 0.000001287338  time_per_window : 0.001057   progress : 0.251
name: epochs=5
dataset.training_size=1500000
batch_size=128
training.mode=gml_rollout    avg_loss: 0.000001106669  time_per_window : 0.001040   progress : 0.262
name: epochs=5
dataset.training_size=1500000
batch_size=128
training.mode=gml_rollout    avg_loss: 0.000001509835  time_per_window : 0.001071   progress : 0.273
name: epochs=5
dataset.training_size=1500000
batch_size=128
training.mode=gml_rollout    avg_loss: 0.000000992616  time_per_window : 0.001056   progress : 0.284
name: epochs=5
dataset.training_size=1500000
batch_size=128
training.mode=gml_rollout    avg_loss: 0.000001085251  time_per_window : 0.001058   progress : 0.295
name: epochs=5
dataset.training_size=1500000
batch_size=128
training.mode=gml_rollout    avg_loss: 0.000000916676  time_per_window : 0.001062   progress : 0.306
name: epochs=5
dataset.training_size=1500000
batch_size=128
training.mode=gml_rollout    avg_loss: 0.000001240015  time_per_window : 0.001056   progress : 0.317
name: epochs=5
dataset.training_size=1500000
batch_size=128
training.mode=gml_rollout    avg_loss: 0.000001092486  time_per_window : 0.001023   progress : 0.328
name: epochs=5
dataset.training_size=1500000
batch_size=128
training.mode=gml_rollout    avg_loss: 0.000001094438  time_per_window : 0.001053   progress : 0.339
name: epochs=5
dataset.training_size=1500000
batch_size=128
training.mode=gml_rollout    avg_loss: 0.000000920123  time_per_window : 0.001016   progress : 0.350
name: epochs=5
dataset.training_size=1500000
batch_size=128
training.mode=gml_rollout    avg_loss: 0.000001146738  time_per_window : 0.001018   progress : 0.360
name: epochs=5
dataset.training_size=1500000
batch_size=128
training.mode=gml_rollout    avg_loss: 0.000001111383  time_per_window : 0.001037   progress : 0.371
name: epochs=5
dataset.training_size=1500000
batch_size=128
training.mode=gml_rollout    avg_loss: 0.000000845609  time_per_window : 0.001052   progress : 0.382
name: epochs=5
dataset.training_size=1500000
batch_size=128
training.mode=gml_rollout    avg_loss: 0.000000880669  time_per_window : 0.001043   progress : 0.393
name: epochs=5
dataset.training_size=1500000
batch_size=128
training.mode=gml_rollout    avg_loss: 0.000001065796  time_per_window : 0.001027   progress : 0.404
name: epochs=5
dataset.training_size=1500000
batch_size=128
training.mode=gml_rollout    avg_loss: 0.000001235533  time_per_window : 0.001055   progress : 0.415
name: epochs=5
dataset.training_size=1500000
batch_size=128
training.mode=gml_rollout    avg_loss: 0.000001215880  time_per_window : 0.001031   progress : 0.426
name: epochs=5
dataset.training_size=1500000
batch_size=128
training.mode=gml_rollout    avg_loss: 0.000000883235  time_per_window : 0.001035   progress : 0.437
name: epochs=5
dataset.training_size=1500000
batch_size=128
training.mode=gml_rollout    avg_loss: 0.000001596235  time_per_window : 0.001065   progress : 0.448
name: epochs=5
dataset.training_size=1500000
batch_size=128
training.mode=gml_rollout    avg_loss: 0.000001158353  time_per_window : 0.001046   progress : 0.459
name: epochs=5
dataset.training_size=1500000
batch_size=128
training.mode=gml_rollout    avg_loss: 0.000000846653  time_per_window : 0.001060   progress : 0.470
name: epochs=5
dataset.training_size=1500000
batch_size=128
training.mode=gml_rollout    avg_loss: 0.000000770197  time_per_window : 0.001028   progress : 0.481
name: epochs=5
dataset.training_size=1500000
batch_size=128
training.mode=gml_rollout    avg_loss: 0.000001168618  time_per_window : 0.001021   progress : 0.492
name: epochs=5
dataset.training_size=1500000
batch_size=128
training.mode=gml_rollout    avg_loss: 0.000001014608  time_per_window : 0.001074   progress : 0.502
name: epochs=5
dataset.training_size=1500000
batch_size=128
training.mode=gml_rollout    avg_loss: 0.000000865987  time_per_window : 0.001044   progress : 0.513
name: epochs=5
dataset.training_size=1500000
batch_size=128
training.mode=gml_rollout    avg_loss: 0.000001324753  time_per_window : 0.001046   progress : 0.524
name: epochs=5
dataset.training_size=1500000
batch_size=128
training.mode=gml_rollout    avg_loss: 0.000001142865  time_per_window : 0.001058   progress : 0.535
name: epochs=5
dataset.training_size=1500000
batch_size=128
training.mode=gml_rollout    avg_loss: 0.000001055191  time_per_window : 0.001008   progress : 0.546
name: epochs=5
dataset.training_size=1500000
batch_size=128
training.mode=gml_rollout    avg_loss: 0.000001229457  time_per_window : 0.001037   progress : 0.557
name: epochs=5
dataset.training_size=1500000
batch_size=128
training.mode=gml_rollout    avg_loss: 0.000001743461  time_per_window : 0.001037   progress : 0.568
name: epochs=5
dataset.training_size=1500000
batch_size=128
training.mode=gml_rollout    avg_loss: 0.000000727070  time_per_window : 0.001049   progress : 0.579
name: epochs=5
dataset.training_size=1500000
batch_size=128
training.mode=gml_rollout    avg_loss: 0.000000930418  time_per_window : 0.001026   progress : 0.590
name: epochs=5
dataset.training_size=1500000
batch_size=128
training.mode=gml_rollout    avg_loss: 0.000001045725  time_per_window : 0.001061   progress : 0.601
name: epochs=5
dataset.training_size=1500000
batch_size=128
training.mode=gml_rollout    avg_loss: 0.000000740710  time_per_window : 0.001032   progress : 0.612
name: epochs=5
dataset.training_size=1500000
batch_size=128
training.mode=gml_rollout    avg_loss: 0.000001238260  time_per_window : 0.001035   progress : 0.623
name: epochs=5
dataset.training_size=1500000
batch_size=128
training.mode=gml_rollout    avg_loss: 0.000001267267  time_per_window : 0.001030   progress : 0.634
name: epochs=5
dataset.training_size=1500000
batch_size=128
training.mode=gml_rollout    avg_loss: 0.000000954680  time_per_window : 0.001051   progress : 0.644
name: epochs=5
dataset.training_size=1500000
batch_size=128
training.mode=gml_rollout    avg_loss: 0.000000664916  time_per_window : 0.001067   progress : 0.655
name: epochs=5
dataset.training_size=1500000
batch_size=128
training.mode=gml_rollout    avg_loss: 0.000000674322  time_per_window : 0.001003   progress : 0.666
name: epochs=5
dataset.training_size=1500000
batch_size=128
training.mode=gml_rollout    avg_loss: 0.000000965153  time_per_window : 0.001053   progress : 0.677
name: epochs=5
dataset.training_size=1500000
batch_size=128
training.mode=gml_rollout    avg_loss: 0.000000747693  time_per_window : 0.001052   progress : 0.688
name: epochs=5
dataset.training_size=1500000
batch_size=128
training.mode=gml_rollout    avg_loss: 0.000000766510  time_per_window : 0.001038   progress : 0.699
name: epochs=5
dataset.training_size=1500000
batch_size=128
training.mode=gml_rollout    avg_loss: 0.000001413553  time_per_window : 0.001027   progress : 0.710
name: epochs=5
dataset.training_size=1500000
batch_size=128
training.mode=gml_rollout    avg_loss: 0.000000961545  time_per_window : 0.001063   progress : 0.721
name: epochs=5
dataset.training_size=1500000
batch_size=128
training.mode=gml_rollout    avg_loss: 0.000000834403  time_per_window : 0.001066   progress : 0.732
name: epochs=5
dataset.training_size=1500000
batch_size=128
training.mode=gml_rollout    avg_loss: 0.000001223235  time_per_window : 0.001031   progress : 0.743
name: epochs=5
dataset.training_size=1500000
batch_size=128
training.mode=gml_rollout    avg_loss: 0.000000985037  time_per_window : 0.001010   progress : 0.754
name: epochs=5
dataset.training_size=1500000
batch_size=128
training.mode=gml_rollout    avg_loss: 0.000000602995  time_per_window : 0.000998   progress : 0.765
name: epochs=5
dataset.training_size=1500000
batch_size=128
training.mode=gml_rollout    avg_loss: 0.000000871626  time_per_window : 0.001039   progress : 0.775
name: epochs=5
dataset.training_size=1500000
batch_size=128
training.mode=gml_rollout    avg_loss: 0.000001705820  time_per_window : 0.001045   progress : 0.786
name: epochs=5
dataset.training_size=1500000
batch_size=128
training.mode=gml_rollout    avg_loss: 0.000000826017  time_per_window : 0.001042   progress : 0.797
name: epochs=5
dataset.training_size=1500000
batch_size=128
training.mode=gml_rollout    avg_loss: 0.000000607098  time_per_window : 0.001070   progress : 0.808
name: epochs=5
dataset.training_size=1500000
batch_size=128
training.mode=gml_rollout    avg_loss: 0.000000701416  time_per_window : 0.001023   progress : 0.819
name: epochs=5
dataset.training_size=1500000
batch_size=128
training.mode=gml_rollout    avg_loss: 0.000000670647  time_per_window : 0.000588   progress : 0.830
name: epochs=5
dataset.training_size=1500000
batch_size=128
training.mode=gml_rollout    avg_loss: 0.000000763381  time_per_window : 0.000584   progress : 0.841
name: epochs=5
dataset.training_size=1500000
batch_size=128
training.mode=gml_rollout    avg_loss: 0.000000746818  time_per_window : 0.000577   progress : 0.852
name: epochs=5
dataset.training_size=1500000
batch_size=128
training.mode=gml_rollout    avg_loss: 0.000000838132  time_per_window : 0.000596   progress : 0.863
name: epochs=5
dataset.training_size=1500000
batch_size=128
training.mode=gml_rollout    avg_loss: 0.000000663235  time_per_window : 0.000586   progress : 0.874
name: epochs=5
dataset.training_size=1500000
batch_size=128
training.mode=gml_rollout    avg_loss: 0.000000595043  time_per_window : 0.000584   progress : 0.885
name: epochs=5
dataset.training_size=1500000
batch_size=128
training.mode=gml_rollout    avg_loss: 0.000000870474  time_per_window : 0.000648   progress : 0.896
name: epochs=5
dataset.training_size=1500000
batch_size=128
training.mode=gml_rollout    avg_loss: 0.000000562245  time_per_window : 0.000576   progress : 0.907
name: epochs=5
dataset.training_size=1500000
batch_size=128
training.mode=gml_rollout    avg_loss: 0.000000573178  time_per_window : 0.000593   progress : 0.917
name: epochs=5
dataset.training_size=1500000
batch_size=128
training.mode=gml_rollout    avg_loss: 0.000000675170  time_per_window : 0.000593   progress : 0.928
name: epochs=5
dataset.training_size=1500000
batch_size=128
training.mode=gml_rollout    avg_loss: 0.000000667782  time_per_window : 0.000554   progress : 0.939
name: epochs=5
dataset.training_size=1500000
batch_size=128
training.mode=gml_rollout    avg_loss: 0.000000759850  time_per_window : 0.000572   progress : 0.950
name: epochs=5
dataset.training_size=1500000
batch_size=128
training.mode=gml_rollout    avg_loss: 0.000000657237  time_per_window : 0.000575   progress : 0.961
name: epochs=5
dataset.training_size=1500000
batch_size=128
training.mode=gml_rollout    avg_loss: 0.000005033044  time_per_window : 0.000566   progress : 0.972
name: epochs=5
dataset.training_size=1500000
batch_size=128
training.mode=gml_rollout    avg_loss: 0.000000842762  time_per_window : 0.000591   progress : 0.983
name: epochs=5
dataset.training_size=1500000
batch_size=128
training.mode=gml_rollout    avg_loss: 0.000000878496  time_per_window : 0.000565   progress : 0.994
name: epochs=5
dataset.training_size=1500000
batch_size=128
training.mode=gml_rollout    avg_loss: -64.091850280762  time_per_window : 0.000676   progress : 0.011
name: epochs=5
dataset.training_size=1500000
batch_size=128
training.mode=gml_rollout    avg_loss: -68.575508117676  time_per_window : 0.000691   progress : 0.022
name: epochs=5
dataset.training_size=1500000
batch_size=128
training.mode=gml_rollout    avg_loss: -68.649734497070  time_per_window : 0.000682   progress : 0.033
name: epochs=5
dataset.training_size=1500000
batch_size=128
training.mode=gml_rollout    avg_loss: -68.862976074219  time_per_window : 0.000687   progress : 0.044
name: epochs=5
dataset.training_size=1500000
batch_size=128
training.mode=gml_rollout    avg_loss: -68.948974609375  time_per_window : 0.000686   progress : 0.055
name: epochs=5
dataset.training_size=1500000
batch_size=128
training.mode=gml_rollout    avg_loss: -68.977439880371  time_per_window : 0.000693   progress : 0.066
name: epochs=5
dataset.training_size=1500000
batch_size=128
training.mode=gml_rollout    avg_loss: -68.992324829102  time_per_window : 0.000691   progress : 0.076
name: epochs=5
dataset.training_size=1500000
batch_size=128
training.mode=gml_rollout    avg_loss: -68.998237609863  time_per_window : 0.000693   progress : 0.087
name: epochs=5
dataset.training_size=1500000
batch_size=128
training.mode=gml_rollout    avg_loss: -68.997535705566  time_per_window : 0.000750   progress : 0.098
name: epochs=5
dataset.training_size=1500000
batch_size=128
training.mode=gml_rollout    avg_loss: -69.016242980957  time_per_window : 0.000702   progress : 0.109
name: epochs=5
dataset.training_size=1500000
batch_size=128
training.mode=gml_rollout    avg_loss: -69.013671875000  time_per_window : 0.000750   progress : 0.120
name: epochs=5
dataset.training_size=1500000
batch_size=128
training.mode=gml_rollout    avg_loss: -69.020149230957  time_per_window : 0.000748   progress : 0.131
name: epochs=5
dataset.training_size=1500000
batch_size=128
training.mode=gml_rollout    avg_loss: -69.019241333008  time_per_window : 0.000729   progress : 0.142
name: epochs=5
dataset.training_size=1500000
batch_size=128
training.mode=gml_rollout    avg_loss: -69.016975402832  time_per_window : 0.000695   progress : 0.153
name: epochs=5
dataset.training_size=1500000
batch_size=128
training.mode=gml_rollout    avg_loss: -69.023361206055  time_per_window : 0.000722   progress : 0.164
name: epochs=5
dataset.training_size=1500000
batch_size=128
training.mode=gml_rollout    avg_loss: -69.025321960449  time_per_window : 0.000705   progress : 0.175
name: epochs=5
dataset.training_size=1500000
batch_size=128
training.mode=gml_rollout    avg_loss: -69.009162902832  time_per_window : 0.000688   progress : 0.186
name: epochs=5
dataset.training_size=1500000
batch_size=128
training.mode=gml_rollout    avg_loss: -69.026931762695  time_per_window : 0.000768   progress : 0.197
name: epochs=5
dataset.training_size=1500000
batch_size=128
training.mode=gml_rollout    avg_loss: -69.027618408203  time_per_window : 0.000713   progress : 0.208
name: epochs=5
dataset.training_size=1500000
batch_size=128
training.mode=gml_rollout    avg_loss: -69.028236389160  time_per_window : 0.000691   progress : 0.218
name: epochs=5
dataset.training_size=1500000
batch_size=128
training.mode=gml_rollout    avg_loss: -69.032432556152  time_per_window : 0.000708   progress : 0.229
name: epochs=5
dataset.training_size=1500000
batch_size=128
training.mode=gml_rollout    avg_loss: -69.033805847168  time_per_window : 0.000707   progress : 0.240
name: epochs=5
dataset.training_size=1500000
batch_size=128
training.mode=gml_rollout    avg_loss: -69.024887084961  time_per_window : 0.000690   progress : 0.251
name: epochs=5
dataset.training_size=1500000
batch_size=128
training.mode=gml_rollout    avg_loss: -69.033378601074  time_per_window : 0.000702   progress : 0.262
name: epochs=5
dataset.training_size=1500000
batch_size=128
training.mode=gml_rollout    avg_loss: -69.035133361816  time_per_window : 0.000735   progress : 0.273
name: epochs=5
dataset.training_size=1500000
batch_size=128
training.mode=gml_rollout    avg_loss: -69.031539916992  time_per_window : 0.000697   progress : 0.284
name: epochs=5
dataset.training_size=1500000
batch_size=128
training.mode=gml_rollout    avg_loss: -69.025848388672  time_per_window : 0.000713   progress : 0.295
name: epochs=5
dataset.training_size=1500000
batch_size=128
training.mode=gml_rollout    avg_loss: -69.034774780273  time_per_window : 0.000732   progress : 0.306
name: epochs=5
dataset.training_size=1500000
batch_size=128
training.mode=gml_rollout    avg_loss: -69.032470703125  time_per_window : 0.000714   progress : 0.317
name: epochs=5
dataset.training_size=1500000
batch_size=128
training.mode=gml_rollout    avg_loss: -69.038391113281  time_per_window : 0.000774   progress : 0.328
name: epochs=5
dataset.training_size=1500000
batch_size=128
training.mode=gml_rollout    avg_loss: -69.038414001465  time_per_window : 0.000708   progress : 0.339
name: epochs=5
dataset.training_size=1500000
batch_size=128
training.mode=gml_rollout    avg_loss: -69.033584594727  time_per_window : 0.000709   progress : 0.350
name: epochs=5
dataset.training_size=1500000
batch_size=128
training.mode=gml_rollout    avg_loss: -69.029319763184  time_per_window : 0.000713   progress : 0.360
name: epochs=5
dataset.training_size=1500000
batch_size=128
training.mode=gml_rollout    avg_loss: -69.029113769531  time_per_window : 0.000689   progress : 0.371
name: epochs=5
dataset.training_size=1500000
batch_size=128
training.mode=gml_rollout    avg_loss: -69.035430908203  time_per_window : 0.000694   progress : 0.382
name: epochs=5
dataset.training_size=1500000
batch_size=128
training.mode=gml_rollout    avg_loss: -69.037452697754  time_per_window : 0.000711   progress : 0.393
name: epochs=5
dataset.training_size=1500000
batch_size=128
training.mode=gml_rollout    avg_loss: -69.035095214844  time_per_window : 0.000710   progress : 0.404
name: epochs=5
dataset.training_size=1500000
batch_size=128
training.mode=gml_rollout    avg_loss: -69.036590576172  time_per_window : 0.000728   progress : 0.415
name: epochs=5
dataset.training_size=1500000
batch_size=128
training.mode=gml_rollout    avg_loss: -69.031913757324  time_per_window : 0.000724   progress : 0.426
name: epochs=5
dataset.training_size=1500000
batch_size=128
training.mode=gml_rollout    avg_loss: -69.040412902832  time_per_window : 0.000725   progress : 0.437
name: epochs=5
dataset.training_size=1500000
batch_size=128
training.mode=gml_rollout    avg_loss: -69.038032531738  time_per_window : 0.000695   progress : 0.448
name: epochs=5
dataset.training_size=1500000
batch_size=128
training.mode=gml_rollout    avg_loss: -69.021591186523  time_per_window : 0.000719   progress : 0.459
name: epochs=5
dataset.training_size=1500000
batch_size=128
training.mode=gml_rollout    avg_loss: -69.037826538086  time_per_window : 0.000701   progress : 0.470
name: epochs=5
dataset.training_size=1500000
batch_size=128
training.mode=gml_rollout    avg_loss: -69.040611267090  time_per_window : 0.000689   progress : 0.481
name: epochs=5
dataset.training_size=1500000
batch_size=128
training.mode=gml_rollout    avg_loss: -69.041732788086  time_per_window : 0.000713   progress : 0.492
name: epochs=5
dataset.training_size=1500000
batch_size=128
training.mode=gml_rollout    avg_loss: -69.037231445312  time_per_window : 0.000686   progress : 0.502
name: epochs=5
dataset.training_size=1500000
batch_size=128
training.mode=gml_rollout    avg_loss: -69.035758972168  time_per_window : 0.000710   progress : 0.513
name: epochs=5
dataset.training_size=1500000
batch_size=128
training.mode=gml_rollout    avg_loss: -69.035598754883  time_per_window : 0.000731   progress : 0.524
name: epochs=5
dataset.training_size=1500000
batch_size=128
training.mode=gml_rollout    avg_loss: -69.039794921875  time_per_window : 0.000712   progress : 0.535
name: epochs=5
dataset.training_size=1500000
batch_size=128
training.mode=gml_rollout    avg_loss: -69.039894104004  time_per_window : 0.000684   progress : 0.546
name: epochs=5
dataset.training_size=1500000
batch_size=128
training.mode=gml_rollout    avg_loss: -69.040603637695  time_per_window : 0.000742   progress : 0.557
name: epochs=5
dataset.training_size=1500000
batch_size=128
training.mode=gml_rollout    avg_loss: -69.040725708008  time_per_window : 0.000696   progress : 0.568
name: epochs=5
dataset.training_size=1500000
batch_size=128
training.mode=gml_rollout    avg_loss: -69.042793273926  time_per_window : 0.000684   progress : 0.579
name: epochs=5
dataset.training_size=1500000
batch_size=128
training.mode=gml_rollout    avg_loss: -69.042152404785  time_per_window : 0.000720   progress : 0.590
name: epochs=5
dataset.training_size=1500000
batch_size=128
training.mode=gml_rollout    avg_loss: -69.044746398926  time_per_window : 0.000694   progress : 0.601
name: epochs=5
dataset.training_size=1500000
batch_size=128
training.mode=gml_rollout    avg_loss: -69.043479919434  time_per_window : 0.000691   progress : 0.612
name: epochs=5
dataset.training_size=1500000
batch_size=128
training.mode=gml_rollout    avg_loss: -69.042625427246  time_per_window : 0.000758   progress : 0.623
name: epochs=5
dataset.training_size=1500000
batch_size=128
training.mode=gml_rollout    avg_loss: -68.923255920410  time_per_window : 0.000700   progress : 0.634
name: epochs=5
dataset.training_size=1500000
batch_size=128
training.mode=gml_rollout    avg_loss: -69.041381835938  time_per_window : 0.000683   progress : 0.644
name: epochs=5
dataset.training_size=1500000
batch_size=128
training.mode=gml_rollout    avg_loss: -69.042762756348  time_per_window : 0.000706   progress : 0.655
name: epochs=5
dataset.training_size=1500000
batch_size=128
training.mode=gml_rollout    avg_loss: -69.046752929688  time_per_window : 0.000694   progress : 0.666
name: epochs=5
dataset.training_size=1500000
batch_size=128
training.mode=gml_rollout    avg_loss: -69.046371459961  time_per_window : 0.000702   progress : 0.677
name: epochs=5
dataset.training_size=1500000
batch_size=128
training.mode=gml_rollout    avg_loss: -69.046409606934  time_per_window : 0.000749   progress : 0.688
name: epochs=5
dataset.training_size=1500000
batch_size=128
training.mode=gml_rollout    avg_loss: -69.042808532715  time_per_window : 0.000735   progress : 0.699
name: epochs=5
dataset.training_size=1500000
batch_size=128
training.mode=gml_rollout    avg_loss: -69.034019470215  time_per_window : 0.000702   progress : 0.710
name: epochs=5
dataset.training_size=1500000
batch_size=128
training.mode=gml_rollout    avg_loss: -69.042098999023  time_per_window : 0.000704   progress : 0.721
name: epochs=5
dataset.training_size=1500000
batch_size=128
training.mode=gml_rollout    avg_loss: -69.045730590820  time_per_window : 0.000721   progress : 0.732
name: epochs=5
dataset.training_size=1500000
batch_size=128
training.mode=gml_rollout    avg_loss: -69.046646118164  time_per_window : 0.000712   progress : 0.743
name: epochs=5
dataset.training_size=1500000
batch_size=128
training.mode=gml_rollout    avg_loss: -69.035980224609  time_per_window : 0.000712   progress : 0.754
name: epochs=5
dataset.training_size=1500000
batch_size=128
training.mode=gml_rollout    avg_loss: -69.046722412109  time_per_window : 0.000694   progress : 0.765
name: epochs=5
dataset.training_size=1500000
batch_size=128
training.mode=gml_rollout    avg_loss: -69.043388366699  time_per_window : 0.000689   progress : 0.775
name: epochs=5
dataset.training_size=1500000
batch_size=128
training.mode=gml_rollout    avg_loss: -69.044326782227  time_per_window : 0.000710   progress : 0.786
name: epochs=5
dataset.training_size=1500000
batch_size=128
training.mode=gml_rollout    avg_loss: -69.044975280762  time_per_window : 0.000693   progress : 0.797
name: epochs=5
dataset.training_size=1500000
batch_size=128
training.mode=gml_rollout    avg_loss: -69.045181274414  time_per_window : 0.000679   progress : 0.808
name: epochs=5
dataset.training_size=1500000
batch_size=128
training.mode=gml_rollout    avg_loss: -69.045417785645  time_per_window : 0.000703   progress : 0.819
name: epochs=5
dataset.training_size=1500000
batch_size=128
training.mode=gml_rollout    avg_loss: -69.046119689941  time_per_window : 0.000720   progress : 0.830
name: epochs=5
dataset.training_size=1500000
batch_size=128
training.mode=gml_rollout    avg_loss: -69.032875061035  time_per_window : 0.000712   progress : 0.841
name: epochs=5
dataset.training_size=1500000
batch_size=128
training.mode=gml_rollout    avg_loss: -69.044128417969  time_per_window : 0.000818   progress : 0.852
name: epochs=5
dataset.training_size=1500000
batch_size=128
training.mode=gml_rollout    avg_loss: -69.043273925781  time_per_window : 0.000721   progress : 0.863
name: epochs=5
dataset.training_size=1500000
batch_size=128
training.mode=gml_rollout    avg_loss: -69.045822143555  time_per_window : 0.000720   progress : 0.874
name: epochs=5
dataset.training_size=1500000
batch_size=128
training.mode=gml_rollout    avg_loss: -69.044075012207  time_per_window : 0.000716   progress : 0.885
name: epochs=5
dataset.training_size=1500000
batch_size=128
training.mode=gml_rollout    avg_loss: -69.045471191406  time_per_window : 0.000713   progress : 0.896
name: epochs=5
dataset.training_size=1500000
batch_size=128
training.mode=gml_rollout    avg_loss: -69.046195983887  time_per_window : 0.000694   progress : 0.907
name: epochs=5
dataset.training_size=1500000
batch_size=128
training.mode=gml_rollout    avg_loss: -69.046012878418  time_per_window : 0.000689   progress : 0.917
name: epochs=5
dataset.training_size=1500000
batch_size=128
training.mode=gml_rollout    avg_loss: -69.038017272949  time_per_window : 0.000715   progress : 0.928
name: epochs=5
dataset.training_size=1500000
batch_size=128
training.mode=gml_rollout    avg_loss: -69.045524597168  time_per_window : 0.000689   progress : 0.939
name: epochs=5
dataset.training_size=1500000
batch_size=128
training.mode=gml_rollout    avg_loss: -69.046905517578  time_per_window : 0.000702   progress : 0.950
name: epochs=5
dataset.training_size=1500000
batch_size=128
training.mode=gml_rollout    avg_loss: -69.036499023438  time_per_window : 0.000697   progress : 0.961
name: epochs=5
dataset.training_size=1500000
batch_size=128
training.mode=gml_rollout    avg_loss: -69.045211791992  time_per_window : 0.000687   progress : 0.972
name: epochs=5
dataset.training_size=1500000
batch_size=128
training.mode=gml_rollout    avg_loss: -69.035675048828  time_per_window : 0.000703   progress : 0.983
name: epochs=5
dataset.training_size=1500000
batch_size=128
training.mode=gml_rollout    avg_loss: -69.044334411621  time_per_window : 0.000714   progress : 0.994
DONE!!!
