/media/egghead/Scratch/joey/Thesis/mavenv/lib/python3.11/site-packages/hydra/_internal/defaults_list.py:251: UserWarning: In 'config': Defaults list is missing `_self_`. See https://hydra.cc/docs/1.2/upgrades/1.0_to_1.1/default_composition_order for more information
  warnings.warn(msg, UserWarning)
Using cuda device
models:
  n_dim: 23
  out_dim: 10
  architecture:
    d_model: 128
    n_encoder_layers: 2
    n_decoder_layers: 0
    block_type: cls
    time_adapter: last_token
    in_norm: none
    out_norm: none
    layer_scale: 0.0001
    drop_path: 0.05
    mamba_type: mamba
    mamba_kwargs:
      d_state: 64
      d_conv: 4
      expand: 4
      norm: rms
    skip: false
    cls_kwargs:
      n_heads: 2
      n_mlp: 2
      positional_encoding: false
      max_len: 5000
input_len: 64
output_len: 1
batch_size: 128
epochs: 5
seed: 0
dataset:
  path: /media/egghead/Scratch/joey/simulation_data/patient_one_data.zarr/
  training_size: 1500000
evaluation:
  path: /media/egghead/Scratch/joey/simulation_data/patient_two_data.zarr/
  evaluation_size: 10
training:
  mode: standard
  lr: 0.0002
  weight_decay: 0.1
  rollout_steps: 32
checkpoint:
  save_path: hydra-test.pth
  load: false
  path: hydra-test.pth
compile: true

name: epochs=5
dataset.training_size=1500000
batch_size=128
training.mode=standard    avg_loss: 0.000138724223  time_per_window : 0.000045   progress : 0.011
name: epochs=5
dataset.training_size=1500000
batch_size=128
training.mode=standard    avg_loss: 0.000000333086  time_per_window : 0.000047   progress : 0.022
name: epochs=5
dataset.training_size=1500000
batch_size=128
training.mode=standard    avg_loss: 0.000000252077  time_per_window : 0.000059   progress : 0.033
name: epochs=5
dataset.training_size=1500000
batch_size=128
training.mode=standard    avg_loss: 0.000000213567  time_per_window : 0.000056   progress : 0.044
name: epochs=5
dataset.training_size=1500000
batch_size=128
training.mode=standard    avg_loss: 0.000000188930  time_per_window : 0.000073   progress : 0.055
name: epochs=5
dataset.training_size=1500000
batch_size=128
training.mode=standard    avg_loss: 0.000000169669  time_per_window : 0.000070   progress : 0.066
name: epochs=5
dataset.training_size=1500000
batch_size=128
training.mode=standard    avg_loss: 0.000000164674  time_per_window : 0.000073   progress : 0.076
name: epochs=5
dataset.training_size=1500000
batch_size=128
training.mode=standard    avg_loss: 0.000000150650  time_per_window : 0.000055   progress : 0.087
name: epochs=5
dataset.training_size=1500000
batch_size=128
training.mode=standard    avg_loss: 0.000000137405  time_per_window : 0.000074   progress : 0.098
name: epochs=5
dataset.training_size=1500000
batch_size=128
training.mode=standard    avg_loss: 0.000000128052  time_per_window : 0.000063   progress : 0.109
name: epochs=5
dataset.training_size=1500000
batch_size=128
training.mode=standard    avg_loss: 0.000000123644  time_per_window : 0.000044   progress : 0.120
name: epochs=5
dataset.training_size=1500000
batch_size=128
training.mode=standard    avg_loss: 0.000000114174  time_per_window : 0.000073   progress : 0.131
name: epochs=5
dataset.training_size=1500000
batch_size=128
training.mode=standard    avg_loss: 0.000000106089  time_per_window : 0.000074   progress : 0.142
name: epochs=5
dataset.training_size=1500000
batch_size=128
training.mode=standard    avg_loss: 0.000000106388  time_per_window : 0.000069   progress : 0.153
name: epochs=5
dataset.training_size=1500000
batch_size=128
training.mode=standard    avg_loss: 0.000000097538  time_per_window : 0.000075   progress : 0.164
name: epochs=5
dataset.training_size=1500000
batch_size=128
training.mode=standard    avg_loss: 0.000000093722  time_per_window : 0.000074   progress : 0.175
name: epochs=5
dataset.training_size=1500000
batch_size=128
training.mode=standard    avg_loss: 0.000000094845  time_per_window : 0.000068   progress : 0.186
name: epochs=5
dataset.training_size=1500000
batch_size=128
training.mode=standard    avg_loss: 0.000000094086  time_per_window : 0.000073   progress : 0.197
name: epochs=5
dataset.training_size=1500000
batch_size=128
training.mode=standard    avg_loss: 0.000000088139  time_per_window : 0.000075   progress : 0.208
name: epochs=5
dataset.training_size=1500000
batch_size=128
training.mode=standard    avg_loss: 0.000000089103  time_per_window : 0.000041   progress : 0.218
name: epochs=5
dataset.training_size=1500000
batch_size=128
training.mode=standard    avg_loss: 0.000000110013  time_per_window : 0.000082   progress : 0.229
name: epochs=5
dataset.training_size=1500000
batch_size=128
training.mode=standard    avg_loss: 0.000000120317  time_per_window : 0.000058   progress : 0.240
name: epochs=5
dataset.training_size=1500000
batch_size=128
training.mode=standard    avg_loss: 0.000000123259  time_per_window : 0.000094   progress : 0.251
name: epochs=5
dataset.training_size=1500000
batch_size=128
training.mode=standard    avg_loss: 0.000000116267  time_per_window : 0.000042   progress : 0.262
name: epochs=5
dataset.training_size=1500000
batch_size=128
training.mode=standard    avg_loss: 0.000000105927  time_per_window : 0.000073   progress : 0.273
name: epochs=5
dataset.training_size=1500000
batch_size=128
training.mode=standard    avg_loss: 0.000000124254  time_per_window : 0.000040   progress : 0.284
name: epochs=5
dataset.training_size=1500000
batch_size=128
training.mode=standard    avg_loss: 0.000000106722  time_per_window : 0.000073   progress : 0.295
name: epochs=5
dataset.training_size=1500000
batch_size=128
training.mode=standard    avg_loss: 0.000000127635  time_per_window : 0.000074   progress : 0.306
name: epochs=5
dataset.training_size=1500000
batch_size=128
training.mode=standard    avg_loss: 0.000000099518  time_per_window : 0.000078   progress : 0.317
name: epochs=5
dataset.training_size=1500000
batch_size=128
training.mode=standard    avg_loss: 0.000000130594  time_per_window : 0.000074   progress : 0.328
name: epochs=5
dataset.training_size=1500000
batch_size=128
training.mode=standard    avg_loss: 0.000000120275  time_per_window : 0.000076   progress : 0.339
name: epochs=5
dataset.training_size=1500000
batch_size=128
training.mode=standard    avg_loss: 0.000000106075  time_per_window : 0.000092   progress : 0.350
name: epochs=5
dataset.training_size=1500000
batch_size=128
training.mode=standard    avg_loss: 0.000000126401  time_per_window : 0.000075   progress : 0.360
name: epochs=5
dataset.training_size=1500000
batch_size=128
training.mode=standard    avg_loss: 0.000000110876  time_per_window : 0.000072   progress : 0.371
name: epochs=5
dataset.training_size=1500000
batch_size=128
training.mode=standard    avg_loss: 0.000000136515  time_per_window : 0.000045   progress : 0.382
name: epochs=5
dataset.training_size=1500000
batch_size=128
training.mode=standard    avg_loss: 0.000000129958  time_per_window : 0.000075   progress : 0.393
name: epochs=5
dataset.training_size=1500000
batch_size=128
training.mode=standard    avg_loss: 0.000000121285  time_per_window : 0.000072   progress : 0.404
name: epochs=5
dataset.training_size=1500000
batch_size=128
training.mode=standard    avg_loss: 0.000000123896  time_per_window : 0.000060   progress : 0.415
name: epochs=5
dataset.training_size=1500000
batch_size=128
training.mode=standard    avg_loss: 0.000000126409  time_per_window : 0.000075   progress : 0.426
name: epochs=5
dataset.training_size=1500000
batch_size=128
training.mode=standard    avg_loss: 0.000000123096  time_per_window : 0.000078   progress : 0.437
name: epochs=5
dataset.training_size=1500000
batch_size=128
training.mode=standard    avg_loss: 0.000000101360  time_per_window : 0.000061   progress : 0.448
name: epochs=5
dataset.training_size=1500000
batch_size=128
training.mode=standard    avg_loss: 0.000000129664  time_per_window : 0.000077   progress : 0.459
name: epochs=5
dataset.training_size=1500000
batch_size=128
training.mode=standard    avg_loss: 0.000000128209  time_per_window : 0.000062   progress : 0.470
name: epochs=5
dataset.training_size=1500000
batch_size=128
training.mode=standard    avg_loss: 0.000000118634  time_per_window : 0.000090   progress : 0.481
name: epochs=5
dataset.training_size=1500000
batch_size=128
training.mode=standard    avg_loss: 0.000000116179  time_per_window : 0.000072   progress : 0.492
name: epochs=5
dataset.training_size=1500000
batch_size=128
training.mode=standard    avg_loss: 0.000000097926  time_per_window : 0.000074   progress : 0.502
name: epochs=5
dataset.training_size=1500000
batch_size=128
training.mode=standard    avg_loss: 0.000000101193  time_per_window : 0.000089   progress : 0.513
name: epochs=5
dataset.training_size=1500000
batch_size=128
training.mode=standard    avg_loss: 0.000000128911  time_per_window : 0.000074   progress : 0.524
name: epochs=5
dataset.training_size=1500000
batch_size=128
training.mode=standard    avg_loss: 0.000000116915  time_per_window : 0.000074   progress : 0.535
name: epochs=5
dataset.training_size=1500000
batch_size=128
training.mode=standard    avg_loss: 0.000000116909  time_per_window : 0.000062   progress : 0.546
name: epochs=5
dataset.training_size=1500000
batch_size=128
training.mode=standard    avg_loss: 0.000000095679  time_per_window : 0.000074   progress : 0.557
name: epochs=5
dataset.training_size=1500000
batch_size=128
training.mode=standard    avg_loss: 0.000000113345  time_per_window : 0.000063   progress : 0.568
name: epochs=5
dataset.training_size=1500000
batch_size=128
training.mode=standard    avg_loss: 0.000000096263  time_per_window : 0.000042   progress : 0.579
name: epochs=5
dataset.training_size=1500000
batch_size=128
training.mode=standard    avg_loss: 0.000000117399  time_per_window : 0.000073   progress : 0.590
name: epochs=5
dataset.training_size=1500000
batch_size=128
training.mode=standard    avg_loss: 0.000000107269  time_per_window : 0.000076   progress : 0.601
name: epochs=5
dataset.training_size=1500000
batch_size=128
training.mode=standard    avg_loss: 0.000000106478  time_per_window : 0.000080   progress : 0.612
name: epochs=5
dataset.training_size=1500000
batch_size=128
training.mode=standard    avg_loss: 0.000000120286  time_per_window : 0.000075   progress : 0.623
name: epochs=5
dataset.training_size=1500000
batch_size=128
training.mode=standard    avg_loss: 0.000000109775  time_per_window : 0.000074   progress : 0.634
name: epochs=5
dataset.training_size=1500000
batch_size=128
training.mode=standard    avg_loss: 0.000000097404  time_per_window : 0.000069   progress : 0.644
name: epochs=5
dataset.training_size=1500000
batch_size=128
training.mode=standard    avg_loss: 0.000000112651  time_per_window : 0.000074   progress : 0.655
name: epochs=5
dataset.training_size=1500000
batch_size=128
training.mode=standard    avg_loss: 0.000000091181  time_per_window : 0.000064   progress : 0.666
name: epochs=5
dataset.training_size=1500000
batch_size=128
training.mode=standard    avg_loss: 0.000000105428  time_per_window : 0.000044   progress : 0.677
name: epochs=5
dataset.training_size=1500000
batch_size=128
training.mode=standard    avg_loss: 0.000000090260  time_per_window : 0.000074   progress : 0.688
name: epochs=5
dataset.training_size=1500000
batch_size=128
training.mode=standard    avg_loss: 0.000000087203  time_per_window : 0.000049   progress : 0.699
name: epochs=5
dataset.training_size=1500000
batch_size=128
training.mode=standard    avg_loss: 0.000000126606  time_per_window : 0.000082   progress : 0.710
name: epochs=5
dataset.training_size=1500000
batch_size=128
training.mode=standard    avg_loss: 0.000000078843  time_per_window : 0.000072   progress : 0.721
name: epochs=5
dataset.training_size=1500000
batch_size=128
training.mode=standard    avg_loss: 0.000000086461  time_per_window : 0.000075   progress : 0.732
name: epochs=5
dataset.training_size=1500000
batch_size=128
training.mode=standard    avg_loss: 0.000000089578  time_per_window : 0.000043   progress : 0.743
name: epochs=5
dataset.training_size=1500000
batch_size=128
training.mode=standard    avg_loss: 0.000000097036  time_per_window : 0.000072   progress : 0.754
name: epochs=5
dataset.training_size=1500000
batch_size=128
training.mode=standard    avg_loss: 0.000000098681  time_per_window : 0.000048   progress : 0.765
name: epochs=5
dataset.training_size=1500000
batch_size=128
training.mode=standard    avg_loss: 0.000000106920  time_per_window : 0.000074   progress : 0.775
name: epochs=5
dataset.training_size=1500000
batch_size=128
training.mode=standard    avg_loss: 0.000000080840  time_per_window : 0.000058   progress : 0.786
name: epochs=5
dataset.training_size=1500000
batch_size=128
training.mode=standard    avg_loss: 0.000000090999  time_per_window : 0.000100   progress : 0.797
name: epochs=5
dataset.training_size=1500000
batch_size=128
training.mode=standard    avg_loss: 0.000000085740  time_per_window : 0.000077   progress : 0.808
name: epochs=5
dataset.training_size=1500000
batch_size=128
training.mode=standard    avg_loss: 0.000000079091  time_per_window : 0.000076   progress : 0.819
name: epochs=5
dataset.training_size=1500000
batch_size=128
training.mode=standard    avg_loss: 0.000000095281  time_per_window : 0.000074   progress : 0.830
name: epochs=5
dataset.training_size=1500000
batch_size=128
training.mode=standard    avg_loss: 0.000000078723  time_per_window : 0.000047   progress : 0.841
name: epochs=5
dataset.training_size=1500000
batch_size=128
training.mode=standard    avg_loss: 0.000000078207  time_per_window : 0.000062   progress : 0.852
name: epochs=5
dataset.training_size=1500000
batch_size=128
training.mode=standard    avg_loss: 0.000000085511  time_per_window : 0.000073   progress : 0.863
name: epochs=5
dataset.training_size=1500000
batch_size=128
training.mode=standard    avg_loss: 0.000000086378  time_per_window : 0.000057   progress : 0.874
name: epochs=5
dataset.training_size=1500000
batch_size=128
training.mode=standard    avg_loss: 0.000000072314  time_per_window : 0.000061   progress : 0.885
name: epochs=5
dataset.training_size=1500000
batch_size=128
training.mode=standard    avg_loss: 0.000000089888  time_per_window : 0.000073   progress : 0.896
name: epochs=5
dataset.training_size=1500000
batch_size=128
training.mode=standard    avg_loss: 0.000000076961  time_per_window : 0.000039   progress : 0.907
name: epochs=5
dataset.training_size=1500000
batch_size=128
training.mode=standard    avg_loss: 0.000000087995  time_per_window : 0.000074   progress : 0.917
name: epochs=5
dataset.training_size=1500000
batch_size=128
training.mode=standard    avg_loss: 0.000000077284  time_per_window : 0.000073   progress : 0.928
name: epochs=5
dataset.training_size=1500000
batch_size=128
training.mode=standard    avg_loss: 0.000000080166  time_per_window : 0.000093   progress : 0.939
name: epochs=5
dataset.training_size=1500000
batch_size=128
training.mode=standard    avg_loss: 0.000000077293  time_per_window : 0.000076   progress : 0.950
name: epochs=5
dataset.training_size=1500000
batch_size=128
training.mode=standard    avg_loss: 0.000000081869  time_per_window : 0.000072   progress : 0.961
name: epochs=5
dataset.training_size=1500000
batch_size=128
training.mode=standard    avg_loss: 0.000000079619  time_per_window : 0.000076   progress : 0.972
name: epochs=5
dataset.training_size=1500000
batch_size=128
training.mode=standard    avg_loss: 0.000000070429  time_per_window : 0.000074   progress : 0.983
name: epochs=5
dataset.training_size=1500000
batch_size=128
training.mode=standard    avg_loss: 0.000000078090  time_per_window : 0.000074   progress : 0.994
name: epochs=5
dataset.training_size=1500000
batch_size=128
training.mode=standard    avg_loss: 0.000000068339  time_per_window : 0.000063   progress : 0.011
name: epochs=5
dataset.training_size=1500000
batch_size=128
training.mode=standard    avg_loss: 0.000000074873  time_per_window : 0.000079   progress : 0.022
name: epochs=5
dataset.training_size=1500000
batch_size=128
training.mode=standard    avg_loss: 0.000000080646  time_per_window : 0.000076   progress : 0.033
name: epochs=5
dataset.training_size=1500000
batch_size=128
training.mode=standard    avg_loss: 0.000000070173  time_per_window : 0.000078   progress : 0.044
name: epochs=5
dataset.training_size=1500000
batch_size=128
training.mode=standard    avg_loss: 0.000000071470  time_per_window : 0.000064   progress : 0.055
name: epochs=5
dataset.training_size=1500000
batch_size=128
training.mode=standard    avg_loss: 0.000000061413  time_per_window : 0.000077   progress : 0.066
name: epochs=5
dataset.training_size=1500000
batch_size=128
training.mode=standard    avg_loss: 0.000000077259  time_per_window : 0.000076   progress : 0.076
name: epochs=5
dataset.training_size=1500000
batch_size=128
training.mode=standard    avg_loss: 0.000000070422  time_per_window : 0.000084   progress : 0.087
name: epochs=5
dataset.training_size=1500000
batch_size=128
training.mode=standard    avg_loss: 0.000000073173  time_per_window : 0.000062   progress : 0.098
name: epochs=5
dataset.training_size=1500000
batch_size=128
training.mode=standard    avg_loss: 0.000000073173  time_per_window : 0.000078   progress : 0.109
name: epochs=5
dataset.training_size=1500000
batch_size=128
training.mode=standard    avg_loss: 0.000000067570  time_per_window : 0.000058   progress : 0.120
name: epochs=5
dataset.training_size=1500000
batch_size=128
training.mode=standard    avg_loss: 0.000000068578  time_per_window : 0.000078   progress : 0.131
name: epochs=5
dataset.training_size=1500000
batch_size=128
training.mode=standard    avg_loss: 0.000000063556  time_per_window : 0.000076   progress : 0.142
name: epochs=5
dataset.training_size=1500000
batch_size=128
training.mode=standard    avg_loss: 0.000000073425  time_per_window : 0.000058   progress : 0.153
name: epochs=5
dataset.training_size=1500000
batch_size=128
training.mode=standard    avg_loss: 0.000000066976  time_per_window : 0.000076   progress : 0.164
name: epochs=5
dataset.training_size=1500000
batch_size=128
training.mode=standard    avg_loss: 0.000000064076  time_per_window : 0.000077   progress : 0.175
name: epochs=5
dataset.training_size=1500000
batch_size=128
training.mode=standard    avg_loss: 0.000000065650  time_per_window : 0.000063   progress : 0.186
name: epochs=5
dataset.training_size=1500000
batch_size=128
training.mode=standard    avg_loss: 0.000000061674  time_per_window : 0.000080   progress : 0.197
name: epochs=5
dataset.training_size=1500000
batch_size=128
training.mode=standard    avg_loss: 0.000000066649  time_per_window : 0.000076   progress : 0.208
name: epochs=5
dataset.training_size=1500000
batch_size=128
training.mode=standard    avg_loss: 0.000000058482  time_per_window : 0.000055   progress : 0.218
name: epochs=5
dataset.training_size=1500000
batch_size=128
training.mode=standard    avg_loss: 0.000000064156  time_per_window : 0.000078   progress : 0.229
name: epochs=5
dataset.training_size=1500000
batch_size=128
training.mode=standard    avg_loss: 0.000000063893  time_per_window : 0.000064   progress : 0.240
name: epochs=5
dataset.training_size=1500000
batch_size=128
training.mode=standard    avg_loss: 0.000000068384  time_per_window : 0.000051   progress : 0.251
name: epochs=5
dataset.training_size=1500000
batch_size=128
training.mode=standard    avg_loss: 0.000000061561  time_per_window : 0.000066   progress : 0.262
name: epochs=5
dataset.training_size=1500000
batch_size=128
training.mode=standard    avg_loss: 0.000000059391  time_per_window : 0.000097   progress : 0.273
name: epochs=5
dataset.training_size=1500000
batch_size=128
training.mode=standard    avg_loss: 0.000000053076  time_per_window : 0.000095   progress : 0.284
name: epochs=5
dataset.training_size=1500000
batch_size=128
training.mode=standard    avg_loss: 0.000000070325  time_per_window : 0.000076   progress : 0.295
name: epochs=5
dataset.training_size=1500000
batch_size=128
training.mode=standard    avg_loss: 0.000000056989  time_per_window : 0.000080   progress : 0.306
name: epochs=5
dataset.training_size=1500000
batch_size=128
training.mode=standard    avg_loss: 0.000000064506  time_per_window : 0.000055   progress : 0.317
name: epochs=5
dataset.training_size=1500000
batch_size=128
training.mode=standard    avg_loss: 0.000000062101  time_per_window : 0.000080   progress : 0.328
name: epochs=5
dataset.training_size=1500000
batch_size=128
training.mode=standard    avg_loss: 0.000000061600  time_per_window : 0.000078   progress : 0.339
name: epochs=5
dataset.training_size=1500000
batch_size=128
training.mode=standard    avg_loss: 0.000000053778  time_per_window : 0.000053   progress : 0.350
name: epochs=5
dataset.training_size=1500000
batch_size=128
training.mode=standard    avg_loss: 0.000000058177  time_per_window : 0.000077   progress : 0.360
name: epochs=5
dataset.training_size=1500000
batch_size=128
training.mode=standard    avg_loss: 0.000000059357  time_per_window : 0.000078   progress : 0.371
name: epochs=5
dataset.training_size=1500000
batch_size=128
training.mode=standard    avg_loss: 0.000000063719  time_per_window : 0.000087   progress : 0.382
name: epochs=5
dataset.training_size=1500000
batch_size=128
training.mode=standard    avg_loss: 0.000000057711  time_per_window : 0.000077   progress : 0.393
name: epochs=5
dataset.training_size=1500000
batch_size=128
training.mode=standard    avg_loss: 0.000000056990  time_per_window : 0.000076   progress : 0.404
name: epochs=5
dataset.training_size=1500000
batch_size=128
training.mode=standard    avg_loss: 0.000000056086  time_per_window : 0.000104   progress : 0.415
name: epochs=5
dataset.training_size=1500000
batch_size=128
training.mode=standard    avg_loss: 0.000000052011  time_per_window : 0.000081   progress : 0.426
name: epochs=5
dataset.training_size=1500000
batch_size=128
training.mode=standard    avg_loss: 0.000000053854  time_per_window : 0.000077   progress : 0.437
name: epochs=5
dataset.training_size=1500000
batch_size=128
training.mode=standard    avg_loss: 0.000000054428  time_per_window : 0.000095   progress : 0.448
name: epochs=5
dataset.training_size=1500000
batch_size=128
training.mode=standard    avg_loss: 0.000000053553  time_per_window : 0.000078   progress : 0.459
name: epochs=5
dataset.training_size=1500000
batch_size=128
training.mode=standard    avg_loss: 0.000000047999  time_per_window : 0.000077   progress : 0.470
name: epochs=5
dataset.training_size=1500000
batch_size=128
training.mode=standard    avg_loss: 0.000000051817  time_per_window : 0.000067   progress : 0.481
name: epochs=5
dataset.training_size=1500000
batch_size=128
training.mode=standard    avg_loss: 0.000000050146  time_per_window : 0.000071   progress : 0.492
name: epochs=5
dataset.training_size=1500000
batch_size=128
training.mode=standard    avg_loss: 0.000000053960  time_per_window : 0.000076   progress : 0.502
name: epochs=5
dataset.training_size=1500000
batch_size=128
training.mode=standard    avg_loss: 0.000000045115  time_per_window : 0.000081   progress : 0.513
name: epochs=5
dataset.training_size=1500000
batch_size=128
training.mode=standard    avg_loss: 0.000000052012  time_per_window : 0.000077   progress : 0.524
name: epochs=5
dataset.training_size=1500000
batch_size=128
training.mode=standard    avg_loss: 0.000000047145  time_per_window : 0.000077   progress : 0.535
name: epochs=5
dataset.training_size=1500000
batch_size=128
training.mode=standard    avg_loss: 0.000000047245  time_per_window : 0.000047   progress : 0.546
name: epochs=5
dataset.training_size=1500000
batch_size=128
training.mode=standard    avg_loss: 0.000000045344  time_per_window : 0.000055   progress : 0.557
name: epochs=5
dataset.training_size=1500000
batch_size=128
training.mode=standard    avg_loss: 0.000000054476  time_per_window : 0.000076   progress : 0.568
name: epochs=5
dataset.training_size=1500000
batch_size=128
training.mode=standard    avg_loss: 0.000000050771  time_per_window : 0.000050   progress : 0.579
name: epochs=5
dataset.training_size=1500000
batch_size=128
training.mode=standard    avg_loss: 0.000000049359  time_per_window : 0.000079   progress : 0.590
name: epochs=5
dataset.training_size=1500000
batch_size=128
training.mode=standard    avg_loss: 0.000000053463  time_per_window : 0.000074   progress : 0.601
name: epochs=5
dataset.training_size=1500000
batch_size=128
training.mode=standard    avg_loss: 0.000000046223  time_per_window : 0.000070   progress : 0.612
name: epochs=5
dataset.training_size=1500000
batch_size=128
training.mode=standard    avg_loss: 0.000000048975  time_per_window : 0.000075   progress : 0.623
name: epochs=5
dataset.training_size=1500000
batch_size=128
training.mode=standard    avg_loss: 0.000000050910  time_per_window : 0.000077   progress : 0.634
name: epochs=5
dataset.training_size=1500000
batch_size=128
training.mode=standard    avg_loss: 0.000000038763  time_per_window : 0.000060   progress : 0.644
name: epochs=5
dataset.training_size=1500000
batch_size=128
training.mode=standard    avg_loss: 0.000000048068  time_per_window : 0.000075   progress : 0.655
name: epochs=5
dataset.training_size=1500000
batch_size=128
training.mode=standard    avg_loss: 0.000000040073  time_per_window : 0.000076   progress : 0.666
name: epochs=5
dataset.training_size=1500000
batch_size=128
training.mode=standard    avg_loss: 0.000000044068  time_per_window : 0.000063   progress : 0.677
name: epochs=5
dataset.training_size=1500000
batch_size=128
training.mode=standard    avg_loss: 0.000000039476  time_per_window : 0.000078   progress : 0.688
name: epochs=5
dataset.training_size=1500000
batch_size=128
training.mode=standard    avg_loss: 0.000000039832  time_per_window : 0.000076   progress : 0.699
name: epochs=5
dataset.training_size=1500000
batch_size=128
training.mode=standard    avg_loss: 0.000000039398  time_per_window : 0.000047   progress : 0.710
name: epochs=5
dataset.training_size=1500000
batch_size=128
training.mode=standard    avg_loss: 0.000000039944  time_per_window : 0.000075   progress : 0.721
name: epochs=5
dataset.training_size=1500000
batch_size=128
training.mode=standard    avg_loss: 0.000000041483  time_per_window : 0.000060   progress : 0.732
name: epochs=5
dataset.training_size=1500000
batch_size=128
training.mode=standard    avg_loss: 0.000000035707  time_per_window : 0.000074   progress : 0.743
name: epochs=5
dataset.training_size=1500000
batch_size=128
training.mode=standard    avg_loss: 0.000000035598  time_per_window : 0.000092   progress : 0.754
name: epochs=5
dataset.training_size=1500000
batch_size=128
training.mode=standard    avg_loss: 0.000000038990  time_per_window : 0.000075   progress : 0.765
name: epochs=5
dataset.training_size=1500000
batch_size=128
training.mode=standard    avg_loss: 0.000000034625  time_per_window : 0.000065   progress : 0.775
name: epochs=5
dataset.training_size=1500000
batch_size=128
training.mode=standard    avg_loss: 0.000000031186  time_per_window : 0.000087   progress : 0.786
name: epochs=5
dataset.training_size=1500000
batch_size=128
training.mode=standard    avg_loss: 0.000000036125  time_per_window : 0.000080   progress : 0.797
name: epochs=5
dataset.training_size=1500000
batch_size=128
training.mode=standard    avg_loss: 0.000000031945  time_per_window : 0.000076   progress : 0.808
name: epochs=5
dataset.training_size=1500000
batch_size=128
training.mode=standard    avg_loss: 0.000000029249  time_per_window : 0.000090   progress : 0.819
name: epochs=5
dataset.training_size=1500000
batch_size=128
training.mode=standard    avg_loss: 0.000000028868  time_per_window : 0.000078   progress : 0.830
name: epochs=5
dataset.training_size=1500000
batch_size=128
training.mode=standard    avg_loss: 0.000000033489  time_per_window : 0.000075   progress : 0.841
name: epochs=5
dataset.training_size=1500000
batch_size=128
training.mode=standard    avg_loss: 0.000000030165  time_per_window : 0.000055   progress : 0.852
name: epochs=5
dataset.training_size=1500000
batch_size=128
training.mode=standard    avg_loss: 0.000000030089  time_per_window : 0.000071   progress : 0.863
name: epochs=5
dataset.training_size=1500000
batch_size=128
training.mode=standard    avg_loss: 0.000000030176  time_per_window : 0.000077   progress : 0.874
name: epochs=5
dataset.training_size=1500000
batch_size=128
training.mode=standard    avg_loss: 0.000000024500  time_per_window : 0.000076   progress : 0.885
name: epochs=5
dataset.training_size=1500000
batch_size=128
training.mode=standard    avg_loss: 0.000000030998  time_per_window : 0.000076   progress : 0.896
name: epochs=5
dataset.training_size=1500000
batch_size=128
training.mode=standard    avg_loss: 0.000000025368  time_per_window : 0.000067   progress : 0.907
name: epochs=5
dataset.training_size=1500000
batch_size=128
training.mode=standard    avg_loss: 0.000000029202  time_per_window : 0.000080   progress : 0.917
name: epochs=5
dataset.training_size=1500000
batch_size=128
training.mode=standard    avg_loss: 0.000000031028  time_per_window : 0.000078   progress : 0.928
name: epochs=5
dataset.training_size=1500000
batch_size=128
training.mode=standard    avg_loss: 0.000000025903  time_per_window : 0.000059   progress : 0.939
name: epochs=5
dataset.training_size=1500000
batch_size=128
training.mode=standard    avg_loss: 0.000000023600  time_per_window : 0.000065   progress : 0.950
name: epochs=5
dataset.training_size=1500000
batch_size=128
training.mode=standard    avg_loss: 0.000000028990  time_per_window : 0.000059   progress : 0.961
name: epochs=5
dataset.training_size=1500000
batch_size=128
training.mode=standard    avg_loss: 0.000000027104  time_per_window : 0.000074   progress : 0.972
name: epochs=5
dataset.training_size=1500000
batch_size=128
training.mode=standard    avg_loss: 0.000000026233  time_per_window : 0.000060   progress : 0.983
name: epochs=5
dataset.training_size=1500000
batch_size=128
training.mode=standard    avg_loss: 0.000000033751  time_per_window : 0.000080   progress : 0.994
name: epochs=5
dataset.training_size=1500000
batch_size=128
training.mode=standard    avg_loss: 0.000000030512  time_per_window : 0.000080   progress : 0.011
name: epochs=5
dataset.training_size=1500000
batch_size=128
training.mode=standard    avg_loss: 0.000000024252  time_per_window : 0.000078   progress : 0.022
name: epochs=5
dataset.training_size=1500000
batch_size=128
training.mode=standard    avg_loss: 0.000000025536  time_per_window : 0.000077   progress : 0.033
name: epochs=5
dataset.training_size=1500000
batch_size=128
training.mode=standard    avg_loss: 0.000000024613  time_per_window : 0.000091   progress : 0.044
name: epochs=5
dataset.training_size=1500000
batch_size=128
training.mode=standard    avg_loss: 0.000000024706  time_per_window : 0.000077   progress : 0.055
name: epochs=5
dataset.training_size=1500000
batch_size=128
training.mode=standard    avg_loss: 0.000000024250  time_per_window : 0.000075   progress : 0.066
name: epochs=5
dataset.training_size=1500000
batch_size=128
training.mode=standard    avg_loss: 0.000000024897  time_per_window : 0.000089   progress : 0.076
name: epochs=5
dataset.training_size=1500000
batch_size=128
training.mode=standard    avg_loss: 0.000000022802  time_per_window : 0.000077   progress : 0.087
name: epochs=5
dataset.training_size=1500000
batch_size=128
training.mode=standard    avg_loss: 0.000000023391  time_per_window : 0.000075   progress : 0.098
name: epochs=5
dataset.training_size=1500000
batch_size=128
training.mode=standard    avg_loss: 0.000000025779  time_per_window : 0.000074   progress : 0.109
name: epochs=5
dataset.training_size=1500000
batch_size=128
training.mode=standard    avg_loss: 0.000000021351  time_per_window : 0.000077   progress : 0.120
name: epochs=5
dataset.training_size=1500000
batch_size=128
training.mode=standard    avg_loss: 0.000000025046  time_per_window : 0.000060   progress : 0.131
name: epochs=5
dataset.training_size=1500000
batch_size=128
training.mode=standard    avg_loss: 0.000000024382  time_per_window : 0.000051   progress : 0.142
name: epochs=5
dataset.training_size=1500000
batch_size=128
training.mode=standard    avg_loss: 0.000000027726  time_per_window : 0.000094   progress : 0.153
name: epochs=5
dataset.training_size=1500000
batch_size=128
training.mode=standard    avg_loss: 0.000000019666  time_per_window : 0.000061   progress : 0.164
name: epochs=5
dataset.training_size=1500000
batch_size=128
training.mode=standard    avg_loss: 0.000000037866  time_per_window : 0.000078   progress : 0.175
name: epochs=5
dataset.training_size=1500000
batch_size=128
training.mode=standard    avg_loss: 0.000000036111  time_per_window : 0.000055   progress : 0.186
name: epochs=5
dataset.training_size=1500000
batch_size=128
training.mode=standard    avg_loss: 0.000000027255  time_per_window : 0.000078   progress : 0.197
name: epochs=5
dataset.training_size=1500000
batch_size=128
training.mode=standard    avg_loss: 0.000000022700  time_per_window : 0.000078   progress : 0.208
name: epochs=5
dataset.training_size=1500000
batch_size=128
training.mode=standard    avg_loss: 0.000000023535  time_per_window : 0.000096   progress : 0.218
name: epochs=5
dataset.training_size=1500000
batch_size=128
training.mode=standard    avg_loss: 0.000000022113  time_per_window : 0.000078   progress : 0.229
name: epochs=5
dataset.training_size=1500000
batch_size=128
training.mode=standard    avg_loss: 0.000000020145  time_per_window : 0.000075   progress : 0.240
name: epochs=5
dataset.training_size=1500000
batch_size=128
training.mode=standard    avg_loss: 0.000000027166  time_per_window : 0.000056   progress : 0.251
name: epochs=5
dataset.training_size=1500000
batch_size=128
training.mode=standard    avg_loss: 0.000000020985  time_per_window : 0.000077   progress : 0.262
name: epochs=5
dataset.training_size=1500000
batch_size=128
training.mode=standard    avg_loss: 0.000000024518  time_per_window : 0.000076   progress : 0.273
name: epochs=5
dataset.training_size=1500000
batch_size=128
training.mode=standard    avg_loss: 0.000000020995  time_per_window : 0.000063   progress : 0.284
name: epochs=5
dataset.training_size=1500000
batch_size=128
training.mode=standard    avg_loss: 0.000000022625  time_per_window : 0.000083   progress : 0.295
name: epochs=5
dataset.training_size=1500000
batch_size=128
training.mode=standard    avg_loss: 0.000000020469  time_per_window : 0.000077   progress : 0.306
name: epochs=5
dataset.training_size=1500000
batch_size=128
training.mode=standard    avg_loss: 0.000000021217  time_per_window : 0.000068   progress : 0.317
name: epochs=5
dataset.training_size=1500000
batch_size=128
training.mode=standard    avg_loss: 0.000000024378  time_per_window : 0.000060   progress : 0.328
name: epochs=5
dataset.training_size=1500000
batch_size=128
training.mode=standard    avg_loss: 0.000000023188  time_per_window : 0.000076   progress : 0.339
name: epochs=5
dataset.training_size=1500000
batch_size=128
training.mode=standard    avg_loss: 0.000000020721  time_per_window : 0.000052   progress : 0.350
name: epochs=5
dataset.training_size=1500000
batch_size=128
training.mode=standard    avg_loss: 0.000000022099  time_per_window : 0.000081   progress : 0.360
name: epochs=5
dataset.training_size=1500000
batch_size=128
training.mode=standard    avg_loss: 0.000000022588  time_per_window : 0.000077   progress : 0.371
name: epochs=5
dataset.training_size=1500000
batch_size=128
training.mode=standard    avg_loss: 0.000000020799  time_per_window : 0.000100   progress : 0.382
name: epochs=5
dataset.training_size=1500000
batch_size=128
training.mode=standard    avg_loss: 0.000000021148  time_per_window : 0.000073   progress : 0.393
name: epochs=5
dataset.training_size=1500000
batch_size=128
training.mode=standard    avg_loss: 0.000000021629  time_per_window : 0.000078   progress : 0.404
name: epochs=5
dataset.training_size=1500000
batch_size=128
training.mode=standard    avg_loss: 0.000000020407  time_per_window : 0.000073   progress : 0.415
name: epochs=5
dataset.training_size=1500000
batch_size=128
training.mode=standard    avg_loss: 0.000000022218  time_per_window : 0.000075   progress : 0.426
name: epochs=5
dataset.training_size=1500000
batch_size=128
training.mode=standard    avg_loss: 0.000000020498  time_per_window : 0.000076   progress : 0.437
name: epochs=5
dataset.training_size=1500000
batch_size=128
training.mode=standard    avg_loss: 0.000000025005  time_per_window : 0.000089   progress : 0.448
name: epochs=5
dataset.training_size=1500000
batch_size=128
training.mode=standard    avg_loss: 0.000000021177  time_per_window : 0.000079   progress : 0.459
name: epochs=5
dataset.training_size=1500000
batch_size=128
training.mode=standard    avg_loss: 0.000000020537  time_per_window : 0.000081   progress : 0.470
name: epochs=5
dataset.training_size=1500000
batch_size=128
training.mode=standard    avg_loss: 0.000000024591  time_per_window : 0.000053   progress : 0.481
name: epochs=5
dataset.training_size=1500000
batch_size=128
training.mode=standard    avg_loss: 0.000000021843  time_per_window : 0.000076   progress : 0.492
name: epochs=5
dataset.training_size=1500000
batch_size=128
training.mode=standard    avg_loss: 0.000000020965  time_per_window : 0.000078   progress : 0.502
name: epochs=5
dataset.training_size=1500000
batch_size=128
training.mode=standard    avg_loss: 0.000000018898  time_per_window : 0.000089   progress : 0.513
name: epochs=5
dataset.training_size=1500000
batch_size=128
training.mode=standard    avg_loss: 0.000000020850  time_per_window : 0.000076   progress : 0.524
name: epochs=5
dataset.training_size=1500000
batch_size=128
training.mode=standard    avg_loss: 0.000000021874  time_per_window : 0.000076   progress : 0.535
name: epochs=5
dataset.training_size=1500000
batch_size=128
training.mode=standard    avg_loss: 0.000000020966  time_per_window : 0.000087   progress : 0.546
name: epochs=5
dataset.training_size=1500000
batch_size=128
training.mode=standard    avg_loss: 0.000000018301  time_per_window : 0.000076   progress : 0.557
name: epochs=5
dataset.training_size=1500000
batch_size=128
training.mode=standard    avg_loss: 0.000000019042  time_per_window : 0.000078   progress : 0.568
name: epochs=5
dataset.training_size=1500000
batch_size=128
training.mode=standard    avg_loss: 0.000000018256  time_per_window : 0.000054   progress : 0.579
name: epochs=5
dataset.training_size=1500000
batch_size=128
training.mode=standard    avg_loss: 0.000000020949  time_per_window : 0.000087   progress : 0.590
name: epochs=5
dataset.training_size=1500000
batch_size=128
training.mode=standard    avg_loss: 0.000000019294  time_per_window : 0.000078   progress : 0.601
name: epochs=5
dataset.training_size=1500000
batch_size=128
training.mode=standard    avg_loss: 0.000000024073  time_per_window : 0.000061   progress : 0.612
name: epochs=5
dataset.training_size=1500000
batch_size=128
training.mode=standard    avg_loss: 0.000000021178  time_per_window : 0.000078   progress : 0.623
name: epochs=5
dataset.training_size=1500000
batch_size=128
training.mode=standard    avg_loss: 0.000000019852  time_per_window : 0.000067   progress : 0.634
name: epochs=5
dataset.training_size=1500000
batch_size=128
training.mode=standard    avg_loss: 0.000000019090  time_per_window : 0.000077   progress : 0.644
name: epochs=5
dataset.training_size=1500000
batch_size=128
training.mode=standard    avg_loss: 0.000000019315  time_per_window : 0.000076   progress : 0.655
name: epochs=5
dataset.training_size=1500000
batch_size=128
training.mode=standard    avg_loss: 0.000000020102  time_per_window : 0.000059   progress : 0.666
name: epochs=5
dataset.training_size=1500000
batch_size=128
training.mode=standard    avg_loss: 0.000000018509  time_per_window : 0.000081   progress : 0.677
name: epochs=5
dataset.training_size=1500000
batch_size=128
training.mode=standard    avg_loss: 0.000000018537  time_per_window : 0.000077   progress : 0.688
name: epochs=5
dataset.training_size=1500000
batch_size=128
training.mode=standard    avg_loss: 0.000000019458  time_per_window : 0.000062   progress : 0.699
name: epochs=5
dataset.training_size=1500000
batch_size=128
training.mode=standard    avg_loss: 0.000000021329  time_per_window : 0.000059   progress : 0.710
name: epochs=5
dataset.training_size=1500000
batch_size=128
training.mode=standard    avg_loss: 0.000000020383  time_per_window : 0.000049   progress : 0.721
name: epochs=5
dataset.training_size=1500000
batch_size=128
training.mode=standard    avg_loss: 0.000000017118  time_per_window : 0.000049   progress : 0.732
name: epochs=5
dataset.training_size=1500000
batch_size=128
training.mode=standard    avg_loss: 0.000000022083  time_per_window : 0.000077   progress : 0.743
name: epochs=5
dataset.training_size=1500000
batch_size=128
training.mode=standard    avg_loss: 0.000000022651  time_per_window : 0.000075   progress : 0.754
name: epochs=5
dataset.training_size=1500000
batch_size=128
training.mode=standard    avg_loss: 0.000000020133  time_per_window : 0.000075   progress : 0.765
name: epochs=5
dataset.training_size=1500000
batch_size=128
training.mode=standard    avg_loss: 0.000000021280  time_per_window : 0.000055   progress : 0.775
name: epochs=5
dataset.training_size=1500000
batch_size=128
training.mode=standard    avg_loss: 0.000000017094  time_per_window : 0.000078   progress : 0.786
name: epochs=5
dataset.training_size=1500000
batch_size=128
training.mode=standard    avg_loss: 0.000000023281  time_per_window : 0.000076   progress : 0.797
name: epochs=5
dataset.training_size=1500000
batch_size=128
training.mode=standard    avg_loss: 0.000000019840  time_per_window : 0.000062   progress : 0.808
name: epochs=5
dataset.training_size=1500000
batch_size=128
training.mode=standard    avg_loss: 0.000000017402  time_per_window : 0.000077   progress : 0.819
name: epochs=5
dataset.training_size=1500000
batch_size=128
training.mode=standard    avg_loss: 0.000000018214  time_per_window : 0.000088   progress : 0.830
name: epochs=5
dataset.training_size=1500000
batch_size=128
training.mode=standard    avg_loss: 0.000000019669  time_per_window : 0.000058   progress : 0.841
name: epochs=5
dataset.training_size=1500000
batch_size=128
training.mode=standard    avg_loss: 0.000000019370  time_per_window : 0.000060   progress : 0.852
name: epochs=5
dataset.training_size=1500000
batch_size=128
training.mode=standard    avg_loss: 0.000000019061  time_per_window : 0.000061   progress : 0.863
name: epochs=5
dataset.training_size=1500000
batch_size=128
training.mode=standard    avg_loss: 0.000000017392  time_per_window : 0.000057   progress : 0.874
name: epochs=5
dataset.training_size=1500000
batch_size=128
training.mode=standard    avg_loss: 0.000000017158  time_per_window : 0.000050   progress : 0.885
name: epochs=5
dataset.training_size=1500000
batch_size=128
training.mode=standard    avg_loss: 0.000000019371  time_per_window : 0.000076   progress : 0.896
name: epochs=5
dataset.training_size=1500000
batch_size=128
training.mode=standard    avg_loss: 0.000000016061  time_per_window : 0.000061   progress : 0.907
name: epochs=5
dataset.training_size=1500000
batch_size=128
training.mode=standard    avg_loss: 0.000000017634  time_per_window : 0.000076   progress : 0.917
name: epochs=5
dataset.training_size=1500000
batch_size=128
training.mode=standard    avg_loss: 0.000000021080  time_per_window : 0.000076   progress : 0.928
name: epochs=5
dataset.training_size=1500000
batch_size=128
training.mode=standard    avg_loss: 0.000000016716  time_per_window : 0.000075   progress : 0.939
name: epochs=5
dataset.training_size=1500000
batch_size=128
training.mode=standard    avg_loss: 0.000000018427  time_per_window : 0.000065   progress : 0.950
name: epochs=5
dataset.training_size=1500000
batch_size=128
training.mode=standard    avg_loss: 0.000000022451  time_per_window : 0.000076   progress : 0.961
name: epochs=5
dataset.training_size=1500000
batch_size=128
training.mode=standard    avg_loss: 0.000000016297  time_per_window : 0.000077   progress : 0.972
name: epochs=5
dataset.training_size=1500000
batch_size=128
training.mode=standard    avg_loss: 0.000000018722  time_per_window : 0.000077   progress : 0.983
name: epochs=5
dataset.training_size=1500000
batch_size=128
training.mode=standard    avg_loss: 0.000000017991  time_per_window : 0.000079   progress : 0.994
name: epochs=5
dataset.training_size=1500000
batch_size=128
training.mode=standard    avg_loss: 0.000000022506  time_per_window : 0.000079   progress : 0.011
name: epochs=5
dataset.training_size=1500000
batch_size=128
training.mode=standard    avg_loss: 0.000000015865  time_per_window : 0.000077   progress : 0.022
name: epochs=5
dataset.training_size=1500000
batch_size=128
training.mode=standard    avg_loss: 0.000000017361  time_per_window : 0.000090   progress : 0.033
name: epochs=5
dataset.training_size=1500000
batch_size=128
training.mode=standard    avg_loss: 0.000000016279  time_per_window : 0.000081   progress : 0.044
name: epochs=5
dataset.training_size=1500000
batch_size=128
training.mode=standard    avg_loss: 0.000000022527  time_per_window : 0.000060   progress : 0.055
name: epochs=5
dataset.training_size=1500000
batch_size=128
training.mode=standard    avg_loss: 0.000000017399  time_per_window : 0.000078   progress : 0.066
name: epochs=5
dataset.training_size=1500000
batch_size=128
training.mode=standard    avg_loss: 0.000000015923  time_per_window : 0.000083   progress : 0.076
name: epochs=5
dataset.training_size=1500000
batch_size=128
training.mode=standard    avg_loss: 0.000000018084  time_per_window : 0.000078   progress : 0.087
name: epochs=5
dataset.training_size=1500000
batch_size=128
training.mode=standard    avg_loss: 0.000000015548  time_per_window : 0.000055   progress : 0.098
name: epochs=5
dataset.training_size=1500000
batch_size=128
training.mode=standard    avg_loss: 0.000000017968  time_per_window : 0.000076   progress : 0.109
name: epochs=5
dataset.training_size=1500000
batch_size=128
training.mode=standard    avg_loss: 0.000000015710  time_per_window : 0.000075   progress : 0.120
name: epochs=5
dataset.training_size=1500000
batch_size=128
training.mode=standard    avg_loss: 0.000000018147  time_per_window : 0.000044   progress : 0.131
name: epochs=5
dataset.training_size=1500000
batch_size=128
training.mode=standard    avg_loss: 0.000000017691  time_per_window : 0.000082   progress : 0.142
name: epochs=5
dataset.training_size=1500000
batch_size=128
training.mode=standard    avg_loss: 0.000000016628  time_per_window : 0.000076   progress : 0.153
name: epochs=5
dataset.training_size=1500000
batch_size=128
training.mode=standard    avg_loss: 0.000000016212  time_per_window : 0.000072   progress : 0.164
name: epochs=5
dataset.training_size=1500000
batch_size=128
training.mode=standard    avg_loss: 0.000000016813  time_per_window : 0.000076   progress : 0.175
name: epochs=5
dataset.training_size=1500000
batch_size=128
training.mode=standard    avg_loss: 0.000000018403  time_per_window : 0.000076   progress : 0.186
name: epochs=5
dataset.training_size=1500000
batch_size=128
training.mode=standard    avg_loss: 0.000000018445  time_per_window : 0.000067   progress : 0.197
name: epochs=5
dataset.training_size=1500000
batch_size=128
training.mode=standard    avg_loss: 0.000000036446  time_per_window : 0.000076   progress : 0.208
name: epochs=5
dataset.training_size=1500000
batch_size=128
training.mode=standard    avg_loss: 0.000000031524  time_per_window : 0.000076   progress : 0.218
name: epochs=5
dataset.training_size=1500000
batch_size=128
training.mode=standard    avg_loss: 0.000000019026  time_per_window : 0.000096   progress : 0.229
name: epochs=5
dataset.training_size=1500000
batch_size=128
training.mode=standard    avg_loss: 0.000000016846  time_per_window : 0.000078   progress : 0.240
name: epochs=5
dataset.training_size=1500000
batch_size=128
training.mode=standard    avg_loss: 0.000000018345  time_per_window : 0.000077   progress : 0.251
name: epochs=5
dataset.training_size=1500000
batch_size=128
training.mode=standard    avg_loss: 0.000000017941  time_per_window : 0.000082   progress : 0.262
name: epochs=5
dataset.training_size=1500000
batch_size=128
training.mode=standard    avg_loss: 0.000000015142  time_per_window : 0.000074   progress : 0.273
name: epochs=5
dataset.training_size=1500000
batch_size=128
training.mode=standard    avg_loss: 0.000000016364  time_per_window : 0.000076   progress : 0.284
name: epochs=5
dataset.training_size=1500000
batch_size=128
training.mode=standard    avg_loss: 0.000000017918  time_per_window : 0.000078   progress : 0.295
name: epochs=5
dataset.training_size=1500000
batch_size=128
training.mode=standard    avg_loss: 0.000000014898  time_per_window : 0.000086   progress : 0.306
name: epochs=5
dataset.training_size=1500000
batch_size=128
training.mode=standard    avg_loss: 0.000000015549  time_per_window : 0.000076   progress : 0.317
name: epochs=5
dataset.training_size=1500000
batch_size=128
training.mode=standard    avg_loss: 0.000000017079  time_per_window : 0.000077   progress : 0.328
name: epochs=5
dataset.training_size=1500000
batch_size=128
training.mode=standard    avg_loss: 0.000000015642  time_per_window : 0.000077   progress : 0.339
name: epochs=5
dataset.training_size=1500000
batch_size=128
training.mode=standard    avg_loss: 0.000000014509  time_per_window : 0.000074   progress : 0.350
name: epochs=5
dataset.training_size=1500000
batch_size=128
training.mode=standard    avg_loss: 0.000000016038  time_per_window : 0.000072   progress : 0.360
name: epochs=5
dataset.training_size=1500000
batch_size=128
training.mode=standard    avg_loss: 0.000000014054  time_per_window : 0.000077   progress : 0.371
name: epochs=5
dataset.training_size=1500000
batch_size=128
training.mode=standard    avg_loss: 0.000000015041  time_per_window : 0.000074   progress : 0.382
name: epochs=5
dataset.training_size=1500000
batch_size=128
training.mode=standard    avg_loss: 0.000000013596  time_per_window : 0.000068   progress : 0.393
name: epochs=5
dataset.training_size=1500000
batch_size=128
training.mode=standard    avg_loss: 0.000000017463  time_per_window : 0.000079   progress : 0.404
name: epochs=5
dataset.training_size=1500000
batch_size=128
training.mode=standard    avg_loss: 0.000000016066  time_per_window : 0.000077   progress : 0.415
name: epochs=5
dataset.training_size=1500000
batch_size=128
training.mode=standard    avg_loss: 0.000000016941  time_per_window : 0.000081   progress : 0.426
name: epochs=5
dataset.training_size=1500000
batch_size=128
training.mode=standard    avg_loss: 0.000000014081  time_per_window : 0.000074   progress : 0.437
name: epochs=5
dataset.training_size=1500000
batch_size=128
training.mode=standard    avg_loss: 0.000000015620  time_per_window : 0.000043   progress : 0.448
name: epochs=5
dataset.training_size=1500000
batch_size=128
training.mode=standard    avg_loss: 0.000000014280  time_per_window : 0.000045   progress : 0.459
name: epochs=5
dataset.training_size=1500000
batch_size=128
training.mode=standard    avg_loss: 0.000000015327  time_per_window : 0.000069   progress : 0.470
name: epochs=5
dataset.training_size=1500000
batch_size=128
training.mode=standard    avg_loss: 0.000000017616  time_per_window : 0.000075   progress : 0.481
name: epochs=5
dataset.training_size=1500000
batch_size=128
training.mode=standard    avg_loss: 0.000000015170  time_per_window : 0.000102   progress : 0.492
name: epochs=5
dataset.training_size=1500000
batch_size=128
training.mode=standard    avg_loss: 0.000000014207  time_per_window : 0.000066   progress : 0.502
name: epochs=5
dataset.training_size=1500000
batch_size=128
training.mode=standard    avg_loss: 0.000000013098  time_per_window : 0.000075   progress : 0.513
name: epochs=5
dataset.training_size=1500000
batch_size=128
training.mode=standard    avg_loss: 0.000000015061  time_per_window : 0.000064   progress : 0.524
name: epochs=5
dataset.training_size=1500000
batch_size=128
training.mode=standard    avg_loss: 0.000000015367  time_per_window : 0.000076   progress : 0.535
name: epochs=5
dataset.training_size=1500000
batch_size=128
training.mode=standard    avg_loss: 0.000000014579  time_per_window : 0.000081   progress : 0.546
name: epochs=5
dataset.training_size=1500000
batch_size=128
training.mode=standard    avg_loss: 0.000000013470  time_per_window : 0.000047   progress : 0.557
name: epochs=5
dataset.training_size=1500000
batch_size=128
training.mode=standard    avg_loss: 0.000000014299  time_per_window : 0.000078   progress : 0.568
name: epochs=5
dataset.training_size=1500000
batch_size=128
training.mode=standard    avg_loss: 0.000000012718  time_per_window : 0.000076   progress : 0.579
name: epochs=5
dataset.training_size=1500000
batch_size=128
training.mode=standard    avg_loss: 0.000000014386  time_per_window : 0.000049   progress : 0.590
name: epochs=5
dataset.training_size=1500000
batch_size=128
training.mode=standard    avg_loss: 0.000000021069  time_per_window : 0.000063   progress : 0.601
name: epochs=5
dataset.training_size=1500000
batch_size=128
training.mode=standard    avg_loss: 0.000000019554  time_per_window : 0.000067   progress : 0.612
name: epochs=5
dataset.training_size=1500000
batch_size=128
training.mode=standard    avg_loss: 0.000000015211  time_per_window : 0.000050   progress : 0.623
name: epochs=5
dataset.training_size=1500000
batch_size=128
training.mode=standard    avg_loss: 0.000000014321  time_per_window : 0.000061   progress : 0.634
name: epochs=5
dataset.training_size=1500000
batch_size=128
training.mode=standard    avg_loss: 0.000000014318  time_per_window : 0.000066   progress : 0.644
name: epochs=5
dataset.training_size=1500000
batch_size=128
training.mode=standard    avg_loss: 0.000000015110  time_per_window : 0.000073   progress : 0.655
name: epochs=5
dataset.training_size=1500000
batch_size=128
training.mode=standard    avg_loss: 0.000000013236  time_per_window : 0.000077   progress : 0.666
name: epochs=5
dataset.training_size=1500000
batch_size=128
training.mode=standard    avg_loss: 0.000000013059  time_per_window : 0.000077   progress : 0.677
name: epochs=5
dataset.training_size=1500000
batch_size=128
training.mode=standard    avg_loss: 0.000000014361  time_per_window : 0.000043   progress : 0.688
name: epochs=5
dataset.training_size=1500000
batch_size=128
training.mode=standard    avg_loss: 0.000000012624  time_per_window : 0.000077   progress : 0.699
name: epochs=5
dataset.training_size=1500000
batch_size=128
training.mode=standard    avg_loss: 0.000000026270  time_per_window : 0.000075   progress : 0.710
name: epochs=5
dataset.training_size=1500000
batch_size=128
training.mode=standard    avg_loss: 0.000000015290  time_per_window : 0.000068   progress : 0.721
name: epochs=5
dataset.training_size=1500000
batch_size=128
training.mode=standard    avg_loss: 0.000000013266  time_per_window : 0.000076   progress : 0.732
name: epochs=5
dataset.training_size=1500000
batch_size=128
training.mode=standard    avg_loss: 0.000000012382  time_per_window : 0.000061   progress : 0.743
name: epochs=5
dataset.training_size=1500000
batch_size=128
training.mode=standard    avg_loss: 0.000000013170  time_per_window : 0.000068   progress : 0.754
name: epochs=5
dataset.training_size=1500000
batch_size=128
training.mode=standard    avg_loss: 0.000000016119  time_per_window : 0.000078   progress : 0.765
name: epochs=5
dataset.training_size=1500000
batch_size=128
training.mode=standard    avg_loss: 0.000000012642  time_per_window : 0.000082   progress : 0.775
name: epochs=5
dataset.training_size=1500000
batch_size=128
training.mode=standard    avg_loss: 0.000000012928  time_per_window : 0.000077   progress : 0.786
name: epochs=5
dataset.training_size=1500000
batch_size=128
training.mode=standard    avg_loss: 0.000000013676  time_per_window : 0.000081   progress : 0.797
name: epochs=5
dataset.training_size=1500000
batch_size=128
training.mode=standard    avg_loss: 0.000000012449  time_per_window : 0.000077   progress : 0.808
name: epochs=5
dataset.training_size=1500000
batch_size=128
training.mode=standard    avg_loss: 0.000000012621  time_per_window : 0.000081   progress : 0.819
name: epochs=5
dataset.training_size=1500000
batch_size=128
training.mode=standard    avg_loss: 0.000000012319  time_per_window : 0.000087   progress : 0.830
name: epochs=5
dataset.training_size=1500000
batch_size=128
training.mode=standard    avg_loss: 0.000000013006  time_per_window : 0.000076   progress : 0.841
name: epochs=5
dataset.training_size=1500000
batch_size=128
training.mode=standard    avg_loss: 0.000000018891  time_per_window : 0.000082   progress : 0.852
name: epochs=5
dataset.training_size=1500000
batch_size=128
training.mode=standard    avg_loss: 0.000000012631  time_per_window : 0.000079   progress : 0.863
name: epochs=5
dataset.training_size=1500000
batch_size=128
training.mode=standard    avg_loss: 0.000000011644  time_per_window : 0.000075   progress : 0.874
name: epochs=5
dataset.training_size=1500000
batch_size=128
training.mode=standard    avg_loss: 0.000000024979  time_per_window : 0.000075   progress : 0.885
name: epochs=5
dataset.training_size=1500000
batch_size=128
training.mode=standard    avg_loss: 0.000000015629  time_per_window : 0.000076   progress : 0.896
name: epochs=5
dataset.training_size=1500000
batch_size=128
training.mode=standard    avg_loss: 0.000000011490  time_per_window : 0.000081   progress : 0.907
name: epochs=5
dataset.training_size=1500000
batch_size=128
training.mode=standard    avg_loss: 0.000000012599  time_per_window : 0.000060   progress : 0.917
name: epochs=5
dataset.training_size=1500000
batch_size=128
training.mode=standard    avg_loss: 0.000000011396  time_per_window : 0.000077   progress : 0.928
name: epochs=5
dataset.training_size=1500000
batch_size=128
training.mode=standard    avg_loss: 0.000000012386  time_per_window : 0.000076   progress : 0.939
name: epochs=5
dataset.training_size=1500000
batch_size=128
training.mode=standard    avg_loss: 0.000000011659  time_per_window : 0.000077   progress : 0.950
name: epochs=5
dataset.training_size=1500000
batch_size=128
training.mode=standard    avg_loss: 0.000000011624  time_per_window : 0.000075   progress : 0.961
name: epochs=5
dataset.training_size=1500000
batch_size=128
training.mode=standard    avg_loss: 0.000000012709  time_per_window : 0.000075   progress : 0.972
name: epochs=5
dataset.training_size=1500000
batch_size=128
training.mode=standard    avg_loss: 0.000000013217  time_per_window : 0.000076   progress : 0.983
name: epochs=5
dataset.training_size=1500000
batch_size=128
training.mode=standard    avg_loss: 0.000000013368  time_per_window : 0.000086   progress : 0.994
name: epochs=5
dataset.training_size=1500000
batch_size=128
training.mode=standard    avg_loss: 0.000000012982  time_per_window : 0.000075   progress : 0.011
name: epochs=5
dataset.training_size=1500000
batch_size=128
training.mode=standard    avg_loss: 0.000000013642  time_per_window : 0.000084   progress : 0.022
name: epochs=5
dataset.training_size=1500000
batch_size=128
training.mode=standard    avg_loss: 0.000000011840  time_per_window : 0.000075   progress : 0.033
name: epochs=5
dataset.training_size=1500000
batch_size=128
training.mode=standard    avg_loss: 0.000000033426  time_per_window : 0.000076   progress : 0.044
name: epochs=5
dataset.training_size=1500000
batch_size=128
training.mode=standard    avg_loss: 0.000000017349  time_per_window : 0.000078   progress : 0.055
name: epochs=5
dataset.training_size=1500000
batch_size=128
training.mode=standard    avg_loss: 0.000000013868  time_per_window : 0.000043   progress : 0.066
name: epochs=5
dataset.training_size=1500000
batch_size=128
training.mode=standard    avg_loss: 0.000000013065  time_per_window : 0.000077   progress : 0.076
name: epochs=5
dataset.training_size=1500000
batch_size=128
training.mode=standard    avg_loss: 0.000000019425  time_per_window : 0.000077   progress : 0.087
name: epochs=5
dataset.training_size=1500000
batch_size=128
training.mode=standard    avg_loss: 0.000000011869  time_per_window : 0.000073   progress : 0.098
name: epochs=5
dataset.training_size=1500000
batch_size=128
training.mode=standard    avg_loss: 0.000000011898  time_per_window : 0.000058   progress : 0.109
name: epochs=5
dataset.training_size=1500000
batch_size=128
training.mode=standard    avg_loss: 0.000000011131  time_per_window : 0.000059   progress : 0.120
name: epochs=5
dataset.training_size=1500000
batch_size=128
training.mode=standard    avg_loss: 0.000000012504  time_per_window : 0.000072   progress : 0.131
name: epochs=5
dataset.training_size=1500000
batch_size=128
training.mode=standard    avg_loss: 0.000000012139  time_per_window : 0.000048   progress : 0.142
name: epochs=5
dataset.training_size=1500000
batch_size=128
training.mode=standard    avg_loss: 0.000000011451  time_per_window : 0.000046   progress : 0.153
name: epochs=5
dataset.training_size=1500000
batch_size=128
training.mode=standard    avg_loss: 0.000000011656  time_per_window : 0.000044   progress : 0.164
name: epochs=5
dataset.training_size=1500000
batch_size=128
training.mode=standard    avg_loss: 0.000000012186  time_per_window : 0.000050   progress : 0.175
name: epochs=5
dataset.training_size=1500000
batch_size=128
training.mode=standard    avg_loss: 0.000000012096  time_per_window : 0.000058   progress : 0.186
name: epochs=5
dataset.training_size=1500000
batch_size=128
training.mode=standard    avg_loss: 0.000000015674  time_per_window : 0.000048   progress : 0.197
name: epochs=5
dataset.training_size=1500000
batch_size=128
training.mode=standard    avg_loss: 0.000000011997  time_per_window : 0.000042   progress : 0.208
name: epochs=5
dataset.training_size=1500000
batch_size=128
training.mode=standard    avg_loss: 0.000000015310  time_per_window : 0.000046   progress : 0.218
name: epochs=5
dataset.training_size=1500000
batch_size=128
training.mode=standard    avg_loss: 0.000000042289  time_per_window : 0.000059   progress : 0.229
name: epochs=5
dataset.training_size=1500000
batch_size=128
training.mode=standard    avg_loss: 0.000000015739  time_per_window : 0.000053   progress : 0.240
name: epochs=5
dataset.training_size=1500000
batch_size=128
training.mode=standard    avg_loss: 0.000000013968  time_per_window : 0.000057   progress : 0.251
name: epochs=5
dataset.training_size=1500000
batch_size=128
training.mode=standard    avg_loss: 0.000000014217  time_per_window : 0.000059   progress : 0.262
name: epochs=5
dataset.training_size=1500000
batch_size=128
training.mode=standard    avg_loss: 0.000000012590  time_per_window : 0.000042   progress : 0.273
name: epochs=5
dataset.training_size=1500000
batch_size=128
training.mode=standard    avg_loss: 0.000000013155  time_per_window : 0.000073   progress : 0.284
name: epochs=5
dataset.training_size=1500000
batch_size=128
training.mode=standard    avg_loss: 0.000000011279  time_per_window : 0.000071   progress : 0.295
name: epochs=5
dataset.training_size=1500000
batch_size=128
training.mode=standard    avg_loss: 0.000000011436  time_per_window : 0.000058   progress : 0.306
name: epochs=5
dataset.training_size=1500000
batch_size=128
training.mode=standard    avg_loss: 0.000000010691  time_per_window : 0.000042   progress : 0.317
name: epochs=5
dataset.training_size=1500000
batch_size=128
training.mode=standard    avg_loss: 0.000000011313  time_per_window : 0.000072   progress : 0.328
name: epochs=5
dataset.training_size=1500000
batch_size=128
training.mode=standard    avg_loss: 0.000000010815  time_per_window : 0.000059   progress : 0.339
name: epochs=5
dataset.training_size=1500000
batch_size=128
training.mode=standard    avg_loss: 0.000000014524  time_per_window : 0.000033   progress : 0.350
name: epochs=5
dataset.training_size=1500000
batch_size=128
training.mode=standard    avg_loss: 0.000000011280  time_per_window : 0.000072   progress : 0.360
name: epochs=5
dataset.training_size=1500000
batch_size=128
training.mode=standard    avg_loss: 0.000000010834  time_per_window : 0.000059   progress : 0.371
name: epochs=5
dataset.training_size=1500000
batch_size=128
training.mode=standard    avg_loss: 0.000000017514  time_per_window : 0.000057   progress : 0.382
name: epochs=5
dataset.training_size=1500000
batch_size=128
training.mode=standard    avg_loss: 0.000000012810  time_per_window : 0.000053   progress : 0.393
name: epochs=5
dataset.training_size=1500000
batch_size=128
training.mode=standard    avg_loss: 0.000000011332  time_per_window : 0.000062   progress : 0.404
name: epochs=5
dataset.training_size=1500000
batch_size=128
training.mode=standard    avg_loss: 0.000000011069  time_per_window : 0.000057   progress : 0.415
name: epochs=5
dataset.training_size=1500000
batch_size=128
training.mode=standard    avg_loss: 0.000000012706  time_per_window : 0.000056   progress : 0.426
name: epochs=5
dataset.training_size=1500000
batch_size=128
training.mode=standard    avg_loss: 0.000000031110  time_per_window : 0.000057   progress : 0.437
name: epochs=5
dataset.training_size=1500000
batch_size=128
training.mode=standard    avg_loss: 0.000000013847  time_per_window : 0.000058   progress : 0.448
name: epochs=5
dataset.training_size=1500000
batch_size=128
training.mode=standard    avg_loss: 0.000000011104  time_per_window : 0.000060   progress : 0.459
name: epochs=5
dataset.training_size=1500000
batch_size=128
training.mode=standard    avg_loss: 0.000000011173  time_per_window : 0.000058   progress : 0.470
name: epochs=5
dataset.training_size=1500000
batch_size=128
training.mode=standard    avg_loss: 0.000000011309  time_per_window : 0.000058   progress : 0.481
name: epochs=5
dataset.training_size=1500000
batch_size=128
training.mode=standard    avg_loss: 0.000000010264  time_per_window : 0.000051   progress : 0.492
name: epochs=5
dataset.training_size=1500000
batch_size=128
training.mode=standard    avg_loss: 0.000000013220  time_per_window : 0.000080   progress : 0.502
name: epochs=5
dataset.training_size=1500000
batch_size=128
training.mode=standard    avg_loss: 0.000000010336  time_per_window : 0.000059   progress : 0.513
name: epochs=5
dataset.training_size=1500000
batch_size=128
training.mode=standard    avg_loss: 0.000000011104  time_per_window : 0.000054   progress : 0.524
name: epochs=5
dataset.training_size=1500000
batch_size=128
training.mode=standard    avg_loss: 0.000000010365  time_per_window : 0.000049   progress : 0.535
name: epochs=5
dataset.training_size=1500000
batch_size=128
training.mode=standard    avg_loss: 0.000000012202  time_per_window : 0.000058   progress : 0.546
name: epochs=5
dataset.training_size=1500000
batch_size=128
training.mode=standard    avg_loss: 0.000000011265  time_per_window : 0.000077   progress : 0.557
name: epochs=5
dataset.training_size=1500000
batch_size=128
training.mode=standard    avg_loss: 0.000000018568  time_per_window : 0.000058   progress : 0.568
name: epochs=5
dataset.training_size=1500000
batch_size=128
training.mode=standard    avg_loss: 0.000000013255  time_per_window : 0.000058   progress : 0.579
name: epochs=5
dataset.training_size=1500000
batch_size=128
training.mode=standard    avg_loss: 0.000000012218  time_per_window : 0.000058   progress : 0.590
name: epochs=5
dataset.training_size=1500000
batch_size=128
training.mode=standard    avg_loss: 0.000000011110  time_per_window : 0.000036   progress : 0.601
name: epochs=5
dataset.training_size=1500000
batch_size=128
training.mode=standard    avg_loss: 0.000000011475  time_per_window : 0.000060   progress : 0.612
name: epochs=5
dataset.training_size=1500000
batch_size=128
training.mode=standard    avg_loss: 0.000000011968  time_per_window : 0.000060   progress : 0.623
name: epochs=5
dataset.training_size=1500000
batch_size=128
training.mode=standard    avg_loss: 0.000000010620  time_per_window : 0.000046   progress : 0.634
name: epochs=5
dataset.training_size=1500000
batch_size=128
training.mode=standard    avg_loss: 0.000000012085  time_per_window : 0.000057   progress : 0.644
name: epochs=5
dataset.training_size=1500000
batch_size=128
training.mode=standard    avg_loss: 0.000000013344  time_per_window : 0.000069   progress : 0.655
name: epochs=5
dataset.training_size=1500000
batch_size=128
training.mode=standard    avg_loss: 0.000000010744  time_per_window : 0.000041   progress : 0.666
name: epochs=5
dataset.training_size=1500000
batch_size=128
training.mode=standard    avg_loss: 0.000000010410  time_per_window : 0.000059   progress : 0.677
name: epochs=5
dataset.training_size=1500000
batch_size=128
training.mode=standard    avg_loss: 0.000000012444  time_per_window : 0.000055   progress : 0.688
name: epochs=5
dataset.training_size=1500000
batch_size=128
training.mode=standard    avg_loss: 0.000000013585  time_per_window : 0.000078   progress : 0.699
name: epochs=5
dataset.training_size=1500000
batch_size=128
training.mode=standard    avg_loss: 0.000000011357  time_per_window : 0.000057   progress : 0.710
name: epochs=5
dataset.training_size=1500000
batch_size=128
training.mode=standard    avg_loss: 0.000000011237  time_per_window : 0.000069   progress : 0.721
name: epochs=5
dataset.training_size=1500000
batch_size=128
training.mode=standard    avg_loss: 0.000000011260  time_per_window : 0.000060   progress : 0.732
name: epochs=5
dataset.training_size=1500000
batch_size=128
training.mode=standard    avg_loss: 0.000000010085  time_per_window : 0.000061   progress : 0.743
name: epochs=5
dataset.training_size=1500000
batch_size=128
training.mode=standard    avg_loss: 0.000000011227  time_per_window : 0.000043   progress : 0.754
name: epochs=5
dataset.training_size=1500000
batch_size=128
training.mode=standard    avg_loss: 0.000000010761  time_per_window : 0.000058   progress : 0.765
name: epochs=5
dataset.training_size=1500000
batch_size=128
training.mode=standard    avg_loss: 0.000000011467  time_per_window : 0.000040   progress : 0.775
name: epochs=5
dataset.training_size=1500000
batch_size=128
training.mode=standard    avg_loss: 0.000000027241  time_per_window : 0.000057   progress : 0.786
name: epochs=5
dataset.training_size=1500000
batch_size=128
training.mode=standard    avg_loss: 0.000000012578  time_per_window : 0.000058   progress : 0.797
name: epochs=5
dataset.training_size=1500000
batch_size=128
training.mode=standard    avg_loss: 0.000000015298  time_per_window : 0.000042   progress : 0.808
name: epochs=5
dataset.training_size=1500000
batch_size=128
training.mode=standard    avg_loss: 0.000000010728  time_per_window : 0.000072   progress : 0.819
name: epochs=5
dataset.training_size=1500000
batch_size=128
training.mode=standard    avg_loss: 0.000000011158  time_per_window : 0.000060   progress : 0.830
name: epochs=5
dataset.training_size=1500000
batch_size=128
training.mode=standard    avg_loss: 0.000000011403  time_per_window : 0.000068   progress : 0.841
name: epochs=5
dataset.training_size=1500000
batch_size=128
training.mode=standard    avg_loss: 0.000000010657  time_per_window : 0.000070   progress : 0.852
name: epochs=5
dataset.training_size=1500000
batch_size=128
training.mode=standard    avg_loss: 0.000000010465  time_per_window : 0.000058   progress : 0.863
name: epochs=5
dataset.training_size=1500000
batch_size=128
training.mode=standard    avg_loss: 0.000000009860  time_per_window : 0.000057   progress : 0.874
name: epochs=5
dataset.training_size=1500000
batch_size=128
training.mode=standard    avg_loss: 0.000000011471  time_per_window : 0.000063   progress : 0.885
name: epochs=5
dataset.training_size=1500000
batch_size=128
training.mode=standard    avg_loss: 0.000000010385  time_per_window : 0.000057   progress : 0.896
name: epochs=5
dataset.training_size=1500000
batch_size=128
training.mode=standard    avg_loss: 0.000000009635  time_per_window : 0.000041   progress : 0.907
name: epochs=5
dataset.training_size=1500000
batch_size=128
training.mode=standard    avg_loss: 0.000000010015  time_per_window : 0.000052   progress : 0.917
name: epochs=5
dataset.training_size=1500000
batch_size=128
training.mode=standard    avg_loss: 0.000000015631  time_per_window : 0.000060   progress : 0.928
name: epochs=5
dataset.training_size=1500000
batch_size=128
training.mode=standard    avg_loss: 0.000000012315  time_per_window : 0.000041   progress : 0.939
name: epochs=5
dataset.training_size=1500000
batch_size=128
training.mode=standard    avg_loss: 0.000000010866  time_per_window : 0.000042   progress : 0.950
name: epochs=5
dataset.training_size=1500000
batch_size=128
training.mode=standard    avg_loss: 0.000000010186  time_per_window : 0.000058   progress : 0.961
name: epochs=5
dataset.training_size=1500000
batch_size=128
training.mode=standard    avg_loss: 0.000000012200  time_per_window : 0.000062   progress : 0.972
name: epochs=5
dataset.training_size=1500000
batch_size=128
training.mode=standard    avg_loss: 0.000000013186  time_per_window : 0.000044   progress : 0.983
name: epochs=5
dataset.training_size=1500000
batch_size=128
training.mode=standard    avg_loss: 0.000000011257  time_per_window : 0.000058   progress : 0.994
DONE!!!
