/media/egghead/Scratch/joey/Thesis/mavenv/lib/python3.11/site-packages/hydra/_internal/defaults_list.py:251: UserWarning: In 'config': Defaults list is missing `_self_`. See https://hydra.cc/docs/1.2/upgrades/1.0_to_1.1/default_composition_order for more information
  warnings.warn(msg, UserWarning)
Using cuda device
models:
  n_dim: 23
  out_dim: 10
  architecture:
    d_model: 128
    n_encoder_layers: 2
    n_decoder_layers: 0
    block_type: simple_cls
    time_adapter: last_token
    in_norm: none
    out_norm: none
    layer_scale: 0.0001
    drop_path: 0.05
    mamba_type: mamba
    mamba_kwargs:
      d_state: 64
      d_conv: 4
      expand: 4
      norm: rms
    skip: false
    cls_kwargs:
      n_heads: 2
      n_mlp: 2
      positional_encoding: false
      max_len: 5000
input_len: 64
output_len: 1
batch_size: 128
epochs: 5
seed: 0
dataset:
  path: /media/egghead/Scratch/joey/simulation_data/patient_one_data.zarr/
  training_size: 1500000
evaluation:
  path: /media/egghead/Scratch/joey/simulation_data/patient_two_data.zarr/
  evaluation_size: 10
training:
  mode: rollout
  lr: 0.0002
  weight_decay: 0.1
  rollout_steps: 32
checkpoint:
  save_path: hydra-test.pth
  load: false
  path: hydra-test.pth
compile: true

/media/egghead/Scratch/joey/Thesis/mavenv/lib/python3.11/site-packages/torch/_inductor/cudagraph_trees.py:2622: UserWarning: Unable to hit fast path of CUDAGraphs because outputs from a previous step still require backward. Ensure backward() is invoked or detach outputs. You may also call torch.compiler.cudagraph_mark_step_begin() before each model invocation.
  warnings.warn(
name: epochs=5
dataset.training_size=1500000
batch_size=128
models.architecture.block_type=simple_cls    avg_loss: 0.000175114692  time_per_window : 0.000701   progress : 0.011
name: epochs=5
dataset.training_size=1500000
batch_size=128
models.architecture.block_type=simple_cls    avg_loss: 0.000000795589  time_per_window : 0.000686   progress : 0.022
name: epochs=5
dataset.training_size=1500000
batch_size=128
models.architecture.block_type=simple_cls    avg_loss: 0.000000392652  time_per_window : 0.000960   progress : 0.033
name: epochs=5
dataset.training_size=1500000
batch_size=128
models.architecture.block_type=simple_cls    avg_loss: 0.000000274841  time_per_window : 0.000932   progress : 0.044
name: epochs=5
dataset.training_size=1500000
batch_size=128
models.architecture.block_type=simple_cls    avg_loss: 0.000000215355  time_per_window : 0.000926   progress : 0.055
name: epochs=5
dataset.training_size=1500000
batch_size=128
models.architecture.block_type=simple_cls    avg_loss: 0.000000185041  time_per_window : 0.000950   progress : 0.066
name: epochs=5
dataset.training_size=1500000
batch_size=128
models.architecture.block_type=simple_cls    avg_loss: 0.000000157775  time_per_window : 0.000928   progress : 0.076
name: epochs=5
dataset.training_size=1500000
batch_size=128
models.architecture.block_type=simple_cls    avg_loss: 0.000000135633  time_per_window : 0.000983   progress : 0.087
name: epochs=5
dataset.training_size=1500000
batch_size=128
models.architecture.block_type=simple_cls    avg_loss: 0.000000116424  time_per_window : 0.000912   progress : 0.098
name: epochs=5
dataset.training_size=1500000
batch_size=128
models.architecture.block_type=simple_cls    avg_loss: 0.000000104410  time_per_window : 0.000955   progress : 0.109
name: epochs=5
dataset.training_size=1500000
batch_size=128
models.architecture.block_type=simple_cls    avg_loss: 0.000000101780  time_per_window : 0.000922   progress : 0.120
name: epochs=5
dataset.training_size=1500000
batch_size=128
models.architecture.block_type=simple_cls    avg_loss: 0.000000092794  time_per_window : 0.000929   progress : 0.131
name: epochs=5
dataset.training_size=1500000
batch_size=128
models.architecture.block_type=simple_cls    avg_loss: 0.000000085614  time_per_window : 0.000974   progress : 0.142
name: epochs=5
dataset.training_size=1500000
batch_size=128
models.architecture.block_type=simple_cls    avg_loss: 0.000000079751  time_per_window : 0.001005   progress : 0.153
name: epochs=5
dataset.training_size=1500000
batch_size=128
models.architecture.block_type=simple_cls    avg_loss: 0.000000074492  time_per_window : 0.000955   progress : 0.164
name: epochs=5
dataset.training_size=1500000
batch_size=128
models.architecture.block_type=simple_cls    avg_loss: 0.000000072765  time_per_window : 0.000929   progress : 0.175
name: epochs=5
dataset.training_size=1500000
batch_size=128
models.architecture.block_type=simple_cls    avg_loss: 0.000000074610  time_per_window : 0.000955   progress : 0.186
name: epochs=5
dataset.training_size=1500000
batch_size=128
models.architecture.block_type=simple_cls    avg_loss: 0.000000070689  time_per_window : 0.000927   progress : 0.197
name: epochs=5
dataset.training_size=1500000
batch_size=128
models.architecture.block_type=simple_cls    avg_loss: 0.000000063602  time_per_window : 0.000925   progress : 0.208
name: epochs=5
dataset.training_size=1500000
batch_size=128
models.architecture.block_type=simple_cls    avg_loss: 0.000000061319  time_per_window : 0.000974   progress : 0.218
name: epochs=5
dataset.training_size=1500000
batch_size=128
models.architecture.block_type=simple_cls    avg_loss: 0.000000061073  time_per_window : 0.000983   progress : 0.229
name: epochs=5
dataset.training_size=1500000
batch_size=128
models.architecture.block_type=simple_cls    avg_loss: 0.000000075096  time_per_window : 0.000933   progress : 0.240
name: epochs=5
dataset.training_size=1500000
batch_size=128
models.architecture.block_type=simple_cls    avg_loss: 0.000000106516  time_per_window : 0.000986   progress : 0.251
name: epochs=5
dataset.training_size=1500000
batch_size=128
models.architecture.block_type=simple_cls    avg_loss: 0.000000091220  time_per_window : 0.001021   progress : 0.262
name: epochs=5
dataset.training_size=1500000
batch_size=128
models.architecture.block_type=simple_cls    avg_loss: 0.000000073819  time_per_window : 0.000930   progress : 0.273
name: epochs=5
dataset.training_size=1500000
batch_size=128
models.architecture.block_type=simple_cls    avg_loss: 0.000000116694  time_per_window : 0.000985   progress : 0.284
name: epochs=5
dataset.training_size=1500000
batch_size=128
models.architecture.block_type=simple_cls    avg_loss: 0.000000089230  time_per_window : 0.000958   progress : 0.295
name: epochs=5
dataset.training_size=1500000
batch_size=128
models.architecture.block_type=simple_cls    avg_loss: 0.000000086922  time_per_window : 0.001009   progress : 0.306
name: epochs=5
dataset.training_size=1500000
batch_size=128
models.architecture.block_type=simple_cls    avg_loss: 0.000000109218  time_per_window : 0.000906   progress : 0.317
name: epochs=5
dataset.training_size=1500000
batch_size=128
models.architecture.block_type=simple_cls    avg_loss: 0.000000081305  time_per_window : 0.000929   progress : 0.328
name: epochs=5
dataset.training_size=1500000
batch_size=128
models.architecture.block_type=simple_cls    avg_loss: 0.000000100260  time_per_window : 0.000962   progress : 0.339
name: epochs=5
dataset.training_size=1500000
batch_size=128
models.architecture.block_type=simple_cls    avg_loss: 0.000000099282  time_per_window : 0.001022   progress : 0.350
name: epochs=5
dataset.training_size=1500000
batch_size=128
models.architecture.block_type=simple_cls    avg_loss: 0.000000093197  time_per_window : 0.000946   progress : 0.360
name: epochs=5
dataset.training_size=1500000
batch_size=128
models.architecture.block_type=simple_cls    avg_loss: 0.000000123445  time_per_window : 0.001039   progress : 0.371
name: epochs=5
dataset.training_size=1500000
batch_size=128
models.architecture.block_type=simple_cls    avg_loss: 0.000000101196  time_per_window : 0.000956   progress : 0.382
name: epochs=5
dataset.training_size=1500000
batch_size=128
models.architecture.block_type=simple_cls    avg_loss: 0.000000100425  time_per_window : 0.000927   progress : 0.393
name: epochs=5
dataset.training_size=1500000
batch_size=128
models.architecture.block_type=simple_cls    avg_loss: 0.000000111056  time_per_window : 0.000950   progress : 0.404
name: epochs=5
dataset.training_size=1500000
batch_size=128
models.architecture.block_type=simple_cls    avg_loss: 0.000000111597  time_per_window : 0.000964   progress : 0.415
name: epochs=5
dataset.training_size=1500000
batch_size=128
models.architecture.block_type=simple_cls    avg_loss: 0.000000074062  time_per_window : 0.000931   progress : 0.426
name: epochs=5
dataset.training_size=1500000
batch_size=128
models.architecture.block_type=simple_cls    avg_loss: 0.000000127051  time_per_window : 0.000930   progress : 0.437
name: epochs=5
dataset.training_size=1500000
batch_size=128
models.architecture.block_type=simple_cls    avg_loss: 0.000000090141  time_per_window : 0.001015   progress : 0.448
name: epochs=5
dataset.training_size=1500000
batch_size=128
models.architecture.block_type=simple_cls    avg_loss: 0.000000114401  time_per_window : 0.000970   progress : 0.459
name: epochs=5
dataset.training_size=1500000
batch_size=128
models.architecture.block_type=simple_cls    avg_loss: 0.000000088933  time_per_window : 0.001020   progress : 0.470
name: epochs=5
dataset.training_size=1500000
batch_size=128
models.architecture.block_type=simple_cls    avg_loss: 0.000000105320  time_per_window : 0.000938   progress : 0.481
name: epochs=5
dataset.training_size=1500000
batch_size=128
models.architecture.block_type=simple_cls    avg_loss: 0.000000081609  time_per_window : 0.000934   progress : 0.492
name: epochs=5
dataset.training_size=1500000
batch_size=128
models.architecture.block_type=simple_cls    avg_loss: 0.000000099349  time_per_window : 0.001035   progress : 0.502
name: epochs=5
dataset.training_size=1500000
batch_size=128
models.architecture.block_type=simple_cls    avg_loss: 0.000000090434  time_per_window : 0.000929   progress : 0.513/media/egghead/Scratch/joey/Thesis/mavenv/lib/python3.11/site-packages/torch/_inductor/cudagraph_trees.py:2622: UserWarning: Unable to hit fast path of CUDAGraphs because outputs from a previous step still require backward. Ensure backward() is invoked or detach outputs. You may also call torch.compiler.cudagraph_mark_step_begin() before each model invocation.
  warnings.warn(
/media/egghead/Scratch/joey/Thesis/mavenv/lib/python3.11/site-packages/torch/_inductor/cudagraph_trees.py:2622: UserWarning: Unable to hit fast path of CUDAGraphs because outputs from a previous step still require backward. Ensure backward() is invoked or detach outputs. You may also call torch.compiler.cudagraph_mark_step_begin() before each model invocation.
  warnings.warn(

name: epochs=5
dataset.training_size=1500000
batch_size=128
models.architecture.block_type=simple_cls    avg_loss: 0.000000097435  time_per_window : 0.000957   progress : 0.524
name: epochs=5
dataset.training_size=1500000
batch_size=128
models.architecture.block_type=simple_cls    avg_loss: 0.000000080238  time_per_window : 0.000919   progress : 0.535
name: epochs=5
dataset.training_size=1500000
batch_size=128
models.architecture.block_type=simple_cls    avg_loss: 0.000000107365  time_per_window : 0.000954   progress : 0.546
name: epochs=5
dataset.training_size=1500000
batch_size=128
models.architecture.block_type=simple_cls    avg_loss: 0.000000085857  time_per_window : 0.000920   progress : 0.557
name: epochs=5
dataset.training_size=1500000
batch_size=128
models.architecture.block_type=simple_cls    avg_loss: 0.000000095614  time_per_window : 0.000953   progress : 0.568
name: epochs=5
dataset.training_size=1500000
batch_size=128
models.architecture.block_type=simple_cls    avg_loss: 0.000000100727  time_per_window : 0.000939   progress : 0.579
name: epochs=5
dataset.training_size=1500000
batch_size=128
models.architecture.block_type=simple_cls    avg_loss: 0.000000071493  time_per_window : 0.000929   progress : 0.590
name: epochs=5
dataset.training_size=1500000
batch_size=128
models.architecture.block_type=simple_cls    avg_loss: 0.000000091853  time_per_window : 0.000945   progress : 0.601
name: epochs=5
dataset.training_size=1500000
batch_size=128
models.architecture.block_type=simple_cls    avg_loss: 0.000000082474  time_per_window : 0.000967   progress : 0.612
name: epochs=5
dataset.training_size=1500000
batch_size=128
models.architecture.block_type=simple_cls    avg_loss: 0.000000081944  time_per_window : 0.000928   progress : 0.623
name: epochs=5
dataset.training_size=1500000
batch_size=128
models.architecture.block_type=simple_cls    avg_loss: 0.000000074565  time_per_window : 0.000963   progress : 0.634
name: epochs=5
dataset.training_size=1500000
batch_size=128
models.architecture.block_type=simple_cls    avg_loss: 0.000000084656  time_per_window : 0.000968   progress : 0.644
name: epochs=5
dataset.training_size=1500000
batch_size=128
models.architecture.block_type=simple_cls    avg_loss: 0.000000090890  time_per_window : 0.000946   progress : 0.655
name: epochs=5
dataset.training_size=1500000
batch_size=128
models.architecture.block_type=simple_cls    avg_loss: 0.000000079412  time_per_window : 0.001019   progress : 0.666
name: epochs=5
dataset.training_size=1500000
batch_size=128
models.architecture.block_type=simple_cls    avg_loss: 0.000000074122  time_per_window : 0.000910   progress : 0.677
name: epochs=5
dataset.training_size=1500000
batch_size=128
models.architecture.block_type=simple_cls    avg_loss: 0.000000071042  time_per_window : 0.001062   progress : 0.688
name: epochs=5
dataset.training_size=1500000
batch_size=128
models.architecture.block_type=simple_cls    avg_loss: 0.000000078421  time_per_window : 0.001036   progress : 0.699
name: epochs=5
dataset.training_size=1500000
batch_size=128
models.architecture.block_type=simple_cls    avg_loss: 0.000000084623  time_per_window : 0.000943   progress : 0.710
name: epochs=5
dataset.training_size=1500000
batch_size=128
models.architecture.block_type=simple_cls    avg_loss: 0.000000068194  time_per_window : 0.001039   progress : 0.721
name: epochs=5
dataset.training_size=1500000
batch_size=128
models.architecture.block_type=simple_cls    avg_loss: 0.000000073615  time_per_window : 0.000958   progress : 0.732
name: epochs=5
dataset.training_size=1500000
batch_size=128
models.architecture.block_type=simple_cls    avg_loss: 0.000000075371  time_per_window : 0.000992   progress : 0.743
name: epochs=5
dataset.training_size=1500000
batch_size=128
models.architecture.block_type=simple_cls    avg_loss: 0.000000066201  time_per_window : 0.000940   progress : 0.754
name: epochs=5
dataset.training_size=1500000
batch_size=128
models.architecture.block_type=simple_cls    avg_loss: 0.000000071501  time_per_window : 0.000942   progress : 0.765
name: epochs=5
dataset.training_size=1500000
batch_size=128
models.architecture.block_type=simple_cls    avg_loss: 0.000000073561  time_per_window : 0.001040   progress : 0.775
name: epochs=5
dataset.training_size=1500000
batch_size=128
models.architecture.block_type=simple_cls    avg_loss: 0.000000062613  time_per_window : 0.000944   progress : 0.786
name: epochs=5
dataset.training_size=1500000
batch_size=128
models.architecture.block_type=simple_cls    avg_loss: 0.000000076830  time_per_window : 0.000972   progress : 0.797
name: epochs=5
dataset.training_size=1500000
batch_size=128
models.architecture.block_type=simple_cls    avg_loss: 0.000000059001  time_per_window : 0.000975   progress : 0.808
name: epochs=5
dataset.training_size=1500000
batch_size=128
models.architecture.block_type=simple_cls    avg_loss: 0.000000070117  time_per_window : 0.001045   progress : 0.819
name: epochs=5
dataset.training_size=1500000
batch_size=128
models.architecture.block_type=simple_cls    avg_loss: 0.000000064813  time_per_window : 0.001041   progress : 0.830
name: epochs=5
dataset.training_size=1500000
batch_size=128
models.architecture.block_type=simple_cls    avg_loss: 0.000000068238  time_per_window : 0.001055   progress : 0.841
name: epochs=5
dataset.training_size=1500000
batch_size=128
models.architecture.block_type=simple_cls    avg_loss: 0.000000060665  time_per_window : 0.000988   progress : 0.852
name: epochs=5
dataset.training_size=1500000
batch_size=128
models.architecture.block_type=simple_cls    avg_loss: 0.000000059859  time_per_window : 0.000934   progress : 0.863
name: epochs=5
dataset.training_size=1500000
batch_size=128
models.architecture.block_type=simple_cls    avg_loss: 0.000000069479  time_per_window : 0.000924   progress : 0.874
name: epochs=5
dataset.training_size=1500000
batch_size=128
models.architecture.block_type=simple_cls    avg_loss: 0.000000063735  time_per_window : 0.000949   progress : 0.885
name: epochs=5
dataset.training_size=1500000
batch_size=128
models.architecture.block_type=simple_cls    avg_loss: 0.000000058857  time_per_window : 0.000996   progress : 0.896
name: epochs=5
dataset.training_size=1500000
batch_size=128
models.architecture.block_type=simple_cls    avg_loss: 0.000000062994  time_per_window : 0.000953   progress : 0.907
name: epochs=5
dataset.training_size=1500000
batch_size=128
models.architecture.block_type=simple_cls    avg_loss: 0.000000056256  time_per_window : 0.000983   progress : 0.917
name: epochs=5
dataset.training_size=1500000
batch_size=128
models.architecture.block_type=simple_cls    avg_loss: 0.000000056580  time_per_window : 0.001010   progress : 0.928
name: epochs=5
dataset.training_size=1500000
batch_size=128
models.architecture.block_type=simple_cls    avg_loss: 0.000000060700  time_per_window : 0.000963   progress : 0.939
name: epochs=5
dataset.training_size=1500000
batch_size=128
models.architecture.block_type=simple_cls    avg_loss: 0.000000065285  time_per_window : 0.001039   progress : 0.950
name: epochs=5
dataset.training_size=1500000
batch_size=128
models.architecture.block_type=simple_cls    avg_loss: 0.000000061596  time_per_window : 0.000968   progress : 0.961
name: epochs=5
dataset.training_size=1500000
batch_size=128
models.architecture.block_type=simple_cls    avg_loss: 0.000000055138  time_per_window : 0.000939   progress : 0.972
name: epochs=5
dataset.training_size=1500000
batch_size=128
models.architecture.block_type=simple_cls    avg_loss: 0.000000056747  time_per_window : 0.000965   progress : 0.983
name: epochs=5
dataset.training_size=1500000
batch_size=128
models.architecture.block_type=simple_cls    avg_loss: 0.000000052926  time_per_window : 0.000917   progress : 0.994
name: epochs=5
dataset.training_size=1500000
batch_size=128
models.architecture.block_type=simple_cls    avg_loss: 0.000000148808  time_per_window : 0.001207   progress : 0.011
name: epochs=5
dataset.training_size=1500000
batch_size=128
models.architecture.block_type=simple_cls    avg_loss: 0.000000057709  time_per_window : 0.001235   progress : 0.022
name: epochs=5
dataset.training_size=1500000
batch_size=128
models.architecture.block_type=simple_cls    avg_loss: 0.000000065297  time_per_window : 0.001256   progress : 0.033
name: epochs=5
dataset.training_size=1500000
batch_size=128
models.architecture.block_type=simple_cls    avg_loss: 0.000000065306  time_per_window : 0.001303   progress : 0.044
name: epochs=5
dataset.training_size=1500000
batch_size=128
models.architecture.block_type=simple_cls    avg_loss: 0.000000054230  time_per_window : 0.001231   progress : 0.055
name: epochs=5
dataset.training_size=1500000
batch_size=128
models.architecture.block_type=simple_cls    avg_loss: 0.000000107112  time_per_window : 0.001205   progress : 0.066
name: epochs=5
dataset.training_size=1500000
batch_size=128
models.architecture.block_type=simple_cls    avg_loss: 0.000000078764  time_per_window : 0.001194   progress : 0.076
name: epochs=5
dataset.training_size=1500000
batch_size=128
models.architecture.block_type=simple_cls    avg_loss: 0.000000060011  time_per_window : 0.001283   progress : 0.087
name: epochs=5
dataset.training_size=1500000
batch_size=128
models.architecture.block_type=simple_cls    avg_loss: 0.000000064841  time_per_window : 0.001225   progress : 0.098
name: epochs=5
dataset.training_size=1500000
batch_size=128
models.architecture.block_type=simple_cls    avg_loss: 0.000000090567  time_per_window : 0.001209   progress : 0.109
name: epochs=5
dataset.training_size=1500000
batch_size=128
models.architecture.block_type=simple_cls    avg_loss: 0.000000065802  time_per_window : 0.001253   progress : 0.120
name: epochs=5
dataset.training_size=1500000
batch_size=128
models.architecture.block_type=simple_cls    avg_loss: 0.000000087743  time_per_window : 0.001279   progress : 0.131
name: epochs=5
dataset.training_size=1500000
batch_size=128
models.architecture.block_type=simple_cls    avg_loss: 0.000000065904  time_per_window : 0.001239   progress : 0.142
name: epochs=5
dataset.training_size=1500000
batch_size=128
models.architecture.block_type=simple_cls    avg_loss: 0.000000062616  time_per_window : 0.001237   progress : 0.153
name: epochs=5
dataset.training_size=1500000
batch_size=128
models.architecture.block_type=simple_cls    avg_loss: 0.000000081047  time_per_window : 0.001197   progress : 0.164
name: epochs=5
dataset.training_size=1500000
batch_size=128
models.architecture.block_type=simple_cls    avg_loss: 0.000000062958  time_per_window : 0.001208   progress : 0.175
name: epochs=5
dataset.training_size=1500000
batch_size=128
models.architecture.block_type=simple_cls    avg_loss: 0.000000051861  time_per_window : 0.001200   progress : 0.186
name: epochs=5
dataset.training_size=1500000
batch_size=128
models.architecture.block_type=simple_cls    avg_loss: 0.000000054100  time_per_window : 0.001267   progress : 0.197
name: epochs=5
dataset.training_size=1500000
batch_size=128
models.architecture.block_type=simple_cls    avg_loss: 0.000000048632  time_per_window : 0.001248   progress : 0.208
name: epochs=5
dataset.training_size=1500000
batch_size=128
models.architecture.block_type=simple_cls    avg_loss: 0.000000048721  time_per_window : 0.001220   progress : 0.218
name: epochs=5
dataset.training_size=1500000
batch_size=128
models.architecture.block_type=simple_cls    avg_loss: 0.000000055050  time_per_window : 0.001221   progress : 0.229
name: epochs=5
dataset.training_size=1500000
batch_size=128
models.architecture.block_type=simple_cls    avg_loss: 0.000000051536  time_per_window : 0.001212   progress : 0.240
name: epochs=5
dataset.training_size=1500000
batch_size=128
models.architecture.block_type=simple_cls    avg_loss: 0.000000055104  time_per_window : 0.001202   progress : 0.251
name: epochs=5
dataset.training_size=1500000
batch_size=128
models.architecture.block_type=simple_cls    avg_loss: 0.000000055829  time_per_window : 0.001265   progress : 0.262
name: epochs=5
dataset.training_size=1500000
batch_size=128
models.architecture.block_type=simple_cls    avg_loss: 0.000000051042  time_per_window : 0.001274   progress : 0.273
name: epochs=5
dataset.training_size=1500000
batch_size=128
models.architecture.block_type=simple_cls    avg_loss: 0.000000050167  time_per_window : 0.000932   progress : 0.284
name: epochs=5
dataset.training_size=1500000
batch_size=128
models.architecture.block_type=simple_cls    avg_loss: 0.000000060515  time_per_window : 0.000865   progress : 0.295
name: epochs=5
dataset.training_size=1500000
batch_size=128
models.architecture.block_type=simple_cls    avg_loss: 0.000000050695  time_per_window : 0.001214   progress : 0.306
name: epochs=5
dataset.training_size=1500000
batch_size=128
models.architecture.block_type=simple_cls    avg_loss: 0.000000052249  time_per_window : 0.001330   progress : 0.317
name: epochs=5
dataset.training_size=1500000
batch_size=128
models.architecture.block_type=simple_cls    avg_loss: 0.000000054057  time_per_window : 0.001236   progress : 0.328
name: epochs=5
dataset.training_size=1500000
batch_size=128
models.architecture.block_type=simple_cls    avg_loss: 0.000000056017  time_per_window : 0.000907   progress : 0.339
name: epochs=5
dataset.training_size=1500000
batch_size=128
models.architecture.block_type=simple_cls    avg_loss: 0.000000049451  time_per_window : 0.000805   progress : 0.350
name: epochs=5
dataset.training_size=1500000
batch_size=128
models.architecture.block_type=simple_cls    avg_loss: 0.000000049684  time_per_window : 0.000820   progress : 0.360
name: epochs=5
dataset.training_size=1500000
batch_size=128
models.architecture.block_type=simple_cls    avg_loss: 0.000000051942  time_per_window : 0.001353   progress : 0.371
name: epochs=5
dataset.training_size=1500000
batch_size=128
models.architecture.block_type=simple_cls    avg_loss: 0.000000048802  time_per_window : 0.001212   progress : 0.382
name: epochs=5
dataset.training_size=1500000
batch_size=128
models.architecture.block_type=simple_cls    avg_loss: 0.000000048462  time_per_window : 0.001247   progress : 0.393
name: epochs=5
dataset.training_size=1500000
batch_size=128
models.architecture.block_type=simple_cls    avg_loss: 0.000000052056  time_per_window : 0.001199   progress : 0.404
name: epochs=5
dataset.training_size=1500000
batch_size=128
models.architecture.block_type=simple_cls    avg_loss: 0.000000046244  time_per_window : 0.001230   progress : 0.415
name: epochs=5
dataset.training_size=1500000
batch_size=128
models.architecture.block_type=simple_cls    avg_loss: 0.000000045627  time_per_window : 0.001183   progress : 0.426
name: epochs=5
dataset.training_size=1500000
batch_size=128
models.architecture.block_type=simple_cls    avg_loss: 0.000000045627  time_per_window : 0.001262   progress : 0.437
name: epochs=5
dataset.training_size=1500000
batch_size=128
models.architecture.block_type=simple_cls    avg_loss: 0.000000050102  time_per_window : 0.001246   progress : 0.448
name: epochs=5
dataset.training_size=1500000
batch_size=128
models.architecture.block_type=simple_cls    avg_loss: 0.000000046597  time_per_window : 0.001240   progress : 0.459
name: epochs=5
dataset.training_size=1500000
batch_size=128
models.architecture.block_type=simple_cls    avg_loss: 0.000000043884  time_per_window : 0.001278   progress : 0.470
name: epochs=5
dataset.training_size=1500000
batch_size=128
models.architecture.block_type=simple_cls    avg_loss: 0.000000041455  time_per_window : 0.001253   progress : 0.481
name: epochs=5
dataset.training_size=1500000
batch_size=128
models.architecture.block_type=simple_cls    avg_loss: 0.000000041041  time_per_window : 0.001195   progress : 0.492
name: epochs=5
dataset.training_size=1500000
batch_size=128
models.architecture.block_type=simple_cls    avg_loss: 0.000000046955  time_per_window : 0.001277   progress : 0.502
name: epochs=5
dataset.training_size=1500000
batch_size=128
models.architecture.block_type=simple_cls    avg_loss: 0.000000041126  time_per_window : 0.001216   progress : 0.513
name: epochs=5
dataset.training_size=1500000
batch_size=128
models.architecture.block_type=simple_cls    avg_loss: 0.000000042445  time_per_window : 0.001339   progress : 0.524
name: epochs=5
dataset.training_size=1500000
batch_size=128
models.architecture.block_type=simple_cls    avg_loss: 0.000000040356  time_per_window : 0.001227   progress : 0.535
name: epochs=5
dataset.training_size=1500000
batch_size=128
models.architecture.block_type=simple_cls    avg_loss: 0.000000040390  time_per_window : 0.001295   progress : 0.546
name: epochs=5
dataset.training_size=1500000
batch_size=128
models.architecture.block_type=simple_cls    avg_loss: 0.000000037455  time_per_window : 0.001220   progress : 0.557
name: epochs=5
dataset.training_size=1500000
batch_size=128
models.architecture.block_type=simple_cls    avg_loss: 0.000000044204  time_per_window : 0.001308   progress : 0.568
name: epochs=5
dataset.training_size=1500000
batch_size=128
models.architecture.block_type=simple_cls    avg_loss: 0.000000038398  time_per_window : 0.001281   progress : 0.579
name: epochs=5
dataset.training_size=1500000
batch_size=128
models.architecture.block_type=simple_cls    avg_loss: 0.000000041465  time_per_window : 0.001232   progress : 0.590
name: epochs=5
dataset.training_size=1500000
batch_size=128
models.architecture.block_type=simple_cls    avg_loss: 0.000000037680  time_per_window : 0.001228   progress : 0.601
name: epochs=5
dataset.training_size=1500000
batch_size=128
models.architecture.block_type=simple_cls    avg_loss: 0.000000041200  time_per_window : 0.001291   progress : 0.612
name: epochs=5
dataset.training_size=1500000
batch_size=128
models.architecture.block_type=simple_cls    avg_loss: 0.000000037885  time_per_window : 0.001239   progress : 0.623
name: epochs=5
dataset.training_size=1500000
batch_size=128
models.architecture.block_type=simple_cls    avg_loss: 0.000000037215  time_per_window : 0.001241   progress : 0.634
name: epochs=5
dataset.training_size=1500000
batch_size=128
models.architecture.block_type=simple_cls    avg_loss: 0.000000038922  time_per_window : 0.001266   progress : 0.644
name: epochs=5
dataset.training_size=1500000
batch_size=128
models.architecture.block_type=simple_cls    avg_loss: 0.000000037928  time_per_window : 0.001248   progress : 0.655
name: epochs=5
dataset.training_size=1500000
batch_size=128
models.architecture.block_type=simple_cls    avg_loss: 0.000000036663  time_per_window : 0.001209   progress : 0.666
name: epochs=5
dataset.training_size=1500000
batch_size=128
models.architecture.block_type=simple_cls    avg_loss: 0.000000038315  time_per_window : 0.001324   progress : 0.677
name: epochs=5
dataset.training_size=1500000
batch_size=128
models.architecture.block_type=simple_cls    avg_loss: 0.000000036314  time_per_window : 0.001257   progress : 0.688
name: epochs=5
dataset.training_size=1500000
batch_size=128
models.architecture.block_type=simple_cls    avg_loss: 0.000000037133  time_per_window : 0.001224   progress : 0.699
name: epochs=5
dataset.training_size=1500000
batch_size=128
models.architecture.block_type=simple_cls    avg_loss: 0.000000035954  time_per_window : 0.001224   progress : 0.710
name: epochs=5
dataset.training_size=1500000
batch_size=128
models.architecture.block_type=simple_cls    avg_loss: 0.000000035685  time_per_window : 0.001268   progress : 0.721
name: epochs=5
dataset.training_size=1500000
batch_size=128
models.architecture.block_type=simple_cls    avg_loss: 0.000000034457  time_per_window : 0.001291   progress : 0.732
name: epochs=5
dataset.training_size=1500000
batch_size=128
models.architecture.block_type=simple_cls    avg_loss: 0.000000036915  time_per_window : 0.001218   progress : 0.743
name: epochs=5
dataset.training_size=1500000
batch_size=128
models.architecture.block_type=simple_cls    avg_loss: 0.000000032479  time_per_window : 0.001310   progress : 0.754
name: epochs=5
dataset.training_size=1500000
batch_size=128
models.architecture.block_type=simple_cls    avg_loss: 0.000000039186  time_per_window : 0.001274   progress : 0.765
name: epochs=5
dataset.training_size=1500000
batch_size=128
models.architecture.block_type=simple_cls    avg_loss: 0.000000040116  time_per_window : 0.001244   progress : 0.775
name: epochs=5
dataset.training_size=1500000
batch_size=128
models.architecture.block_type=simple_cls    avg_loss: 0.000000035218  time_per_window : 0.001351   progress : 0.786
name: epochs=5
dataset.training_size=1500000
batch_size=128
models.architecture.block_type=simple_cls    avg_loss: 0.000000033995  time_per_window : 0.001228   progress : 0.797
name: epochs=5
dataset.training_size=1500000
batch_size=128
models.architecture.block_type=simple_cls    avg_loss: 0.000000033932  time_per_window : 0.001263   progress : 0.808
name: epochs=5
dataset.training_size=1500000
batch_size=128
models.architecture.block_type=simple_cls    avg_loss: 0.000000038189  time_per_window : 0.001200   progress : 0.819
name: epochs=5
dataset.training_size=1500000
batch_size=128
models.architecture.block_type=simple_cls    avg_loss: 0.000000034531  time_per_window : 0.001311   progress : 0.830
name: epochs=5
dataset.training_size=1500000
batch_size=128
models.architecture.block_type=simple_cls    avg_loss: 0.000000034554  time_per_window : 0.001376   progress : 0.841
name: epochs=5
dataset.training_size=1500000
batch_size=128
models.architecture.block_type=simple_cls    avg_loss: 0.000000034537  time_per_window : 0.000835   progress : 0.852
name: epochs=5
dataset.training_size=1500000
batch_size=128
models.architecture.block_type=simple_cls    avg_loss: 0.000000035929  time_per_window : 0.000863   progress : 0.863
name: epochs=5
dataset.training_size=1500000
batch_size=128
models.architecture.block_type=simple_cls    avg_loss: 0.000000033783  time_per_window : 0.000920   progress : 0.874
name: epochs=5
dataset.training_size=1500000
batch_size=128
models.architecture.block_type=simple_cls    avg_loss: 0.000000035013  time_per_window : 0.000828   progress : 0.885
name: epochs=5
dataset.training_size=1500000
batch_size=128
models.architecture.block_type=simple_cls    avg_loss: 0.000000033997  time_per_window : 0.000766   progress : 0.896
name: epochs=5
dataset.training_size=1500000
batch_size=128
models.architecture.block_type=simple_cls    avg_loss: 0.000000031781  time_per_window : 0.000842   progress : 0.907
name: epochs=5
dataset.training_size=1500000
batch_size=128
models.architecture.block_type=simple_cls    avg_loss: 0.000000033689  time_per_window : 0.000810   progress : 0.917
name: epochs=5
dataset.training_size=1500000
batch_size=128
models.architecture.block_type=simple_cls    avg_loss: 0.000000032267  time_per_window : 0.000778   progress : 0.928
name: epochs=5
dataset.training_size=1500000
batch_size=128
models.architecture.block_type=simple_cls    avg_loss: 0.000000032500  time_per_window : 0.000801   progress : 0.939
name: epochs=5
dataset.training_size=1500000
batch_size=128
models.architecture.block_type=simple_cls    avg_loss: 0.000000032576  time_per_window : 0.000848   progress : 0.950
name: epochs=5
dataset.training_size=1500000
batch_size=128
models.architecture.block_type=simple_cls    avg_loss: 0.000000032836  time_per_window : 0.000858   progress : 0.961
name: epochs=5
dataset.training_size=1500000
batch_size=128
models.architecture.block_type=simple_cls    avg_loss: 0.000000033969  time_per_window : 0.000822   progress : 0.972
name: epochs=5
dataset.training_size=1500000
batch_size=128
models.architecture.block_type=simple_cls    avg_loss: 0.000000032761  time_per_window : 0.000789   progress : 0.983
name: epochs=5
dataset.training_size=1500000
batch_size=128
models.architecture.block_type=simple_cls    avg_loss: 0.000000034725  time_per_window : 0.000767   progress : 0.994
name: epochs=5
dataset.training_size=1500000
batch_size=128
models.architecture.block_type=simple_cls    avg_loss: 0.000002177902  time_per_window : 0.000806   progress : 0.011
name: epochs=5
dataset.training_size=1500000
batch_size=128
models.architecture.block_type=simple_cls    avg_loss: 0.000000449217  time_per_window : 0.000785   progress : 0.022
name: epochs=5
dataset.training_size=1500000
batch_size=128
models.architecture.block_type=simple_cls    avg_loss: 0.000000263559  time_per_window : 0.000796   progress : 0.033
name: epochs=5
dataset.training_size=1500000
batch_size=128
models.architecture.block_type=simple_cls    avg_loss: 0.000000228191  time_per_window : 0.000793   progress : 0.044
name: epochs=5
dataset.training_size=1500000
batch_size=128
models.architecture.block_type=simple_cls    avg_loss: 0.000000202670  time_per_window : 0.000760   progress : 0.055
name: epochs=5
dataset.training_size=1500000
batch_size=128
models.architecture.block_type=simple_cls    avg_loss: 0.000000198130  time_per_window : 0.000769   progress : 0.066
name: epochs=5
dataset.training_size=1500000
batch_size=128
models.architecture.block_type=simple_cls    avg_loss: 0.000000195064  time_per_window : 0.000802   progress : 0.076
name: epochs=5
dataset.training_size=1500000
batch_size=128
models.architecture.block_type=simple_cls    avg_loss: 0.000000166662  time_per_window : 0.000787   progress : 0.087
name: epochs=5
dataset.training_size=1500000
batch_size=128
models.architecture.block_type=simple_cls    avg_loss: 0.000000178598  time_per_window : 0.000771   progress : 0.098
name: epochs=5
dataset.training_size=1500000
batch_size=128
models.architecture.block_type=simple_cls    avg_loss: 0.000000159880  time_per_window : 0.000936   progress : 0.109
name: epochs=5
dataset.training_size=1500000
batch_size=128
models.architecture.block_type=simple_cls    avg_loss: 0.000000160744  time_per_window : 0.000788   progress : 0.120
name: epochs=5
dataset.training_size=1500000
batch_size=128
models.architecture.block_type=simple_cls    avg_loss: 0.000000147999  time_per_window : 0.000798   progress : 0.131
name: epochs=5
dataset.training_size=1500000
batch_size=128
models.architecture.block_type=simple_cls    avg_loss: 0.000000156313  time_per_window : 0.000811   progress : 0.142
name: epochs=5
dataset.training_size=1500000
batch_size=128
models.architecture.block_type=simple_cls    avg_loss: 0.000000167680  time_per_window : 0.000848   progress : 0.153
name: epochs=5
dataset.training_size=1500000
batch_size=128
models.architecture.block_type=simple_cls    avg_loss: 0.000000155642  time_per_window : 0.000772   progress : 0.164
name: epochs=5
dataset.training_size=1500000
batch_size=128
models.architecture.block_type=simple_cls    avg_loss: 0.000000149458  time_per_window : 0.000825   progress : 0.175
name: epochs=5
dataset.training_size=1500000
batch_size=128
models.architecture.block_type=simple_cls    avg_loss: 0.000000152107  time_per_window : 0.000826   progress : 0.186
name: epochs=5
dataset.training_size=1500000
batch_size=128
models.architecture.block_type=simple_cls    avg_loss: 0.000000149142  time_per_window : 0.000769   progress : 0.197
name: epochs=5
dataset.training_size=1500000
batch_size=128
models.architecture.block_type=simple_cls    avg_loss: 0.000000140283  time_per_window : 0.000808   progress : 0.208
name: epochs=5
dataset.training_size=1500000
batch_size=128
models.architecture.block_type=simple_cls    avg_loss: 0.000000139546  time_per_window : 0.000902   progress : 0.218
name: epochs=5
dataset.training_size=1500000
batch_size=128
models.architecture.block_type=simple_cls    avg_loss: 0.000000137442  time_per_window : 0.000897   progress : 0.229
name: epochs=5
dataset.training_size=1500000
batch_size=128
models.architecture.block_type=simple_cls    avg_loss: 0.000000172392  time_per_window : 0.000766   progress : 0.240
name: epochs=5
dataset.training_size=1500000
batch_size=128
models.architecture.block_type=simple_cls    avg_loss: 0.000000469367  time_per_window : 0.000791   progress : 0.251
name: epochs=5
dataset.training_size=1500000
batch_size=128
models.architecture.block_type=simple_cls    avg_loss: 0.000000264151  time_per_window : 0.000882   progress : 0.262
name: epochs=5
dataset.training_size=1500000
batch_size=128
models.architecture.block_type=simple_cls    avg_loss: 0.000000155270  time_per_window : 0.000817   progress : 0.273
name: epochs=5
dataset.training_size=1500000
batch_size=128
models.architecture.block_type=simple_cls    avg_loss: 0.000000149295  time_per_window : 0.000853   progress : 0.284
name: epochs=5
dataset.training_size=1500000
batch_size=128
models.architecture.block_type=simple_cls    avg_loss: 0.000000142837  time_per_window : 0.000866   progress : 0.295
name: epochs=5
dataset.training_size=1500000
batch_size=128
models.architecture.block_type=simple_cls    avg_loss: 0.000000157657  time_per_window : 0.000786   progress : 0.306
name: epochs=5
dataset.training_size=1500000
batch_size=128
models.architecture.block_type=simple_cls    avg_loss: 0.000000154598  time_per_window : 0.000834   progress : 0.317
name: epochs=5
dataset.training_size=1500000
batch_size=128
models.architecture.block_type=simple_cls    avg_loss: 0.000000151301  time_per_window : 0.000823   progress : 0.328
name: epochs=5
dataset.training_size=1500000
batch_size=128
models.architecture.block_type=simple_cls    avg_loss: 0.000000143384  time_per_window : 0.000854   progress : 0.339
name: epochs=5
dataset.training_size=1500000
batch_size=128
models.architecture.block_type=simple_cls    avg_loss: 0.000000131185  time_per_window : 0.000809   progress : 0.350
name: epochs=5
dataset.training_size=1500000
batch_size=128
models.architecture.block_type=simple_cls    avg_loss: 0.000000162854  time_per_window : 0.000861   progress : 0.360
name: epochs=5
dataset.training_size=1500000
batch_size=128
models.architecture.block_type=simple_cls    avg_loss: 0.000000129655  time_per_window : 0.000805   progress : 0.371
name: epochs=5
dataset.training_size=1500000
batch_size=128
models.architecture.block_type=simple_cls    avg_loss: 0.000000151685  time_per_window : 0.000936   progress : 0.382
name: epochs=5
dataset.training_size=1500000
batch_size=128
models.architecture.block_type=simple_cls    avg_loss: 0.000000139862  time_per_window : 0.000768   progress : 0.393
name: epochs=5
dataset.training_size=1500000
batch_size=128
models.architecture.block_type=simple_cls    avg_loss: 0.000000141751  time_per_window : 0.000805   progress : 0.404
name: epochs=5
dataset.training_size=1500000
batch_size=128
models.architecture.block_type=simple_cls    avg_loss: 0.000000132201  time_per_window : 0.000777   progress : 0.415
name: epochs=5
dataset.training_size=1500000
batch_size=128
models.architecture.block_type=simple_cls    avg_loss: 0.000000136149  time_per_window : 0.000741   progress : 0.426
name: epochs=5
dataset.training_size=1500000
batch_size=128
models.architecture.block_type=simple_cls    avg_loss: 0.000000122088  time_per_window : 0.000766   progress : 0.437
name: epochs=5
dataset.training_size=1500000
batch_size=128
models.architecture.block_type=simple_cls    avg_loss: 0.000000144441  time_per_window : 0.000770   progress : 0.448
name: epochs=5
dataset.training_size=1500000
batch_size=128
models.architecture.block_type=simple_cls    avg_loss: 0.000000132470  time_per_window : 0.000770   progress : 0.459
name: epochs=5
dataset.training_size=1500000
batch_size=128
models.architecture.block_type=simple_cls    avg_loss: 0.000000150090  time_per_window : 0.000808   progress : 0.470
name: epochs=5
dataset.training_size=1500000
batch_size=128
models.architecture.block_type=simple_cls    avg_loss: 0.000000147242  time_per_window : 0.000792   progress : 0.481
name: epochs=5
dataset.training_size=1500000
batch_size=128
models.architecture.block_type=simple_cls    avg_loss: 0.000000128421  time_per_window : 0.000786   progress : 0.492
name: epochs=5
dataset.training_size=1500000
batch_size=128
models.architecture.block_type=simple_cls    avg_loss: 0.000000140588  time_per_window : 0.000801   progress : 0.502
name: epochs=5
dataset.training_size=1500000
batch_size=128
models.architecture.block_type=simple_cls    avg_loss: 0.000000119457  time_per_window : 0.000769   progress : 0.513
name: epochs=5
dataset.training_size=1500000
batch_size=128
models.architecture.block_type=simple_cls    avg_loss: 0.000000137853  time_per_window : 0.000822   progress : 0.524
name: epochs=5
dataset.training_size=1500000
batch_size=128
models.architecture.block_type=simple_cls    avg_loss: 0.000000141742  time_per_window : 0.000776   progress : 0.535
name: epochs=5
dataset.training_size=1500000
batch_size=128
models.architecture.block_type=simple_cls    avg_loss: 0.000000134436  time_per_window : 0.000786   progress : 0.546
name: epochs=5
dataset.training_size=1500000
batch_size=128
models.architecture.block_type=simple_cls    avg_loss: 0.000000143572  time_per_window : 0.000847   progress : 0.557
name: epochs=5
dataset.training_size=1500000
batch_size=128
models.architecture.block_type=simple_cls    avg_loss: 0.000000146578  time_per_window : 0.000798   progress : 0.568
name: epochs=5
dataset.training_size=1500000
batch_size=128
models.architecture.block_type=simple_cls    avg_loss: 0.000000120918  time_per_window : 0.000783   progress : 0.579
name: epochs=5
dataset.training_size=1500000
batch_size=128
models.architecture.block_type=simple_cls    avg_loss: 0.000000136400  time_per_window : 0.000786   progress : 0.590
name: epochs=5
dataset.training_size=1500000
batch_size=128
models.architecture.block_type=simple_cls    avg_loss: 0.000000130950  time_per_window : 0.000799   progress : 0.601
name: epochs=5
dataset.training_size=1500000
batch_size=128
models.architecture.block_type=simple_cls    avg_loss: 0.000000137649  time_per_window : 0.000799   progress : 0.612
name: epochs=5
dataset.training_size=1500000
batch_size=128
models.architecture.block_type=simple_cls    avg_loss: 0.000000126587  time_per_window : 0.000789   progress : 0.623
name: epochs=5
dataset.training_size=1500000
batch_size=128
models.architecture.block_type=simple_cls    avg_loss: 0.000000141908  time_per_window : 0.000848   progress : 0.634
name: epochs=5
dataset.training_size=1500000
batch_size=128
models.architecture.block_type=simple_cls    avg_loss: 0.000000121015  time_per_window : 0.000811   progress : 0.644
name: epochs=5
dataset.training_size=1500000
batch_size=128
models.architecture.block_type=simple_cls    avg_loss: 0.000000117871  time_per_window : 0.000804   progress : 0.655
name: epochs=5
dataset.training_size=1500000
batch_size=128
models.architecture.block_type=simple_cls    avg_loss: 0.000000119471  time_per_window : 0.000779   progress : 0.666
name: epochs=5
dataset.training_size=1500000
batch_size=128
models.architecture.block_type=simple_cls    avg_loss: 0.000000125894  time_per_window : 0.000796   progress : 0.677
name: epochs=5
dataset.training_size=1500000
batch_size=128
models.architecture.block_type=simple_cls    avg_loss: 0.000000135751  time_per_window : 0.000788   progress : 0.688
name: epochs=5
dataset.training_size=1500000
batch_size=128
models.architecture.block_type=simple_cls    avg_loss: 0.000000220689  time_per_window : 0.000785   progress : 0.699
name: epochs=5
dataset.training_size=1500000
batch_size=128
models.architecture.block_type=simple_cls    avg_loss: 0.000000106083  time_per_window : 0.000822   progress : 0.710
name: epochs=5
dataset.training_size=1500000
batch_size=128
models.architecture.block_type=simple_cls    avg_loss: 0.000000131916  time_per_window : 0.000806   progress : 0.721
name: epochs=5
dataset.training_size=1500000
batch_size=128
models.architecture.block_type=simple_cls    avg_loss: 0.000000105578  time_per_window : 0.000773   progress : 0.732
name: epochs=5
dataset.training_size=1500000
batch_size=128
models.architecture.block_type=simple_cls    avg_loss: 0.000000115944  time_per_window : 0.000778   progress : 0.743
name: epochs=5
dataset.training_size=1500000
batch_size=128
models.architecture.block_type=simple_cls    avg_loss: 0.000000119668  time_per_window : 0.000822   progress : 0.754
name: epochs=5
dataset.training_size=1500000
batch_size=128
models.architecture.block_type=simple_cls    avg_loss: 0.000000117529  time_per_window : 0.000798   progress : 0.765
name: epochs=5
dataset.training_size=1500000
batch_size=128
models.architecture.block_type=simple_cls    avg_loss: 0.000000116845  time_per_window : 0.000772   progress : 0.775
name: epochs=5
dataset.training_size=1500000
batch_size=128
models.architecture.block_type=simple_cls    avg_loss: 0.000000125310  time_per_window : 0.000822   progress : 0.786
name: epochs=5
dataset.training_size=1500000
batch_size=128
models.architecture.block_type=simple_cls    avg_loss: 0.000000115323  time_per_window : 0.000794   progress : 0.797
name: epochs=5
dataset.training_size=1500000
batch_size=128
models.architecture.block_type=simple_cls    avg_loss: 0.000000111157  time_per_window : 0.000815   progress : 0.808
name: epochs=5
dataset.training_size=1500000
batch_size=128
models.architecture.block_type=simple_cls    avg_loss: 0.000000118218  time_per_window : 0.000787   progress : 0.819
name: epochs=5
dataset.training_size=1500000
batch_size=128
models.architecture.block_type=simple_cls    avg_loss: 0.000000102938  time_per_window : 0.000785   progress : 0.830
name: epochs=5
dataset.training_size=1500000
batch_size=128
models.architecture.block_type=simple_cls    avg_loss: 0.000000114477  time_per_window : 0.000813   progress : 0.841
name: epochs=5
dataset.training_size=1500000
batch_size=128
models.architecture.block_type=simple_cls    avg_loss: 0.000000107676  time_per_window : 0.000810   progress : 0.852
name: epochs=5
dataset.training_size=1500000
batch_size=128
models.architecture.block_type=simple_cls    avg_loss: 0.000000099252  time_per_window : 0.000799   progress : 0.863
name: epochs=5
dataset.training_size=1500000
batch_size=128
models.architecture.block_type=simple_cls    avg_loss: 0.000000100180  time_per_window : 0.000818   progress : 0.874
name: epochs=5
dataset.training_size=1500000
batch_size=128
models.architecture.block_type=simple_cls    avg_loss: 0.000000095789  time_per_window : 0.000775   progress : 0.885
name: epochs=5
dataset.training_size=1500000
batch_size=128
models.architecture.block_type=simple_cls    avg_loss: 0.000000105791  time_per_window : 0.000823   progress : 0.896
name: epochs=5
dataset.training_size=1500000
batch_size=128
models.architecture.block_type=simple_cls    avg_loss: 0.000000109751  time_per_window : 0.000789   progress : 0.907
name: epochs=5
dataset.training_size=1500000
batch_size=128
models.architecture.block_type=simple_cls    avg_loss: 0.000000105554  time_per_window : 0.000786   progress : 0.917
name: epochs=5
dataset.training_size=1500000
batch_size=128
models.architecture.block_type=simple_cls    avg_loss: 0.000000101796  time_per_window : 0.000790   progress : 0.928
name: epochs=5
dataset.training_size=1500000
batch_size=128
models.architecture.block_type=simple_cls    avg_loss: 0.000000101267  time_per_window : 0.000803   progress : 0.939
name: epochs=5
dataset.training_size=1500000
batch_size=128
models.architecture.block_type=simple_cls    avg_loss: 0.000000096160  time_per_window : 0.000776   progress : 0.950
name: epochs=5
dataset.training_size=1500000
batch_size=128
models.architecture.block_type=simple_cls    avg_loss: 0.000000107966  time_per_window : 0.000813   progress : 0.961
name: epochs=5
dataset.training_size=1500000
batch_size=128
models.architecture.block_type=simple_cls    avg_loss: 0.000000098417  time_per_window : 0.000806   progress : 0.972
name: epochs=5
dataset.training_size=1500000
batch_size=128
models.architecture.block_type=simple_cls    avg_loss: 0.000000100281  time_per_window : 0.000776   progress : 0.983
name: epochs=5
dataset.training_size=1500000
batch_size=128
models.architecture.block_type=simple_cls    avg_loss: 0.000000112777  time_per_window : 0.000804   progress : 0.994
name: epochs=5
dataset.training_size=1500000
batch_size=128
models.architecture.block_type=simple_cls    avg_loss: 0.000106813161  time_per_window : 0.000808   progress : 0.011
name: epochs=5
dataset.training_size=1500000
batch_size=128
models.architecture.block_type=simple_cls    avg_loss: 0.000008005912  time_per_window : 0.000829   progress : 0.022
name: epochs=5
dataset.training_size=1500000
batch_size=128
models.architecture.block_type=simple_cls    avg_loss: 0.000004746978  time_per_window : 0.000775   progress : 0.033
name: epochs=5
dataset.training_size=1500000
batch_size=128
models.architecture.block_type=simple_cls    avg_loss: 0.000003617600  time_per_window : 0.000800   progress : 0.044
name: epochs=5
dataset.training_size=1500000
batch_size=128
models.architecture.block_type=simple_cls    avg_loss: 0.000003812323  time_per_window : 0.000788   progress : 0.055
name: epochs=5
dataset.training_size=1500000
batch_size=128
models.architecture.block_type=simple_cls    avg_loss: 0.000003694367  time_per_window : 0.000783   progress : 0.066
name: epochs=5
dataset.training_size=1500000
batch_size=128
models.architecture.block_type=simple_cls    avg_loss: 0.000003024556  time_per_window : 0.000769   progress : 0.076
name: epochs=5
dataset.training_size=1500000
batch_size=128
models.architecture.block_type=simple_cls    avg_loss: 0.000003353749  time_per_window : 0.000808   progress : 0.087
name: epochs=5
dataset.training_size=1500000
batch_size=128
models.architecture.block_type=simple_cls    avg_loss: 0.000003150092  time_per_window : 0.000819   progress : 0.098
name: epochs=5
dataset.training_size=1500000
batch_size=128
models.architecture.block_type=simple_cls    avg_loss: 0.000003262687  time_per_window : 0.000788   progress : 0.109
name: epochs=5
dataset.training_size=1500000
batch_size=128
models.architecture.block_type=simple_cls    avg_loss: 0.000003304255  time_per_window : 0.000773   progress : 0.120
name: epochs=5
dataset.training_size=1500000
batch_size=128
models.architecture.block_type=simple_cls    avg_loss: 0.000004035481  time_per_window : 0.000777   progress : 0.131
name: epochs=5
dataset.training_size=1500000
batch_size=128
models.architecture.block_type=simple_cls    avg_loss: 0.000003416054  time_per_window : 0.000765   progress : 0.142
name: epochs=5
dataset.training_size=1500000
batch_size=128
models.architecture.block_type=simple_cls    avg_loss: 0.000003487090  time_per_window : 0.000820   progress : 0.153
name: epochs=5
dataset.training_size=1500000
batch_size=128
models.architecture.block_type=simple_cls    avg_loss: 0.000003300693  time_per_window : 0.000777   progress : 0.164
name: epochs=5
dataset.training_size=1500000
batch_size=128
models.architecture.block_type=simple_cls    avg_loss: 0.000003320182  time_per_window : 0.000773   progress : 0.175
name: epochs=5
dataset.training_size=1500000
batch_size=128
models.architecture.block_type=simple_cls    avg_loss: 0.000003773340  time_per_window : 0.000766   progress : 0.186
name: epochs=5
dataset.training_size=1500000
batch_size=128
models.architecture.block_type=simple_cls    avg_loss: 0.000003616456  time_per_window : 0.000768   progress : 0.197
name: epochs=5
dataset.training_size=1500000
batch_size=128
models.architecture.block_type=simple_cls    avg_loss: 0.000003617198  time_per_window : 0.000805   progress : 0.208
name: epochs=5
dataset.training_size=1500000
batch_size=128
models.architecture.block_type=simple_cls    avg_loss: 0.000002864602  time_per_window : 0.000767   progress : 0.218
name: epochs=5
dataset.training_size=1500000
batch_size=128
models.architecture.block_type=simple_cls    avg_loss: 0.000003241768  time_per_window : 0.000775   progress : 0.229
name: epochs=5
dataset.training_size=1500000
batch_size=128
models.architecture.block_type=simple_cls    avg_loss: 0.000003550264  time_per_window : 0.000776   progress : 0.240
name: epochs=5
dataset.training_size=1500000
batch_size=128
models.architecture.block_type=simple_cls    avg_loss: 0.000004092039  time_per_window : 0.000829   progress : 0.251
name: epochs=5
dataset.training_size=1500000
batch_size=128
models.architecture.block_type=simple_cls    avg_loss: 0.000003660339  time_per_window : 0.000773   progress : 0.262
name: epochs=5
dataset.training_size=1500000
batch_size=128
models.architecture.block_type=simple_cls    avg_loss: 0.000002906778  time_per_window : 0.000795   progress : 0.273
name: epochs=5
dataset.training_size=1500000
batch_size=128
models.architecture.block_type=simple_cls    avg_loss: 0.000003852383  time_per_window : 0.000806   progress : 0.284
name: epochs=5
dataset.training_size=1500000
batch_size=128
models.architecture.block_type=simple_cls    avg_loss: 0.000003787271  time_per_window : 0.000772   progress : 0.295
name: epochs=5
dataset.training_size=1500000
batch_size=128
models.architecture.block_type=simple_cls    avg_loss: 0.000003817995  time_per_window : 0.000783   progress : 0.306
name: epochs=5
dataset.training_size=1500000
batch_size=128
models.architecture.block_type=simple_cls    avg_loss: 0.000003533832  time_per_window : 0.000772   progress : 0.317
name: epochs=5
dataset.training_size=1500000
batch_size=128
models.architecture.block_type=simple_cls    avg_loss: 0.000003528345  time_per_window : 0.000769   progress : 0.328
name: epochs=5
dataset.training_size=1500000
batch_size=128
models.architecture.block_type=simple_cls    avg_loss: 0.000003705740  time_per_window : 0.000775   progress : 0.339
name: epochs=5
dataset.training_size=1500000
batch_size=128
models.architecture.block_type=simple_cls    avg_loss: 0.000002860547  time_per_window : 0.000775   progress : 0.350
name: epochs=5
dataset.training_size=1500000
batch_size=128
models.architecture.block_type=simple_cls    avg_loss: 0.000004218206  time_per_window : 0.000809   progress : 0.360
name: epochs=5
dataset.training_size=1500000
batch_size=128
models.architecture.block_type=simple_cls    avg_loss: 0.000003545199  time_per_window : 0.000804   progress : 0.371
name: epochs=5
dataset.training_size=1500000
batch_size=128
models.architecture.block_type=simple_cls    avg_loss: 0.000004008501  time_per_window : 0.000808   progress : 0.382
name: epochs=5
dataset.training_size=1500000
batch_size=128
models.architecture.block_type=simple_cls    avg_loss: 0.000003250371  time_per_window : 0.000784   progress : 0.393
name: epochs=5
dataset.training_size=1500000
batch_size=128
models.architecture.block_type=simple_cls    avg_loss: 0.000003646177  time_per_window : 0.000495   progress : 0.404
name: epochs=5
dataset.training_size=1500000
batch_size=128
models.architecture.block_type=simple_cls    avg_loss: 0.000003600767  time_per_window : 0.000804   progress : 0.415
name: epochs=5
dataset.training_size=1500000
batch_size=128
models.architecture.block_type=simple_cls    avg_loss: 0.000003405725  time_per_window : 0.000774   progress : 0.426
name: epochs=5
dataset.training_size=1500000
batch_size=128
models.architecture.block_type=simple_cls    avg_loss: 0.000003657798  time_per_window : 0.000770   progress : 0.437
name: epochs=5
dataset.training_size=1500000
batch_size=128
models.architecture.block_type=simple_cls    avg_loss: 0.000003385245  time_per_window : 0.000786   progress : 0.448
name: epochs=5
dataset.training_size=1500000
batch_size=128
models.architecture.block_type=simple_cls    avg_loss: 0.000003441710  time_per_window : 0.000790   progress : 0.459
name: epochs=5
dataset.training_size=1500000
batch_size=128
models.architecture.block_type=simple_cls    avg_loss: 0.000003121412  time_per_window : 0.000783   progress : 0.470
name: epochs=5
dataset.training_size=1500000
batch_size=128
models.architecture.block_type=simple_cls    avg_loss: 0.000003559666  time_per_window : 0.000779   progress : 0.481
name: epochs=5
dataset.training_size=1500000
batch_size=128
models.architecture.block_type=simple_cls    avg_loss: 0.000003571645  time_per_window : 0.000803   progress : 0.492
name: epochs=5
dataset.training_size=1500000
batch_size=128
models.architecture.block_type=simple_cls    avg_loss: 0.000004165051  time_per_window : 0.000801   progress : 0.502
name: epochs=5
dataset.training_size=1500000
batch_size=128
models.architecture.block_type=simple_cls    avg_loss: 0.000003144565  time_per_window : 0.000813   progress : 0.513
name: epochs=5
dataset.training_size=1500000
batch_size=128
models.architecture.block_type=simple_cls    avg_loss: 0.000003568193  time_per_window : 0.000797   progress : 0.524
name: epochs=5
dataset.training_size=1500000
batch_size=128
models.architecture.block_type=simple_cls    avg_loss: 0.000003003012  time_per_window : 0.000803   progress : 0.535
name: epochs=5
dataset.training_size=1500000
batch_size=128
models.architecture.block_type=simple_cls    avg_loss: 0.000003556943  time_per_window : 0.000778   progress : 0.546
name: epochs=5
dataset.training_size=1500000
batch_size=128
models.architecture.block_type=simple_cls    avg_loss: 0.000003514960  time_per_window : 0.000797   progress : 0.557
name: epochs=5
dataset.training_size=1500000
batch_size=128
models.architecture.block_type=simple_cls    avg_loss: 0.000003701744  time_per_window : 0.000814   progress : 0.568
name: epochs=5
dataset.training_size=1500000
batch_size=128
models.architecture.block_type=simple_cls    avg_loss: 0.000002807372  time_per_window : 0.000781   progress : 0.579
name: epochs=5
dataset.training_size=1500000
batch_size=128
models.architecture.block_type=simple_cls    avg_loss: 0.000003075696  time_per_window : 0.000778   progress : 0.590
name: epochs=5
dataset.training_size=1500000
batch_size=128
models.architecture.block_type=simple_cls    avg_loss: 0.000003220928  time_per_window : 0.000762   progress : 0.601
name: epochs=5
dataset.training_size=1500000
batch_size=128
models.architecture.block_type=simple_cls    avg_loss: 0.000003271778  time_per_window : 0.000773   progress : 0.612
name: epochs=5
dataset.training_size=1500000
batch_size=128
models.architecture.block_type=simple_cls    avg_loss: 0.000002532835  time_per_window : 0.000792   progress : 0.623
name: epochs=5
dataset.training_size=1500000
batch_size=128
models.architecture.block_type=simple_cls    avg_loss: 0.000003116422  time_per_window : 0.000789   progress : 0.634
name: epochs=5
dataset.training_size=1500000
batch_size=128
models.architecture.block_type=simple_cls    avg_loss: 0.000003199075  time_per_window : 0.000789   progress : 0.644
name: epochs=5
dataset.training_size=1500000
batch_size=128
models.architecture.block_type=simple_cls    avg_loss: 0.000002939216  time_per_window : 0.000769   progress : 0.655
name: epochs=5
dataset.training_size=1500000
batch_size=128
models.architecture.block_type=simple_cls    avg_loss: 0.000002774708  time_per_window : 0.000781   progress : 0.666
name: epochs=5
dataset.training_size=1500000
batch_size=128
models.architecture.block_type=simple_cls    avg_loss: 0.000002773819  time_per_window : 0.000805   progress : 0.677
name: epochs=5
dataset.training_size=1500000
batch_size=128
models.architecture.block_type=simple_cls    avg_loss: 0.000002620900  time_per_window : 0.000804   progress : 0.688
name: epochs=5
dataset.training_size=1500000
batch_size=128
models.architecture.block_type=simple_cls    avg_loss: 0.000002948464  time_per_window : 0.000782   progress : 0.699
name: epochs=5
dataset.training_size=1500000
batch_size=128
models.architecture.block_type=simple_cls    avg_loss: 0.000002675947  time_per_window : 0.000779   progress : 0.710
name: epochs=5
dataset.training_size=1500000
batch_size=128
models.architecture.block_type=simple_cls    avg_loss: 0.000002875770  time_per_window : 0.000828   progress : 0.721
name: epochs=5
dataset.training_size=1500000
batch_size=128
models.architecture.block_type=simple_cls    avg_loss: 0.000002622677  time_per_window : 0.000825   progress : 0.732
name: epochs=5
dataset.training_size=1500000
batch_size=128
models.architecture.block_type=simple_cls    avg_loss: 0.000002995427  time_per_window : 0.000774   progress : 0.743
name: epochs=5
dataset.training_size=1500000
batch_size=128
models.architecture.block_type=simple_cls    avg_loss: 0.000002892611  time_per_window : 0.000782   progress : 0.754
name: epochs=5
dataset.training_size=1500000
batch_size=128
models.architecture.block_type=simple_cls    avg_loss: 0.000002513557  time_per_window : 0.000784   progress : 0.765
name: epochs=5
dataset.training_size=1500000
batch_size=128
models.architecture.block_type=simple_cls    avg_loss: 0.000002599723  time_per_window : 0.000809   progress : 0.775
name: epochs=5
dataset.training_size=1500000
batch_size=128
models.architecture.block_type=simple_cls    avg_loss: 0.000002571146  time_per_window : 0.000782   progress : 0.786
name: epochs=5
dataset.training_size=1500000
batch_size=128
models.architecture.block_type=simple_cls    avg_loss: 0.000002673265  time_per_window : 0.000810   progress : 0.797
name: epochs=5
dataset.training_size=1500000
batch_size=128
models.architecture.block_type=simple_cls    avg_loss: 0.000002838290  time_per_window : 0.000797   progress : 0.808
name: epochs=5
dataset.training_size=1500000
batch_size=128
models.architecture.block_type=simple_cls    avg_loss: 0.000002920072  time_per_window : 0.000807   progress : 0.819
name: epochs=5
dataset.training_size=1500000
batch_size=128
models.architecture.block_type=simple_cls    avg_loss: 0.000002535693  time_per_window : 0.000773   progress : 0.830
name: epochs=5
dataset.training_size=1500000
batch_size=128
models.architecture.block_type=simple_cls    avg_loss: 0.000002374134  time_per_window : 0.000832   progress : 0.841
name: epochs=5
dataset.training_size=1500000
batch_size=128
models.architecture.block_type=simple_cls    avg_loss: 0.000002558269  time_per_window : 0.000774   progress : 0.852
name: epochs=5
dataset.training_size=1500000
batch_size=128
models.architecture.block_type=simple_cls    avg_loss: 0.000002927683  time_per_window : 0.000807   progress : 0.863
name: epochs=5
dataset.training_size=1500000
batch_size=128
models.architecture.block_type=simple_cls    avg_loss: 0.000002290178  time_per_window : 0.000809   progress : 0.874
name: epochs=5
dataset.training_size=1500000
batch_size=128
models.architecture.block_type=simple_cls    avg_loss: 0.000002463890  time_per_window : 0.000810   progress : 0.885
name: epochs=5
dataset.training_size=1500000
batch_size=128
models.architecture.block_type=simple_cls    avg_loss: 0.000002271660  time_per_window : 0.000773   progress : 0.896
name: epochs=5
dataset.training_size=1500000
batch_size=128
models.architecture.block_type=simple_cls    avg_loss: 0.000002806435  time_per_window : 0.000819   progress : 0.907
name: epochs=5
dataset.training_size=1500000
batch_size=128
models.architecture.block_type=simple_cls    avg_loss: 0.000002248642  time_per_window : 0.000802   progress : 0.917
name: epochs=5
dataset.training_size=1500000
batch_size=128
models.architecture.block_type=simple_cls    avg_loss: 0.000002771292  time_per_window : 0.000769   progress : 0.928
name: epochs=5
dataset.training_size=1500000
batch_size=128
models.architecture.block_type=simple_cls    avg_loss: 0.000002322765  time_per_window : 0.000774   progress : 0.939
name: epochs=5
dataset.training_size=1500000
batch_size=128
models.architecture.block_type=simple_cls    avg_loss: 0.000002222308  time_per_window : 0.000779   progress : 0.950
name: epochs=5
dataset.training_size=1500000
batch_size=128
models.architecture.block_type=simple_cls    avg_loss: 0.000002274135  time_per_window : 0.000826   progress : 0.961
name: epochs=5
dataset.training_size=1500000
batch_size=128
models.architecture.block_type=simple_cls    avg_loss: 0.000002538218  time_per_window : 0.000770   progress : 0.972
name: epochs=5
dataset.training_size=1500000
batch_size=128
models.architecture.block_type=simple_cls    avg_loss: 0.000002315383  time_per_window : 0.000818   progress : 0.983
name: epochs=5
dataset.training_size=1500000
batch_size=128
models.architecture.block_type=simple_cls    avg_loss: 0.000002755718  time_per_window : 0.000784   progress : 0.994
name: epochs=5
dataset.training_size=1500000
batch_size=128
models.architecture.block_type=simple_cls    avg_loss: 0.000010449821  time_per_window : 0.000808   progress : 0.011
name: epochs=5
dataset.training_size=1500000
batch_size=128
models.architecture.block_type=simple_cls    avg_loss: 0.000005674179  time_per_window : 0.000776   progress : 0.022
name: epochs=5
dataset.training_size=1500000
batch_size=128
models.architecture.block_type=simple_cls    avg_loss: 0.000005215471  time_per_window : 0.000803   progress : 0.033
name: epochs=5
dataset.training_size=1500000
batch_size=128
models.architecture.block_type=simple_cls    avg_loss: 0.000004380772  time_per_window : 0.000775   progress : 0.044
name: epochs=5
dataset.training_size=1500000
batch_size=128
models.architecture.block_type=simple_cls    avg_loss: 0.000004816046  time_per_window : 0.000780   progress : 0.055
name: epochs=5
dataset.training_size=1500000
batch_size=128
models.architecture.block_type=simple_cls    avg_loss: 0.000004449450  time_per_window : 0.000783   progress : 0.066
name: epochs=5
dataset.training_size=1500000
batch_size=128
models.architecture.block_type=simple_cls    avg_loss: 0.000004579379  time_per_window : 0.000794   progress : 0.076
name: epochs=5
dataset.training_size=1500000
batch_size=128
models.architecture.block_type=simple_cls    avg_loss: 0.000004500323  time_per_window : 0.000815   progress : 0.087
name: epochs=5
dataset.training_size=1500000
batch_size=128
models.architecture.block_type=simple_cls    avg_loss: 0.000004398912  time_per_window : 0.000797   progress : 0.098
name: epochs=5
dataset.training_size=1500000
batch_size=128
models.architecture.block_type=simple_cls    avg_loss: 0.000004494613  time_per_window : 0.000811   progress : 0.109
name: epochs=5
dataset.training_size=1500000
batch_size=128
models.architecture.block_type=simple_cls    avg_loss: 0.000004268667  time_per_window : 0.000770   progress : 0.120
name: epochs=5
dataset.training_size=1500000
batch_size=128
models.architecture.block_type=simple_cls    avg_loss: 0.000004576797  time_per_window : 0.000778   progress : 0.131
name: epochs=5
dataset.training_size=1500000
batch_size=128
models.architecture.block_type=simple_cls    avg_loss: 0.000004399497  time_per_window : 0.000803   progress : 0.142
name: epochs=5
dataset.training_size=1500000
batch_size=128
models.architecture.block_type=simple_cls    avg_loss: 0.000004885060  time_per_window : 0.000767   progress : 0.153
name: epochs=5
dataset.training_size=1500000
batch_size=128
models.architecture.block_type=simple_cls    avg_loss: 0.000004052758  time_per_window : 0.000806   progress : 0.164
name: epochs=5
dataset.training_size=1500000
batch_size=128
models.architecture.block_type=simple_cls    avg_loss: 0.000004425251  time_per_window : 0.000809   progress : 0.175
name: epochs=5
dataset.training_size=1500000
batch_size=128
models.architecture.block_type=simple_cls    avg_loss: 0.000004659058  time_per_window : 0.000764   progress : 0.186
name: epochs=5
dataset.training_size=1500000
batch_size=128
models.architecture.block_type=simple_cls    avg_loss: 0.000004750697  time_per_window : 0.000766   progress : 0.197
name: epochs=5
dataset.training_size=1500000
batch_size=128
models.architecture.block_type=simple_cls    avg_loss: 0.000004659622  time_per_window : 0.000768   progress : 0.208
name: epochs=5
dataset.training_size=1500000
batch_size=128
models.architecture.block_type=simple_cls    avg_loss: 0.000004282646  time_per_window : 0.000804   progress : 0.218
name: epochs=5
dataset.training_size=1500000
batch_size=128
models.architecture.block_type=simple_cls    avg_loss: 0.000004087718  time_per_window : 0.000805   progress : 0.229
name: epochs=5
dataset.training_size=1500000
batch_size=128
models.architecture.block_type=simple_cls    avg_loss: 0.000004004273  time_per_window : 0.000830   progress : 0.240
name: epochs=5
dataset.training_size=1500000
batch_size=128
models.architecture.block_type=simple_cls    avg_loss: 0.000003932598  time_per_window : 0.000794   progress : 0.251
name: epochs=5
dataset.training_size=1500000
batch_size=128
models.architecture.block_type=simple_cls    avg_loss: 0.000003947760  time_per_window : 0.000776   progress : 0.262
name: epochs=5
dataset.training_size=1500000
batch_size=128
models.architecture.block_type=simple_cls    avg_loss: 0.000003807669  time_per_window : 0.000813   progress : 0.273
name: epochs=5
dataset.training_size=1500000
batch_size=128
models.architecture.block_type=simple_cls    avg_loss: 0.000004618522  time_per_window : 0.000799   progress : 0.284
name: epochs=5
dataset.training_size=1500000
batch_size=128
models.architecture.block_type=simple_cls    avg_loss: 0.000004416532  time_per_window : 0.000808   progress : 0.295
name: epochs=5
dataset.training_size=1500000
batch_size=128
models.architecture.block_type=simple_cls    avg_loss: 0.000003976390  time_per_window : 0.000777   progress : 0.306
name: epochs=5
dataset.training_size=1500000
batch_size=128
models.architecture.block_type=simple_cls    avg_loss: 0.000003791666  time_per_window : 0.000770   progress : 0.317
name: epochs=5
dataset.training_size=1500000
batch_size=128
models.architecture.block_type=simple_cls    avg_loss: 0.000003933554  time_per_window : 0.000805   progress : 0.328
name: epochs=5
dataset.training_size=1500000
batch_size=128
models.architecture.block_type=simple_cls    avg_loss: 0.000004032224  time_per_window : 0.000773   progress : 0.339
name: epochs=5
dataset.training_size=1500000
batch_size=128
models.architecture.block_type=simple_cls    avg_loss: 0.000003579231  time_per_window : 0.000787   progress : 0.350
name: epochs=5
dataset.training_size=1500000
batch_size=128
models.architecture.block_type=simple_cls    avg_loss: 0.000004075130  time_per_window : 0.000776   progress : 0.360
name: epochs=5
dataset.training_size=1500000
batch_size=128
models.architecture.block_type=simple_cls    avg_loss: 0.000003779878  time_per_window : 0.000772   progress : 0.371
name: epochs=5
dataset.training_size=1500000
batch_size=128
models.architecture.block_type=simple_cls    avg_loss: 0.000004234413  time_per_window : 0.000792   progress : 0.382
name: epochs=5
dataset.training_size=1500000
batch_size=128
models.architecture.block_type=simple_cls    avg_loss: 0.000003725277  time_per_window : 0.000778   progress : 0.393
name: epochs=5
dataset.training_size=1500000
batch_size=128
models.architecture.block_type=simple_cls    avg_loss: 0.000004393501  time_per_window : 0.000821   progress : 0.404
name: epochs=5
dataset.training_size=1500000
batch_size=128
models.architecture.block_type=simple_cls    avg_loss: 0.000004014159  time_per_window : 0.000817   progress : 0.415
name: epochs=5
dataset.training_size=1500000
batch_size=128
models.architecture.block_type=simple_cls    avg_loss: 0.000004057120  time_per_window : 0.000814   progress : 0.426
name: epochs=5
dataset.training_size=1500000
batch_size=128
models.architecture.block_type=simple_cls    avg_loss: 0.000003756992  time_per_window : 0.000783   progress : 0.437
name: epochs=5
dataset.training_size=1500000
batch_size=128
models.architecture.block_type=simple_cls    avg_loss: 0.000003619555  time_per_window : 0.000830   progress : 0.448
name: epochs=5
dataset.training_size=1500000
batch_size=128
models.architecture.block_type=simple_cls    avg_loss: 0.000004122432  time_per_window : 0.000779   progress : 0.459
name: epochs=5
dataset.training_size=1500000
batch_size=128
models.architecture.block_type=simple_cls    avg_loss: 0.000003324538  time_per_window : 0.000783   progress : 0.470
name: epochs=5
dataset.training_size=1500000
batch_size=128
models.architecture.block_type=simple_cls    avg_loss: 0.000004093668  time_per_window : 0.000802   progress : 0.481
name: epochs=5
dataset.training_size=1500000
batch_size=128
models.architecture.block_type=simple_cls    avg_loss: 0.000003633316  time_per_window : 0.000775   progress : 0.492
name: epochs=5
dataset.training_size=1500000
batch_size=128
models.architecture.block_type=simple_cls    avg_loss: 0.000003960341  time_per_window : 0.000772   progress : 0.502
name: epochs=5
dataset.training_size=1500000
batch_size=128
models.architecture.block_type=simple_cls    avg_loss: 0.000003545536  time_per_window : 0.000798   progress : 0.513
name: epochs=5
dataset.training_size=1500000
batch_size=128
models.architecture.block_type=simple_cls    avg_loss: 0.000003564541  time_per_window : 0.000807   progress : 0.524
name: epochs=5
dataset.training_size=1500000
batch_size=128
models.architecture.block_type=simple_cls    avg_loss: 0.000004182385  time_per_window : 0.000811   progress : 0.535
name: epochs=5
dataset.training_size=1500000
batch_size=128
models.architecture.block_type=simple_cls    avg_loss: 0.000003561590  time_per_window : 0.000811   progress : 0.546
name: epochs=5
dataset.training_size=1500000
batch_size=128
models.architecture.block_type=simple_cls    avg_loss: 0.000003917270  time_per_window : 0.000810   progress : 0.557
name: epochs=5
dataset.training_size=1500000
batch_size=128
models.architecture.block_type=simple_cls    avg_loss: 0.000003773471  time_per_window : 0.000820   progress : 0.568
name: epochs=5
dataset.training_size=1500000
batch_size=128
models.architecture.block_type=simple_cls    avg_loss: 0.000003236589  time_per_window : 0.000777   progress : 0.579
name: epochs=5
dataset.training_size=1500000
batch_size=128
models.architecture.block_type=simple_cls    avg_loss: 0.000003364352  time_per_window : 0.000790   progress : 0.590
name: epochs=5
dataset.training_size=1500000
batch_size=128
models.architecture.block_type=simple_cls    avg_loss: 0.000003665378  time_per_window : 0.000787   progress : 0.601
name: epochs=5
dataset.training_size=1500000
batch_size=128
models.architecture.block_type=simple_cls    avg_loss: 0.000003709687  time_per_window : 0.000830   progress : 0.612
name: epochs=5
dataset.training_size=1500000
batch_size=128
models.architecture.block_type=simple_cls    avg_loss: 0.000003720975  time_per_window : 0.000774   progress : 0.623
name: epochs=5
dataset.training_size=1500000
batch_size=128
models.architecture.block_type=simple_cls    avg_loss: 0.000003797908  time_per_window : 0.000774   progress : 0.634
name: epochs=5
dataset.training_size=1500000
batch_size=128
models.architecture.block_type=simple_cls    avg_loss: 0.000003310032  time_per_window : 0.000784   progress : 0.644
name: epochs=5
dataset.training_size=1500000
batch_size=128
models.architecture.block_type=simple_cls    avg_loss: 0.000003718593  time_per_window : 0.000830   progress : 0.655
name: epochs=5
dataset.training_size=1500000
batch_size=128
models.architecture.block_type=simple_cls    avg_loss: 0.000003867235  time_per_window : 0.000762   progress : 0.666
name: epochs=5
dataset.training_size=1500000
batch_size=128
models.architecture.block_type=simple_cls    avg_loss: 0.000003265717  time_per_window : 0.000824   progress : 0.677
name: epochs=5
dataset.training_size=1500000
batch_size=128
models.architecture.block_type=simple_cls    avg_loss: 0.000003684414  time_per_window : 0.000780   progress : 0.688
name: epochs=5
dataset.training_size=1500000
batch_size=128
models.architecture.block_type=simple_cls    avg_loss: 0.000003791685  time_per_window : 0.000806   progress : 0.699
name: epochs=5
dataset.training_size=1500000
batch_size=128
models.architecture.block_type=simple_cls    avg_loss: 0.000003693460  time_per_window : 0.000782   progress : 0.710
name: epochs=5
dataset.training_size=1500000
batch_size=128
models.architecture.block_type=simple_cls    avg_loss: 0.000003582790  time_per_window : 0.000802   progress : 0.721
name: epochs=5
dataset.training_size=1500000
batch_size=128
models.architecture.block_type=simple_cls    avg_loss: 0.000003451863  time_per_window : 0.000776   progress : 0.732
name: epochs=5
dataset.training_size=1500000
batch_size=128
models.architecture.block_type=simple_cls    avg_loss: 0.000003312242  time_per_window : 0.000799   progress : 0.743
name: epochs=5
dataset.training_size=1500000
batch_size=128
models.architecture.block_type=simple_cls    avg_loss: 0.000003682874  time_per_window : 0.000799   progress : 0.754
name: epochs=5
dataset.training_size=1500000
batch_size=128
models.architecture.block_type=simple_cls    avg_loss: 0.000003234734  time_per_window : 0.000765   progress : 0.765
name: epochs=5
dataset.training_size=1500000
batch_size=128
models.architecture.block_type=simple_cls    avg_loss: 0.000003655376  time_per_window : 0.000805   progress : 0.775
name: epochs=5
dataset.training_size=1500000
batch_size=128
models.architecture.block_type=simple_cls    avg_loss: 0.000004114303  time_per_window : 0.000796   progress : 0.786
name: epochs=5
dataset.training_size=1500000
batch_size=128
models.architecture.block_type=simple_cls    avg_loss: 0.000003427866  time_per_window : 0.000763   progress : 0.797
name: epochs=5
dataset.training_size=1500000
batch_size=128
models.architecture.block_type=simple_cls    avg_loss: 0.000003828543  time_per_window : 0.000831   progress : 0.808
name: epochs=5
dataset.training_size=1500000
batch_size=128
models.architecture.block_type=simple_cls    avg_loss: 0.000003970464  time_per_window : 0.000801   progress : 0.819
name: epochs=5
dataset.training_size=1500000
batch_size=128
models.architecture.block_type=simple_cls    avg_loss: 0.000003352194  time_per_window : 0.000775   progress : 0.830
name: epochs=5
dataset.training_size=1500000
batch_size=128
models.architecture.block_type=simple_cls    avg_loss: 0.000003182623  time_per_window : 0.000767   progress : 0.841
name: epochs=5
dataset.training_size=1500000
batch_size=128
models.architecture.block_type=simple_cls    avg_loss: 0.000003674725  time_per_window : 0.000836   progress : 0.852
name: epochs=5
dataset.training_size=1500000
batch_size=128
models.architecture.block_type=simple_cls    avg_loss: 0.000003034011  time_per_window : 0.000778   progress : 0.863
name: epochs=5
dataset.training_size=1500000
batch_size=128
models.architecture.block_type=simple_cls    avg_loss: 0.000003620073  time_per_window : 0.000813   progress : 0.874
name: epochs=5
dataset.training_size=1500000
batch_size=128
models.architecture.block_type=simple_cls    avg_loss: 0.000002969149  time_per_window : 0.000816   progress : 0.885
name: epochs=5
dataset.training_size=1500000
batch_size=128
models.architecture.block_type=simple_cls    avg_loss: 0.000003587325  time_per_window : 0.000775   progress : 0.896
name: epochs=5
dataset.training_size=1500000
batch_size=128
models.architecture.block_type=simple_cls    avg_loss: 0.000003100232  time_per_window : 0.000800   progress : 0.907
name: epochs=5
dataset.training_size=1500000
batch_size=128
models.architecture.block_type=simple_cls    avg_loss: 0.000004048157  time_per_window : 0.000801   progress : 0.917
name: epochs=5
dataset.training_size=1500000
batch_size=128
models.architecture.block_type=simple_cls    avg_loss: 0.000003255423  time_per_window : 0.000782   progress : 0.928
name: epochs=5
dataset.training_size=1500000
batch_size=128
models.architecture.block_type=simple_cls    avg_loss: 0.000003283420  time_per_window : 0.000791   progress : 0.939
name: epochs=5
dataset.training_size=1500000
batch_size=128
models.architecture.block_type=simple_cls    avg_loss: 0.000003367734  time_per_window : 0.000812   progress : 0.950
name: epochs=5
dataset.training_size=1500000
batch_size=128
models.architecture.block_type=simple_cls    avg_loss: 0.000003638598  time_per_window : 0.000795   progress : 0.961
name: epochs=5
dataset.training_size=1500000
batch_size=128
models.architecture.block_type=simple_cls    avg_loss: 0.000003330450  time_per_window : 0.000831   progress : 0.972
name: epochs=5
dataset.training_size=1500000
batch_size=128
models.architecture.block_type=simple_cls    avg_loss: 0.000002946665  time_per_window : 0.000794   progress : 0.983
name: epochs=5
dataset.training_size=1500000
batch_size=128
models.architecture.block_type=simple_cls    avg_loss: 0.000003493171  time_per_window : 0.000796   progress : 0.994
DONE!!!
