/media/egghead/Scratch/joey/Thesis/mavenv/lib/python3.11/site-packages/hydra/_internal/defaults_list.py:251: UserWarning: In 'config': Defaults list is missing `_self_`. See https://hydra.cc/docs/1.2/upgrades/1.0_to_1.1/default_composition_order for more information
  warnings.warn(msg, UserWarning)
Using cuda device
models:
  n_dim: 23
  out_dim: 10
  architecture:
    d_model: 128
    n_encoder_layers: 1
    n_decoder_layers: 0
    block_type: cls
    time_adapter: last_token
    in_norm: none
    out_norm: none
    layer_scale: 0.0001
    drop_path: 0.05
    mamba_type: mamba
    mamba_kwargs:
      d_state: 64
      d_conv: 4
      expand: 4
      norm: rms
    skip: false
    cls_kwargs:
      n_heads: 2
      n_mlp: 2
      positional_encoding: false
      max_len: 5000
input_len: 64
output_len: 1
batch_size: 128
epochs: 5
seed: 0
dataset:
  path: /media/egghead/Scratch/joey/simulation_data/patient_one_data.zarr/
  training_size: 1500000
evaluation:
  path: /media/egghead/Scratch/joey/simulation_data/patient_two_data.zarr/
  evaluation_size: 10
training:
  mode: rollout
  lr: 0.0002
  weight_decay: 0.1
  rollout_steps: 32
checkpoint:
  save_path: hydra-test.pth
  load: false
  path: hydra-test.pth
compile: true

/media/egghead/Scratch/joey/Thesis/mavenv/lib/python3.11/site-packages/torch/_inductor/cudagraph_trees.py:2622: UserWarning: Unable to hit fast path of CUDAGraphs because outputs from a previous step still require backward. Ensure backward() is invoked or detach outputs. You may also call torch.compiler.cudagraph_mark_step_begin() before each model invocation.
  warnings.warn(
name: epochs=5
dataset.training_size=1500000
batch_size=128
models.architecture.n_encoder_layers=1    avg_loss: 0.000062060673  time_per_window : 0.000520   progress : 0.011
name: epochs=5
dataset.training_size=1500000
batch_size=128
models.architecture.n_encoder_layers=1    avg_loss: 0.000000285138  time_per_window : 0.000553   progress : 0.022
name: epochs=5
dataset.training_size=1500000
batch_size=128
models.architecture.n_encoder_layers=1    avg_loss: 0.000000198806  time_per_window : 0.000560   progress : 0.033
name: epochs=5
dataset.training_size=1500000
batch_size=128
models.architecture.n_encoder_layers=1    avg_loss: 0.000000159837  time_per_window : 0.000533   progress : 0.044
name: epochs=5
dataset.training_size=1500000
batch_size=128
models.architecture.n_encoder_layers=1    avg_loss: 0.000000137071  time_per_window : 0.000533   progress : 0.055
name: epochs=5
dataset.training_size=1500000
batch_size=128
models.architecture.n_encoder_layers=1    avg_loss: 0.000000123955  time_per_window : 0.000524   progress : 0.066
name: epochs=5
dataset.training_size=1500000
batch_size=128
models.architecture.n_encoder_layers=1    avg_loss: 0.000000117713  time_per_window : 0.000540   progress : 0.076
name: epochs=5
dataset.training_size=1500000
batch_size=128
models.architecture.n_encoder_layers=1    avg_loss: 0.000000111875  time_per_window : 0.000547   progress : 0.087
name: epochs=5
dataset.training_size=1500000
batch_size=128
models.architecture.n_encoder_layers=1    avg_loss: 0.000000103253  time_per_window : 0.000548   progress : 0.098
name: epochs=5
dataset.training_size=1500000
batch_size=128
models.architecture.n_encoder_layers=1    avg_loss: 0.000000094881  time_per_window : 0.000541   progress : 0.109
name: epochs=5
dataset.training_size=1500000
batch_size=128
models.architecture.n_encoder_layers=1    avg_loss: 0.000000094027  time_per_window : 0.000542   progress : 0.120
name: epochs=5
dataset.training_size=1500000
batch_size=128
models.architecture.n_encoder_layers=1    avg_loss: 0.000000088829  time_per_window : 0.000658   progress : 0.131
name: epochs=5
dataset.training_size=1500000
batch_size=128
models.architecture.n_encoder_layers=1    avg_loss: 0.000000081606  time_per_window : 0.000512   progress : 0.142
name: epochs=5
dataset.training_size=1500000
batch_size=128
models.architecture.n_encoder_layers=1    avg_loss: 0.000000078203  time_per_window : 0.000601   progress : 0.153
name: epochs=5
dataset.training_size=1500000
batch_size=128
models.architecture.n_encoder_layers=1    avg_loss: 0.000000074291  time_per_window : 0.000587   progress : 0.164
name: epochs=5
dataset.training_size=1500000
batch_size=128
models.architecture.n_encoder_layers=1    avg_loss: 0.000000077351  time_per_window : 0.000516   progress : 0.175
name: epochs=5
dataset.training_size=1500000
batch_size=128
models.architecture.n_encoder_layers=1    avg_loss: 0.000000068180  time_per_window : 0.000581   progress : 0.186
name: epochs=5
dataset.training_size=1500000
batch_size=128
models.architecture.n_encoder_layers=1    avg_loss: 0.000000068250  time_per_window : 0.000513   progress : 0.197
name: epochs=5
dataset.training_size=1500000
batch_size=128
models.architecture.n_encoder_layers=1    avg_loss: 0.000000063123  time_per_window : 0.000554   progress : 0.208
name: epochs=5
dataset.training_size=1500000
batch_size=128
models.architecture.n_encoder_layers=1    avg_loss: 0.000000062217  time_per_window : 0.000515   progress : 0.218
name: epochs=5
dataset.training_size=1500000
batch_size=128
models.architecture.n_encoder_layers=1    avg_loss: 0.000000074840  time_per_window : 0.000597   progress : 0.229
name: epochs=5
dataset.training_size=1500000
batch_size=128
models.architecture.n_encoder_layers=1    avg_loss: 0.000000077238  time_per_window : 0.000579   progress : 0.240
name: epochs=5
dataset.training_size=1500000
batch_size=128
models.architecture.n_encoder_layers=1    avg_loss: 0.000000113098  time_per_window : 0.000541   progress : 0.251
name: epochs=5
dataset.training_size=1500000
batch_size=128
models.architecture.n_encoder_layers=1    avg_loss: 0.000000102836  time_per_window : 0.000555   progress : 0.262
name: epochs=5
dataset.training_size=1500000
batch_size=128
models.architecture.n_encoder_layers=1    avg_loss: 0.000000093248  time_per_window : 0.000565   progress : 0.273
name: epochs=5
dataset.training_size=1500000
batch_size=128
models.architecture.n_encoder_layers=1    avg_loss: 0.000000109397  time_per_window : 0.000575   progress : 0.284
name: epochs=5
dataset.training_size=1500000
batch_size=128
models.architecture.n_encoder_layers=1    avg_loss: 0.000000099901  time_per_window : 0.000628   progress : 0.295
name: epochs=5
dataset.training_size=1500000
batch_size=128
models.architecture.n_encoder_layers=1    avg_loss: 0.000000078034  time_per_window : 0.000589   progress : 0.306
name: epochs=5
dataset.training_size=1500000
batch_size=128
models.architecture.n_encoder_layers=1    avg_loss: 0.000000091901  time_per_window : 0.000557   progress : 0.317
name: epochs=5
dataset.training_size=1500000
batch_size=128
models.architecture.n_encoder_layers=1    avg_loss: 0.000000100579  time_per_window : 0.000611   progress : 0.328
name: epochs=5
dataset.training_size=1500000
batch_size=128
models.architecture.n_encoder_layers=1    avg_loss: 0.000000113287  time_per_window : 0.000567   progress : 0.339
name: epochs=5
dataset.training_size=1500000
batch_size=128
models.architecture.n_encoder_layers=1    avg_loss: 0.000000093857  time_per_window : 0.000530   progress : 0.350
name: epochs=5
dataset.training_size=1500000
batch_size=128
models.architecture.n_encoder_layers=1    avg_loss: 0.000000095107  time_per_window : 0.000575   progress : 0.360
name: epochs=5
dataset.training_size=1500000
batch_size=128
models.architecture.n_encoder_layers=1    avg_loss: 0.000000107914  time_per_window : 0.000553   progress : 0.371
name: epochs=5
dataset.training_size=1500000
batch_size=128
models.architecture.n_encoder_layers=1    avg_loss: 0.000000097614  time_per_window : 0.000528   progress : 0.382
name: epochs=5
dataset.training_size=1500000
batch_size=128
models.architecture.n_encoder_layers=1    avg_loss: 0.000000110925  time_per_window : 0.000621   progress : 0.393
name: epochs=5
dataset.training_size=1500000
batch_size=128
models.architecture.n_encoder_layers=1    avg_loss: 0.000000088867  time_per_window : 0.000529   progress : 0.404
name: epochs=5
dataset.training_size=1500000
batch_size=128
models.architecture.n_encoder_layers=1    avg_loss: 0.000000101414  time_per_window : 0.000573   progress : 0.415
name: epochs=5
dataset.training_size=1500000
batch_size=128
models.architecture.n_encoder_layers=1    avg_loss: 0.000000086728  time_per_window : 0.000538   progress : 0.426
name: epochs=5
dataset.training_size=1500000
batch_size=128
models.architecture.n_encoder_layers=1    avg_loss: 0.000000098097  time_per_window : 0.000566   progress : 0.437
name: epochs=5
dataset.training_size=1500000
batch_size=128
models.architecture.n_encoder_layers=1    avg_loss: 0.000000083157  time_per_window : 0.000591   progress : 0.448
name: epochs=5
dataset.training_size=1500000
batch_size=128
models.architecture.n_encoder_layers=1    avg_loss: 0.000000093624  time_per_window : 0.000584   progress : 0.459
name: epochs=5
dataset.training_size=1500000
batch_size=128
models.architecture.n_encoder_layers=1    avg_loss: 0.000000091012  time_per_window : 0.000573   progress : 0.470
name: epochs=5
dataset.training_size=1500000
batch_size=128
models.architecture.n_encoder_layers=1    avg_loss: 0.000000097028  time_per_window : 0.000531   progress : 0.481
name: epochs=5
dataset.training_size=1500000
batch_size=128
models.architecture.n_encoder_layers=1    avg_loss: 0.000000110081  time_per_window : 0.000586   progress : 0.492
name: epochs=5
dataset.training_size=1500000
batch_size=128
models.architecture.n_encoder_layers=1    avg_loss: 0.000000090172  time_per_window : 0.000542   progress : 0.502
name: epochs=5
dataset.training_size=1500000
batch_size=128
models.architecture.n_encoder_layers=1    avg_loss: 0.000000086002  time_per_window : 0.000530   progress : 0.513
name: epochs=5
dataset.training_size=1500000
batch_size=128
models.architecture.n_encoder_layers=1    avg_loss: 0.000000090324  time_per_window : 0.000474   progress : 0.524/media/egghead/Scratch/joey/Thesis/mavenv/lib/python3.11/site-packages/torch/_inductor/cudagraph_trees.py:2622: UserWarning: Unable to hit fast path of CUDAGraphs because outputs from a previous step still require backward. Ensure backward() is invoked or detach outputs. You may also call torch.compiler.cudagraph_mark_step_begin() before each model invocation.
  warnings.warn(
/media/egghead/Scratch/joey/Thesis/mavenv/lib/python3.11/site-packages/torch/_inductor/cudagraph_trees.py:2622: UserWarning: Unable to hit fast path of CUDAGraphs because outputs from a previous step still require backward. Ensure backward() is invoked or detach outputs. You may also call torch.compiler.cudagraph_mark_step_begin() before each model invocation.
  warnings.warn(

name: epochs=5
dataset.training_size=1500000
batch_size=128
models.architecture.n_encoder_layers=1    avg_loss: 0.000000072324  time_per_window : 0.000553   progress : 0.535
name: epochs=5
dataset.training_size=1500000
batch_size=128
models.architecture.n_encoder_layers=1    avg_loss: 0.000000089326  time_per_window : 0.000612   progress : 0.546
name: epochs=5
dataset.training_size=1500000
batch_size=128
models.architecture.n_encoder_layers=1    avg_loss: 0.000000089672  time_per_window : 0.000647   progress : 0.557
name: epochs=5
dataset.training_size=1500000
batch_size=128
models.architecture.n_encoder_layers=1    avg_loss: 0.000000099466  time_per_window : 0.000559   progress : 0.568
name: epochs=5
dataset.training_size=1500000
batch_size=128
models.architecture.n_encoder_layers=1    avg_loss: 0.000000083200  time_per_window : 0.000593   progress : 0.579
name: epochs=5
dataset.training_size=1500000
batch_size=128
models.architecture.n_encoder_layers=1    avg_loss: 0.000000079679  time_per_window : 0.000563   progress : 0.590
name: epochs=5
dataset.training_size=1500000
batch_size=128
models.architecture.n_encoder_layers=1    avg_loss: 0.000000081802  time_per_window : 0.000548   progress : 0.601
name: epochs=5
dataset.training_size=1500000
batch_size=128
models.architecture.n_encoder_layers=1    avg_loss: 0.000000079525  time_per_window : 0.000522   progress : 0.612
name: epochs=5
dataset.training_size=1500000
batch_size=128
models.architecture.n_encoder_layers=1    avg_loss: 0.000000076319  time_per_window : 0.000532   progress : 0.623
name: epochs=5
dataset.training_size=1500000
batch_size=128
models.architecture.n_encoder_layers=1    avg_loss: 0.000000084690  time_per_window : 0.000562   progress : 0.634
name: epochs=5
dataset.training_size=1500000
batch_size=128
models.architecture.n_encoder_layers=1    avg_loss: 0.000000083558  time_per_window : 0.000587   progress : 0.644
name: epochs=5
dataset.training_size=1500000
batch_size=128
models.architecture.n_encoder_layers=1    avg_loss: 0.000000087724  time_per_window : 0.000605   progress : 0.655
name: epochs=5
dataset.training_size=1500000
batch_size=128
models.architecture.n_encoder_layers=1    avg_loss: 0.000000073063  time_per_window : 0.000630   progress : 0.666
name: epochs=5
dataset.training_size=1500000
batch_size=128
models.architecture.n_encoder_layers=1    avg_loss: 0.000000074234  time_per_window : 0.000597   progress : 0.677
name: epochs=5
dataset.training_size=1500000
batch_size=128
models.architecture.n_encoder_layers=1    avg_loss: 0.000000069052  time_per_window : 0.000569   progress : 0.688
name: epochs=5
dataset.training_size=1500000
batch_size=128
models.architecture.n_encoder_layers=1    avg_loss: 0.000000067686  time_per_window : 0.000579   progress : 0.699
name: epochs=5
dataset.training_size=1500000
batch_size=128
models.architecture.n_encoder_layers=1    avg_loss: 0.000000086788  time_per_window : 0.000566   progress : 0.710
name: epochs=5
dataset.training_size=1500000
batch_size=128
models.architecture.n_encoder_layers=1    avg_loss: 0.000000075964  time_per_window : 0.000588   progress : 0.721
name: epochs=5
dataset.training_size=1500000
batch_size=128
models.architecture.n_encoder_layers=1    avg_loss: 0.000000054753  time_per_window : 0.000562   progress : 0.732
name: epochs=5
dataset.training_size=1500000
batch_size=128
models.architecture.n_encoder_layers=1    avg_loss: 0.000000079105  time_per_window : 0.000608   progress : 0.743
name: epochs=5
dataset.training_size=1500000
batch_size=128
models.architecture.n_encoder_layers=1    avg_loss: 0.000000068227  time_per_window : 0.000615   progress : 0.754
name: epochs=5
dataset.training_size=1500000
batch_size=128
models.architecture.n_encoder_layers=1    avg_loss: 0.000000067179  time_per_window : 0.000528   progress : 0.765
name: epochs=5
dataset.training_size=1500000
batch_size=128
models.architecture.n_encoder_layers=1    avg_loss: 0.000000071837  time_per_window : 0.000596   progress : 0.775
name: epochs=5
dataset.training_size=1500000
batch_size=128
models.architecture.n_encoder_layers=1    avg_loss: 0.000000062291  time_per_window : 0.000502   progress : 0.786
name: epochs=5
dataset.training_size=1500000
batch_size=128
models.architecture.n_encoder_layers=1    avg_loss: 0.000000077718  time_per_window : 0.000581   progress : 0.797
name: epochs=5
dataset.training_size=1500000
batch_size=128
models.architecture.n_encoder_layers=1    avg_loss: 0.000000059319  time_per_window : 0.000541   progress : 0.808
name: epochs=5
dataset.training_size=1500000
batch_size=128
models.architecture.n_encoder_layers=1    avg_loss: 0.000000055680  time_per_window : 0.000560   progress : 0.819
name: epochs=5
dataset.training_size=1500000
batch_size=128
models.architecture.n_encoder_layers=1    avg_loss: 0.000000065268  time_per_window : 0.000537   progress : 0.830
name: epochs=5
dataset.training_size=1500000
batch_size=128
models.architecture.n_encoder_layers=1    avg_loss: 0.000000065913  time_per_window : 0.000572   progress : 0.841
name: epochs=5
dataset.training_size=1500000
batch_size=128
models.architecture.n_encoder_layers=1    avg_loss: 0.000000066708  time_per_window : 0.000612   progress : 0.852
name: epochs=5
dataset.training_size=1500000
batch_size=128
models.architecture.n_encoder_layers=1    avg_loss: 0.000000066370  time_per_window : 0.000594   progress : 0.863
name: epochs=5
dataset.training_size=1500000
batch_size=128
models.architecture.n_encoder_layers=1    avg_loss: 0.000000060123  time_per_window : 0.000571   progress : 0.874
name: epochs=5
dataset.training_size=1500000
batch_size=128
models.architecture.n_encoder_layers=1    avg_loss: 0.000000057911  time_per_window : 0.000564   progress : 0.885
name: epochs=5
dataset.training_size=1500000
batch_size=128
models.architecture.n_encoder_layers=1    avg_loss: 0.000000056799  time_per_window : 0.000551   progress : 0.896
name: epochs=5
dataset.training_size=1500000
batch_size=128
models.architecture.n_encoder_layers=1    avg_loss: 0.000000063933  time_per_window : 0.000617   progress : 0.907
name: epochs=5
dataset.training_size=1500000
batch_size=128
models.architecture.n_encoder_layers=1    avg_loss: 0.000000056470  time_per_window : 0.000580   progress : 0.917
name: epochs=5
dataset.training_size=1500000
batch_size=128
models.architecture.n_encoder_layers=1    avg_loss: 0.000000051402  time_per_window : 0.000588   progress : 0.928
name: epochs=5
dataset.training_size=1500000
batch_size=128
models.architecture.n_encoder_layers=1    avg_loss: 0.000000058637  time_per_window : 0.000583   progress : 0.939
name: epochs=5
dataset.training_size=1500000
batch_size=128
models.architecture.n_encoder_layers=1    avg_loss: 0.000000061482  time_per_window : 0.000563   progress : 0.950
name: epochs=5
dataset.training_size=1500000
batch_size=128
models.architecture.n_encoder_layers=1    avg_loss: 0.000000056659  time_per_window : 0.000559   progress : 0.961
name: epochs=5
dataset.training_size=1500000
batch_size=128
models.architecture.n_encoder_layers=1    avg_loss: 0.000000058584  time_per_window : 0.000684   progress : 0.972
name: epochs=5
dataset.training_size=1500000
batch_size=128
models.architecture.n_encoder_layers=1    avg_loss: 0.000000050537  time_per_window : 0.000534   progress : 0.983
name: epochs=5
dataset.training_size=1500000
batch_size=128
models.architecture.n_encoder_layers=1    avg_loss: 0.000000058505  time_per_window : 0.000585   progress : 0.994
name: epochs=5
dataset.training_size=1500000
batch_size=128
models.architecture.n_encoder_layers=1    avg_loss: 0.000000090934  time_per_window : 0.000600   progress : 0.011
name: epochs=5
dataset.training_size=1500000
batch_size=128
models.architecture.n_encoder_layers=1    avg_loss: 0.000000062786  time_per_window : 0.000644   progress : 0.022
name: epochs=5
dataset.training_size=1500000
batch_size=128
models.architecture.n_encoder_layers=1    avg_loss: 0.000000063102  time_per_window : 0.000599   progress : 0.033
name: epochs=5
dataset.training_size=1500000
batch_size=128
models.architecture.n_encoder_layers=1    avg_loss: 0.000000059793  time_per_window : 0.000655   progress : 0.044
name: epochs=5
dataset.training_size=1500000
batch_size=128
models.architecture.n_encoder_layers=1    avg_loss: 0.000000054616  time_per_window : 0.000665   progress : 0.055
name: epochs=5
dataset.training_size=1500000
batch_size=128
models.architecture.n_encoder_layers=1    avg_loss: 0.000000055984  time_per_window : 0.000606   progress : 0.066
name: epochs=5
dataset.training_size=1500000
batch_size=128
models.architecture.n_encoder_layers=1    avg_loss: 0.000000066801  time_per_window : 0.000469   progress : 0.076
name: epochs=5
dataset.training_size=1500000
batch_size=128
models.architecture.n_encoder_layers=1    avg_loss: 0.000000059431  time_per_window : 0.000468   progress : 0.087
name: epochs=5
dataset.training_size=1500000
batch_size=128
models.architecture.n_encoder_layers=1    avg_loss: 0.000000054102  time_per_window : 0.000473   progress : 0.098
name: epochs=5
dataset.training_size=1500000
batch_size=128
models.architecture.n_encoder_layers=1    avg_loss: 0.000000049348  time_per_window : 0.000457   progress : 0.109
name: epochs=5
dataset.training_size=1500000
batch_size=128
models.architecture.n_encoder_layers=1    avg_loss: 0.000000051994  time_per_window : 0.000465   progress : 0.120
name: epochs=5
dataset.training_size=1500000
batch_size=128
models.architecture.n_encoder_layers=1    avg_loss: 0.000000055208  time_per_window : 0.000498   progress : 0.131
name: epochs=5
dataset.training_size=1500000
batch_size=128
models.architecture.n_encoder_layers=1    avg_loss: 0.000000054946  time_per_window : 0.000629   progress : 0.142
name: epochs=5
dataset.training_size=1500000
batch_size=128
models.architecture.n_encoder_layers=1    avg_loss: 0.000000056258  time_per_window : 0.000632   progress : 0.153
name: epochs=5
dataset.training_size=1500000
batch_size=128
models.architecture.n_encoder_layers=1    avg_loss: 0.000000053230  time_per_window : 0.000636   progress : 0.164
name: epochs=5
dataset.training_size=1500000
batch_size=128
models.architecture.n_encoder_layers=1    avg_loss: 0.000000052400  time_per_window : 0.000637   progress : 0.175
name: epochs=5
dataset.training_size=1500000
batch_size=128
models.architecture.n_encoder_layers=1    avg_loss: 0.000000049297  time_per_window : 0.000623   progress : 0.186
name: epochs=5
dataset.training_size=1500000
batch_size=128
models.architecture.n_encoder_layers=1    avg_loss: 0.000000059322  time_per_window : 0.000630   progress : 0.197
name: epochs=5
dataset.training_size=1500000
batch_size=128
models.architecture.n_encoder_layers=1    avg_loss: 0.000000046798  time_per_window : 0.000610   progress : 0.208
name: epochs=5
dataset.training_size=1500000
batch_size=128
models.architecture.n_encoder_layers=1    avg_loss: 0.000000046413  time_per_window : 0.000585   progress : 0.218
name: epochs=5
dataset.training_size=1500000
batch_size=128
models.architecture.n_encoder_layers=1    avg_loss: 0.000000049918  time_per_window : 0.000644   progress : 0.229
name: epochs=5
dataset.training_size=1500000
batch_size=128
models.architecture.n_encoder_layers=1    avg_loss: 0.000000053963  time_per_window : 0.000610   progress : 0.240
name: epochs=5
dataset.training_size=1500000
batch_size=128
models.architecture.n_encoder_layers=1    avg_loss: 0.000000050407  time_per_window : 0.000648   progress : 0.251
name: epochs=5
dataset.training_size=1500000
batch_size=128
models.architecture.n_encoder_layers=1    avg_loss: 0.000000047690  time_per_window : 0.000663   progress : 0.262
name: epochs=5
dataset.training_size=1500000
batch_size=128
models.architecture.n_encoder_layers=1    avg_loss: 0.000000043635  time_per_window : 0.000605   progress : 0.273
name: epochs=5
dataset.training_size=1500000
batch_size=128
models.architecture.n_encoder_layers=1    avg_loss: 0.000000045175  time_per_window : 0.000599   progress : 0.284
name: epochs=5
dataset.training_size=1500000
batch_size=128
models.architecture.n_encoder_layers=1    avg_loss: 0.000000051156  time_per_window : 0.000643   progress : 0.295
name: epochs=5
dataset.training_size=1500000
batch_size=128
models.architecture.n_encoder_layers=1    avg_loss: 0.000000049933  time_per_window : 0.000576   progress : 0.306
name: epochs=5
dataset.training_size=1500000
batch_size=128
models.architecture.n_encoder_layers=1    avg_loss: 0.000000044226  time_per_window : 0.000642   progress : 0.317
name: epochs=5
dataset.training_size=1500000
batch_size=128
models.architecture.n_encoder_layers=1    avg_loss: 0.000000055530  time_per_window : 0.000619   progress : 0.328
name: epochs=5
dataset.training_size=1500000
batch_size=128
models.architecture.n_encoder_layers=1    avg_loss: 0.000000052426  time_per_window : 0.000617   progress : 0.339
name: epochs=5
dataset.training_size=1500000
batch_size=128
models.architecture.n_encoder_layers=1    avg_loss: 0.000000042550  time_per_window : 0.000580   progress : 0.350
name: epochs=5
dataset.training_size=1500000
batch_size=128
models.architecture.n_encoder_layers=1    avg_loss: 0.000000045847  time_per_window : 0.000583   progress : 0.360
name: epochs=5
dataset.training_size=1500000
batch_size=128
models.architecture.n_encoder_layers=1    avg_loss: 0.000000044036  time_per_window : 0.000610   progress : 0.371
name: epochs=5
dataset.training_size=1500000
batch_size=128
models.architecture.n_encoder_layers=1    avg_loss: 0.000000046178  time_per_window : 0.000626   progress : 0.382
name: epochs=5
dataset.training_size=1500000
batch_size=128
models.architecture.n_encoder_layers=1    avg_loss: 0.000000042231  time_per_window : 0.000609   progress : 0.393
name: epochs=5
dataset.training_size=1500000
batch_size=128
models.architecture.n_encoder_layers=1    avg_loss: 0.000000046789  time_per_window : 0.000592   progress : 0.404
name: epochs=5
dataset.training_size=1500000
batch_size=128
models.architecture.n_encoder_layers=1    avg_loss: 0.000000043110  time_per_window : 0.000622   progress : 0.415
name: epochs=5
dataset.training_size=1500000
batch_size=128
models.architecture.n_encoder_layers=1    avg_loss: 0.000000041441  time_per_window : 0.000574   progress : 0.426
name: epochs=5
dataset.training_size=1500000
batch_size=128
models.architecture.n_encoder_layers=1    avg_loss: 0.000000040089  time_per_window : 0.000613   progress : 0.437
name: epochs=5
dataset.training_size=1500000
batch_size=128
models.architecture.n_encoder_layers=1    avg_loss: 0.000000043926  time_per_window : 0.000657   progress : 0.448
name: epochs=5
dataset.training_size=1500000
batch_size=128
models.architecture.n_encoder_layers=1    avg_loss: 0.000000040144  time_per_window : 0.000619   progress : 0.459
name: epochs=5
dataset.training_size=1500000
batch_size=128
models.architecture.n_encoder_layers=1    avg_loss: 0.000000036984  time_per_window : 0.000645   progress : 0.470
name: epochs=5
dataset.training_size=1500000
batch_size=128
models.architecture.n_encoder_layers=1    avg_loss: 0.000000041205  time_per_window : 0.000630   progress : 0.481
name: epochs=5
dataset.training_size=1500000
batch_size=128
models.architecture.n_encoder_layers=1    avg_loss: 0.000000035855  time_per_window : 0.000586   progress : 0.492
name: epochs=5
dataset.training_size=1500000
batch_size=128
models.architecture.n_encoder_layers=1    avg_loss: 0.000000046830  time_per_window : 0.000591   progress : 0.502
name: epochs=5
dataset.training_size=1500000
batch_size=128
models.architecture.n_encoder_layers=1    avg_loss: 0.000000038195  time_per_window : 0.000650   progress : 0.513
name: epochs=5
dataset.training_size=1500000
batch_size=128
models.architecture.n_encoder_layers=1    avg_loss: 0.000000040763  time_per_window : 0.000587   progress : 0.524
name: epochs=5
dataset.training_size=1500000
batch_size=128
models.architecture.n_encoder_layers=1    avg_loss: 0.000000035508  time_per_window : 0.000642   progress : 0.535
name: epochs=5
dataset.training_size=1500000
batch_size=128
models.architecture.n_encoder_layers=1    avg_loss: 0.000000037443  time_per_window : 0.000635   progress : 0.546
name: epochs=5
dataset.training_size=1500000
batch_size=128
models.architecture.n_encoder_layers=1    avg_loss: 0.000000035726  time_per_window : 0.000581   progress : 0.557
name: epochs=5
dataset.training_size=1500000
batch_size=128
models.architecture.n_encoder_layers=1    avg_loss: 0.000000042680  time_per_window : 0.000595   progress : 0.568
name: epochs=5
dataset.training_size=1500000
batch_size=128
models.architecture.n_encoder_layers=1    avg_loss: 0.000000038887  time_per_window : 0.000629   progress : 0.579
name: epochs=5
dataset.training_size=1500000
batch_size=128
models.architecture.n_encoder_layers=1    avg_loss: 0.000000035949  time_per_window : 0.000630   progress : 0.590
name: epochs=5
dataset.training_size=1500000
batch_size=128
models.architecture.n_encoder_layers=1    avg_loss: 0.000000038200  time_per_window : 0.000613   progress : 0.601
name: epochs=5
dataset.training_size=1500000
batch_size=128
models.architecture.n_encoder_layers=1    avg_loss: 0.000000037647  time_per_window : 0.000679   progress : 0.612
name: epochs=5
dataset.training_size=1500000
batch_size=128
models.architecture.n_encoder_layers=1    avg_loss: 0.000000033949  time_per_window : 0.000564   progress : 0.623
name: epochs=5
dataset.training_size=1500000
batch_size=128
models.architecture.n_encoder_layers=1    avg_loss: 0.000000034284  time_per_window : 0.000628   progress : 0.634
name: epochs=5
dataset.training_size=1500000
batch_size=128
models.architecture.n_encoder_layers=1    avg_loss: 0.000000033966  time_per_window : 0.000621   progress : 0.644
name: epochs=5
dataset.training_size=1500000
batch_size=128
models.architecture.n_encoder_layers=1    avg_loss: 0.000000038511  time_per_window : 0.000630   progress : 0.655
name: epochs=5
dataset.training_size=1500000
batch_size=128
models.architecture.n_encoder_layers=1    avg_loss: 0.000000034525  time_per_window : 0.000618   progress : 0.666
name: epochs=5
dataset.training_size=1500000
batch_size=128
models.architecture.n_encoder_layers=1    avg_loss: 0.000000039103  time_per_window : 0.000621   progress : 0.677
name: epochs=5
dataset.training_size=1500000
batch_size=128
models.architecture.n_encoder_layers=1    avg_loss: 0.000000034810  time_per_window : 0.000582   progress : 0.688
name: epochs=5
dataset.training_size=1500000
batch_size=128
models.architecture.n_encoder_layers=1    avg_loss: 0.000000037615  time_per_window : 0.000627   progress : 0.699
name: epochs=5
dataset.training_size=1500000
batch_size=128
models.architecture.n_encoder_layers=1    avg_loss: 0.000000036111  time_per_window : 0.000588   progress : 0.710
name: epochs=5
dataset.training_size=1500000
batch_size=128
models.architecture.n_encoder_layers=1    avg_loss: 0.000000033027  time_per_window : 0.000629   progress : 0.721
name: epochs=5
dataset.training_size=1500000
batch_size=128
models.architecture.n_encoder_layers=1    avg_loss: 0.000000034143  time_per_window : 0.000583   progress : 0.732
name: epochs=5
dataset.training_size=1500000
batch_size=128
models.architecture.n_encoder_layers=1    avg_loss: 0.000000034551  time_per_window : 0.000622   progress : 0.743
name: epochs=5
dataset.training_size=1500000
batch_size=128
models.architecture.n_encoder_layers=1    avg_loss: 0.000000034962  time_per_window : 0.000579   progress : 0.754
name: epochs=5
dataset.training_size=1500000
batch_size=128
models.architecture.n_encoder_layers=1    avg_loss: 0.000000036778  time_per_window : 0.000641   progress : 0.765
name: epochs=5
dataset.training_size=1500000
batch_size=128
models.architecture.n_encoder_layers=1    avg_loss: 0.000000034053  time_per_window : 0.000643   progress : 0.775
name: epochs=5
dataset.training_size=1500000
batch_size=128
models.architecture.n_encoder_layers=1    avg_loss: 0.000000032327  time_per_window : 0.000614   progress : 0.786
name: epochs=5
dataset.training_size=1500000
batch_size=128
models.architecture.n_encoder_layers=1    avg_loss: 0.000000034055  time_per_window : 0.000571   progress : 0.797
name: epochs=5
dataset.training_size=1500000
batch_size=128
models.architecture.n_encoder_layers=1    avg_loss: 0.000000030844  time_per_window : 0.000512   progress : 0.808
name: epochs=5
dataset.training_size=1500000
batch_size=128
models.architecture.n_encoder_layers=1    avg_loss: 0.000000032930  time_per_window : 0.000616   progress : 0.819
name: epochs=5
dataset.training_size=1500000
batch_size=128
models.architecture.n_encoder_layers=1    avg_loss: 0.000000030070  time_per_window : 0.000641   progress : 0.830
name: epochs=5
dataset.training_size=1500000
batch_size=128
models.architecture.n_encoder_layers=1    avg_loss: 0.000000032502  time_per_window : 0.000574   progress : 0.841
name: epochs=5
dataset.training_size=1500000
batch_size=128
models.architecture.n_encoder_layers=1    avg_loss: 0.000000032700  time_per_window : 0.000630   progress : 0.852
name: epochs=5
dataset.training_size=1500000
batch_size=128
models.architecture.n_encoder_layers=1    avg_loss: 0.000000029176  time_per_window : 0.000608   progress : 0.863
name: epochs=5
dataset.training_size=1500000
batch_size=128
models.architecture.n_encoder_layers=1    avg_loss: 0.000000036731  time_per_window : 0.000582   progress : 0.874
name: epochs=5
dataset.training_size=1500000
batch_size=128
models.architecture.n_encoder_layers=1    avg_loss: 0.000000031514  time_per_window : 0.000578   progress : 0.885
name: epochs=5
dataset.training_size=1500000
batch_size=128
models.architecture.n_encoder_layers=1    avg_loss: 0.000000033719  time_per_window : 0.000640   progress : 0.896
name: epochs=5
dataset.training_size=1500000
batch_size=128
models.architecture.n_encoder_layers=1    avg_loss: 0.000000027866  time_per_window : 0.000597   progress : 0.907
name: epochs=5
dataset.training_size=1500000
batch_size=128
models.architecture.n_encoder_layers=1    avg_loss: 0.000000028960  time_per_window : 0.000609   progress : 0.917
name: epochs=5
dataset.training_size=1500000
batch_size=128
models.architecture.n_encoder_layers=1    avg_loss: 0.000000030616  time_per_window : 0.000589   progress : 0.928
name: epochs=5
dataset.training_size=1500000
batch_size=128
models.architecture.n_encoder_layers=1    avg_loss: 0.000000032943  time_per_window : 0.000613   progress : 0.939
name: epochs=5
dataset.training_size=1500000
batch_size=128
models.architecture.n_encoder_layers=1    avg_loss: 0.000000029994  time_per_window : 0.000606   progress : 0.950
name: epochs=5
dataset.training_size=1500000
batch_size=128
models.architecture.n_encoder_layers=1    avg_loss: 0.000000033085  time_per_window : 0.000607   progress : 0.961
name: epochs=5
dataset.training_size=1500000
batch_size=128
models.architecture.n_encoder_layers=1    avg_loss: 0.000000030038  time_per_window : 0.000584   progress : 0.972
name: epochs=5
dataset.training_size=1500000
batch_size=128
models.architecture.n_encoder_layers=1    avg_loss: 0.000000027956  time_per_window : 0.000600   progress : 0.983
name: epochs=5
dataset.training_size=1500000
batch_size=128
models.architecture.n_encoder_layers=1    avg_loss: 0.000000032619  time_per_window : 0.000636   progress : 0.994
name: epochs=5
dataset.training_size=1500000
batch_size=128
models.architecture.n_encoder_layers=1    avg_loss: 0.000003113020  time_per_window : 0.000599   progress : 0.011
name: epochs=5
dataset.training_size=1500000
batch_size=128
models.architecture.n_encoder_layers=1    avg_loss: 0.000000166121  time_per_window : 0.000676   progress : 0.022
name: epochs=5
dataset.training_size=1500000
batch_size=128
models.architecture.n_encoder_layers=1    avg_loss: 0.000000144680  time_per_window : 0.000639   progress : 0.033
name: epochs=5
dataset.training_size=1500000
batch_size=128
models.architecture.n_encoder_layers=1    avg_loss: 0.000000121896  time_per_window : 0.000604   progress : 0.044
name: epochs=5
dataset.training_size=1500000
batch_size=128
models.architecture.n_encoder_layers=1    avg_loss: 0.000000101611  time_per_window : 0.000586   progress : 0.055
name: epochs=5
dataset.training_size=1500000
batch_size=128
models.architecture.n_encoder_layers=1    avg_loss: 0.000000100011  time_per_window : 0.000616   progress : 0.066
name: epochs=5
dataset.training_size=1500000
batch_size=128
models.architecture.n_encoder_layers=1    avg_loss: 0.000000100214  time_per_window : 0.000598   progress : 0.076
name: epochs=5
dataset.training_size=1500000
batch_size=128
models.architecture.n_encoder_layers=1    avg_loss: 0.000000091033  time_per_window : 0.000625   progress : 0.087
name: epochs=5
dataset.training_size=1500000
batch_size=128
models.architecture.n_encoder_layers=1    avg_loss: 0.000000093695  time_per_window : 0.000576   progress : 0.098
name: epochs=5
dataset.training_size=1500000
batch_size=128
models.architecture.n_encoder_layers=1    avg_loss: 0.000000103821  time_per_window : 0.000593   progress : 0.109
name: epochs=5
dataset.training_size=1500000
batch_size=128
models.architecture.n_encoder_layers=1    avg_loss: 0.000000103246  time_per_window : 0.000593   progress : 0.120
name: epochs=5
dataset.training_size=1500000
batch_size=128
models.architecture.n_encoder_layers=1    avg_loss: 0.000000099882  time_per_window : 0.000627   progress : 0.131
name: epochs=5
dataset.training_size=1500000
batch_size=128
models.architecture.n_encoder_layers=1    avg_loss: 0.000000099902  time_per_window : 0.000629   progress : 0.142
name: epochs=5
dataset.training_size=1500000
batch_size=128
models.architecture.n_encoder_layers=1    avg_loss: 0.000000126010  time_per_window : 0.000637   progress : 0.153
name: epochs=5
dataset.training_size=1500000
batch_size=128
models.architecture.n_encoder_layers=1    avg_loss: 0.000000106819  time_per_window : 0.000610   progress : 0.164
name: epochs=5
dataset.training_size=1500000
batch_size=128
models.architecture.n_encoder_layers=1    avg_loss: 0.000000106632  time_per_window : 0.000624   progress : 0.175
name: epochs=5
dataset.training_size=1500000
batch_size=128
models.architecture.n_encoder_layers=1    avg_loss: 0.000000115444  time_per_window : 0.000633   progress : 0.186
name: epochs=5
dataset.training_size=1500000
batch_size=128
models.architecture.n_encoder_layers=1    avg_loss: 0.000000101006  time_per_window : 0.000601   progress : 0.197
name: epochs=5
dataset.training_size=1500000
batch_size=128
models.architecture.n_encoder_layers=1    avg_loss: 0.000000096938  time_per_window : 0.000645   progress : 0.208
name: epochs=5
dataset.training_size=1500000
batch_size=128
models.architecture.n_encoder_layers=1    avg_loss: 0.000000109910  time_per_window : 0.000628   progress : 0.218
name: epochs=5
dataset.training_size=1500000
batch_size=128
models.architecture.n_encoder_layers=1    avg_loss: 0.000000094505  time_per_window : 0.000574   progress : 0.229
name: epochs=5
dataset.training_size=1500000
batch_size=128
models.architecture.n_encoder_layers=1    avg_loss: 0.000000107216  time_per_window : 0.000583   progress : 0.240
name: epochs=5
dataset.training_size=1500000
batch_size=128
models.architecture.n_encoder_layers=1    avg_loss: 0.000000124329  time_per_window : 0.000610   progress : 0.251
name: epochs=5
dataset.training_size=1500000
batch_size=128
models.architecture.n_encoder_layers=1    avg_loss: 0.000000099933  time_per_window : 0.000580   progress : 0.262
name: epochs=5
dataset.training_size=1500000
batch_size=128
models.architecture.n_encoder_layers=1    avg_loss: 0.000000105305  time_per_window : 0.000630   progress : 0.273
name: epochs=5
dataset.training_size=1500000
batch_size=128
models.architecture.n_encoder_layers=1    avg_loss: 0.000000113797  time_per_window : 0.000562   progress : 0.284
name: epochs=5
dataset.training_size=1500000
batch_size=128
models.architecture.n_encoder_layers=1    avg_loss: 0.000000117268  time_per_window : 0.000572   progress : 0.295
name: epochs=5
dataset.training_size=1500000
batch_size=128
models.architecture.n_encoder_layers=1    avg_loss: 0.000000107425  time_per_window : 0.000619   progress : 0.306
name: epochs=5
dataset.training_size=1500000
batch_size=128
models.architecture.n_encoder_layers=1    avg_loss: 0.000000114661  time_per_window : 0.000605   progress : 0.317
name: epochs=5
dataset.training_size=1500000
batch_size=128
models.architecture.n_encoder_layers=1    avg_loss: 0.000000108137  time_per_window : 0.000609   progress : 0.328
name: epochs=5
dataset.training_size=1500000
batch_size=128
models.architecture.n_encoder_layers=1    avg_loss: 0.000000110029  time_per_window : 0.000580   progress : 0.339
name: epochs=5
dataset.training_size=1500000
batch_size=128
models.architecture.n_encoder_layers=1    avg_loss: 0.000000109130  time_per_window : 0.000583   progress : 0.350
name: epochs=5
dataset.training_size=1500000
batch_size=128
models.architecture.n_encoder_layers=1    avg_loss: 0.000000106523  time_per_window : 0.000642   progress : 0.360
name: epochs=5
dataset.training_size=1500000
batch_size=128
models.architecture.n_encoder_layers=1    avg_loss: 0.000000095565  time_per_window : 0.000618   progress : 0.371
name: epochs=5
dataset.training_size=1500000
batch_size=128
models.architecture.n_encoder_layers=1    avg_loss: 0.000000139063  time_per_window : 0.000582   progress : 0.382
name: epochs=5
dataset.training_size=1500000
batch_size=128
models.architecture.n_encoder_layers=1    avg_loss: 0.000000097159  time_per_window : 0.000610   progress : 0.393
name: epochs=5
dataset.training_size=1500000
batch_size=128
models.architecture.n_encoder_layers=1    avg_loss: 0.000000107479  time_per_window : 0.000559   progress : 0.404
name: epochs=5
dataset.training_size=1500000
batch_size=128
models.architecture.n_encoder_layers=1    avg_loss: 0.000000103592  time_per_window : 0.000564   progress : 0.415
name: epochs=5
dataset.training_size=1500000
batch_size=128
models.architecture.n_encoder_layers=1    avg_loss: 0.000000093864  time_per_window : 0.000630   progress : 0.426
name: epochs=5
dataset.training_size=1500000
batch_size=128
models.architecture.n_encoder_layers=1    avg_loss: 0.000000087577  time_per_window : 0.000616   progress : 0.437
name: epochs=5
dataset.training_size=1500000
batch_size=128
models.architecture.n_encoder_layers=1    avg_loss: 0.000000118554  time_per_window : 0.000611   progress : 0.448
name: epochs=5
dataset.training_size=1500000
batch_size=128
models.architecture.n_encoder_layers=1    avg_loss: 0.000000098088  time_per_window : 0.000590   progress : 0.459
name: epochs=5
dataset.training_size=1500000
batch_size=128
models.architecture.n_encoder_layers=1    avg_loss: 0.000000093868  time_per_window : 0.000633   progress : 0.470
name: epochs=5
dataset.training_size=1500000
batch_size=128
models.architecture.n_encoder_layers=1    avg_loss: 0.000000092835  time_per_window : 0.000595   progress : 0.481
name: epochs=5
dataset.training_size=1500000
batch_size=128
models.architecture.n_encoder_layers=1    avg_loss: 0.000000093244  time_per_window : 0.000606   progress : 0.492
name: epochs=5
dataset.training_size=1500000
batch_size=128
models.architecture.n_encoder_layers=1    avg_loss: 0.000000110066  time_per_window : 0.000595   progress : 0.502
name: epochs=5
dataset.training_size=1500000
batch_size=128
models.architecture.n_encoder_layers=1    avg_loss: 0.000000093958  time_per_window : 0.000653   progress : 0.513
name: epochs=5
dataset.training_size=1500000
batch_size=128
models.architecture.n_encoder_layers=1    avg_loss: 0.000000101739  time_per_window : 0.000585   progress : 0.524
name: epochs=5
dataset.training_size=1500000
batch_size=128
models.architecture.n_encoder_layers=1    avg_loss: 0.000000102698  time_per_window : 0.000611   progress : 0.535
name: epochs=5
dataset.training_size=1500000
batch_size=128
models.architecture.n_encoder_layers=1    avg_loss: 0.000000110046  time_per_window : 0.000634   progress : 0.546
name: epochs=5
dataset.training_size=1500000
batch_size=128
models.architecture.n_encoder_layers=1    avg_loss: 0.000000115842  time_per_window : 0.000595   progress : 0.557
name: epochs=5
dataset.training_size=1500000
batch_size=128
models.architecture.n_encoder_layers=1    avg_loss: 0.000000101962  time_per_window : 0.000599   progress : 0.568
name: epochs=5
dataset.training_size=1500000
batch_size=128
models.architecture.n_encoder_layers=1    avg_loss: 0.000000083292  time_per_window : 0.000613   progress : 0.579
name: epochs=5
dataset.training_size=1500000
batch_size=128
models.architecture.n_encoder_layers=1    avg_loss: 0.000000099215  time_per_window : 0.000626   progress : 0.590
name: epochs=5
dataset.training_size=1500000
batch_size=128
models.architecture.n_encoder_layers=1    avg_loss: 0.000000093040  time_per_window : 0.000594   progress : 0.601
name: epochs=5
dataset.training_size=1500000
batch_size=128
models.architecture.n_encoder_layers=1    avg_loss: 0.000000111867  time_per_window : 0.000646   progress : 0.612
name: epochs=5
dataset.training_size=1500000
batch_size=128
models.architecture.n_encoder_layers=1    avg_loss: 0.000000087680  time_per_window : 0.000644   progress : 0.623
name: epochs=5
dataset.training_size=1500000
batch_size=128
models.architecture.n_encoder_layers=1    avg_loss: 0.000000106879  time_per_window : 0.000616   progress : 0.634
name: epochs=5
dataset.training_size=1500000
batch_size=128
models.architecture.n_encoder_layers=1    avg_loss: 0.000000095972  time_per_window : 0.000627   progress : 0.644
name: epochs=5
dataset.training_size=1500000
batch_size=128
models.architecture.n_encoder_layers=1    avg_loss: 0.000000109249  time_per_window : 0.000570   progress : 0.655
name: epochs=5
dataset.training_size=1500000
batch_size=128
models.architecture.n_encoder_layers=1    avg_loss: 0.000000084660  time_per_window : 0.000610   progress : 0.666
name: epochs=5
dataset.training_size=1500000
batch_size=128
models.architecture.n_encoder_layers=1    avg_loss: 0.000000094645  time_per_window : 0.000624   progress : 0.677
name: epochs=5
dataset.training_size=1500000
batch_size=128
models.architecture.n_encoder_layers=1    avg_loss: 0.000000105602  time_per_window : 0.000595   progress : 0.688
name: epochs=5
dataset.training_size=1500000
batch_size=128
models.architecture.n_encoder_layers=1    avg_loss: 0.000000104694  time_per_window : 0.000672   progress : 0.699
name: epochs=5
dataset.training_size=1500000
batch_size=128
models.architecture.n_encoder_layers=1    avg_loss: 0.000000101407  time_per_window : 0.000614   progress : 0.710
name: epochs=5
dataset.training_size=1500000
batch_size=128
models.architecture.n_encoder_layers=1    avg_loss: 0.000000098228  time_per_window : 0.000634   progress : 0.721
name: epochs=5
dataset.training_size=1500000
batch_size=128
models.architecture.n_encoder_layers=1    avg_loss: 0.000000102706  time_per_window : 0.000612   progress : 0.732
name: epochs=5
dataset.training_size=1500000
batch_size=128
models.architecture.n_encoder_layers=1    avg_loss: 0.000000103630  time_per_window : 0.000596   progress : 0.743
name: epochs=5
dataset.training_size=1500000
batch_size=128
models.architecture.n_encoder_layers=1    avg_loss: 0.000000092579  time_per_window : 0.000598   progress : 0.754
name: epochs=5
dataset.training_size=1500000
batch_size=128
models.architecture.n_encoder_layers=1    avg_loss: 0.000000092999  time_per_window : 0.000595   progress : 0.765
name: epochs=5
dataset.training_size=1500000
batch_size=128
models.architecture.n_encoder_layers=1    avg_loss: 0.000000101785  time_per_window : 0.000612   progress : 0.775
name: epochs=5
dataset.training_size=1500000
batch_size=128
models.architecture.n_encoder_layers=1    avg_loss: 0.000000091780  time_per_window : 0.000623   progress : 0.786
name: epochs=5
dataset.training_size=1500000
batch_size=128
models.architecture.n_encoder_layers=1    avg_loss: 0.000000100636  time_per_window : 0.000594   progress : 0.797
name: epochs=5
dataset.training_size=1500000
batch_size=128
models.architecture.n_encoder_layers=1    avg_loss: 0.000000086146  time_per_window : 0.000693   progress : 0.808
name: epochs=5
dataset.training_size=1500000
batch_size=128
models.architecture.n_encoder_layers=1    avg_loss: 0.000000105859  time_per_window : 0.000595   progress : 0.819
name: epochs=5
dataset.training_size=1500000
batch_size=128
models.architecture.n_encoder_layers=1    avg_loss: 0.000000091110  time_per_window : 0.000625   progress : 0.830
name: epochs=5
dataset.training_size=1500000
batch_size=128
models.architecture.n_encoder_layers=1    avg_loss: 0.000000107216  time_per_window : 0.000606   progress : 0.841
name: epochs=5
dataset.training_size=1500000
batch_size=128
models.architecture.n_encoder_layers=1    avg_loss: 0.000000095447  time_per_window : 0.000614   progress : 0.852
name: epochs=5
dataset.training_size=1500000
batch_size=128
models.architecture.n_encoder_layers=1    avg_loss: 0.000000096349  time_per_window : 0.000610   progress : 0.863
name: epochs=5
dataset.training_size=1500000
batch_size=128
models.architecture.n_encoder_layers=1    avg_loss: 0.000000093337  time_per_window : 0.000591   progress : 0.874
name: epochs=5
dataset.training_size=1500000
batch_size=128
models.architecture.n_encoder_layers=1    avg_loss: 0.000000096998  time_per_window : 0.000552   progress : 0.885
name: epochs=5
dataset.training_size=1500000
batch_size=128
models.architecture.n_encoder_layers=1    avg_loss: 0.000000088145  time_per_window : 0.000644   progress : 0.896
name: epochs=5
dataset.training_size=1500000
batch_size=128
models.architecture.n_encoder_layers=1    avg_loss: 0.000000087217  time_per_window : 0.000612   progress : 0.907
name: epochs=5
dataset.training_size=1500000
batch_size=128
models.architecture.n_encoder_layers=1    avg_loss: 0.000000101802  time_per_window : 0.000583   progress : 0.917
name: epochs=5
dataset.training_size=1500000
batch_size=128
models.architecture.n_encoder_layers=1    avg_loss: 0.000000094898  time_per_window : 0.000631   progress : 0.928
name: epochs=5
dataset.training_size=1500000
batch_size=128
models.architecture.n_encoder_layers=1    avg_loss: 0.000000082149  time_per_window : 0.000629   progress : 0.939
name: epochs=5
dataset.training_size=1500000
batch_size=128
models.architecture.n_encoder_layers=1    avg_loss: 0.000000086914  time_per_window : 0.000600   progress : 0.950
name: epochs=5
dataset.training_size=1500000
batch_size=128
models.architecture.n_encoder_layers=1    avg_loss: 0.000000097338  time_per_window : 0.000648   progress : 0.961
name: epochs=5
dataset.training_size=1500000
batch_size=128
models.architecture.n_encoder_layers=1    avg_loss: 0.000000091516  time_per_window : 0.000631   progress : 0.972
name: epochs=5
dataset.training_size=1500000
batch_size=128
models.architecture.n_encoder_layers=1    avg_loss: 0.000000090019  time_per_window : 0.000620   progress : 0.983
name: epochs=5
dataset.training_size=1500000
batch_size=128
models.architecture.n_encoder_layers=1    avg_loss: 0.000000103042  time_per_window : 0.000690   progress : 0.994
name: epochs=5
dataset.training_size=1500000
batch_size=128
models.architecture.n_encoder_layers=1    avg_loss: 0.000061863640  time_per_window : 0.000569   progress : 0.011
name: epochs=5
dataset.training_size=1500000
batch_size=128
models.architecture.n_encoder_layers=1    avg_loss: 0.000005947546  time_per_window : 0.000626   progress : 0.022
name: epochs=5
dataset.training_size=1500000
batch_size=128
models.architecture.n_encoder_layers=1    avg_loss: 0.000005186901  time_per_window : 0.000598   progress : 0.033
name: epochs=5
dataset.training_size=1500000
batch_size=128
models.architecture.n_encoder_layers=1    avg_loss: 0.000003616027  time_per_window : 0.000605   progress : 0.044
name: epochs=5
dataset.training_size=1500000
batch_size=128
models.architecture.n_encoder_layers=1    avg_loss: 0.000003043735  time_per_window : 0.000610   progress : 0.055
name: epochs=5
dataset.training_size=1500000
batch_size=128
models.architecture.n_encoder_layers=1    avg_loss: 0.000002940676  time_per_window : 0.000638   progress : 0.066
name: epochs=5
dataset.training_size=1500000
batch_size=128
models.architecture.n_encoder_layers=1    avg_loss: 0.000002543771  time_per_window : 0.000603   progress : 0.076
name: epochs=5
dataset.training_size=1500000
batch_size=128
models.architecture.n_encoder_layers=1    avg_loss: 0.000002776346  time_per_window : 0.000632   progress : 0.087
name: epochs=5
dataset.training_size=1500000
batch_size=128
models.architecture.n_encoder_layers=1    avg_loss: 0.000002837269  time_per_window : 0.000592   progress : 0.098
name: epochs=5
dataset.training_size=1500000
batch_size=128
models.architecture.n_encoder_layers=1    avg_loss: 0.000002469644  time_per_window : 0.000589   progress : 0.109
name: epochs=5
dataset.training_size=1500000
batch_size=128
models.architecture.n_encoder_layers=1    avg_loss: 0.000002729666  time_per_window : 0.000577   progress : 0.120
name: epochs=5
dataset.training_size=1500000
batch_size=128
models.architecture.n_encoder_layers=1    avg_loss: 0.000003105460  time_per_window : 0.000655   progress : 0.131
name: epochs=5
dataset.training_size=1500000
batch_size=128
models.architecture.n_encoder_layers=1    avg_loss: 0.000002436562  time_per_window : 0.000579   progress : 0.142
name: epochs=5
dataset.training_size=1500000
batch_size=128
models.architecture.n_encoder_layers=1    avg_loss: 0.000002623145  time_per_window : 0.000609   progress : 0.153
name: epochs=5
dataset.training_size=1500000
batch_size=128
models.architecture.n_encoder_layers=1    avg_loss: 0.000002212182  time_per_window : 0.000631   progress : 0.164
name: epochs=5
dataset.training_size=1500000
batch_size=128
models.architecture.n_encoder_layers=1    avg_loss: 0.000002422566  time_per_window : 0.000650   progress : 0.175
name: epochs=5
dataset.training_size=1500000
batch_size=128
models.architecture.n_encoder_layers=1    avg_loss: 0.000003000714  time_per_window : 0.000635   progress : 0.186
name: epochs=5
dataset.training_size=1500000
batch_size=128
models.architecture.n_encoder_layers=1    avg_loss: 0.000003179649  time_per_window : 0.000660   progress : 0.197
name: epochs=5
dataset.training_size=1500000
batch_size=128
models.architecture.n_encoder_layers=1    avg_loss: 0.000002964273  time_per_window : 0.000603   progress : 0.208
name: epochs=5
dataset.training_size=1500000
batch_size=128
models.architecture.n_encoder_layers=1    avg_loss: 0.000002428614  time_per_window : 0.000654   progress : 0.218
name: epochs=5
dataset.training_size=1500000
batch_size=128
models.architecture.n_encoder_layers=1    avg_loss: 0.000002289086  time_per_window : 0.000625   progress : 0.229
name: epochs=5
dataset.training_size=1500000
batch_size=128
models.architecture.n_encoder_layers=1    avg_loss: 0.000002907914  time_per_window : 0.000608   progress : 0.240
name: epochs=5
dataset.training_size=1500000
batch_size=128
models.architecture.n_encoder_layers=1    avg_loss: 0.000002955756  time_per_window : 0.000644   progress : 0.251
name: epochs=5
dataset.training_size=1500000
batch_size=128
models.architecture.n_encoder_layers=1    avg_loss: 0.000002651908  time_per_window : 0.000609   progress : 0.262
name: epochs=5
dataset.training_size=1500000
batch_size=128
models.architecture.n_encoder_layers=1    avg_loss: 0.000002407287  time_per_window : 0.000717   progress : 0.273
name: epochs=5
dataset.training_size=1500000
batch_size=128
models.architecture.n_encoder_layers=1    avg_loss: 0.000002816044  time_per_window : 0.000642   progress : 0.284
name: epochs=5
dataset.training_size=1500000
batch_size=128
models.architecture.n_encoder_layers=1    avg_loss: 0.000002746430  time_per_window : 0.000630   progress : 0.295
name: epochs=5
dataset.training_size=1500000
batch_size=128
models.architecture.n_encoder_layers=1    avg_loss: 0.000002926092  time_per_window : 0.000604   progress : 0.306
name: epochs=5
dataset.training_size=1500000
batch_size=128
models.architecture.n_encoder_layers=1    avg_loss: 0.000002769105  time_per_window : 0.000590   progress : 0.317
name: epochs=5
dataset.training_size=1500000
batch_size=128
models.architecture.n_encoder_layers=1    avg_loss: 0.000003000069  time_per_window : 0.000610   progress : 0.328
name: epochs=5
dataset.training_size=1500000
batch_size=128
models.architecture.n_encoder_layers=1    avg_loss: 0.000003264170  time_per_window : 0.000665   progress : 0.339
name: epochs=5
dataset.training_size=1500000
batch_size=128
models.architecture.n_encoder_layers=1    avg_loss: 0.000002386918  time_per_window : 0.000617   progress : 0.350
name: epochs=5
dataset.training_size=1500000
batch_size=128
models.architecture.n_encoder_layers=1    avg_loss: 0.000002815161  time_per_window : 0.000644   progress : 0.360
name: epochs=5
dataset.training_size=1500000
batch_size=128
models.architecture.n_encoder_layers=1    avg_loss: 0.000002658228  time_per_window : 0.000617   progress : 0.371
name: epochs=5
dataset.training_size=1500000
batch_size=128
models.architecture.n_encoder_layers=1    avg_loss: 0.000003186267  time_per_window : 0.000637   progress : 0.382
name: epochs=5
dataset.training_size=1500000
batch_size=128
models.architecture.n_encoder_layers=1    avg_loss: 0.000002744914  time_per_window : 0.000611   progress : 0.393
name: epochs=5
dataset.training_size=1500000
batch_size=128
models.architecture.n_encoder_layers=1    avg_loss: 0.000002639657  time_per_window : 0.000637   progress : 0.404
name: epochs=5
dataset.training_size=1500000
batch_size=128
models.architecture.n_encoder_layers=1    avg_loss: 0.000002979808  time_per_window : 0.000650   progress : 0.415
name: epochs=5
dataset.training_size=1500000
batch_size=128
models.architecture.n_encoder_layers=1    avg_loss: 0.000002553918  time_per_window : 0.000561   progress : 0.426
name: epochs=5
dataset.training_size=1500000
batch_size=128
models.architecture.n_encoder_layers=1    avg_loss: 0.000002324743  time_per_window : 0.000623   progress : 0.437
name: epochs=5
dataset.training_size=1500000
batch_size=128
models.architecture.n_encoder_layers=1    avg_loss: 0.000002728799  time_per_window : 0.000597   progress : 0.448
name: epochs=5
dataset.training_size=1500000
batch_size=128
models.architecture.n_encoder_layers=1    avg_loss: 0.000002264647  time_per_window : 0.000596   progress : 0.459
name: epochs=5
dataset.training_size=1500000
batch_size=128
models.architecture.n_encoder_layers=1    avg_loss: 0.000002479633  time_per_window : 0.000660   progress : 0.470
name: epochs=5
dataset.training_size=1500000
batch_size=128
models.architecture.n_encoder_layers=1    avg_loss: 0.000002807533  time_per_window : 0.000628   progress : 0.481
name: epochs=5
dataset.training_size=1500000
batch_size=128
models.architecture.n_encoder_layers=1    avg_loss: 0.000002468958  time_per_window : 0.000645   progress : 0.492
name: epochs=5
dataset.training_size=1500000
batch_size=128
models.architecture.n_encoder_layers=1    avg_loss: 0.000002391967  time_per_window : 0.000628   progress : 0.502
name: epochs=5
dataset.training_size=1500000
batch_size=128
models.architecture.n_encoder_layers=1    avg_loss: 0.000002036650  time_per_window : 0.000615   progress : 0.513
name: epochs=5
dataset.training_size=1500000
batch_size=128
models.architecture.n_encoder_layers=1    avg_loss: 0.000002664364  time_per_window : 0.000582   progress : 0.524
name: epochs=5
dataset.training_size=1500000
batch_size=128
models.architecture.n_encoder_layers=1    avg_loss: 0.000002504529  time_per_window : 0.000648   progress : 0.535
name: epochs=5
dataset.training_size=1500000
batch_size=128
models.architecture.n_encoder_layers=1    avg_loss: 0.000002405923  time_per_window : 0.000619   progress : 0.546
name: epochs=5
dataset.training_size=1500000
batch_size=128
models.architecture.n_encoder_layers=1    avg_loss: 0.000002327959  time_per_window : 0.000615   progress : 0.557
name: epochs=5
dataset.training_size=1500000
batch_size=128
models.architecture.n_encoder_layers=1    avg_loss: 0.000002927931  time_per_window : 0.000659   progress : 0.568
name: epochs=5
dataset.training_size=1500000
batch_size=128
models.architecture.n_encoder_layers=1    avg_loss: 0.000002579827  time_per_window : 0.000657   progress : 0.579
name: epochs=5
dataset.training_size=1500000
batch_size=128
models.architecture.n_encoder_layers=1    avg_loss: 0.000002617921  time_per_window : 0.000615   progress : 0.590
name: epochs=5
dataset.training_size=1500000
batch_size=128
models.architecture.n_encoder_layers=1    avg_loss: 0.000002629880  time_per_window : 0.000577   progress : 0.601
name: epochs=5
dataset.training_size=1500000
batch_size=128
models.architecture.n_encoder_layers=1    avg_loss: 0.000003153429  time_per_window : 0.000574   progress : 0.612
name: epochs=5
dataset.training_size=1500000
batch_size=128
models.architecture.n_encoder_layers=1    avg_loss: 0.000002213108  time_per_window : 0.000601   progress : 0.623
name: epochs=5
dataset.training_size=1500000
batch_size=128
models.architecture.n_encoder_layers=1    avg_loss: 0.000002727806  time_per_window : 0.000586   progress : 0.634
name: epochs=5
dataset.training_size=1500000
batch_size=128
models.architecture.n_encoder_layers=1    avg_loss: 0.000002585829  time_per_window : 0.000639   progress : 0.644
name: epochs=5
dataset.training_size=1500000
batch_size=128
models.architecture.n_encoder_layers=1    avg_loss: 0.000002368674  time_per_window : 0.000658   progress : 0.655
name: epochs=5
dataset.training_size=1500000
batch_size=128
models.architecture.n_encoder_layers=1    avg_loss: 0.000002777422  time_per_window : 0.000617   progress : 0.666
name: epochs=5
dataset.training_size=1500000
batch_size=128
models.architecture.n_encoder_layers=1    avg_loss: 0.000002384191  time_per_window : 0.000628   progress : 0.677
name: epochs=5
dataset.training_size=1500000
batch_size=128
models.architecture.n_encoder_layers=1    avg_loss: 0.000002326132  time_per_window : 0.000663   progress : 0.688
name: epochs=5
dataset.training_size=1500000
batch_size=128
models.architecture.n_encoder_layers=1    avg_loss: 0.000002532699  time_per_window : 0.000654   progress : 0.699
name: epochs=5
dataset.training_size=1500000
batch_size=128
models.architecture.n_encoder_layers=1    avg_loss: 0.000002360879  time_per_window : 0.000611   progress : 0.710
name: epochs=5
dataset.training_size=1500000
batch_size=128
models.architecture.n_encoder_layers=1    avg_loss: 0.000002562979  time_per_window : 0.000606   progress : 0.721
name: epochs=5
dataset.training_size=1500000
batch_size=128
models.architecture.n_encoder_layers=1    avg_loss: 0.000002375148  time_per_window : 0.000622   progress : 0.732
name: epochs=5
dataset.training_size=1500000
batch_size=128
models.architecture.n_encoder_layers=1    avg_loss: 0.000002770004  time_per_window : 0.000631   progress : 0.743
name: epochs=5
dataset.training_size=1500000
batch_size=128
models.architecture.n_encoder_layers=1    avg_loss: 0.000002747704  time_per_window : 0.000624   progress : 0.754
name: epochs=5
dataset.training_size=1500000
batch_size=128
models.architecture.n_encoder_layers=1    avg_loss: 0.000002667324  time_per_window : 0.000633   progress : 0.765
name: epochs=5
dataset.training_size=1500000
batch_size=128
models.architecture.n_encoder_layers=1    avg_loss: 0.000002465027  time_per_window : 0.000610   progress : 0.775
name: epochs=5
dataset.training_size=1500000
batch_size=128
models.architecture.n_encoder_layers=1    avg_loss: 0.000002386837  time_per_window : 0.000645   progress : 0.786
name: epochs=5
dataset.training_size=1500000
batch_size=128
models.architecture.n_encoder_layers=1    avg_loss: 0.000002883081  time_per_window : 0.000626   progress : 0.797
name: epochs=5
dataset.training_size=1500000
batch_size=128
models.architecture.n_encoder_layers=1    avg_loss: 0.000002470773  time_per_window : 0.000581   progress : 0.808
name: epochs=5
dataset.training_size=1500000
batch_size=128
models.architecture.n_encoder_layers=1    avg_loss: 0.000002571637  time_per_window : 0.000626   progress : 0.819
name: epochs=5
dataset.training_size=1500000
batch_size=128
models.architecture.n_encoder_layers=1    avg_loss: 0.000002126754  time_per_window : 0.000701   progress : 0.830
name: epochs=5
dataset.training_size=1500000
batch_size=128
models.architecture.n_encoder_layers=1    avg_loss: 0.000002772812  time_per_window : 0.000574   progress : 0.841
name: epochs=5
dataset.training_size=1500000
batch_size=128
models.architecture.n_encoder_layers=1    avg_loss: 0.000002509628  time_per_window : 0.000618   progress : 0.852
name: epochs=5
dataset.training_size=1500000
batch_size=128
models.architecture.n_encoder_layers=1    avg_loss: 0.000002474738  time_per_window : 0.000565   progress : 0.863
name: epochs=5
dataset.training_size=1500000
batch_size=128
models.architecture.n_encoder_layers=1    avg_loss: 0.000002174000  time_per_window : 0.000621   progress : 0.874
name: epochs=5
dataset.training_size=1500000
batch_size=128
models.architecture.n_encoder_layers=1    avg_loss: 0.000002285431  time_per_window : 0.000653   progress : 0.885
name: epochs=5
dataset.training_size=1500000
batch_size=128
models.architecture.n_encoder_layers=1    avg_loss: 0.000002284101  time_per_window : 0.000593   progress : 0.896
name: epochs=5
dataset.training_size=1500000
batch_size=128
models.architecture.n_encoder_layers=1    avg_loss: 0.000002594474  time_per_window : 0.000573   progress : 0.907
name: epochs=5
dataset.training_size=1500000
batch_size=128
models.architecture.n_encoder_layers=1    avg_loss: 0.000002157201  time_per_window : 0.000584   progress : 0.917
name: epochs=5
dataset.training_size=1500000
batch_size=128
models.architecture.n_encoder_layers=1    avg_loss: 0.000002537858  time_per_window : 0.000620   progress : 0.928
name: epochs=5
dataset.training_size=1500000
batch_size=128
models.architecture.n_encoder_layers=1    avg_loss: 0.000002556145  time_per_window : 0.000605   progress : 0.939
name: epochs=5
dataset.training_size=1500000
batch_size=128
models.architecture.n_encoder_layers=1    avg_loss: 0.000002025819  time_per_window : 0.000594   progress : 0.950
name: epochs=5
dataset.training_size=1500000
batch_size=128
models.architecture.n_encoder_layers=1    avg_loss: 0.000002487446  time_per_window : 0.000593   progress : 0.961
name: epochs=5
dataset.training_size=1500000
batch_size=128
models.architecture.n_encoder_layers=1    avg_loss: 0.000002312006  time_per_window : 0.000591   progress : 0.972
name: epochs=5
dataset.training_size=1500000
batch_size=128
models.architecture.n_encoder_layers=1    avg_loss: 0.000002267996  time_per_window : 0.000642   progress : 0.983
name: epochs=5
dataset.training_size=1500000
batch_size=128
models.architecture.n_encoder_layers=1    avg_loss: 0.000002404494  time_per_window : 0.000591   progress : 0.994
name: epochs=5
dataset.training_size=1500000
batch_size=128
models.architecture.n_encoder_layers=1    avg_loss: 0.000008071495  time_per_window : 0.000627   progress : 0.011
name: epochs=5
dataset.training_size=1500000
batch_size=128
models.architecture.n_encoder_layers=1    avg_loss: 0.000005149964  time_per_window : 0.000665   progress : 0.022
name: epochs=5
dataset.training_size=1500000
batch_size=128
models.architecture.n_encoder_layers=1    avg_loss: 0.000004618184  time_per_window : 0.000630   progress : 0.033
name: epochs=5
dataset.training_size=1500000
batch_size=128
models.architecture.n_encoder_layers=1    avg_loss: 0.000004658256  time_per_window : 0.000634   progress : 0.044
name: epochs=5
dataset.training_size=1500000
batch_size=128
models.architecture.n_encoder_layers=1    avg_loss: 0.000004020326  time_per_window : 0.000594   progress : 0.055
name: epochs=5
dataset.training_size=1500000
batch_size=128
models.architecture.n_encoder_layers=1    avg_loss: 0.000004405358  time_per_window : 0.000614   progress : 0.066
name: epochs=5
dataset.training_size=1500000
batch_size=128
models.architecture.n_encoder_layers=1    avg_loss: 0.000004530015  time_per_window : 0.000635   progress : 0.076
name: epochs=5
dataset.training_size=1500000
batch_size=128
models.architecture.n_encoder_layers=1    avg_loss: 0.000004102537  time_per_window : 0.000574   progress : 0.087
name: epochs=5
dataset.training_size=1500000
batch_size=128
models.architecture.n_encoder_layers=1    avg_loss: 0.000005098158  time_per_window : 0.000569   progress : 0.098
name: epochs=5
dataset.training_size=1500000
batch_size=128
models.architecture.n_encoder_layers=1    avg_loss: 0.000003958024  time_per_window : 0.000585   progress : 0.109
name: epochs=5
dataset.training_size=1500000
batch_size=128
models.architecture.n_encoder_layers=1    avg_loss: 0.000004235779  time_per_window : 0.000591   progress : 0.120
name: epochs=5
dataset.training_size=1500000
batch_size=128
models.architecture.n_encoder_layers=1    avg_loss: 0.000004666470  time_per_window : 0.000585   progress : 0.131
name: epochs=5
dataset.training_size=1500000
batch_size=128
models.architecture.n_encoder_layers=1    avg_loss: 0.000003811640  time_per_window : 0.000612   progress : 0.142
name: epochs=5
dataset.training_size=1500000
batch_size=128
models.architecture.n_encoder_layers=1    avg_loss: 0.000004648456  time_per_window : 0.000605   progress : 0.153
name: epochs=5
dataset.training_size=1500000
batch_size=128
models.architecture.n_encoder_layers=1    avg_loss: 0.000003693147  time_per_window : 0.000633   progress : 0.164
name: epochs=5
dataset.training_size=1500000
batch_size=128
models.architecture.n_encoder_layers=1    avg_loss: 0.000004178076  time_per_window : 0.000628   progress : 0.175
name: epochs=5
dataset.training_size=1500000
batch_size=128
models.architecture.n_encoder_layers=1    avg_loss: 0.000004324876  time_per_window : 0.000605   progress : 0.186
name: epochs=5
dataset.training_size=1500000
batch_size=128
models.architecture.n_encoder_layers=1    avg_loss: 0.000004259393  time_per_window : 0.000626   progress : 0.197
name: epochs=5
dataset.training_size=1500000
batch_size=128
models.architecture.n_encoder_layers=1    avg_loss: 0.000004017159  time_per_window : 0.000634   progress : 0.208
name: epochs=5
dataset.training_size=1500000
batch_size=128
models.architecture.n_encoder_layers=1    avg_loss: 0.000003527157  time_per_window : 0.000636   progress : 0.218
name: epochs=5
dataset.training_size=1500000
batch_size=128
models.architecture.n_encoder_layers=1    avg_loss: 0.000004103486  time_per_window : 0.000606   progress : 0.229
name: epochs=5
dataset.training_size=1500000
batch_size=128
models.architecture.n_encoder_layers=1    avg_loss: 0.000004041584  time_per_window : 0.000622   progress : 0.240
name: epochs=5
dataset.training_size=1500000
batch_size=128
models.architecture.n_encoder_layers=1    avg_loss: 0.000004399876  time_per_window : 0.000632   progress : 0.251
name: epochs=5
dataset.training_size=1500000
batch_size=128
models.architecture.n_encoder_layers=1    avg_loss: 0.000003795631  time_per_window : 0.000599   progress : 0.262
name: epochs=5
dataset.training_size=1500000
batch_size=128
models.architecture.n_encoder_layers=1    avg_loss: 0.000003735207  time_per_window : 0.000628   progress : 0.273
name: epochs=5
dataset.training_size=1500000
batch_size=128
models.architecture.n_encoder_layers=1    avg_loss: 0.000003962784  time_per_window : 0.000580   progress : 0.284
name: epochs=5
dataset.training_size=1500000
batch_size=128
models.architecture.n_encoder_layers=1    avg_loss: 0.000004186368  time_per_window : 0.000635   progress : 0.295
name: epochs=5
dataset.training_size=1500000
batch_size=128
models.architecture.n_encoder_layers=1    avg_loss: 0.000004133977  time_per_window : 0.000644   progress : 0.306
name: epochs=5
dataset.training_size=1500000
batch_size=128
models.architecture.n_encoder_layers=1    avg_loss: 0.000003678322  time_per_window : 0.000608   progress : 0.317
name: epochs=5
dataset.training_size=1500000
batch_size=128
models.architecture.n_encoder_layers=1    avg_loss: 0.000004527105  time_per_window : 0.000685   progress : 0.328
name: epochs=5
dataset.training_size=1500000
batch_size=128
models.architecture.n_encoder_layers=1    avg_loss: 0.000004712618  time_per_window : 0.000622   progress : 0.339
name: epochs=5
dataset.training_size=1500000
batch_size=128
models.architecture.n_encoder_layers=1    avg_loss: 0.000003953938  time_per_window : 0.000594   progress : 0.350
name: epochs=5
dataset.training_size=1500000
batch_size=128
models.architecture.n_encoder_layers=1    avg_loss: 0.000004198481  time_per_window : 0.000601   progress : 0.360
name: epochs=5
dataset.training_size=1500000
batch_size=128
models.architecture.n_encoder_layers=1    avg_loss: 0.000003709057  time_per_window : 0.000610   progress : 0.371
name: epochs=5
dataset.training_size=1500000
batch_size=128
models.architecture.n_encoder_layers=1    avg_loss: 0.000004666625  time_per_window : 0.000625   progress : 0.382
name: epochs=5
dataset.training_size=1500000
batch_size=128
models.architecture.n_encoder_layers=1    avg_loss: 0.000004149285  time_per_window : 0.000603   progress : 0.393
name: epochs=5
dataset.training_size=1500000
batch_size=128
models.architecture.n_encoder_layers=1    avg_loss: 0.000003627459  time_per_window : 0.000594   progress : 0.404
name: epochs=5
dataset.training_size=1500000
batch_size=128
models.architecture.n_encoder_layers=1    avg_loss: 0.000004172260  time_per_window : 0.000677   progress : 0.415
name: epochs=5
dataset.training_size=1500000
batch_size=128
models.architecture.n_encoder_layers=1    avg_loss: 0.000003558227  time_per_window : 0.000605   progress : 0.426
name: epochs=5
dataset.training_size=1500000
batch_size=128
models.architecture.n_encoder_layers=1    avg_loss: 0.000004228129  time_per_window : 0.000628   progress : 0.437
name: epochs=5
dataset.training_size=1500000
batch_size=128
models.architecture.n_encoder_layers=1    avg_loss: 0.000003827712  time_per_window : 0.000680   progress : 0.448
name: epochs=5
dataset.training_size=1500000
batch_size=128
models.architecture.n_encoder_layers=1    avg_loss: 0.000003217658  time_per_window : 0.000585   progress : 0.459
name: epochs=5
dataset.training_size=1500000
batch_size=128
models.architecture.n_encoder_layers=1    avg_loss: 0.000003450181  time_per_window : 0.000648   progress : 0.470
name: epochs=5
dataset.training_size=1500000
batch_size=128
models.architecture.n_encoder_layers=1    avg_loss: 0.000004255556  time_per_window : 0.000632   progress : 0.481
name: epochs=5
dataset.training_size=1500000
batch_size=128
models.architecture.n_encoder_layers=1    avg_loss: 0.000003538648  time_per_window : 0.000600   progress : 0.492
name: epochs=5
dataset.training_size=1500000
batch_size=128
models.architecture.n_encoder_layers=1    avg_loss: 0.000004255048  time_per_window : 0.000635   progress : 0.502
name: epochs=5
dataset.training_size=1500000
batch_size=128
models.architecture.n_encoder_layers=1    avg_loss: 0.000003523903  time_per_window : 0.000607   progress : 0.513
name: epochs=5
dataset.training_size=1500000
batch_size=128
models.architecture.n_encoder_layers=1    avg_loss: 0.000003566551  time_per_window : 0.000581   progress : 0.524
name: epochs=5
dataset.training_size=1500000
batch_size=128
models.architecture.n_encoder_layers=1    avg_loss: 0.000003263382  time_per_window : 0.000687   progress : 0.535
name: epochs=5
dataset.training_size=1500000
batch_size=128
models.architecture.n_encoder_layers=1    avg_loss: 0.000003787004  time_per_window : 0.000637   progress : 0.546
name: epochs=5
dataset.training_size=1500000
batch_size=128
models.architecture.n_encoder_layers=1    avg_loss: 0.000003773931  time_per_window : 0.000644   progress : 0.557
name: epochs=5
dataset.training_size=1500000
batch_size=128
models.architecture.n_encoder_layers=1    avg_loss: 0.000003656473  time_per_window : 0.000609   progress : 0.568
name: epochs=5
dataset.training_size=1500000
batch_size=128
models.architecture.n_encoder_layers=1    avg_loss: 0.000003821715  time_per_window : 0.000603   progress : 0.579
name: epochs=5
dataset.training_size=1500000
batch_size=128
models.architecture.n_encoder_layers=1    avg_loss: 0.000003537167  time_per_window : 0.000656   progress : 0.590
name: epochs=5
dataset.training_size=1500000
batch_size=128
models.architecture.n_encoder_layers=1    avg_loss: 0.000003820971  time_per_window : 0.000589   progress : 0.601
name: epochs=5
dataset.training_size=1500000
batch_size=128
models.architecture.n_encoder_layers=1    avg_loss: 0.000004058060  time_per_window : 0.000596   progress : 0.612
name: epochs=5
dataset.training_size=1500000
batch_size=128
models.architecture.n_encoder_layers=1    avg_loss: 0.000003673254  time_per_window : 0.000619   progress : 0.623
name: epochs=5
dataset.training_size=1500000
batch_size=128
models.architecture.n_encoder_layers=1    avg_loss: 0.000004087085  time_per_window : 0.000612   progress : 0.634
name: epochs=5
dataset.training_size=1500000
batch_size=128
models.architecture.n_encoder_layers=1    avg_loss: 0.000003487202  time_per_window : 0.000563   progress : 0.644
name: epochs=5
dataset.training_size=1500000
batch_size=128
models.architecture.n_encoder_layers=1    avg_loss: 0.000003804465  time_per_window : 0.000633   progress : 0.655
name: epochs=5
dataset.training_size=1500000
batch_size=128
models.architecture.n_encoder_layers=1    avg_loss: 0.000003631215  time_per_window : 0.000640   progress : 0.666
name: epochs=5
dataset.training_size=1500000
batch_size=128
models.architecture.n_encoder_layers=1    avg_loss: 0.000003742613  time_per_window : 0.000619   progress : 0.677
name: epochs=5
dataset.training_size=1500000
batch_size=128
models.architecture.n_encoder_layers=1    avg_loss: 0.000003591712  time_per_window : 0.000656   progress : 0.688
name: epochs=5
dataset.training_size=1500000
batch_size=128
models.architecture.n_encoder_layers=1    avg_loss: 0.000003554657  time_per_window : 0.000633   progress : 0.699
name: epochs=5
dataset.training_size=1500000
batch_size=128
models.architecture.n_encoder_layers=1    avg_loss: 0.000003837033  time_per_window : 0.000620   progress : 0.710
name: epochs=5
dataset.training_size=1500000
batch_size=128
models.architecture.n_encoder_layers=1    avg_loss: 0.000003578377  time_per_window : 0.000619   progress : 0.721
name: epochs=5
dataset.training_size=1500000
batch_size=128
models.architecture.n_encoder_layers=1    avg_loss: 0.000003875993  time_per_window : 0.000568   progress : 0.732
name: epochs=5
dataset.training_size=1500000
batch_size=128
models.architecture.n_encoder_layers=1    avg_loss: 0.000003959715  time_per_window : 0.000623   progress : 0.743
name: epochs=5
dataset.training_size=1500000
batch_size=128
models.architecture.n_encoder_layers=1    avg_loss: 0.000004440054  time_per_window : 0.000626   progress : 0.754
name: epochs=5
dataset.training_size=1500000
batch_size=128
models.architecture.n_encoder_layers=1    avg_loss: 0.000003669087  time_per_window : 0.000611   progress : 0.765
name: epochs=5
dataset.training_size=1500000
batch_size=128
models.architecture.n_encoder_layers=1    avg_loss: 0.000003611304  time_per_window : 0.000622   progress : 0.775
name: epochs=5
dataset.training_size=1500000
batch_size=128
models.architecture.n_encoder_layers=1    avg_loss: 0.000003641947  time_per_window : 0.000603   progress : 0.786
name: epochs=5
dataset.training_size=1500000
batch_size=128
models.architecture.n_encoder_layers=1    avg_loss: 0.000003936157  time_per_window : 0.000636   progress : 0.797
name: epochs=5
dataset.training_size=1500000
batch_size=128
models.architecture.n_encoder_layers=1    avg_loss: 0.000003432771  time_per_window : 0.000651   progress : 0.808
name: epochs=5
dataset.training_size=1500000
batch_size=128
models.architecture.n_encoder_layers=1    avg_loss: 0.000003577608  time_per_window : 0.000635   progress : 0.819
name: epochs=5
dataset.training_size=1500000
batch_size=128
models.architecture.n_encoder_layers=1    avg_loss: 0.000003293252  time_per_window : 0.000621   progress : 0.830
name: epochs=5
dataset.training_size=1500000
batch_size=128
models.architecture.n_encoder_layers=1    avg_loss: 0.000003614451  time_per_window : 0.000629   progress : 0.841
name: epochs=5
dataset.training_size=1500000
batch_size=128
models.architecture.n_encoder_layers=1    avg_loss: 0.000003858803  time_per_window : 0.000615   progress : 0.852
name: epochs=5
dataset.training_size=1500000
batch_size=128
models.architecture.n_encoder_layers=1    avg_loss: 0.000004014181  time_per_window : 0.000592   progress : 0.863
name: epochs=5
dataset.training_size=1500000
batch_size=128
models.architecture.n_encoder_layers=1    avg_loss: 0.000003772434  time_per_window : 0.000683   progress : 0.874
name: epochs=5
dataset.training_size=1500000
batch_size=128
models.architecture.n_encoder_layers=1    avg_loss: 0.000003465136  time_per_window : 0.000659   progress : 0.885
name: epochs=5
dataset.training_size=1500000
batch_size=128
models.architecture.n_encoder_layers=1    avg_loss: 0.000003884809  time_per_window : 0.000628   progress : 0.896
name: epochs=5
dataset.training_size=1500000
batch_size=128
models.architecture.n_encoder_layers=1    avg_loss: 0.000003858606  time_per_window : 0.000644   progress : 0.907
name: epochs=5
dataset.training_size=1500000
batch_size=128
models.architecture.n_encoder_layers=1    avg_loss: 0.000003368343  time_per_window : 0.000611   progress : 0.917
name: epochs=5
dataset.training_size=1500000
batch_size=128
models.architecture.n_encoder_layers=1    avg_loss: 0.000003583716  time_per_window : 0.000623   progress : 0.928
name: epochs=5
dataset.training_size=1500000
batch_size=128
models.architecture.n_encoder_layers=1    avg_loss: 0.000004025722  time_per_window : 0.000618   progress : 0.939
name: epochs=5
dataset.training_size=1500000
batch_size=128
models.architecture.n_encoder_layers=1    avg_loss: 0.000003210577  time_per_window : 0.000633   progress : 0.950
name: epochs=5
dataset.training_size=1500000
batch_size=128
models.architecture.n_encoder_layers=1    avg_loss: 0.000003531206  time_per_window : 0.000692   progress : 0.961
name: epochs=5
dataset.training_size=1500000
batch_size=128
models.architecture.n_encoder_layers=1    avg_loss: 0.000003442962  time_per_window : 0.000625   progress : 0.972
name: epochs=5
dataset.training_size=1500000
batch_size=128
models.architecture.n_encoder_layers=1    avg_loss: 0.000003474195  time_per_window : 0.000590   progress : 0.983
name: epochs=5
dataset.training_size=1500000
batch_size=128
models.architecture.n_encoder_layers=1    avg_loss: 0.000003644874  time_per_window : 0.000606   progress : 0.994
DONE!!!
