/home/jdihardjo/miniconda3/envs/mavenv/lib/python3.11/site-packages/hydra/_internal/defaults_list.py:251: UserWarning: In 'config': Defaults list is missing `_self_`. See https://hydra.cc/docs/1.2/upgrades/1.0_to_1.1/default_composition_order for more information
  warnings.warn(msg, UserWarning)
Using cuda device
[2026-07-23 15:36:33,680][HYDRA] Joblib.Parallel(n_jobs=4,backend=loky,prefer=processes,require=None,verbose=0,timeout=None,pre_dispatch=2*n_jobs,batch_size=auto,temp_folder=None,max_nbytes=None,mmap_mode=r) is launching 1 jobs
[2026-07-23 15:36:33,680][HYDRA] Launching jobs, sweep output dir : ablation_runs/2026-07-23_15-36-25/cls_gml_out10
[2026-07-23 15:36:33,680][HYDRA] 	#0 : models.architecture.block_type=cls training.mode=gml_rollout models.out_dim=10
/home/jdihardjo/miniconda3/envs/mavenv/lib/python3.11/site-packages/hydra/_internal/defaults_list.py:251: UserWarning: In 'config': Defaults list is missing `_self_`. See https://hydra.cc/docs/1.2/upgrades/1.0_to_1.1/default_composition_order for more information
  warnings.warn(msg, UserWarning)
models:
  n_dim: 23
  out_dim: 10
  architecture:
    d_model: 128
    n_encoder_layers: 2
    n_decoder_layers: 0
    block_type: cls
    time_adapter: last_token
    in_norm: none
    out_norm: none
    layer_scale: 0.0001
    drop_path: 0.05
    mamba_type: mamba
    mamba_kwargs:
      d_state: 16
      d_conv: 2
      expand: 2
      norm: rms
    skip: false
    cls_kwargs:
      n_heads: 2
      n_mlp: 2
      positional_encoding: false
      max_len: 5000
input_len: 32
output_len: 1
batch_size: 128
epochs: 5
seed: 0
dataset:
  path: /home/jdihardjo/simdata/train.zarr/
  training_size: 1500000
evaluation:
  path: /home/jdihardjo/simdata/evaluation.zarr/
  evaluation_size: 50
training:
  mode: gml_rollout
  lr: 0.0002
  weight_decay: 0.1
  rollout_steps: 16
checkpoint:
  save_path: hydra-test.pth
  load: false
  path: hydra-test.pth
compile: true

/home/jdihardjo/miniconda3/envs/mavenv/lib/python3.11/site-packages/torch/_inductor/cudagraph_trees.py:2622: UserWarning: Unable to hit fast path of CUDAGraphs because outputs from a previous step still require backward. Ensure backward() is invoked or detach outputs. You may also call torch.compiler.cudagraph_mark_step_begin() before each model invocation.
  warnings.warn(
name: models.architecture.block_type=cls
training.mode=gml_rollout
models.out_dim=10    avg_loss: 0.000068849302  time_per_window : 0.000238   progress : 0.011
name: models.architecture.block_type=cls
training.mode=gml_rollout
models.out_dim=10    avg_loss: 0.000000299655  time_per_window : 0.000257   progress : 0.022
name: models.architecture.block_type=cls
training.mode=gml_rollout
models.out_dim=10    avg_loss: 0.000000203060  time_per_window : 0.000291   progress : 0.033
name: models.architecture.block_type=cls
training.mode=gml_rollout
models.out_dim=10    avg_loss: 0.000000181437  time_per_window : 0.000270   progress : 0.044
name: models.architecture.block_type=cls
training.mode=gml_rollout
models.out_dim=10    avg_loss: 0.000000165649  time_per_window : 0.000271   progress : 0.055
name: models.architecture.block_type=cls
training.mode=gml_rollout
models.out_dim=10    avg_loss: 0.000000147604  time_per_window : 0.000279   progress : 0.066
name: models.architecture.block_type=cls
training.mode=gml_rollout
models.out_dim=10    avg_loss: 0.000000133952  time_per_window : 0.000278   progress : 0.076
name: models.architecture.block_type=cls
training.mode=gml_rollout
models.out_dim=10    avg_loss: 0.000000125539  time_per_window : 0.000250   progress : 0.087
name: models.architecture.block_type=cls
training.mode=gml_rollout
models.out_dim=10    avg_loss: 0.000000112671  time_per_window : 0.000255   progress : 0.098
name: models.architecture.block_type=cls
training.mode=gml_rollout
models.out_dim=10    avg_loss: 0.000000107840  time_per_window : 0.000249   progress : 0.109
name: models.architecture.block_type=cls
training.mode=gml_rollout
models.out_dim=10    avg_loss: 0.000000097211  time_per_window : 0.000273   progress : 0.120
name: models.architecture.block_type=cls
training.mode=gml_rollout
models.out_dim=10    avg_loss: 0.000000086574  time_per_window : 0.000262   progress : 0.131
name: models.architecture.block_type=cls
training.mode=gml_rollout
models.out_dim=10    avg_loss: 0.000000086399  time_per_window : 0.000265   progress : 0.142
name: models.architecture.block_type=cls
training.mode=gml_rollout
models.out_dim=10    avg_loss: 0.000000083377  time_per_window : 0.000264   progress : 0.153
name: models.architecture.block_type=cls
training.mode=gml_rollout
models.out_dim=10    avg_loss: 0.000000076905  time_per_window : 0.000259   progress : 0.164
name: models.architecture.block_type=cls
training.mode=gml_rollout
models.out_dim=10    avg_loss: 0.000000078044  time_per_window : 0.000291   progress : 0.175
name: models.architecture.block_type=cls
training.mode=gml_rollout
models.out_dim=10    avg_loss: 0.000000074398  time_per_window : 0.000263   progress : 0.186
name: models.architecture.block_type=cls
training.mode=gml_rollout
models.out_dim=10    avg_loss: 0.000000078118  time_per_window : 0.000252   progress : 0.197
name: models.architecture.block_type=cls
training.mode=gml_rollout
models.out_dim=10    avg_loss: 0.000000078068  time_per_window : 0.000267   progress : 0.208
name: models.architecture.block_type=cls
training.mode=gml_rollout
models.out_dim=10    avg_loss: 0.000000090092  time_per_window : 0.000279   progress : 0.218
name: models.architecture.block_type=cls
training.mode=gml_rollout
models.out_dim=10    avg_loss: 0.000000093327  time_per_window : 0.000255   progress : 0.229
name: models.architecture.block_type=cls
training.mode=gml_rollout
models.out_dim=10    avg_loss: 0.000000087487  time_per_window : 0.000274   progress : 0.240
name: models.architecture.block_type=cls
training.mode=gml_rollout
models.out_dim=10    avg_loss: 0.000000122425  time_per_window : 0.000264   progress : 0.251
name: models.architecture.block_type=cls
training.mode=gml_rollout
models.out_dim=10    avg_loss: 0.000000095489  time_per_window : 0.000275   progress : 0.262
name: models.architecture.block_type=cls
training.mode=gml_rollout
models.out_dim=10    avg_loss: 0.000000114184  time_per_window : 0.000291   progress : 0.273
name: models.architecture.block_type=cls
training.mode=gml_rollout
models.out_dim=10    avg_loss: 0.000000102597  time_per_window : 0.000247   progress : 0.284
name: models.architecture.block_type=cls
training.mode=gml_rollout
models.out_dim=10    avg_loss: 0.000000105068  time_per_window : 0.000259   progress : 0.295
name: models.architecture.block_type=cls
training.mode=gml_rollout
models.out_dim=10    avg_loss: 0.000000112242  time_per_window : 0.000257   progress : 0.306
name: models.architecture.block_type=cls
training.mode=gml_rollout
models.out_dim=10    avg_loss: 0.000000123002  time_per_window : 0.000244   progress : 0.317
name: models.architecture.block_type=cls
training.mode=gml_rollout
models.out_dim=10    avg_loss: 0.000000095389  time_per_window : 0.000268   progress : 0.328
name: models.architecture.block_type=cls
training.mode=gml_rollout
models.out_dim=10    avg_loss: 0.000000108328  time_per_window : 0.000283   progress : 0.339
name: models.architecture.block_type=cls
training.mode=gml_rollout
models.out_dim=10    avg_loss: 0.000000127732  time_per_window : 0.000260   progress : 0.350
name: models.architecture.block_type=cls
training.mode=gml_rollout
models.out_dim=10    avg_loss: 0.000000094178  time_per_window : 0.000264   progress : 0.360
name: models.architecture.block_type=cls
training.mode=gml_rollout
models.out_dim=10    avg_loss: 0.000000105029  time_per_window : 0.000257   progress : 0.371
name: models.architecture.block_type=cls
training.mode=gml_rollout
models.out_dim=10    avg_loss: 0.000000108399  time_per_window : 0.000253   progress : 0.382
name: models.architecture.block_type=cls
training.mode=gml_rollout
models.out_dim=10    avg_loss: 0.000000111843  time_per_window : 0.000296   progress : 0.393
name: models.architecture.block_type=cls
training.mode=gml_rollout
models.out_dim=10    avg_loss: 0.000000119769  time_per_window : 0.000260   progress : 0.404
name: models.architecture.block_type=cls
training.mode=gml_rollout
models.out_dim=10    avg_loss: 0.000000089012  time_per_window : 0.000255   progress : 0.415
name: models.architecture.block_type=cls
training.mode=gml_rollout
models.out_dim=10    avg_loss: 0.000000094206  time_per_window : 0.000299   progress : 0.426
name: models.architecture.block_type=cls
training.mode=gml_rollout
models.out_dim=10    avg_loss: 0.000000099951  time_per_window : 0.000272   progress : 0.437
name: models.architecture.block_type=cls
training.mode=gml_rollout
models.out_dim=10    avg_loss: 0.000000103973  time_per_window : 0.000264   progress : 0.448
name: models.architecture.block_type=cls
training.mode=gml_rollout
models.out_dim=10    avg_loss: 0.000000109538  time_per_window : 0.000264   progress : 0.459
name: models.architecture.block_type=cls
training.mode=gml_rollout
models.out_dim=10    avg_loss: 0.000000093204  time_per_window : 0.000254   progress : 0.470
name: models.architecture.block_type=cls
training.mode=gml_rollout
models.out_dim=10    avg_loss: 0.000000095328  time_per_window : 0.000258   progress : 0.481
name: models.architecture.block_type=cls
training.mode=gml_rollout
models.out_dim=10    avg_loss: 0.000000097366  time_per_window : 0.000276   progress : 0.492
name: models.architecture.block_type=cls
training.mode=gml_rollout
models.out_dim=10    avg_loss: 0.000000093894  time_per_window : 0.000263   progress : 0.502
name: models.architecture.block_type=cls
training.mode=gml_rollout
models.out_dim=10    avg_loss: 0.000000110132  time_per_window : 0.000270   progress : 0.513
name: models.architecture.block_type=cls
training.mode=gml_rollout
models.out_dim=10    avg_loss: 0.000000090958  time_per_window : 0.000269   progress : 0.524
name: models.architecture.block_type=cls
training.mode=gml_rollout
models.out_dim=10    avg_loss: 0.000000084061  time_per_window : 0.000260   progress : 0.535
name: models.architecture.block_type=cls
training.mode=gml_rollout
models.out_dim=10    avg_loss: 0.000000089246  time_per_window : 0.000259   progress : 0.546
name: models.architecture.block_type=cls
training.mode=gml_rollout
models.out_dim=10    avg_loss: 0.000000087071  time_per_window : 0.000262   progress : 0.557
name: models.architecture.block_type=cls
training.mode=gml_rollout
models.out_dim=10    avg_loss: 0.000000095477  time_per_window : 0.000266   progress : 0.568/home/jdihardjo/miniconda3/envs/mavenv/lib/python3.11/site-packages/torch/_inductor/cudagraph_trees.py:2622: UserWarning: Unable to hit fast path of CUDAGraphs because outputs from a previous step still require backward. Ensure backward() is invoked or detach outputs. You may also call torch.compiler.cudagraph_mark_step_begin() before each model invocation.
  warnings.warn(
/home/jdihardjo/miniconda3/envs/mavenv/lib/python3.11/site-packages/torch/_inductor/cudagraph_trees.py:2622: UserWarning: Unable to hit fast path of CUDAGraphs because outputs from a previous step still require backward. Ensure backward() is invoked or detach outputs. You may also call torch.compiler.cudagraph_mark_step_begin() before each model invocation.
  warnings.warn(

name: models.architecture.block_type=cls
training.mode=gml_rollout
models.out_dim=10    avg_loss: 0.000000100701  time_per_window : 0.000263   progress : 0.579
name: models.architecture.block_type=cls
training.mode=gml_rollout
models.out_dim=10    avg_loss: 0.000000081138  time_per_window : 0.000263   progress : 0.590
name: models.architecture.block_type=cls
training.mode=gml_rollout
models.out_dim=10    avg_loss: 0.000000075099  time_per_window : 0.000272   progress : 0.601
name: models.architecture.block_type=cls
training.mode=gml_rollout
models.out_dim=10    avg_loss: 0.000000076475  time_per_window : 0.000253   progress : 0.612
name: models.architecture.block_type=cls
training.mode=gml_rollout
models.out_dim=10    avg_loss: 0.000000099573  time_per_window : 0.000260   progress : 0.623
name: models.architecture.block_type=cls
training.mode=gml_rollout
models.out_dim=10    avg_loss: 0.000000071236  time_per_window : 0.000265   progress : 0.634
name: models.architecture.block_type=cls
training.mode=gml_rollout
models.out_dim=10    avg_loss: 0.000000078322  time_per_window : 0.000273   progress : 0.644
name: models.architecture.block_type=cls
training.mode=gml_rollout
models.out_dim=10    avg_loss: 0.000000083408  time_per_window : 0.000253   progress : 0.655
name: models.architecture.block_type=cls
training.mode=gml_rollout
models.out_dim=10    avg_loss: 0.000000078832  time_per_window : 0.000284   progress : 0.666
name: models.architecture.block_type=cls
training.mode=gml_rollout
models.out_dim=10    avg_loss: 0.000000077605  time_per_window : 0.000256   progress : 0.677
name: models.architecture.block_type=cls
training.mode=gml_rollout
models.out_dim=10    avg_loss: 0.000000078528  time_per_window : 0.000258   progress : 0.688
name: models.architecture.block_type=cls
training.mode=gml_rollout
models.out_dim=10    avg_loss: 0.000000082562  time_per_window : 0.000270   progress : 0.699
name: models.architecture.block_type=cls
training.mode=gml_rollout
models.out_dim=10    avg_loss: 0.000000077026  time_per_window : 0.000293   progress : 0.710
name: models.architecture.block_type=cls
training.mode=gml_rollout
models.out_dim=10    avg_loss: 0.000000063900  time_per_window : 0.000266   progress : 0.721
name: models.architecture.block_type=cls
training.mode=gml_rollout
models.out_dim=10    avg_loss: 0.000000080672  time_per_window : 0.000260   progress : 0.732
name: models.architecture.block_type=cls
training.mode=gml_rollout
models.out_dim=10    avg_loss: 0.000000068794  time_per_window : 0.000274   progress : 0.743
name: models.architecture.block_type=cls
training.mode=gml_rollout
models.out_dim=10    avg_loss: 0.000000067957  time_per_window : 0.000261   progress : 0.754
name: models.architecture.block_type=cls
training.mode=gml_rollout
models.out_dim=10    avg_loss: 0.000000076248  time_per_window : 0.000261   progress : 0.765
name: models.architecture.block_type=cls
training.mode=gml_rollout
models.out_dim=10    avg_loss: 0.000000068504  time_per_window : 0.000252   progress : 0.775
name: models.architecture.block_type=cls
training.mode=gml_rollout
models.out_dim=10    avg_loss: 0.000000070530  time_per_window : 0.000271   progress : 0.786
name: models.architecture.block_type=cls
training.mode=gml_rollout
models.out_dim=10    avg_loss: 0.000000071491  time_per_window : 0.000270   progress : 0.797
name: models.architecture.block_type=cls
training.mode=gml_rollout
models.out_dim=10    avg_loss: 0.000000058153  time_per_window : 0.000250   progress : 0.808
name: models.architecture.block_type=cls
training.mode=gml_rollout
models.out_dim=10    avg_loss: 0.000000065897  time_per_window : 0.000270   progress : 0.819
name: models.architecture.block_type=cls
training.mode=gml_rollout
models.out_dim=10    avg_loss: 0.000000074398  time_per_window : 0.000258   progress : 0.830
name: models.architecture.block_type=cls
training.mode=gml_rollout
models.out_dim=10    avg_loss: 0.000000056972  time_per_window : 0.000282   progress : 0.841
name: models.architecture.block_type=cls
training.mode=gml_rollout
models.out_dim=10    avg_loss: 0.000000059817  time_per_window : 0.000259   progress : 0.852
name: models.architecture.block_type=cls
training.mode=gml_rollout
models.out_dim=10    avg_loss: 0.000000066668  time_per_window : 0.000286   progress : 0.863
name: models.architecture.block_type=cls
training.mode=gml_rollout
models.out_dim=10    avg_loss: 0.000000065087  time_per_window : 0.000272   progress : 0.874
name: models.architecture.block_type=cls
training.mode=gml_rollout
models.out_dim=10    avg_loss: 0.000000066015  time_per_window : 0.000263   progress : 0.885
name: models.architecture.block_type=cls
training.mode=gml_rollout
models.out_dim=10    avg_loss: 0.000000050848  time_per_window : 0.000288   progress : 0.896
name: models.architecture.block_type=cls
training.mode=gml_rollout
models.out_dim=10    avg_loss: 0.000000062677  time_per_window : 0.000266   progress : 0.907
name: models.architecture.block_type=cls
training.mode=gml_rollout
models.out_dim=10    avg_loss: 0.000000064257  time_per_window : 0.000271   progress : 0.917
name: models.architecture.block_type=cls
training.mode=gml_rollout
models.out_dim=10    avg_loss: 0.000000060426  time_per_window : 0.000293   progress : 0.928
name: models.architecture.block_type=cls
training.mode=gml_rollout
models.out_dim=10    avg_loss: 0.000000067170  time_per_window : 0.000267   progress : 0.939
name: models.architecture.block_type=cls
training.mode=gml_rollout
models.out_dim=10    avg_loss: 0.000000060172  time_per_window : 0.000261   progress : 0.950
name: models.architecture.block_type=cls
training.mode=gml_rollout
models.out_dim=10    avg_loss: 0.000000053127  time_per_window : 0.000286   progress : 0.961
name: models.architecture.block_type=cls
training.mode=gml_rollout
models.out_dim=10    avg_loss: 0.000000056127  time_per_window : 0.000252   progress : 0.972
name: models.architecture.block_type=cls
training.mode=gml_rollout
models.out_dim=10    avg_loss: 0.000000053406  time_per_window : 0.000262   progress : 0.983
name: models.architecture.block_type=cls
training.mode=gml_rollout
models.out_dim=10    avg_loss: 0.000000056151  time_per_window : 0.000264   progress : 0.994
name: models.architecture.block_type=cls
training.mode=gml_rollout
models.out_dim=10    avg_loss: 0.000000188044  time_per_window : 0.000250   progress : 0.011
name: models.architecture.block_type=cls
training.mode=gml_rollout
models.out_dim=10    avg_loss: 0.000000046267  time_per_window : 0.000260   progress : 0.022
name: models.architecture.block_type=cls
training.mode=gml_rollout
models.out_dim=10    avg_loss: 0.000000053121  time_per_window : 0.000277   progress : 0.033
name: models.architecture.block_type=cls
training.mode=gml_rollout
models.out_dim=10    avg_loss: 0.000000050997  time_per_window : 0.000231   progress : 0.044
name: models.architecture.block_type=cls
training.mode=gml_rollout
models.out_dim=10    avg_loss: 0.000000056024  time_per_window : 0.000259   progress : 0.055
name: models.architecture.block_type=cls
training.mode=gml_rollout
models.out_dim=10    avg_loss: 0.000000056999  time_per_window : 0.000265   progress : 0.066
name: models.architecture.block_type=cls
training.mode=gml_rollout
models.out_dim=10    avg_loss: 0.000000054084  time_per_window : 0.000265   progress : 0.076
name: models.architecture.block_type=cls
training.mode=gml_rollout
models.out_dim=10    avg_loss: 0.000000060289  time_per_window : 0.000282   progress : 0.087
name: models.architecture.block_type=cls
training.mode=gml_rollout
models.out_dim=10    avg_loss: 0.000000048602  time_per_window : 0.000275   progress : 0.098
name: models.architecture.block_type=cls
training.mode=gml_rollout
models.out_dim=10    avg_loss: 0.000000057075  time_per_window : 0.000264   progress : 0.109
name: models.architecture.block_type=cls
training.mode=gml_rollout
models.out_dim=10    avg_loss: 0.000000050970  time_per_window : 0.000275   progress : 0.120
name: models.architecture.block_type=cls
training.mode=gml_rollout
models.out_dim=10    avg_loss: 0.000000051187  time_per_window : 0.000267   progress : 0.131
name: models.architecture.block_type=cls
training.mode=gml_rollout
models.out_dim=10    avg_loss: 0.000000055284  time_per_window : 0.000324   progress : 0.142
name: models.architecture.block_type=cls
training.mode=gml_rollout
models.out_dim=10    avg_loss: 0.000000062705  time_per_window : 0.000258   progress : 0.153
name: models.architecture.block_type=cls
training.mode=gml_rollout
models.out_dim=10    avg_loss: 0.000000055808  time_per_window : 0.000261   progress : 0.164
name: models.architecture.block_type=cls
training.mode=gml_rollout
models.out_dim=10    avg_loss: 0.000000053943  time_per_window : 0.000295   progress : 0.175
name: models.architecture.block_type=cls
training.mode=gml_rollout
models.out_dim=10    avg_loss: 0.000000058230  time_per_window : 0.000288   progress : 0.186
name: models.architecture.block_type=cls
training.mode=gml_rollout
models.out_dim=10    avg_loss: 0.000000049822  time_per_window : 0.000278   progress : 0.197
name: models.architecture.block_type=cls
training.mode=gml_rollout
models.out_dim=10    avg_loss: 0.000000048703  time_per_window : 0.000258   progress : 0.208
name: models.architecture.block_type=cls
training.mode=gml_rollout
models.out_dim=10    avg_loss: 0.000000050528  time_per_window : 0.000316   progress : 0.218
name: models.architecture.block_type=cls
training.mode=gml_rollout
models.out_dim=10    avg_loss: 0.000000046671  time_per_window : 0.000306   progress : 0.229
name: models.architecture.block_type=cls
training.mode=gml_rollout
models.out_dim=10    avg_loss: 0.000000042432  time_per_window : 0.000268   progress : 0.240
name: models.architecture.block_type=cls
training.mode=gml_rollout
models.out_dim=10    avg_loss: 0.000000060044  time_per_window : 0.000323   progress : 0.251
name: models.architecture.block_type=cls
training.mode=gml_rollout
models.out_dim=10    avg_loss: 0.000000050977  time_per_window : 0.000272   progress : 0.262
name: models.architecture.block_type=cls
training.mode=gml_rollout
models.out_dim=10    avg_loss: 0.000000045187  time_per_window : 0.000297   progress : 0.273
name: models.architecture.block_type=cls
training.mode=gml_rollout
models.out_dim=10    avg_loss: 0.000000046109  time_per_window : 0.000278   progress : 0.284
name: models.architecture.block_type=cls
training.mode=gml_rollout
models.out_dim=10    avg_loss: 0.000000045874  time_per_window : 0.000262   progress : 0.295
name: models.architecture.block_type=cls
training.mode=gml_rollout
models.out_dim=10    avg_loss: 0.000000044376  time_per_window : 0.000275   progress : 0.306
name: models.architecture.block_type=cls
training.mode=gml_rollout
models.out_dim=10    avg_loss: 0.000000047820  time_per_window : 0.000274   progress : 0.317
name: models.architecture.block_type=cls
training.mode=gml_rollout
models.out_dim=10    avg_loss: 0.000000042690  time_per_window : 0.000272   progress : 0.328
name: models.architecture.block_type=cls
training.mode=gml_rollout
models.out_dim=10    avg_loss: 0.000000044408  time_per_window : 0.000289   progress : 0.339
name: models.architecture.block_type=cls
training.mode=gml_rollout
models.out_dim=10    avg_loss: 0.000000045493  time_per_window : 0.000265   progress : 0.350
name: models.architecture.block_type=cls
training.mode=gml_rollout
models.out_dim=10    avg_loss: 0.000000040756  time_per_window : 0.000284   progress : 0.360
name: models.architecture.block_type=cls
training.mode=gml_rollout
models.out_dim=10    avg_loss: 0.000000047130  time_per_window : 0.000295   progress : 0.371
name: models.architecture.block_type=cls
training.mode=gml_rollout
models.out_dim=10    avg_loss: 0.000000041695  time_per_window : 0.000268   progress : 0.382
name: models.architecture.block_type=cls
training.mode=gml_rollout
models.out_dim=10    avg_loss: 0.000000046010  time_per_window : 0.000325   progress : 0.393
name: models.architecture.block_type=cls
training.mode=gml_rollout
models.out_dim=10    avg_loss: 0.000000052034  time_per_window : 0.000285   progress : 0.404
name: models.architecture.block_type=cls
training.mode=gml_rollout
models.out_dim=10    avg_loss: 0.000000044192  time_per_window : 0.000311   progress : 0.415
name: models.architecture.block_type=cls
training.mode=gml_rollout
models.out_dim=10    avg_loss: 0.000000038900  time_per_window : 0.000335   progress : 0.426
name: models.architecture.block_type=cls
training.mode=gml_rollout
models.out_dim=10    avg_loss: 0.000000042984  time_per_window : 0.000292   progress : 0.437
name: models.architecture.block_type=cls
training.mode=gml_rollout
models.out_dim=10    avg_loss: 0.000000043098  time_per_window : 0.000330   progress : 0.448
name: models.architecture.block_type=cls
training.mode=gml_rollout
models.out_dim=10    avg_loss: 0.000000042273  time_per_window : 0.000316   progress : 0.459
name: models.architecture.block_type=cls
training.mode=gml_rollout
models.out_dim=10    avg_loss: 0.000000045726  time_per_window : 0.000271   progress : 0.470
name: models.architecture.block_type=cls
training.mode=gml_rollout
models.out_dim=10    avg_loss: 0.000000041962  time_per_window : 0.000312   progress : 0.481
name: models.architecture.block_type=cls
training.mode=gml_rollout
models.out_dim=10    avg_loss: 0.000000039138  time_per_window : 0.000273   progress : 0.492
name: models.architecture.block_type=cls
training.mode=gml_rollout
models.out_dim=10    avg_loss: 0.000000042274  time_per_window : 0.000266   progress : 0.502
name: models.architecture.block_type=cls
training.mode=gml_rollout
models.out_dim=10    avg_loss: 0.000000041565  time_per_window : 0.000279   progress : 0.513
name: models.architecture.block_type=cls
training.mode=gml_rollout
models.out_dim=10    avg_loss: 0.000000040935  time_per_window : 0.000280   progress : 0.524
name: models.architecture.block_type=cls
training.mode=gml_rollout
models.out_dim=10    avg_loss: 0.000000039524  time_per_window : 0.000289   progress : 0.535
name: models.architecture.block_type=cls
training.mode=gml_rollout
models.out_dim=10    avg_loss: 0.000000039046  time_per_window : 0.000296   progress : 0.546
name: models.architecture.block_type=cls
training.mode=gml_rollout
models.out_dim=10    avg_loss: 0.000000037954  time_per_window : 0.000283   progress : 0.557
name: models.architecture.block_type=cls
training.mode=gml_rollout
models.out_dim=10    avg_loss: 0.000000039166  time_per_window : 0.000265   progress : 0.568
name: models.architecture.block_type=cls
training.mode=gml_rollout
models.out_dim=10    avg_loss: 0.000000041084  time_per_window : 0.000321   progress : 0.579
name: models.architecture.block_type=cls
training.mode=gml_rollout
models.out_dim=10    avg_loss: 0.000000037826  time_per_window : 0.000283   progress : 0.590
name: models.architecture.block_type=cls
training.mode=gml_rollout
models.out_dim=10    avg_loss: 0.000000038492  time_per_window : 0.000276   progress : 0.601
name: models.architecture.block_type=cls
training.mode=gml_rollout
models.out_dim=10    avg_loss: 0.000000037873  time_per_window : 0.000299   progress : 0.612
name: models.architecture.block_type=cls
training.mode=gml_rollout
models.out_dim=10    avg_loss: 0.000000036468  time_per_window : 0.000270   progress : 0.623
name: models.architecture.block_type=cls
training.mode=gml_rollout
models.out_dim=10    avg_loss: 0.000000036255  time_per_window : 0.000266   progress : 0.634
name: models.architecture.block_type=cls
training.mode=gml_rollout
models.out_dim=10    avg_loss: 0.000000038578  time_per_window : 0.000248   progress : 0.644
name: models.architecture.block_type=cls
training.mode=gml_rollout
models.out_dim=10    avg_loss: 0.000000035163  time_per_window : 0.000268   progress : 0.655
name: models.architecture.block_type=cls
training.mode=gml_rollout
models.out_dim=10    avg_loss: 0.000000034498  time_per_window : 0.000312   progress : 0.666
name: models.architecture.block_type=cls
training.mode=gml_rollout
models.out_dim=10    avg_loss: 0.000000037107  time_per_window : 0.000271   progress : 0.677
name: models.architecture.block_type=cls
training.mode=gml_rollout
models.out_dim=10    avg_loss: 0.000000037747  time_per_window : 0.000296   progress : 0.688
name: models.architecture.block_type=cls
training.mode=gml_rollout
models.out_dim=10    avg_loss: 0.000000034088  time_per_window : 0.000305   progress : 0.699
name: models.architecture.block_type=cls
training.mode=gml_rollout
models.out_dim=10    avg_loss: 0.000000032087  time_per_window : 0.000306   progress : 0.710
name: models.architecture.block_type=cls
training.mode=gml_rollout
models.out_dim=10    avg_loss: 0.000000034678  time_per_window : 0.000281   progress : 0.721
name: models.architecture.block_type=cls
training.mode=gml_rollout
models.out_dim=10    avg_loss: 0.000000038714  time_per_window : 0.000300   progress : 0.732
name: models.architecture.block_type=cls
training.mode=gml_rollout
models.out_dim=10    avg_loss: 0.000000034734  time_per_window : 0.000303   progress : 0.743
name: models.architecture.block_type=cls
training.mode=gml_rollout
models.out_dim=10    avg_loss: 0.000000037420  time_per_window : 0.000284   progress : 0.754
name: models.architecture.block_type=cls
training.mode=gml_rollout
models.out_dim=10    avg_loss: 0.000000035210  time_per_window : 0.000270   progress : 0.765
name: models.architecture.block_type=cls
training.mode=gml_rollout
models.out_dim=10    avg_loss: 0.000000038015  time_per_window : 0.000340   progress : 0.775
name: models.architecture.block_type=cls
training.mode=gml_rollout
models.out_dim=10    avg_loss: 0.000000037408  time_per_window : 0.000360   progress : 0.786
name: models.architecture.block_type=cls
training.mode=gml_rollout
models.out_dim=10    avg_loss: 0.000000032237  time_per_window : 0.000278   progress : 0.797
name: models.architecture.block_type=cls
training.mode=gml_rollout
models.out_dim=10    avg_loss: 0.000000033616  time_per_window : 0.000273   progress : 0.808
name: models.architecture.block_type=cls
training.mode=gml_rollout
models.out_dim=10    avg_loss: 0.000000032138  time_per_window : 0.000262   progress : 0.819
name: models.architecture.block_type=cls
training.mode=gml_rollout
models.out_dim=10    avg_loss: 0.000000031415  time_per_window : 0.000295   progress : 0.830
name: models.architecture.block_type=cls
training.mode=gml_rollout
models.out_dim=10    avg_loss: 0.000000031888  time_per_window : 0.000267   progress : 0.841
name: models.architecture.block_type=cls
training.mode=gml_rollout
models.out_dim=10    avg_loss: 0.000000038013  time_per_window : 0.000316   progress : 0.852
name: models.architecture.block_type=cls
training.mode=gml_rollout
models.out_dim=10    avg_loss: 0.000000035791  time_per_window : 0.000287   progress : 0.863
name: models.architecture.block_type=cls
training.mode=gml_rollout
models.out_dim=10    avg_loss: 0.000000035841  time_per_window : 0.000273   progress : 0.874
name: models.architecture.block_type=cls
training.mode=gml_rollout
models.out_dim=10    avg_loss: 0.000000034378  time_per_window : 0.000284   progress : 0.885
name: models.architecture.block_type=cls
training.mode=gml_rollout
models.out_dim=10    avg_loss: 0.000000030519  time_per_window : 0.000322   progress : 0.896
name: models.architecture.block_type=cls
training.mode=gml_rollout
models.out_dim=10    avg_loss: 0.000000031172  time_per_window : 0.000268   progress : 0.907
name: models.architecture.block_type=cls
training.mode=gml_rollout
models.out_dim=10    avg_loss: 0.000000032990  time_per_window : 0.000298   progress : 0.917
name: models.architecture.block_type=cls
training.mode=gml_rollout
models.out_dim=10    avg_loss: 0.000000035026  time_per_window : 0.000295   progress : 0.928
name: models.architecture.block_type=cls
training.mode=gml_rollout
models.out_dim=10    avg_loss: 0.000000031460  time_per_window : 0.000269   progress : 0.939
name: models.architecture.block_type=cls
training.mode=gml_rollout
models.out_dim=10    avg_loss: 0.000000031001  time_per_window : 0.000275   progress : 0.950
name: models.architecture.block_type=cls
training.mode=gml_rollout
models.out_dim=10    avg_loss: 0.000000031428  time_per_window : 0.000271   progress : 0.961
name: models.architecture.block_type=cls
training.mode=gml_rollout
models.out_dim=10    avg_loss: 0.000000030741  time_per_window : 0.000310   progress : 0.972
name: models.architecture.block_type=cls
training.mode=gml_rollout
models.out_dim=10    avg_loss: 0.000000031696  time_per_window : 0.000259   progress : 0.983
name: models.architecture.block_type=cls
training.mode=gml_rollout
models.out_dim=10    avg_loss: 0.000000029923  time_per_window : 0.000292   progress : 0.994
name: models.architecture.block_type=cls
training.mode=gml_rollout
models.out_dim=10    avg_loss: 0.000002895814  time_per_window : 0.000332   progress : 0.011
name: models.architecture.block_type=cls
training.mode=gml_rollout
models.out_dim=10    avg_loss: 0.000000244514  time_per_window : 0.000282   progress : 0.022
name: models.architecture.block_type=cls
training.mode=gml_rollout
models.out_dim=10    avg_loss: 0.000000223952  time_per_window : 0.000288   progress : 0.033
name: models.architecture.block_type=cls
training.mode=gml_rollout
models.out_dim=10    avg_loss: 0.000000194743  time_per_window : 0.000270   progress : 0.044
name: models.architecture.block_type=cls
training.mode=gml_rollout
models.out_dim=10    avg_loss: 0.000000142970  time_per_window : 0.000268   progress : 0.055
name: models.architecture.block_type=cls
training.mode=gml_rollout
models.out_dim=10    avg_loss: 0.000000136271  time_per_window : 0.000305   progress : 0.066
name: models.architecture.block_type=cls
training.mode=gml_rollout
models.out_dim=10    avg_loss: 0.000000137922  time_per_window : 0.000278   progress : 0.076
name: models.architecture.block_type=cls
training.mode=gml_rollout
models.out_dim=10    avg_loss: 0.000000116520  time_per_window : 0.000275   progress : 0.087
name: models.architecture.block_type=cls
training.mode=gml_rollout
models.out_dim=10    avg_loss: 0.000000101575  time_per_window : 0.000280   progress : 0.098
name: models.architecture.block_type=cls
training.mode=gml_rollout
models.out_dim=10    avg_loss: 0.000000110320  time_per_window : 0.000267   progress : 0.109
name: models.architecture.block_type=cls
training.mode=gml_rollout
models.out_dim=10    avg_loss: 0.000000115032  time_per_window : 0.000274   progress : 0.120
name: models.architecture.block_type=cls
training.mode=gml_rollout
models.out_dim=10    avg_loss: 0.000000102848  time_per_window : 0.000323   progress : 0.131
name: models.architecture.block_type=cls
training.mode=gml_rollout
models.out_dim=10    avg_loss: 0.000000085106  time_per_window : 0.000264   progress : 0.142
name: models.architecture.block_type=cls
training.mode=gml_rollout
models.out_dim=10    avg_loss: 0.000000106372  time_per_window : 0.000293   progress : 0.153
name: models.architecture.block_type=cls
training.mode=gml_rollout
models.out_dim=10    avg_loss: 0.000000106343  time_per_window : 0.000281   progress : 0.164
name: models.architecture.block_type=cls
training.mode=gml_rollout
models.out_dim=10    avg_loss: 0.000000101288  time_per_window : 0.000280   progress : 0.175
name: models.architecture.block_type=cls
training.mode=gml_rollout
models.out_dim=10    avg_loss: 0.000000090600  time_per_window : 0.000289   progress : 0.186
name: models.architecture.block_type=cls
training.mode=gml_rollout
models.out_dim=10    avg_loss: 0.000000098390  time_per_window : 0.000293   progress : 0.197
name: models.architecture.block_type=cls
training.mode=gml_rollout
models.out_dim=10    avg_loss: 0.000000098072  time_per_window : 0.000262   progress : 0.208
name: models.architecture.block_type=cls
training.mode=gml_rollout
models.out_dim=10    avg_loss: 0.000000088344  time_per_window : 0.000271   progress : 0.218
name: models.architecture.block_type=cls
training.mode=gml_rollout
models.out_dim=10    avg_loss: 0.000000088577  time_per_window : 0.000279   progress : 0.229
name: models.architecture.block_type=cls
training.mode=gml_rollout
models.out_dim=10    avg_loss: 0.000000076968  time_per_window : 0.000273   progress : 0.240
name: models.architecture.block_type=cls
training.mode=gml_rollout
models.out_dim=10    avg_loss: 0.000000086790  time_per_window : 0.000304   progress : 0.251
name: models.architecture.block_type=cls
training.mode=gml_rollout
models.out_dim=10    avg_loss: 0.000000090000  time_per_window : 0.000251   progress : 0.262
name: models.architecture.block_type=cls
training.mode=gml_rollout
models.out_dim=10    avg_loss: 0.000000075787  time_per_window : 0.000362   progress : 0.273
name: models.architecture.block_type=cls
training.mode=gml_rollout
models.out_dim=10    avg_loss: 0.000000078738  time_per_window : 0.000281   progress : 0.284
name: models.architecture.block_type=cls
training.mode=gml_rollout
models.out_dim=10    avg_loss: 0.000000080223  time_per_window : 0.000261   progress : 0.295
name: models.architecture.block_type=cls
training.mode=gml_rollout
models.out_dim=10    avg_loss: 0.000000079672  time_per_window : 0.000307   progress : 0.306
name: models.architecture.block_type=cls
training.mode=gml_rollout
models.out_dim=10    avg_loss: 0.000000087642  time_per_window : 0.000290   progress : 0.317
name: models.architecture.block_type=cls
training.mode=gml_rollout
models.out_dim=10    avg_loss: 0.000000071930  time_per_window : 0.000267   progress : 0.328
name: models.architecture.block_type=cls
training.mode=gml_rollout
models.out_dim=10    avg_loss: 0.000000087617  time_per_window : 0.000297   progress : 0.339
name: models.architecture.block_type=cls
training.mode=gml_rollout
models.out_dim=10    avg_loss: 0.000000074507  time_per_window : 0.000289   progress : 0.350
name: models.architecture.block_type=cls
training.mode=gml_rollout
models.out_dim=10    avg_loss: 0.000000082990  time_per_window : 0.000309   progress : 0.360
name: models.architecture.block_type=cls
training.mode=gml_rollout
models.out_dim=10    avg_loss: 0.000000085938  time_per_window : 0.000284   progress : 0.371
name: models.architecture.block_type=cls
training.mode=gml_rollout
models.out_dim=10    avg_loss: 0.000000101118  time_per_window : 0.000295   progress : 0.382
name: models.architecture.block_type=cls
training.mode=gml_rollout
models.out_dim=10    avg_loss: 0.000000068671  time_per_window : 0.000276   progress : 0.393
name: models.architecture.block_type=cls
training.mode=gml_rollout
models.out_dim=10    avg_loss: 0.000000070760  time_per_window : 0.000277   progress : 0.404
name: models.architecture.block_type=cls
training.mode=gml_rollout
models.out_dim=10    avg_loss: 0.000000082232  time_per_window : 0.000280   progress : 0.415
name: models.architecture.block_type=cls
training.mode=gml_rollout
models.out_dim=10    avg_loss: 0.000000072316  time_per_window : 0.000299   progress : 0.426
name: models.architecture.block_type=cls
training.mode=gml_rollout
models.out_dim=10    avg_loss: 0.000000084316  time_per_window : 0.000282   progress : 0.437
name: models.architecture.block_type=cls
training.mode=gml_rollout
models.out_dim=10    avg_loss: 0.000000076438  time_per_window : 0.000261   progress : 0.448
name: models.architecture.block_type=cls
training.mode=gml_rollout
models.out_dim=10    avg_loss: 0.000000064686  time_per_window : 0.000316   progress : 0.459
name: models.architecture.block_type=cls
training.mode=gml_rollout
models.out_dim=10    avg_loss: 0.000000060545  time_per_window : 0.000303   progress : 0.470
name: models.architecture.block_type=cls
training.mode=gml_rollout
models.out_dim=10    avg_loss: 0.000000064816  time_per_window : 0.000272   progress : 0.481
name: models.architecture.block_type=cls
training.mode=gml_rollout
models.out_dim=10    avg_loss: 0.000000080096  time_per_window : 0.000285   progress : 0.492
name: models.architecture.block_type=cls
training.mode=gml_rollout
models.out_dim=10    avg_loss: 0.000000082114  time_per_window : 0.000297   progress : 0.502
name: models.architecture.block_type=cls
training.mode=gml_rollout
models.out_dim=10    avg_loss: 0.000000074876  time_per_window : 0.000283   progress : 0.513
name: models.architecture.block_type=cls
training.mode=gml_rollout
models.out_dim=10    avg_loss: 0.000000061711  time_per_window : 0.000265   progress : 0.524
name: models.architecture.block_type=cls
training.mode=gml_rollout
models.out_dim=10    avg_loss: 0.000000068762  time_per_window : 0.000330   progress : 0.535
name: models.architecture.block_type=cls
training.mode=gml_rollout
models.out_dim=10    avg_loss: 0.000000067034  time_per_window : 0.000276   progress : 0.546
name: models.architecture.block_type=cls
training.mode=gml_rollout
models.out_dim=10    avg_loss: 0.000000077054  time_per_window : 0.000286   progress : 0.557
name: models.architecture.block_type=cls
training.mode=gml_rollout
models.out_dim=10    avg_loss: 0.000000071789  time_per_window : 0.000352   progress : 0.568
name: models.architecture.block_type=cls
training.mode=gml_rollout
models.out_dim=10    avg_loss: 0.000000075673  time_per_window : 0.000293   progress : 0.579
name: models.architecture.block_type=cls
training.mode=gml_rollout
models.out_dim=10    avg_loss: 0.000000085431  time_per_window : 0.000301   progress : 0.590
name: models.architecture.block_type=cls
training.mode=gml_rollout
models.out_dim=10    avg_loss: 0.000000060902  time_per_window : 0.000324   progress : 0.601
name: models.architecture.block_type=cls
training.mode=gml_rollout
models.out_dim=10    avg_loss: 0.000000069408  time_per_window : 0.000278   progress : 0.612
name: models.architecture.block_type=cls
training.mode=gml_rollout
models.out_dim=10    avg_loss: 0.000000064304  time_per_window : 0.000286   progress : 0.623
name: models.architecture.block_type=cls
training.mode=gml_rollout
models.out_dim=10    avg_loss: 0.000000061076  time_per_window : 0.000373   progress : 0.634
name: models.architecture.block_type=cls
training.mode=gml_rollout
models.out_dim=10    avg_loss: 0.000000081394  time_per_window : 0.000291   progress : 0.644
name: models.architecture.block_type=cls
training.mode=gml_rollout
models.out_dim=10    avg_loss: 0.000000070106  time_per_window : 0.000292   progress : 0.655
name: models.architecture.block_type=cls
training.mode=gml_rollout
models.out_dim=10    avg_loss: 0.000000081880  time_per_window : 0.000283   progress : 0.666
name: models.architecture.block_type=cls
training.mode=gml_rollout
models.out_dim=10    avg_loss: 0.000000060738  time_per_window : 0.000269   progress : 0.677
name: models.architecture.block_type=cls
training.mode=gml_rollout
models.out_dim=10    avg_loss: 0.000000051371  time_per_window : 0.000315   progress : 0.688
name: models.architecture.block_type=cls
training.mode=gml_rollout
models.out_dim=10    avg_loss: 0.000000060958  time_per_window : 0.000268   progress : 0.699
name: models.architecture.block_type=cls
training.mode=gml_rollout
models.out_dim=10    avg_loss: 0.000000080526  time_per_window : 0.000272   progress : 0.710
name: models.architecture.block_type=cls
training.mode=gml_rollout
models.out_dim=10    avg_loss: 0.000000072297  time_per_window : 0.000280   progress : 0.721
name: models.architecture.block_type=cls
training.mode=gml_rollout
models.out_dim=10    avg_loss: 0.000000058834  time_per_window : 0.000302   progress : 0.732
name: models.architecture.block_type=cls
training.mode=gml_rollout
models.out_dim=10    avg_loss: 0.000000057054  time_per_window : 0.000263   progress : 0.743
name: models.architecture.block_type=cls
training.mode=gml_rollout
models.out_dim=10    avg_loss: 0.000000065953  time_per_window : 0.000271   progress : 0.754
name: models.architecture.block_type=cls
training.mode=gml_rollout
models.out_dim=10    avg_loss: 0.000000066485  time_per_window : 0.000293   progress : 0.765
name: models.architecture.block_type=cls
training.mode=gml_rollout
models.out_dim=10    avg_loss: 0.000000054715  time_per_window : 0.000261   progress : 0.775
name: models.architecture.block_type=cls
training.mode=gml_rollout
models.out_dim=10    avg_loss: 0.000000067465  time_per_window : 0.000266   progress : 0.786
name: models.architecture.block_type=cls
training.mode=gml_rollout
models.out_dim=10    avg_loss: 0.000000061518  time_per_window : 0.000316   progress : 0.797
name: models.architecture.block_type=cls
training.mode=gml_rollout
models.out_dim=10    avg_loss: 0.000000053084  time_per_window : 0.000288   progress : 0.808
name: models.architecture.block_type=cls
training.mode=gml_rollout
models.out_dim=10    avg_loss: 0.000000063913  time_per_window : 0.000272   progress : 0.819
name: models.architecture.block_type=cls
training.mode=gml_rollout
models.out_dim=10    avg_loss: 0.000000057097  time_per_window : 0.000317   progress : 0.830
name: models.architecture.block_type=cls
training.mode=gml_rollout
models.out_dim=10    avg_loss: 0.000000061625  time_per_window : 0.000284   progress : 0.841
name: models.architecture.block_type=cls
training.mode=gml_rollout
models.out_dim=10    avg_loss: 0.000000060525  time_per_window : 0.000267   progress : 0.852
name: models.architecture.block_type=cls
training.mode=gml_rollout
models.out_dim=10    avg_loss: 0.000000063340  time_per_window : 0.000274   progress : 0.863
name: models.architecture.block_type=cls
training.mode=gml_rollout
models.out_dim=10    avg_loss: 0.000000052747  time_per_window : 0.000267   progress : 0.874
name: models.architecture.block_type=cls
training.mode=gml_rollout
models.out_dim=10    avg_loss: 0.000000075028  time_per_window : 0.000268   progress : 0.885
name: models.architecture.block_type=cls
training.mode=gml_rollout
models.out_dim=10    avg_loss: 0.000000051076  time_per_window : 0.000290   progress : 0.896
name: models.architecture.block_type=cls
training.mode=gml_rollout
models.out_dim=10    avg_loss: 0.000000058044  time_per_window : 0.000271   progress : 0.907
name: models.architecture.block_type=cls
training.mode=gml_rollout
models.out_dim=10    avg_loss: 0.000000063647  time_per_window : 0.000306   progress : 0.917
name: models.architecture.block_type=cls
training.mode=gml_rollout
models.out_dim=10    avg_loss: 0.000000063257  time_per_window : 0.000292   progress : 0.928
name: models.architecture.block_type=cls
training.mode=gml_rollout
models.out_dim=10    avg_loss: 0.000000068761  time_per_window : 0.000290   progress : 0.939
name: models.architecture.block_type=cls
training.mode=gml_rollout
models.out_dim=10    avg_loss: 0.000000058301  time_per_window : 0.000294   progress : 0.950
name: models.architecture.block_type=cls
training.mode=gml_rollout
models.out_dim=10    avg_loss: 0.000000054929  time_per_window : 0.000308   progress : 0.961
name: models.architecture.block_type=cls
training.mode=gml_rollout
models.out_dim=10    avg_loss: 0.000000056037  time_per_window : 0.000279   progress : 0.972
name: models.architecture.block_type=cls
training.mode=gml_rollout
models.out_dim=10    avg_loss: 0.000000062105  time_per_window : 0.000273   progress : 0.983
name: models.architecture.block_type=cls
training.mode=gml_rollout
models.out_dim=10    avg_loss: 0.000000068446  time_per_window : 0.000279   progress : 0.994
name: models.architecture.block_type=cls
training.mode=gml_rollout
models.out_dim=10    avg_loss: 0.000017518565  time_per_window : 0.000326   progress : 0.011
name: models.architecture.block_type=cls
training.mode=gml_rollout
models.out_dim=10    avg_loss: 0.000002793715  time_per_window : 0.000272   progress : 0.022
name: models.architecture.block_type=cls
training.mode=gml_rollout
models.out_dim=10    avg_loss: 0.000002114936  time_per_window : 0.000267   progress : 0.033
name: models.architecture.block_type=cls
training.mode=gml_rollout
models.out_dim=10    avg_loss: 0.000001265256  time_per_window : 0.000314   progress : 0.044
name: models.architecture.block_type=cls
training.mode=gml_rollout
models.out_dim=10    avg_loss: 0.000001022960  time_per_window : 0.000263   progress : 0.055
name: models.architecture.block_type=cls
training.mode=gml_rollout
models.out_dim=10    avg_loss: 0.000000904644  time_per_window : 0.000275   progress : 0.066
name: models.architecture.block_type=cls
training.mode=gml_rollout
models.out_dim=10    avg_loss: 0.000000757752  time_per_window : 0.000253   progress : 0.076
name: models.architecture.block_type=cls
training.mode=gml_rollout
models.out_dim=10    avg_loss: 0.000000637525  time_per_window : 0.000286   progress : 0.087
name: models.architecture.block_type=cls
training.mode=gml_rollout
models.out_dim=10    avg_loss: 0.000000611165  time_per_window : 0.000292   progress : 0.098
name: models.architecture.block_type=cls
training.mode=gml_rollout
models.out_dim=10    avg_loss: 0.000000610845  time_per_window : 0.000291   progress : 0.109
name: models.architecture.block_type=cls
training.mode=gml_rollout
models.out_dim=10    avg_loss: 0.000000531704  time_per_window : 0.000269   progress : 0.120
name: models.architecture.block_type=cls
training.mode=gml_rollout
models.out_dim=10    avg_loss: 0.000000560491  time_per_window : 0.000274   progress : 0.131
name: models.architecture.block_type=cls
training.mode=gml_rollout
models.out_dim=10    avg_loss: 0.000000471335  time_per_window : 0.000284   progress : 0.142
name: models.architecture.block_type=cls
training.mode=gml_rollout
models.out_dim=10    avg_loss: 0.000000480834  time_per_window : 0.000287   progress : 0.153
name: models.architecture.block_type=cls
training.mode=gml_rollout
models.out_dim=10    avg_loss: 0.000000538300  time_per_window : 0.000273   progress : 0.164
name: models.architecture.block_type=cls
training.mode=gml_rollout
models.out_dim=10    avg_loss: 0.000000581846  time_per_window : 0.000272   progress : 0.175
name: models.architecture.block_type=cls
training.mode=gml_rollout
models.out_dim=10    avg_loss: 0.000000507602  time_per_window : 0.000277   progress : 0.186
name: models.architecture.block_type=cls
training.mode=gml_rollout
models.out_dim=10    avg_loss: 0.000000604096  time_per_window : 0.000299   progress : 0.197
name: models.architecture.block_type=cls
training.mode=gml_rollout
models.out_dim=10    avg_loss: 0.000000485957  time_per_window : 0.000277   progress : 0.208
name: models.architecture.block_type=cls
training.mode=gml_rollout
models.out_dim=10    avg_loss: 0.000000586901  time_per_window : 0.000302   progress : 0.218
name: models.architecture.block_type=cls
training.mode=gml_rollout
models.out_dim=10    avg_loss: 0.000000446491  time_per_window : 0.000274   progress : 0.229
name: models.architecture.block_type=cls
training.mode=gml_rollout
models.out_dim=10    avg_loss: 0.000000467166  time_per_window : 0.000320   progress : 0.240
name: models.architecture.block_type=cls
training.mode=gml_rollout
models.out_dim=10    avg_loss: 0.000000646984  time_per_window : 0.000221   progress : 0.251
name: models.architecture.block_type=cls
training.mode=gml_rollout
models.out_dim=10    avg_loss: 0.000000473674  time_per_window : 0.000263   progress : 0.262
name: models.architecture.block_type=cls
training.mode=gml_rollout
models.out_dim=10    avg_loss: 0.000000422128  time_per_window : 0.000321   progress : 0.273
name: models.architecture.block_type=cls
training.mode=gml_rollout
models.out_dim=10    avg_loss: 0.000000531595  time_per_window : 0.000212   progress : 0.284
name: models.architecture.block_type=cls
training.mode=gml_rollout
models.out_dim=10    avg_loss: 0.000000509592  time_per_window : 0.000279   progress : 0.295
name: models.architecture.block_type=cls
training.mode=gml_rollout
models.out_dim=10    avg_loss: 0.000000416081  time_per_window : 0.000351   progress : 0.306
name: models.architecture.block_type=cls
training.mode=gml_rollout
models.out_dim=10    avg_loss: 0.000000409579  time_per_window : 0.000298   progress : 0.317
name: models.architecture.block_type=cls
training.mode=gml_rollout
models.out_dim=10    avg_loss: 0.000000504706  time_per_window : 0.000293   progress : 0.328
name: models.architecture.block_type=cls
training.mode=gml_rollout
models.out_dim=10    avg_loss: 0.000000545545  time_per_window : 0.000240   progress : 0.339
name: models.architecture.block_type=cls
training.mode=gml_rollout
models.out_dim=10    avg_loss: 0.000000440426  time_per_window : 0.000304   progress : 0.350
name: models.architecture.block_type=cls
training.mode=gml_rollout
models.out_dim=10    avg_loss: 0.000000531502  time_per_window : 0.000297   progress : 0.360
name: models.architecture.block_type=cls
training.mode=gml_rollout
models.out_dim=10    avg_loss: 0.000000494081  time_per_window : 0.000255   progress : 0.371
name: models.architecture.block_type=cls
training.mode=gml_rollout
models.out_dim=10    avg_loss: 0.000000531257  time_per_window : 0.000223   progress : 0.382
name: models.architecture.block_type=cls
training.mode=gml_rollout
models.out_dim=10    avg_loss: 0.000000458624  time_per_window : 0.000271   progress : 0.393
name: models.architecture.block_type=cls
training.mode=gml_rollout
models.out_dim=10    avg_loss: 0.000000424888  time_per_window : 0.000253   progress : 0.404
name: models.architecture.block_type=cls
training.mode=gml_rollout
models.out_dim=10    avg_loss: 0.000000488547  time_per_window : 0.000316   progress : 0.415
name: models.architecture.block_type=cls
training.mode=gml_rollout
models.out_dim=10    avg_loss: 0.000000451821  time_per_window : 0.000233   progress : 0.426
name: models.architecture.block_type=cls
training.mode=gml_rollout
models.out_dim=10    avg_loss: 0.000000426693  time_per_window : 0.000250   progress : 0.437
name: models.architecture.block_type=cls
training.mode=gml_rollout
models.out_dim=10    avg_loss: 0.000000524781  time_per_window : 0.000213   progress : 0.448
name: models.architecture.block_type=cls
training.mode=gml_rollout
models.out_dim=10    avg_loss: 0.000000383901  time_per_window : 0.000274   progress : 0.459
name: models.architecture.block_type=cls
training.mode=gml_rollout
models.out_dim=10    avg_loss: 0.000000444361  time_per_window : 0.000236   progress : 0.470
name: models.architecture.block_type=cls
training.mode=gml_rollout
models.out_dim=10    avg_loss: 0.000000430497  time_per_window : 0.000233   progress : 0.481
name: models.architecture.block_type=cls
training.mode=gml_rollout
models.out_dim=10    avg_loss: 0.000000446192  time_per_window : 0.000252   progress : 0.492
name: models.architecture.block_type=cls
training.mode=gml_rollout
models.out_dim=10    avg_loss: 0.000000405778  time_per_window : 0.000266   progress : 0.502
name: models.architecture.block_type=cls
training.mode=gml_rollout
models.out_dim=10    avg_loss: 0.000000506170  time_per_window : 0.000234   progress : 0.513
name: models.architecture.block_type=cls
training.mode=gml_rollout
models.out_dim=10    avg_loss: 0.000000441675  time_per_window : 0.000309   progress : 0.524
name: models.architecture.block_type=cls
training.mode=gml_rollout
models.out_dim=10    avg_loss: 0.000000543484  time_per_window : 0.000301   progress : 0.535
name: models.architecture.block_type=cls
training.mode=gml_rollout
models.out_dim=10    avg_loss: 0.000000493349  time_per_window : 0.000277   progress : 0.546
name: models.architecture.block_type=cls
training.mode=gml_rollout
models.out_dim=10    avg_loss: 0.000000435234  time_per_window : 0.000229   progress : 0.557
name: models.architecture.block_type=cls
training.mode=gml_rollout
models.out_dim=10    avg_loss: 0.000000409530  time_per_window : 0.000249   progress : 0.568
name: models.architecture.block_type=cls
training.mode=gml_rollout
models.out_dim=10    avg_loss: 0.000000588838  time_per_window : 0.000283   progress : 0.579
name: models.architecture.block_type=cls
training.mode=gml_rollout
models.out_dim=10    avg_loss: 0.000000429501  time_per_window : 0.000234   progress : 0.590
name: models.architecture.block_type=cls
training.mode=gml_rollout
models.out_dim=10    avg_loss: 0.000000370283  time_per_window : 0.000271   progress : 0.601
name: models.architecture.block_type=cls
training.mode=gml_rollout
models.out_dim=10    avg_loss: 0.000000439890  time_per_window : 0.000224   progress : 0.612
name: models.architecture.block_type=cls
training.mode=gml_rollout
models.out_dim=10    avg_loss: 0.000000402511  time_per_window : 0.000217   progress : 0.623
name: models.architecture.block_type=cls
training.mode=gml_rollout
models.out_dim=10    avg_loss: 0.000000377422  time_per_window : 0.000230   progress : 0.634
name: models.architecture.block_type=cls
training.mode=gml_rollout
models.out_dim=10    avg_loss: 0.000000515341  time_per_window : 0.000297   progress : 0.644
name: models.architecture.block_type=cls
training.mode=gml_rollout
models.out_dim=10    avg_loss: 0.000000451396  time_per_window : 0.000257   progress : 0.655
name: models.architecture.block_type=cls
training.mode=gml_rollout
models.out_dim=10    avg_loss: 0.000000410449  time_per_window : 0.000281   progress : 0.666
name: models.architecture.block_type=cls
training.mode=gml_rollout
models.out_dim=10    avg_loss: 0.000000441126  time_per_window : 0.000304   progress : 0.677
name: models.architecture.block_type=cls
training.mode=gml_rollout
models.out_dim=10    avg_loss: 0.000000437780  time_per_window : 0.000243   progress : 0.688
name: models.architecture.block_type=cls
training.mode=gml_rollout
models.out_dim=10    avg_loss: 0.000000439359  time_per_window : 0.000276   progress : 0.699
name: models.architecture.block_type=cls
training.mode=gml_rollout
models.out_dim=10    avg_loss: 0.000000435502  time_per_window : 0.000247   progress : 0.710
name: models.architecture.block_type=cls
training.mode=gml_rollout
models.out_dim=10    avg_loss: 0.000000422417  time_per_window : 0.000302   progress : 0.721
name: models.architecture.block_type=cls
training.mode=gml_rollout
models.out_dim=10    avg_loss: 0.000000364271  time_per_window : 0.000286   progress : 0.732
name: models.architecture.block_type=cls
training.mode=gml_rollout
models.out_dim=10    avg_loss: 0.000000406452  time_per_window : 0.000280   progress : 0.743
name: models.architecture.block_type=cls
training.mode=gml_rollout
models.out_dim=10    avg_loss: 0.000000486704  time_per_window : 0.000260   progress : 0.754
name: models.architecture.block_type=cls
training.mode=gml_rollout
models.out_dim=10    avg_loss: 0.000000445276  time_per_window : 0.000221   progress : 0.765
name: models.architecture.block_type=cls
training.mode=gml_rollout
models.out_dim=10    avg_loss: 0.000000436084  time_per_window : 0.000232   progress : 0.775
name: models.architecture.block_type=cls
training.mode=gml_rollout
models.out_dim=10    avg_loss: 0.000000389907  time_per_window : 0.000260   progress : 0.786
name: models.architecture.block_type=cls
training.mode=gml_rollout
models.out_dim=10    avg_loss: 0.000000311376  time_per_window : 0.000264   progress : 0.797
name: models.architecture.block_type=cls
training.mode=gml_rollout
models.out_dim=10    avg_loss: 0.000000386011  time_per_window : 0.000323   progress : 0.808
name: models.architecture.block_type=cls
training.mode=gml_rollout
models.out_dim=10    avg_loss: 0.000000442999  time_per_window : 0.000207   progress : 0.819
name: models.architecture.block_type=cls
training.mode=gml_rollout
models.out_dim=10    avg_loss: 0.000000424922  time_per_window : 0.000293   progress : 0.830
name: models.architecture.block_type=cls
training.mode=gml_rollout
models.out_dim=10    avg_loss: 0.000000470767  time_per_window : 0.000235   progress : 0.841
name: models.architecture.block_type=cls
training.mode=gml_rollout
models.out_dim=10    avg_loss: 0.000000394653  time_per_window : 0.000246   progress : 0.852
name: models.architecture.block_type=cls
training.mode=gml_rollout
models.out_dim=10    avg_loss: 0.000000412024  time_per_window : 0.000239   progress : 0.863
name: models.architecture.block_type=cls
training.mode=gml_rollout
models.out_dim=10    avg_loss: 0.000000364910  time_per_window : 0.000235   progress : 0.874
name: models.architecture.block_type=cls
training.mode=gml_rollout
models.out_dim=10    avg_loss: 0.000000403342  time_per_window : 0.000272   progress : 0.885
name: models.architecture.block_type=cls
training.mode=gml_rollout
models.out_dim=10    avg_loss: 0.000000421073  time_per_window : 0.000247   progress : 0.896
name: models.architecture.block_type=cls
training.mode=gml_rollout
models.out_dim=10    avg_loss: 0.000000453710  time_per_window : 0.000322   progress : 0.907
name: models.architecture.block_type=cls
training.mode=gml_rollout
models.out_dim=10    avg_loss: 0.000000317984  time_per_window : 0.000291   progress : 0.917
name: models.architecture.block_type=cls
training.mode=gml_rollout
models.out_dim=10    avg_loss: 0.000000383161  time_per_window : 0.000317   progress : 0.928
name: models.architecture.block_type=cls
training.mode=gml_rollout
models.out_dim=10    avg_loss: 0.000000494784  time_per_window : 0.000249   progress : 0.939
name: models.architecture.block_type=cls
training.mode=gml_rollout
models.out_dim=10    avg_loss: 0.000000433607  time_per_window : 0.000256   progress : 0.950
name: models.architecture.block_type=cls
training.mode=gml_rollout
models.out_dim=10    avg_loss: 0.000000404646  time_per_window : 0.000231   progress : 0.961
name: models.architecture.block_type=cls
training.mode=gml_rollout
models.out_dim=10    avg_loss: 0.000000323026  time_per_window : 0.000311   progress : 0.972
name: models.architecture.block_type=cls
training.mode=gml_rollout
models.out_dim=10    avg_loss: 0.000000384849  time_per_window : 0.000250   progress : 0.983
name: models.architecture.block_type=cls
training.mode=gml_rollout
models.out_dim=10    avg_loss: 0.000000405675  time_per_window : 0.000206   progress : 0.994
name: models.architecture.block_type=cls
training.mode=gml_rollout
models.out_dim=10    avg_loss: -62.026760101318  time_per_window : 0.000299   progress : 0.011
name: models.architecture.block_type=cls
training.mode=gml_rollout
models.out_dim=10    avg_loss: -68.761268615723  time_per_window : 0.000341   progress : 0.022
name: models.architecture.block_type=cls
training.mode=gml_rollout
models.out_dim=10    avg_loss: -68.758026123047  time_per_window : 0.000312   progress : 0.033
name: models.architecture.block_type=cls
training.mode=gml_rollout
models.out_dim=10    avg_loss: -68.765258789062  time_per_window : 0.000382   progress : 0.044
name: models.architecture.block_type=cls
training.mode=gml_rollout
models.out_dim=10    avg_loss: -68.788688659668  time_per_window : 0.000319   progress : 0.055
name: models.architecture.block_type=cls
training.mode=gml_rollout
models.out_dim=10    avg_loss: -68.805908203125  time_per_window : 0.000309   progress : 0.066
name: models.architecture.block_type=cls
training.mode=gml_rollout
models.out_dim=10    avg_loss: -68.855064392090  time_per_window : 0.000367   progress : 0.076
name: models.architecture.block_type=cls
training.mode=gml_rollout
models.out_dim=10    avg_loss: -68.911155700684  time_per_window : 0.000322   progress : 0.087
name: models.architecture.block_type=cls
training.mode=gml_rollout
models.out_dim=10    avg_loss: -68.924034118652  time_per_window : 0.000345   progress : 0.098
name: models.architecture.block_type=cls
training.mode=gml_rollout
models.out_dim=10    avg_loss: -68.939880371094  time_per_window : 0.000358   progress : 0.109
name: models.architecture.block_type=cls
training.mode=gml_rollout
models.out_dim=10    avg_loss: -68.955276489258  time_per_window : 0.000305   progress : 0.120
name: models.architecture.block_type=cls
training.mode=gml_rollout
models.out_dim=10    avg_loss: -68.962623596191  time_per_window : 0.000336   progress : 0.131
name: models.architecture.block_type=cls
training.mode=gml_rollout
models.out_dim=10    avg_loss: -68.973266601562  time_per_window : 0.000308   progress : 0.142
name: models.architecture.block_type=cls
training.mode=gml_rollout
models.out_dim=10    avg_loss: -68.968032836914  time_per_window : 0.000320   progress : 0.153
name: models.architecture.block_type=cls
training.mode=gml_rollout
models.out_dim=10    avg_loss: -68.978713989258  time_per_window : 0.000318   progress : 0.164
name: models.architecture.block_type=cls
training.mode=gml_rollout
models.out_dim=10    avg_loss: -68.977714538574  time_per_window : 0.000365   progress : 0.175
name: models.architecture.block_type=cls
training.mode=gml_rollout
models.out_dim=10    avg_loss: -68.986846923828  time_per_window : 0.000333   progress : 0.186
name: models.architecture.block_type=cls
training.mode=gml_rollout
models.out_dim=10    avg_loss: -68.981925964355  time_per_window : 0.000326   progress : 0.197
name: models.architecture.block_type=cls
training.mode=gml_rollout
models.out_dim=10    avg_loss: -68.980087280273  time_per_window : 0.000313   progress : 0.208
name: models.architecture.block_type=cls
training.mode=gml_rollout
models.out_dim=10    avg_loss: -68.991767883301  time_per_window : 0.000317   progress : 0.218
name: models.architecture.block_type=cls
training.mode=gml_rollout
models.out_dim=10    avg_loss: -68.991096496582  time_per_window : 0.000307   progress : 0.229
name: models.architecture.block_type=cls
training.mode=gml_rollout
models.out_dim=10    avg_loss: -68.985656738281  time_per_window : 0.000322   progress : 0.240
name: models.architecture.block_type=cls
training.mode=gml_rollout
models.out_dim=10    avg_loss: -68.988929748535  time_per_window : 0.000351   progress : 0.251
name: models.architecture.block_type=cls
training.mode=gml_rollout
models.out_dim=10    avg_loss: -68.992164611816  time_per_window : 0.000347   progress : 0.262
name: models.architecture.block_type=cls
training.mode=gml_rollout
models.out_dim=10    avg_loss: -68.996772766113  time_per_window : 0.000309   progress : 0.273
name: models.architecture.block_type=cls
training.mode=gml_rollout
models.out_dim=10    avg_loss: -68.987861633301  time_per_window : 0.000288   progress : 0.284
name: models.architecture.block_type=cls
training.mode=gml_rollout
models.out_dim=10    avg_loss: -68.994956970215  time_per_window : 0.000315   progress : 0.295
name: models.architecture.block_type=cls
training.mode=gml_rollout
models.out_dim=10    avg_loss: -68.992805480957  time_per_window : 0.000329   progress : 0.306
name: models.architecture.block_type=cls
training.mode=gml_rollout
models.out_dim=10    avg_loss: -68.989837646484  time_per_window : 0.000382   progress : 0.317
name: models.architecture.block_type=cls
training.mode=gml_rollout
models.out_dim=10    avg_loss: -68.992729187012  time_per_window : 0.000344   progress : 0.328
name: models.architecture.block_type=cls
training.mode=gml_rollout
models.out_dim=10    avg_loss: -68.991424560547  time_per_window : 0.000304   progress : 0.339
name: models.architecture.block_type=cls
training.mode=gml_rollout
models.out_dim=10    avg_loss: -68.988662719727  time_per_window : 0.000315   progress : 0.350
name: models.architecture.block_type=cls
training.mode=gml_rollout
models.out_dim=10    avg_loss: -68.993286132812  time_per_window : 0.000320   progress : 0.360
name: models.architecture.block_type=cls
training.mode=gml_rollout
models.out_dim=10    avg_loss: -68.993270874023  time_per_window : 0.000332   progress : 0.371
name: models.architecture.block_type=cls
training.mode=gml_rollout
models.out_dim=10    avg_loss: -68.989006042480  time_per_window : 0.000308   progress : 0.382
name: models.architecture.block_type=cls
training.mode=gml_rollout
models.out_dim=10    avg_loss: -68.992927551270  time_per_window : 0.000313   progress : 0.393
name: models.architecture.block_type=cls
training.mode=gml_rollout
models.out_dim=10    avg_loss: -68.992378234863  time_per_window : 0.000297   progress : 0.404
name: models.architecture.block_type=cls
training.mode=gml_rollout
models.out_dim=10    avg_loss: -68.991310119629  time_per_window : 0.000297   progress : 0.415
name: models.architecture.block_type=cls
training.mode=gml_rollout
models.out_dim=10    avg_loss: -68.995758056641  time_per_window : 0.000333   progress : 0.426
name: models.architecture.block_type=cls
training.mode=gml_rollout
models.out_dim=10    avg_loss: -68.998817443848  time_per_window : 0.000385   progress : 0.437
name: models.architecture.block_type=cls
training.mode=gml_rollout
models.out_dim=10    avg_loss: -68.993255615234  time_per_window : 0.000289   progress : 0.448
name: models.architecture.block_type=cls
training.mode=gml_rollout
models.out_dim=10    avg_loss: -68.992385864258  time_per_window : 0.000334   progress : 0.459
name: models.architecture.block_type=cls
training.mode=gml_rollout
models.out_dim=10    avg_loss: -68.995712280273  time_per_window : 0.000371   progress : 0.470
name: models.architecture.block_type=cls
training.mode=gml_rollout
models.out_dim=10    avg_loss: -68.996910095215  time_per_window : 0.000341   progress : 0.481
name: models.architecture.block_type=cls
training.mode=gml_rollout
models.out_dim=10    avg_loss: -68.994522094727  time_per_window : 0.000328   progress : 0.492
name: models.architecture.block_type=cls
training.mode=gml_rollout
models.out_dim=10    avg_loss: -68.996330261230  time_per_window : 0.000301   progress : 0.502
name: models.architecture.block_type=cls
training.mode=gml_rollout
models.out_dim=10    avg_loss: -68.999313354492  time_per_window : 0.000303   progress : 0.513
name: models.architecture.block_type=cls
training.mode=gml_rollout
models.out_dim=10    avg_loss: -68.995414733887  time_per_window : 0.000374   progress : 0.524
name: models.architecture.block_type=cls
training.mode=gml_rollout
models.out_dim=10    avg_loss: -69.000663757324  time_per_window : 0.000352   progress : 0.535
name: models.architecture.block_type=cls
training.mode=gml_rollout
models.out_dim=10    avg_loss: -68.993217468262  time_per_window : 0.000377   progress : 0.546
name: models.architecture.block_type=cls
training.mode=gml_rollout
models.out_dim=10    avg_loss: -68.996368408203  time_per_window : 0.000314   progress : 0.557
name: models.architecture.block_type=cls
training.mode=gml_rollout
models.out_dim=10    avg_loss: -68.996665954590  time_per_window : 0.000303   progress : 0.568
name: models.architecture.block_type=cls
training.mode=gml_rollout
models.out_dim=10    avg_loss: -68.994926452637  time_per_window : 0.000302   progress : 0.579
name: models.architecture.block_type=cls
training.mode=gml_rollout
models.out_dim=10    avg_loss: -68.993827819824  time_per_window : 0.000306   progress : 0.590
name: models.architecture.block_type=cls
training.mode=gml_rollout
models.out_dim=10    avg_loss: -68.998832702637  time_per_window : 0.000307   progress : 0.601
name: models.architecture.block_type=cls
training.mode=gml_rollout
models.out_dim=10    avg_loss: -69.001411437988  time_per_window : 0.000322   progress : 0.612
name: models.architecture.block_type=cls
training.mode=gml_rollout
models.out_dim=10    avg_loss: -69.001922607422  time_per_window : 0.000370   progress : 0.623
name: models.architecture.block_type=cls
training.mode=gml_rollout
models.out_dim=10    avg_loss: -69.002784729004  time_per_window : 0.000346   progress : 0.634
name: models.architecture.block_type=cls
training.mode=gml_rollout
models.out_dim=10    avg_loss: -68.997299194336  time_per_window : 0.000306   progress : 0.644
name: models.architecture.block_type=cls
training.mode=gml_rollout
models.out_dim=10    avg_loss: -69.000541687012  time_per_window : 0.000338   progress : 0.655
name: models.architecture.block_type=cls
training.mode=gml_rollout
models.out_dim=10    avg_loss: -69.002311706543  time_per_window : 0.000340   progress : 0.666
name: models.architecture.block_type=cls
training.mode=gml_rollout
models.out_dim=10    avg_loss: -68.999015808105  time_per_window : 0.000293   progress : 0.677
name: models.architecture.block_type=cls
training.mode=gml_rollout
models.out_dim=10    avg_loss: -69.002395629883  time_per_window : 0.000346   progress : 0.688
name: models.architecture.block_type=cls
training.mode=gml_rollout
models.out_dim=10    avg_loss: -68.997238159180  time_per_window : 0.000330   progress : 0.699
name: models.architecture.block_type=cls
training.mode=gml_rollout
models.out_dim=10    avg_loss: -68.995796203613  time_per_window : 0.000380   progress : 0.710
name: models.architecture.block_type=cls
training.mode=gml_rollout
models.out_dim=10    avg_loss: -69.002212524414  time_per_window : 0.000330   progress : 0.721
name: models.architecture.block_type=cls
training.mode=gml_rollout
models.out_dim=10    avg_loss: -69.002777099609  time_per_window : 0.000326   progress : 0.732
name: models.architecture.block_type=cls
training.mode=gml_rollout
models.out_dim=10    avg_loss: -69.002731323242  time_per_window : 0.000359   progress : 0.743
name: models.architecture.block_type=cls
training.mode=gml_rollout
models.out_dim=10    avg_loss: -69.002151489258  time_per_window : 0.000334   progress : 0.754
name: models.architecture.block_type=cls
training.mode=gml_rollout
models.out_dim=10    avg_loss: -68.998184204102  time_per_window : 0.000321   progress : 0.765
name: models.architecture.block_type=cls
training.mode=gml_rollout
models.out_dim=10    avg_loss: -69.001602172852  time_per_window : 0.000373   progress : 0.775
name: models.architecture.block_type=cls
training.mode=gml_rollout
models.out_dim=10    avg_loss: -69.001609802246  time_per_window : 0.000300   progress : 0.786
name: models.architecture.block_type=cls
training.mode=gml_rollout
models.out_dim=10    avg_loss: -69.000831604004  time_per_window : 0.000320   progress : 0.797
name: models.architecture.block_type=cls
training.mode=gml_rollout
models.out_dim=10    avg_loss: -68.997695922852  time_per_window : 0.000367   progress : 0.808
name: models.architecture.block_type=cls
training.mode=gml_rollout
models.out_dim=10    avg_loss: -69.002616882324  time_per_window : 0.000364   progress : 0.819
name: models.architecture.block_type=cls
training.mode=gml_rollout
models.out_dim=10    avg_loss: -69.003524780273  time_per_window : 0.000297   progress : 0.830
name: models.architecture.block_type=cls
training.mode=gml_rollout
models.out_dim=10    avg_loss: -69.001083374023  time_per_window : 0.000350   progress : 0.841
name: models.architecture.block_type=cls
training.mode=gml_rollout
models.out_dim=10    avg_loss: -69.005210876465  time_per_window : 0.000306   progress : 0.852
name: models.architecture.block_type=cls
training.mode=gml_rollout
models.out_dim=10    avg_loss: -69.005859375000  time_per_window : 0.000286   progress : 0.863
name: models.architecture.block_type=cls
training.mode=gml_rollout
models.out_dim=10    avg_loss: -69.002304077148  time_per_window : 0.000361   progress : 0.874
name: models.architecture.block_type=cls
training.mode=gml_rollout
models.out_dim=10    avg_loss: -69.003784179688  time_per_window : 0.000337   progress : 0.885
name: models.architecture.block_type=cls
training.mode=gml_rollout
models.out_dim=10    avg_loss: -68.998817443848  time_per_window : 0.000304   progress : 0.896
name: models.architecture.block_type=cls
training.mode=gml_rollout
models.out_dim=10    avg_loss: -69.001632690430  time_per_window : 0.000333   progress : 0.907
name: models.architecture.block_type=cls
training.mode=gml_rollout
models.out_dim=10    avg_loss: -69.003921508789  time_per_window : 0.000337   progress : 0.917
name: models.architecture.block_type=cls
training.mode=gml_rollout
models.out_dim=10    avg_loss: -68.999740600586  time_per_window : 0.000310   progress : 0.928
name: models.architecture.block_type=cls
training.mode=gml_rollout
models.out_dim=10    avg_loss: -69.002929687500  time_per_window : 0.000341   progress : 0.939
name: models.architecture.block_type=cls
training.mode=gml_rollout
models.out_dim=10    avg_loss: -68.987899780273  time_per_window : 0.000305   progress : 0.950
name: models.architecture.block_type=cls
training.mode=gml_rollout
models.out_dim=10    avg_loss: -69.003273010254  time_per_window : 0.000287   progress : 0.961
name: models.architecture.block_type=cls
training.mode=gml_rollout
models.out_dim=10    avg_loss: -68.999687194824  time_per_window : 0.000307   progress : 0.972
name: models.architecture.block_type=cls
training.mode=gml_rollout
models.out_dim=10    avg_loss: -69.004455566406  time_per_window : 0.000318   progress : 0.983
name: models.architecture.block_type=cls
training.mode=gml_rollout
models.out_dim=10    avg_loss: -69.006301879883  time_per_window : 0.000344   progress : 0.994
DONE!!!
