/home/jdihardjo/miniconda3/envs/mavenv/lib/python3.11/site-packages/hydra/_internal/defaults_list.py:251: UserWarning: In 'config': Defaults list is missing `_self_`. See https://hydra.cc/docs/1.2/upgrades/1.0_to_1.1/default_composition_order for more information
  warnings.warn(msg, UserWarning)
Using cuda device
[2026-07-23 15:36:33,155][HYDRA] Joblib.Parallel(n_jobs=4,backend=loky,prefer=processes,require=None,verbose=0,timeout=None,pre_dispatch=2*n_jobs,batch_size=auto,temp_folder=None,max_nbytes=None,mmap_mode=r) is launching 1 jobs
[2026-07-23 15:36:33,155][HYDRA] Launching jobs, sweep output dir : ablation_runs/2026-07-23_15-36-25/cls_gml_out6
[2026-07-23 15:36:33,155][HYDRA] 	#0 : models.architecture.block_type=cls training.mode=gml_rollout models.out_dim=6
/home/jdihardjo/miniconda3/envs/mavenv/lib/python3.11/site-packages/hydra/_internal/defaults_list.py:251: UserWarning: In 'config': Defaults list is missing `_self_`. See https://hydra.cc/docs/1.2/upgrades/1.0_to_1.1/default_composition_order for more information
  warnings.warn(msg, UserWarning)
models:
  n_dim: 23
  out_dim: 6
  architecture:
    d_model: 128
    n_encoder_layers: 2
    n_decoder_layers: 0
    block_type: cls
    time_adapter: last_token
    in_norm: none
    out_norm: none
    layer_scale: 0.0001
    drop_path: 0.05
    mamba_type: mamba
    mamba_kwargs:
      d_state: 16
      d_conv: 2
      expand: 2
      norm: rms
    skip: false
    cls_kwargs:
      n_heads: 2
      n_mlp: 2
      positional_encoding: false
      max_len: 5000
input_len: 32
output_len: 1
batch_size: 128
epochs: 5
seed: 0
dataset:
  path: /home/jdihardjo/simdata/train.zarr/
  training_size: 1500000
evaluation:
  path: /home/jdihardjo/simdata/evaluation.zarr/
  evaluation_size: 50
training:
  mode: gml_rollout
  lr: 0.0002
  weight_decay: 0.1
  rollout_steps: 16
checkpoint:
  save_path: hydra-test.pth
  load: false
  path: hydra-test.pth
compile: true

/home/jdihardjo/miniconda3/envs/mavenv/lib/python3.11/site-packages/torch/_inductor/cudagraph_trees.py:2622: UserWarning: Unable to hit fast path of CUDAGraphs because outputs from a previous step still require backward. Ensure backward() is invoked or detach outputs. You may also call torch.compiler.cudagraph_mark_step_begin() before each model invocation.
  warnings.warn(
name: models.architecture.block_type=cls
training.mode=gml_rollout
models.out_dim=6    avg_loss: 0.000278622640  time_per_window : 0.000263   progress : 0.011
name: models.architecture.block_type=cls
training.mode=gml_rollout
models.out_dim=6    avg_loss: 0.000000538814  time_per_window : 0.000269   progress : 0.022
name: models.architecture.block_type=cls
training.mode=gml_rollout
models.out_dim=6    avg_loss: 0.000000350604  time_per_window : 0.000269   progress : 0.033
name: models.architecture.block_type=cls
training.mode=gml_rollout
models.out_dim=6    avg_loss: 0.000000303452  time_per_window : 0.000253   progress : 0.044
name: models.architecture.block_type=cls
training.mode=gml_rollout
models.out_dim=6    avg_loss: 0.000000260560  time_per_window : 0.000272   progress : 0.055
name: models.architecture.block_type=cls
training.mode=gml_rollout
models.out_dim=6    avg_loss: 0.000000231429  time_per_window : 0.000266   progress : 0.066
name: models.architecture.block_type=cls
training.mode=gml_rollout
models.out_dim=6    avg_loss: 0.000000210885  time_per_window : 0.000255   progress : 0.076
name: models.architecture.block_type=cls
training.mode=gml_rollout
models.out_dim=6    avg_loss: 0.000000191390  time_per_window : 0.000263   progress : 0.087
name: models.architecture.block_type=cls
training.mode=gml_rollout
models.out_dim=6    avg_loss: 0.000000176223  time_per_window : 0.000277   progress : 0.098
name: models.architecture.block_type=cls
training.mode=gml_rollout
models.out_dim=6    avg_loss: 0.000000167780  time_per_window : 0.000259   progress : 0.109
name: models.architecture.block_type=cls
training.mode=gml_rollout
models.out_dim=6    avg_loss: 0.000000148461  time_per_window : 0.000255   progress : 0.120
name: models.architecture.block_type=cls
training.mode=gml_rollout
models.out_dim=6    avg_loss: 0.000000136193  time_per_window : 0.000269   progress : 0.131
name: models.architecture.block_type=cls
training.mode=gml_rollout
models.out_dim=6    avg_loss: 0.000000127096  time_per_window : 0.000266   progress : 0.142
name: models.architecture.block_type=cls
training.mode=gml_rollout
models.out_dim=6    avg_loss: 0.000000119895  time_per_window : 0.000270   progress : 0.153
name: models.architecture.block_type=cls
training.mode=gml_rollout
models.out_dim=6    avg_loss: 0.000000113695  time_per_window : 0.000265   progress : 0.164
name: models.architecture.block_type=cls
training.mode=gml_rollout
models.out_dim=6    avg_loss: 0.000000104446  time_per_window : 0.000251   progress : 0.175
name: models.architecture.block_type=cls
training.mode=gml_rollout
models.out_dim=6    avg_loss: 0.000000101853  time_per_window : 0.000267   progress : 0.186
name: models.architecture.block_type=cls
training.mode=gml_rollout
models.out_dim=6    avg_loss: 0.000000100820  time_per_window : 0.000259   progress : 0.197
name: models.architecture.block_type=cls
training.mode=gml_rollout
models.out_dim=6    avg_loss: 0.000000105781  time_per_window : 0.000256   progress : 0.208
name: models.architecture.block_type=cls
training.mode=gml_rollout
models.out_dim=6    avg_loss: 0.000000100548  time_per_window : 0.000270   progress : 0.218
name: models.architecture.block_type=cls
training.mode=gml_rollout
models.out_dim=6    avg_loss: 0.000000116732  time_per_window : 0.000281   progress : 0.229
name: models.architecture.block_type=cls
training.mode=gml_rollout
models.out_dim=6    avg_loss: 0.000000124578  time_per_window : 0.000275   progress : 0.240
name: models.architecture.block_type=cls
training.mode=gml_rollout
models.out_dim=6    avg_loss: 0.000000111731  time_per_window : 0.000249   progress : 0.251
name: models.architecture.block_type=cls
training.mode=gml_rollout
models.out_dim=6    avg_loss: 0.000000121505  time_per_window : 0.000262   progress : 0.262
name: models.architecture.block_type=cls
training.mode=gml_rollout
models.out_dim=6    avg_loss: 0.000000116015  time_per_window : 0.000268   progress : 0.273
name: models.architecture.block_type=cls
training.mode=gml_rollout
models.out_dim=6    avg_loss: 0.000000153791  time_per_window : 0.000261   progress : 0.284
name: models.architecture.block_type=cls
training.mode=gml_rollout
models.out_dim=6    avg_loss: 0.000000132548  time_per_window : 0.000276   progress : 0.295
name: models.architecture.block_type=cls
training.mode=gml_rollout
models.out_dim=6    avg_loss: 0.000000139307  time_per_window : 0.000256   progress : 0.306
name: models.architecture.block_type=cls
training.mode=gml_rollout
models.out_dim=6    avg_loss: 0.000000154381  time_per_window : 0.000247   progress : 0.317
name: models.architecture.block_type=cls
training.mode=gml_rollout
models.out_dim=6    avg_loss: 0.000000146738  time_per_window : 0.000264   progress : 0.328
name: models.architecture.block_type=cls
training.mode=gml_rollout
models.out_dim=6    avg_loss: 0.000000148609  time_per_window : 0.000278   progress : 0.339
name: models.architecture.block_type=cls
training.mode=gml_rollout
models.out_dim=6    avg_loss: 0.000000143012  time_per_window : 0.000272   progress : 0.350
name: models.architecture.block_type=cls
training.mode=gml_rollout
models.out_dim=6    avg_loss: 0.000000123783  time_per_window : 0.000281   progress : 0.360
name: models.architecture.block_type=cls
training.mode=gml_rollout
models.out_dim=6    avg_loss: 0.000000177326  time_per_window : 0.000264   progress : 0.371
name: models.architecture.block_type=cls
training.mode=gml_rollout
models.out_dim=6    avg_loss: 0.000000146691  time_per_window : 0.000264   progress : 0.382
name: models.architecture.block_type=cls
training.mode=gml_rollout
models.out_dim=6    avg_loss: 0.000000156655  time_per_window : 0.000301   progress : 0.393
name: models.architecture.block_type=cls
training.mode=gml_rollout
models.out_dim=6    avg_loss: 0.000000163525  time_per_window : 0.000269   progress : 0.404
name: models.architecture.block_type=cls
training.mode=gml_rollout
models.out_dim=6    avg_loss: 0.000000128683  time_per_window : 0.000265   progress : 0.415
name: models.architecture.block_type=cls
training.mode=gml_rollout
models.out_dim=6    avg_loss: 0.000000155669  time_per_window : 0.000259   progress : 0.426
name: models.architecture.block_type=cls
training.mode=gml_rollout
models.out_dim=6    avg_loss: 0.000000145051  time_per_window : 0.000255   progress : 0.437
name: models.architecture.block_type=cls
training.mode=gml_rollout
models.out_dim=6    avg_loss: 0.000000201855  time_per_window : 0.000276   progress : 0.448
name: models.architecture.block_type=cls
training.mode=gml_rollout
models.out_dim=6    avg_loss: 0.000000113015  time_per_window : 0.000264   progress : 0.459
name: models.architecture.block_type=cls
training.mode=gml_rollout
models.out_dim=6    avg_loss: 0.000000147578  time_per_window : 0.000273   progress : 0.470
name: models.architecture.block_type=cls
training.mode=gml_rollout
models.out_dim=6    avg_loss: 0.000000128899  time_per_window : 0.000258   progress : 0.481
name: models.architecture.block_type=cls
training.mode=gml_rollout
models.out_dim=6    avg_loss: 0.000000146243  time_per_window : 0.000294   progress : 0.492
name: models.architecture.block_type=cls
training.mode=gml_rollout
models.out_dim=6    avg_loss: 0.000000163851  time_per_window : 0.000275   progress : 0.502
name: models.architecture.block_type=cls
training.mode=gml_rollout
models.out_dim=6    avg_loss: 0.000000147613  time_per_window : 0.000256   progress : 0.513
name: models.architecture.block_type=cls
training.mode=gml_rollout
models.out_dim=6    avg_loss: 0.000000140059  time_per_window : 0.000266   progress : 0.524
name: models.architecture.block_type=cls
training.mode=gml_rollout
models.out_dim=6    avg_loss: 0.000000127957  time_per_window : 0.000271   progress : 0.535
name: models.architecture.block_type=cls
training.mode=gml_rollout
models.out_dim=6    avg_loss: 0.000000157037  time_per_window : 0.000271   progress : 0.546
name: models.architecture.block_type=cls
training.mode=gml_rollout
models.out_dim=6    avg_loss: 0.000000141658  time_per_window : 0.000271   progress : 0.557
name: models.architecture.block_type=cls
training.mode=gml_rollout
models.out_dim=6    avg_loss: 0.000000140144  time_per_window : 0.000253   progress : 0.568/home/jdihardjo/miniconda3/envs/mavenv/lib/python3.11/site-packages/torch/_inductor/cudagraph_trees.py:2622: UserWarning: Unable to hit fast path of CUDAGraphs because outputs from a previous step still require backward. Ensure backward() is invoked or detach outputs. You may also call torch.compiler.cudagraph_mark_step_begin() before each model invocation.
  warnings.warn(
/home/jdihardjo/miniconda3/envs/mavenv/lib/python3.11/site-packages/torch/_inductor/cudagraph_trees.py:2622: UserWarning: Unable to hit fast path of CUDAGraphs because outputs from a previous step still require backward. Ensure backward() is invoked or detach outputs. You may also call torch.compiler.cudagraph_mark_step_begin() before each model invocation.
  warnings.warn(

name: models.architecture.block_type=cls
training.mode=gml_rollout
models.out_dim=6    avg_loss: 0.000000142123  time_per_window : 0.000280   progress : 0.579
name: models.architecture.block_type=cls
training.mode=gml_rollout
models.out_dim=6    avg_loss: 0.000000110931  time_per_window : 0.000262   progress : 0.590
name: models.architecture.block_type=cls
training.mode=gml_rollout
models.out_dim=6    avg_loss: 0.000000152571  time_per_window : 0.000268   progress : 0.601
name: models.architecture.block_type=cls
training.mode=gml_rollout
models.out_dim=6    avg_loss: 0.000000146276  time_per_window : 0.000307   progress : 0.612
name: models.architecture.block_type=cls
training.mode=gml_rollout
models.out_dim=6    avg_loss: 0.000000108910  time_per_window : 0.000275   progress : 0.623
name: models.architecture.block_type=cls
training.mode=gml_rollout
models.out_dim=6    avg_loss: 0.000000131708  time_per_window : 0.000268   progress : 0.634
name: models.architecture.block_type=cls
training.mode=gml_rollout
models.out_dim=6    avg_loss: 0.000000125050  time_per_window : 0.000260   progress : 0.644
name: models.architecture.block_type=cls
training.mode=gml_rollout
models.out_dim=6    avg_loss: 0.000000128928  time_per_window : 0.000282   progress : 0.655
name: models.architecture.block_type=cls
training.mode=gml_rollout
models.out_dim=6    avg_loss: 0.000000128307  time_per_window : 0.000277   progress : 0.666
name: models.architecture.block_type=cls
training.mode=gml_rollout
models.out_dim=6    avg_loss: 0.000000118956  time_per_window : 0.000261   progress : 0.677
name: models.architecture.block_type=cls
training.mode=gml_rollout
models.out_dim=6    avg_loss: 0.000000127801  time_per_window : 0.000254   progress : 0.688
name: models.architecture.block_type=cls
training.mode=gml_rollout
models.out_dim=6    avg_loss: 0.000000128666  time_per_window : 0.000259   progress : 0.699
name: models.architecture.block_type=cls
training.mode=gml_rollout
models.out_dim=6    avg_loss: 0.000000125882  time_per_window : 0.000261   progress : 0.710
name: models.architecture.block_type=cls
training.mode=gml_rollout
models.out_dim=6    avg_loss: 0.000000117789  time_per_window : 0.000277   progress : 0.721
name: models.architecture.block_type=cls
training.mode=gml_rollout
models.out_dim=6    avg_loss: 0.000000130342  time_per_window : 0.000269   progress : 0.732
name: models.architecture.block_type=cls
training.mode=gml_rollout
models.out_dim=6    avg_loss: 0.000000120551  time_per_window : 0.000247   progress : 0.743
name: models.architecture.block_type=cls
training.mode=gml_rollout
models.out_dim=6    avg_loss: 0.000000099888  time_per_window : 0.000263   progress : 0.754
name: models.architecture.block_type=cls
training.mode=gml_rollout
models.out_dim=6    avg_loss: 0.000000121415  time_per_window : 0.000270   progress : 0.765
name: models.architecture.block_type=cls
training.mode=gml_rollout
models.out_dim=6    avg_loss: 0.000000129941  time_per_window : 0.000251   progress : 0.775
name: models.architecture.block_type=cls
training.mode=gml_rollout
models.out_dim=6    avg_loss: 0.000000115201  time_per_window : 0.000266   progress : 0.786
name: models.architecture.block_type=cls
training.mode=gml_rollout
models.out_dim=6    avg_loss: 0.000000107693  time_per_window : 0.000273   progress : 0.797
name: models.architecture.block_type=cls
training.mode=gml_rollout
models.out_dim=6    avg_loss: 0.000000094565  time_per_window : 0.000260   progress : 0.808
name: models.architecture.block_type=cls
training.mode=gml_rollout
models.out_dim=6    avg_loss: 0.000000111463  time_per_window : 0.000259   progress : 0.819
name: models.architecture.block_type=cls
training.mode=gml_rollout
models.out_dim=6    avg_loss: 0.000000108998  time_per_window : 0.000282   progress : 0.830
name: models.architecture.block_type=cls
training.mode=gml_rollout
models.out_dim=6    avg_loss: 0.000000094521  time_per_window : 0.000275   progress : 0.841
name: models.architecture.block_type=cls
training.mode=gml_rollout
models.out_dim=6    avg_loss: 0.000000117788  time_per_window : 0.000255   progress : 0.852
name: models.architecture.block_type=cls
training.mode=gml_rollout
models.out_dim=6    avg_loss: 0.000000110008  time_per_window : 0.000274   progress : 0.863
name: models.architecture.block_type=cls
training.mode=gml_rollout
models.out_dim=6    avg_loss: 0.000000098451  time_per_window : 0.000253   progress : 0.874
name: models.architecture.block_type=cls
training.mode=gml_rollout
models.out_dim=6    avg_loss: 0.000000114122  time_per_window : 0.000265   progress : 0.885
name: models.architecture.block_type=cls
training.mode=gml_rollout
models.out_dim=6    avg_loss: 0.000000083915  time_per_window : 0.000266   progress : 0.896
name: models.architecture.block_type=cls
training.mode=gml_rollout
models.out_dim=6    avg_loss: 0.000000093013  time_per_window : 0.000293   progress : 0.907
name: models.architecture.block_type=cls
training.mode=gml_rollout
models.out_dim=6    avg_loss: 0.000000122266  time_per_window : 0.000258   progress : 0.917
name: models.architecture.block_type=cls
training.mode=gml_rollout
models.out_dim=6    avg_loss: 0.000000093031  time_per_window : 0.000248   progress : 0.928
name: models.architecture.block_type=cls
training.mode=gml_rollout
models.out_dim=6    avg_loss: 0.000000100483  time_per_window : 0.000276   progress : 0.939
name: models.architecture.block_type=cls
training.mode=gml_rollout
models.out_dim=6    avg_loss: 0.000000104147  time_per_window : 0.000281   progress : 0.950
name: models.architecture.block_type=cls
training.mode=gml_rollout
models.out_dim=6    avg_loss: 0.000000090382  time_per_window : 0.000262   progress : 0.961
name: models.architecture.block_type=cls
training.mode=gml_rollout
models.out_dim=6    avg_loss: 0.000000098237  time_per_window : 0.000270   progress : 0.972
name: models.architecture.block_type=cls
training.mode=gml_rollout
models.out_dim=6    avg_loss: 0.000000088652  time_per_window : 0.000239   progress : 0.983
name: models.architecture.block_type=cls
training.mode=gml_rollout
models.out_dim=6    avg_loss: 0.000000096945  time_per_window : 0.000269   progress : 0.994
name: models.architecture.block_type=cls
training.mode=gml_rollout
models.out_dim=6    avg_loss: 0.000000352886  time_per_window : 0.000284   progress : 0.011
name: models.architecture.block_type=cls
training.mode=gml_rollout
models.out_dim=6    avg_loss: 0.000000088462  time_per_window : 0.000312   progress : 0.022
name: models.architecture.block_type=cls
training.mode=gml_rollout
models.out_dim=6    avg_loss: 0.000000087624  time_per_window : 0.000273   progress : 0.033
name: models.architecture.block_type=cls
training.mode=gml_rollout
models.out_dim=6    avg_loss: 0.000000094223  time_per_window : 0.000270   progress : 0.044
name: models.architecture.block_type=cls
training.mode=gml_rollout
models.out_dim=6    avg_loss: 0.000000093828  time_per_window : 0.000272   progress : 0.055
name: models.architecture.block_type=cls
training.mode=gml_rollout
models.out_dim=6    avg_loss: 0.000000089552  time_per_window : 0.000277   progress : 0.066
name: models.architecture.block_type=cls
training.mode=gml_rollout
models.out_dim=6    avg_loss: 0.000000097822  time_per_window : 0.000305   progress : 0.076
name: models.architecture.block_type=cls
training.mode=gml_rollout
models.out_dim=6    avg_loss: 0.000000093927  time_per_window : 0.000300   progress : 0.087
name: models.architecture.block_type=cls
training.mode=gml_rollout
models.out_dim=6    avg_loss: 0.000000087732  time_per_window : 0.000280   progress : 0.098
name: models.architecture.block_type=cls
training.mode=gml_rollout
models.out_dim=6    avg_loss: 0.000000093050  time_per_window : 0.000285   progress : 0.109
name: models.architecture.block_type=cls
training.mode=gml_rollout
models.out_dim=6    avg_loss: 0.000000085298  time_per_window : 0.000283   progress : 0.120
name: models.architecture.block_type=cls
training.mode=gml_rollout
models.out_dim=6    avg_loss: 0.000000086887  time_per_window : 0.000270   progress : 0.131
name: models.architecture.block_type=cls
training.mode=gml_rollout
models.out_dim=6    avg_loss: 0.000000093185  time_per_window : 0.000320   progress : 0.142
name: models.architecture.block_type=cls
training.mode=gml_rollout
models.out_dim=6    avg_loss: 0.000000096816  time_per_window : 0.000288   progress : 0.153
name: models.architecture.block_type=cls
training.mode=gml_rollout
models.out_dim=6    avg_loss: 0.000000089317  time_per_window : 0.000291   progress : 0.164
name: models.architecture.block_type=cls
training.mode=gml_rollout
models.out_dim=6    avg_loss: 0.000000083156  time_per_window : 0.000298   progress : 0.175
name: models.architecture.block_type=cls
training.mode=gml_rollout
models.out_dim=6    avg_loss: 0.000000097209  time_per_window : 0.000254   progress : 0.186
name: models.architecture.block_type=cls
training.mode=gml_rollout
models.out_dim=6    avg_loss: 0.000000079256  time_per_window : 0.000302   progress : 0.197
name: models.architecture.block_type=cls
training.mode=gml_rollout
models.out_dim=6    avg_loss: 0.000000081451  time_per_window : 0.000291   progress : 0.208
name: models.architecture.block_type=cls
training.mode=gml_rollout
models.out_dim=6    avg_loss: 0.000000084875  time_per_window : 0.000299   progress : 0.218
name: models.architecture.block_type=cls
training.mode=gml_rollout
models.out_dim=6    avg_loss: 0.000000081366  time_per_window : 0.000297   progress : 0.229
name: models.architecture.block_type=cls
training.mode=gml_rollout
models.out_dim=6    avg_loss: 0.000000070488  time_per_window : 0.000298   progress : 0.240
name: models.architecture.block_type=cls
training.mode=gml_rollout
models.out_dim=6    avg_loss: 0.000000103707  time_per_window : 0.000286   progress : 0.251
name: models.architecture.block_type=cls
training.mode=gml_rollout
models.out_dim=6    avg_loss: 0.000000083805  time_per_window : 0.000266   progress : 0.262
name: models.architecture.block_type=cls
training.mode=gml_rollout
models.out_dim=6    avg_loss: 0.000000081309  time_per_window : 0.000271   progress : 0.273
name: models.architecture.block_type=cls
training.mode=gml_rollout
models.out_dim=6    avg_loss: 0.000000071826  time_per_window : 0.000293   progress : 0.284
name: models.architecture.block_type=cls
training.mode=gml_rollout
models.out_dim=6    avg_loss: 0.000000077701  time_per_window : 0.000265   progress : 0.295
name: models.architecture.block_type=cls
training.mode=gml_rollout
models.out_dim=6    avg_loss: 0.000000072991  time_per_window : 0.000271   progress : 0.306
name: models.architecture.block_type=cls
training.mode=gml_rollout
models.out_dim=6    avg_loss: 0.000000079089  time_per_window : 0.000281   progress : 0.317
name: models.architecture.block_type=cls
training.mode=gml_rollout
models.out_dim=6    avg_loss: 0.000000076639  time_per_window : 0.000272   progress : 0.328
name: models.architecture.block_type=cls
training.mode=gml_rollout
models.out_dim=6    avg_loss: 0.000000075760  time_per_window : 0.000275   progress : 0.339
name: models.architecture.block_type=cls
training.mode=gml_rollout
models.out_dim=6    avg_loss: 0.000000081099  time_per_window : 0.000296   progress : 0.350
name: models.architecture.block_type=cls
training.mode=gml_rollout
models.out_dim=6    avg_loss: 0.000000064939  time_per_window : 0.000270   progress : 0.360
name: models.architecture.block_type=cls
training.mode=gml_rollout
models.out_dim=6    avg_loss: 0.000000085292  time_per_window : 0.000283   progress : 0.371
name: models.architecture.block_type=cls
training.mode=gml_rollout
models.out_dim=6    avg_loss: 0.000000070619  time_per_window : 0.000293   progress : 0.382
name: models.architecture.block_type=cls
training.mode=gml_rollout
models.out_dim=6    avg_loss: 0.000000078691  time_per_window : 0.000275   progress : 0.393
name: models.architecture.block_type=cls
training.mode=gml_rollout
models.out_dim=6    avg_loss: 0.000000080902  time_per_window : 0.000290   progress : 0.404
name: models.architecture.block_type=cls
training.mode=gml_rollout
models.out_dim=6    avg_loss: 0.000000069826  time_per_window : 0.000290   progress : 0.415
name: models.architecture.block_type=cls
training.mode=gml_rollout
models.out_dim=6    avg_loss: 0.000000066052  time_per_window : 0.000300   progress : 0.426
name: models.architecture.block_type=cls
training.mode=gml_rollout
models.out_dim=6    avg_loss: 0.000000084669  time_per_window : 0.000289   progress : 0.437
name: models.architecture.block_type=cls
training.mode=gml_rollout
models.out_dim=6    avg_loss: 0.000000074055  time_per_window : 0.000289   progress : 0.448
name: models.architecture.block_type=cls
training.mode=gml_rollout
models.out_dim=6    avg_loss: 0.000000068833  time_per_window : 0.000295   progress : 0.459
name: models.architecture.block_type=cls
training.mode=gml_rollout
models.out_dim=6    avg_loss: 0.000000072313  time_per_window : 0.000294   progress : 0.470
name: models.architecture.block_type=cls
training.mode=gml_rollout
models.out_dim=6    avg_loss: 0.000000074503  time_per_window : 0.000283   progress : 0.481
name: models.architecture.block_type=cls
training.mode=gml_rollout
models.out_dim=6    avg_loss: 0.000000071076  time_per_window : 0.000259   progress : 0.492
name: models.architecture.block_type=cls
training.mode=gml_rollout
models.out_dim=6    avg_loss: 0.000000078865  time_per_window : 0.000270   progress : 0.502
name: models.architecture.block_type=cls
training.mode=gml_rollout
models.out_dim=6    avg_loss: 0.000000071918  time_per_window : 0.000271   progress : 0.513
name: models.architecture.block_type=cls
training.mode=gml_rollout
models.out_dim=6    avg_loss: 0.000000065590  time_per_window : 0.000272   progress : 0.524
name: models.architecture.block_type=cls
training.mode=gml_rollout
models.out_dim=6    avg_loss: 0.000000061763  time_per_window : 0.000315   progress : 0.535
name: models.architecture.block_type=cls
training.mode=gml_rollout
models.out_dim=6    avg_loss: 0.000000061677  time_per_window : 0.000282   progress : 0.546
name: models.architecture.block_type=cls
training.mode=gml_rollout
models.out_dim=6    avg_loss: 0.000000070106  time_per_window : 0.000257   progress : 0.557
name: models.architecture.block_type=cls
training.mode=gml_rollout
models.out_dim=6    avg_loss: 0.000000069440  time_per_window : 0.000284   progress : 0.568
name: models.architecture.block_type=cls
training.mode=gml_rollout
models.out_dim=6    avg_loss: 0.000000067411  time_per_window : 0.000278   progress : 0.579
name: models.architecture.block_type=cls
training.mode=gml_rollout
models.out_dim=6    avg_loss: 0.000000067891  time_per_window : 0.000267   progress : 0.590
name: models.architecture.block_type=cls
training.mode=gml_rollout
models.out_dim=6    avg_loss: 0.000000059821  time_per_window : 0.000308   progress : 0.601
name: models.architecture.block_type=cls
training.mode=gml_rollout
models.out_dim=6    avg_loss: 0.000000067769  time_per_window : 0.000291   progress : 0.612
name: models.architecture.block_type=cls
training.mode=gml_rollout
models.out_dim=6    avg_loss: 0.000000065936  time_per_window : 0.000275   progress : 0.623
name: models.architecture.block_type=cls
training.mode=gml_rollout
models.out_dim=6    avg_loss: 0.000000072859  time_per_window : 0.000277   progress : 0.634
name: models.architecture.block_type=cls
training.mode=gml_rollout
models.out_dim=6    avg_loss: 0.000000060113  time_per_window : 0.000278   progress : 0.644
name: models.architecture.block_type=cls
training.mode=gml_rollout
models.out_dim=6    avg_loss: 0.000000062134  time_per_window : 0.000289   progress : 0.655
name: models.architecture.block_type=cls
training.mode=gml_rollout
models.out_dim=6    avg_loss: 0.000000057058  time_per_window : 0.000326   progress : 0.666
name: models.architecture.block_type=cls
training.mode=gml_rollout
models.out_dim=6    avg_loss: 0.000000064706  time_per_window : 0.000279   progress : 0.677
name: models.architecture.block_type=cls
training.mode=gml_rollout
models.out_dim=6    avg_loss: 0.000000066054  time_per_window : 0.000298   progress : 0.688
name: models.architecture.block_type=cls
training.mode=gml_rollout
models.out_dim=6    avg_loss: 0.000000055630  time_per_window : 0.000310   progress : 0.699
name: models.architecture.block_type=cls
training.mode=gml_rollout
models.out_dim=6    avg_loss: 0.000000059246  time_per_window : 0.000298   progress : 0.710
name: models.architecture.block_type=cls
training.mode=gml_rollout
models.out_dim=6    avg_loss: 0.000000060718  time_per_window : 0.000279   progress : 0.721
name: models.architecture.block_type=cls
training.mode=gml_rollout
models.out_dim=6    avg_loss: 0.000000068568  time_per_window : 0.000270   progress : 0.732
name: models.architecture.block_type=cls
training.mode=gml_rollout
models.out_dim=6    avg_loss: 0.000000060150  time_per_window : 0.000288   progress : 0.743
name: models.architecture.block_type=cls
training.mode=gml_rollout
models.out_dim=6    avg_loss: 0.000000057721  time_per_window : 0.000265   progress : 0.754
name: models.architecture.block_type=cls
training.mode=gml_rollout
models.out_dim=6    avg_loss: 0.000000058244  time_per_window : 0.000261   progress : 0.765
name: models.architecture.block_type=cls
training.mode=gml_rollout
models.out_dim=6    avg_loss: 0.000000067534  time_per_window : 0.000282   progress : 0.775
name: models.architecture.block_type=cls
training.mode=gml_rollout
models.out_dim=6    avg_loss: 0.000000066864  time_per_window : 0.000278   progress : 0.786
name: models.architecture.block_type=cls
training.mode=gml_rollout
models.out_dim=6    avg_loss: 0.000000054279  time_per_window : 0.000272   progress : 0.797
name: models.architecture.block_type=cls
training.mode=gml_rollout
models.out_dim=6    avg_loss: 0.000000057869  time_per_window : 0.000284   progress : 0.808
name: models.architecture.block_type=cls
training.mode=gml_rollout
models.out_dim=6    avg_loss: 0.000000054921  time_per_window : 0.000277   progress : 0.819
name: models.architecture.block_type=cls
training.mode=gml_rollout
models.out_dim=6    avg_loss: 0.000000053428  time_per_window : 0.000272   progress : 0.830
name: models.architecture.block_type=cls
training.mode=gml_rollout
models.out_dim=6    avg_loss: 0.000000054272  time_per_window : 0.000267   progress : 0.841
name: models.architecture.block_type=cls
training.mode=gml_rollout
models.out_dim=6    avg_loss: 0.000000060709  time_per_window : 0.000310   progress : 0.852
name: models.architecture.block_type=cls
training.mode=gml_rollout
models.out_dim=6    avg_loss: 0.000000060285  time_per_window : 0.000281   progress : 0.863
name: models.architecture.block_type=cls
training.mode=gml_rollout
models.out_dim=6    avg_loss: 0.000000059179  time_per_window : 0.000285   progress : 0.874
name: models.architecture.block_type=cls
training.mode=gml_rollout
models.out_dim=6    avg_loss: 0.000000055990  time_per_window : 0.000283   progress : 0.885
name: models.architecture.block_type=cls
training.mode=gml_rollout
models.out_dim=6    avg_loss: 0.000000053972  time_per_window : 0.000260   progress : 0.896
name: models.architecture.block_type=cls
training.mode=gml_rollout
models.out_dim=6    avg_loss: 0.000000051754  time_per_window : 0.000300   progress : 0.907
name: models.architecture.block_type=cls
training.mode=gml_rollout
models.out_dim=6    avg_loss: 0.000000061016  time_per_window : 0.000320   progress : 0.917
name: models.architecture.block_type=cls
training.mode=gml_rollout
models.out_dim=6    avg_loss: 0.000000061449  time_per_window : 0.000292   progress : 0.928
name: models.architecture.block_type=cls
training.mode=gml_rollout
models.out_dim=6    avg_loss: 0.000000055367  time_per_window : 0.000318   progress : 0.939
name: models.architecture.block_type=cls
training.mode=gml_rollout
models.out_dim=6    avg_loss: 0.000000054642  time_per_window : 0.000286   progress : 0.950
name: models.architecture.block_type=cls
training.mode=gml_rollout
models.out_dim=6    avg_loss: 0.000000049091  time_per_window : 0.000299   progress : 0.961
name: models.architecture.block_type=cls
training.mode=gml_rollout
models.out_dim=6    avg_loss: 0.000000053935  time_per_window : 0.000307   progress : 0.972
name: models.architecture.block_type=cls
training.mode=gml_rollout
models.out_dim=6    avg_loss: 0.000000052576  time_per_window : 0.000313   progress : 0.983
name: models.architecture.block_type=cls
training.mode=gml_rollout
models.out_dim=6    avg_loss: 0.000000049146  time_per_window : 0.000281   progress : 0.994
name: models.architecture.block_type=cls
training.mode=gml_rollout
models.out_dim=6    avg_loss: 0.000005605513  time_per_window : 0.000279   progress : 0.011
name: models.architecture.block_type=cls
training.mode=gml_rollout
models.out_dim=6    avg_loss: 0.000000409838  time_per_window : 0.000276   progress : 0.022
name: models.architecture.block_type=cls
training.mode=gml_rollout
models.out_dim=6    avg_loss: 0.000000395482  time_per_window : 0.000272   progress : 0.033
name: models.architecture.block_type=cls
training.mode=gml_rollout
models.out_dim=6    avg_loss: 0.000000347560  time_per_window : 0.000328   progress : 0.044
name: models.architecture.block_type=cls
training.mode=gml_rollout
models.out_dim=6    avg_loss: 0.000000306955  time_per_window : 0.000268   progress : 0.055
name: models.architecture.block_type=cls
training.mode=gml_rollout
models.out_dim=6    avg_loss: 0.000000227749  time_per_window : 0.000260   progress : 0.066
name: models.architecture.block_type=cls
training.mode=gml_rollout
models.out_dim=6    avg_loss: 0.000000239710  time_per_window : 0.000340   progress : 0.076
name: models.architecture.block_type=cls
training.mode=gml_rollout
models.out_dim=6    avg_loss: 0.000000215329  time_per_window : 0.000293   progress : 0.087
name: models.architecture.block_type=cls
training.mode=gml_rollout
models.out_dim=6    avg_loss: 0.000000200016  time_per_window : 0.000289   progress : 0.098
name: models.architecture.block_type=cls
training.mode=gml_rollout
models.out_dim=6    avg_loss: 0.000000212396  time_per_window : 0.000327   progress : 0.109
name: models.architecture.block_type=cls
training.mode=gml_rollout
models.out_dim=6    avg_loss: 0.000000197769  time_per_window : 0.000286   progress : 0.120
name: models.architecture.block_type=cls
training.mode=gml_rollout
models.out_dim=6    avg_loss: 0.000000179749  time_per_window : 0.000294   progress : 0.131
name: models.architecture.block_type=cls
training.mode=gml_rollout
models.out_dim=6    avg_loss: 0.000000169748  time_per_window : 0.000294   progress : 0.142
name: models.architecture.block_type=cls
training.mode=gml_rollout
models.out_dim=6    avg_loss: 0.000000206889  time_per_window : 0.000286   progress : 0.153
name: models.architecture.block_type=cls
training.mode=gml_rollout
models.out_dim=6    avg_loss: 0.000000189406  time_per_window : 0.000303   progress : 0.164
name: models.architecture.block_type=cls
training.mode=gml_rollout
models.out_dim=6    avg_loss: 0.000000213444  time_per_window : 0.000294   progress : 0.175
name: models.architecture.block_type=cls
training.mode=gml_rollout
models.out_dim=6    avg_loss: 0.000000205068  time_per_window : 0.000285   progress : 0.186
name: models.architecture.block_type=cls
training.mode=gml_rollout
models.out_dim=6    avg_loss: 0.000000144626  time_per_window : 0.000280   progress : 0.197
name: models.architecture.block_type=cls
training.mode=gml_rollout
models.out_dim=6    avg_loss: 0.000000191442  time_per_window : 0.000284   progress : 0.208
name: models.architecture.block_type=cls
training.mode=gml_rollout
models.out_dim=6    avg_loss: 0.000000193213  time_per_window : 0.000277   progress : 0.218
name: models.architecture.block_type=cls
training.mode=gml_rollout
models.out_dim=6    avg_loss: 0.000000156615  time_per_window : 0.000297   progress : 0.229
name: models.architecture.block_type=cls
training.mode=gml_rollout
models.out_dim=6    avg_loss: 0.000000163523  time_per_window : 0.000281   progress : 0.240
name: models.architecture.block_type=cls
training.mode=gml_rollout
models.out_dim=6    avg_loss: 0.000000197012  time_per_window : 0.000285   progress : 0.251
name: models.architecture.block_type=cls
training.mode=gml_rollout
models.out_dim=6    avg_loss: 0.000000162813  time_per_window : 0.000266   progress : 0.262
name: models.architecture.block_type=cls
training.mode=gml_rollout
models.out_dim=6    avg_loss: 0.000000146733  time_per_window : 0.000301   progress : 0.273
name: models.architecture.block_type=cls
training.mode=gml_rollout
models.out_dim=6    avg_loss: 0.000000159708  time_per_window : 0.000280   progress : 0.284
name: models.architecture.block_type=cls
training.mode=gml_rollout
models.out_dim=6    avg_loss: 0.000000162481  time_per_window : 0.000298   progress : 0.295
name: models.architecture.block_type=cls
training.mode=gml_rollout
models.out_dim=6    avg_loss: 0.000000143991  time_per_window : 0.000275   progress : 0.306
name: models.architecture.block_type=cls
training.mode=gml_rollout
models.out_dim=6    avg_loss: 0.000000151715  time_per_window : 0.000307   progress : 0.317
name: models.architecture.block_type=cls
training.mode=gml_rollout
models.out_dim=6    avg_loss: 0.000000140957  time_per_window : 0.000276   progress : 0.328
name: models.architecture.block_type=cls
training.mode=gml_rollout
models.out_dim=6    avg_loss: 0.000000164836  time_per_window : 0.000281   progress : 0.339
name: models.architecture.block_type=cls
training.mode=gml_rollout
models.out_dim=6    avg_loss: 0.000000153829  time_per_window : 0.000313   progress : 0.350
name: models.architecture.block_type=cls
training.mode=gml_rollout
models.out_dim=6    avg_loss: 0.000000127814  time_per_window : 0.000270   progress : 0.360
name: models.architecture.block_type=cls
training.mode=gml_rollout
models.out_dim=6    avg_loss: 0.000000124844  time_per_window : 0.000287   progress : 0.371
name: models.architecture.block_type=cls
training.mode=gml_rollout
models.out_dim=6    avg_loss: 0.000000142046  time_per_window : 0.000298   progress : 0.382
name: models.architecture.block_type=cls
training.mode=gml_rollout
models.out_dim=6    avg_loss: 0.000000130701  time_per_window : 0.000314   progress : 0.393
name: models.architecture.block_type=cls
training.mode=gml_rollout
models.out_dim=6    avg_loss: 0.000000126981  time_per_window : 0.000259   progress : 0.404
name: models.architecture.block_type=cls
training.mode=gml_rollout
models.out_dim=6    avg_loss: 0.000000137492  time_per_window : 0.000323   progress : 0.415
name: models.architecture.block_type=cls
training.mode=gml_rollout
models.out_dim=6    avg_loss: 0.000000107716  time_per_window : 0.000297   progress : 0.426
name: models.architecture.block_type=cls
training.mode=gml_rollout
models.out_dim=6    avg_loss: 0.000000156031  time_per_window : 0.000267   progress : 0.437
name: models.architecture.block_type=cls
training.mode=gml_rollout
models.out_dim=6    avg_loss: 0.000000137277  time_per_window : 0.000285   progress : 0.448
name: models.architecture.block_type=cls
training.mode=gml_rollout
models.out_dim=6    avg_loss: 0.000000124356  time_per_window : 0.000316   progress : 0.459
name: models.architecture.block_type=cls
training.mode=gml_rollout
models.out_dim=6    avg_loss: 0.000000123678  time_per_window : 0.000303   progress : 0.470
name: models.architecture.block_type=cls
training.mode=gml_rollout
models.out_dim=6    avg_loss: 0.000000120077  time_per_window : 0.000276   progress : 0.481
name: models.architecture.block_type=cls
training.mode=gml_rollout
models.out_dim=6    avg_loss: 0.000000122985  time_per_window : 0.000355   progress : 0.492
name: models.architecture.block_type=cls
training.mode=gml_rollout
models.out_dim=6    avg_loss: 0.000000130102  time_per_window : 0.000268   progress : 0.502
name: models.architecture.block_type=cls
training.mode=gml_rollout
models.out_dim=6    avg_loss: 0.000000147597  time_per_window : 0.000328   progress : 0.513
name: models.architecture.block_type=cls
training.mode=gml_rollout
models.out_dim=6    avg_loss: 0.000000128937  time_per_window : 0.000331   progress : 0.524
name: models.architecture.block_type=cls
training.mode=gml_rollout
models.out_dim=6    avg_loss: 0.000000109197  time_per_window : 0.000331   progress : 0.535
name: models.architecture.block_type=cls
training.mode=gml_rollout
models.out_dim=6    avg_loss: 0.000000109688  time_per_window : 0.000276   progress : 0.546
name: models.architecture.block_type=cls
training.mode=gml_rollout
models.out_dim=6    avg_loss: 0.000000134202  time_per_window : 0.000321   progress : 0.557
name: models.architecture.block_type=cls
training.mode=gml_rollout
models.out_dim=6    avg_loss: 0.000000122771  time_per_window : 0.000297   progress : 0.568
name: models.architecture.block_type=cls
training.mode=gml_rollout
models.out_dim=6    avg_loss: 0.000000125988  time_per_window : 0.000302   progress : 0.579
name: models.architecture.block_type=cls
training.mode=gml_rollout
models.out_dim=6    avg_loss: 0.000000166323  time_per_window : 0.000297   progress : 0.590
name: models.architecture.block_type=cls
training.mode=gml_rollout
models.out_dim=6    avg_loss: 0.000000114461  time_per_window : 0.000308   progress : 0.601
name: models.architecture.block_type=cls
training.mode=gml_rollout
models.out_dim=6    avg_loss: 0.000000100525  time_per_window : 0.000280   progress : 0.612
name: models.architecture.block_type=cls
training.mode=gml_rollout
models.out_dim=6    avg_loss: 0.000000105146  time_per_window : 0.000292   progress : 0.623
name: models.architecture.block_type=cls
training.mode=gml_rollout
models.out_dim=6    avg_loss: 0.000000111320  time_per_window : 0.000295   progress : 0.634
name: models.architecture.block_type=cls
training.mode=gml_rollout
models.out_dim=6    avg_loss: 0.000000138752  time_per_window : 0.000289   progress : 0.644
name: models.architecture.block_type=cls
training.mode=gml_rollout
models.out_dim=6    avg_loss: 0.000000102381  time_per_window : 0.000270   progress : 0.655
name: models.architecture.block_type=cls
training.mode=gml_rollout
models.out_dim=6    avg_loss: 0.000000118295  time_per_window : 0.000296   progress : 0.666
name: models.architecture.block_type=cls
training.mode=gml_rollout
models.out_dim=6    avg_loss: 0.000000106192  time_per_window : 0.000310   progress : 0.677
name: models.architecture.block_type=cls
training.mode=gml_rollout
models.out_dim=6    avg_loss: 0.000000107884  time_per_window : 0.000289   progress : 0.688
name: models.architecture.block_type=cls
training.mode=gml_rollout
models.out_dim=6    avg_loss: 0.000000113174  time_per_window : 0.000280   progress : 0.699
name: models.architecture.block_type=cls
training.mode=gml_rollout
models.out_dim=6    avg_loss: 0.000000129576  time_per_window : 0.000314   progress : 0.710
name: models.architecture.block_type=cls
training.mode=gml_rollout
models.out_dim=6    avg_loss: 0.000000103026  time_per_window : 0.000318   progress : 0.721
name: models.architecture.block_type=cls
training.mode=gml_rollout
models.out_dim=6    avg_loss: 0.000000122636  time_per_window : 0.000267   progress : 0.732
name: models.architecture.block_type=cls
training.mode=gml_rollout
models.out_dim=6    avg_loss: 0.000000097151  time_per_window : 0.000284   progress : 0.743
name: models.architecture.block_type=cls
training.mode=gml_rollout
models.out_dim=6    avg_loss: 0.000000110742  time_per_window : 0.000286   progress : 0.754
name: models.architecture.block_type=cls
training.mode=gml_rollout
models.out_dim=6    avg_loss: 0.000000145125  time_per_window : 0.000280   progress : 0.765
name: models.architecture.block_type=cls
training.mode=gml_rollout
models.out_dim=6    avg_loss: 0.000000092090  time_per_window : 0.000334   progress : 0.775
name: models.architecture.block_type=cls
training.mode=gml_rollout
models.out_dim=6    avg_loss: 0.000000108075  time_per_window : 0.000303   progress : 0.786
name: models.architecture.block_type=cls
training.mode=gml_rollout
models.out_dim=6    avg_loss: 0.000000146532  time_per_window : 0.000283   progress : 0.797
name: models.architecture.block_type=cls
training.mode=gml_rollout
models.out_dim=6    avg_loss: 0.000000098601  time_per_window : 0.000295   progress : 0.808
name: models.architecture.block_type=cls
training.mode=gml_rollout
models.out_dim=6    avg_loss: 0.000000101834  time_per_window : 0.000291   progress : 0.819
name: models.architecture.block_type=cls
training.mode=gml_rollout
models.out_dim=6    avg_loss: 0.000000086656  time_per_window : 0.000289   progress : 0.830
name: models.architecture.block_type=cls
training.mode=gml_rollout
models.out_dim=6    avg_loss: 0.000000105430  time_per_window : 0.000313   progress : 0.841
name: models.architecture.block_type=cls
training.mode=gml_rollout
models.out_dim=6    avg_loss: 0.000000098970  time_per_window : 0.000278   progress : 0.852
name: models.architecture.block_type=cls
training.mode=gml_rollout
models.out_dim=6    avg_loss: 0.000000097307  time_per_window : 0.000266   progress : 0.863
name: models.architecture.block_type=cls
training.mode=gml_rollout
models.out_dim=6    avg_loss: 0.000000088893  time_per_window : 0.000274   progress : 0.874
name: models.architecture.block_type=cls
training.mode=gml_rollout
models.out_dim=6    avg_loss: 0.000000122490  time_per_window : 0.000287   progress : 0.885
name: models.architecture.block_type=cls
training.mode=gml_rollout
models.out_dim=6    avg_loss: 0.000000107586  time_per_window : 0.000275   progress : 0.896
name: models.architecture.block_type=cls
training.mode=gml_rollout
models.out_dim=6    avg_loss: 0.000000098174  time_per_window : 0.000313   progress : 0.907
name: models.architecture.block_type=cls
training.mode=gml_rollout
models.out_dim=6    avg_loss: 0.000000101324  time_per_window : 0.000269   progress : 0.917
name: models.architecture.block_type=cls
training.mode=gml_rollout
models.out_dim=6    avg_loss: 0.000000121513  time_per_window : 0.000269   progress : 0.928
name: models.architecture.block_type=cls
training.mode=gml_rollout
models.out_dim=6    avg_loss: 0.000000105324  time_per_window : 0.000271   progress : 0.939
name: models.architecture.block_type=cls
training.mode=gml_rollout
models.out_dim=6    avg_loss: 0.000000106767  time_per_window : 0.000287   progress : 0.950
name: models.architecture.block_type=cls
training.mode=gml_rollout
models.out_dim=6    avg_loss: 0.000000092488  time_per_window : 0.000280   progress : 0.961
name: models.architecture.block_type=cls
training.mode=gml_rollout
models.out_dim=6    avg_loss: 0.000000113854  time_per_window : 0.000279   progress : 0.972
name: models.architecture.block_type=cls
training.mode=gml_rollout
models.out_dim=6    avg_loss: 0.000000120388  time_per_window : 0.000290   progress : 0.983
name: models.architecture.block_type=cls
training.mode=gml_rollout
models.out_dim=6    avg_loss: 0.000000115704  time_per_window : 0.000267   progress : 0.994
name: models.architecture.block_type=cls
training.mode=gml_rollout
models.out_dim=6    avg_loss: 0.000043607808  time_per_window : 0.000350   progress : 0.011
name: models.architecture.block_type=cls
training.mode=gml_rollout
models.out_dim=6    avg_loss: 0.000004011722  time_per_window : 0.000272   progress : 0.022
name: models.architecture.block_type=cls
training.mode=gml_rollout
models.out_dim=6    avg_loss: 0.000002999362  time_per_window : 0.000301   progress : 0.033
name: models.architecture.block_type=cls
training.mode=gml_rollout
models.out_dim=6    avg_loss: 0.000002455075  time_per_window : 0.000332   progress : 0.044
name: models.architecture.block_type=cls
training.mode=gml_rollout
models.out_dim=6    avg_loss: 0.000002068747  time_per_window : 0.000321   progress : 0.055
name: models.architecture.block_type=cls
training.mode=gml_rollout
models.out_dim=6    avg_loss: 0.000001730008  time_per_window : 0.000285   progress : 0.066
name: models.architecture.block_type=cls
training.mode=gml_rollout
models.out_dim=6    avg_loss: 0.000001546540  time_per_window : 0.000305   progress : 0.076
name: models.architecture.block_type=cls
training.mode=gml_rollout
models.out_dim=6    avg_loss: 0.000001320533  time_per_window : 0.000289   progress : 0.087
name: models.architecture.block_type=cls
training.mode=gml_rollout
models.out_dim=6    avg_loss: 0.000001071148  time_per_window : 0.000311   progress : 0.098
name: models.architecture.block_type=cls
training.mode=gml_rollout
models.out_dim=6    avg_loss: 0.000001169595  time_per_window : 0.000289   progress : 0.109
name: models.architecture.block_type=cls
training.mode=gml_rollout
models.out_dim=6    avg_loss: 0.000001000348  time_per_window : 0.000296   progress : 0.120
name: models.architecture.block_type=cls
training.mode=gml_rollout
models.out_dim=6    avg_loss: 0.000000953052  time_per_window : 0.000289   progress : 0.131
name: models.architecture.block_type=cls
training.mode=gml_rollout
models.out_dim=6    avg_loss: 0.000000966003  time_per_window : 0.000301   progress : 0.142
name: models.architecture.block_type=cls
training.mode=gml_rollout
models.out_dim=6    avg_loss: 0.000000876864  time_per_window : 0.000274   progress : 0.153
name: models.architecture.block_type=cls
training.mode=gml_rollout
models.out_dim=6    avg_loss: 0.000000924214  time_per_window : 0.000272   progress : 0.164
name: models.architecture.block_type=cls
training.mode=gml_rollout
models.out_dim=6    avg_loss: 0.000000973831  time_per_window : 0.000269   progress : 0.175
name: models.architecture.block_type=cls
training.mode=gml_rollout
models.out_dim=6    avg_loss: 0.000000715998  time_per_window : 0.000249   progress : 0.186
name: models.architecture.block_type=cls
training.mode=gml_rollout
models.out_dim=6    avg_loss: 0.000000949323  time_per_window : 0.000458   progress : 0.197
name: models.architecture.block_type=cls
training.mode=gml_rollout
models.out_dim=6    avg_loss: 0.000000841221  time_per_window : 0.000265   progress : 0.208
name: models.architecture.block_type=cls
training.mode=gml_rollout
models.out_dim=6    avg_loss: 0.000000818180  time_per_window : 0.000278   progress : 0.218
name: models.architecture.block_type=cls
training.mode=gml_rollout
models.out_dim=6    avg_loss: 0.000000789702  time_per_window : 0.000254   progress : 0.229
name: models.architecture.block_type=cls
training.mode=gml_rollout
models.out_dim=6    avg_loss: 0.000000665328  time_per_window : 0.000281   progress : 0.240
name: models.architecture.block_type=cls
training.mode=gml_rollout
models.out_dim=6    avg_loss: 0.000000797501  time_per_window : 0.000302   progress : 0.251
name: models.architecture.block_type=cls
training.mode=gml_rollout
models.out_dim=6    avg_loss: 0.000000692732  time_per_window : 0.000300   progress : 0.262
name: models.architecture.block_type=cls
training.mode=gml_rollout
models.out_dim=6    avg_loss: 0.000000709514  time_per_window : 0.000244   progress : 0.273
name: models.architecture.block_type=cls
training.mode=gml_rollout
models.out_dim=6    avg_loss: 0.000000809729  time_per_window : 0.000270   progress : 0.284
name: models.architecture.block_type=cls
training.mode=gml_rollout
models.out_dim=6    avg_loss: 0.000000798717  time_per_window : 0.000264   progress : 0.295
name: models.architecture.block_type=cls
training.mode=gml_rollout
models.out_dim=6    avg_loss: 0.000000657883  time_per_window : 0.000273   progress : 0.306
name: models.architecture.block_type=cls
training.mode=gml_rollout
models.out_dim=6    avg_loss: 0.000000622355  time_per_window : 0.000284   progress : 0.317
name: models.architecture.block_type=cls
training.mode=gml_rollout
models.out_dim=6    avg_loss: 0.000000803652  time_per_window : 0.000285   progress : 0.328
name: models.architecture.block_type=cls
training.mode=gml_rollout
models.out_dim=6    avg_loss: 0.000000660429  time_per_window : 0.000300   progress : 0.339
name: models.architecture.block_type=cls
training.mode=gml_rollout
models.out_dim=6    avg_loss: 0.000000642437  time_per_window : 0.000284   progress : 0.350
name: models.architecture.block_type=cls
training.mode=gml_rollout
models.out_dim=6    avg_loss: 0.000000811073  time_per_window : 0.000278   progress : 0.360
name: models.architecture.block_type=cls
training.mode=gml_rollout
models.out_dim=6    avg_loss: 0.000000853649  time_per_window : 0.000250   progress : 0.371
name: models.architecture.block_type=cls
training.mode=gml_rollout
models.out_dim=6    avg_loss: 0.000000757973  time_per_window : 0.000258   progress : 0.382
name: models.architecture.block_type=cls
training.mode=gml_rollout
models.out_dim=6    avg_loss: 0.000000841131  time_per_window : 0.000246   progress : 0.393
name: models.architecture.block_type=cls
training.mode=gml_rollout
models.out_dim=6    avg_loss: 0.000000752544  time_per_window : 0.000278   progress : 0.404
name: models.architecture.block_type=cls
training.mode=gml_rollout
models.out_dim=6    avg_loss: 0.000000825860  time_per_window : 0.000269   progress : 0.415
name: models.architecture.block_type=cls
training.mode=gml_rollout
models.out_dim=6    avg_loss: 0.000000950875  time_per_window : 0.000246   progress : 0.426
name: models.architecture.block_type=cls
training.mode=gml_rollout
models.out_dim=6    avg_loss: 0.000000654046  time_per_window : 0.000245   progress : 0.437
name: models.architecture.block_type=cls
training.mode=gml_rollout
models.out_dim=6    avg_loss: 0.000000859955  time_per_window : 0.000307   progress : 0.448
name: models.architecture.block_type=cls
training.mode=gml_rollout
models.out_dim=6    avg_loss: 0.000000686315  time_per_window : 0.000371   progress : 0.459
name: models.architecture.block_type=cls
training.mode=gml_rollout
models.out_dim=6    avg_loss: 0.000000875135  time_per_window : 0.000335   progress : 0.470
name: models.architecture.block_type=cls
training.mode=gml_rollout
models.out_dim=6    avg_loss: 0.000000643923  time_per_window : 0.000253   progress : 0.481
name: models.architecture.block_type=cls
training.mode=gml_rollout
models.out_dim=6    avg_loss: 0.000000662301  time_per_window : 0.000290   progress : 0.492
name: models.architecture.block_type=cls
training.mode=gml_rollout
models.out_dim=6    avg_loss: 0.000000922174  time_per_window : 0.000268   progress : 0.502
name: models.architecture.block_type=cls
training.mode=gml_rollout
models.out_dim=6    avg_loss: 0.000000747941  time_per_window : 0.000242   progress : 0.513
name: models.architecture.block_type=cls
training.mode=gml_rollout
models.out_dim=6    avg_loss: 0.000000674698  time_per_window : 0.000305   progress : 0.524
name: models.architecture.block_type=cls
training.mode=gml_rollout
models.out_dim=6    avg_loss: 0.000000733814  time_per_window : 0.000322   progress : 0.535
name: models.architecture.block_type=cls
training.mode=gml_rollout
models.out_dim=6    avg_loss: 0.000000868651  time_per_window : 0.000285   progress : 0.546
name: models.architecture.block_type=cls
training.mode=gml_rollout
models.out_dim=6    avg_loss: 0.000000775053  time_per_window : 0.000230   progress : 0.557
name: models.architecture.block_type=cls
training.mode=gml_rollout
models.out_dim=6    avg_loss: 0.000000713430  time_per_window : 0.000254   progress : 0.568
name: models.architecture.block_type=cls
training.mode=gml_rollout
models.out_dim=6    avg_loss: 0.000000883967  time_per_window : 0.000308   progress : 0.579
name: models.architecture.block_type=cls
training.mode=gml_rollout
models.out_dim=6    avg_loss: 0.000000635222  time_per_window : 0.000241   progress : 0.590
name: models.architecture.block_type=cls
training.mode=gml_rollout
models.out_dim=6    avg_loss: 0.000000533877  time_per_window : 0.000222   progress : 0.601
name: models.architecture.block_type=cls
training.mode=gml_rollout
models.out_dim=6    avg_loss: 0.000000657896  time_per_window : 0.000257   progress : 0.612
name: models.architecture.block_type=cls
training.mode=gml_rollout
models.out_dim=6    avg_loss: 0.000000820045  time_per_window : 0.000296   progress : 0.623
name: models.architecture.block_type=cls
training.mode=gml_rollout
models.out_dim=6    avg_loss: 0.000000762839  time_per_window : 0.000238   progress : 0.634
name: models.architecture.block_type=cls
training.mode=gml_rollout
models.out_dim=6    avg_loss: 0.000000669558  time_per_window : 0.000269   progress : 0.644
name: models.architecture.block_type=cls
training.mode=gml_rollout
models.out_dim=6    avg_loss: 0.000000795560  time_per_window : 0.000283   progress : 0.655
name: models.architecture.block_type=cls
training.mode=gml_rollout
models.out_dim=6    avg_loss: 0.000000682952  time_per_window : 0.000236   progress : 0.666
name: models.architecture.block_type=cls
training.mode=gml_rollout
models.out_dim=6    avg_loss: 0.000000747786  time_per_window : 0.000245   progress : 0.677
name: models.architecture.block_type=cls
training.mode=gml_rollout
models.out_dim=6    avg_loss: 0.000000651072  time_per_window : 0.000288   progress : 0.688
name: models.architecture.block_type=cls
training.mode=gml_rollout
models.out_dim=6    avg_loss: 0.000000841433  time_per_window : 0.000289   progress : 0.699
name: models.architecture.block_type=cls
training.mode=gml_rollout
models.out_dim=6    avg_loss: 0.000000649223  time_per_window : 0.000226   progress : 0.710
name: models.architecture.block_type=cls
training.mode=gml_rollout
models.out_dim=6    avg_loss: 0.000000650129  time_per_window : 0.000263   progress : 0.721
name: models.architecture.block_type=cls
training.mode=gml_rollout
models.out_dim=6    avg_loss: 0.000000586398  time_per_window : 0.000265   progress : 0.732
name: models.architecture.block_type=cls
training.mode=gml_rollout
models.out_dim=6    avg_loss: 0.000000813478  time_per_window : 0.000254   progress : 0.743
name: models.architecture.block_type=cls
training.mode=gml_rollout
models.out_dim=6    avg_loss: 0.000000628456  time_per_window : 0.000227   progress : 0.754
name: models.architecture.block_type=cls
training.mode=gml_rollout
models.out_dim=6    avg_loss: 0.000000624141  time_per_window : 0.000249   progress : 0.765
name: models.architecture.block_type=cls
training.mode=gml_rollout
models.out_dim=6    avg_loss: 0.000000672986  time_per_window : 0.000266   progress : 0.775
name: models.architecture.block_type=cls
training.mode=gml_rollout
models.out_dim=6    avg_loss: 0.000000732349  time_per_window : 0.000274   progress : 0.786
name: models.architecture.block_type=cls
training.mode=gml_rollout
models.out_dim=6    avg_loss: 0.000000669366  time_per_window : 0.000276   progress : 0.797
name: models.architecture.block_type=cls
training.mode=gml_rollout
models.out_dim=6    avg_loss: 0.000000637191  time_per_window : 0.000302   progress : 0.808
name: models.architecture.block_type=cls
training.mode=gml_rollout
models.out_dim=6    avg_loss: 0.000000661784  time_per_window : 0.000348   progress : 0.819
name: models.architecture.block_type=cls
training.mode=gml_rollout
models.out_dim=6    avg_loss: 0.000000619117  time_per_window : 0.000281   progress : 0.830
name: models.architecture.block_type=cls
training.mode=gml_rollout
models.out_dim=6    avg_loss: 0.000000678176  time_per_window : 0.000257   progress : 0.841
name: models.architecture.block_type=cls
training.mode=gml_rollout
models.out_dim=6    avg_loss: 0.000000711513  time_per_window : 0.000302   progress : 0.852
name: models.architecture.block_type=cls
training.mode=gml_rollout
models.out_dim=6    avg_loss: 0.000000593263  time_per_window : 0.000298   progress : 0.863
name: models.architecture.block_type=cls
training.mode=gml_rollout
models.out_dim=6    avg_loss: 0.000000700430  time_per_window : 0.000276   progress : 0.874
name: models.architecture.block_type=cls
training.mode=gml_rollout
models.out_dim=6    avg_loss: 0.000000614514  time_per_window : 0.000246   progress : 0.885
name: models.architecture.block_type=cls
training.mode=gml_rollout
models.out_dim=6    avg_loss: 0.000000713575  time_per_window : 0.000240   progress : 0.896
name: models.architecture.block_type=cls
training.mode=gml_rollout
models.out_dim=6    avg_loss: 0.000000586612  time_per_window : 0.000245   progress : 0.907
name: models.architecture.block_type=cls
training.mode=gml_rollout
models.out_dim=6    avg_loss: 0.000000639799  time_per_window : 0.000273   progress : 0.917
name: models.architecture.block_type=cls
training.mode=gml_rollout
models.out_dim=6    avg_loss: 0.000000723180  time_per_window : 0.000217   progress : 0.928
name: models.architecture.block_type=cls
training.mode=gml_rollout
models.out_dim=6    avg_loss: 0.000000825835  time_per_window : 0.000264   progress : 0.939
name: models.architecture.block_type=cls
training.mode=gml_rollout
models.out_dim=6    avg_loss: 0.000000748897  time_per_window : 0.000253   progress : 0.950
name: models.architecture.block_type=cls
training.mode=gml_rollout
models.out_dim=6    avg_loss: 0.000000673823  time_per_window : 0.000259   progress : 0.961
name: models.architecture.block_type=cls
training.mode=gml_rollout
models.out_dim=6    avg_loss: 0.000000561332  time_per_window : 0.000293   progress : 0.972
name: models.architecture.block_type=cls
training.mode=gml_rollout
models.out_dim=6    avg_loss: 0.000000678972  time_per_window : 0.000255   progress : 0.983
name: models.architecture.block_type=cls
training.mode=gml_rollout
models.out_dim=6    avg_loss: 0.000000557695  time_per_window : 0.000256   progress : 0.994
name: models.architecture.block_type=cls
training.mode=gml_rollout
models.out_dim=6    avg_loss: -37.516490936279  time_per_window : 0.000318   progress : 0.011
name: models.architecture.block_type=cls
training.mode=gml_rollout
models.out_dim=6    avg_loss: -41.066123962402  time_per_window : 0.000405   progress : 0.022
name: models.architecture.block_type=cls
training.mode=gml_rollout
models.out_dim=6    avg_loss: -41.205410003662  time_per_window : 0.000351   progress : 0.033
name: models.architecture.block_type=cls
training.mode=gml_rollout
models.out_dim=6    avg_loss: -41.270572662354  time_per_window : 0.000355   progress : 0.044
name: models.architecture.block_type=cls
training.mode=gml_rollout
models.out_dim=6    avg_loss: -41.303028106689  time_per_window : 0.000369   progress : 0.055
name: models.architecture.block_type=cls
training.mode=gml_rollout
models.out_dim=6    avg_loss: -41.318500518799  time_per_window : 0.000321   progress : 0.066
name: models.architecture.block_type=cls
training.mode=gml_rollout
models.out_dim=6    avg_loss: -41.323837280273  time_per_window : 0.000383   progress : 0.076
name: models.architecture.block_type=cls
training.mode=gml_rollout
models.out_dim=6    avg_loss: -41.346099853516  time_per_window : 0.000322   progress : 0.087
name: models.architecture.block_type=cls
training.mode=gml_rollout
models.out_dim=6    avg_loss: -41.346523284912  time_per_window : 0.000316   progress : 0.098
name: models.architecture.block_type=cls
training.mode=gml_rollout
models.out_dim=6    avg_loss: -41.346343994141  time_per_window : 0.000302   progress : 0.109
name: models.architecture.block_type=cls
training.mode=gml_rollout
models.out_dim=6    avg_loss: -41.337936401367  time_per_window : 0.000360   progress : 0.120
name: models.architecture.block_type=cls
training.mode=gml_rollout
models.out_dim=6    avg_loss: -41.353126525879  time_per_window : 0.000350   progress : 0.131
name: models.architecture.block_type=cls
training.mode=gml_rollout
models.out_dim=6    avg_loss: -41.354801177979  time_per_window : 0.000349   progress : 0.142
name: models.architecture.block_type=cls
training.mode=gml_rollout
models.out_dim=6    avg_loss: -41.355564117432  time_per_window : 0.000323   progress : 0.153
name: models.architecture.block_type=cls
training.mode=gml_rollout
models.out_dim=6    avg_loss: -41.359725952148  time_per_window : 0.000351   progress : 0.164
name: models.architecture.block_type=cls
training.mode=gml_rollout
models.out_dim=6    avg_loss: -41.356014251709  time_per_window : 0.000371   progress : 0.175
name: models.architecture.block_type=cls
training.mode=gml_rollout
models.out_dim=6    avg_loss: -41.360591888428  time_per_window : 0.000331   progress : 0.186
name: models.architecture.block_type=cls
training.mode=gml_rollout
models.out_dim=6    avg_loss: -41.357624053955  time_per_window : 0.000344   progress : 0.197
name: models.architecture.block_type=cls
training.mode=gml_rollout
models.out_dim=6    avg_loss: -41.359252929688  time_per_window : 0.000360   progress : 0.208
name: models.architecture.block_type=cls
training.mode=gml_rollout
models.out_dim=6    avg_loss: -41.355354309082  time_per_window : 0.000376   progress : 0.218
name: models.architecture.block_type=cls
training.mode=gml_rollout
models.out_dim=6    avg_loss: -41.362289428711  time_per_window : 0.000303   progress : 0.229
name: models.architecture.block_type=cls
training.mode=gml_rollout
models.out_dim=6    avg_loss: -41.362358093262  time_per_window : 0.000289   progress : 0.240
name: models.architecture.block_type=cls
training.mode=gml_rollout
models.out_dim=6    avg_loss: -41.359359741211  time_per_window : 0.000304   progress : 0.251
name: models.architecture.block_type=cls
training.mode=gml_rollout
models.out_dim=6    avg_loss: -41.361015319824  time_per_window : 0.000304   progress : 0.262
name: models.architecture.block_type=cls
training.mode=gml_rollout
models.out_dim=6    avg_loss: -41.361286163330  time_per_window : 0.000351   progress : 0.273
name: models.architecture.block_type=cls
training.mode=gml_rollout
models.out_dim=6    avg_loss: -41.359580993652  time_per_window : 0.000346   progress : 0.284
name: models.architecture.block_type=cls
training.mode=gml_rollout
models.out_dim=6    avg_loss: -41.363197326660  time_per_window : 0.000339   progress : 0.295
name: models.architecture.block_type=cls
training.mode=gml_rollout
models.out_dim=6    avg_loss: -41.358180999756  time_per_window : 0.000323   progress : 0.306
name: models.architecture.block_type=cls
training.mode=gml_rollout
models.out_dim=6    avg_loss: -41.362487792969  time_per_window : 0.000360   progress : 0.317
name: models.architecture.block_type=cls
training.mode=gml_rollout
models.out_dim=6    avg_loss: -41.364784240723  time_per_window : 0.000342   progress : 0.328
name: models.architecture.block_type=cls
training.mode=gml_rollout
models.out_dim=6    avg_loss: -41.359722137451  time_per_window : 0.000331   progress : 0.339
name: models.architecture.block_type=cls
training.mode=gml_rollout
models.out_dim=6    avg_loss: -41.363700866699  time_per_window : 0.000317   progress : 0.350
name: models.architecture.block_type=cls
training.mode=gml_rollout
models.out_dim=6    avg_loss: -41.358577728271  time_per_window : 0.000362   progress : 0.360
name: models.architecture.block_type=cls
training.mode=gml_rollout
models.out_dim=6    avg_loss: -41.358432769775  time_per_window : 0.000317   progress : 0.371
name: models.architecture.block_type=cls
training.mode=gml_rollout
models.out_dim=6    avg_loss: -41.361614227295  time_per_window : 0.000307   progress : 0.382
name: models.architecture.block_type=cls
training.mode=gml_rollout
models.out_dim=6    avg_loss: -41.362888336182  time_per_window : 0.000312   progress : 0.393
name: models.architecture.block_type=cls
training.mode=gml_rollout
models.out_dim=6    avg_loss: -41.357685089111  time_per_window : 0.000318   progress : 0.404
name: models.architecture.block_type=cls
training.mode=gml_rollout
models.out_dim=6    avg_loss: -41.359035491943  time_per_window : 0.000302   progress : 0.415
name: models.architecture.block_type=cls
training.mode=gml_rollout
models.out_dim=6    avg_loss: -41.364875793457  time_per_window : 0.000319   progress : 0.426
name: models.architecture.block_type=cls
training.mode=gml_rollout
models.out_dim=6    avg_loss: -41.365371704102  time_per_window : 0.000284   progress : 0.437
name: models.architecture.block_type=cls
training.mode=gml_rollout
models.out_dim=6    avg_loss: -41.358844757080  time_per_window : 0.000366   progress : 0.448
name: models.architecture.block_type=cls
training.mode=gml_rollout
models.out_dim=6    avg_loss: -41.362049102783  time_per_window : 0.000343   progress : 0.459
name: models.architecture.block_type=cls
training.mode=gml_rollout
models.out_dim=6    avg_loss: -41.362728118896  time_per_window : 0.000317   progress : 0.470
name: models.architecture.block_type=cls
training.mode=gml_rollout
models.out_dim=6    avg_loss: -41.366371154785  time_per_window : 0.000326   progress : 0.481
name: models.architecture.block_type=cls
training.mode=gml_rollout
models.out_dim=6    avg_loss: -41.357776641846  time_per_window : 0.000325   progress : 0.492
name: models.architecture.block_type=cls
training.mode=gml_rollout
models.out_dim=6    avg_loss: -41.360332489014  time_per_window : 0.000305   progress : 0.502
name: models.architecture.block_type=cls
training.mode=gml_rollout
models.out_dim=6    avg_loss: -41.365997314453  time_per_window : 0.000327   progress : 0.513
name: models.architecture.block_type=cls
training.mode=gml_rollout
models.out_dim=6    avg_loss: -41.363277435303  time_per_window : 0.000311   progress : 0.524
name: models.architecture.block_type=cls
training.mode=gml_rollout
models.out_dim=6    avg_loss: -41.361587524414  time_per_window : 0.000363   progress : 0.535
name: models.architecture.block_type=cls
training.mode=gml_rollout
models.out_dim=6    avg_loss: -41.366725921631  time_per_window : 0.000326   progress : 0.546
name: models.architecture.block_type=cls
training.mode=gml_rollout
models.out_dim=6    avg_loss: -41.362087249756  time_per_window : 0.000372   progress : 0.557
name: models.architecture.block_type=cls
training.mode=gml_rollout
models.out_dim=6    avg_loss: -41.365890502930  time_per_window : 0.000337   progress : 0.568
name: models.architecture.block_type=cls
training.mode=gml_rollout
models.out_dim=6    avg_loss: -41.363502502441  time_per_window : 0.000350   progress : 0.579
name: models.architecture.block_type=cls
training.mode=gml_rollout
models.out_dim=6    avg_loss: -41.363689422607  time_per_window : 0.000310   progress : 0.590
name: models.architecture.block_type=cls
training.mode=gml_rollout
models.out_dim=6    avg_loss: -41.367855072021  time_per_window : 0.000330   progress : 0.601
name: models.architecture.block_type=cls
training.mode=gml_rollout
models.out_dim=6    avg_loss: -41.367454528809  time_per_window : 0.000296   progress : 0.612
name: models.architecture.block_type=cls
training.mode=gml_rollout
models.out_dim=6    avg_loss: -41.364383697510  time_per_window : 0.000349   progress : 0.623
name: models.architecture.block_type=cls
training.mode=gml_rollout
models.out_dim=6    avg_loss: -41.369037628174  time_per_window : 0.000327   progress : 0.634
name: models.architecture.block_type=cls
training.mode=gml_rollout
models.out_dim=6    avg_loss: -41.358589172363  time_per_window : 0.000296   progress : 0.644
name: models.architecture.block_type=cls
training.mode=gml_rollout
models.out_dim=6    avg_loss: -41.362857818604  time_per_window : 0.000312   progress : 0.655
name: models.architecture.block_type=cls
training.mode=gml_rollout
models.out_dim=6    avg_loss: -41.364727020264  time_per_window : 0.000322   progress : 0.666
name: models.architecture.block_type=cls
training.mode=gml_rollout
models.out_dim=6    avg_loss: -41.357593536377  time_per_window : 0.000338   progress : 0.677
name: models.architecture.block_type=cls
training.mode=gml_rollout
models.out_dim=6    avg_loss: -41.369785308838  time_per_window : 0.000282   progress : 0.688
name: models.architecture.block_type=cls
training.mode=gml_rollout
models.out_dim=6    avg_loss: -41.366489410400  time_per_window : 0.000300   progress : 0.699
name: models.architecture.block_type=cls
training.mode=gml_rollout
models.out_dim=6    avg_loss: -41.364093780518  time_per_window : 0.000306   progress : 0.710
name: models.architecture.block_type=cls
training.mode=gml_rollout
models.out_dim=6    avg_loss: -41.364639282227  time_per_window : 0.000295   progress : 0.721
name: models.architecture.block_type=cls
training.mode=gml_rollout
models.out_dim=6    avg_loss: -41.367858886719  time_per_window : 0.000327   progress : 0.732
name: models.architecture.block_type=cls
training.mode=gml_rollout
models.out_dim=6    avg_loss: -41.369834899902  time_per_window : 0.000357   progress : 0.743
name: models.architecture.block_type=cls
training.mode=gml_rollout
models.out_dim=6    avg_loss: -41.369094848633  time_per_window : 0.000296   progress : 0.754
name: models.architecture.block_type=cls
training.mode=gml_rollout
models.out_dim=6    avg_loss: -41.366477966309  time_per_window : 0.000328   progress : 0.765
name: models.architecture.block_type=cls
training.mode=gml_rollout
models.out_dim=6    avg_loss: -41.365093231201  time_per_window : 0.000366   progress : 0.775
name: models.architecture.block_type=cls
training.mode=gml_rollout
models.out_dim=6    avg_loss: -41.369960784912  time_per_window : 0.000354   progress : 0.786
name: models.architecture.block_type=cls
training.mode=gml_rollout
models.out_dim=6    avg_loss: -41.369503021240  time_per_window : 0.000310   progress : 0.797
name: models.architecture.block_type=cls
training.mode=gml_rollout
models.out_dim=6    avg_loss: -41.369594573975  time_per_window : 0.000337   progress : 0.808
name: models.architecture.block_type=cls
training.mode=gml_rollout
models.out_dim=6    avg_loss: -41.367591857910  time_per_window : 0.000300   progress : 0.819
name: models.architecture.block_type=cls
training.mode=gml_rollout
models.out_dim=6    avg_loss: -41.369956970215  time_per_window : 0.000340   progress : 0.830
name: models.architecture.block_type=cls
training.mode=gml_rollout
models.out_dim=6    avg_loss: -41.363056182861  time_per_window : 0.000316   progress : 0.841
name: models.architecture.block_type=cls
training.mode=gml_rollout
models.out_dim=6    avg_loss: -41.364917755127  time_per_window : 0.000317   progress : 0.852
name: models.architecture.block_type=cls
training.mode=gml_rollout
models.out_dim=6    avg_loss: -41.357585906982  time_per_window : 0.000328   progress : 0.863
name: models.architecture.block_type=cls
training.mode=gml_rollout
models.out_dim=6    avg_loss: -41.365711212158  time_per_window : 0.000320   progress : 0.874
name: models.architecture.block_type=cls
training.mode=gml_rollout
models.out_dim=6    avg_loss: -41.371456146240  time_per_window : 0.000344   progress : 0.885
name: models.architecture.block_type=cls
training.mode=gml_rollout
models.out_dim=6    avg_loss: -41.369060516357  time_per_window : 0.000344   progress : 0.896
name: models.architecture.block_type=cls
training.mode=gml_rollout
models.out_dim=6    avg_loss: -41.363422393799  time_per_window : 0.000316   progress : 0.907
name: models.architecture.block_type=cls
training.mode=gml_rollout
models.out_dim=6    avg_loss: -41.373153686523  time_per_window : 0.000364   progress : 0.917
name: models.architecture.block_type=cls
training.mode=gml_rollout
models.out_dim=6    avg_loss: -41.370170593262  time_per_window : 0.000319   progress : 0.928
name: models.architecture.block_type=cls
training.mode=gml_rollout
models.out_dim=6    avg_loss: -41.364089965820  time_per_window : 0.000291   progress : 0.939
name: models.architecture.block_type=cls
training.mode=gml_rollout
models.out_dim=6    avg_loss: -41.364128112793  time_per_window : 0.000283   progress : 0.950
name: models.architecture.block_type=cls
training.mode=gml_rollout
models.out_dim=6    avg_loss: -41.374855041504  time_per_window : 0.000270   progress : 0.961
name: models.architecture.block_type=cls
training.mode=gml_rollout
models.out_dim=6    avg_loss: -41.373920440674  time_per_window : 0.000298   progress : 0.972
name: models.architecture.block_type=cls
training.mode=gml_rollout
models.out_dim=6    avg_loss: -41.373779296875  time_per_window : 0.000287   progress : 0.983
name: models.architecture.block_type=cls
training.mode=gml_rollout
models.out_dim=6    avg_loss: -41.371295928955  time_per_window : 0.000274   progress : 0.994
DONE!!!
