/home/jdihardjo/miniconda3/envs/mavenv/lib/python3.11/site-packages/hydra/_internal/defaults_list.py:251: UserWarning: In 'config': Defaults list is missing `_self_`. See https://hydra.cc/docs/1.2/upgrades/1.0_to_1.1/default_composition_order for more information
  warnings.warn(msg, UserWarning)
Using cuda device
[2026-07-22 19:23:44,868][HYDRA] Joblib.Parallel(n_jobs=4,backend=loky,prefer=processes,require=None,verbose=0,timeout=None,pre_dispatch=2*n_jobs,batch_size=auto,temp_folder=None,max_nbytes=None,mmap_mode=r) is launching 1 jobs
[2026-07-22 19:23:44,868][HYDRA] Launching jobs, sweep output dir : ablation_runs/2026-07-22_19-23-39/simple_mamba_short_rollout
[2026-07-22 19:23:44,868][HYDRA] 	#0 : models.architecture.block_type=simple models.architecture.mamba_type=mamba training.mode=rollout training.rollout_steps=16
/home/jdihardjo/miniconda3/envs/mavenv/lib/python3.11/site-packages/hydra/_internal/defaults_list.py:251: UserWarning: In 'config': Defaults list is missing `_self_`. See https://hydra.cc/docs/1.2/upgrades/1.0_to_1.1/default_composition_order for more information
  warnings.warn(msg, UserWarning)
models:
  n_dim: 23
  out_dim: 10
  architecture:
    d_model: 128
    n_encoder_layers: 2
    n_decoder_layers: 0
    block_type: simple
    time_adapter: last_token
    in_norm: none
    out_norm: none
    layer_scale: 0.0001
    drop_path: 0.05
    mamba_type: mamba
    mamba_kwargs:
      d_state: 16
      d_conv: 2
      expand: 2
      norm: rms
    skip: false
    cls_kwargs:
      n_heads: 2
      n_mlp: 2
      positional_encoding: false
      max_len: 5000
input_len: 64
output_len: 1
batch_size: 128
epochs: 5
seed: 0
dataset:
  path: /home/jdihardjo/simdata/train.zarr/
  training_size: 1500000
evaluation:
  path: /home/jdihardjo/simdata/evaluation.zarr/
  evaluation_size: 50
training:
  mode: rollout
  lr: 0.0002
  weight_decay: 0.1
  rollout_steps: 16
checkpoint:
  save_path: hydra-test.pth
  load: false
  path: hydra-test.pth
compile: true

/home/jdihardjo/miniconda3/envs/mavenv/lib/python3.11/site-packages/torch/_dynamo/variables/functions.py:2311: UserWarning: Dynamo does not know how to trace the builtin `selective_scan_cuda.pybind11_detail_function_record_v1_system_libstdcpp_gxx_abi_1xxx_use_cxx11_abi_1.fwd.` This function is either a Python builtin (e.g. _warnings.warn) or a third-party C/C++ Python extension (perhaps created with pybind).
If it is a Python builtin, please file an issue on GitHub so the PyTorch team can add support for it and see the next case for a workaround.
If it is a third-party C/C++ Python extension, please either wrap it into a PyTorch-understood custom operator (see https://pytorch.org/tutorials/advanced/custom_ops_landing_page.html for more details) or, if it is traceable, use `torch.compiler.allow_in_graph`.
  torch._dynamo.utils.warn_once(explanation + "\n" + "\n".join(hints))
/home/jdihardjo/miniconda3/envs/mavenv/lib/python3.11/site-packages/torch/_inductor/cudagraph_trees.py:2622: UserWarning: Unable to hit fast path of CUDAGraphs because outputs from a previous step still require backward. Ensure backward() is invoked or detach outputs. You may also call torch.compiler.cudagraph_mark_step_begin() before each model invocation.
  warnings.warn(
name: models.architecture.block_type=simple
models.architecture.mamba_type=mamba
training.mode=rollout
training.rollout_steps=16    avg_loss: 0.000085256237  time_per_window : 0.000456   progress : 0.011
name: models.architecture.block_type=simple
models.architecture.mamba_type=mamba
training.mode=rollout
training.rollout_steps=16    avg_loss: 0.000000285440  time_per_window : 0.000759   progress : 0.022
name: models.architecture.block_type=simple
models.architecture.mamba_type=mamba
training.mode=rollout
training.rollout_steps=16    avg_loss: 0.000000226762  time_per_window : 0.000942   progress : 0.033
name: models.architecture.block_type=simple
models.architecture.mamba_type=mamba
training.mode=rollout
training.rollout_steps=16    avg_loss: 0.000000202678  time_per_window : 0.000983   progress : 0.044
name: models.architecture.block_type=simple
models.architecture.mamba_type=mamba
training.mode=rollout
training.rollout_steps=16    avg_loss: 0.000000185912  time_per_window : 0.001016   progress : 0.055
name: models.architecture.block_type=simple
models.architecture.mamba_type=mamba
training.mode=rollout
training.rollout_steps=16    avg_loss: 0.000000173031  time_per_window : 0.000867   progress : 0.066
name: models.architecture.block_type=simple
models.architecture.mamba_type=mamba
training.mode=rollout
training.rollout_steps=16    avg_loss: 0.000000160684  time_per_window : 0.000965   progress : 0.076
name: models.architecture.block_type=simple
models.architecture.mamba_type=mamba
training.mode=rollout
training.rollout_steps=16    avg_loss: 0.000000154371  time_per_window : 0.000970   progress : 0.087
name: models.architecture.block_type=simple
models.architecture.mamba_type=mamba
training.mode=rollout
training.rollout_steps=16    avg_loss: 0.000000147042  time_per_window : 0.001000   progress : 0.098
name: models.architecture.block_type=simple
models.architecture.mamba_type=mamba
training.mode=rollout
training.rollout_steps=16    avg_loss: 0.000000147903  time_per_window : 0.000964   progress : 0.109
name: models.architecture.block_type=simple
models.architecture.mamba_type=mamba
training.mode=rollout
training.rollout_steps=16    avg_loss: 0.000000138552  time_per_window : 0.000987   progress : 0.120
name: models.architecture.block_type=simple
models.architecture.mamba_type=mamba
training.mode=rollout
training.rollout_steps=16    avg_loss: 0.000000134379  time_per_window : 0.000987   progress : 0.131
name: models.architecture.block_type=simple
models.architecture.mamba_type=mamba
training.mode=rollout
training.rollout_steps=16    avg_loss: 0.000000131563  time_per_window : 0.000983   progress : 0.142
name: models.architecture.block_type=simple
models.architecture.mamba_type=mamba
training.mode=rollout
training.rollout_steps=16    avg_loss: 0.000000124060  time_per_window : 0.000984   progress : 0.153
name: models.architecture.block_type=simple
models.architecture.mamba_type=mamba
training.mode=rollout
training.rollout_steps=16    avg_loss: 0.000000122543  time_per_window : 0.000957   progress : 0.164
name: models.architecture.block_type=simple
models.architecture.mamba_type=mamba
training.mode=rollout
training.rollout_steps=16    avg_loss: 0.000000118482  time_per_window : 0.001015   progress : 0.175
name: models.architecture.block_type=simple
models.architecture.mamba_type=mamba
training.mode=rollout
training.rollout_steps=16    avg_loss: 0.000000115223  time_per_window : 0.000985   progress : 0.186
name: models.architecture.block_type=simple
models.architecture.mamba_type=mamba
training.mode=rollout
training.rollout_steps=16    avg_loss: 0.000000110773  time_per_window : 0.000962   progress : 0.197
name: models.architecture.block_type=simple
models.architecture.mamba_type=mamba
training.mode=rollout
training.rollout_steps=16    avg_loss: 0.000000106377  time_per_window : 0.001020   progress : 0.208
name: models.architecture.block_type=simple
models.architecture.mamba_type=mamba
training.mode=rollout
training.rollout_steps=16    avg_loss: 0.000000098710  time_per_window : 0.000994   progress : 0.218
name: models.architecture.block_type=simple
models.architecture.mamba_type=mamba
training.mode=rollout
training.rollout_steps=16    avg_loss: 0.000000094957  time_per_window : 0.000980   progress : 0.229
name: models.architecture.block_type=simple
models.architecture.mamba_type=mamba
training.mode=rollout
training.rollout_steps=16    avg_loss: 0.000000089942  time_per_window : 0.000983   progress : 0.240
name: models.architecture.block_type=simple
models.architecture.mamba_type=mamba
training.mode=rollout
training.rollout_steps=16    avg_loss: 0.000000079767  time_per_window : 0.000945   progress : 0.251
name: models.architecture.block_type=simple
models.architecture.mamba_type=mamba
training.mode=rollout
training.rollout_steps=16    avg_loss: 0.000000069356  time_per_window : 0.000925   progress : 0.262
name: models.architecture.block_type=simple
models.architecture.mamba_type=mamba
training.mode=rollout
training.rollout_steps=16    avg_loss: 0.000000058877  time_per_window : 0.000937   progress : 0.273
name: models.architecture.block_type=simple
models.architecture.mamba_type=mamba
training.mode=rollout
training.rollout_steps=16    avg_loss: 0.000000054638  time_per_window : 0.001002   progress : 0.284
name: models.architecture.block_type=simple
models.architecture.mamba_type=mamba
training.mode=rollout
training.rollout_steps=16    avg_loss: 0.000000049754  time_per_window : 0.000965   progress : 0.295
name: models.architecture.block_type=simple
models.architecture.mamba_type=mamba
training.mode=rollout
training.rollout_steps=16    avg_loss: 0.000000044574  time_per_window : 0.001014   progress : 0.306
name: models.architecture.block_type=simple
models.architecture.mamba_type=mamba
training.mode=rollout
training.rollout_steps=16    avg_loss: 0.000000046046  time_per_window : 0.000987   progress : 0.317
name: models.architecture.block_type=simple
models.architecture.mamba_type=mamba
training.mode=rollout
training.rollout_steps=16    avg_loss: 0.000000045470  time_per_window : 0.000972   progress : 0.328
name: models.architecture.block_type=simple
models.architecture.mamba_type=mamba
training.mode=rollout
training.rollout_steps=16    avg_loss: 0.000000043340  time_per_window : 0.000975   progress : 0.339
name: models.architecture.block_type=simple
models.architecture.mamba_type=mamba
training.mode=rollout
training.rollout_steps=16    avg_loss: 0.000000044049  time_per_window : 0.000984   progress : 0.350
name: models.architecture.block_type=simple
models.architecture.mamba_type=mamba
training.mode=rollout
training.rollout_steps=16    avg_loss: 0.000000043529  time_per_window : 0.001018   progress : 0.360
name: models.architecture.block_type=simple
models.architecture.mamba_type=mamba
training.mode=rollout
training.rollout_steps=16    avg_loss: 0.000000045777  time_per_window : 0.000988   progress : 0.371
name: models.architecture.block_type=simple
models.architecture.mamba_type=mamba
training.mode=rollout
training.rollout_steps=16    avg_loss: 0.000000046852  time_per_window : 0.001002   progress : 0.382
name: models.architecture.block_type=simple
models.architecture.mamba_type=mamba
training.mode=rollout
training.rollout_steps=16    avg_loss: 0.000000047955  time_per_window : 0.000961   progress : 0.393
name: models.architecture.block_type=simple
models.architecture.mamba_type=mamba
training.mode=rollout
training.rollout_steps=16    avg_loss: 0.000000052222  time_per_window : 0.001014   progress : 0.404
name: models.architecture.block_type=simple
models.architecture.mamba_type=mamba
training.mode=rollout
training.rollout_steps=16    avg_loss: 0.000000051543  time_per_window : 0.000996   progress : 0.415
name: models.architecture.block_type=simple
models.architecture.mamba_type=mamba
training.mode=rollout
training.rollout_steps=16    avg_loss: 0.000000047450  time_per_window : 0.000999   progress : 0.426
name: models.architecture.block_type=simple
models.architecture.mamba_type=mamba
training.mode=rollout
training.rollout_steps=16    avg_loss: 0.000000053074  time_per_window : 0.000725   progress : 0.437
name: models.architecture.block_type=simple
models.architecture.mamba_type=mamba
training.mode=rollout
training.rollout_steps=16    avg_loss: 0.000000048165  time_per_window : 0.000916   progress : 0.448
name: models.architecture.block_type=simple
models.architecture.mamba_type=mamba
training.mode=rollout
training.rollout_steps=16    avg_loss: 0.000000051697  time_per_window : 0.000739   progress : 0.459
name: models.architecture.block_type=simple
models.architecture.mamba_type=mamba
training.mode=rollout
training.rollout_steps=16    avg_loss: 0.000000049198  time_per_window : 0.000990   progress : 0.470
name: models.architecture.block_type=simple
models.architecture.mamba_type=mamba
training.mode=rollout
training.rollout_steps=16    avg_loss: 0.000000050680  time_per_window : 0.000984   progress : 0.481
name: models.architecture.block_type=simple
models.architecture.mamba_type=mamba
training.mode=rollout
training.rollout_steps=16    avg_loss: 0.000000046834  time_per_window : 0.000998   progress : 0.492
name: models.architecture.block_type=simple
models.architecture.mamba_type=mamba
training.mode=rollout
training.rollout_steps=16    avg_loss: 0.000000054907  time_per_window : 0.000974   progress : 0.502
name: models.architecture.block_type=simple
models.architecture.mamba_type=mamba
training.mode=rollout
training.rollout_steps=16    avg_loss: 0.000000060413  time_per_window : 0.000964   progress : 0.513
name: models.architecture.block_type=simple
models.architecture.mamba_type=mamba
training.mode=rollout
training.rollout_steps=16    avg_loss: 0.000000042608  time_per_window : 0.000994   progress : 0.524
name: models.architecture.block_type=simple
models.architecture.mamba_type=mamba
training.mode=rollout
training.rollout_steps=16    avg_loss: 0.000000054212  time_per_window : 0.000913   progress : 0.535
name: models.architecture.block_type=simple
models.architecture.mamba_type=mamba
training.mode=rollout
training.rollout_steps=16    avg_loss: 0.000000047720  time_per_window : 0.001022   progress : 0.546
name: models.architecture.block_type=simple
models.architecture.mamba_type=mamba
training.mode=rollout
training.rollout_steps=16    avg_loss: 0.000000051963  time_per_window : 0.001004   progress : 0.557
name: models.architecture.block_type=simple
models.architecture.mamba_type=mamba
training.mode=rollout
training.rollout_steps=16    avg_loss: 0.000000046096  time_per_window : 0.000995   progress : 0.568
name: models.architecture.block_type=simple
models.architecture.mamba_type=mamba
training.mode=rollout
training.rollout_steps=16    avg_loss: 0.000000047979  time_per_window : 0.000990   progress : 0.579
name: models.architecture.block_type=simple
models.architecture.mamba_type=mamba
training.mode=rollout
training.rollout_steps=16    avg_loss: 0.000000045800  time_per_window : 0.000904   progress : 0.590
name: models.architecture.block_type=simple
models.architecture.mamba_type=mamba
training.mode=rollout
training.rollout_steps=16    avg_loss: 0.000000045534  time_per_window : 0.001023   progress : 0.601
name: models.architecture.block_type=simple
models.architecture.mamba_type=mamba
training.mode=rollout
training.rollout_steps=16    avg_loss: 0.000000040757  time_per_window : 0.000992   progress : 0.612
name: models.architecture.block_type=simple
models.architecture.mamba_type=mamba
training.mode=rollout
training.rollout_steps=16    avg_loss: 0.000000048614  time_per_window : 0.000912   progress : 0.623
name: models.architecture.block_type=simple
models.architecture.mamba_type=mamba
training.mode=rollout
training.rollout_steps=16    avg_loss: 0.000000047932  time_per_window : 0.001013   progress : 0.634
name: models.architecture.block_type=simple
models.architecture.mamba_type=mamba
training.mode=rollout
training.rollout_steps=16    avg_loss: 0.000000048702  time_per_window : 0.000997   progress : 0.644
name: models.architecture.block_type=simple
models.architecture.mamba_type=mamba
training.mode=rollout
training.rollout_steps=16    avg_loss: 0.000000045016  time_per_window : 0.000957   progress : 0.655
name: models.architecture.block_type=simple
models.architecture.mamba_type=mamba
training.mode=rollout
training.rollout_steps=16    avg_loss: 0.000000044196  time_per_window : 0.000994   progress : 0.666
name: models.architecture.block_type=simple
models.architecture.mamba_type=mamba
training.mode=rollout
training.rollout_steps=16    avg_loss: 0.000000046911  time_per_window : 0.000981   progress : 0.677
name: models.architecture.block_type=simple
models.architecture.mamba_type=mamba
training.mode=rollout
training.rollout_steps=16    avg_loss: 0.000000045091  time_per_window : 0.000929   progress : 0.688
name: models.architecture.block_type=simple
models.architecture.mamba_type=mamba
training.mode=rollout
training.rollout_steps=16    avg_loss: 0.000000043987  time_per_window : 0.001021   progress : 0.699
name: models.architecture.block_type=simple
models.architecture.mamba_type=mamba
training.mode=rollout
training.rollout_steps=16    avg_loss: 0.000000043580  time_per_window : 0.000978   progress : 0.710
name: models.architecture.block_type=simple
models.architecture.mamba_type=mamba
training.mode=rollout
training.rollout_steps=16    avg_loss: 0.000000044142  time_per_window : 0.000940   progress : 0.721
name: models.architecture.block_type=simple
models.architecture.mamba_type=mamba
training.mode=rollout
training.rollout_steps=16    avg_loss: 0.000000047064  time_per_window : 0.000959   progress : 0.732
name: models.architecture.block_type=simple
models.architecture.mamba_type=mamba
training.mode=rollout
training.rollout_steps=16    avg_loss: 0.000000036115  time_per_window : 0.000965   progress : 0.743
name: models.architecture.block_type=simple
models.architecture.mamba_type=mamba
training.mode=rollout
training.rollout_steps=16    avg_loss: 0.000000040857  time_per_window : 0.000994   progress : 0.754
name: models.architecture.block_type=simple
models.architecture.mamba_type=mamba
training.mode=rollout
training.rollout_steps=16    avg_loss: 0.000000040506  time_per_window : 0.000965   progress : 0.765
name: models.architecture.block_type=simple
models.architecture.mamba_type=mamba
training.mode=rollout
training.rollout_steps=16    avg_loss: 0.000000041465  time_per_window : 0.001006   progress : 0.775
name: models.architecture.block_type=simple
models.architecture.mamba_type=mamba
training.mode=rollout
training.rollout_steps=16    avg_loss: 0.000000039785  time_per_window : 0.000713   progress : 0.786
name: models.architecture.block_type=simple
models.architecture.mamba_type=mamba
training.mode=rollout
training.rollout_steps=16    avg_loss: 0.000000039746  time_per_window : 0.000990   progress : 0.797
name: models.architecture.block_type=simple
models.architecture.mamba_type=mamba
training.mode=rollout
training.rollout_steps=16    avg_loss: 0.000000037909  time_per_window : 0.001018   progress : 0.808
name: models.architecture.block_type=simple
models.architecture.mamba_type=mamba
training.mode=rollout
training.rollout_steps=16    avg_loss: 0.000000039204  time_per_window : 0.001005   progress : 0.819
name: models.architecture.block_type=simple
models.architecture.mamba_type=mamba
training.mode=rollout
training.rollout_steps=16    avg_loss: 0.000000037474  time_per_window : 0.000934   progress : 0.830
name: models.architecture.block_type=simple
models.architecture.mamba_type=mamba
training.mode=rollout
training.rollout_steps=16    avg_loss: 0.000000033749  time_per_window : 0.000973   progress : 0.841
name: models.architecture.block_type=simple
models.architecture.mamba_type=mamba
training.mode=rollout
training.rollout_steps=16    avg_loss: 0.000000037227  time_per_window : 0.000976   progress : 0.852
name: models.architecture.block_type=simple
models.architecture.mamba_type=mamba
training.mode=rollout
training.rollout_steps=16    avg_loss: 0.000000034621  time_per_window : 0.000969   progress : 0.863
name: models.architecture.block_type=simple
models.architecture.mamba_type=mamba
training.mode=rollout
training.rollout_steps=16    avg_loss: 0.000000037491  time_per_window : 0.001005   progress : 0.874
name: models.architecture.block_type=simple
models.architecture.mamba_type=mamba
training.mode=rollout
training.rollout_steps=16    avg_loss: 0.000000032104  time_per_window : 0.000978   progress : 0.885
name: models.architecture.block_type=simple
models.architecture.mamba_type=mamba
training.mode=rollout
training.rollout_steps=16    avg_loss: 0.000000031728  time_per_window : 0.000975   progress : 0.896/home/jdihardjo/miniconda3/envs/mavenv/lib/python3.11/site-packages/torch/_inductor/cudagraph_trees.py:2622: UserWarning: Unable to hit fast path of CUDAGraphs because outputs from a previous step still require backward. Ensure backward() is invoked or detach outputs. You may also call torch.compiler.cudagraph_mark_step_begin() before each model invocation.
  warnings.warn(
/home/jdihardjo/miniconda3/envs/mavenv/lib/python3.11/site-packages/torch/_inductor/cudagraph_trees.py:2622: UserWarning: Unable to hit fast path of CUDAGraphs because outputs from a previous step still require backward. Ensure backward() is invoked or detach outputs. You may also call torch.compiler.cudagraph_mark_step_begin() before each model invocation.
  warnings.warn(

name: models.architecture.block_type=simple
models.architecture.mamba_type=mamba
training.mode=rollout
training.rollout_steps=16    avg_loss: 0.000000029668  time_per_window : 0.000965   progress : 0.907
name: models.architecture.block_type=simple
models.architecture.mamba_type=mamba
training.mode=rollout
training.rollout_steps=16    avg_loss: 0.000000027576  time_per_window : 0.000996   progress : 0.917
name: models.architecture.block_type=simple
models.architecture.mamba_type=mamba
training.mode=rollout
training.rollout_steps=16    avg_loss: 0.000000025146  time_per_window : 0.000924   progress : 0.928
name: models.architecture.block_type=simple
models.architecture.mamba_type=mamba
training.mode=rollout
training.rollout_steps=16    avg_loss: 0.000000023863  time_per_window : 0.000955   progress : 0.939
name: models.architecture.block_type=simple
models.architecture.mamba_type=mamba
training.mode=rollout
training.rollout_steps=16    avg_loss: 0.000000023751  time_per_window : 0.000972   progress : 0.950
name: models.architecture.block_type=simple
models.architecture.mamba_type=mamba
training.mode=rollout
training.rollout_steps=16    avg_loss: 0.000000023113  time_per_window : 0.000961   progress : 0.961
name: models.architecture.block_type=simple
models.architecture.mamba_type=mamba
training.mode=rollout
training.rollout_steps=16    avg_loss: 0.000000023207  time_per_window : 0.000942   progress : 0.972
name: models.architecture.block_type=simple
models.architecture.mamba_type=mamba
training.mode=rollout
training.rollout_steps=16    avg_loss: 0.000000022725  time_per_window : 0.000906   progress : 0.983
name: models.architecture.block_type=simple
models.architecture.mamba_type=mamba
training.mode=rollout
training.rollout_steps=16    avg_loss: 0.000000021751  time_per_window : 0.001019   progress : 0.994
name: models.architecture.block_type=simple
models.architecture.mamba_type=mamba
training.mode=rollout
training.rollout_steps=16    avg_loss: 0.000000040928  time_per_window : 0.001065   progress : 0.011
name: models.architecture.block_type=simple
models.architecture.mamba_type=mamba
training.mode=rollout
training.rollout_steps=16    avg_loss: 0.000000018462  time_per_window : 0.001042   progress : 0.022
name: models.architecture.block_type=simple
models.architecture.mamba_type=mamba
training.mode=rollout
training.rollout_steps=16    avg_loss: 0.000000022075  time_per_window : 0.000992   progress : 0.033
name: models.architecture.block_type=simple
models.architecture.mamba_type=mamba
training.mode=rollout
training.rollout_steps=16    avg_loss: 0.000000023120  time_per_window : 0.000797   progress : 0.044
name: models.architecture.block_type=simple
models.architecture.mamba_type=mamba
training.mode=rollout
training.rollout_steps=16    avg_loss: 0.000000018951  time_per_window : 0.000983   progress : 0.055
name: models.architecture.block_type=simple
models.architecture.mamba_type=mamba
training.mode=rollout
training.rollout_steps=16    avg_loss: 0.000000022130  time_per_window : 0.001005   progress : 0.066
name: models.architecture.block_type=simple
models.architecture.mamba_type=mamba
training.mode=rollout
training.rollout_steps=16    avg_loss: 0.000000019413  time_per_window : 0.001024   progress : 0.076
name: models.architecture.block_type=simple
models.architecture.mamba_type=mamba
training.mode=rollout
training.rollout_steps=16    avg_loss: 0.000000021559  time_per_window : 0.000989   progress : 0.087
name: models.architecture.block_type=simple
models.architecture.mamba_type=mamba
training.mode=rollout
training.rollout_steps=16    avg_loss: 0.000000019600  time_per_window : 0.000988   progress : 0.098
name: models.architecture.block_type=simple
models.architecture.mamba_type=mamba
training.mode=rollout
training.rollout_steps=16    avg_loss: 0.000000021657  time_per_window : 0.001016   progress : 0.109
name: models.architecture.block_type=simple
models.architecture.mamba_type=mamba
training.mode=rollout
training.rollout_steps=16    avg_loss: 0.000000019432  time_per_window : 0.001007   progress : 0.120
name: models.architecture.block_type=simple
models.architecture.mamba_type=mamba
training.mode=rollout
training.rollout_steps=16    avg_loss: 0.000000021228  time_per_window : 0.001029   progress : 0.131
name: models.architecture.block_type=simple
models.architecture.mamba_type=mamba
training.mode=rollout
training.rollout_steps=16    avg_loss: 0.000000018925  time_per_window : 0.001009   progress : 0.142
name: models.architecture.block_type=simple
models.architecture.mamba_type=mamba
training.mode=rollout
training.rollout_steps=16    avg_loss: 0.000000020930  time_per_window : 0.001029   progress : 0.153
name: models.architecture.block_type=simple
models.architecture.mamba_type=mamba
training.mode=rollout
training.rollout_steps=16    avg_loss: 0.000000018515  time_per_window : 0.001034   progress : 0.164
name: models.architecture.block_type=simple
models.architecture.mamba_type=mamba
training.mode=rollout
training.rollout_steps=16    avg_loss: 0.000000018682  time_per_window : 0.000974   progress : 0.175
name: models.architecture.block_type=simple
models.architecture.mamba_type=mamba
training.mode=rollout
training.rollout_steps=16    avg_loss: 0.000000020046  time_per_window : 0.001035   progress : 0.186
name: models.architecture.block_type=simple
models.architecture.mamba_type=mamba
training.mode=rollout
training.rollout_steps=16    avg_loss: 0.000000018699  time_per_window : 0.000995   progress : 0.197
name: models.architecture.block_type=simple
models.architecture.mamba_type=mamba
training.mode=rollout
training.rollout_steps=16    avg_loss: 0.000000017711  time_per_window : 0.000993   progress : 0.208
name: models.architecture.block_type=simple
models.architecture.mamba_type=mamba
training.mode=rollout
training.rollout_steps=16    avg_loss: 0.000000019374  time_per_window : 0.000990   progress : 0.218
name: models.architecture.block_type=simple
models.architecture.mamba_type=mamba
training.mode=rollout
training.rollout_steps=16    avg_loss: 0.000000020113  time_per_window : 0.001037   progress : 0.229
name: models.architecture.block_type=simple
models.architecture.mamba_type=mamba
training.mode=rollout
training.rollout_steps=16    avg_loss: 0.000000018615  time_per_window : 0.001011   progress : 0.240
name: models.architecture.block_type=simple
models.architecture.mamba_type=mamba
training.mode=rollout
training.rollout_steps=16    avg_loss: 0.000000018826  time_per_window : 0.001036   progress : 0.251
name: models.architecture.block_type=simple
models.architecture.mamba_type=mamba
training.mode=rollout
training.rollout_steps=16    avg_loss: 0.000000017803  time_per_window : 0.001026   progress : 0.262
name: models.architecture.block_type=simple
models.architecture.mamba_type=mamba
training.mode=rollout
training.rollout_steps=16    avg_loss: 0.000000017697  time_per_window : 0.001006   progress : 0.273
name: models.architecture.block_type=simple
models.architecture.mamba_type=mamba
training.mode=rollout
training.rollout_steps=16    avg_loss: 0.000000019078  time_per_window : 0.001008   progress : 0.284
name: models.architecture.block_type=simple
models.architecture.mamba_type=mamba
training.mode=rollout
training.rollout_steps=16    avg_loss: 0.000000017806  time_per_window : 0.000961   progress : 0.295
name: models.architecture.block_type=simple
models.architecture.mamba_type=mamba
training.mode=rollout
training.rollout_steps=16    avg_loss: 0.000000017173  time_per_window : 0.001003   progress : 0.306
name: models.architecture.block_type=simple
models.architecture.mamba_type=mamba
training.mode=rollout
training.rollout_steps=16    avg_loss: 0.000000018086  time_per_window : 0.001029   progress : 0.317
name: models.architecture.block_type=simple
models.architecture.mamba_type=mamba
training.mode=rollout
training.rollout_steps=16    avg_loss: 0.000000019374  time_per_window : 0.001038   progress : 0.328
name: models.architecture.block_type=simple
models.architecture.mamba_type=mamba
training.mode=rollout
training.rollout_steps=16    avg_loss: 0.000000016521  time_per_window : 0.000924   progress : 0.339
name: models.architecture.block_type=simple
models.architecture.mamba_type=mamba
training.mode=rollout
training.rollout_steps=16    avg_loss: 0.000000018156  time_per_window : 0.001037   progress : 0.350
name: models.architecture.block_type=simple
models.architecture.mamba_type=mamba
training.mode=rollout
training.rollout_steps=16    avg_loss: 0.000000018270  time_per_window : 0.000983   progress : 0.360
name: models.architecture.block_type=simple
models.architecture.mamba_type=mamba
training.mode=rollout
training.rollout_steps=16    avg_loss: 0.000000016982  time_per_window : 0.001013   progress : 0.371
name: models.architecture.block_type=simple
models.architecture.mamba_type=mamba
training.mode=rollout
training.rollout_steps=16    avg_loss: 0.000000016120  time_per_window : 0.001037   progress : 0.382
name: models.architecture.block_type=simple
models.architecture.mamba_type=mamba
training.mode=rollout
training.rollout_steps=16    avg_loss: 0.000000016706  time_per_window : 0.001010   progress : 0.393
name: models.architecture.block_type=simple
models.architecture.mamba_type=mamba
training.mode=rollout
training.rollout_steps=16    avg_loss: 0.000000017727  time_per_window : 0.001002   progress : 0.404
name: models.architecture.block_type=simple
models.architecture.mamba_type=mamba
training.mode=rollout
training.rollout_steps=16    avg_loss: 0.000000018028  time_per_window : 0.001035   progress : 0.415
name: models.architecture.block_type=simple
models.architecture.mamba_type=mamba
training.mode=rollout
training.rollout_steps=16    avg_loss: 0.000000016032  time_per_window : 0.001033   progress : 0.426
name: models.architecture.block_type=simple
models.architecture.mamba_type=mamba
training.mode=rollout
training.rollout_steps=16    avg_loss: 0.000000017778  time_per_window : 0.001076   progress : 0.437
name: models.architecture.block_type=simple
models.architecture.mamba_type=mamba
training.mode=rollout
training.rollout_steps=16    avg_loss: 0.000000017426  time_per_window : 0.001005   progress : 0.448
name: models.architecture.block_type=simple
models.architecture.mamba_type=mamba
training.mode=rollout
training.rollout_steps=16    avg_loss: 0.000000016270  time_per_window : 0.001098   progress : 0.459
name: models.architecture.block_type=simple
models.architecture.mamba_type=mamba
training.mode=rollout
training.rollout_steps=16    avg_loss: 0.000000015853  time_per_window : 0.001040   progress : 0.470
name: models.architecture.block_type=simple
models.architecture.mamba_type=mamba
training.mode=rollout
training.rollout_steps=16    avg_loss: 0.000000017048  time_per_window : 0.001110   progress : 0.481
name: models.architecture.block_type=simple
models.architecture.mamba_type=mamba
training.mode=rollout
training.rollout_steps=16    avg_loss: 0.000000016242  time_per_window : 0.001043   progress : 0.492
name: models.architecture.block_type=simple
models.architecture.mamba_type=mamba
training.mode=rollout
training.rollout_steps=16    avg_loss: 0.000000015996  time_per_window : 0.000997   progress : 0.502
name: models.architecture.block_type=simple
models.architecture.mamba_type=mamba
training.mode=rollout
training.rollout_steps=16    avg_loss: 0.000000017685  time_per_window : 0.001061   progress : 0.513
name: models.architecture.block_type=simple
models.architecture.mamba_type=mamba
training.mode=rollout
training.rollout_steps=16    avg_loss: 0.000000016948  time_per_window : 0.001043   progress : 0.524
name: models.architecture.block_type=simple
models.architecture.mamba_type=mamba
training.mode=rollout
training.rollout_steps=16    avg_loss: 0.000000015663  time_per_window : 0.001012   progress : 0.535
name: models.architecture.block_type=simple
models.architecture.mamba_type=mamba
training.mode=rollout
training.rollout_steps=16    avg_loss: 0.000000017070  time_per_window : 0.001013   progress : 0.546
name: models.architecture.block_type=simple
models.architecture.mamba_type=mamba
training.mode=rollout
training.rollout_steps=16    avg_loss: 0.000000015958  time_per_window : 0.001085   progress : 0.557
name: models.architecture.block_type=simple
models.architecture.mamba_type=mamba
training.mode=rollout
training.rollout_steps=16    avg_loss: 0.000000016051  time_per_window : 0.001024   progress : 0.568
name: models.architecture.block_type=simple
models.architecture.mamba_type=mamba
training.mode=rollout
training.rollout_steps=16    avg_loss: 0.000000015875  time_per_window : 0.000908   progress : 0.579
name: models.architecture.block_type=simple
models.architecture.mamba_type=mamba
training.mode=rollout
training.rollout_steps=16    avg_loss: 0.000000016421  time_per_window : 0.001003   progress : 0.590
name: models.architecture.block_type=simple
models.architecture.mamba_type=mamba
training.mode=rollout
training.rollout_steps=16    avg_loss: 0.000000015720  time_per_window : 0.001092   progress : 0.601
name: models.architecture.block_type=simple
models.architecture.mamba_type=mamba
training.mode=rollout
training.rollout_steps=16    avg_loss: 0.000000015405  time_per_window : 0.000937   progress : 0.612
name: models.architecture.block_type=simple
models.architecture.mamba_type=mamba
training.mode=rollout
training.rollout_steps=16    avg_loss: 0.000000015373  time_per_window : 0.001117   progress : 0.623
name: models.architecture.block_type=simple
models.architecture.mamba_type=mamba
training.mode=rollout
training.rollout_steps=16    avg_loss: 0.000000016421  time_per_window : 0.000991   progress : 0.634
name: models.architecture.block_type=simple
models.architecture.mamba_type=mamba
training.mode=rollout
training.rollout_steps=16    avg_loss: 0.000000016154  time_per_window : 0.001091   progress : 0.644
name: models.architecture.block_type=simple
models.architecture.mamba_type=mamba
training.mode=rollout
training.rollout_steps=16    avg_loss: 0.000000016224  time_per_window : 0.001084   progress : 0.655
name: models.architecture.block_type=simple
models.architecture.mamba_type=mamba
training.mode=rollout
training.rollout_steps=16    avg_loss: 0.000000017820  time_per_window : 0.000933   progress : 0.666
name: models.architecture.block_type=simple
models.architecture.mamba_type=mamba
training.mode=rollout
training.rollout_steps=16    avg_loss: 0.000000016182  time_per_window : 0.001031   progress : 0.677
name: models.architecture.block_type=simple
models.architecture.mamba_type=mamba
training.mode=rollout
training.rollout_steps=16    avg_loss: 0.000000015312  time_per_window : 0.001006   progress : 0.688
name: models.architecture.block_type=simple
models.architecture.mamba_type=mamba
training.mode=rollout
training.rollout_steps=16    avg_loss: 0.000000015648  time_per_window : 0.001074   progress : 0.699
name: models.architecture.block_type=simple
models.architecture.mamba_type=mamba
training.mode=rollout
training.rollout_steps=16    avg_loss: 0.000000016458  time_per_window : 0.000966   progress : 0.710
name: models.architecture.block_type=simple
models.architecture.mamba_type=mamba
training.mode=rollout
training.rollout_steps=16    avg_loss: 0.000000015100  time_per_window : 0.001056   progress : 0.721
name: models.architecture.block_type=simple
models.architecture.mamba_type=mamba
training.mode=rollout
training.rollout_steps=16    avg_loss: 0.000000015484  time_per_window : 0.000996   progress : 0.732
name: models.architecture.block_type=simple
models.architecture.mamba_type=mamba
training.mode=rollout
training.rollout_steps=16    avg_loss: 0.000000015891  time_per_window : 0.001063   progress : 0.743
name: models.architecture.block_type=simple
models.architecture.mamba_type=mamba
training.mode=rollout
training.rollout_steps=16    avg_loss: 0.000000017175  time_per_window : 0.001033   progress : 0.754
name: models.architecture.block_type=simple
models.architecture.mamba_type=mamba
training.mode=rollout
training.rollout_steps=16    avg_loss: 0.000000015353  time_per_window : 0.001061   progress : 0.765
name: models.architecture.block_type=simple
models.architecture.mamba_type=mamba
training.mode=rollout
training.rollout_steps=16    avg_loss: 0.000000015338  time_per_window : 0.000954   progress : 0.775
name: models.architecture.block_type=simple
models.architecture.mamba_type=mamba
training.mode=rollout
training.rollout_steps=16    avg_loss: 0.000000015272  time_per_window : 0.000996   progress : 0.786
name: models.architecture.block_type=simple
models.architecture.mamba_type=mamba
training.mode=rollout
training.rollout_steps=16    avg_loss: 0.000000015462  time_per_window : 0.001036   progress : 0.797
name: models.architecture.block_type=simple
models.architecture.mamba_type=mamba
training.mode=rollout
training.rollout_steps=16    avg_loss: 0.000000015594  time_per_window : 0.001054   progress : 0.808
name: models.architecture.block_type=simple
models.architecture.mamba_type=mamba
training.mode=rollout
training.rollout_steps=16    avg_loss: 0.000000016205  time_per_window : 0.000970   progress : 0.819
name: models.architecture.block_type=simple
models.architecture.mamba_type=mamba
training.mode=rollout
training.rollout_steps=16    avg_loss: 0.000000016011  time_per_window : 0.000918   progress : 0.830
name: models.architecture.block_type=simple
models.architecture.mamba_type=mamba
training.mode=rollout
training.rollout_steps=16    avg_loss: 0.000000015013  time_per_window : 0.001012   progress : 0.841
name: models.architecture.block_type=simple
models.architecture.mamba_type=mamba
training.mode=rollout
training.rollout_steps=16    avg_loss: 0.000000014857  time_per_window : 0.001075   progress : 0.852
name: models.architecture.block_type=simple
models.architecture.mamba_type=mamba
training.mode=rollout
training.rollout_steps=16    avg_loss: 0.000000016208  time_per_window : 0.001015   progress : 0.863
name: models.architecture.block_type=simple
models.architecture.mamba_type=mamba
training.mode=rollout
training.rollout_steps=16    avg_loss: 0.000000014893  time_per_window : 0.000631   progress : 0.874
name: models.architecture.block_type=simple
models.architecture.mamba_type=mamba
training.mode=rollout
training.rollout_steps=16    avg_loss: 0.000000015066  time_per_window : 0.000711   progress : 0.885
name: models.architecture.block_type=simple
models.architecture.mamba_type=mamba
training.mode=rollout
training.rollout_steps=16    avg_loss: 0.000000015003  time_per_window : 0.000614   progress : 0.896
name: models.architecture.block_type=simple
models.architecture.mamba_type=mamba
training.mode=rollout
training.rollout_steps=16    avg_loss: 0.000000016115  time_per_window : 0.000847   progress : 0.907
name: models.architecture.block_type=simple
models.architecture.mamba_type=mamba
training.mode=rollout
training.rollout_steps=16    avg_loss: 0.000000015492  time_per_window : 0.000987   progress : 0.917
name: models.architecture.block_type=simple
models.architecture.mamba_type=mamba
training.mode=rollout
training.rollout_steps=16    avg_loss: 0.000000015437  time_per_window : 0.001034   progress : 0.928
name: models.architecture.block_type=simple
models.architecture.mamba_type=mamba
training.mode=rollout
training.rollout_steps=16    avg_loss: 0.000000015689  time_per_window : 0.001006   progress : 0.939
name: models.architecture.block_type=simple
models.architecture.mamba_type=mamba
training.mode=rollout
training.rollout_steps=16    avg_loss: 0.000000015003  time_per_window : 0.001096   progress : 0.950
name: models.architecture.block_type=simple
models.architecture.mamba_type=mamba
training.mode=rollout
training.rollout_steps=16    avg_loss: 0.000000014555  time_per_window : 0.001075   progress : 0.961
name: models.architecture.block_type=simple
models.architecture.mamba_type=mamba
training.mode=rollout
training.rollout_steps=16    avg_loss: 0.000000015069  time_per_window : 0.000998   progress : 0.972
name: models.architecture.block_type=simple
models.architecture.mamba_type=mamba
training.mode=rollout
training.rollout_steps=16    avg_loss: 0.000000014897  time_per_window : 0.000999   progress : 0.983
name: models.architecture.block_type=simple
models.architecture.mamba_type=mamba
training.mode=rollout
training.rollout_steps=16    avg_loss: 0.000000015459  time_per_window : 0.000923   progress : 0.994
name: models.architecture.block_type=simple
models.architecture.mamba_type=mamba
training.mode=rollout
training.rollout_steps=16    avg_loss: 0.000001128485  time_per_window : 0.001115   progress : 0.011
name: models.architecture.block_type=simple
models.architecture.mamba_type=mamba
training.mode=rollout
training.rollout_steps=16    avg_loss: 0.000000228753  time_per_window : 0.001016   progress : 0.022
name: models.architecture.block_type=simple
models.architecture.mamba_type=mamba
training.mode=rollout
training.rollout_steps=16    avg_loss: 0.000000102183  time_per_window : 0.001098   progress : 0.033
name: models.architecture.block_type=simple
models.architecture.mamba_type=mamba
training.mode=rollout
training.rollout_steps=16    avg_loss: 0.000000053946  time_per_window : 0.001007   progress : 0.044
name: models.architecture.block_type=simple
models.architecture.mamba_type=mamba
training.mode=rollout
training.rollout_steps=16    avg_loss: 0.000000046812  time_per_window : 0.001047   progress : 0.055
name: models.architecture.block_type=simple
models.architecture.mamba_type=mamba
training.mode=rollout
training.rollout_steps=16    avg_loss: 0.000000045586  time_per_window : 0.001033   progress : 0.066
name: models.architecture.block_type=simple
models.architecture.mamba_type=mamba
training.mode=rollout
training.rollout_steps=16    avg_loss: 0.000000041296  time_per_window : 0.000906   progress : 0.076
name: models.architecture.block_type=simple
models.architecture.mamba_type=mamba
training.mode=rollout
training.rollout_steps=16    avg_loss: 0.000000037378  time_per_window : 0.001085   progress : 0.087
name: models.architecture.block_type=simple
models.architecture.mamba_type=mamba
training.mode=rollout
training.rollout_steps=16    avg_loss: 0.000000034858  time_per_window : 0.001055   progress : 0.098
name: models.architecture.block_type=simple
models.architecture.mamba_type=mamba
training.mode=rollout
training.rollout_steps=16    avg_loss: 0.000000034618  time_per_window : 0.001018   progress : 0.109
name: models.architecture.block_type=simple
models.architecture.mamba_type=mamba
training.mode=rollout
training.rollout_steps=16    avg_loss: 0.000000039287  time_per_window : 0.001028   progress : 0.120
name: models.architecture.block_type=simple
models.architecture.mamba_type=mamba
training.mode=rollout
training.rollout_steps=16    avg_loss: 0.000000036473  time_per_window : 0.001032   progress : 0.131
name: models.architecture.block_type=simple
models.architecture.mamba_type=mamba
training.mode=rollout
training.rollout_steps=16    avg_loss: 0.000000034738  time_per_window : 0.001025   progress : 0.142
name: models.architecture.block_type=simple
models.architecture.mamba_type=mamba
training.mode=rollout
training.rollout_steps=16    avg_loss: 0.000000035901  time_per_window : 0.001100   progress : 0.153
name: models.architecture.block_type=simple
models.architecture.mamba_type=mamba
training.mode=rollout
training.rollout_steps=16    avg_loss: 0.000000034930  time_per_window : 0.001007   progress : 0.164
name: models.architecture.block_type=simple
models.architecture.mamba_type=mamba
training.mode=rollout
training.rollout_steps=16    avg_loss: 0.000000033737  time_per_window : 0.001020   progress : 0.175
name: models.architecture.block_type=simple
models.architecture.mamba_type=mamba
training.mode=rollout
training.rollout_steps=16    avg_loss: 0.000000033960  time_per_window : 0.001046   progress : 0.186
name: models.architecture.block_type=simple
models.architecture.mamba_type=mamba
training.mode=rollout
training.rollout_steps=16    avg_loss: 0.000000035793  time_per_window : 0.001072   progress : 0.197
name: models.architecture.block_type=simple
models.architecture.mamba_type=mamba
training.mode=rollout
training.rollout_steps=16    avg_loss: 0.000000031816  time_per_window : 0.001047   progress : 0.208
name: models.architecture.block_type=simple
models.architecture.mamba_type=mamba
training.mode=rollout
training.rollout_steps=16    avg_loss: 0.000000032998  time_per_window : 0.001067   progress : 0.218
name: models.architecture.block_type=simple
models.architecture.mamba_type=mamba
training.mode=rollout
training.rollout_steps=16    avg_loss: 0.000000033161  time_per_window : 0.001043   progress : 0.229
name: models.architecture.block_type=simple
models.architecture.mamba_type=mamba
training.mode=rollout
training.rollout_steps=16    avg_loss: 0.000000039012  time_per_window : 0.001070   progress : 0.240
name: models.architecture.block_type=simple
models.architecture.mamba_type=mamba
training.mode=rollout
training.rollout_steps=16    avg_loss: 0.000000035215  time_per_window : 0.001064   progress : 0.251
name: models.architecture.block_type=simple
models.architecture.mamba_type=mamba
training.mode=rollout
training.rollout_steps=16    avg_loss: 0.000000034306  time_per_window : 0.001018   progress : 0.262
name: models.architecture.block_type=simple
models.architecture.mamba_type=mamba
training.mode=rollout
training.rollout_steps=16    avg_loss: 0.000000035853  time_per_window : 0.001097   progress : 0.273
name: models.architecture.block_type=simple
models.architecture.mamba_type=mamba
training.mode=rollout
training.rollout_steps=16    avg_loss: 0.000000037047  time_per_window : 0.000940   progress : 0.284
name: models.architecture.block_type=simple
models.architecture.mamba_type=mamba
training.mode=rollout
training.rollout_steps=16    avg_loss: 0.000000035583  time_per_window : 0.001027   progress : 0.295
name: models.architecture.block_type=simple
models.architecture.mamba_type=mamba
training.mode=rollout
training.rollout_steps=16    avg_loss: 0.000000034087  time_per_window : 0.001093   progress : 0.306
name: models.architecture.block_type=simple
models.architecture.mamba_type=mamba
training.mode=rollout
training.rollout_steps=16    avg_loss: 0.000000036902  time_per_window : 0.001085   progress : 0.317
name: models.architecture.block_type=simple
models.architecture.mamba_type=mamba
training.mode=rollout
training.rollout_steps=16    avg_loss: 0.000000039106  time_per_window : 0.000971   progress : 0.328
name: models.architecture.block_type=simple
models.architecture.mamba_type=mamba
training.mode=rollout
training.rollout_steps=16    avg_loss: 0.000000034341  time_per_window : 0.001054   progress : 0.339
name: models.architecture.block_type=simple
models.architecture.mamba_type=mamba
training.mode=rollout
training.rollout_steps=16    avg_loss: 0.000000036692  time_per_window : 0.001028   progress : 0.350
name: models.architecture.block_type=simple
models.architecture.mamba_type=mamba
training.mode=rollout
training.rollout_steps=16    avg_loss: 0.000000035044  time_per_window : 0.000978   progress : 0.360
name: models.architecture.block_type=simple
models.architecture.mamba_type=mamba
training.mode=rollout
training.rollout_steps=16    avg_loss: 0.000000036725  time_per_window : 0.001028   progress : 0.371
name: models.architecture.block_type=simple
models.architecture.mamba_type=mamba
training.mode=rollout
training.rollout_steps=16    avg_loss: 0.000000034270  time_per_window : 0.001033   progress : 0.382
name: models.architecture.block_type=simple
models.architecture.mamba_type=mamba
training.mode=rollout
training.rollout_steps=16    avg_loss: 0.000000033373  time_per_window : 0.001076   progress : 0.393
name: models.architecture.block_type=simple
models.architecture.mamba_type=mamba
training.mode=rollout
training.rollout_steps=16    avg_loss: 0.000000032434  time_per_window : 0.001009   progress : 0.404
name: models.architecture.block_type=simple
models.architecture.mamba_type=mamba
training.mode=rollout
training.rollout_steps=16    avg_loss: 0.000000034326  time_per_window : 0.000809   progress : 0.415
name: models.architecture.block_type=simple
models.architecture.mamba_type=mamba
training.mode=rollout
training.rollout_steps=16    avg_loss: 0.000000033762  time_per_window : 0.000978   progress : 0.426
name: models.architecture.block_type=simple
models.architecture.mamba_type=mamba
training.mode=rollout
training.rollout_steps=16    avg_loss: 0.000000035017  time_per_window : 0.001016   progress : 0.437
name: models.architecture.block_type=simple
models.architecture.mamba_type=mamba
training.mode=rollout
training.rollout_steps=16    avg_loss: 0.000000035252  time_per_window : 0.001067   progress : 0.448
name: models.architecture.block_type=simple
models.architecture.mamba_type=mamba
training.mode=rollout
training.rollout_steps=16    avg_loss: 0.000000037810  time_per_window : 0.001020   progress : 0.459
name: models.architecture.block_type=simple
models.architecture.mamba_type=mamba
training.mode=rollout
training.rollout_steps=16    avg_loss: 0.000000032597  time_per_window : 0.001049   progress : 0.470
name: models.architecture.block_type=simple
models.architecture.mamba_type=mamba
training.mode=rollout
training.rollout_steps=16    avg_loss: 0.000000032999  time_per_window : 0.000998   progress : 0.481
name: models.architecture.block_type=simple
models.architecture.mamba_type=mamba
training.mode=rollout
training.rollout_steps=16    avg_loss: 0.000000038619  time_per_window : 0.000993   progress : 0.492
name: models.architecture.block_type=simple
models.architecture.mamba_type=mamba
training.mode=rollout
training.rollout_steps=16    avg_loss: 0.000000033172  time_per_window : 0.001056   progress : 0.502
name: models.architecture.block_type=simple
models.architecture.mamba_type=mamba
training.mode=rollout
training.rollout_steps=16    avg_loss: 0.000000034470  time_per_window : 0.001043   progress : 0.513
name: models.architecture.block_type=simple
models.architecture.mamba_type=mamba
training.mode=rollout
training.rollout_steps=16    avg_loss: 0.000000031948  time_per_window : 0.001092   progress : 0.524
name: models.architecture.block_type=simple
models.architecture.mamba_type=mamba
training.mode=rollout
training.rollout_steps=16    avg_loss: 0.000000035452  time_per_window : 0.001074   progress : 0.535
name: models.architecture.block_type=simple
models.architecture.mamba_type=mamba
training.mode=rollout
training.rollout_steps=16    avg_loss: 0.000000033216  time_per_window : 0.001040   progress : 0.546
name: models.architecture.block_type=simple
models.architecture.mamba_type=mamba
training.mode=rollout
training.rollout_steps=16    avg_loss: 0.000000036198  time_per_window : 0.001074   progress : 0.557
name: models.architecture.block_type=simple
models.architecture.mamba_type=mamba
training.mode=rollout
training.rollout_steps=16    avg_loss: 0.000000030968  time_per_window : 0.000981   progress : 0.568
name: models.architecture.block_type=simple
models.architecture.mamba_type=mamba
training.mode=rollout
training.rollout_steps=16    avg_loss: 0.000000030358  time_per_window : 0.001015   progress : 0.579
name: models.architecture.block_type=simple
models.architecture.mamba_type=mamba
training.mode=rollout
training.rollout_steps=16    avg_loss: 0.000000034503  time_per_window : 0.001066   progress : 0.590
name: models.architecture.block_type=simple
models.architecture.mamba_type=mamba
training.mode=rollout
training.rollout_steps=16    avg_loss: 0.000000030450  time_per_window : 0.001127   progress : 0.601
name: models.architecture.block_type=simple
models.architecture.mamba_type=mamba
training.mode=rollout
training.rollout_steps=16    avg_loss: 0.000000032774  time_per_window : 0.001083   progress : 0.612
name: models.architecture.block_type=simple
models.architecture.mamba_type=mamba
training.mode=rollout
training.rollout_steps=16    avg_loss: 0.000000034539  time_per_window : 0.001048   progress : 0.623
name: models.architecture.block_type=simple
models.architecture.mamba_type=mamba
training.mode=rollout
training.rollout_steps=16    avg_loss: 0.000000032939  time_per_window : 0.001032   progress : 0.634
name: models.architecture.block_type=simple
models.architecture.mamba_type=mamba
training.mode=rollout
training.rollout_steps=16    avg_loss: 0.000000034349  time_per_window : 0.001058   progress : 0.644
name: models.architecture.block_type=simple
models.architecture.mamba_type=mamba
training.mode=rollout
training.rollout_steps=16    avg_loss: 0.000000033120  time_per_window : 0.000950   progress : 0.655
name: models.architecture.block_type=simple
models.architecture.mamba_type=mamba
training.mode=rollout
training.rollout_steps=16    avg_loss: 0.000000032816  time_per_window : 0.000986   progress : 0.666
name: models.architecture.block_type=simple
models.architecture.mamba_type=mamba
training.mode=rollout
training.rollout_steps=16    avg_loss: 0.000000029437  time_per_window : 0.001090   progress : 0.677
name: models.architecture.block_type=simple
models.architecture.mamba_type=mamba
training.mode=rollout
training.rollout_steps=16    avg_loss: 0.000000031185  time_per_window : 0.000877   progress : 0.688
name: models.architecture.block_type=simple
models.architecture.mamba_type=mamba
training.mode=rollout
training.rollout_steps=16    avg_loss: 0.000000033492  time_per_window : 0.001084   progress : 0.699
name: models.architecture.block_type=simple
models.architecture.mamba_type=mamba
training.mode=rollout
training.rollout_steps=16    avg_loss: 0.000000034864  time_per_window : 0.001022   progress : 0.710
name: models.architecture.block_type=simple
models.architecture.mamba_type=mamba
training.mode=rollout
training.rollout_steps=16    avg_loss: 0.000000031313  time_per_window : 0.000847   progress : 0.721
name: models.architecture.block_type=simple
models.architecture.mamba_type=mamba
training.mode=rollout
training.rollout_steps=16    avg_loss: 0.000000032130  time_per_window : 0.000975   progress : 0.732
name: models.architecture.block_type=simple
models.architecture.mamba_type=mamba
training.mode=rollout
training.rollout_steps=16    avg_loss: 0.000000031490  time_per_window : 0.000775   progress : 0.743
name: models.architecture.block_type=simple
models.architecture.mamba_type=mamba
training.mode=rollout
training.rollout_steps=16    avg_loss: 0.000000029433  time_per_window : 0.000889   progress : 0.754
name: models.architecture.block_type=simple
models.architecture.mamba_type=mamba
training.mode=rollout
training.rollout_steps=16    avg_loss: 0.000000028990  time_per_window : 0.000788   progress : 0.765
name: models.architecture.block_type=simple
models.architecture.mamba_type=mamba
training.mode=rollout
training.rollout_steps=16    avg_loss: 0.000000034099  time_per_window : 0.000844   progress : 0.775
name: models.architecture.block_type=simple
models.architecture.mamba_type=mamba
training.mode=rollout
training.rollout_steps=16    avg_loss: 0.000000039027  time_per_window : 0.000721   progress : 0.786
name: models.architecture.block_type=simple
models.architecture.mamba_type=mamba
training.mode=rollout
training.rollout_steps=16    avg_loss: 0.000000030387  time_per_window : 0.000846   progress : 0.797
name: models.architecture.block_type=simple
models.architecture.mamba_type=mamba
training.mode=rollout
training.rollout_steps=16    avg_loss: 0.000000028130  time_per_window : 0.000641   progress : 0.808
name: models.architecture.block_type=simple
models.architecture.mamba_type=mamba
training.mode=rollout
training.rollout_steps=16    avg_loss: 0.000000029253  time_per_window : 0.001033   progress : 0.819
name: models.architecture.block_type=simple
models.architecture.mamba_type=mamba
training.mode=rollout
training.rollout_steps=16    avg_loss: 0.000000029447  time_per_window : 0.000970   progress : 0.830
name: models.architecture.block_type=simple
models.architecture.mamba_type=mamba
training.mode=rollout
training.rollout_steps=16    avg_loss: 0.000000031199  time_per_window : 0.000981   progress : 0.841
name: models.architecture.block_type=simple
models.architecture.mamba_type=mamba
training.mode=rollout
training.rollout_steps=16    avg_loss: 0.000000029357  time_per_window : 0.000933   progress : 0.852
name: models.architecture.block_type=simple
models.architecture.mamba_type=mamba
training.mode=rollout
training.rollout_steps=16    avg_loss: 0.000000028543  time_per_window : 0.000958   progress : 0.863
name: models.architecture.block_type=simple
models.architecture.mamba_type=mamba
training.mode=rollout
training.rollout_steps=16    avg_loss: 0.000000032612  time_per_window : 0.001005   progress : 0.874
name: models.architecture.block_type=simple
models.architecture.mamba_type=mamba
training.mode=rollout
training.rollout_steps=16    avg_loss: 0.000000032604  time_per_window : 0.000944   progress : 0.885
name: models.architecture.block_type=simple
models.architecture.mamba_type=mamba
training.mode=rollout
training.rollout_steps=16    avg_loss: 0.000000030200  time_per_window : 0.001023   progress : 0.896
name: models.architecture.block_type=simple
models.architecture.mamba_type=mamba
training.mode=rollout
training.rollout_steps=16    avg_loss: 0.000000031060  time_per_window : 0.001117   progress : 0.907
name: models.architecture.block_type=simple
models.architecture.mamba_type=mamba
training.mode=rollout
training.rollout_steps=16    avg_loss: 0.000000029563  time_per_window : 0.001042   progress : 0.917
name: models.architecture.block_type=simple
models.architecture.mamba_type=mamba
training.mode=rollout
training.rollout_steps=16    avg_loss: 0.000000028678  time_per_window : 0.001053   progress : 0.928
name: models.architecture.block_type=simple
models.architecture.mamba_type=mamba
training.mode=rollout
training.rollout_steps=16    avg_loss: 0.000000028386  time_per_window : 0.000968   progress : 0.939
name: models.architecture.block_type=simple
models.architecture.mamba_type=mamba
training.mode=rollout
training.rollout_steps=16    avg_loss: 0.000000031556  time_per_window : 0.001084   progress : 0.950
name: models.architecture.block_type=simple
models.architecture.mamba_type=mamba
training.mode=rollout
training.rollout_steps=16    avg_loss: 0.000000029684  time_per_window : 0.001014   progress : 0.961
name: models.architecture.block_type=simple
models.architecture.mamba_type=mamba
training.mode=rollout
training.rollout_steps=16    avg_loss: 0.000000028126  time_per_window : 0.001004   progress : 0.972
name: models.architecture.block_type=simple
models.architecture.mamba_type=mamba
training.mode=rollout
training.rollout_steps=16    avg_loss: 0.000000030318  time_per_window : 0.001057   progress : 0.983
name: models.architecture.block_type=simple
models.architecture.mamba_type=mamba
training.mode=rollout
training.rollout_steps=16    avg_loss: 0.000000030408  time_per_window : 0.001029   progress : 0.994
name: models.architecture.block_type=simple
models.architecture.mamba_type=mamba
training.mode=rollout
training.rollout_steps=16    avg_loss: 0.000013377663  time_per_window : 0.001059   progress : 0.011
name: models.architecture.block_type=simple
models.architecture.mamba_type=mamba
training.mode=rollout
training.rollout_steps=16    avg_loss: 0.000004547687  time_per_window : 0.000984   progress : 0.022
name: models.architecture.block_type=simple
models.architecture.mamba_type=mamba
training.mode=rollout
training.rollout_steps=16    avg_loss: 0.000001044184  time_per_window : 0.001017   progress : 0.033
name: models.architecture.block_type=simple
models.architecture.mamba_type=mamba
training.mode=rollout
training.rollout_steps=16    avg_loss: 0.000000348933  time_per_window : 0.001000   progress : 0.044
name: models.architecture.block_type=simple
models.architecture.mamba_type=mamba
training.mode=rollout
training.rollout_steps=16    avg_loss: 0.000000251021  time_per_window : 0.000963   progress : 0.055
name: models.architecture.block_type=simple
models.architecture.mamba_type=mamba
training.mode=rollout
training.rollout_steps=16    avg_loss: 0.000000226613  time_per_window : 0.001061   progress : 0.066
name: models.architecture.block_type=simple
models.architecture.mamba_type=mamba
training.mode=rollout
training.rollout_steps=16    avg_loss: 0.000000196545  time_per_window : 0.001036   progress : 0.076
name: models.architecture.block_type=simple
models.architecture.mamba_type=mamba
training.mode=rollout
training.rollout_steps=16    avg_loss: 0.000000210318  time_per_window : 0.001073   progress : 0.087
name: models.architecture.block_type=simple
models.architecture.mamba_type=mamba
training.mode=rollout
training.rollout_steps=16    avg_loss: 0.000000164281  time_per_window : 0.001095   progress : 0.098
name: models.architecture.block_type=simple
models.architecture.mamba_type=mamba
training.mode=rollout
training.rollout_steps=16    avg_loss: 0.000000157807  time_per_window : 0.000993   progress : 0.109
name: models.architecture.block_type=simple
models.architecture.mamba_type=mamba
training.mode=rollout
training.rollout_steps=16    avg_loss: 0.000000184735  time_per_window : 0.001052   progress : 0.120
name: models.architecture.block_type=simple
models.architecture.mamba_type=mamba
training.mode=rollout
training.rollout_steps=16    avg_loss: 0.000000155904  time_per_window : 0.001020   progress : 0.131
name: models.architecture.block_type=simple
models.architecture.mamba_type=mamba
training.mode=rollout
training.rollout_steps=16    avg_loss: 0.000000159028  time_per_window : 0.000993   progress : 0.142
name: models.architecture.block_type=simple
models.architecture.mamba_type=mamba
training.mode=rollout
training.rollout_steps=16    avg_loss: 0.000000152171  time_per_window : 0.001033   progress : 0.153
name: models.architecture.block_type=simple
models.architecture.mamba_type=mamba
training.mode=rollout
training.rollout_steps=16    avg_loss: 0.000000191885  time_per_window : 0.001167   progress : 0.164
name: models.architecture.block_type=simple
models.architecture.mamba_type=mamba
training.mode=rollout
training.rollout_steps=16    avg_loss: 0.000000161767  time_per_window : 0.001040   progress : 0.175
name: models.architecture.block_type=simple
models.architecture.mamba_type=mamba
training.mode=rollout
training.rollout_steps=16    avg_loss: 0.000000174796  time_per_window : 0.001014   progress : 0.186
name: models.architecture.block_type=simple
models.architecture.mamba_type=mamba
training.mode=rollout
training.rollout_steps=16    avg_loss: 0.000000160286  time_per_window : 0.001095   progress : 0.197
name: models.architecture.block_type=simple
models.architecture.mamba_type=mamba
training.mode=rollout
training.rollout_steps=16    avg_loss: 0.000000161018  time_per_window : 0.000997   progress : 0.208
name: models.architecture.block_type=simple
models.architecture.mamba_type=mamba
training.mode=rollout
training.rollout_steps=16    avg_loss: 0.000000171425  time_per_window : 0.001069   progress : 0.218
name: models.architecture.block_type=simple
models.architecture.mamba_type=mamba
training.mode=rollout
training.rollout_steps=16    avg_loss: 0.000000188393  time_per_window : 0.001003   progress : 0.229
name: models.architecture.block_type=simple
models.architecture.mamba_type=mamba
training.mode=rollout
training.rollout_steps=16    avg_loss: 0.000000159535  time_per_window : 0.000937   progress : 0.240
name: models.architecture.block_type=simple
models.architecture.mamba_type=mamba
training.mode=rollout
training.rollout_steps=16    avg_loss: 0.000000161145  time_per_window : 0.000997   progress : 0.251
name: models.architecture.block_type=simple
models.architecture.mamba_type=mamba
training.mode=rollout
training.rollout_steps=16    avg_loss: 0.000000156117  time_per_window : 0.000777   progress : 0.262
name: models.architecture.block_type=simple
models.architecture.mamba_type=mamba
training.mode=rollout
training.rollout_steps=16    avg_loss: 0.000000175075  time_per_window : 0.001138   progress : 0.273
name: models.architecture.block_type=simple
models.architecture.mamba_type=mamba
training.mode=rollout
training.rollout_steps=16    avg_loss: 0.000000171047  time_per_window : 0.001061   progress : 0.284
name: models.architecture.block_type=simple
models.architecture.mamba_type=mamba
training.mode=rollout
training.rollout_steps=16    avg_loss: 0.000000155621  time_per_window : 0.001064   progress : 0.295
name: models.architecture.block_type=simple
models.architecture.mamba_type=mamba
training.mode=rollout
training.rollout_steps=16    avg_loss: 0.000000155495  time_per_window : 0.001048   progress : 0.306
name: models.architecture.block_type=simple
models.architecture.mamba_type=mamba
training.mode=rollout
training.rollout_steps=16    avg_loss: 0.000000197610  time_per_window : 0.001030   progress : 0.317
name: models.architecture.block_type=simple
models.architecture.mamba_type=mamba
training.mode=rollout
training.rollout_steps=16    avg_loss: 0.000000164195  time_per_window : 0.001047   progress : 0.328
name: models.architecture.block_type=simple
models.architecture.mamba_type=mamba
training.mode=rollout
training.rollout_steps=16    avg_loss: 0.000000155160  time_per_window : 0.000722   progress : 0.339
name: models.architecture.block_type=simple
models.architecture.mamba_type=mamba
training.mode=rollout
training.rollout_steps=16    avg_loss: 0.000000160732  time_per_window : 0.001034   progress : 0.350
name: models.architecture.block_type=simple
models.architecture.mamba_type=mamba
training.mode=rollout
training.rollout_steps=16    avg_loss: 0.000000148061  time_per_window : 0.001092   progress : 0.360
name: models.architecture.block_type=simple
models.architecture.mamba_type=mamba
training.mode=rollout
training.rollout_steps=16    avg_loss: 0.000000160224  time_per_window : 0.001025   progress : 0.371
name: models.architecture.block_type=simple
models.architecture.mamba_type=mamba
training.mode=rollout
training.rollout_steps=16    avg_loss: 0.000000160994  time_per_window : 0.001060   progress : 0.382
name: models.architecture.block_type=simple
models.architecture.mamba_type=mamba
training.mode=rollout
training.rollout_steps=16    avg_loss: 0.000000145843  time_per_window : 0.001032   progress : 0.393
name: models.architecture.block_type=simple
models.architecture.mamba_type=mamba
training.mode=rollout
training.rollout_steps=16    avg_loss: 0.000000157788  time_per_window : 0.001006   progress : 0.404
name: models.architecture.block_type=simple
models.architecture.mamba_type=mamba
training.mode=rollout
training.rollout_steps=16    avg_loss: 0.000000165437  time_per_window : 0.001037   progress : 0.415
name: models.architecture.block_type=simple
models.architecture.mamba_type=mamba
training.mode=rollout
training.rollout_steps=16    avg_loss: 0.000000173807  time_per_window : 0.001020   progress : 0.426
name: models.architecture.block_type=simple
models.architecture.mamba_type=mamba
training.mode=rollout
training.rollout_steps=16    avg_loss: 0.000000156397  time_per_window : 0.001062   progress : 0.437
name: models.architecture.block_type=simple
models.architecture.mamba_type=mamba
training.mode=rollout
training.rollout_steps=16    avg_loss: 0.000000158369  time_per_window : 0.000983   progress : 0.448
name: models.architecture.block_type=simple
models.architecture.mamba_type=mamba
training.mode=rollout
training.rollout_steps=16    avg_loss: 0.000000138831  time_per_window : 0.001052   progress : 0.459
name: models.architecture.block_type=simple
models.architecture.mamba_type=mamba
training.mode=rollout
training.rollout_steps=16    avg_loss: 0.000000156723  time_per_window : 0.001035   progress : 0.470
name: models.architecture.block_type=simple
models.architecture.mamba_type=mamba
training.mode=rollout
training.rollout_steps=16    avg_loss: 0.000000150387  time_per_window : 0.001019   progress : 0.481
name: models.architecture.block_type=simple
models.architecture.mamba_type=mamba
training.mode=rollout
training.rollout_steps=16    avg_loss: 0.000000152404  time_per_window : 0.000939   progress : 0.492
name: models.architecture.block_type=simple
models.architecture.mamba_type=mamba
training.mode=rollout
training.rollout_steps=16    avg_loss: 0.000000141700  time_per_window : 0.001051   progress : 0.502
name: models.architecture.block_type=simple
models.architecture.mamba_type=mamba
training.mode=rollout
training.rollout_steps=16    avg_loss: 0.000000144516  time_per_window : 0.000873   progress : 0.513
name: models.architecture.block_type=simple
models.architecture.mamba_type=mamba
training.mode=rollout
training.rollout_steps=16    avg_loss: 0.000000141173  time_per_window : 0.001026   progress : 0.524
name: models.architecture.block_type=simple
models.architecture.mamba_type=mamba
training.mode=rollout
training.rollout_steps=16    avg_loss: 0.000000155642  time_per_window : 0.001068   progress : 0.535
name: models.architecture.block_type=simple
models.architecture.mamba_type=mamba
training.mode=rollout
training.rollout_steps=16    avg_loss: 0.000000160519  time_per_window : 0.001033   progress : 0.546
name: models.architecture.block_type=simple
models.architecture.mamba_type=mamba
training.mode=rollout
training.rollout_steps=16    avg_loss: 0.000000155040  time_per_window : 0.001070   progress : 0.557
name: models.architecture.block_type=simple
models.architecture.mamba_type=mamba
training.mode=rollout
training.rollout_steps=16    avg_loss: 0.000000137201  time_per_window : 0.001077   progress : 0.568
name: models.architecture.block_type=simple
models.architecture.mamba_type=mamba
training.mode=rollout
training.rollout_steps=16    avg_loss: 0.000000147695  time_per_window : 0.001012   progress : 0.579
name: models.architecture.block_type=simple
models.architecture.mamba_type=mamba
training.mode=rollout
training.rollout_steps=16    avg_loss: 0.000000153512  time_per_window : 0.001043   progress : 0.590
name: models.architecture.block_type=simple
models.architecture.mamba_type=mamba
training.mode=rollout
training.rollout_steps=16    avg_loss: 0.000000137112  time_per_window : 0.001094   progress : 0.601
name: models.architecture.block_type=simple
models.architecture.mamba_type=mamba
training.mode=rollout
training.rollout_steps=16    avg_loss: 0.000000149350  time_per_window : 0.001016   progress : 0.612
name: models.architecture.block_type=simple
models.architecture.mamba_type=mamba
training.mode=rollout
training.rollout_steps=16    avg_loss: 0.000000141061  time_per_window : 0.001059   progress : 0.623
name: models.architecture.block_type=simple
models.architecture.mamba_type=mamba
training.mode=rollout
training.rollout_steps=16    avg_loss: 0.000000143113  time_per_window : 0.000989   progress : 0.634
name: models.architecture.block_type=simple
models.architecture.mamba_type=mamba
training.mode=rollout
training.rollout_steps=16    avg_loss: 0.000000147564  time_per_window : 0.001026   progress : 0.644
name: models.architecture.block_type=simple
models.architecture.mamba_type=mamba
training.mode=rollout
training.rollout_steps=16    avg_loss: 0.000000152165  time_per_window : 0.001024   progress : 0.655
name: models.architecture.block_type=simple
models.architecture.mamba_type=mamba
training.mode=rollout
training.rollout_steps=16    avg_loss: 0.000000151364  time_per_window : 0.000982   progress : 0.666
name: models.architecture.block_type=simple
models.architecture.mamba_type=mamba
training.mode=rollout
training.rollout_steps=16    avg_loss: 0.000000139901  time_per_window : 0.001020   progress : 0.677
name: models.architecture.block_type=simple
models.architecture.mamba_type=mamba
training.mode=rollout
training.rollout_steps=16    avg_loss: 0.000000129427  time_per_window : 0.001018   progress : 0.688
name: models.architecture.block_type=simple
models.architecture.mamba_type=mamba
training.mode=rollout
training.rollout_steps=16    avg_loss: 0.000000147346  time_per_window : 0.000990   progress : 0.699
name: models.architecture.block_type=simple
models.architecture.mamba_type=mamba
training.mode=rollout
training.rollout_steps=16    avg_loss: 0.000000152168  time_per_window : 0.001010   progress : 0.710
name: models.architecture.block_type=simple
models.architecture.mamba_type=mamba
training.mode=rollout
training.rollout_steps=16    avg_loss: 0.000000134770  time_per_window : 0.000986   progress : 0.721
name: models.architecture.block_type=simple
models.architecture.mamba_type=mamba
training.mode=rollout
training.rollout_steps=16    avg_loss: 0.000000141383  time_per_window : 0.001059   progress : 0.732
name: models.architecture.block_type=simple
models.architecture.mamba_type=mamba
training.mode=rollout
training.rollout_steps=16    avg_loss: 0.000000152935  time_per_window : 0.001087   progress : 0.743
name: models.architecture.block_type=simple
models.architecture.mamba_type=mamba
training.mode=rollout
training.rollout_steps=16    avg_loss: 0.000000121247  time_per_window : 0.001044   progress : 0.754
name: models.architecture.block_type=simple
models.architecture.mamba_type=mamba
training.mode=rollout
training.rollout_steps=16    avg_loss: 0.000000136333  time_per_window : 0.001082   progress : 0.765
name: models.architecture.block_type=simple
models.architecture.mamba_type=mamba
training.mode=rollout
training.rollout_steps=16    avg_loss: 0.000000143574  time_per_window : 0.001061   progress : 0.775
name: models.architecture.block_type=simple
models.architecture.mamba_type=mamba
training.mode=rollout
training.rollout_steps=16    avg_loss: 0.000000163914  time_per_window : 0.000955   progress : 0.786
name: models.architecture.block_type=simple
models.architecture.mamba_type=mamba
training.mode=rollout
training.rollout_steps=16    avg_loss: 0.000000130087  time_per_window : 0.001027   progress : 0.797
name: models.architecture.block_type=simple
models.architecture.mamba_type=mamba
training.mode=rollout
training.rollout_steps=16    avg_loss: 0.000000130258  time_per_window : 0.001040   progress : 0.808
name: models.architecture.block_type=simple
models.architecture.mamba_type=mamba
training.mode=rollout
training.rollout_steps=16    avg_loss: 0.000000135600  time_per_window : 0.001082   progress : 0.819
name: models.architecture.block_type=simple
models.architecture.mamba_type=mamba
training.mode=rollout
training.rollout_steps=16    avg_loss: 0.000000144131  time_per_window : 0.001057   progress : 0.830
name: models.architecture.block_type=simple
models.architecture.mamba_type=mamba
training.mode=rollout
training.rollout_steps=16    avg_loss: 0.000000155513  time_per_window : 0.001078   progress : 0.841
name: models.architecture.block_type=simple
models.architecture.mamba_type=mamba
training.mode=rollout
training.rollout_steps=16    avg_loss: 0.000000118370  time_per_window : 0.001025   progress : 0.852
name: models.architecture.block_type=simple
models.architecture.mamba_type=mamba
training.mode=rollout
training.rollout_steps=16    avg_loss: 0.000000127581  time_per_window : 0.001032   progress : 0.863
name: models.architecture.block_type=simple
models.architecture.mamba_type=mamba
training.mode=rollout
training.rollout_steps=16    avg_loss: 0.000000133975  time_per_window : 0.001014   progress : 0.874
name: models.architecture.block_type=simple
models.architecture.mamba_type=mamba
training.mode=rollout
training.rollout_steps=16    avg_loss: 0.000000165207  time_per_window : 0.000976   progress : 0.885
name: models.architecture.block_type=simple
models.architecture.mamba_type=mamba
training.mode=rollout
training.rollout_steps=16    avg_loss: 0.000000127508  time_per_window : 0.000997   progress : 0.896
name: models.architecture.block_type=simple
models.architecture.mamba_type=mamba
training.mode=rollout
training.rollout_steps=16    avg_loss: 0.000000117436  time_per_window : 0.001005   progress : 0.907
name: models.architecture.block_type=simple
models.architecture.mamba_type=mamba
training.mode=rollout
training.rollout_steps=16    avg_loss: 0.000000137341  time_per_window : 0.000862   progress : 0.917
name: models.architecture.block_type=simple
models.architecture.mamba_type=mamba
training.mode=rollout
training.rollout_steps=16    avg_loss: 0.000000116536  time_per_window : 0.001059   progress : 0.928
name: models.architecture.block_type=simple
models.architecture.mamba_type=mamba
training.mode=rollout
training.rollout_steps=16    avg_loss: 0.000000135680  time_per_window : 0.001112   progress : 0.939
name: models.architecture.block_type=simple
models.architecture.mamba_type=mamba
training.mode=rollout
training.rollout_steps=16    avg_loss: 0.000000143127  time_per_window : 0.001026   progress : 0.950
name: models.architecture.block_type=simple
models.architecture.mamba_type=mamba
training.mode=rollout
training.rollout_steps=16    avg_loss: 0.000000120903  time_per_window : 0.001014   progress : 0.961
name: models.architecture.block_type=simple
models.architecture.mamba_type=mamba
training.mode=rollout
training.rollout_steps=16    avg_loss: 0.000000134617  time_per_window : 0.001003   progress : 0.972
name: models.architecture.block_type=simple
models.architecture.mamba_type=mamba
training.mode=rollout
training.rollout_steps=16    avg_loss: 0.000000133346  time_per_window : 0.000972   progress : 0.983
name: models.architecture.block_type=simple
models.architecture.mamba_type=mamba
training.mode=rollout
training.rollout_steps=16    avg_loss: 0.000000133363  time_per_window : 0.001025   progress : 0.994
name: models.architecture.block_type=simple
models.architecture.mamba_type=mamba
training.mode=rollout
training.rollout_steps=16    avg_loss: 0.000000407715  time_per_window : 0.001052   progress : 0.011
name: models.architecture.block_type=simple
models.architecture.mamba_type=mamba
training.mode=rollout
training.rollout_steps=16    avg_loss: 0.000000152696  time_per_window : 0.000973   progress : 0.022
name: models.architecture.block_type=simple
models.architecture.mamba_type=mamba
training.mode=rollout
training.rollout_steps=16    avg_loss: 0.000000168165  time_per_window : 0.001109   progress : 0.033
name: models.architecture.block_type=simple
models.architecture.mamba_type=mamba
training.mode=rollout
training.rollout_steps=16    avg_loss: 0.000000165495  time_per_window : 0.001063   progress : 0.044
name: models.architecture.block_type=simple
models.architecture.mamba_type=mamba
training.mode=rollout
training.rollout_steps=16    avg_loss: 0.000000169551  time_per_window : 0.001049   progress : 0.055
name: models.architecture.block_type=simple
models.architecture.mamba_type=mamba
training.mode=rollout
training.rollout_steps=16    avg_loss: 0.000000165620  time_per_window : 0.001022   progress : 0.066
name: models.architecture.block_type=simple
models.architecture.mamba_type=mamba
training.mode=rollout
training.rollout_steps=16    avg_loss: 0.000000174374  time_per_window : 0.001017   progress : 0.076
name: models.architecture.block_type=simple
models.architecture.mamba_type=mamba
training.mode=rollout
training.rollout_steps=16    avg_loss: 0.000000163576  time_per_window : 0.001054   progress : 0.087
name: models.architecture.block_type=simple
models.architecture.mamba_type=mamba
training.mode=rollout
training.rollout_steps=16    avg_loss: 0.000000181204  time_per_window : 0.000940   progress : 0.098
name: models.architecture.block_type=simple
models.architecture.mamba_type=mamba
training.mode=rollout
training.rollout_steps=16    avg_loss: 0.000000180653  time_per_window : 0.001039   progress : 0.109
name: models.architecture.block_type=simple
models.architecture.mamba_type=mamba
training.mode=rollout
training.rollout_steps=16    avg_loss: 0.000000172604  time_per_window : 0.001042   progress : 0.120
name: models.architecture.block_type=simple
models.architecture.mamba_type=mamba
training.mode=rollout
training.rollout_steps=16    avg_loss: 0.000000157832  time_per_window : 0.001089   progress : 0.131
name: models.architecture.block_type=simple
models.architecture.mamba_type=mamba
training.mode=rollout
training.rollout_steps=16    avg_loss: 0.000000155401  time_per_window : 0.001036   progress : 0.142
name: models.architecture.block_type=simple
models.architecture.mamba_type=mamba
training.mode=rollout
training.rollout_steps=16    avg_loss: 0.000000164224  time_per_window : 0.000950   progress : 0.153
name: models.architecture.block_type=simple
models.architecture.mamba_type=mamba
training.mode=rollout
training.rollout_steps=16    avg_loss: 0.000000168517  time_per_window : 0.001071   progress : 0.164
name: models.architecture.block_type=simple
models.architecture.mamba_type=mamba
training.mode=rollout
training.rollout_steps=16    avg_loss: 0.000000172449  time_per_window : 0.001024   progress : 0.175
name: models.architecture.block_type=simple
models.architecture.mamba_type=mamba
training.mode=rollout
training.rollout_steps=16    avg_loss: 0.000000152331  time_per_window : 0.001003   progress : 0.186
name: models.architecture.block_type=simple
models.architecture.mamba_type=mamba
training.mode=rollout
training.rollout_steps=16    avg_loss: 0.000000157434  time_per_window : 0.000961   progress : 0.197
name: models.architecture.block_type=simple
models.architecture.mamba_type=mamba
training.mode=rollout
training.rollout_steps=16    avg_loss: 0.000000159652  time_per_window : 0.000881   progress : 0.208
name: models.architecture.block_type=simple
models.architecture.mamba_type=mamba
training.mode=rollout
training.rollout_steps=16    avg_loss: 0.000000158497  time_per_window : 0.001010   progress : 0.218
name: models.architecture.block_type=simple
models.architecture.mamba_type=mamba
training.mode=rollout
training.rollout_steps=16    avg_loss: 0.000000211597  time_per_window : 0.001019   progress : 0.229
name: models.architecture.block_type=simple
models.architecture.mamba_type=mamba
training.mode=rollout
training.rollout_steps=16    avg_loss: 0.000000201446  time_per_window : 0.001087   progress : 0.240
name: models.architecture.block_type=simple
models.architecture.mamba_type=mamba
training.mode=rollout
training.rollout_steps=16    avg_loss: 0.000000172228  time_per_window : 0.001015   progress : 0.251
name: models.architecture.block_type=simple
models.architecture.mamba_type=mamba
training.mode=rollout
training.rollout_steps=16    avg_loss: 0.000000136277  time_per_window : 0.000987   progress : 0.262
name: models.architecture.block_type=simple
models.architecture.mamba_type=mamba
training.mode=rollout
training.rollout_steps=16    avg_loss: 0.000000141603  time_per_window : 0.000933   progress : 0.273
name: models.architecture.block_type=simple
models.architecture.mamba_type=mamba
training.mode=rollout
training.rollout_steps=16    avg_loss: 0.000000146736  time_per_window : 0.000989   progress : 0.284
name: models.architecture.block_type=simple
models.architecture.mamba_type=mamba
training.mode=rollout
training.rollout_steps=16    avg_loss: 0.000000155414  time_per_window : 0.001076   progress : 0.295
name: models.architecture.block_type=simple
models.architecture.mamba_type=mamba
training.mode=rollout
training.rollout_steps=16    avg_loss: 0.000000151980  time_per_window : 0.001037   progress : 0.306
name: models.architecture.block_type=simple
models.architecture.mamba_type=mamba
training.mode=rollout
training.rollout_steps=16    avg_loss: 0.000000149411  time_per_window : 0.001072   progress : 0.317
name: models.architecture.block_type=simple
models.architecture.mamba_type=mamba
training.mode=rollout
training.rollout_steps=16    avg_loss: 0.000000163053  time_per_window : 0.001042   progress : 0.328
name: models.architecture.block_type=simple
models.architecture.mamba_type=mamba
training.mode=rollout
training.rollout_steps=16    avg_loss: 0.000000157407  time_per_window : 0.000994   progress : 0.339
name: models.architecture.block_type=simple
models.architecture.mamba_type=mamba
training.mode=rollout
training.rollout_steps=16    avg_loss: 0.000000162853  time_per_window : 0.000913   progress : 0.350
name: models.architecture.block_type=simple
models.architecture.mamba_type=mamba
training.mode=rollout
training.rollout_steps=16    avg_loss: 0.000000159059  time_per_window : 0.001037   progress : 0.360
name: models.architecture.block_type=simple
models.architecture.mamba_type=mamba
training.mode=rollout
training.rollout_steps=16    avg_loss: 0.000000180046  time_per_window : 0.001003   progress : 0.371
name: models.architecture.block_type=simple
models.architecture.mamba_type=mamba
training.mode=rollout
training.rollout_steps=16    avg_loss: 0.000000153635  time_per_window : 0.000966   progress : 0.382
name: models.architecture.block_type=simple
models.architecture.mamba_type=mamba
training.mode=rollout
training.rollout_steps=16    avg_loss: 0.000000146575  time_per_window : 0.001081   progress : 0.393
name: models.architecture.block_type=simple
models.architecture.mamba_type=mamba
training.mode=rollout
training.rollout_steps=16    avg_loss: 0.000000144277  time_per_window : 0.001094   progress : 0.404
name: models.architecture.block_type=simple
models.architecture.mamba_type=mamba
training.mode=rollout
training.rollout_steps=16    avg_loss: 0.000000196964  time_per_window : 0.001013   progress : 0.415
name: models.architecture.block_type=simple
models.architecture.mamba_type=mamba
training.mode=rollout
training.rollout_steps=16    avg_loss: 0.000000168020  time_per_window : 0.001061   progress : 0.426
name: models.architecture.block_type=simple
models.architecture.mamba_type=mamba
training.mode=rollout
training.rollout_steps=16    avg_loss: 0.000000160244  time_per_window : 0.001027   progress : 0.437
name: models.architecture.block_type=simple
models.architecture.mamba_type=mamba
training.mode=rollout
training.rollout_steps=16    avg_loss: 0.000000148691  time_per_window : 0.001036   progress : 0.448
name: models.architecture.block_type=simple
models.architecture.mamba_type=mamba
training.mode=rollout
training.rollout_steps=16    avg_loss: 0.000000145114  time_per_window : 0.000991   progress : 0.459
name: models.architecture.block_type=simple
models.architecture.mamba_type=mamba
training.mode=rollout
training.rollout_steps=16    avg_loss: 0.000000158132  time_per_window : 0.000996   progress : 0.470
name: models.architecture.block_type=simple
models.architecture.mamba_type=mamba
training.mode=rollout
training.rollout_steps=16    avg_loss: 0.000000148170  time_per_window : 0.001059   progress : 0.481
name: models.architecture.block_type=simple
models.architecture.mamba_type=mamba
training.mode=rollout
training.rollout_steps=16    avg_loss: 0.000000147799  time_per_window : 0.000945   progress : 0.492
name: models.architecture.block_type=simple
models.architecture.mamba_type=mamba
training.mode=rollout
training.rollout_steps=16    avg_loss: 0.000000147265  time_per_window : 0.001020   progress : 0.502
name: models.architecture.block_type=simple
models.architecture.mamba_type=mamba
training.mode=rollout
training.rollout_steps=16    avg_loss: 0.000000148136  time_per_window : 0.001074   progress : 0.513
name: models.architecture.block_type=simple
models.architecture.mamba_type=mamba
training.mode=rollout
training.rollout_steps=16    avg_loss: 0.000000162501  time_per_window : 0.001085   progress : 0.524
name: models.architecture.block_type=simple
models.architecture.mamba_type=mamba
training.mode=rollout
training.rollout_steps=16    avg_loss: 0.000000142817  time_per_window : 0.001047   progress : 0.535
name: models.architecture.block_type=simple
models.architecture.mamba_type=mamba
training.mode=rollout
training.rollout_steps=16    avg_loss: 0.000000127265  time_per_window : 0.000917   progress : 0.546
name: models.architecture.block_type=simple
models.architecture.mamba_type=mamba
training.mode=rollout
training.rollout_steps=16    avg_loss: 0.000000163851  time_per_window : 0.000886   progress : 0.557
name: models.architecture.block_type=simple
models.architecture.mamba_type=mamba
training.mode=rollout
training.rollout_steps=16    avg_loss: 0.000000134685  time_per_window : 0.000981   progress : 0.568
name: models.architecture.block_type=simple
models.architecture.mamba_type=mamba
training.mode=rollout
training.rollout_steps=16    avg_loss: 0.000000154952  time_per_window : 0.001058   progress : 0.579
name: models.architecture.block_type=simple
models.architecture.mamba_type=mamba
training.mode=rollout
training.rollout_steps=16    avg_loss: 0.000000158125  time_per_window : 0.001064   progress : 0.590
name: models.architecture.block_type=simple
models.architecture.mamba_type=mamba
training.mode=rollout
training.rollout_steps=16    avg_loss: 0.000000163113  time_per_window : 0.001107   progress : 0.601
name: models.architecture.block_type=simple
models.architecture.mamba_type=mamba
training.mode=rollout
training.rollout_steps=16    avg_loss: 0.000000142033  time_per_window : 0.001106   progress : 0.612
name: models.architecture.block_type=simple
models.architecture.mamba_type=mamba
training.mode=rollout
training.rollout_steps=16    avg_loss: 0.000000155692  time_per_window : 0.000987   progress : 0.623
name: models.architecture.block_type=simple
models.architecture.mamba_type=mamba
training.mode=rollout
training.rollout_steps=16    avg_loss: 0.000000151440  time_per_window : 0.001075   progress : 0.634
name: models.architecture.block_type=simple
models.architecture.mamba_type=mamba
training.mode=rollout
training.rollout_steps=16    avg_loss: 0.000000136918  time_per_window : 0.000971   progress : 0.644
name: models.architecture.block_type=simple
models.architecture.mamba_type=mamba
training.mode=rollout
training.rollout_steps=16    avg_loss: 0.000000138389  time_per_window : 0.001075   progress : 0.655
name: models.architecture.block_type=simple
models.architecture.mamba_type=mamba
training.mode=rollout
training.rollout_steps=16    avg_loss: 0.000000153314  time_per_window : 0.001071   progress : 0.666
name: models.architecture.block_type=simple
models.architecture.mamba_type=mamba
training.mode=rollout
training.rollout_steps=16    avg_loss: 0.000000157206  time_per_window : 0.001058   progress : 0.677
name: models.architecture.block_type=simple
models.architecture.mamba_type=mamba
training.mode=rollout
training.rollout_steps=16    avg_loss: 0.000000128820  time_per_window : 0.001050   progress : 0.688
name: models.architecture.block_type=simple
models.architecture.mamba_type=mamba
training.mode=rollout
training.rollout_steps=16    avg_loss: 0.000000140127  time_per_window : 0.001057   progress : 0.699
name: models.architecture.block_type=simple
models.architecture.mamba_type=mamba
training.mode=rollout
training.rollout_steps=16    avg_loss: 0.000000155822  time_per_window : 0.001053   progress : 0.710
name: models.architecture.block_type=simple
models.architecture.mamba_type=mamba
training.mode=rollout
training.rollout_steps=16    avg_loss: 0.000000141494  time_per_window : 0.000790   progress : 0.721
name: models.architecture.block_type=simple
models.architecture.mamba_type=mamba
training.mode=rollout
training.rollout_steps=16    avg_loss: 0.000000160195  time_per_window : 0.001000   progress : 0.732
name: models.architecture.block_type=simple
models.architecture.mamba_type=mamba
training.mode=rollout
training.rollout_steps=16    avg_loss: 0.000000154770  time_per_window : 0.001055   progress : 0.743
name: models.architecture.block_type=simple
models.architecture.mamba_type=mamba
training.mode=rollout
training.rollout_steps=16    avg_loss: 0.000000151343  time_per_window : 0.001019   progress : 0.754
name: models.architecture.block_type=simple
models.architecture.mamba_type=mamba
training.mode=rollout
training.rollout_steps=16    avg_loss: 0.000000136040  time_per_window : 0.001068   progress : 0.765
name: models.architecture.block_type=simple
models.architecture.mamba_type=mamba
training.mode=rollout
training.rollout_steps=16    avg_loss: 0.000000176005  time_per_window : 0.001045   progress : 0.775
name: models.architecture.block_type=simple
models.architecture.mamba_type=mamba
training.mode=rollout
training.rollout_steps=16    avg_loss: 0.000000138501  time_per_window : 0.001092   progress : 0.786
name: models.architecture.block_type=simple
models.architecture.mamba_type=mamba
training.mode=rollout
training.rollout_steps=16    avg_loss: 0.000000139649  time_per_window : 0.001032   progress : 0.797
name: models.architecture.block_type=simple
models.architecture.mamba_type=mamba
training.mode=rollout
training.rollout_steps=16    avg_loss: 0.000000138215  time_per_window : 0.001047   progress : 0.808
name: models.architecture.block_type=simple
models.architecture.mamba_type=mamba
training.mode=rollout
training.rollout_steps=16    avg_loss: 0.000000145053  time_per_window : 0.000943   progress : 0.819
name: models.architecture.block_type=simple
models.architecture.mamba_type=mamba
training.mode=rollout
training.rollout_steps=16    avg_loss: 0.000000148916  time_per_window : 0.001084   progress : 0.830
name: models.architecture.block_type=simple
models.architecture.mamba_type=mamba
training.mode=rollout
training.rollout_steps=16    avg_loss: 0.000000149639  time_per_window : 0.001093   progress : 0.841
name: models.architecture.block_type=simple
models.architecture.mamba_type=mamba
training.mode=rollout
training.rollout_steps=16    avg_loss: 0.000000138630  time_per_window : 0.000991   progress : 0.852
name: models.architecture.block_type=simple
models.architecture.mamba_type=mamba
training.mode=rollout
training.rollout_steps=16    avg_loss: 0.000000122038  time_per_window : 0.001044   progress : 0.863
name: models.architecture.block_type=simple
models.architecture.mamba_type=mamba
training.mode=rollout
training.rollout_steps=16    avg_loss: 0.000000136516  time_per_window : 0.001007   progress : 0.874
name: models.architecture.block_type=simple
models.architecture.mamba_type=mamba
training.mode=rollout
training.rollout_steps=16    avg_loss: 0.000000151641  time_per_window : 0.000808   progress : 0.885
name: models.architecture.block_type=simple
models.architecture.mamba_type=mamba
training.mode=rollout
training.rollout_steps=16    avg_loss: 0.000000136176  time_per_window : 0.001037   progress : 0.896
name: models.architecture.block_type=simple
models.architecture.mamba_type=mamba
training.mode=rollout
training.rollout_steps=16    avg_loss: 0.000000132831  time_per_window : 0.000995   progress : 0.907
name: models.architecture.block_type=simple
models.architecture.mamba_type=mamba
training.mode=rollout
training.rollout_steps=16    avg_loss: 0.000000135489  time_per_window : 0.001066   progress : 0.917
name: models.architecture.block_type=simple
models.architecture.mamba_type=mamba
training.mode=rollout
training.rollout_steps=16    avg_loss: 0.000000167407  time_per_window : 0.001065   progress : 0.928
name: models.architecture.block_type=simple
models.architecture.mamba_type=mamba
training.mode=rollout
training.rollout_steps=16    avg_loss: 0.000000147866  time_per_window : 0.001029   progress : 0.939
name: models.architecture.block_type=simple
models.architecture.mamba_type=mamba
training.mode=rollout
training.rollout_steps=16    avg_loss: 0.000000138022  time_per_window : 0.001056   progress : 0.950
name: models.architecture.block_type=simple
models.architecture.mamba_type=mamba
training.mode=rollout
training.rollout_steps=16    avg_loss: 0.000000138974  time_per_window : 0.001039   progress : 0.961
name: models.architecture.block_type=simple
models.architecture.mamba_type=mamba
training.mode=rollout
training.rollout_steps=16    avg_loss: 0.000000153881  time_per_window : 0.001068   progress : 0.972
name: models.architecture.block_type=simple
models.architecture.mamba_type=mamba
training.mode=rollout
training.rollout_steps=16    avg_loss: 0.000000142184  time_per_window : 0.000797   progress : 0.983
name: models.architecture.block_type=simple
models.architecture.mamba_type=mamba
training.mode=rollout
training.rollout_steps=16    avg_loss: 0.000000139350  time_per_window : 0.001010   progress : 0.994
DONE!!!
