/home/jdihardjo/miniconda3/envs/mavenv/lib/python3.11/site-packages/hydra/_internal/defaults_list.py:251: UserWarning: In 'config': Defaults list is missing `_self_`. See https://hydra.cc/docs/1.2/upgrades/1.0_to_1.1/default_composition_order for more information
  warnings.warn(msg, UserWarning)
Using cuda device
[2026-07-22 19:23:44,892][HYDRA] Joblib.Parallel(n_jobs=4,backend=loky,prefer=processes,require=None,verbose=0,timeout=None,pre_dispatch=2*n_jobs,batch_size=auto,temp_folder=None,max_nbytes=None,mmap_mode=r) is launching 1 jobs
[2026-07-22 19:23:44,892][HYDRA] Launching jobs, sweep output dir : ablation_runs/2026-07-22_19-23-39/simple_mamba_gml_rollout
[2026-07-22 19:23:44,892][HYDRA] 	#0 : models.architecture.block_type=simple models.architecture.mamba_type=mamba training.mode=gml_rollout
/home/jdihardjo/miniconda3/envs/mavenv/lib/python3.11/site-packages/hydra/_internal/defaults_list.py:251: UserWarning: In 'config': Defaults list is missing `_self_`. See https://hydra.cc/docs/1.2/upgrades/1.0_to_1.1/default_composition_order for more information
  warnings.warn(msg, UserWarning)
models:
  n_dim: 23
  out_dim: 10
  architecture:
    d_model: 128
    n_encoder_layers: 2
    n_decoder_layers: 0
    block_type: simple
    time_adapter: last_token
    in_norm: none
    out_norm: none
    layer_scale: 0.0001
    drop_path: 0.05
    mamba_type: mamba
    mamba_kwargs:
      d_state: 16
      d_conv: 2
      expand: 2
      norm: rms
    skip: false
    cls_kwargs:
      n_heads: 2
      n_mlp: 2
      positional_encoding: false
      max_len: 5000
input_len: 64
output_len: 1
batch_size: 128
epochs: 5
seed: 0
dataset:
  path: /home/jdihardjo/simdata/train.zarr/
  training_size: 1500000
evaluation:
  path: /home/jdihardjo/simdata/evaluation.zarr/
  evaluation_size: 50
training:
  mode: gml_rollout
  lr: 0.0002
  weight_decay: 0.1
  rollout_steps: 32
checkpoint:
  save_path: hydra-test.pth
  load: false
  path: hydra-test.pth
compile: true

/home/jdihardjo/miniconda3/envs/mavenv/lib/python3.11/site-packages/torch/_dynamo/variables/functions.py:2311: UserWarning: Dynamo does not know how to trace the builtin `selective_scan_cuda.pybind11_detail_function_record_v1_system_libstdcpp_gxx_abi_1xxx_use_cxx11_abi_1.fwd.` This function is either a Python builtin (e.g. _warnings.warn) or a third-party C/C++ Python extension (perhaps created with pybind).
If it is a Python builtin, please file an issue on GitHub so the PyTorch team can add support for it and see the next case for a workaround.
If it is a third-party C/C++ Python extension, please either wrap it into a PyTorch-understood custom operator (see https://pytorch.org/tutorials/advanced/custom_ops_landing_page.html for more details) or, if it is traceable, use `torch.compiler.allow_in_graph`.
  torch._dynamo.utils.warn_once(explanation + "\n" + "\n".join(hints))
/home/jdihardjo/miniconda3/envs/mavenv/lib/python3.11/site-packages/torch/_inductor/cudagraph_trees.py:2622: UserWarning: Unable to hit fast path of CUDAGraphs because outputs from a previous step still require backward. Ensure backward() is invoked or detach outputs. You may also call torch.compiler.cudagraph_mark_step_begin() before each model invocation.
  warnings.warn(
name: models.architecture.block_type=simple
models.architecture.mamba_type=mamba
training.mode=gml_rollout    avg_loss: 0.000132032117  time_per_window : 0.001851   progress : 0.011
name: models.architecture.block_type=simple
models.architecture.mamba_type=mamba
training.mode=gml_rollout    avg_loss: 0.000000267280  time_per_window : 0.001843   progress : 0.022
name: models.architecture.block_type=simple
models.architecture.mamba_type=mamba
training.mode=gml_rollout    avg_loss: 0.000000227322  time_per_window : 0.001895   progress : 0.033
name: models.architecture.block_type=simple
models.architecture.mamba_type=mamba
training.mode=gml_rollout    avg_loss: 0.000000208520  time_per_window : 0.001904   progress : 0.044
name: models.architecture.block_type=simple
models.architecture.mamba_type=mamba
training.mode=gml_rollout    avg_loss: 0.000000189162  time_per_window : 0.001884   progress : 0.055
name: models.architecture.block_type=simple
models.architecture.mamba_type=mamba
training.mode=gml_rollout    avg_loss: 0.000000178109  time_per_window : 0.001907   progress : 0.066
name: models.architecture.block_type=simple
models.architecture.mamba_type=mamba
training.mode=gml_rollout    avg_loss: 0.000000167967  time_per_window : 0.001897   progress : 0.076
name: models.architecture.block_type=simple
models.architecture.mamba_type=mamba
training.mode=gml_rollout    avg_loss: 0.000000163343  time_per_window : 0.001897   progress : 0.087
name: models.architecture.block_type=simple
models.architecture.mamba_type=mamba
training.mode=gml_rollout    avg_loss: 0.000000157530  time_per_window : 0.001903   progress : 0.098
name: models.architecture.block_type=simple
models.architecture.mamba_type=mamba
training.mode=gml_rollout    avg_loss: 0.000000159379  time_per_window : 0.001898   progress : 0.109
name: models.architecture.block_type=simple
models.architecture.mamba_type=mamba
training.mode=gml_rollout    avg_loss: 0.000000151110  time_per_window : 0.001925   progress : 0.120
name: models.architecture.block_type=simple
models.architecture.mamba_type=mamba
training.mode=gml_rollout    avg_loss: 0.000000142779  time_per_window : 0.001885   progress : 0.131
name: models.architecture.block_type=simple
models.architecture.mamba_type=mamba
training.mode=gml_rollout    avg_loss: 0.000000138314  time_per_window : 0.001944   progress : 0.142
name: models.architecture.block_type=simple
models.architecture.mamba_type=mamba
training.mode=gml_rollout    avg_loss: 0.000000126862  time_per_window : 0.001899   progress : 0.153
name: models.architecture.block_type=simple
models.architecture.mamba_type=mamba
training.mode=gml_rollout    avg_loss: 0.000000119702  time_per_window : 0.001906   progress : 0.164
name: models.architecture.block_type=simple
models.architecture.mamba_type=mamba
training.mode=gml_rollout    avg_loss: 0.000000110663  time_per_window : 0.001884   progress : 0.175
name: models.architecture.block_type=simple
models.architecture.mamba_type=mamba
training.mode=gml_rollout    avg_loss: 0.000000101122  time_per_window : 0.001878   progress : 0.186
name: models.architecture.block_type=simple
models.architecture.mamba_type=mamba
training.mode=gml_rollout    avg_loss: 0.000000092621  time_per_window : 0.001885   progress : 0.197
name: models.architecture.block_type=simple
models.architecture.mamba_type=mamba
training.mode=gml_rollout    avg_loss: 0.000000080390  time_per_window : 0.001910   progress : 0.208
name: models.architecture.block_type=simple
models.architecture.mamba_type=mamba
training.mode=gml_rollout    avg_loss: 0.000000071739  time_per_window : 0.001912   progress : 0.218
name: models.architecture.block_type=simple
models.architecture.mamba_type=mamba
training.mode=gml_rollout    avg_loss: 0.000000064323  time_per_window : 0.001947   progress : 0.229
name: models.architecture.block_type=simple
models.architecture.mamba_type=mamba
training.mode=gml_rollout    avg_loss: 0.000000057887  time_per_window : 0.001912   progress : 0.240
name: models.architecture.block_type=simple
models.architecture.mamba_type=mamba
training.mode=gml_rollout    avg_loss: 0.000000052141  time_per_window : 0.001944   progress : 0.251
name: models.architecture.block_type=simple
models.architecture.mamba_type=mamba
training.mode=gml_rollout    avg_loss: 0.000000046222  time_per_window : 0.001889   progress : 0.262
name: models.architecture.block_type=simple
models.architecture.mamba_type=mamba
training.mode=gml_rollout    avg_loss: 0.000000047181  time_per_window : 0.001904   progress : 0.273
name: models.architecture.block_type=simple
models.architecture.mamba_type=mamba
training.mode=gml_rollout    avg_loss: 0.000000045460  time_per_window : 0.001891   progress : 0.284
name: models.architecture.block_type=simple
models.architecture.mamba_type=mamba
training.mode=gml_rollout    avg_loss: 0.000000046128  time_per_window : 0.001891   progress : 0.295
name: models.architecture.block_type=simple
models.architecture.mamba_type=mamba
training.mode=gml_rollout    avg_loss: 0.000000042788  time_per_window : 0.001932   progress : 0.306
name: models.architecture.block_type=simple
models.architecture.mamba_type=mamba
training.mode=gml_rollout    avg_loss: 0.000000044739  time_per_window : 0.001923   progress : 0.317
name: models.architecture.block_type=simple
models.architecture.mamba_type=mamba
training.mode=gml_rollout    avg_loss: 0.000000043367  time_per_window : 0.001884   progress : 0.328
name: models.architecture.block_type=simple
models.architecture.mamba_type=mamba
training.mode=gml_rollout    avg_loss: 0.000000047473  time_per_window : 0.001924   progress : 0.339
name: models.architecture.block_type=simple
models.architecture.mamba_type=mamba
training.mode=gml_rollout    avg_loss: 0.000000043955  time_per_window : 0.001881   progress : 0.350
name: models.architecture.block_type=simple
models.architecture.mamba_type=mamba
training.mode=gml_rollout    avg_loss: 0.000000041927  time_per_window : 0.001857   progress : 0.360
name: models.architecture.block_type=simple
models.architecture.mamba_type=mamba
training.mode=gml_rollout    avg_loss: 0.000000042520  time_per_window : 0.001896   progress : 0.371
name: models.architecture.block_type=simple
models.architecture.mamba_type=mamba
training.mode=gml_rollout    avg_loss: 0.000000047980  time_per_window : 0.001894   progress : 0.382
name: models.architecture.block_type=simple
models.architecture.mamba_type=mamba
training.mode=gml_rollout    avg_loss: 0.000000046785  time_per_window : 0.001847   progress : 0.393
name: models.architecture.block_type=simple
models.architecture.mamba_type=mamba
training.mode=gml_rollout    avg_loss: 0.000000050456  time_per_window : 0.001866   progress : 0.404
name: models.architecture.block_type=simple
models.architecture.mamba_type=mamba
training.mode=gml_rollout    avg_loss: 0.000000047266  time_per_window : 0.001963   progress : 0.415
name: models.architecture.block_type=simple
models.architecture.mamba_type=mamba
training.mode=gml_rollout    avg_loss: 0.000000044289  time_per_window : 0.001890   progress : 0.426
name: models.architecture.block_type=simple
models.architecture.mamba_type=mamba
training.mode=gml_rollout    avg_loss: 0.000000052556  time_per_window : 0.001927   progress : 0.437
name: models.architecture.block_type=simple
models.architecture.mamba_type=mamba
training.mode=gml_rollout    avg_loss: 0.000000050900  time_per_window : 0.001896   progress : 0.448
name: models.architecture.block_type=simple
models.architecture.mamba_type=mamba
training.mode=gml_rollout    avg_loss: 0.000000052822  time_per_window : 0.001880   progress : 0.459
name: models.architecture.block_type=simple
models.architecture.mamba_type=mamba
training.mode=gml_rollout    avg_loss: 0.000000047680  time_per_window : 0.001869   progress : 0.470
name: models.architecture.block_type=simple
models.architecture.mamba_type=mamba
training.mode=gml_rollout    avg_loss: 0.000000055096  time_per_window : 0.001912   progress : 0.481
name: models.architecture.block_type=simple
models.architecture.mamba_type=mamba
training.mode=gml_rollout    avg_loss: 0.000000049185  time_per_window : 0.001970   progress : 0.492
name: models.architecture.block_type=simple
models.architecture.mamba_type=mamba
training.mode=gml_rollout    avg_loss: 0.000000049112  time_per_window : 0.001880   progress : 0.502/home/jdihardjo/miniconda3/envs/mavenv/lib/python3.11/site-packages/torch/_inductor/cudagraph_trees.py:2622: UserWarning: Unable to hit fast path of CUDAGraphs because outputs from a previous step still require backward. Ensure backward() is invoked or detach outputs. You may also call torch.compiler.cudagraph_mark_step_begin() before each model invocation.
  warnings.warn(
/home/jdihardjo/miniconda3/envs/mavenv/lib/python3.11/site-packages/torch/_inductor/cudagraph_trees.py:2622: UserWarning: Unable to hit fast path of CUDAGraphs because outputs from a previous step still require backward. Ensure backward() is invoked or detach outputs. You may also call torch.compiler.cudagraph_mark_step_begin() before each model invocation.
  warnings.warn(

name: models.architecture.block_type=simple
models.architecture.mamba_type=mamba
training.mode=gml_rollout    avg_loss: 0.000000054433  time_per_window : 0.001905   progress : 0.513
name: models.architecture.block_type=simple
models.architecture.mamba_type=mamba
training.mode=gml_rollout    avg_loss: 0.000000051733  time_per_window : 0.001419   progress : 0.524
name: models.architecture.block_type=simple
models.architecture.mamba_type=mamba
training.mode=gml_rollout    avg_loss: 0.000000049160  time_per_window : 0.001874   progress : 0.535
name: models.architecture.block_type=simple
models.architecture.mamba_type=mamba
training.mode=gml_rollout    avg_loss: 0.000000054328  time_per_window : 0.001908   progress : 0.546
name: models.architecture.block_type=simple
models.architecture.mamba_type=mamba
training.mode=gml_rollout    avg_loss: 0.000000051027  time_per_window : 0.001941   progress : 0.557
name: models.architecture.block_type=simple
models.architecture.mamba_type=mamba
training.mode=gml_rollout    avg_loss: 0.000000055586  time_per_window : 0.001930   progress : 0.568
name: models.architecture.block_type=simple
models.architecture.mamba_type=mamba
training.mode=gml_rollout    avg_loss: 0.000000047038  time_per_window : 0.001924   progress : 0.579
name: models.architecture.block_type=simple
models.architecture.mamba_type=mamba
training.mode=gml_rollout    avg_loss: 0.000000048010  time_per_window : 0.001922   progress : 0.590
name: models.architecture.block_type=simple
models.architecture.mamba_type=mamba
training.mode=gml_rollout    avg_loss: 0.000000044258  time_per_window : 0.001874   progress : 0.601
name: models.architecture.block_type=simple
models.architecture.mamba_type=mamba
training.mode=gml_rollout    avg_loss: 0.000000047186  time_per_window : 0.001880   progress : 0.612
name: models.architecture.block_type=simple
models.architecture.mamba_type=mamba
training.mode=gml_rollout    avg_loss: 0.000000049458  time_per_window : 0.001911   progress : 0.623
name: models.architecture.block_type=simple
models.architecture.mamba_type=mamba
training.mode=gml_rollout    avg_loss: 0.000000048064  time_per_window : 0.001930   progress : 0.634
name: models.architecture.block_type=simple
models.architecture.mamba_type=mamba
training.mode=gml_rollout    avg_loss: 0.000000047061  time_per_window : 0.001905   progress : 0.644
name: models.architecture.block_type=simple
models.architecture.mamba_type=mamba
training.mode=gml_rollout    avg_loss: 0.000000049804  time_per_window : 0.001959   progress : 0.655
name: models.architecture.block_type=simple
models.architecture.mamba_type=mamba
training.mode=gml_rollout    avg_loss: 0.000000047812  time_per_window : 0.001902   progress : 0.666
name: models.architecture.block_type=simple
models.architecture.mamba_type=mamba
training.mode=gml_rollout    avg_loss: 0.000000041206  time_per_window : 0.001910   progress : 0.677
name: models.architecture.block_type=simple
models.architecture.mamba_type=mamba
training.mode=gml_rollout    avg_loss: 0.000000046067  time_per_window : 0.001922   progress : 0.688
name: models.architecture.block_type=simple
models.architecture.mamba_type=mamba
training.mode=gml_rollout    avg_loss: 0.000000046146  time_per_window : 0.001898   progress : 0.699
name: models.architecture.block_type=simple
models.architecture.mamba_type=mamba
training.mode=gml_rollout    avg_loss: 0.000000043679  time_per_window : 0.001961   progress : 0.710
name: models.architecture.block_type=simple
models.architecture.mamba_type=mamba
training.mode=gml_rollout    avg_loss: 0.000000038252  time_per_window : 0.001928   progress : 0.721
name: models.architecture.block_type=simple
models.architecture.mamba_type=mamba
training.mode=gml_rollout    avg_loss: 0.000000045515  time_per_window : 0.001882   progress : 0.732
name: models.architecture.block_type=simple
models.architecture.mamba_type=mamba
training.mode=gml_rollout    avg_loss: 0.000000037621  time_per_window : 0.001937   progress : 0.743
name: models.architecture.block_type=simple
models.architecture.mamba_type=mamba
training.mode=gml_rollout    avg_loss: 0.000000034674  time_per_window : 0.001858   progress : 0.754
name: models.architecture.block_type=simple
models.architecture.mamba_type=mamba
training.mode=gml_rollout    avg_loss: 0.000000034824  time_per_window : 0.001927   progress : 0.765
name: models.architecture.block_type=simple
models.architecture.mamba_type=mamba
training.mode=gml_rollout    avg_loss: 0.000000034146  time_per_window : 0.001870   progress : 0.775
name: models.architecture.block_type=simple
models.architecture.mamba_type=mamba
training.mode=gml_rollout    avg_loss: 0.000000029090  time_per_window : 0.001950   progress : 0.786
name: models.architecture.block_type=simple
models.architecture.mamba_type=mamba
training.mode=gml_rollout    avg_loss: 0.000000029123  time_per_window : 0.001989   progress : 0.797
name: models.architecture.block_type=simple
models.architecture.mamba_type=mamba
training.mode=gml_rollout    avg_loss: 0.000000026789  time_per_window : 0.001959   progress : 0.808
name: models.architecture.block_type=simple
models.architecture.mamba_type=mamba
training.mode=gml_rollout    avg_loss: 0.000000028721  time_per_window : 0.001852   progress : 0.819
name: models.architecture.block_type=simple
models.architecture.mamba_type=mamba
training.mode=gml_rollout    avg_loss: 0.000000026389  time_per_window : 0.001860   progress : 0.830
name: models.architecture.block_type=simple
models.architecture.mamba_type=mamba
training.mode=gml_rollout    avg_loss: 0.000000026414  time_per_window : 0.001951   progress : 0.841
name: models.architecture.block_type=simple
models.architecture.mamba_type=mamba
training.mode=gml_rollout    avg_loss: 0.000000028860  time_per_window : 0.001935   progress : 0.852
name: models.architecture.block_type=simple
models.architecture.mamba_type=mamba
training.mode=gml_rollout    avg_loss: 0.000000021556  time_per_window : 0.001993   progress : 0.863
name: models.architecture.block_type=simple
models.architecture.mamba_type=mamba
training.mode=gml_rollout    avg_loss: 0.000000026784  time_per_window : 0.001898   progress : 0.874
name: models.architecture.block_type=simple
models.architecture.mamba_type=mamba
training.mode=gml_rollout    avg_loss: 0.000000025624  time_per_window : 0.002001   progress : 0.885
name: models.architecture.block_type=simple
models.architecture.mamba_type=mamba
training.mode=gml_rollout    avg_loss: 0.000000022214  time_per_window : 0.001903   progress : 0.896
name: models.architecture.block_type=simple
models.architecture.mamba_type=mamba
training.mode=gml_rollout    avg_loss: 0.000000022313  time_per_window : 0.001957   progress : 0.907
name: models.architecture.block_type=simple
models.architecture.mamba_type=mamba
training.mode=gml_rollout    avg_loss: 0.000000025229  time_per_window : 0.001942   progress : 0.917
name: models.architecture.block_type=simple
models.architecture.mamba_type=mamba
training.mode=gml_rollout    avg_loss: 0.000000022182  time_per_window : 0.001974   progress : 0.928
name: models.architecture.block_type=simple
models.architecture.mamba_type=mamba
training.mode=gml_rollout    avg_loss: 0.000000023434  time_per_window : 0.001901   progress : 0.939
name: models.architecture.block_type=simple
models.architecture.mamba_type=mamba
training.mode=gml_rollout    avg_loss: 0.000000022418  time_per_window : 0.001919   progress : 0.950
name: models.architecture.block_type=simple
models.architecture.mamba_type=mamba
training.mode=gml_rollout    avg_loss: 0.000000021195  time_per_window : 0.001956   progress : 0.961
name: models.architecture.block_type=simple
models.architecture.mamba_type=mamba
training.mode=gml_rollout    avg_loss: 0.000000022475  time_per_window : 0.001960   progress : 0.972
name: models.architecture.block_type=simple
models.architecture.mamba_type=mamba
training.mode=gml_rollout    avg_loss: 0.000000022035  time_per_window : 0.002022   progress : 0.983
name: models.architecture.block_type=simple
models.architecture.mamba_type=mamba
training.mode=gml_rollout    avg_loss: 0.000000022753  time_per_window : 0.001941   progress : 0.994
name: models.architecture.block_type=simple
models.architecture.mamba_type=mamba
training.mode=gml_rollout    avg_loss: 0.000000041786  time_per_window : 0.002016   progress : 0.011
name: models.architecture.block_type=simple
models.architecture.mamba_type=mamba
training.mode=gml_rollout    avg_loss: 0.000000017833  time_per_window : 0.002034   progress : 0.022
name: models.architecture.block_type=simple
models.architecture.mamba_type=mamba
training.mode=gml_rollout    avg_loss: 0.000000018847  time_per_window : 0.002060   progress : 0.033
name: models.architecture.block_type=simple
models.architecture.mamba_type=mamba
training.mode=gml_rollout    avg_loss: 0.000000021261  time_per_window : 0.002047   progress : 0.044
name: models.architecture.block_type=simple
models.architecture.mamba_type=mamba
training.mode=gml_rollout    avg_loss: 0.000000021826  time_per_window : 0.002015   progress : 0.055
name: models.architecture.block_type=simple
models.architecture.mamba_type=mamba
training.mode=gml_rollout    avg_loss: 0.000000021980  time_per_window : 0.002104   progress : 0.066
name: models.architecture.block_type=simple
models.architecture.mamba_type=mamba
training.mode=gml_rollout    avg_loss: 0.000000019205  time_per_window : 0.002067   progress : 0.076
name: models.architecture.block_type=simple
models.architecture.mamba_type=mamba
training.mode=gml_rollout    avg_loss: 0.000000022465  time_per_window : 0.002039   progress : 0.087
name: models.architecture.block_type=simple
models.architecture.mamba_type=mamba
training.mode=gml_rollout    avg_loss: 0.000000021101  time_per_window : 0.002024   progress : 0.098
name: models.architecture.block_type=simple
models.architecture.mamba_type=mamba
training.mode=gml_rollout    avg_loss: 0.000000019540  time_per_window : 0.002093   progress : 0.109
name: models.architecture.block_type=simple
models.architecture.mamba_type=mamba
training.mode=gml_rollout    avg_loss: 0.000000020196  time_per_window : 0.001947   progress : 0.120
name: models.architecture.block_type=simple
models.architecture.mamba_type=mamba
training.mode=gml_rollout    avg_loss: 0.000000020205  time_per_window : 0.002098   progress : 0.131
name: models.architecture.block_type=simple
models.architecture.mamba_type=mamba
training.mode=gml_rollout    avg_loss: 0.000000021425  time_per_window : 0.001617   progress : 0.142
name: models.architecture.block_type=simple
models.architecture.mamba_type=mamba
training.mode=gml_rollout    avg_loss: 0.000000019019  time_per_window : 0.002025   progress : 0.153
name: models.architecture.block_type=simple
models.architecture.mamba_type=mamba
training.mode=gml_rollout    avg_loss: 0.000000023056  time_per_window : 0.002024   progress : 0.164
name: models.architecture.block_type=simple
models.architecture.mamba_type=mamba
training.mode=gml_rollout    avg_loss: 0.000000018772  time_per_window : 0.001975   progress : 0.175
name: models.architecture.block_type=simple
models.architecture.mamba_type=mamba
training.mode=gml_rollout    avg_loss: 0.000000017626  time_per_window : 0.002024   progress : 0.186
name: models.architecture.block_type=simple
models.architecture.mamba_type=mamba
training.mode=gml_rollout    avg_loss: 0.000000018350  time_per_window : 0.002152   progress : 0.197
name: models.architecture.block_type=simple
models.architecture.mamba_type=mamba
training.mode=gml_rollout    avg_loss: 0.000000017491  time_per_window : 0.002009   progress : 0.208
name: models.architecture.block_type=simple
models.architecture.mamba_type=mamba
training.mode=gml_rollout    avg_loss: 0.000000021463  time_per_window : 0.002046   progress : 0.218
name: models.architecture.block_type=simple
models.architecture.mamba_type=mamba
training.mode=gml_rollout    avg_loss: 0.000000018166  time_per_window : 0.002010   progress : 0.229
name: models.architecture.block_type=simple
models.architecture.mamba_type=mamba
training.mode=gml_rollout    avg_loss: 0.000000018297  time_per_window : 0.002010   progress : 0.240
name: models.architecture.block_type=simple
models.architecture.mamba_type=mamba
training.mode=gml_rollout    avg_loss: 0.000000018718  time_per_window : 0.002025   progress : 0.251
name: models.architecture.block_type=simple
models.architecture.mamba_type=mamba
training.mode=gml_rollout    avg_loss: 0.000000017358  time_per_window : 0.001605   progress : 0.262
name: models.architecture.block_type=simple
models.architecture.mamba_type=mamba
training.mode=gml_rollout    avg_loss: 0.000000019106  time_per_window : 0.001652   progress : 0.273
name: models.architecture.block_type=simple
models.architecture.mamba_type=mamba
training.mode=gml_rollout    avg_loss: 0.000000017560  time_per_window : 0.001990   progress : 0.284
name: models.architecture.block_type=simple
models.architecture.mamba_type=mamba
training.mode=gml_rollout    avg_loss: 0.000000017956  time_per_window : 0.001996   progress : 0.295
name: models.architecture.block_type=simple
models.architecture.mamba_type=mamba
training.mode=gml_rollout    avg_loss: 0.000000018613  time_per_window : 0.002015   progress : 0.306
name: models.architecture.block_type=simple
models.architecture.mamba_type=mamba
training.mode=gml_rollout    avg_loss: 0.000000017857  time_per_window : 0.002088   progress : 0.317
name: models.architecture.block_type=simple
models.architecture.mamba_type=mamba
training.mode=gml_rollout    avg_loss: 0.000000017791  time_per_window : 0.002037   progress : 0.328
name: models.architecture.block_type=simple
models.architecture.mamba_type=mamba
training.mode=gml_rollout    avg_loss: 0.000000018620  time_per_window : 0.002028   progress : 0.339
name: models.architecture.block_type=simple
models.architecture.mamba_type=mamba
training.mode=gml_rollout    avg_loss: 0.000000016948  time_per_window : 0.002007   progress : 0.350
name: models.architecture.block_type=simple
models.architecture.mamba_type=mamba
training.mode=gml_rollout    avg_loss: 0.000000018435  time_per_window : 0.002029   progress : 0.360
name: models.architecture.block_type=simple
models.architecture.mamba_type=mamba
training.mode=gml_rollout    avg_loss: 0.000000017273  time_per_window : 0.001994   progress : 0.371
name: models.architecture.block_type=simple
models.architecture.mamba_type=mamba
training.mode=gml_rollout    avg_loss: 0.000000016823  time_per_window : 0.002006   progress : 0.382
name: models.architecture.block_type=simple
models.architecture.mamba_type=mamba
training.mode=gml_rollout    avg_loss: 0.000000017478  time_per_window : 0.002025   progress : 0.393
name: models.architecture.block_type=simple
models.architecture.mamba_type=mamba
training.mode=gml_rollout    avg_loss: 0.000000016989  time_per_window : 0.001959   progress : 0.404
name: models.architecture.block_type=simple
models.architecture.mamba_type=mamba
training.mode=gml_rollout    avg_loss: 0.000000016408  time_per_window : 0.002006   progress : 0.415
name: models.architecture.block_type=simple
models.architecture.mamba_type=mamba
training.mode=gml_rollout    avg_loss: 0.000000018773  time_per_window : 0.002019   progress : 0.426
name: models.architecture.block_type=simple
models.architecture.mamba_type=mamba
training.mode=gml_rollout    avg_loss: 0.000000016344  time_per_window : 0.001545   progress : 0.437
name: models.architecture.block_type=simple
models.architecture.mamba_type=mamba
training.mode=gml_rollout    avg_loss: 0.000000017660  time_per_window : 0.001814   progress : 0.448
name: models.architecture.block_type=simple
models.architecture.mamba_type=mamba
training.mode=gml_rollout    avg_loss: 0.000000016188  time_per_window : 0.001702   progress : 0.459
name: models.architecture.block_type=simple
models.architecture.mamba_type=mamba
training.mode=gml_rollout    avg_loss: 0.000000016029  time_per_window : 0.002003   progress : 0.470
name: models.architecture.block_type=simple
models.architecture.mamba_type=mamba
training.mode=gml_rollout    avg_loss: 0.000000016759  time_per_window : 0.002044   progress : 0.481
name: models.architecture.block_type=simple
models.architecture.mamba_type=mamba
training.mode=gml_rollout    avg_loss: 0.000000017284  time_per_window : 0.002069   progress : 0.492
name: models.architecture.block_type=simple
models.architecture.mamba_type=mamba
training.mode=gml_rollout    avg_loss: 0.000000015892  time_per_window : 0.002101   progress : 0.502
name: models.architecture.block_type=simple
models.architecture.mamba_type=mamba
training.mode=gml_rollout    avg_loss: 0.000000015648  time_per_window : 0.002082   progress : 0.513
name: models.architecture.block_type=simple
models.architecture.mamba_type=mamba
training.mode=gml_rollout    avg_loss: 0.000000016700  time_per_window : 0.001993   progress : 0.524
name: models.architecture.block_type=simple
models.architecture.mamba_type=mamba
training.mode=gml_rollout    avg_loss: 0.000000017112  time_per_window : 0.001958   progress : 0.535
name: models.architecture.block_type=simple
models.architecture.mamba_type=mamba
training.mode=gml_rollout    avg_loss: 0.000000015782  time_per_window : 0.001949   progress : 0.546
name: models.architecture.block_type=simple
models.architecture.mamba_type=mamba
training.mode=gml_rollout    avg_loss: 0.000000016568  time_per_window : 0.002095   progress : 0.557
name: models.architecture.block_type=simple
models.architecture.mamba_type=mamba
training.mode=gml_rollout    avg_loss: 0.000000015996  time_per_window : 0.002030   progress : 0.568
name: models.architecture.block_type=simple
models.architecture.mamba_type=mamba
training.mode=gml_rollout    avg_loss: 0.000000016597  time_per_window : 0.001973   progress : 0.579
name: models.architecture.block_type=simple
models.architecture.mamba_type=mamba
training.mode=gml_rollout    avg_loss: 0.000000016641  time_per_window : 0.002064   progress : 0.590
name: models.architecture.block_type=simple
models.architecture.mamba_type=mamba
training.mode=gml_rollout    avg_loss: 0.000000016414  time_per_window : 0.002022   progress : 0.601
name: models.architecture.block_type=simple
models.architecture.mamba_type=mamba
training.mode=gml_rollout    avg_loss: 0.000000015468  time_per_window : 0.001988   progress : 0.612
name: models.architecture.block_type=simple
models.architecture.mamba_type=mamba
training.mode=gml_rollout    avg_loss: 0.000000015479  time_per_window : 0.002043   progress : 0.623
name: models.architecture.block_type=simple
models.architecture.mamba_type=mamba
training.mode=gml_rollout    avg_loss: 0.000000015316  time_per_window : 0.001988   progress : 0.634
name: models.architecture.block_type=simple
models.architecture.mamba_type=mamba
training.mode=gml_rollout    avg_loss: 0.000000015619  time_per_window : 0.002019   progress : 0.644
name: models.architecture.block_type=simple
models.architecture.mamba_type=mamba
training.mode=gml_rollout    avg_loss: 0.000000015449  time_per_window : 0.002036   progress : 0.655
name: models.architecture.block_type=simple
models.architecture.mamba_type=mamba
training.mode=gml_rollout    avg_loss: 0.000000015232  time_per_window : 0.001956   progress : 0.666
name: models.architecture.block_type=simple
models.architecture.mamba_type=mamba
training.mode=gml_rollout    avg_loss: 0.000000015510  time_per_window : 0.001962   progress : 0.677
name: models.architecture.block_type=simple
models.architecture.mamba_type=mamba
training.mode=gml_rollout    avg_loss: 0.000000015638  time_per_window : 0.002042   progress : 0.688
name: models.architecture.block_type=simple
models.architecture.mamba_type=mamba
training.mode=gml_rollout    avg_loss: 0.000000015091  time_per_window : 0.002081   progress : 0.699
name: models.architecture.block_type=simple
models.architecture.mamba_type=mamba
training.mode=gml_rollout    avg_loss: 0.000000015817  time_per_window : 0.001955   progress : 0.710
name: models.architecture.block_type=simple
models.architecture.mamba_type=mamba
training.mode=gml_rollout    avg_loss: 0.000000015326  time_per_window : 0.002094   progress : 0.721
name: models.architecture.block_type=simple
models.architecture.mamba_type=mamba
training.mode=gml_rollout    avg_loss: 0.000000015883  time_per_window : 0.002021   progress : 0.732
name: models.architecture.block_type=simple
models.architecture.mamba_type=mamba
training.mode=gml_rollout    avg_loss: 0.000000014885  time_per_window : 0.002044   progress : 0.743
name: models.architecture.block_type=simple
models.architecture.mamba_type=mamba
training.mode=gml_rollout    avg_loss: 0.000000015418  time_per_window : 0.002036   progress : 0.754
name: models.architecture.block_type=simple
models.architecture.mamba_type=mamba
training.mode=gml_rollout    avg_loss: 0.000000015483  time_per_window : 0.001937   progress : 0.765
name: models.architecture.block_type=simple
models.architecture.mamba_type=mamba
training.mode=gml_rollout    avg_loss: 0.000000015170  time_per_window : 0.002048   progress : 0.775
name: models.architecture.block_type=simple
models.architecture.mamba_type=mamba
training.mode=gml_rollout    avg_loss: 0.000000015336  time_per_window : 0.002128   progress : 0.786
name: models.architecture.block_type=simple
models.architecture.mamba_type=mamba
training.mode=gml_rollout    avg_loss: 0.000000015050  time_per_window : 0.001990   progress : 0.797
name: models.architecture.block_type=simple
models.architecture.mamba_type=mamba
training.mode=gml_rollout    avg_loss: 0.000000015405  time_per_window : 0.002060   progress : 0.808
name: models.architecture.block_type=simple
models.architecture.mamba_type=mamba
training.mode=gml_rollout    avg_loss: 0.000000014939  time_per_window : 0.002022   progress : 0.819
name: models.architecture.block_type=simple
models.architecture.mamba_type=mamba
training.mode=gml_rollout    avg_loss: 0.000000014983  time_per_window : 0.002009   progress : 0.830
name: models.architecture.block_type=simple
models.architecture.mamba_type=mamba
training.mode=gml_rollout    avg_loss: 0.000000014881  time_per_window : 0.002010   progress : 0.841
name: models.architecture.block_type=simple
models.architecture.mamba_type=mamba
training.mode=gml_rollout    avg_loss: 0.000000015029  time_per_window : 0.002067   progress : 0.852
name: models.architecture.block_type=simple
models.architecture.mamba_type=mamba
training.mode=gml_rollout    avg_loss: 0.000000014752  time_per_window : 0.001992   progress : 0.863
name: models.architecture.block_type=simple
models.architecture.mamba_type=mamba
training.mode=gml_rollout    avg_loss: 0.000000015353  time_per_window : 0.001992   progress : 0.874
name: models.architecture.block_type=simple
models.architecture.mamba_type=mamba
training.mode=gml_rollout    avg_loss: 0.000000014937  time_per_window : 0.001964   progress : 0.885
name: models.architecture.block_type=simple
models.architecture.mamba_type=mamba
training.mode=gml_rollout    avg_loss: 0.000000014724  time_per_window : 0.001961   progress : 0.896
name: models.architecture.block_type=simple
models.architecture.mamba_type=mamba
training.mode=gml_rollout    avg_loss: 0.000000014921  time_per_window : 0.002004   progress : 0.907
name: models.architecture.block_type=simple
models.architecture.mamba_type=mamba
training.mode=gml_rollout    avg_loss: 0.000000015244  time_per_window : 0.002078   progress : 0.917
name: models.architecture.block_type=simple
models.architecture.mamba_type=mamba
training.mode=gml_rollout    avg_loss: 0.000000014706  time_per_window : 0.002041   progress : 0.928
name: models.architecture.block_type=simple
models.architecture.mamba_type=mamba
training.mode=gml_rollout    avg_loss: 0.000000014674  time_per_window : 0.001993   progress : 0.939
name: models.architecture.block_type=simple
models.architecture.mamba_type=mamba
training.mode=gml_rollout    avg_loss: 0.000000014239  time_per_window : 0.002051   progress : 0.950
name: models.architecture.block_type=simple
models.architecture.mamba_type=mamba
training.mode=gml_rollout    avg_loss: 0.000000015487  time_per_window : 0.002014   progress : 0.961
name: models.architecture.block_type=simple
models.architecture.mamba_type=mamba
training.mode=gml_rollout    avg_loss: 0.000000014506  time_per_window : 0.001977   progress : 0.972
name: models.architecture.block_type=simple
models.architecture.mamba_type=mamba
training.mode=gml_rollout    avg_loss: 0.000000015252  time_per_window : 0.002011   progress : 0.983
name: models.architecture.block_type=simple
models.architecture.mamba_type=mamba
training.mode=gml_rollout    avg_loss: 0.000000014764  time_per_window : 0.002091   progress : 0.994
name: models.architecture.block_type=simple
models.architecture.mamba_type=mamba
training.mode=gml_rollout    avg_loss: 0.000000833917  time_per_window : 0.001386   progress : 0.011
name: models.architecture.block_type=simple
models.architecture.mamba_type=mamba
training.mode=gml_rollout    avg_loss: 0.000000049047  time_per_window : 0.002041   progress : 0.022
name: models.architecture.block_type=simple
models.architecture.mamba_type=mamba
training.mode=gml_rollout    avg_loss: 0.000000038395  time_per_window : 0.001594   progress : 0.033
name: models.architecture.block_type=simple
models.architecture.mamba_type=mamba
training.mode=gml_rollout    avg_loss: 0.000000031214  time_per_window : 0.001995   progress : 0.044
name: models.architecture.block_type=simple
models.architecture.mamba_type=mamba
training.mode=gml_rollout    avg_loss: 0.000000030063  time_per_window : 0.001979   progress : 0.055
name: models.architecture.block_type=simple
models.architecture.mamba_type=mamba
training.mode=gml_rollout    avg_loss: 0.000000032573  time_per_window : 0.002107   progress : 0.066
name: models.architecture.block_type=simple
models.architecture.mamba_type=mamba
training.mode=gml_rollout    avg_loss: 0.000000030788  time_per_window : 0.001975   progress : 0.076
name: models.architecture.block_type=simple
models.architecture.mamba_type=mamba
training.mode=gml_rollout    avg_loss: 0.000000028907  time_per_window : 0.002031   progress : 0.087
name: models.architecture.block_type=simple
models.architecture.mamba_type=mamba
training.mode=gml_rollout    avg_loss: 0.000000029147  time_per_window : 0.002017   progress : 0.098
name: models.architecture.block_type=simple
models.architecture.mamba_type=mamba
training.mode=gml_rollout    avg_loss: 0.000000028524  time_per_window : 0.002104   progress : 0.109
name: models.architecture.block_type=simple
models.architecture.mamba_type=mamba
training.mode=gml_rollout    avg_loss: 0.000000028456  time_per_window : 0.002016   progress : 0.120
name: models.architecture.block_type=simple
models.architecture.mamba_type=mamba
training.mode=gml_rollout    avg_loss: 0.000000027784  time_per_window : 0.002069   progress : 0.131
name: models.architecture.block_type=simple
models.architecture.mamba_type=mamba
training.mode=gml_rollout    avg_loss: 0.000000029390  time_per_window : 0.002036   progress : 0.142
name: models.architecture.block_type=simple
models.architecture.mamba_type=mamba
training.mode=gml_rollout    avg_loss: 0.000000028859  time_per_window : 0.002129   progress : 0.153
name: models.architecture.block_type=simple
models.architecture.mamba_type=mamba
training.mode=gml_rollout    avg_loss: 0.000000028614  time_per_window : 0.002103   progress : 0.164
name: models.architecture.block_type=simple
models.architecture.mamba_type=mamba
training.mode=gml_rollout    avg_loss: 0.000000027590  time_per_window : 0.002069   progress : 0.175
name: models.architecture.block_type=simple
models.architecture.mamba_type=mamba
training.mode=gml_rollout    avg_loss: 0.000000028887  time_per_window : 0.002122   progress : 0.186
name: models.architecture.block_type=simple
models.architecture.mamba_type=mamba
training.mode=gml_rollout    avg_loss: 0.000000028862  time_per_window : 0.001976   progress : 0.197
name: models.architecture.block_type=simple
models.architecture.mamba_type=mamba
training.mode=gml_rollout    avg_loss: 0.000000027923  time_per_window : 0.002049   progress : 0.208
name: models.architecture.block_type=simple
models.architecture.mamba_type=mamba
training.mode=gml_rollout    avg_loss: 0.000000029407  time_per_window : 0.002039   progress : 0.218
name: models.architecture.block_type=simple
models.architecture.mamba_type=mamba
training.mode=gml_rollout    avg_loss: 0.000000028958  time_per_window : 0.001989   progress : 0.229
name: models.architecture.block_type=simple
models.architecture.mamba_type=mamba
training.mode=gml_rollout    avg_loss: 0.000000030716  time_per_window : 0.001943   progress : 0.240
name: models.architecture.block_type=simple
models.architecture.mamba_type=mamba
training.mode=gml_rollout    avg_loss: 0.000000027731  time_per_window : 0.001932   progress : 0.251
name: models.architecture.block_type=simple
models.architecture.mamba_type=mamba
training.mode=gml_rollout    avg_loss: 0.000000029620  time_per_window : 0.002021   progress : 0.262
name: models.architecture.block_type=simple
models.architecture.mamba_type=mamba
training.mode=gml_rollout    avg_loss: 0.000000028168  time_per_window : 0.002023   progress : 0.273
name: models.architecture.block_type=simple
models.architecture.mamba_type=mamba
training.mode=gml_rollout    avg_loss: 0.000000030375  time_per_window : 0.002005   progress : 0.284
name: models.architecture.block_type=simple
models.architecture.mamba_type=mamba
training.mode=gml_rollout    avg_loss: 0.000000031220  time_per_window : 0.001981   progress : 0.295
name: models.architecture.block_type=simple
models.architecture.mamba_type=mamba
training.mode=gml_rollout    avg_loss: 0.000000029094  time_per_window : 0.002007   progress : 0.306
name: models.architecture.block_type=simple
models.architecture.mamba_type=mamba
training.mode=gml_rollout    avg_loss: 0.000000030759  time_per_window : 0.001967   progress : 0.317
name: models.architecture.block_type=simple
models.architecture.mamba_type=mamba
training.mode=gml_rollout    avg_loss: 0.000000029257  time_per_window : 0.002023   progress : 0.328
name: models.architecture.block_type=simple
models.architecture.mamba_type=mamba
training.mode=gml_rollout    avg_loss: 0.000000028488  time_per_window : 0.002053   progress : 0.339
name: models.architecture.block_type=simple
models.architecture.mamba_type=mamba
training.mode=gml_rollout    avg_loss: 0.000000030778  time_per_window : 0.001615   progress : 0.350
name: models.architecture.block_type=simple
models.architecture.mamba_type=mamba
training.mode=gml_rollout    avg_loss: 0.000000030431  time_per_window : 0.002084   progress : 0.360
name: models.architecture.block_type=simple
models.architecture.mamba_type=mamba
training.mode=gml_rollout    avg_loss: 0.000000028690  time_per_window : 0.001951   progress : 0.371
name: models.architecture.block_type=simple
models.architecture.mamba_type=mamba
training.mode=gml_rollout    avg_loss: 0.000000032379  time_per_window : 0.001909   progress : 0.382
name: models.architecture.block_type=simple
models.architecture.mamba_type=mamba
training.mode=gml_rollout    avg_loss: 0.000000028955  time_per_window : 0.002015   progress : 0.393
name: models.architecture.block_type=simple
models.architecture.mamba_type=mamba
training.mode=gml_rollout    avg_loss: 0.000000032497  time_per_window : 0.002069   progress : 0.404
name: models.architecture.block_type=simple
models.architecture.mamba_type=mamba
training.mode=gml_rollout    avg_loss: 0.000000029161  time_per_window : 0.002075   progress : 0.415
name: models.architecture.block_type=simple
models.architecture.mamba_type=mamba
training.mode=gml_rollout    avg_loss: 0.000000028576  time_per_window : 0.002096   progress : 0.426
name: models.architecture.block_type=simple
models.architecture.mamba_type=mamba
training.mode=gml_rollout    avg_loss: 0.000000029473  time_per_window : 0.001991   progress : 0.437
name: models.architecture.block_type=simple
models.architecture.mamba_type=mamba
training.mode=gml_rollout    avg_loss: 0.000000029682  time_per_window : 0.002050   progress : 0.448
name: models.architecture.block_type=simple
models.architecture.mamba_type=mamba
training.mode=gml_rollout    avg_loss: 0.000000027500  time_per_window : 0.002060   progress : 0.459
name: models.architecture.block_type=simple
models.architecture.mamba_type=mamba
training.mode=gml_rollout    avg_loss: 0.000000029979  time_per_window : 0.002067   progress : 0.470
name: models.architecture.block_type=simple
models.architecture.mamba_type=mamba
training.mode=gml_rollout    avg_loss: 0.000000029981  time_per_window : 0.002018   progress : 0.481
name: models.architecture.block_type=simple
models.architecture.mamba_type=mamba
training.mode=gml_rollout    avg_loss: 0.000000029514  time_per_window : 0.002062   progress : 0.492
name: models.architecture.block_type=simple
models.architecture.mamba_type=mamba
training.mode=gml_rollout    avg_loss: 0.000000033333  time_per_window : 0.002044   progress : 0.502
name: models.architecture.block_type=simple
models.architecture.mamba_type=mamba
training.mode=gml_rollout    avg_loss: 0.000000029342  time_per_window : 0.002001   progress : 0.513
name: models.architecture.block_type=simple
models.architecture.mamba_type=mamba
training.mode=gml_rollout    avg_loss: 0.000000029730  time_per_window : 0.002011   progress : 0.524
name: models.architecture.block_type=simple
models.architecture.mamba_type=mamba
training.mode=gml_rollout    avg_loss: 0.000000029923  time_per_window : 0.002010   progress : 0.535
name: models.architecture.block_type=simple
models.architecture.mamba_type=mamba
training.mode=gml_rollout    avg_loss: 0.000000028722  time_per_window : 0.002031   progress : 0.546
name: models.architecture.block_type=simple
models.architecture.mamba_type=mamba
training.mode=gml_rollout    avg_loss: 0.000000028200  time_per_window : 0.002066   progress : 0.557
name: models.architecture.block_type=simple
models.architecture.mamba_type=mamba
training.mode=gml_rollout    avg_loss: 0.000000030212  time_per_window : 0.001999   progress : 0.568
name: models.architecture.block_type=simple
models.architecture.mamba_type=mamba
training.mode=gml_rollout    avg_loss: 0.000000030973  time_per_window : 0.002004   progress : 0.579
name: models.architecture.block_type=simple
models.architecture.mamba_type=mamba
training.mode=gml_rollout    avg_loss: 0.000000028054  time_per_window : 0.002036   progress : 0.590
name: models.architecture.block_type=simple
models.architecture.mamba_type=mamba
training.mode=gml_rollout    avg_loss: 0.000000027980  time_per_window : 0.001596   progress : 0.601
name: models.architecture.block_type=simple
models.architecture.mamba_type=mamba
training.mode=gml_rollout    avg_loss: 0.000000030295  time_per_window : 0.001641   progress : 0.612
name: models.architecture.block_type=simple
models.architecture.mamba_type=mamba
training.mode=gml_rollout    avg_loss: 0.000000028797  time_per_window : 0.001637   progress : 0.623
name: models.architecture.block_type=simple
models.architecture.mamba_type=mamba
training.mode=gml_rollout    avg_loss: 0.000000028487  time_per_window : 0.001579   progress : 0.634
name: models.architecture.block_type=simple
models.architecture.mamba_type=mamba
training.mode=gml_rollout    avg_loss: 0.000000028478  time_per_window : 0.001586   progress : 0.644
name: models.architecture.block_type=simple
models.architecture.mamba_type=mamba
training.mode=gml_rollout    avg_loss: 0.000000031011  time_per_window : 0.001625   progress : 0.655
name: models.architecture.block_type=simple
models.architecture.mamba_type=mamba
training.mode=gml_rollout    avg_loss: 0.000000028227  time_per_window : 0.001657   progress : 0.666
name: models.architecture.block_type=simple
models.architecture.mamba_type=mamba
training.mode=gml_rollout    avg_loss: 0.000000030042  time_per_window : 0.001551   progress : 0.677
name: models.architecture.block_type=simple
models.architecture.mamba_type=mamba
training.mode=gml_rollout    avg_loss: 0.000000026713  time_per_window : 0.001640   progress : 0.688
name: models.architecture.block_type=simple
models.architecture.mamba_type=mamba
training.mode=gml_rollout    avg_loss: 0.000000029216  time_per_window : 0.001665   progress : 0.699
name: models.architecture.block_type=simple
models.architecture.mamba_type=mamba
training.mode=gml_rollout    avg_loss: 0.000000028557  time_per_window : 0.001643   progress : 0.710
name: models.architecture.block_type=simple
models.architecture.mamba_type=mamba
training.mode=gml_rollout    avg_loss: 0.000000028299  time_per_window : 0.001592   progress : 0.721
name: models.architecture.block_type=simple
models.architecture.mamba_type=mamba
training.mode=gml_rollout    avg_loss: 0.000000030515  time_per_window : 0.001600   progress : 0.732
name: models.architecture.block_type=simple
models.architecture.mamba_type=mamba
training.mode=gml_rollout    avg_loss: 0.000000028178  time_per_window : 0.001422   progress : 0.743
name: models.architecture.block_type=simple
models.architecture.mamba_type=mamba
training.mode=gml_rollout    avg_loss: 0.000000027911  time_per_window : 0.001599   progress : 0.754
name: models.architecture.block_type=simple
models.architecture.mamba_type=mamba
training.mode=gml_rollout    avg_loss: 0.000000027421  time_per_window : 0.001746   progress : 0.765
name: models.architecture.block_type=simple
models.architecture.mamba_type=mamba
training.mode=gml_rollout    avg_loss: 0.000000029802  time_per_window : 0.001625   progress : 0.775
name: models.architecture.block_type=simple
models.architecture.mamba_type=mamba
training.mode=gml_rollout    avg_loss: 0.000000028088  time_per_window : 0.001679   progress : 0.786
name: models.architecture.block_type=simple
models.architecture.mamba_type=mamba
training.mode=gml_rollout    avg_loss: 0.000000028233  time_per_window : 0.001537   progress : 0.797
name: models.architecture.block_type=simple
models.architecture.mamba_type=mamba
training.mode=gml_rollout    avg_loss: 0.000000028026  time_per_window : 0.001672   progress : 0.808
name: models.architecture.block_type=simple
models.architecture.mamba_type=mamba
training.mode=gml_rollout    avg_loss: 0.000000026695  time_per_window : 0.001537   progress : 0.819
name: models.architecture.block_type=simple
models.architecture.mamba_type=mamba
training.mode=gml_rollout    avg_loss: 0.000000028802  time_per_window : 0.001687   progress : 0.830
name: models.architecture.block_type=simple
models.architecture.mamba_type=mamba
training.mode=gml_rollout    avg_loss: 0.000000029308  time_per_window : 0.001511   progress : 0.841
name: models.architecture.block_type=simple
models.architecture.mamba_type=mamba
training.mode=gml_rollout    avg_loss: 0.000000027935  time_per_window : 0.001154   progress : 0.852
name: models.architecture.block_type=simple
models.architecture.mamba_type=mamba
training.mode=gml_rollout    avg_loss: 0.000000029919  time_per_window : 0.001592   progress : 0.863
name: models.architecture.block_type=simple
models.architecture.mamba_type=mamba
training.mode=gml_rollout    avg_loss: 0.000000029334  time_per_window : 0.001448   progress : 0.874
name: models.architecture.block_type=simple
models.architecture.mamba_type=mamba
training.mode=gml_rollout    avg_loss: 0.000000034586  time_per_window : 0.001561   progress : 0.885
name: models.architecture.block_type=simple
models.architecture.mamba_type=mamba
training.mode=gml_rollout    avg_loss: 0.000000027301  time_per_window : 0.001697   progress : 0.896
name: models.architecture.block_type=simple
models.architecture.mamba_type=mamba
training.mode=gml_rollout    avg_loss: 0.000000028550  time_per_window : 0.001625   progress : 0.907
name: models.architecture.block_type=simple
models.architecture.mamba_type=mamba
training.mode=gml_rollout    avg_loss: 0.000000026810  time_per_window : 0.001503   progress : 0.917
name: models.architecture.block_type=simple
models.architecture.mamba_type=mamba
training.mode=gml_rollout    avg_loss: 0.000000028196  time_per_window : 0.001606   progress : 0.928
name: models.architecture.block_type=simple
models.architecture.mamba_type=mamba
training.mode=gml_rollout    avg_loss: 0.000000028037  time_per_window : 0.001626   progress : 0.939
name: models.architecture.block_type=simple
models.architecture.mamba_type=mamba
training.mode=gml_rollout    avg_loss: 0.000000029489  time_per_window : 0.001634   progress : 0.950
name: models.architecture.block_type=simple
models.architecture.mamba_type=mamba
training.mode=gml_rollout    avg_loss: 0.000000027325  time_per_window : 0.001463   progress : 0.961
name: models.architecture.block_type=simple
models.architecture.mamba_type=mamba
training.mode=gml_rollout    avg_loss: 0.000000027126  time_per_window : 0.001559   progress : 0.972
name: models.architecture.block_type=simple
models.architecture.mamba_type=mamba
training.mode=gml_rollout    avg_loss: 0.000000027453  time_per_window : 0.001587   progress : 0.983
name: models.architecture.block_type=simple
models.architecture.mamba_type=mamba
training.mode=gml_rollout    avg_loss: 0.000000028006  time_per_window : 0.001575   progress : 0.994
name: models.architecture.block_type=simple
models.architecture.mamba_type=mamba
training.mode=gml_rollout    avg_loss: 0.000055552722  time_per_window : 0.001595   progress : 0.011
name: models.architecture.block_type=simple
models.architecture.mamba_type=mamba
training.mode=gml_rollout    avg_loss: 0.000007721622  time_per_window : 0.001577   progress : 0.022
name: models.architecture.block_type=simple
models.architecture.mamba_type=mamba
training.mode=gml_rollout    avg_loss: 0.000006410293  time_per_window : 0.001633   progress : 0.033
name: models.architecture.block_type=simple
models.architecture.mamba_type=mamba
training.mode=gml_rollout    avg_loss: 0.000005164451  time_per_window : 0.001663   progress : 0.044
name: models.architecture.block_type=simple
models.architecture.mamba_type=mamba
training.mode=gml_rollout    avg_loss: 0.000002059773  time_per_window : 0.001718   progress : 0.055
name: models.architecture.block_type=simple
models.architecture.mamba_type=mamba
training.mode=gml_rollout    avg_loss: 0.000000896232  time_per_window : 0.001619   progress : 0.066
name: models.architecture.block_type=simple
models.architecture.mamba_type=mamba
training.mode=gml_rollout    avg_loss: 0.000000677283  time_per_window : 0.001582   progress : 0.076
name: models.architecture.block_type=simple
models.architecture.mamba_type=mamba
training.mode=gml_rollout    avg_loss: 0.000000457700  time_per_window : 0.001499   progress : 0.087
name: models.architecture.block_type=simple
models.architecture.mamba_type=mamba
training.mode=gml_rollout    avg_loss: 0.000000581347  time_per_window : 0.001562   progress : 0.098
name: models.architecture.block_type=simple
models.architecture.mamba_type=mamba
training.mode=gml_rollout    avg_loss: 0.000000448290  time_per_window : 0.001637   progress : 0.109
name: models.architecture.block_type=simple
models.architecture.mamba_type=mamba
training.mode=gml_rollout    avg_loss: 0.000000373648  time_per_window : 0.001606   progress : 0.120
name: models.architecture.block_type=simple
models.architecture.mamba_type=mamba
training.mode=gml_rollout    avg_loss: 0.000000395026  time_per_window : 0.001594   progress : 0.131
name: models.architecture.block_type=simple
models.architecture.mamba_type=mamba
training.mode=gml_rollout    avg_loss: 0.000000320376  time_per_window : 0.001443   progress : 0.142
name: models.architecture.block_type=simple
models.architecture.mamba_type=mamba
training.mode=gml_rollout    avg_loss: 0.000000338055  time_per_window : 0.001494   progress : 0.153
name: models.architecture.block_type=simple
models.architecture.mamba_type=mamba
training.mode=gml_rollout    avg_loss: 0.000000358359  time_per_window : 0.001515   progress : 0.164
name: models.architecture.block_type=simple
models.architecture.mamba_type=mamba
training.mode=gml_rollout    avg_loss: 0.000000319716  time_per_window : 0.001459   progress : 0.175
name: models.architecture.block_type=simple
models.architecture.mamba_type=mamba
training.mode=gml_rollout    avg_loss: 0.000000260353  time_per_window : 0.001640   progress : 0.186
name: models.architecture.block_type=simple
models.architecture.mamba_type=mamba
training.mode=gml_rollout    avg_loss: 0.000000250789  time_per_window : 0.001656   progress : 0.197
name: models.architecture.block_type=simple
models.architecture.mamba_type=mamba
training.mode=gml_rollout    avg_loss: 0.000000312012  time_per_window : 0.001648   progress : 0.208
name: models.architecture.block_type=simple
models.architecture.mamba_type=mamba
training.mode=gml_rollout    avg_loss: 0.000000310758  time_per_window : 0.001523   progress : 0.218
name: models.architecture.block_type=simple
models.architecture.mamba_type=mamba
training.mode=gml_rollout    avg_loss: 0.000000294377  time_per_window : 0.001528   progress : 0.229
name: models.architecture.block_type=simple
models.architecture.mamba_type=mamba
training.mode=gml_rollout    avg_loss: 0.000000247567  time_per_window : 0.001390   progress : 0.240
name: models.architecture.block_type=simple
models.architecture.mamba_type=mamba
training.mode=gml_rollout    avg_loss: 0.000000260979  time_per_window : 0.001578   progress : 0.251
name: models.architecture.block_type=simple
models.architecture.mamba_type=mamba
training.mode=gml_rollout    avg_loss: 0.000000257450  time_per_window : 0.001617   progress : 0.262
name: models.architecture.block_type=simple
models.architecture.mamba_type=mamba
training.mode=gml_rollout    avg_loss: 0.000000244824  time_per_window : 0.001532   progress : 0.273
name: models.architecture.block_type=simple
models.architecture.mamba_type=mamba
training.mode=gml_rollout    avg_loss: 0.000000323530  time_per_window : 0.001518   progress : 0.284
name: models.architecture.block_type=simple
models.architecture.mamba_type=mamba
training.mode=gml_rollout    avg_loss: 0.000000305778  time_per_window : 0.001622   progress : 0.295
name: models.architecture.block_type=simple
models.architecture.mamba_type=mamba
training.mode=gml_rollout    avg_loss: 0.000000273021  time_per_window : 0.001619   progress : 0.306
name: models.architecture.block_type=simple
models.architecture.mamba_type=mamba
training.mode=gml_rollout    avg_loss: 0.000000233134  time_per_window : 0.001401   progress : 0.317
name: models.architecture.block_type=simple
models.architecture.mamba_type=mamba
training.mode=gml_rollout    avg_loss: 0.000000277359  time_per_window : 0.001613   progress : 0.328
name: models.architecture.block_type=simple
models.architecture.mamba_type=mamba
training.mode=gml_rollout    avg_loss: 0.000000263797  time_per_window : 0.001696   progress : 0.339
name: models.architecture.block_type=simple
models.architecture.mamba_type=mamba
training.mode=gml_rollout    avg_loss: 0.000000320891  time_per_window : 0.001676   progress : 0.350
name: models.architecture.block_type=simple
models.architecture.mamba_type=mamba
training.mode=gml_rollout    avg_loss: 0.000000311795  time_per_window : 0.001730   progress : 0.360
name: models.architecture.block_type=simple
models.architecture.mamba_type=mamba
training.mode=gml_rollout    avg_loss: 0.000000232580  time_per_window : 0.001051   progress : 0.371
name: models.architecture.block_type=simple
models.architecture.mamba_type=mamba
training.mode=gml_rollout    avg_loss: 0.000000270750  time_per_window : 0.001735   progress : 0.382
name: models.architecture.block_type=simple
models.architecture.mamba_type=mamba
training.mode=gml_rollout    avg_loss: 0.000000270000  time_per_window : 0.001607   progress : 0.393
name: models.architecture.block_type=simple
models.architecture.mamba_type=mamba
training.mode=gml_rollout    avg_loss: 0.000000234153  time_per_window : 0.001601   progress : 0.404
name: models.architecture.block_type=simple
models.architecture.mamba_type=mamba
training.mode=gml_rollout    avg_loss: 0.000000281702  time_per_window : 0.001620   progress : 0.415
name: models.architecture.block_type=simple
models.architecture.mamba_type=mamba
training.mode=gml_rollout    avg_loss: 0.000000290998  time_per_window : 0.001526   progress : 0.426
name: models.architecture.block_type=simple
models.architecture.mamba_type=mamba
training.mode=gml_rollout    avg_loss: 0.000000261928  time_per_window : 0.001614   progress : 0.437
name: models.architecture.block_type=simple
models.architecture.mamba_type=mamba
training.mode=gml_rollout    avg_loss: 0.000000310033  time_per_window : 0.001507   progress : 0.448
name: models.architecture.block_type=simple
models.architecture.mamba_type=mamba
training.mode=gml_rollout    avg_loss: 0.000000211419  time_per_window : 0.001167   progress : 0.459
name: models.architecture.block_type=simple
models.architecture.mamba_type=mamba
training.mode=gml_rollout    avg_loss: 0.000000275570  time_per_window : 0.001600   progress : 0.470
name: models.architecture.block_type=simple
models.architecture.mamba_type=mamba
training.mode=gml_rollout    avg_loss: 0.000000276833  time_per_window : 0.001654   progress : 0.481
name: models.architecture.block_type=simple
models.architecture.mamba_type=mamba
training.mode=gml_rollout    avg_loss: 0.000000289226  time_per_window : 0.001664   progress : 0.492
name: models.architecture.block_type=simple
models.architecture.mamba_type=mamba
training.mode=gml_rollout    avg_loss: 0.000000258927  time_per_window : 0.001166   progress : 0.502
name: models.architecture.block_type=simple
models.architecture.mamba_type=mamba
training.mode=gml_rollout    avg_loss: 0.000000318156  time_per_window : 0.001485   progress : 0.513
name: models.architecture.block_type=simple
models.architecture.mamba_type=mamba
training.mode=gml_rollout    avg_loss: 0.000000247208  time_per_window : 0.001662   progress : 0.524
name: models.architecture.block_type=simple
models.architecture.mamba_type=mamba
training.mode=gml_rollout    avg_loss: 0.000000267224  time_per_window : 0.001665   progress : 0.535
name: models.architecture.block_type=simple
models.architecture.mamba_type=mamba
training.mode=gml_rollout    avg_loss: 0.000000299043  time_per_window : 0.001741   progress : 0.546
name: models.architecture.block_type=simple
models.architecture.mamba_type=mamba
training.mode=gml_rollout    avg_loss: 0.000000262765  time_per_window : 0.001552   progress : 0.557
name: models.architecture.block_type=simple
models.architecture.mamba_type=mamba
training.mode=gml_rollout    avg_loss: 0.000000246341  time_per_window : 0.001579   progress : 0.568
name: models.architecture.block_type=simple
models.architecture.mamba_type=mamba
training.mode=gml_rollout    avg_loss: 0.000000270107  time_per_window : 0.001579   progress : 0.579
name: models.architecture.block_type=simple
models.architecture.mamba_type=mamba
training.mode=gml_rollout    avg_loss: 0.000000318777  time_per_window : 0.001612   progress : 0.590
name: models.architecture.block_type=simple
models.architecture.mamba_type=mamba
training.mode=gml_rollout    avg_loss: 0.000000225382  time_per_window : 0.001637   progress : 0.601
name: models.architecture.block_type=simple
models.architecture.mamba_type=mamba
training.mode=gml_rollout    avg_loss: 0.000000257514  time_per_window : 0.001346   progress : 0.612
name: models.architecture.block_type=simple
models.architecture.mamba_type=mamba
training.mode=gml_rollout    avg_loss: 0.000000324427  time_per_window : 0.001635   progress : 0.623
name: models.architecture.block_type=simple
models.architecture.mamba_type=mamba
training.mode=gml_rollout    avg_loss: 0.000000248568  time_per_window : 0.001587   progress : 0.634
name: models.architecture.block_type=simple
models.architecture.mamba_type=mamba
training.mode=gml_rollout    avg_loss: 0.000000253533  time_per_window : 0.001601   progress : 0.644
name: models.architecture.block_type=simple
models.architecture.mamba_type=mamba
training.mode=gml_rollout    avg_loss: 0.000000224130  time_per_window : 0.001724   progress : 0.655
name: models.architecture.block_type=simple
models.architecture.mamba_type=mamba
training.mode=gml_rollout    avg_loss: 0.000000300322  time_per_window : 0.001486   progress : 0.666
name: models.architecture.block_type=simple
models.architecture.mamba_type=mamba
training.mode=gml_rollout    avg_loss: 0.000000255734  time_per_window : 0.001603   progress : 0.677
name: models.architecture.block_type=simple
models.architecture.mamba_type=mamba
training.mode=gml_rollout    avg_loss: 0.000000242425  time_per_window : 0.001557   progress : 0.688
name: models.architecture.block_type=simple
models.architecture.mamba_type=mamba
training.mode=gml_rollout    avg_loss: 0.000000240280  time_per_window : 0.001563   progress : 0.699
name: models.architecture.block_type=simple
models.architecture.mamba_type=mamba
training.mode=gml_rollout    avg_loss: 0.000000223568  time_per_window : 0.001541   progress : 0.710
name: models.architecture.block_type=simple
models.architecture.mamba_type=mamba
training.mode=gml_rollout    avg_loss: 0.000000276248  time_per_window : 0.001736   progress : 0.721
name: models.architecture.block_type=simple
models.architecture.mamba_type=mamba
training.mode=gml_rollout    avg_loss: 0.000000254718  time_per_window : 0.001557   progress : 0.732
name: models.architecture.block_type=simple
models.architecture.mamba_type=mamba
training.mode=gml_rollout    avg_loss: 0.000000222536  time_per_window : 0.001689   progress : 0.743
name: models.architecture.block_type=simple
models.architecture.mamba_type=mamba
training.mode=gml_rollout    avg_loss: 0.000000280400  time_per_window : 0.001583   progress : 0.754
name: models.architecture.block_type=simple
models.architecture.mamba_type=mamba
training.mode=gml_rollout    avg_loss: 0.000000256665  time_per_window : 0.001584   progress : 0.765
name: models.architecture.block_type=simple
models.architecture.mamba_type=mamba
training.mode=gml_rollout    avg_loss: 0.000000235430  time_per_window : 0.001647   progress : 0.775
name: models.architecture.block_type=simple
models.architecture.mamba_type=mamba
training.mode=gml_rollout    avg_loss: 0.000000289411  time_per_window : 0.001612   progress : 0.786
name: models.architecture.block_type=simple
models.architecture.mamba_type=mamba
training.mode=gml_rollout    avg_loss: 0.000000241956  time_per_window : 0.001676   progress : 0.797
name: models.architecture.block_type=simple
models.architecture.mamba_type=mamba
training.mode=gml_rollout    avg_loss: 0.000000323510  time_per_window : 0.001641   progress : 0.808
name: models.architecture.block_type=simple
models.architecture.mamba_type=mamba
training.mode=gml_rollout    avg_loss: 0.000000306689  time_per_window : 0.001624   progress : 0.819
name: models.architecture.block_type=simple
models.architecture.mamba_type=mamba
training.mode=gml_rollout    avg_loss: 0.000000217360  time_per_window : 0.001682   progress : 0.830
name: models.architecture.block_type=simple
models.architecture.mamba_type=mamba
training.mode=gml_rollout    avg_loss: 0.000000256990  time_per_window : 0.001707   progress : 0.841
name: models.architecture.block_type=simple
models.architecture.mamba_type=mamba
training.mode=gml_rollout    avg_loss: 0.000000229394  time_per_window : 0.001604   progress : 0.852
name: models.architecture.block_type=simple
models.architecture.mamba_type=mamba
training.mode=gml_rollout    avg_loss: 0.000000241572  time_per_window : 0.001616   progress : 0.863
name: models.architecture.block_type=simple
models.architecture.mamba_type=mamba
training.mode=gml_rollout    avg_loss: 0.000000233465  time_per_window : 0.001648   progress : 0.874
name: models.architecture.block_type=simple
models.architecture.mamba_type=mamba
training.mode=gml_rollout    avg_loss: 0.000000254537  time_per_window : 0.001698   progress : 0.885
name: models.architecture.block_type=simple
models.architecture.mamba_type=mamba
training.mode=gml_rollout    avg_loss: 0.000000243833  time_per_window : 0.001717   progress : 0.896
name: models.architecture.block_type=simple
models.architecture.mamba_type=mamba
training.mode=gml_rollout    avg_loss: 0.000000219642  time_per_window : 0.001570   progress : 0.907
name: models.architecture.block_type=simple
models.architecture.mamba_type=mamba
training.mode=gml_rollout    avg_loss: 0.000000252493  time_per_window : 0.001530   progress : 0.917
name: models.architecture.block_type=simple
models.architecture.mamba_type=mamba
training.mode=gml_rollout    avg_loss: 0.000000240693  time_per_window : 0.001544   progress : 0.928
name: models.architecture.block_type=simple
models.architecture.mamba_type=mamba
training.mode=gml_rollout    avg_loss: 0.000000244575  time_per_window : 0.001422   progress : 0.939
name: models.architecture.block_type=simple
models.architecture.mamba_type=mamba
training.mode=gml_rollout    avg_loss: 0.000000369459  time_per_window : 0.001555   progress : 0.950
name: models.architecture.block_type=simple
models.architecture.mamba_type=mamba
training.mode=gml_rollout    avg_loss: 0.000000248899  time_per_window : 0.001579   progress : 0.961
name: models.architecture.block_type=simple
models.architecture.mamba_type=mamba
training.mode=gml_rollout    avg_loss: 0.000000250862  time_per_window : 0.001264   progress : 0.972
name: models.architecture.block_type=simple
models.architecture.mamba_type=mamba
training.mode=gml_rollout    avg_loss: 0.000000284075  time_per_window : 0.001632   progress : 0.983
name: models.architecture.block_type=simple
models.architecture.mamba_type=mamba
training.mode=gml_rollout    avg_loss: 0.000000228910  time_per_window : 0.001650   progress : 0.994
name: models.architecture.block_type=simple
models.architecture.mamba_type=mamba
training.mode=gml_rollout    avg_loss: -65.841400146484  time_per_window : 0.001574   progress : 0.011
name: models.architecture.block_type=simple
models.architecture.mamba_type=mamba
training.mode=gml_rollout    avg_loss: -68.999031066895  time_per_window : 0.001597   progress : 0.022
name: models.architecture.block_type=simple
models.architecture.mamba_type=mamba
training.mode=gml_rollout    avg_loss: -69.002609252930  time_per_window : 0.001731   progress : 0.033
name: models.architecture.block_type=simple
models.architecture.mamba_type=mamba
training.mode=gml_rollout    avg_loss: -69.003868103027  time_per_window : 0.001683   progress : 0.044
name: models.architecture.block_type=simple
models.architecture.mamba_type=mamba
training.mode=gml_rollout    avg_loss: -69.007255554199  time_per_window : 0.001649   progress : 0.055
name: models.architecture.block_type=simple
models.architecture.mamba_type=mamba
training.mode=gml_rollout    avg_loss: -69.007888793945  time_per_window : 0.001466   progress : 0.066
name: models.architecture.block_type=simple
models.architecture.mamba_type=mamba
training.mode=gml_rollout    avg_loss: -69.009094238281  time_per_window : 0.001451   progress : 0.076
name: models.architecture.block_type=simple
models.architecture.mamba_type=mamba
training.mode=gml_rollout    avg_loss: -69.010620117188  time_per_window : 0.001690   progress : 0.087
name: models.architecture.block_type=simple
models.architecture.mamba_type=mamba
training.mode=gml_rollout    avg_loss: -69.011627197266  time_per_window : 0.001438   progress : 0.098
name: models.architecture.block_type=simple
models.architecture.mamba_type=mamba
training.mode=gml_rollout    avg_loss: -69.011276245117  time_per_window : 0.001495   progress : 0.109
name: models.architecture.block_type=simple
models.architecture.mamba_type=mamba
training.mode=gml_rollout    avg_loss: -69.010238647461  time_per_window : 0.001599   progress : 0.120
name: models.architecture.block_type=simple
models.architecture.mamba_type=mamba
training.mode=gml_rollout    avg_loss: -69.011375427246  time_per_window : 0.001647   progress : 0.131
name: models.architecture.block_type=simple
models.architecture.mamba_type=mamba
training.mode=gml_rollout    avg_loss: -69.010864257812  time_per_window : 0.001700   progress : 0.142
name: models.architecture.block_type=simple
models.architecture.mamba_type=mamba
training.mode=gml_rollout    avg_loss: -69.010917663574  time_per_window : 0.001626   progress : 0.153
name: models.architecture.block_type=simple
models.architecture.mamba_type=mamba
training.mode=gml_rollout    avg_loss: -69.011016845703  time_per_window : 0.001525   progress : 0.164
name: models.architecture.block_type=simple
models.architecture.mamba_type=mamba
training.mode=gml_rollout    avg_loss: -69.010765075684  time_per_window : 0.001743   progress : 0.175
name: models.architecture.block_type=simple
models.architecture.mamba_type=mamba
training.mode=gml_rollout    avg_loss: -69.010856628418  time_per_window : 0.001539   progress : 0.186
name: models.architecture.block_type=simple
models.architecture.mamba_type=mamba
training.mode=gml_rollout    avg_loss: -69.011413574219  time_per_window : 0.001426   progress : 0.197
name: models.architecture.block_type=simple
models.architecture.mamba_type=mamba
training.mode=gml_rollout    avg_loss: -69.011466979980  time_per_window : 0.001639   progress : 0.208
name: models.architecture.block_type=simple
models.architecture.mamba_type=mamba
training.mode=gml_rollout    avg_loss: -69.011054992676  time_per_window : 0.001697   progress : 0.218
name: models.architecture.block_type=simple
models.architecture.mamba_type=mamba
training.mode=gml_rollout    avg_loss: -69.012657165527  time_per_window : 0.001552   progress : 0.229
name: models.architecture.block_type=simple
models.architecture.mamba_type=mamba
training.mode=gml_rollout    avg_loss: -69.013275146484  time_per_window : 0.001729   progress : 0.240
name: models.architecture.block_type=simple
models.architecture.mamba_type=mamba
training.mode=gml_rollout    avg_loss: -69.014083862305  time_per_window : 0.001697   progress : 0.251
name: models.architecture.block_type=simple
models.architecture.mamba_type=mamba
training.mode=gml_rollout    avg_loss: -69.014984130859  time_per_window : 0.001646   progress : 0.262
name: models.architecture.block_type=simple
models.architecture.mamba_type=mamba
training.mode=gml_rollout    avg_loss: -69.014587402344  time_per_window : 0.001760   progress : 0.273
name: models.architecture.block_type=simple
models.architecture.mamba_type=mamba
training.mode=gml_rollout    avg_loss: -69.014778137207  time_per_window : 0.001577   progress : 0.284
name: models.architecture.block_type=simple
models.architecture.mamba_type=mamba
training.mode=gml_rollout    avg_loss: -69.015525817871  time_per_window : 0.001722   progress : 0.295
name: models.architecture.block_type=simple
models.architecture.mamba_type=mamba
training.mode=gml_rollout    avg_loss: -69.014732360840  time_per_window : 0.001762   progress : 0.306
name: models.architecture.block_type=simple
models.architecture.mamba_type=mamba
training.mode=gml_rollout    avg_loss: -69.015846252441  time_per_window : 0.001528   progress : 0.317
name: models.architecture.block_type=simple
models.architecture.mamba_type=mamba
training.mode=gml_rollout    avg_loss: -69.014411926270  time_per_window : 0.001430   progress : 0.328
name: models.architecture.block_type=simple
models.architecture.mamba_type=mamba
training.mode=gml_rollout    avg_loss: -69.014038085938  time_per_window : 0.001672   progress : 0.339
name: models.architecture.block_type=simple
models.architecture.mamba_type=mamba
training.mode=gml_rollout    avg_loss: -69.013488769531  time_per_window : 0.001603   progress : 0.350
name: models.architecture.block_type=simple
models.architecture.mamba_type=mamba
training.mode=gml_rollout    avg_loss: -69.014480590820  time_per_window : 0.001724   progress : 0.360
name: models.architecture.block_type=simple
models.architecture.mamba_type=mamba
training.mode=gml_rollout    avg_loss: -69.015480041504  time_per_window : 0.001610   progress : 0.371
name: models.architecture.block_type=simple
models.architecture.mamba_type=mamba
training.mode=gml_rollout    avg_loss: -69.014129638672  time_per_window : 0.001632   progress : 0.382
name: models.architecture.block_type=simple
models.architecture.mamba_type=mamba
training.mode=gml_rollout    avg_loss: -69.014350891113  time_per_window : 0.001480   progress : 0.393
name: models.architecture.block_type=simple
models.architecture.mamba_type=mamba
training.mode=gml_rollout    avg_loss: -69.013938903809  time_per_window : 0.001678   progress : 0.404
name: models.architecture.block_type=simple
models.architecture.mamba_type=mamba
training.mode=gml_rollout    avg_loss: -69.014457702637  time_per_window : 0.001616   progress : 0.415
name: models.architecture.block_type=simple
models.architecture.mamba_type=mamba
training.mode=gml_rollout    avg_loss: -69.014160156250  time_per_window : 0.001648   progress : 0.426
name: models.architecture.block_type=simple
models.architecture.mamba_type=mamba
training.mode=gml_rollout    avg_loss: -69.013366699219  time_per_window : 0.001621   progress : 0.437
name: models.architecture.block_type=simple
models.architecture.mamba_type=mamba
training.mode=gml_rollout    avg_loss: -69.015434265137  time_per_window : 0.001660   progress : 0.448
name: models.architecture.block_type=simple
models.architecture.mamba_type=mamba
training.mode=gml_rollout    avg_loss: -69.014724731445  time_per_window : 0.001679   progress : 0.459
name: models.architecture.block_type=simple
models.architecture.mamba_type=mamba
training.mode=gml_rollout    avg_loss: -69.014114379883  time_per_window : 0.001632   progress : 0.470
name: models.architecture.block_type=simple
models.architecture.mamba_type=mamba
training.mode=gml_rollout    avg_loss: -69.015472412109  time_per_window : 0.001528   progress : 0.481
name: models.architecture.block_type=simple
models.architecture.mamba_type=mamba
training.mode=gml_rollout    avg_loss: -69.014968872070  time_per_window : 0.001672   progress : 0.492
name: models.architecture.block_type=simple
models.architecture.mamba_type=mamba
training.mode=gml_rollout    avg_loss: -69.015396118164  time_per_window : 0.001654   progress : 0.502
name: models.architecture.block_type=simple
models.architecture.mamba_type=mamba
training.mode=gml_rollout    avg_loss: -69.014595031738  time_per_window : 0.001607   progress : 0.513
name: models.architecture.block_type=simple
models.architecture.mamba_type=mamba
training.mode=gml_rollout    avg_loss: -69.014366149902  time_per_window : 0.001517   progress : 0.524
name: models.architecture.block_type=simple
models.architecture.mamba_type=mamba
training.mode=gml_rollout    avg_loss: -69.014373779297  time_per_window : 0.001691   progress : 0.535
name: models.architecture.block_type=simple
models.architecture.mamba_type=mamba
training.mode=gml_rollout    avg_loss: -69.014930725098  time_per_window : 0.001541   progress : 0.546
name: models.architecture.block_type=simple
models.architecture.mamba_type=mamba
training.mode=gml_rollout    avg_loss: -69.014640808105  time_per_window : 0.001603   progress : 0.557
name: models.architecture.block_type=simple
models.architecture.mamba_type=mamba
training.mode=gml_rollout    avg_loss: -69.013977050781  time_per_window : 0.001710   progress : 0.568
name: models.architecture.block_type=simple
models.architecture.mamba_type=mamba
training.mode=gml_rollout    avg_loss: -69.013549804688  time_per_window : 0.001722   progress : 0.579
name: models.architecture.block_type=simple
models.architecture.mamba_type=mamba
training.mode=gml_rollout    avg_loss: -69.013488769531  time_per_window : 0.001628   progress : 0.590
name: models.architecture.block_type=simple
models.architecture.mamba_type=mamba
training.mode=gml_rollout    avg_loss: -69.015129089355  time_per_window : 0.001608   progress : 0.601
name: models.architecture.block_type=simple
models.architecture.mamba_type=mamba
training.mode=gml_rollout    avg_loss: -69.014717102051  time_per_window : 0.001696   progress : 0.612
name: models.architecture.block_type=simple
models.architecture.mamba_type=mamba
training.mode=gml_rollout    avg_loss: -69.014701843262  time_per_window : 0.001671   progress : 0.623
name: models.architecture.block_type=simple
models.architecture.mamba_type=mamba
training.mode=gml_rollout    avg_loss: -69.015136718750  time_per_window : 0.001472   progress : 0.634
name: models.architecture.block_type=simple
models.architecture.mamba_type=mamba
training.mode=gml_rollout    avg_loss: -69.013710021973  time_per_window : 0.001583   progress : 0.644
name: models.architecture.block_type=simple
models.architecture.mamba_type=mamba
training.mode=gml_rollout    avg_loss: -69.014930725098  time_per_window : 0.001644   progress : 0.655
name: models.architecture.block_type=simple
models.architecture.mamba_type=mamba
training.mode=gml_rollout    avg_loss: -69.015037536621  time_per_window : 0.001649   progress : 0.666
name: models.architecture.block_type=simple
models.architecture.mamba_type=mamba
training.mode=gml_rollout    avg_loss: -69.014274597168  time_per_window : 0.001518   progress : 0.677
name: models.architecture.block_type=simple
models.architecture.mamba_type=mamba
training.mode=gml_rollout    avg_loss: -69.016220092773  time_per_window : 0.001647   progress : 0.688
name: models.architecture.block_type=simple
models.architecture.mamba_type=mamba
training.mode=gml_rollout    avg_loss: -69.014587402344  time_per_window : 0.001513   progress : 0.699
name: models.architecture.block_type=simple
models.architecture.mamba_type=mamba
training.mode=gml_rollout    avg_loss: -69.013435363770  time_per_window : 0.001524   progress : 0.710
name: models.architecture.block_type=simple
models.architecture.mamba_type=mamba
training.mode=gml_rollout    avg_loss: -69.015380859375  time_per_window : 0.001639   progress : 0.721
name: models.architecture.block_type=simple
models.architecture.mamba_type=mamba
training.mode=gml_rollout    avg_loss: -69.014205932617  time_per_window : 0.001635   progress : 0.732
name: models.architecture.block_type=simple
models.architecture.mamba_type=mamba
training.mode=gml_rollout    avg_loss: -69.014213562012  time_per_window : 0.001647   progress : 0.743
name: models.architecture.block_type=simple
models.architecture.mamba_type=mamba
training.mode=gml_rollout    avg_loss: -69.014099121094  time_per_window : 0.001503   progress : 0.754
name: models.architecture.block_type=simple
models.architecture.mamba_type=mamba
training.mode=gml_rollout    avg_loss: -69.015144348145  time_per_window : 0.001535   progress : 0.765
name: models.architecture.block_type=simple
models.architecture.mamba_type=mamba
training.mode=gml_rollout    avg_loss: -69.013748168945  time_per_window : 0.001601   progress : 0.775
name: models.architecture.block_type=simple
models.architecture.mamba_type=mamba
training.mode=gml_rollout    avg_loss: -69.014694213867  time_per_window : 0.001567   progress : 0.786
name: models.architecture.block_type=simple
models.architecture.mamba_type=mamba
training.mode=gml_rollout    avg_loss: -69.015220642090  time_per_window : 0.001434   progress : 0.797
name: models.architecture.block_type=simple
models.architecture.mamba_type=mamba
training.mode=gml_rollout    avg_loss: -69.014427185059  time_per_window : 0.001723   progress : 0.808
name: models.architecture.block_type=simple
models.architecture.mamba_type=mamba
training.mode=gml_rollout    avg_loss: -69.015182495117  time_per_window : 0.001499   progress : 0.819
name: models.architecture.block_type=simple
models.architecture.mamba_type=mamba
training.mode=gml_rollout    avg_loss: -69.014709472656  time_per_window : 0.001672   progress : 0.830
name: models.architecture.block_type=simple
models.architecture.mamba_type=mamba
training.mode=gml_rollout    avg_loss: -69.015312194824  time_per_window : 0.001688   progress : 0.841
name: models.architecture.block_type=simple
models.architecture.mamba_type=mamba
training.mode=gml_rollout    avg_loss: -69.014930725098  time_per_window : 0.001719   progress : 0.852
name: models.architecture.block_type=simple
models.architecture.mamba_type=mamba
training.mode=gml_rollout    avg_loss: -69.015228271484  time_per_window : 0.001561   progress : 0.863
name: models.architecture.block_type=simple
models.architecture.mamba_type=mamba
training.mode=gml_rollout    avg_loss: -69.014518737793  time_per_window : 0.001720   progress : 0.874
name: models.architecture.block_type=simple
models.architecture.mamba_type=mamba
training.mode=gml_rollout    avg_loss: -69.014404296875  time_per_window : 0.001554   progress : 0.885
name: models.architecture.block_type=simple
models.architecture.mamba_type=mamba
training.mode=gml_rollout    avg_loss: -69.015602111816  time_per_window : 0.001687   progress : 0.896
name: models.architecture.block_type=simple
models.architecture.mamba_type=mamba
training.mode=gml_rollout    avg_loss: -69.014015197754  time_per_window : 0.001526   progress : 0.907
name: models.architecture.block_type=simple
models.architecture.mamba_type=mamba
training.mode=gml_rollout    avg_loss: -69.014205932617  time_per_window : 0.001496   progress : 0.917
name: models.architecture.block_type=simple
models.architecture.mamba_type=mamba
training.mode=gml_rollout    avg_loss: -69.014404296875  time_per_window : 0.001597   progress : 0.928
name: models.architecture.block_type=simple
models.architecture.mamba_type=mamba
training.mode=gml_rollout    avg_loss: -69.014892578125  time_per_window : 0.001615   progress : 0.939
name: models.architecture.block_type=simple
models.architecture.mamba_type=mamba
training.mode=gml_rollout    avg_loss: -69.014282226562  time_per_window : 0.001596   progress : 0.950
name: models.architecture.block_type=simple
models.architecture.mamba_type=mamba
training.mode=gml_rollout    avg_loss: -69.014518737793  time_per_window : 0.001711   progress : 0.961
name: models.architecture.block_type=simple
models.architecture.mamba_type=mamba
training.mode=gml_rollout    avg_loss: -69.015823364258  time_per_window : 0.001611   progress : 0.972
name: models.architecture.block_type=simple
models.architecture.mamba_type=mamba
training.mode=gml_rollout    avg_loss: -69.015129089355  time_per_window : 0.001151   progress : 0.983
name: models.architecture.block_type=simple
models.architecture.mamba_type=mamba
training.mode=gml_rollout    avg_loss: -69.015258789062  time_per_window : 0.001090   progress : 0.994
DONE!!!
