/home/jdihardjo/miniconda3/envs/mavenv/lib/python3.11/site-packages/hydra/_internal/defaults_list.py:251: UserWarning: In 'config': Defaults list is missing `_self_`. See https://hydra.cc/docs/1.2/upgrades/1.0_to_1.1/default_composition_order for more information
  warnings.warn(msg, UserWarning)
Using cuda:1 device
[2026-07-22 21:35:48,150][HYDRA] Joblib.Parallel(n_jobs=4,backend=loky,prefer=processes,require=None,verbose=0,timeout=None,pre_dispatch=2*n_jobs,batch_size=auto,temp_folder=None,max_nbytes=None,mmap_mode=r) is launching 1 jobs
[2026-07-22 21:35:48,150][HYDRA] Launching jobs, sweep output dir : ablation_runs/2026-07-22_19-23-39/simple_mamba_out10
[2026-07-22 21:35:48,150][HYDRA] 	#0 : models.architecture.block_type=simple models.architecture.mamba_type=mamba training.mode=rollout models.out_dim=10
/home/jdihardjo/miniconda3/envs/mavenv/lib/python3.11/site-packages/hydra/_internal/defaults_list.py:251: UserWarning: In 'config': Defaults list is missing `_self_`. See https://hydra.cc/docs/1.2/upgrades/1.0_to_1.1/default_composition_order for more information
  warnings.warn(msg, UserWarning)
models:
  n_dim: 23
  out_dim: 10
  architecture:
    d_model: 128
    n_encoder_layers: 2
    n_decoder_layers: 0
    block_type: simple
    time_adapter: last_token
    in_norm: none
    out_norm: none
    layer_scale: 0.0001
    drop_path: 0.05
    mamba_type: mamba
    mamba_kwargs:
      d_state: 16
      d_conv: 2
      expand: 2
      norm: rms
    skip: false
    cls_kwargs:
      n_heads: 2
      n_mlp: 2
      positional_encoding: false
      max_len: 5000
input_len: 64
output_len: 1
batch_size: 128
epochs: 5
seed: 0
dataset:
  path: /home/jdihardjo/simdata/train.zarr/
  training_size: 1500000
evaluation:
  path: /home/jdihardjo/simdata/evaluation.zarr/
  evaluation_size: 50
training:
  mode: rollout
  lr: 0.0002
  weight_decay: 0.1
  rollout_steps: 32
checkpoint:
  save_path: hydra-test.pth
  load: false
  path: hydra-test.pth
compile: true

/home/jdihardjo/miniconda3/envs/mavenv/lib/python3.11/site-packages/torch/_dynamo/variables/functions.py:2311: UserWarning: Dynamo does not know how to trace the builtin `selective_scan_cuda.pybind11_detail_function_record_v1_system_libstdcpp_gxx_abi_1xxx_use_cxx11_abi_1.fwd.` This function is either a Python builtin (e.g. _warnings.warn) or a third-party C/C++ Python extension (perhaps created with pybind).
If it is a Python builtin, please file an issue on GitHub so the PyTorch team can add support for it and see the next case for a workaround.
If it is a third-party C/C++ Python extension, please either wrap it into a PyTorch-understood custom operator (see https://pytorch.org/tutorials/advanced/custom_ops_landing_page.html for more details) or, if it is traceable, use `torch.compiler.allow_in_graph`.
  torch._dynamo.utils.warn_once(explanation + "\n" + "\n".join(hints))
/home/jdihardjo/miniconda3/envs/mavenv/lib/python3.11/site-packages/torch/_inductor/cudagraph_trees.py:2622: UserWarning: Unable to hit fast path of CUDAGraphs because outputs from a previous step still require backward. Ensure backward() is invoked or detach outputs. You may also call torch.compiler.cudagraph_mark_step_begin() before each model invocation.
  warnings.warn(
name: models.architecture.block_type=simple
models.architecture.mamba_type=mamba
training.mode=rollout
models.out_dim=10    avg_loss: 0.000192943888  time_per_window : 0.002275   progress : 0.011
name: models.architecture.block_type=simple
models.architecture.mamba_type=mamba
training.mode=rollout
models.out_dim=10    avg_loss: 0.000000268097  time_per_window : 0.002292   progress : 0.022
name: models.architecture.block_type=simple
models.architecture.mamba_type=mamba
training.mode=rollout
models.out_dim=10    avg_loss: 0.000000217940  time_per_window : 0.002276   progress : 0.033
name: models.architecture.block_type=simple
models.architecture.mamba_type=mamba
training.mode=rollout
models.out_dim=10    avg_loss: 0.000000201081  time_per_window : 0.002243   progress : 0.044
name: models.architecture.block_type=simple
models.architecture.mamba_type=mamba
training.mode=rollout
models.out_dim=10    avg_loss: 0.000000182467  time_per_window : 0.002312   progress : 0.055
name: models.architecture.block_type=simple
models.architecture.mamba_type=mamba
training.mode=rollout
models.out_dim=10    avg_loss: 0.000000172574  time_per_window : 0.002284   progress : 0.066
name: models.architecture.block_type=simple
models.architecture.mamba_type=mamba
training.mode=rollout
models.out_dim=10    avg_loss: 0.000000162849  time_per_window : 0.002299   progress : 0.076
name: models.architecture.block_type=simple
models.architecture.mamba_type=mamba
training.mode=rollout
models.out_dim=10    avg_loss: 0.000000157602  time_per_window : 0.002277   progress : 0.087
name: models.architecture.block_type=simple
models.architecture.mamba_type=mamba
training.mode=rollout
models.out_dim=10    avg_loss: 0.000000152629  time_per_window : 0.002271   progress : 0.098
name: models.architecture.block_type=simple
models.architecture.mamba_type=mamba
training.mode=rollout
models.out_dim=10    avg_loss: 0.000000154476  time_per_window : 0.002315   progress : 0.109
name: models.architecture.block_type=simple
models.architecture.mamba_type=mamba
training.mode=rollout
models.out_dim=10    avg_loss: 0.000000149639  time_per_window : 0.002328   progress : 0.120
name: models.architecture.block_type=simple
models.architecture.mamba_type=mamba
training.mode=rollout
models.out_dim=10    avg_loss: 0.000000143533  time_per_window : 0.002306   progress : 0.131
name: models.architecture.block_type=simple
models.architecture.mamba_type=mamba
training.mode=rollout
models.out_dim=10    avg_loss: 0.000000140541  time_per_window : 0.002346   progress : 0.142
name: models.architecture.block_type=simple
models.architecture.mamba_type=mamba
training.mode=rollout
models.out_dim=10    avg_loss: 0.000000134010  time_per_window : 0.002287   progress : 0.153
name: models.architecture.block_type=simple
models.architecture.mamba_type=mamba
training.mode=rollout
models.out_dim=10    avg_loss: 0.000000131253  time_per_window : 0.002275   progress : 0.164
name: models.architecture.block_type=simple
models.architecture.mamba_type=mamba
training.mode=rollout
models.out_dim=10    avg_loss: 0.000000125845  time_per_window : 0.002289   progress : 0.175
name: models.architecture.block_type=simple
models.architecture.mamba_type=mamba
training.mode=rollout
models.out_dim=10    avg_loss: 0.000000116610  time_per_window : 0.002286   progress : 0.186
name: models.architecture.block_type=simple
models.architecture.mamba_type=mamba
training.mode=rollout
models.out_dim=10    avg_loss: 0.000000102175  time_per_window : 0.002085   progress : 0.197
name: models.architecture.block_type=simple
models.architecture.mamba_type=mamba
training.mode=rollout
models.out_dim=10    avg_loss: 0.000000084749  time_per_window : 0.002277   progress : 0.208
name: models.architecture.block_type=simple
models.architecture.mamba_type=mamba
training.mode=rollout
models.out_dim=10    avg_loss: 0.000000076223  time_per_window : 0.002311   progress : 0.218
name: models.architecture.block_type=simple
models.architecture.mamba_type=mamba
training.mode=rollout
models.out_dim=10    avg_loss: 0.000000072200  time_per_window : 0.002292   progress : 0.229
name: models.architecture.block_type=simple
models.architecture.mamba_type=mamba
training.mode=rollout
models.out_dim=10    avg_loss: 0.000000071151  time_per_window : 0.002297   progress : 0.240
name: models.architecture.block_type=simple
models.architecture.mamba_type=mamba
training.mode=rollout
models.out_dim=10    avg_loss: 0.000000065488  time_per_window : 0.002290   progress : 0.251
name: models.architecture.block_type=simple
models.architecture.mamba_type=mamba
training.mode=rollout
models.out_dim=10    avg_loss: 0.000000061224  time_per_window : 0.002302   progress : 0.262
name: models.architecture.block_type=simple
models.architecture.mamba_type=mamba
training.mode=rollout
models.out_dim=10    avg_loss: 0.000000057601  time_per_window : 0.002290   progress : 0.273
name: models.architecture.block_type=simple
models.architecture.mamba_type=mamba
training.mode=rollout
models.out_dim=10    avg_loss: 0.000000055976  time_per_window : 0.002309   progress : 0.284
name: models.architecture.block_type=simple
models.architecture.mamba_type=mamba
training.mode=rollout
models.out_dim=10    avg_loss: 0.000000056781  time_per_window : 0.002305   progress : 0.295
name: models.architecture.block_type=simple
models.architecture.mamba_type=mamba
training.mode=rollout
models.out_dim=10    avg_loss: 0.000000050367  time_per_window : 0.002315   progress : 0.306
name: models.architecture.block_type=simple
models.architecture.mamba_type=mamba
training.mode=rollout
models.out_dim=10    avg_loss: 0.000000054128  time_per_window : 0.002262   progress : 0.317
name: models.architecture.block_type=simple
models.architecture.mamba_type=mamba
training.mode=rollout
models.out_dim=10    avg_loss: 0.000000051164  time_per_window : 0.001852   progress : 0.328
name: models.architecture.block_type=simple
models.architecture.mamba_type=mamba
training.mode=rollout
models.out_dim=10    avg_loss: 0.000000054147  time_per_window : 0.002293   progress : 0.339
name: models.architecture.block_type=simple
models.architecture.mamba_type=mamba
training.mode=rollout
models.out_dim=10    avg_loss: 0.000000054048  time_per_window : 0.002302   progress : 0.350
name: models.architecture.block_type=simple
models.architecture.mamba_type=mamba
training.mode=rollout
models.out_dim=10    avg_loss: 0.000000051523  time_per_window : 0.001857   progress : 0.360
name: models.architecture.block_type=simple
models.architecture.mamba_type=mamba
training.mode=rollout
models.out_dim=10    avg_loss: 0.000000052150  time_per_window : 0.001856   progress : 0.371
name: models.architecture.block_type=simple
models.architecture.mamba_type=mamba
training.mode=rollout
models.out_dim=10    avg_loss: 0.000000060468  time_per_window : 0.001850   progress : 0.382
name: models.architecture.block_type=simple
models.architecture.mamba_type=mamba
training.mode=rollout
models.out_dim=10    avg_loss: 0.000000048978  time_per_window : 0.001852   progress : 0.393
name: models.architecture.block_type=simple
models.architecture.mamba_type=mamba
training.mode=rollout
models.out_dim=10    avg_loss: 0.000000055509  time_per_window : 0.001823   progress : 0.404
name: models.architecture.block_type=simple
models.architecture.mamba_type=mamba
training.mode=rollout
models.out_dim=10    avg_loss: 0.000000055346  time_per_window : 0.001857   progress : 0.415
name: models.architecture.block_type=simple
models.architecture.mamba_type=mamba
training.mode=rollout
models.out_dim=10    avg_loss: 0.000000050078  time_per_window : 0.001827   progress : 0.426
name: models.architecture.block_type=simple
models.architecture.mamba_type=mamba
training.mode=rollout
models.out_dim=10    avg_loss: 0.000000060220  time_per_window : 0.001849   progress : 0.437
name: models.architecture.block_type=simple
models.architecture.mamba_type=mamba
training.mode=rollout
models.out_dim=10    avg_loss: 0.000000052097  time_per_window : 0.001819   progress : 0.448
name: models.architecture.block_type=simple
models.architecture.mamba_type=mamba
training.mode=rollout
models.out_dim=10    avg_loss: 0.000000058917  time_per_window : 0.001850   progress : 0.459
name: models.architecture.block_type=simple
models.architecture.mamba_type=mamba
training.mode=rollout
models.out_dim=10    avg_loss: 0.000000059152  time_per_window : 0.001852   progress : 0.470
name: models.architecture.block_type=simple
models.architecture.mamba_type=mamba
training.mode=rollout
models.out_dim=10    avg_loss: 0.000000051021  time_per_window : 0.001864   progress : 0.481
name: models.architecture.block_type=simple
models.architecture.mamba_type=mamba
training.mode=rollout
models.out_dim=10    avg_loss: 0.000000050906  time_per_window : 0.001882   progress : 0.492
name: models.architecture.block_type=simple
models.architecture.mamba_type=mamba
training.mode=rollout
models.out_dim=10    avg_loss: 0.000000059396  time_per_window : 0.001886   progress : 0.502
name: models.architecture.block_type=simple
models.architecture.mamba_type=mamba
training.mode=rollout
models.out_dim=10    avg_loss: 0.000000061501  time_per_window : 0.001862   progress : 0.513
name: models.architecture.block_type=simple
models.architecture.mamba_type=mamba
training.mode=rollout
models.out_dim=10    avg_loss: 0.000000051269  time_per_window : 0.001851   progress : 0.524
name: models.architecture.block_type=simple
models.architecture.mamba_type=mamba
training.mode=rollout
models.out_dim=10    avg_loss: 0.000000058929  time_per_window : 0.001861   progress : 0.535
name: models.architecture.block_type=simple
models.architecture.mamba_type=mamba
training.mode=rollout
models.out_dim=10    avg_loss: 0.000000048407  time_per_window : 0.001859   progress : 0.546
name: models.architecture.block_type=simple
models.architecture.mamba_type=mamba
training.mode=rollout
models.out_dim=10    avg_loss: 0.000000057367  time_per_window : 0.001856   progress : 0.557
name: models.architecture.block_type=simple
models.architecture.mamba_type=mamba
training.mode=rollout
models.out_dim=10    avg_loss: 0.000000053412  time_per_window : 0.001862   progress : 0.568
name: models.architecture.block_type=simple
models.architecture.mamba_type=mamba
training.mode=rollout
models.out_dim=10    avg_loss: 0.000000052537  time_per_window : 0.001853   progress : 0.579
name: models.architecture.block_type=simple
models.architecture.mamba_type=mamba
training.mode=rollout
models.out_dim=10    avg_loss: 0.000000051997  time_per_window : 0.001823   progress : 0.590
name: models.architecture.block_type=simple
models.architecture.mamba_type=mamba
training.mode=rollout
models.out_dim=10    avg_loss: 0.000000053841  time_per_window : 0.001873   progress : 0.601
name: models.architecture.block_type=simple
models.architecture.mamba_type=mamba
training.mode=rollout
models.out_dim=10    avg_loss: 0.000000050542  time_per_window : 0.001854   progress : 0.612
name: models.architecture.block_type=simple
models.architecture.mamba_type=mamba
training.mode=rollout
models.out_dim=10    avg_loss: 0.000000056854  time_per_window : 0.001519   progress : 0.623
name: models.architecture.block_type=simple
models.architecture.mamba_type=mamba
training.mode=rollout
models.out_dim=10    avg_loss: 0.000000053802  time_per_window : 0.001894   progress : 0.634
name: models.architecture.block_type=simple
models.architecture.mamba_type=mamba
training.mode=rollout
models.out_dim=10    avg_loss: 0.000000054320  time_per_window : 0.001875   progress : 0.644
name: models.architecture.block_type=simple
models.architecture.mamba_type=mamba
training.mode=rollout
models.out_dim=10    avg_loss: 0.000000052591  time_per_window : 0.001860   progress : 0.655
name: models.architecture.block_type=simple
models.architecture.mamba_type=mamba
training.mode=rollout
models.out_dim=10    avg_loss: 0.000000046143  time_per_window : 0.001849   progress : 0.666
name: models.architecture.block_type=simple
models.architecture.mamba_type=mamba
training.mode=rollout
models.out_dim=10    avg_loss: 0.000000048357  time_per_window : 0.001819   progress : 0.677
name: models.architecture.block_type=simple
models.architecture.mamba_type=mamba
training.mode=rollout
models.out_dim=10    avg_loss: 0.000000054759  time_per_window : 0.001846   progress : 0.688
name: models.architecture.block_type=simple
models.architecture.mamba_type=mamba
training.mode=rollout
models.out_dim=10    avg_loss: 0.000000048640  time_per_window : 0.001860   progress : 0.699
name: models.architecture.block_type=simple
models.architecture.mamba_type=mamba
training.mode=rollout
models.out_dim=10    avg_loss: 0.000000045259  time_per_window : 0.001851   progress : 0.710
name: models.architecture.block_type=simple
models.architecture.mamba_type=mamba
training.mode=rollout
models.out_dim=10    avg_loss: 0.000000048736  time_per_window : 0.001888   progress : 0.721
name: models.architecture.block_type=simple
models.architecture.mamba_type=mamba
training.mode=rollout
models.out_dim=10    avg_loss: 0.000000045636  time_per_window : 0.001496   progress : 0.732
name: models.architecture.block_type=simple
models.architecture.mamba_type=mamba
training.mode=rollout
models.out_dim=10    avg_loss: 0.000000046656  time_per_window : 0.001497   progress : 0.743
name: models.architecture.block_type=simple
models.architecture.mamba_type=mamba
training.mode=rollout
models.out_dim=10    avg_loss: 0.000000048277  time_per_window : 0.001826   progress : 0.754
name: models.architecture.block_type=simple
models.architecture.mamba_type=mamba
training.mode=rollout
models.out_dim=10    avg_loss: 0.000000041721  time_per_window : 0.001870   progress : 0.765
name: models.architecture.block_type=simple
models.architecture.mamba_type=mamba
training.mode=rollout
models.out_dim=10    avg_loss: 0.000000045496  time_per_window : 0.001841   progress : 0.775
name: models.architecture.block_type=simple
models.architecture.mamba_type=mamba
training.mode=rollout
models.out_dim=10    avg_loss: 0.000000047974  time_per_window : 0.001857   progress : 0.786
name: models.architecture.block_type=simple
models.architecture.mamba_type=mamba
training.mode=rollout
models.out_dim=10    avg_loss: 0.000000047219  time_per_window : 0.001836   progress : 0.797
name: models.architecture.block_type=simple
models.architecture.mamba_type=mamba
training.mode=rollout
models.out_dim=10    avg_loss: 0.000000038144  time_per_window : 0.001899   progress : 0.808
name: models.architecture.block_type=simple
models.architecture.mamba_type=mamba
training.mode=rollout
models.out_dim=10    avg_loss: 0.000000045592  time_per_window : 0.001863   progress : 0.819
name: models.architecture.block_type=simple
models.architecture.mamba_type=mamba
training.mode=rollout
models.out_dim=10    avg_loss: 0.000000041325  time_per_window : 0.001845   progress : 0.830
name: models.architecture.block_type=simple
models.architecture.mamba_type=mamba
training.mode=rollout
models.out_dim=10    avg_loss: 0.000000045100  time_per_window : 0.001854   progress : 0.841
name: models.architecture.block_type=simple
models.architecture.mamba_type=mamba
training.mode=rollout
models.out_dim=10    avg_loss: 0.000000038773  time_per_window : 0.001863   progress : 0.852
name: models.architecture.block_type=simple
models.architecture.mamba_type=mamba
training.mode=rollout
models.out_dim=10    avg_loss: 0.000000042951  time_per_window : 0.001861   progress : 0.863
name: models.architecture.block_type=simple
models.architecture.mamba_type=mamba
training.mode=rollout
models.out_dim=10    avg_loss: 0.000000046024  time_per_window : 0.001842   progress : 0.874
name: models.architecture.block_type=simple
models.architecture.mamba_type=mamba
training.mode=rollout
models.out_dim=10    avg_loss: 0.000000036933  time_per_window : 0.001874   progress : 0.885
name: models.architecture.block_type=simple
models.architecture.mamba_type=mamba
training.mode=rollout
models.out_dim=10    avg_loss: 0.000000042079  time_per_window : 0.001841   progress : 0.896
name: models.architecture.block_type=simple
models.architecture.mamba_type=mamba
training.mode=rollout
models.out_dim=10    avg_loss: 0.000000035890  time_per_window : 0.001876   progress : 0.907
name: models.architecture.block_type=simple
models.architecture.mamba_type=mamba
training.mode=rollout
models.out_dim=10    avg_loss: 0.000000041717  time_per_window : 0.001832   progress : 0.917/home/jdihardjo/miniconda3/envs/mavenv/lib/python3.11/site-packages/torch/_inductor/cudagraph_trees.py:2622: UserWarning: Unable to hit fast path of CUDAGraphs because outputs from a previous step still require backward. Ensure backward() is invoked or detach outputs. You may also call torch.compiler.cudagraph_mark_step_begin() before each model invocation.
  warnings.warn(
/home/jdihardjo/miniconda3/envs/mavenv/lib/python3.11/site-packages/torch/_inductor/cudagraph_trees.py:2622: UserWarning: Unable to hit fast path of CUDAGraphs because outputs from a previous step still require backward. Ensure backward() is invoked or detach outputs. You may also call torch.compiler.cudagraph_mark_step_begin() before each model invocation.
  warnings.warn(

name: models.architecture.block_type=simple
models.architecture.mamba_type=mamba
training.mode=rollout
models.out_dim=10    avg_loss: 0.000000038090  time_per_window : 0.001864   progress : 0.928
name: models.architecture.block_type=simple
models.architecture.mamba_type=mamba
training.mode=rollout
models.out_dim=10    avg_loss: 0.000000034418  time_per_window : 0.001834   progress : 0.939
name: models.architecture.block_type=simple
models.architecture.mamba_type=mamba
training.mode=rollout
models.out_dim=10    avg_loss: 0.000000031684  time_per_window : 0.001876   progress : 0.950
name: models.architecture.block_type=simple
models.architecture.mamba_type=mamba
training.mode=rollout
models.out_dim=10    avg_loss: 0.000000024882  time_per_window : 0.001815   progress : 0.961
name: models.architecture.block_type=simple
models.architecture.mamba_type=mamba
training.mode=rollout
models.out_dim=10    avg_loss: 0.000000026327  time_per_window : 0.001837   progress : 0.972
name: models.architecture.block_type=simple
models.architecture.mamba_type=mamba
training.mode=rollout
models.out_dim=10    avg_loss: 0.000000024994  time_per_window : 0.001872   progress : 0.983
name: models.architecture.block_type=simple
models.architecture.mamba_type=mamba
training.mode=rollout
models.out_dim=10    avg_loss: 0.000000023962  time_per_window : 0.001848   progress : 0.994
name: models.architecture.block_type=simple
models.architecture.mamba_type=mamba
training.mode=rollout
models.out_dim=10    avg_loss: 0.000000068445  time_per_window : 0.002074   progress : 0.011
name: models.architecture.block_type=simple
models.architecture.mamba_type=mamba
training.mode=rollout
models.out_dim=10    avg_loss: 0.000000016443  time_per_window : 0.001927   progress : 0.022
name: models.architecture.block_type=simple
models.architecture.mamba_type=mamba
training.mode=rollout
models.out_dim=10    avg_loss: 0.000000018856  time_per_window : 0.001954   progress : 0.033
name: models.architecture.block_type=simple
models.architecture.mamba_type=mamba
training.mode=rollout
models.out_dim=10    avg_loss: 0.000000020447  time_per_window : 0.001973   progress : 0.044
name: models.architecture.block_type=simple
models.architecture.mamba_type=mamba
training.mode=rollout
models.out_dim=10    avg_loss: 0.000000021653  time_per_window : 0.001960   progress : 0.055
name: models.architecture.block_type=simple
models.architecture.mamba_type=mamba
training.mode=rollout
models.out_dim=10    avg_loss: 0.000000025291  time_per_window : 0.001999   progress : 0.066
name: models.architecture.block_type=simple
models.architecture.mamba_type=mamba
training.mode=rollout
models.out_dim=10    avg_loss: 0.000000021426  time_per_window : 0.001963   progress : 0.076
name: models.architecture.block_type=simple
models.architecture.mamba_type=mamba
training.mode=rollout
models.out_dim=10    avg_loss: 0.000000023002  time_per_window : 0.001940   progress : 0.087
name: models.architecture.block_type=simple
models.architecture.mamba_type=mamba
training.mode=rollout
models.out_dim=10    avg_loss: 0.000000020735  time_per_window : 0.001950   progress : 0.098
name: models.architecture.block_type=simple
models.architecture.mamba_type=mamba
training.mode=rollout
models.out_dim=10    avg_loss: 0.000000024227  time_per_window : 0.001909   progress : 0.109
name: models.architecture.block_type=simple
models.architecture.mamba_type=mamba
training.mode=rollout
models.out_dim=10    avg_loss: 0.000000021053  time_per_window : 0.001974   progress : 0.120
name: models.architecture.block_type=simple
models.architecture.mamba_type=mamba
training.mode=rollout
models.out_dim=10    avg_loss: 0.000000024170  time_per_window : 0.001968   progress : 0.131
name: models.architecture.block_type=simple
models.architecture.mamba_type=mamba
training.mode=rollout
models.out_dim=10    avg_loss: 0.000000021762  time_per_window : 0.002105   progress : 0.142
name: models.architecture.block_type=simple
models.architecture.mamba_type=mamba
training.mode=rollout
models.out_dim=10    avg_loss: 0.000000021485  time_per_window : 0.001969   progress : 0.153
name: models.architecture.block_type=simple
models.architecture.mamba_type=mamba
training.mode=rollout
models.out_dim=10    avg_loss: 0.000000021489  time_per_window : 0.001926   progress : 0.164
name: models.architecture.block_type=simple
models.architecture.mamba_type=mamba
training.mode=rollout
models.out_dim=10    avg_loss: 0.000000020875  time_per_window : 0.001936   progress : 0.175
name: models.architecture.block_type=simple
models.architecture.mamba_type=mamba
training.mode=rollout
models.out_dim=10    avg_loss: 0.000000023095  time_per_window : 0.001889   progress : 0.186
name: models.architecture.block_type=simple
models.architecture.mamba_type=mamba
training.mode=rollout
models.out_dim=10    avg_loss: 0.000000019562  time_per_window : 0.001991   progress : 0.197
name: models.architecture.block_type=simple
models.architecture.mamba_type=mamba
training.mode=rollout
models.out_dim=10    avg_loss: 0.000000020961  time_per_window : 0.002002   progress : 0.208
name: models.architecture.block_type=simple
models.architecture.mamba_type=mamba
training.mode=rollout
models.out_dim=10    avg_loss: 0.000000019994  time_per_window : 0.001915   progress : 0.218
name: models.architecture.block_type=simple
models.architecture.mamba_type=mamba
training.mode=rollout
models.out_dim=10    avg_loss: 0.000000020447  time_per_window : 0.001978   progress : 0.229
name: models.architecture.block_type=simple
models.architecture.mamba_type=mamba
training.mode=rollout
models.out_dim=10    avg_loss: 0.000000021066  time_per_window : 0.002027   progress : 0.240
name: models.architecture.block_type=simple
models.architecture.mamba_type=mamba
training.mode=rollout
models.out_dim=10    avg_loss: 0.000000019669  time_per_window : 0.002014   progress : 0.251
name: models.architecture.block_type=simple
models.architecture.mamba_type=mamba
training.mode=rollout
models.out_dim=10    avg_loss: 0.000000020580  time_per_window : 0.001993   progress : 0.262
name: models.architecture.block_type=simple
models.architecture.mamba_type=mamba
training.mode=rollout
models.out_dim=10    avg_loss: 0.000000019572  time_per_window : 0.001962   progress : 0.273
name: models.architecture.block_type=simple
models.architecture.mamba_type=mamba
training.mode=rollout
models.out_dim=10    avg_loss: 0.000000019755  time_per_window : 0.001938   progress : 0.284
name: models.architecture.block_type=simple
models.architecture.mamba_type=mamba
training.mode=rollout
models.out_dim=10    avg_loss: 0.000000020446  time_per_window : 0.001571   progress : 0.295
name: models.architecture.block_type=simple
models.architecture.mamba_type=mamba
training.mode=rollout
models.out_dim=10    avg_loss: 0.000000018954  time_per_window : 0.001614   progress : 0.306
name: models.architecture.block_type=simple
models.architecture.mamba_type=mamba
training.mode=rollout
models.out_dim=10    avg_loss: 0.000000019005  time_per_window : 0.001616   progress : 0.317
name: models.architecture.block_type=simple
models.architecture.mamba_type=mamba
training.mode=rollout
models.out_dim=10    avg_loss: 0.000000019643  time_per_window : 0.001639   progress : 0.328
name: models.architecture.block_type=simple
models.architecture.mamba_type=mamba
training.mode=rollout
models.out_dim=10    avg_loss: 0.000000019953  time_per_window : 0.001561   progress : 0.339
name: models.architecture.block_type=simple
models.architecture.mamba_type=mamba
training.mode=rollout
models.out_dim=10    avg_loss: 0.000000019309  time_per_window : 0.001557   progress : 0.350
name: models.architecture.block_type=simple
models.architecture.mamba_type=mamba
training.mode=rollout
models.out_dim=10    avg_loss: 0.000000020826  time_per_window : 0.001612   progress : 0.360
name: models.architecture.block_type=simple
models.architecture.mamba_type=mamba
training.mode=rollout
models.out_dim=10    avg_loss: 0.000000018219  time_per_window : 0.001588   progress : 0.371
name: models.architecture.block_type=simple
models.architecture.mamba_type=mamba
training.mode=rollout
models.out_dim=10    avg_loss: 0.000000017367  time_per_window : 0.001610   progress : 0.382
name: models.architecture.block_type=simple
models.architecture.mamba_type=mamba
training.mode=rollout
models.out_dim=10    avg_loss: 0.000000018843  time_per_window : 0.001645   progress : 0.393
name: models.architecture.block_type=simple
models.architecture.mamba_type=mamba
training.mode=rollout
models.out_dim=10    avg_loss: 0.000000019104  time_per_window : 0.001632   progress : 0.404
name: models.architecture.block_type=simple
models.architecture.mamba_type=mamba
training.mode=rollout
models.out_dim=10    avg_loss: 0.000000018889  time_per_window : 0.001615   progress : 0.415
name: models.architecture.block_type=simple
models.architecture.mamba_type=mamba
training.mode=rollout
models.out_dim=10    avg_loss: 0.000000019032  time_per_window : 0.001596   progress : 0.426
name: models.architecture.block_type=simple
models.architecture.mamba_type=mamba
training.mode=rollout
models.out_dim=10    avg_loss: 0.000000017488  time_per_window : 0.001609   progress : 0.437
name: models.architecture.block_type=simple
models.architecture.mamba_type=mamba
training.mode=rollout
models.out_dim=10    avg_loss: 0.000000018311  time_per_window : 0.001594   progress : 0.448
name: models.architecture.block_type=simple
models.architecture.mamba_type=mamba
training.mode=rollout
models.out_dim=10    avg_loss: 0.000000019452  time_per_window : 0.001565   progress : 0.459
name: models.architecture.block_type=simple
models.architecture.mamba_type=mamba
training.mode=rollout
models.out_dim=10    avg_loss: 0.000000016170  time_per_window : 0.001593   progress : 0.470
name: models.architecture.block_type=simple
models.architecture.mamba_type=mamba
training.mode=rollout
models.out_dim=10    avg_loss: 0.000000016294  time_per_window : 0.001595   progress : 0.481
name: models.architecture.block_type=simple
models.architecture.mamba_type=mamba
training.mode=rollout
models.out_dim=10    avg_loss: 0.000000017982  time_per_window : 0.001540   progress : 0.492
name: models.architecture.block_type=simple
models.architecture.mamba_type=mamba
training.mode=rollout
models.out_dim=10    avg_loss: 0.000000017660  time_per_window : 0.001582   progress : 0.502
name: models.architecture.block_type=simple
models.architecture.mamba_type=mamba
training.mode=rollout
models.out_dim=10    avg_loss: 0.000000018588  time_per_window : 0.001633   progress : 0.513
name: models.architecture.block_type=simple
models.architecture.mamba_type=mamba
training.mode=rollout
models.out_dim=10    avg_loss: 0.000000017270  time_per_window : 0.001294   progress : 0.524
name: models.architecture.block_type=simple
models.architecture.mamba_type=mamba
training.mode=rollout
models.out_dim=10    avg_loss: 0.000000017432  time_per_window : 0.001250   progress : 0.535
name: models.architecture.block_type=simple
models.architecture.mamba_type=mamba
training.mode=rollout
models.out_dim=10    avg_loss: 0.000000018074  time_per_window : 0.001260   progress : 0.546
name: models.architecture.block_type=simple
models.architecture.mamba_type=mamba
training.mode=rollout
models.out_dim=10    avg_loss: 0.000000017654  time_per_window : 0.001307   progress : 0.557
name: models.architecture.block_type=simple
models.architecture.mamba_type=mamba
training.mode=rollout
models.out_dim=10    avg_loss: 0.000000017145  time_per_window : 0.001211   progress : 0.568
name: models.architecture.block_type=simple
models.architecture.mamba_type=mamba
training.mode=rollout
models.out_dim=10    avg_loss: 0.000000016532  time_per_window : 0.001274   progress : 0.579
name: models.architecture.block_type=simple
models.architecture.mamba_type=mamba
training.mode=rollout
models.out_dim=10    avg_loss: 0.000000017448  time_per_window : 0.001301   progress : 0.590
name: models.architecture.block_type=simple
models.architecture.mamba_type=mamba
training.mode=rollout
models.out_dim=10    avg_loss: 0.000000016930  time_per_window : 0.001307   progress : 0.601
name: models.architecture.block_type=simple
models.architecture.mamba_type=mamba
training.mode=rollout
models.out_dim=10    avg_loss: 0.000000016335  time_per_window : 0.001247   progress : 0.612
name: models.architecture.block_type=simple
models.architecture.mamba_type=mamba
training.mode=rollout
models.out_dim=10    avg_loss: 0.000000016726  time_per_window : 0.001234   progress : 0.623
name: models.architecture.block_type=simple
models.architecture.mamba_type=mamba
training.mode=rollout
models.out_dim=10    avg_loss: 0.000000019205  time_per_window : 0.001224   progress : 0.634
name: models.architecture.block_type=simple
models.architecture.mamba_type=mamba
training.mode=rollout
models.out_dim=10    avg_loss: 0.000000017589  time_per_window : 0.001301   progress : 0.644
name: models.architecture.block_type=simple
models.architecture.mamba_type=mamba
training.mode=rollout
models.out_dim=10    avg_loss: 0.000000015990  time_per_window : 0.001278   progress : 0.655
name: models.architecture.block_type=simple
models.architecture.mamba_type=mamba
training.mode=rollout
models.out_dim=10    avg_loss: 0.000000015955  time_per_window : 0.001286   progress : 0.666
name: models.architecture.block_type=simple
models.architecture.mamba_type=mamba
training.mode=rollout
models.out_dim=10    avg_loss: 0.000000016164  time_per_window : 0.001263   progress : 0.677
name: models.architecture.block_type=simple
models.architecture.mamba_type=mamba
training.mode=rollout
models.out_dim=10    avg_loss: 0.000000016554  time_per_window : 0.001295   progress : 0.688
name: models.architecture.block_type=simple
models.architecture.mamba_type=mamba
training.mode=rollout
models.out_dim=10    avg_loss: 0.000000016861  time_per_window : 0.001231   progress : 0.699
name: models.architecture.block_type=simple
models.architecture.mamba_type=mamba
training.mode=rollout
models.out_dim=10    avg_loss: 0.000000016816  time_per_window : 0.001272   progress : 0.710
name: models.architecture.block_type=simple
models.architecture.mamba_type=mamba
training.mode=rollout
models.out_dim=10    avg_loss: 0.000000015674  time_per_window : 0.001267   progress : 0.721
name: models.architecture.block_type=simple
models.architecture.mamba_type=mamba
training.mode=rollout
models.out_dim=10    avg_loss: 0.000000016364  time_per_window : 0.001237   progress : 0.732
name: models.architecture.block_type=simple
models.architecture.mamba_type=mamba
training.mode=rollout
models.out_dim=10    avg_loss: 0.000000015979  time_per_window : 0.001264   progress : 0.743
name: models.architecture.block_type=simple
models.architecture.mamba_type=mamba
training.mode=rollout
models.out_dim=10    avg_loss: 0.000000016194  time_per_window : 0.001189   progress : 0.754
name: models.architecture.block_type=simple
models.architecture.mamba_type=mamba
training.mode=rollout
models.out_dim=10    avg_loss: 0.000000015863  time_per_window : 0.001231   progress : 0.765
name: models.architecture.block_type=simple
models.architecture.mamba_type=mamba
training.mode=rollout
models.out_dim=10    avg_loss: 0.000000015807  time_per_window : 0.001250   progress : 0.775
name: models.architecture.block_type=simple
models.architecture.mamba_type=mamba
training.mode=rollout
models.out_dim=10    avg_loss: 0.000000016294  time_per_window : 0.001248   progress : 0.786
name: models.architecture.block_type=simple
models.architecture.mamba_type=mamba
training.mode=rollout
models.out_dim=10    avg_loss: 0.000000016692  time_per_window : 0.001290   progress : 0.797
name: models.architecture.block_type=simple
models.architecture.mamba_type=mamba
training.mode=rollout
models.out_dim=10    avg_loss: 0.000000015673  time_per_window : 0.001212   progress : 0.808
name: models.architecture.block_type=simple
models.architecture.mamba_type=mamba
training.mode=rollout
models.out_dim=10    avg_loss: 0.000000015911  time_per_window : 0.001261   progress : 0.819
name: models.architecture.block_type=simple
models.architecture.mamba_type=mamba
training.mode=rollout
models.out_dim=10    avg_loss: 0.000000017258  time_per_window : 0.001240   progress : 0.830
name: models.architecture.block_type=simple
models.architecture.mamba_type=mamba
training.mode=rollout
models.out_dim=10    avg_loss: 0.000000016437  time_per_window : 0.001255   progress : 0.841
name: models.architecture.block_type=simple
models.architecture.mamba_type=mamba
training.mode=rollout
models.out_dim=10    avg_loss: 0.000000016569  time_per_window : 0.001260   progress : 0.852
name: models.architecture.block_type=simple
models.architecture.mamba_type=mamba
training.mode=rollout
models.out_dim=10    avg_loss: 0.000000015388  time_per_window : 0.001340   progress : 0.863
name: models.architecture.block_type=simple
models.architecture.mamba_type=mamba
training.mode=rollout
models.out_dim=10    avg_loss: 0.000000015900  time_per_window : 0.001261   progress : 0.874
name: models.architecture.block_type=simple
models.architecture.mamba_type=mamba
training.mode=rollout
models.out_dim=10    avg_loss: 0.000000016064  time_per_window : 0.001291   progress : 0.885
name: models.architecture.block_type=simple
models.architecture.mamba_type=mamba
training.mode=rollout
models.out_dim=10    avg_loss: 0.000000015628  time_per_window : 0.001237   progress : 0.896
name: models.architecture.block_type=simple
models.architecture.mamba_type=mamba
training.mode=rollout
models.out_dim=10    avg_loss: 0.000000017428  time_per_window : 0.001254   progress : 0.907
name: models.architecture.block_type=simple
models.architecture.mamba_type=mamba
training.mode=rollout
models.out_dim=10    avg_loss: 0.000000015844  time_per_window : 0.001301   progress : 0.917
name: models.architecture.block_type=simple
models.architecture.mamba_type=mamba
training.mode=rollout
models.out_dim=10    avg_loss: 0.000000015770  time_per_window : 0.001323   progress : 0.928
name: models.architecture.block_type=simple
models.architecture.mamba_type=mamba
training.mode=rollout
models.out_dim=10    avg_loss: 0.000000015346  time_per_window : 0.001272   progress : 0.939
name: models.architecture.block_type=simple
models.architecture.mamba_type=mamba
training.mode=rollout
models.out_dim=10    avg_loss: 0.000000015872  time_per_window : 0.001251   progress : 0.950
name: models.architecture.block_type=simple
models.architecture.mamba_type=mamba
training.mode=rollout
models.out_dim=10    avg_loss: 0.000000015019  time_per_window : 0.001224   progress : 0.961
name: models.architecture.block_type=simple
models.architecture.mamba_type=mamba
training.mode=rollout
models.out_dim=10    avg_loss: 0.000000015191  time_per_window : 0.001200   progress : 0.972
name: models.architecture.block_type=simple
models.architecture.mamba_type=mamba
training.mode=rollout
models.out_dim=10    avg_loss: 0.000000016493  time_per_window : 0.001279   progress : 0.983
name: models.architecture.block_type=simple
models.architecture.mamba_type=mamba
training.mode=rollout
models.out_dim=10    avg_loss: 0.000000015487  time_per_window : 0.001247   progress : 0.994
name: models.architecture.block_type=simple
models.architecture.mamba_type=mamba
training.mode=rollout
models.out_dim=10    avg_loss: 0.000001953828  time_per_window : 0.001212   progress : 0.011
name: models.architecture.block_type=simple
models.architecture.mamba_type=mamba
training.mode=rollout
models.out_dim=10    avg_loss: 0.000000270850  time_per_window : 0.001261   progress : 0.022
name: models.architecture.block_type=simple
models.architecture.mamba_type=mamba
training.mode=rollout
models.out_dim=10    avg_loss: 0.000000070467  time_per_window : 0.001249   progress : 0.033
name: models.architecture.block_type=simple
models.architecture.mamba_type=mamba
training.mode=rollout
models.out_dim=10    avg_loss: 0.000000041814  time_per_window : 0.001216   progress : 0.044
name: models.architecture.block_type=simple
models.architecture.mamba_type=mamba
training.mode=rollout
models.out_dim=10    avg_loss: 0.000000036071  time_per_window : 0.001270   progress : 0.055
name: models.architecture.block_type=simple
models.architecture.mamba_type=mamba
training.mode=rollout
models.out_dim=10    avg_loss: 0.000000034245  time_per_window : 0.001244   progress : 0.066
name: models.architecture.block_type=simple
models.architecture.mamba_type=mamba
training.mode=rollout
models.out_dim=10    avg_loss: 0.000000031550  time_per_window : 0.001259   progress : 0.076
name: models.architecture.block_type=simple
models.architecture.mamba_type=mamba
training.mode=rollout
models.out_dim=10    avg_loss: 0.000000031930  time_per_window : 0.001343   progress : 0.087
name: models.architecture.block_type=simple
models.architecture.mamba_type=mamba
training.mode=rollout
models.out_dim=10    avg_loss: 0.000000031565  time_per_window : 0.001235   progress : 0.098
name: models.architecture.block_type=simple
models.architecture.mamba_type=mamba
training.mode=rollout
models.out_dim=10    avg_loss: 0.000000031088  time_per_window : 0.001319   progress : 0.109
name: models.architecture.block_type=simple
models.architecture.mamba_type=mamba
training.mode=rollout
models.out_dim=10    avg_loss: 0.000000030846  time_per_window : 0.001327   progress : 0.120
name: models.architecture.block_type=simple
models.architecture.mamba_type=mamba
training.mode=rollout
models.out_dim=10    avg_loss: 0.000000031112  time_per_window : 0.001289   progress : 0.131
name: models.architecture.block_type=simple
models.architecture.mamba_type=mamba
training.mode=rollout
models.out_dim=10    avg_loss: 0.000000030783  time_per_window : 0.001553   progress : 0.142
name: models.architecture.block_type=simple
models.architecture.mamba_type=mamba
training.mode=rollout
models.out_dim=10    avg_loss: 0.000000030722  time_per_window : 0.001568   progress : 0.153
name: models.architecture.block_type=simple
models.architecture.mamba_type=mamba
training.mode=rollout
models.out_dim=10    avg_loss: 0.000000030349  time_per_window : 0.001655   progress : 0.164
name: models.architecture.block_type=simple
models.architecture.mamba_type=mamba
training.mode=rollout
models.out_dim=10    avg_loss: 0.000000030077  time_per_window : 0.001572   progress : 0.175
name: models.architecture.block_type=simple
models.architecture.mamba_type=mamba
training.mode=rollout
models.out_dim=10    avg_loss: 0.000000030840  time_per_window : 0.001549   progress : 0.186
name: models.architecture.block_type=simple
models.architecture.mamba_type=mamba
training.mode=rollout
models.out_dim=10    avg_loss: 0.000000031346  time_per_window : 0.001664   progress : 0.197
name: models.architecture.block_type=simple
models.architecture.mamba_type=mamba
training.mode=rollout
models.out_dim=10    avg_loss: 0.000000032808  time_per_window : 0.001529   progress : 0.208
name: models.architecture.block_type=simple
models.architecture.mamba_type=mamba
training.mode=rollout
models.out_dim=10    avg_loss: 0.000000032345  time_per_window : 0.001578   progress : 0.218
name: models.architecture.block_type=simple
models.architecture.mamba_type=mamba
training.mode=rollout
models.out_dim=10    avg_loss: 0.000000030943  time_per_window : 0.001638   progress : 0.229
name: models.architecture.block_type=simple
models.architecture.mamba_type=mamba
training.mode=rollout
models.out_dim=10    avg_loss: 0.000000032856  time_per_window : 0.001599   progress : 0.240
name: models.architecture.block_type=simple
models.architecture.mamba_type=mamba
training.mode=rollout
models.out_dim=10    avg_loss: 0.000000033053  time_per_window : 0.001600   progress : 0.251
name: models.architecture.block_type=simple
models.architecture.mamba_type=mamba
training.mode=rollout
models.out_dim=10    avg_loss: 0.000000032633  time_per_window : 0.001599   progress : 0.262
name: models.architecture.block_type=simple
models.architecture.mamba_type=mamba
training.mode=rollout
models.out_dim=10    avg_loss: 0.000000033063  time_per_window : 0.001572   progress : 0.273
name: models.architecture.block_type=simple
models.architecture.mamba_type=mamba
training.mode=rollout
models.out_dim=10    avg_loss: 0.000000035766  time_per_window : 0.001616   progress : 0.284
name: models.architecture.block_type=simple
models.architecture.mamba_type=mamba
training.mode=rollout
models.out_dim=10    avg_loss: 0.000000031642  time_per_window : 0.001443   progress : 0.295
name: models.architecture.block_type=simple
models.architecture.mamba_type=mamba
training.mode=rollout
models.out_dim=10    avg_loss: 0.000000037640  time_per_window : 0.001159   progress : 0.306
name: models.architecture.block_type=simple
models.architecture.mamba_type=mamba
training.mode=rollout
models.out_dim=10    avg_loss: 0.000000029648  time_per_window : 0.001121   progress : 0.317
name: models.architecture.block_type=simple
models.architecture.mamba_type=mamba
training.mode=rollout
models.out_dim=10    avg_loss: 0.000000031591  time_per_window : 0.001181   progress : 0.328
name: models.architecture.block_type=simple
models.architecture.mamba_type=mamba
training.mode=rollout
models.out_dim=10    avg_loss: 0.000000034293  time_per_window : 0.001257   progress : 0.339
name: models.architecture.block_type=simple
models.architecture.mamba_type=mamba
training.mode=rollout
models.out_dim=10    avg_loss: 0.000000035480  time_per_window : 0.001247   progress : 0.350
name: models.architecture.block_type=simple
models.architecture.mamba_type=mamba
training.mode=rollout
models.out_dim=10    avg_loss: 0.000000031008  time_per_window : 0.001189   progress : 0.360
name: models.architecture.block_type=simple
models.architecture.mamba_type=mamba
training.mode=rollout
models.out_dim=10    avg_loss: 0.000000033218  time_per_window : 0.001138   progress : 0.371
name: models.architecture.block_type=simple
models.architecture.mamba_type=mamba
training.mode=rollout
models.out_dim=10    avg_loss: 0.000000032993  time_per_window : 0.001065   progress : 0.382
name: models.architecture.block_type=simple
models.architecture.mamba_type=mamba
training.mode=rollout
models.out_dim=10    avg_loss: 0.000000035494  time_per_window : 0.001069   progress : 0.393
name: models.architecture.block_type=simple
models.architecture.mamba_type=mamba
training.mode=rollout
models.out_dim=10    avg_loss: 0.000000032957  time_per_window : 0.001263   progress : 0.404
name: models.architecture.block_type=simple
models.architecture.mamba_type=mamba
training.mode=rollout
models.out_dim=10    avg_loss: 0.000000033795  time_per_window : 0.001179   progress : 0.415
name: models.architecture.block_type=simple
models.architecture.mamba_type=mamba
training.mode=rollout
models.out_dim=10    avg_loss: 0.000000035892  time_per_window : 0.001105   progress : 0.426
name: models.architecture.block_type=simple
models.architecture.mamba_type=mamba
training.mode=rollout
models.out_dim=10    avg_loss: 0.000000031240  time_per_window : 0.001114   progress : 0.437
name: models.architecture.block_type=simple
models.architecture.mamba_type=mamba
training.mode=rollout
models.out_dim=10    avg_loss: 0.000000036496  time_per_window : 0.001221   progress : 0.448
name: models.architecture.block_type=simple
models.architecture.mamba_type=mamba
training.mode=rollout
models.out_dim=10    avg_loss: 0.000000029550  time_per_window : 0.001215   progress : 0.459
name: models.architecture.block_type=simple
models.architecture.mamba_type=mamba
training.mode=rollout
models.out_dim=10    avg_loss: 0.000000033034  time_per_window : 0.001116   progress : 0.470
name: models.architecture.block_type=simple
models.architecture.mamba_type=mamba
training.mode=rollout
models.out_dim=10    avg_loss: 0.000000034016  time_per_window : 0.001193   progress : 0.481
name: models.architecture.block_type=simple
models.architecture.mamba_type=mamba
training.mode=rollout
models.out_dim=10    avg_loss: 0.000000031917  time_per_window : 0.001231   progress : 0.492
name: models.architecture.block_type=simple
models.architecture.mamba_type=mamba
training.mode=rollout
models.out_dim=10    avg_loss: 0.000000032871  time_per_window : 0.001202   progress : 0.502
name: models.architecture.block_type=simple
models.architecture.mamba_type=mamba
training.mode=rollout
models.out_dim=10    avg_loss: 0.000000033070  time_per_window : 0.001210   progress : 0.513
name: models.architecture.block_type=simple
models.architecture.mamba_type=mamba
training.mode=rollout
models.out_dim=10    avg_loss: 0.000000036576  time_per_window : 0.001147   progress : 0.524
name: models.architecture.block_type=simple
models.architecture.mamba_type=mamba
training.mode=rollout
models.out_dim=10    avg_loss: 0.000000030946  time_per_window : 0.001381   progress : 0.535
name: models.architecture.block_type=simple
models.architecture.mamba_type=mamba
training.mode=rollout
models.out_dim=10    avg_loss: 0.000000033274  time_per_window : 0.001119   progress : 0.546
name: models.architecture.block_type=simple
models.architecture.mamba_type=mamba
training.mode=rollout
models.out_dim=10    avg_loss: 0.000000033703  time_per_window : 0.001112   progress : 0.557
name: models.architecture.block_type=simple
models.architecture.mamba_type=mamba
training.mode=rollout
models.out_dim=10    avg_loss: 0.000000032168  time_per_window : 0.001171   progress : 0.568
name: models.architecture.block_type=simple
models.architecture.mamba_type=mamba
training.mode=rollout
models.out_dim=10    avg_loss: 0.000000031266  time_per_window : 0.001081   progress : 0.579
name: models.architecture.block_type=simple
models.architecture.mamba_type=mamba
training.mode=rollout
models.out_dim=10    avg_loss: 0.000000031193  time_per_window : 0.001166   progress : 0.590
name: models.architecture.block_type=simple
models.architecture.mamba_type=mamba
training.mode=rollout
models.out_dim=10    avg_loss: 0.000000030744  time_per_window : 0.001222   progress : 0.601
name: models.architecture.block_type=simple
models.architecture.mamba_type=mamba
training.mode=rollout
models.out_dim=10    avg_loss: 0.000000030460  time_per_window : 0.001266   progress : 0.612
name: models.architecture.block_type=simple
models.architecture.mamba_type=mamba
training.mode=rollout
models.out_dim=10    avg_loss: 0.000000031007  time_per_window : 0.001269   progress : 0.623
name: models.architecture.block_type=simple
models.architecture.mamba_type=mamba
training.mode=rollout
models.out_dim=10    avg_loss: 0.000000037349  time_per_window : 0.001092   progress : 0.634
name: models.architecture.block_type=simple
models.architecture.mamba_type=mamba
training.mode=rollout
models.out_dim=10    avg_loss: 0.000000030618  time_per_window : 0.001196   progress : 0.644
name: models.architecture.block_type=simple
models.architecture.mamba_type=mamba
training.mode=rollout
models.out_dim=10    avg_loss: 0.000000029739  time_per_window : 0.001243   progress : 0.655
name: models.architecture.block_type=simple
models.architecture.mamba_type=mamba
training.mode=rollout
models.out_dim=10    avg_loss: 0.000000027481  time_per_window : 0.001133   progress : 0.666
name: models.architecture.block_type=simple
models.architecture.mamba_type=mamba
training.mode=rollout
models.out_dim=10    avg_loss: 0.000000029569  time_per_window : 0.001136   progress : 0.677
name: models.architecture.block_type=simple
models.architecture.mamba_type=mamba
training.mode=rollout
models.out_dim=10    avg_loss: 0.000000028728  time_per_window : 0.001193   progress : 0.688
name: models.architecture.block_type=simple
models.architecture.mamba_type=mamba
training.mode=rollout
models.out_dim=10    avg_loss: 0.000000030981  time_per_window : 0.001197   progress : 0.699
name: models.architecture.block_type=simple
models.architecture.mamba_type=mamba
training.mode=rollout
models.out_dim=10    avg_loss: 0.000000030964  time_per_window : 0.001226   progress : 0.710
name: models.architecture.block_type=simple
models.architecture.mamba_type=mamba
training.mode=rollout
models.out_dim=10    avg_loss: 0.000000031304  time_per_window : 0.001151   progress : 0.721
name: models.architecture.block_type=simple
models.architecture.mamba_type=mamba
training.mode=rollout
models.out_dim=10    avg_loss: 0.000000029574  time_per_window : 0.001257   progress : 0.732
name: models.architecture.block_type=simple
models.architecture.mamba_type=mamba
training.mode=rollout
models.out_dim=10    avg_loss: 0.000000032394  time_per_window : 0.001213   progress : 0.743
name: models.architecture.block_type=simple
models.architecture.mamba_type=mamba
training.mode=rollout
models.out_dim=10    avg_loss: 0.000000031076  time_per_window : 0.001149   progress : 0.754
name: models.architecture.block_type=simple
models.architecture.mamba_type=mamba
training.mode=rollout
models.out_dim=10    avg_loss: 0.000000030071  time_per_window : 0.001224   progress : 0.765
name: models.architecture.block_type=simple
models.architecture.mamba_type=mamba
training.mode=rollout
models.out_dim=10    avg_loss: 0.000000032156  time_per_window : 0.001246   progress : 0.775
name: models.architecture.block_type=simple
models.architecture.mamba_type=mamba
training.mode=rollout
models.out_dim=10    avg_loss: 0.000000034678  time_per_window : 0.001229   progress : 0.786
name: models.architecture.block_type=simple
models.architecture.mamba_type=mamba
training.mode=rollout
models.out_dim=10    avg_loss: 0.000000027573  time_per_window : 0.001251   progress : 0.797
name: models.architecture.block_type=simple
models.architecture.mamba_type=mamba
training.mode=rollout
models.out_dim=10    avg_loss: 0.000000028380  time_per_window : 0.001203   progress : 0.808
name: models.architecture.block_type=simple
models.architecture.mamba_type=mamba
training.mode=rollout
models.out_dim=10    avg_loss: 0.000000028340  time_per_window : 0.001221   progress : 0.819
name: models.architecture.block_type=simple
models.architecture.mamba_type=mamba
training.mode=rollout
models.out_dim=10    avg_loss: 0.000000029285  time_per_window : 0.001119   progress : 0.830
name: models.architecture.block_type=simple
models.architecture.mamba_type=mamba
training.mode=rollout
models.out_dim=10    avg_loss: 0.000000031477  time_per_window : 0.001212   progress : 0.841
name: models.architecture.block_type=simple
models.architecture.mamba_type=mamba
training.mode=rollout
models.out_dim=10    avg_loss: 0.000000030250  time_per_window : 0.001240   progress : 0.852
name: models.architecture.block_type=simple
models.architecture.mamba_type=mamba
training.mode=rollout
models.out_dim=10    avg_loss: 0.000000034579  time_per_window : 0.001236   progress : 0.863
name: models.architecture.block_type=simple
models.architecture.mamba_type=mamba
training.mode=rollout
models.out_dim=10    avg_loss: 0.000000029134  time_per_window : 0.001245   progress : 0.874
name: models.architecture.block_type=simple
models.architecture.mamba_type=mamba
training.mode=rollout
models.out_dim=10    avg_loss: 0.000000030196  time_per_window : 0.001076   progress : 0.885
name: models.architecture.block_type=simple
models.architecture.mamba_type=mamba
training.mode=rollout
models.out_dim=10    avg_loss: 0.000000028537  time_per_window : 0.001245   progress : 0.896
name: models.architecture.block_type=simple
models.architecture.mamba_type=mamba
training.mode=rollout
models.out_dim=10    avg_loss: 0.000000029317  time_per_window : 0.001261   progress : 0.907
name: models.architecture.block_type=simple
models.architecture.mamba_type=mamba
training.mode=rollout
models.out_dim=10    avg_loss: 0.000000028027  time_per_window : 0.001215   progress : 0.917
name: models.architecture.block_type=simple
models.architecture.mamba_type=mamba
training.mode=rollout
models.out_dim=10    avg_loss: 0.000000029379  time_per_window : 0.001095   progress : 0.928
name: models.architecture.block_type=simple
models.architecture.mamba_type=mamba
training.mode=rollout
models.out_dim=10    avg_loss: 0.000000029268  time_per_window : 0.001142   progress : 0.939
name: models.architecture.block_type=simple
models.architecture.mamba_type=mamba
training.mode=rollout
models.out_dim=10    avg_loss: 0.000000028478  time_per_window : 0.001232   progress : 0.950
name: models.architecture.block_type=simple
models.architecture.mamba_type=mamba
training.mode=rollout
models.out_dim=10    avg_loss: 0.000000029059  time_per_window : 0.001065   progress : 0.961
name: models.architecture.block_type=simple
models.architecture.mamba_type=mamba
training.mode=rollout
models.out_dim=10    avg_loss: 0.000000030868  time_per_window : 0.001250   progress : 0.972
name: models.architecture.block_type=simple
models.architecture.mamba_type=mamba
training.mode=rollout
models.out_dim=10    avg_loss: 0.000000028731  time_per_window : 0.001088   progress : 0.983
name: models.architecture.block_type=simple
models.architecture.mamba_type=mamba
training.mode=rollout
models.out_dim=10    avg_loss: 0.000000028291  time_per_window : 0.001230   progress : 0.994
name: models.architecture.block_type=simple
models.architecture.mamba_type=mamba
training.mode=rollout
models.out_dim=10    avg_loss: 0.000025446077  time_per_window : 0.001233   progress : 0.011
name: models.architecture.block_type=simple
models.architecture.mamba_type=mamba
training.mode=rollout
models.out_dim=10    avg_loss: 0.000006013134  time_per_window : 0.001189   progress : 0.022
name: models.architecture.block_type=simple
models.architecture.mamba_type=mamba
training.mode=rollout
models.out_dim=10    avg_loss: 0.000001579786  time_per_window : 0.001217   progress : 0.033
name: models.architecture.block_type=simple
models.architecture.mamba_type=mamba
training.mode=rollout
models.out_dim=10    avg_loss: 0.000000551128  time_per_window : 0.000953   progress : 0.044
name: models.architecture.block_type=simple
models.architecture.mamba_type=mamba
training.mode=rollout
models.out_dim=10    avg_loss: 0.000000475467  time_per_window : 0.000986   progress : 0.055
name: models.architecture.block_type=simple
models.architecture.mamba_type=mamba
training.mode=rollout
models.out_dim=10    avg_loss: 0.000000365561  time_per_window : 0.001206   progress : 0.066
name: models.architecture.block_type=simple
models.architecture.mamba_type=mamba
training.mode=rollout
models.out_dim=10    avg_loss: 0.000000317324  time_per_window : 0.001283   progress : 0.076
name: models.architecture.block_type=simple
models.architecture.mamba_type=mamba
training.mode=rollout
models.out_dim=10    avg_loss: 0.000000312243  time_per_window : 0.000994   progress : 0.087
name: models.architecture.block_type=simple
models.architecture.mamba_type=mamba
training.mode=rollout
models.out_dim=10    avg_loss: 0.000000257240  time_per_window : 0.001153   progress : 0.098
name: models.architecture.block_type=simple
models.architecture.mamba_type=mamba
training.mode=rollout
models.out_dim=10    avg_loss: 0.000000232794  time_per_window : 0.001286   progress : 0.109
name: models.architecture.block_type=simple
models.architecture.mamba_type=mamba
training.mode=rollout
models.out_dim=10    avg_loss: 0.000000309326  time_per_window : 0.001188   progress : 0.120
name: models.architecture.block_type=simple
models.architecture.mamba_type=mamba
training.mode=rollout
models.out_dim=10    avg_loss: 0.000000233263  time_per_window : 0.001265   progress : 0.131
name: models.architecture.block_type=simple
models.architecture.mamba_type=mamba
training.mode=rollout
models.out_dim=10    avg_loss: 0.000000258801  time_per_window : 0.001279   progress : 0.142
name: models.architecture.block_type=simple
models.architecture.mamba_type=mamba
training.mode=rollout
models.out_dim=10    avg_loss: 0.000000268947  time_per_window : 0.001276   progress : 0.153
name: models.architecture.block_type=simple
models.architecture.mamba_type=mamba
training.mode=rollout
models.out_dim=10    avg_loss: 0.000000251920  time_per_window : 0.001255   progress : 0.164
name: models.architecture.block_type=simple
models.architecture.mamba_type=mamba
training.mode=rollout
models.out_dim=10    avg_loss: 0.000000259683  time_per_window : 0.001257   progress : 0.175
name: models.architecture.block_type=simple
models.architecture.mamba_type=mamba
training.mode=rollout
models.out_dim=10    avg_loss: 0.000000230715  time_per_window : 0.001280   progress : 0.186
name: models.architecture.block_type=simple
models.architecture.mamba_type=mamba
training.mode=rollout
models.out_dim=10    avg_loss: 0.000000254807  time_per_window : 0.001248   progress : 0.197
name: models.architecture.block_type=simple
models.architecture.mamba_type=mamba
training.mode=rollout
models.out_dim=10    avg_loss: 0.000000310987  time_per_window : 0.001278   progress : 0.208
name: models.architecture.block_type=simple
models.architecture.mamba_type=mamba
training.mode=rollout
models.out_dim=10    avg_loss: 0.000000311691  time_per_window : 0.001282   progress : 0.218
name: models.architecture.block_type=simple
models.architecture.mamba_type=mamba
training.mode=rollout
models.out_dim=10    avg_loss: 0.000000298831  time_per_window : 0.001237   progress : 0.229
name: models.architecture.block_type=simple
models.architecture.mamba_type=mamba
training.mode=rollout
models.out_dim=10    avg_loss: 0.000000278788  time_per_window : 0.001190   progress : 0.240
name: models.architecture.block_type=simple
models.architecture.mamba_type=mamba
training.mode=rollout
models.out_dim=10    avg_loss: 0.000000278540  time_per_window : 0.001274   progress : 0.251
name: models.architecture.block_type=simple
models.architecture.mamba_type=mamba
training.mode=rollout
models.out_dim=10    avg_loss: 0.000000340025  time_per_window : 0.001267   progress : 0.262
name: models.architecture.block_type=simple
models.architecture.mamba_type=mamba
training.mode=rollout
models.out_dim=10    avg_loss: 0.000000248297  time_per_window : 0.001280   progress : 0.273
name: models.architecture.block_type=simple
models.architecture.mamba_type=mamba
training.mode=rollout
models.out_dim=10    avg_loss: 0.000000333089  time_per_window : 0.001280   progress : 0.284
name: models.architecture.block_type=simple
models.architecture.mamba_type=mamba
training.mode=rollout
models.out_dim=10    avg_loss: 0.000000320404  time_per_window : 0.001192   progress : 0.295
name: models.architecture.block_type=simple
models.architecture.mamba_type=mamba
training.mode=rollout
models.out_dim=10    avg_loss: 0.000000332414  time_per_window : 0.001237   progress : 0.306
name: models.architecture.block_type=simple
models.architecture.mamba_type=mamba
training.mode=rollout
models.out_dim=10    avg_loss: 0.000000282621  time_per_window : 0.001254   progress : 0.317
name: models.architecture.block_type=simple
models.architecture.mamba_type=mamba
training.mode=rollout
models.out_dim=10    avg_loss: 0.000000294055  time_per_window : 0.001217   progress : 0.328
name: models.architecture.block_type=simple
models.architecture.mamba_type=mamba
training.mode=rollout
models.out_dim=10    avg_loss: 0.000000307979  time_per_window : 0.001298   progress : 0.339
name: models.architecture.block_type=simple
models.architecture.mamba_type=mamba
training.mode=rollout
models.out_dim=10    avg_loss: 0.000000333520  time_per_window : 0.001162   progress : 0.350
name: models.architecture.block_type=simple
models.architecture.mamba_type=mamba
training.mode=rollout
models.out_dim=10    avg_loss: 0.000000333707  time_per_window : 0.001284   progress : 0.360
name: models.architecture.block_type=simple
models.architecture.mamba_type=mamba
training.mode=rollout
models.out_dim=10    avg_loss: 0.000000285125  time_per_window : 0.001293   progress : 0.371
name: models.architecture.block_type=simple
models.architecture.mamba_type=mamba
training.mode=rollout
models.out_dim=10    avg_loss: 0.000000307028  time_per_window : 0.001264   progress : 0.382
name: models.architecture.block_type=simple
models.architecture.mamba_type=mamba
training.mode=rollout
models.out_dim=10    avg_loss: 0.000000315600  time_per_window : 0.001182   progress : 0.393
name: models.architecture.block_type=simple
models.architecture.mamba_type=mamba
training.mode=rollout
models.out_dim=10    avg_loss: 0.000000287619  time_per_window : 0.001273   progress : 0.404
name: models.architecture.block_type=simple
models.architecture.mamba_type=mamba
training.mode=rollout
models.out_dim=10    avg_loss: 0.000000281224  time_per_window : 0.001235   progress : 0.415
name: models.architecture.block_type=simple
models.architecture.mamba_type=mamba
training.mode=rollout
models.out_dim=10    avg_loss: 0.000000272016  time_per_window : 0.001248   progress : 0.426
name: models.architecture.block_type=simple
models.architecture.mamba_type=mamba
training.mode=rollout
models.out_dim=10    avg_loss: 0.000000360091  time_per_window : 0.001255   progress : 0.437
name: models.architecture.block_type=simple
models.architecture.mamba_type=mamba
training.mode=rollout
models.out_dim=10    avg_loss: 0.000000321223  time_per_window : 0.001211   progress : 0.448
name: models.architecture.block_type=simple
models.architecture.mamba_type=mamba
training.mode=rollout
models.out_dim=10    avg_loss: 0.000000297097  time_per_window : 0.001224   progress : 0.459
name: models.architecture.block_type=simple
models.architecture.mamba_type=mamba
training.mode=rollout
models.out_dim=10    avg_loss: 0.000000309056  time_per_window : 0.001122   progress : 0.470
name: models.architecture.block_type=simple
models.architecture.mamba_type=mamba
training.mode=rollout
models.out_dim=10    avg_loss: 0.000000285450  time_per_window : 0.001160   progress : 0.481
name: models.architecture.block_type=simple
models.architecture.mamba_type=mamba
training.mode=rollout
models.out_dim=10    avg_loss: 0.000000331683  time_per_window : 0.001253   progress : 0.492
name: models.architecture.block_type=simple
models.architecture.mamba_type=mamba
training.mode=rollout
models.out_dim=10    avg_loss: 0.000000287698  time_per_window : 0.001267   progress : 0.502
name: models.architecture.block_type=simple
models.architecture.mamba_type=mamba
training.mode=rollout
models.out_dim=10    avg_loss: 0.000000328932  time_per_window : 0.001189   progress : 0.513
name: models.architecture.block_type=simple
models.architecture.mamba_type=mamba
training.mode=rollout
models.out_dim=10    avg_loss: 0.000000316332  time_per_window : 0.001128   progress : 0.524
name: models.architecture.block_type=simple
models.architecture.mamba_type=mamba
training.mode=rollout
models.out_dim=10    avg_loss: 0.000000336684  time_per_window : 0.001073   progress : 0.535
name: models.architecture.block_type=simple
models.architecture.mamba_type=mamba
training.mode=rollout
models.out_dim=10    avg_loss: 0.000000291637  time_per_window : 0.001288   progress : 0.546
name: models.architecture.block_type=simple
models.architecture.mamba_type=mamba
training.mode=rollout
models.out_dim=10    avg_loss: 0.000000284865  time_per_window : 0.001280   progress : 0.557
name: models.architecture.block_type=simple
models.architecture.mamba_type=mamba
training.mode=rollout
models.out_dim=10    avg_loss: 0.000000267178  time_per_window : 0.001102   progress : 0.568
name: models.architecture.block_type=simple
models.architecture.mamba_type=mamba
training.mode=rollout
models.out_dim=10    avg_loss: 0.000000334264  time_per_window : 0.001089   progress : 0.579
name: models.architecture.block_type=simple
models.architecture.mamba_type=mamba
training.mode=rollout
models.out_dim=10    avg_loss: 0.000000359948  time_per_window : 0.001112   progress : 0.590
name: models.architecture.block_type=simple
models.architecture.mamba_type=mamba
training.mode=rollout
models.out_dim=10    avg_loss: 0.000000265059  time_per_window : 0.001271   progress : 0.601
name: models.architecture.block_type=simple
models.architecture.mamba_type=mamba
training.mode=rollout
models.out_dim=10    avg_loss: 0.000000242366  time_per_window : 0.001210   progress : 0.612
name: models.architecture.block_type=simple
models.architecture.mamba_type=mamba
training.mode=rollout
models.out_dim=10    avg_loss: 0.000000302480  time_per_window : 0.001271   progress : 0.623
name: models.architecture.block_type=simple
models.architecture.mamba_type=mamba
training.mode=rollout
models.out_dim=10    avg_loss: 0.000000321958  time_per_window : 0.001267   progress : 0.634
name: models.architecture.block_type=simple
models.architecture.mamba_type=mamba
training.mode=rollout
models.out_dim=10    avg_loss: 0.000000239015  time_per_window : 0.001280   progress : 0.644
name: models.architecture.block_type=simple
models.architecture.mamba_type=mamba
training.mode=rollout
models.out_dim=10    avg_loss: 0.000000265894  time_per_window : 0.001256   progress : 0.655
name: models.architecture.block_type=simple
models.architecture.mamba_type=mamba
training.mode=rollout
models.out_dim=10    avg_loss: 0.000000337167  time_per_window : 0.001181   progress : 0.666
name: models.architecture.block_type=simple
models.architecture.mamba_type=mamba
training.mode=rollout
models.out_dim=10    avg_loss: 0.000000324505  time_per_window : 0.001233   progress : 0.677
name: models.architecture.block_type=simple
models.architecture.mamba_type=mamba
training.mode=rollout
models.out_dim=10    avg_loss: 0.000000262867  time_per_window : 0.001305   progress : 0.688
name: models.architecture.block_type=simple
models.architecture.mamba_type=mamba
training.mode=rollout
models.out_dim=10    avg_loss: 0.000000277376  time_per_window : 0.001133   progress : 0.699
name: models.architecture.block_type=simple
models.architecture.mamba_type=mamba
training.mode=rollout
models.out_dim=10    avg_loss: 0.000000231968  time_per_window : 0.001278   progress : 0.710
name: models.architecture.block_type=simple
models.architecture.mamba_type=mamba
training.mode=rollout
models.out_dim=10    avg_loss: 0.000000251551  time_per_window : 0.001262   progress : 0.721
name: models.architecture.block_type=simple
models.architecture.mamba_type=mamba
training.mode=rollout
models.out_dim=10    avg_loss: 0.000000318042  time_per_window : 0.001247   progress : 0.732
name: models.architecture.block_type=simple
models.architecture.mamba_type=mamba
training.mode=rollout
models.out_dim=10    avg_loss: 0.000000263154  time_per_window : 0.001251   progress : 0.743
name: models.architecture.block_type=simple
models.architecture.mamba_type=mamba
training.mode=rollout
models.out_dim=10    avg_loss: 0.000000314997  time_per_window : 0.001266   progress : 0.754
name: models.architecture.block_type=simple
models.architecture.mamba_type=mamba
training.mode=rollout
models.out_dim=10    avg_loss: 0.000000258724  time_per_window : 0.001204   progress : 0.765
name: models.architecture.block_type=simple
models.architecture.mamba_type=mamba
training.mode=rollout
models.out_dim=10    avg_loss: 0.000000282585  time_per_window : 0.001207   progress : 0.775
name: models.architecture.block_type=simple
models.architecture.mamba_type=mamba
training.mode=rollout
models.out_dim=10    avg_loss: 0.000000392753  time_per_window : 0.001316   progress : 0.786
name: models.architecture.block_type=simple
models.architecture.mamba_type=mamba
training.mode=rollout
models.out_dim=10    avg_loss: 0.000000265758  time_per_window : 0.001298   progress : 0.797
name: models.architecture.block_type=simple
models.architecture.mamba_type=mamba
training.mode=rollout
models.out_dim=10    avg_loss: 0.000000276296  time_per_window : 0.001192   progress : 0.808
name: models.architecture.block_type=simple
models.architecture.mamba_type=mamba
training.mode=rollout
models.out_dim=10    avg_loss: 0.000000350015  time_per_window : 0.001289   progress : 0.819
name: models.architecture.block_type=simple
models.architecture.mamba_type=mamba
training.mode=rollout
models.out_dim=10    avg_loss: 0.000000264347  time_per_window : 0.001290   progress : 0.830
name: models.architecture.block_type=simple
models.architecture.mamba_type=mamba
training.mode=rollout
models.out_dim=10    avg_loss: 0.000000247309  time_per_window : 0.001265   progress : 0.841
name: models.architecture.block_type=simple
models.architecture.mamba_type=mamba
training.mode=rollout
models.out_dim=10    avg_loss: 0.000000258984  time_per_window : 0.001151   progress : 0.852
name: models.architecture.block_type=simple
models.architecture.mamba_type=mamba
training.mode=rollout
models.out_dim=10    avg_loss: 0.000000240166  time_per_window : 0.001289   progress : 0.863
name: models.architecture.block_type=simple
models.architecture.mamba_type=mamba
training.mode=rollout
models.out_dim=10    avg_loss: 0.000000275039  time_per_window : 0.001213   progress : 0.874
name: models.architecture.block_type=simple
models.architecture.mamba_type=mamba
training.mode=rollout
models.out_dim=10    avg_loss: 0.000000264756  time_per_window : 0.001231   progress : 0.885
name: models.architecture.block_type=simple
models.architecture.mamba_type=mamba
training.mode=rollout
models.out_dim=10    avg_loss: 0.000000285476  time_per_window : 0.001285   progress : 0.896
name: models.architecture.block_type=simple
models.architecture.mamba_type=mamba
training.mode=rollout
models.out_dim=10    avg_loss: 0.000000259397  time_per_window : 0.001228   progress : 0.907
name: models.architecture.block_type=simple
models.architecture.mamba_type=mamba
training.mode=rollout
models.out_dim=10    avg_loss: 0.000000268285  time_per_window : 0.001283   progress : 0.917
name: models.architecture.block_type=simple
models.architecture.mamba_type=mamba
training.mode=rollout
models.out_dim=10    avg_loss: 0.000000227459  time_per_window : 0.001118   progress : 0.928
name: models.architecture.block_type=simple
models.architecture.mamba_type=mamba
training.mode=rollout
models.out_dim=10    avg_loss: 0.000000250657  time_per_window : 0.001299   progress : 0.939
name: models.architecture.block_type=simple
models.architecture.mamba_type=mamba
training.mode=rollout
models.out_dim=10    avg_loss: 0.000000317188  time_per_window : 0.001200   progress : 0.950
name: models.architecture.block_type=simple
models.architecture.mamba_type=mamba
training.mode=rollout
models.out_dim=10    avg_loss: 0.000000268670  time_per_window : 0.001277   progress : 0.961
name: models.architecture.block_type=simple
models.architecture.mamba_type=mamba
training.mode=rollout
models.out_dim=10    avg_loss: 0.000000360440  time_per_window : 0.001280   progress : 0.972
name: models.architecture.block_type=simple
models.architecture.mamba_type=mamba
training.mode=rollout
models.out_dim=10    avg_loss: 0.000000304613  time_per_window : 0.001328   progress : 0.983
name: models.architecture.block_type=simple
models.architecture.mamba_type=mamba
training.mode=rollout
models.out_dim=10    avg_loss: 0.000000236867  time_per_window : 0.001235   progress : 0.994
name: models.architecture.block_type=simple
models.architecture.mamba_type=mamba
training.mode=rollout
models.out_dim=10    avg_loss: 0.000006703443  time_per_window : 0.001286   progress : 0.011
name: models.architecture.block_type=simple
models.architecture.mamba_type=mamba
training.mode=rollout
models.out_dim=10    avg_loss: 0.000000273193  time_per_window : 0.001067   progress : 0.022
name: models.architecture.block_type=simple
models.architecture.mamba_type=mamba
training.mode=rollout
models.out_dim=10    avg_loss: 0.000000283050  time_per_window : 0.001242   progress : 0.033
name: models.architecture.block_type=simple
models.architecture.mamba_type=mamba
training.mode=rollout
models.out_dim=10    avg_loss: 0.000000313729  time_per_window : 0.001147   progress : 0.044
name: models.architecture.block_type=simple
models.architecture.mamba_type=mamba
training.mode=rollout
models.out_dim=10    avg_loss: 0.000000331570  time_per_window : 0.001187   progress : 0.055
name: models.architecture.block_type=simple
models.architecture.mamba_type=mamba
training.mode=rollout
models.out_dim=10    avg_loss: 0.000000319724  time_per_window : 0.001316   progress : 0.066
name: models.architecture.block_type=simple
models.architecture.mamba_type=mamba
training.mode=rollout
models.out_dim=10    avg_loss: 0.000000324881  time_per_window : 0.001248   progress : 0.076
name: models.architecture.block_type=simple
models.architecture.mamba_type=mamba
training.mode=rollout
models.out_dim=10    avg_loss: 0.000000329912  time_per_window : 0.001280   progress : 0.087
name: models.architecture.block_type=simple
models.architecture.mamba_type=mamba
training.mode=rollout
models.out_dim=10    avg_loss: 0.000000349235  time_per_window : 0.001185   progress : 0.098
name: models.architecture.block_type=simple
models.architecture.mamba_type=mamba
training.mode=rollout
models.out_dim=10    avg_loss: 0.000000370325  time_per_window : 0.001295   progress : 0.109
name: models.architecture.block_type=simple
models.architecture.mamba_type=mamba
training.mode=rollout
models.out_dim=10    avg_loss: 0.000000348916  time_per_window : 0.001194   progress : 0.120
name: models.architecture.block_type=simple
models.architecture.mamba_type=mamba
training.mode=rollout
models.out_dim=10    avg_loss: 0.000000342823  time_per_window : 0.001171   progress : 0.131
name: models.architecture.block_type=simple
models.architecture.mamba_type=mamba
training.mode=rollout
models.out_dim=10    avg_loss: 0.000000359847  time_per_window : 0.001274   progress : 0.142
name: models.architecture.block_type=simple
models.architecture.mamba_type=mamba
training.mode=rollout
models.out_dim=10    avg_loss: 0.000000415664  time_per_window : 0.001278   progress : 0.153
name: models.architecture.block_type=simple
models.architecture.mamba_type=mamba
training.mode=rollout
models.out_dim=10    avg_loss: 0.000000395720  time_per_window : 0.001196   progress : 0.164
name: models.architecture.block_type=simple
models.architecture.mamba_type=mamba
training.mode=rollout
models.out_dim=10    avg_loss: 0.000000355633  time_per_window : 0.001269   progress : 0.175
name: models.architecture.block_type=simple
models.architecture.mamba_type=mamba
training.mode=rollout
models.out_dim=10    avg_loss: 0.000000363360  time_per_window : 0.001275   progress : 0.186
name: models.architecture.block_type=simple
models.architecture.mamba_type=mamba
training.mode=rollout
models.out_dim=10    avg_loss: 0.000000375061  time_per_window : 0.001063   progress : 0.197
name: models.architecture.block_type=simple
models.architecture.mamba_type=mamba
training.mode=rollout
models.out_dim=10    avg_loss: 0.000000338997  time_per_window : 0.001267   progress : 0.208
name: models.architecture.block_type=simple
models.architecture.mamba_type=mamba
training.mode=rollout
models.out_dim=10    avg_loss: 0.000000391561  time_per_window : 0.001275   progress : 0.218
name: models.architecture.block_type=simple
models.architecture.mamba_type=mamba
training.mode=rollout
models.out_dim=10    avg_loss: 0.000000384774  time_per_window : 0.001274   progress : 0.229
name: models.architecture.block_type=simple
models.architecture.mamba_type=mamba
training.mode=rollout
models.out_dim=10    avg_loss: 0.000000390334  time_per_window : 0.001271   progress : 0.240
name: models.architecture.block_type=simple
models.architecture.mamba_type=mamba
training.mode=rollout
models.out_dim=10    avg_loss: 0.000000363463  time_per_window : 0.001286   progress : 0.251
name: models.architecture.block_type=simple
models.architecture.mamba_type=mamba
training.mode=rollout
models.out_dim=10    avg_loss: 0.000000368517  time_per_window : 0.001258   progress : 0.262
name: models.architecture.block_type=simple
models.architecture.mamba_type=mamba
training.mode=rollout
models.out_dim=10    avg_loss: 0.000000346137  time_per_window : 0.001253   progress : 0.273
name: models.architecture.block_type=simple
models.architecture.mamba_type=mamba
training.mode=rollout
models.out_dim=10    avg_loss: 0.000000403801  time_per_window : 0.001117   progress : 0.284
name: models.architecture.block_type=simple
models.architecture.mamba_type=mamba
training.mode=rollout
models.out_dim=10    avg_loss: 0.000000340743  time_per_window : 0.001215   progress : 0.295
name: models.architecture.block_type=simple
models.architecture.mamba_type=mamba
training.mode=rollout
models.out_dim=10    avg_loss: 0.000000378677  time_per_window : 0.001282   progress : 0.306
name: models.architecture.block_type=simple
models.architecture.mamba_type=mamba
training.mode=rollout
models.out_dim=10    avg_loss: 0.000000370892  time_per_window : 0.001260   progress : 0.317
name: models.architecture.block_type=simple
models.architecture.mamba_type=mamba
training.mode=rollout
models.out_dim=10    avg_loss: 0.000000390500  time_per_window : 0.001278   progress : 0.328
name: models.architecture.block_type=simple
models.architecture.mamba_type=mamba
training.mode=rollout
models.out_dim=10    avg_loss: 0.000000396179  time_per_window : 0.001257   progress : 0.339
name: models.architecture.block_type=simple
models.architecture.mamba_type=mamba
training.mode=rollout
models.out_dim=10    avg_loss: 0.000000374043  time_per_window : 0.001212   progress : 0.350
name: models.architecture.block_type=simple
models.architecture.mamba_type=mamba
training.mode=rollout
models.out_dim=10    avg_loss: 0.000000374392  time_per_window : 0.001173   progress : 0.360
name: models.architecture.block_type=simple
models.architecture.mamba_type=mamba
training.mode=rollout
models.out_dim=10    avg_loss: 0.000000423120  time_per_window : 0.001148   progress : 0.371
name: models.architecture.block_type=simple
models.architecture.mamba_type=mamba
training.mode=rollout
models.out_dim=10    avg_loss: 0.000000417989  time_per_window : 0.001283   progress : 0.382
name: models.architecture.block_type=simple
models.architecture.mamba_type=mamba
training.mode=rollout
models.out_dim=10    avg_loss: 0.000000369776  time_per_window : 0.001244   progress : 0.393
name: models.architecture.block_type=simple
models.architecture.mamba_type=mamba
training.mode=rollout
models.out_dim=10    avg_loss: 0.000000431484  time_per_window : 0.001279   progress : 0.404
name: models.architecture.block_type=simple
models.architecture.mamba_type=mamba
training.mode=rollout
models.out_dim=10    avg_loss: 0.000000346120  time_per_window : 0.001291   progress : 0.415
name: models.architecture.block_type=simple
models.architecture.mamba_type=mamba
training.mode=rollout
models.out_dim=10    avg_loss: 0.000000360573  time_per_window : 0.001242   progress : 0.426
name: models.architecture.block_type=simple
models.architecture.mamba_type=mamba
training.mode=rollout
models.out_dim=10    avg_loss: 0.000000289492  time_per_window : 0.001234   progress : 0.437
name: models.architecture.block_type=simple
models.architecture.mamba_type=mamba
training.mode=rollout
models.out_dim=10    avg_loss: 0.000000293347  time_per_window : 0.001161   progress : 0.448
name: models.architecture.block_type=simple
models.architecture.mamba_type=mamba
training.mode=rollout
models.out_dim=10    avg_loss: 0.000000374443  time_per_window : 0.000999   progress : 0.459
name: models.architecture.block_type=simple
models.architecture.mamba_type=mamba
training.mode=rollout
models.out_dim=10    avg_loss: 0.000000352564  time_per_window : 0.001219   progress : 0.470
name: models.architecture.block_type=simple
models.architecture.mamba_type=mamba
training.mode=rollout
models.out_dim=10    avg_loss: 0.000000306540  time_per_window : 0.001227   progress : 0.481
name: models.architecture.block_type=simple
models.architecture.mamba_type=mamba
training.mode=rollout
models.out_dim=10    avg_loss: 0.000000337278  time_per_window : 0.001270   progress : 0.492
name: models.architecture.block_type=simple
models.architecture.mamba_type=mamba
training.mode=rollout
models.out_dim=10    avg_loss: 0.000000350676  time_per_window : 0.001184   progress : 0.502
name: models.architecture.block_type=simple
models.architecture.mamba_type=mamba
training.mode=rollout
models.out_dim=10    avg_loss: 0.000000343553  time_per_window : 0.001008   progress : 0.513
name: models.architecture.block_type=simple
models.architecture.mamba_type=mamba
training.mode=rollout
models.out_dim=10    avg_loss: 0.000000351920  time_per_window : 0.001276   progress : 0.524
name: models.architecture.block_type=simple
models.architecture.mamba_type=mamba
training.mode=rollout
models.out_dim=10    avg_loss: 0.000000365796  time_per_window : 0.001221   progress : 0.535
name: models.architecture.block_type=simple
models.architecture.mamba_type=mamba
training.mode=rollout
models.out_dim=10    avg_loss: 0.000000382594  time_per_window : 0.001127   progress : 0.546
name: models.architecture.block_type=simple
models.architecture.mamba_type=mamba
training.mode=rollout
models.out_dim=10    avg_loss: 0.000000328584  time_per_window : 0.001244   progress : 0.557
name: models.architecture.block_type=simple
models.architecture.mamba_type=mamba
training.mode=rollout
models.out_dim=10    avg_loss: 0.000000257111  time_per_window : 0.001238   progress : 0.568
name: models.architecture.block_type=simple
models.architecture.mamba_type=mamba
training.mode=rollout
models.out_dim=10    avg_loss: 0.000000281748  time_per_window : 0.001192   progress : 0.579
name: models.architecture.block_type=simple
models.architecture.mamba_type=mamba
training.mode=rollout
models.out_dim=10    avg_loss: 0.000000315932  time_per_window : 0.001245   progress : 0.590
name: models.architecture.block_type=simple
models.architecture.mamba_type=mamba
training.mode=rollout
models.out_dim=10    avg_loss: 0.000000292878  time_per_window : 0.001175   progress : 0.601
name: models.architecture.block_type=simple
models.architecture.mamba_type=mamba
training.mode=rollout
models.out_dim=10    avg_loss: 0.000000312005  time_per_window : 0.001182   progress : 0.612
name: models.architecture.block_type=simple
models.architecture.mamba_type=mamba
training.mode=rollout
models.out_dim=10    avg_loss: 0.000000311697  time_per_window : 0.001112   progress : 0.623
name: models.architecture.block_type=simple
models.architecture.mamba_type=mamba
training.mode=rollout
models.out_dim=10    avg_loss: 0.000000304060  time_per_window : 0.001173   progress : 0.634
name: models.architecture.block_type=simple
models.architecture.mamba_type=mamba
training.mode=rollout
models.out_dim=10    avg_loss: 0.000000367391  time_per_window : 0.001174   progress : 0.644
name: models.architecture.block_type=simple
models.architecture.mamba_type=mamba
training.mode=rollout
models.out_dim=10    avg_loss: 0.000000289693  time_per_window : 0.001241   progress : 0.655
name: models.architecture.block_type=simple
models.architecture.mamba_type=mamba
training.mode=rollout
models.out_dim=10    avg_loss: 0.000000273162  time_per_window : 0.001141   progress : 0.666
name: models.architecture.block_type=simple
models.architecture.mamba_type=mamba
training.mode=rollout
models.out_dim=10    avg_loss: 0.000000347420  time_per_window : 0.001258   progress : 0.677
name: models.architecture.block_type=simple
models.architecture.mamba_type=mamba
training.mode=rollout
models.out_dim=10    avg_loss: 0.000000330618  time_per_window : 0.001242   progress : 0.688
name: models.architecture.block_type=simple
models.architecture.mamba_type=mamba
training.mode=rollout
models.out_dim=10    avg_loss: 0.000000328251  time_per_window : 0.001280   progress : 0.699
name: models.architecture.block_type=simple
models.architecture.mamba_type=mamba
training.mode=rollout
models.out_dim=10    avg_loss: 0.000000283711  time_per_window : 0.001228   progress : 0.710
name: models.architecture.block_type=simple
models.architecture.mamba_type=mamba
training.mode=rollout
models.out_dim=10    avg_loss: 0.000000277440  time_per_window : 0.001264   progress : 0.721
name: models.architecture.block_type=simple
models.architecture.mamba_type=mamba
training.mode=rollout
models.out_dim=10    avg_loss: 0.000000311459  time_per_window : 0.001272   progress : 0.732
name: models.architecture.block_type=simple
models.architecture.mamba_type=mamba
training.mode=rollout
models.out_dim=10    avg_loss: 0.000000279817  time_per_window : 0.001306   progress : 0.743
name: models.architecture.block_type=simple
models.architecture.mamba_type=mamba
training.mode=rollout
models.out_dim=10    avg_loss: 0.000000278948  time_per_window : 0.001277   progress : 0.754
name: models.architecture.block_type=simple
models.architecture.mamba_type=mamba
training.mode=rollout
models.out_dim=10    avg_loss: 0.000000302891  time_per_window : 0.001266   progress : 0.765
name: models.architecture.block_type=simple
models.architecture.mamba_type=mamba
training.mode=rollout
models.out_dim=10    avg_loss: 0.000000312342  time_per_window : 0.001268   progress : 0.775
name: models.architecture.block_type=simple
models.architecture.mamba_type=mamba
training.mode=rollout
models.out_dim=10    avg_loss: 0.000000339873  time_per_window : 0.001290   progress : 0.786
name: models.architecture.block_type=simple
models.architecture.mamba_type=mamba
training.mode=rollout
models.out_dim=10    avg_loss: 0.000000314024  time_per_window : 0.001282   progress : 0.797
name: models.architecture.block_type=simple
models.architecture.mamba_type=mamba
training.mode=rollout
models.out_dim=10    avg_loss: 0.000000233227  time_per_window : 0.001121   progress : 0.808
name: models.architecture.block_type=simple
models.architecture.mamba_type=mamba
training.mode=rollout
models.out_dim=10    avg_loss: 0.000000279219  time_per_window : 0.001206   progress : 0.819
name: models.architecture.block_type=simple
models.architecture.mamba_type=mamba
training.mode=rollout
models.out_dim=10    avg_loss: 0.000000294719  time_per_window : 0.001308   progress : 0.830
name: models.architecture.block_type=simple
models.architecture.mamba_type=mamba
training.mode=rollout
models.out_dim=10    avg_loss: 0.000015933543  time_per_window : 0.001258   progress : 0.841
name: models.architecture.block_type=simple
models.architecture.mamba_type=mamba
training.mode=rollout
models.out_dim=10    avg_loss: 0.000012990035  time_per_window : 0.001276   progress : 0.852
name: models.architecture.block_type=simple
models.architecture.mamba_type=mamba
training.mode=rollout
models.out_dim=10    avg_loss: 0.000012024473  time_per_window : 0.001221   progress : 0.863
name: models.architecture.block_type=simple
models.architecture.mamba_type=mamba
training.mode=rollout
models.out_dim=10    avg_loss: 0.000005953572  time_per_window : 0.001318   progress : 0.874
name: models.architecture.block_type=simple
models.architecture.mamba_type=mamba
training.mode=rollout
models.out_dim=10    avg_loss: 0.000002210052  time_per_window : 0.001258   progress : 0.885
name: models.architecture.block_type=simple
models.architecture.mamba_type=mamba
training.mode=rollout
models.out_dim=10    avg_loss: 0.000000732003  time_per_window : 0.001251   progress : 0.896
name: models.architecture.block_type=simple
models.architecture.mamba_type=mamba
training.mode=rollout
models.out_dim=10    avg_loss: 0.000000477782  time_per_window : 0.001240   progress : 0.907
name: models.architecture.block_type=simple
models.architecture.mamba_type=mamba
training.mode=rollout
models.out_dim=10    avg_loss: 0.000000395568  time_per_window : 0.001258   progress : 0.917
name: models.architecture.block_type=simple
models.architecture.mamba_type=mamba
training.mode=rollout
models.out_dim=10    avg_loss: 0.000000360053  time_per_window : 0.001269   progress : 0.928
name: models.architecture.block_type=simple
models.architecture.mamba_type=mamba
training.mode=rollout
models.out_dim=10    avg_loss: 0.000000342578  time_per_window : 0.001264   progress : 0.939
name: models.architecture.block_type=simple
models.architecture.mamba_type=mamba
training.mode=rollout
models.out_dim=10    avg_loss: 0.000000344397  time_per_window : 0.001262   progress : 0.950
name: models.architecture.block_type=simple
models.architecture.mamba_type=mamba
training.mode=rollout
models.out_dim=10    avg_loss: 0.000000354650  time_per_window : 0.001238   progress : 0.961
name: models.architecture.block_type=simple
models.architecture.mamba_type=mamba
training.mode=rollout
models.out_dim=10    avg_loss: 0.000000384692  time_per_window : 0.001241   progress : 0.972
name: models.architecture.block_type=simple
models.architecture.mamba_type=mamba
training.mode=rollout
models.out_dim=10    avg_loss: 0.000000330731  time_per_window : 0.001207   progress : 0.983
name: models.architecture.block_type=simple
models.architecture.mamba_type=mamba
training.mode=rollout
models.out_dim=10    avg_loss: 0.000000363374  time_per_window : 0.001216   progress : 0.994
DONE!!!
