/home/jdihardjo/miniconda3/envs/mavenv/lib/python3.11/site-packages/hydra/_internal/defaults_list.py:251: UserWarning: In 'config': Defaults list is missing `_self_`. See https://hydra.cc/docs/1.2/upgrades/1.0_to_1.1/default_composition_order for more information
  warnings.warn(msg, UserWarning)
Using cuda device
[2026-07-22 19:23:44,894][HYDRA] Joblib.Parallel(n_jobs=4,backend=loky,prefer=processes,require=None,verbose=0,timeout=None,pre_dispatch=2*n_jobs,batch_size=auto,temp_folder=None,max_nbytes=None,mmap_mode=r) is launching 1 jobs
[2026-07-22 19:23:44,894][HYDRA] Launching jobs, sweep output dir : ablation_runs/2026-07-22_19-23-39/simple_mamba_out6
[2026-07-22 19:23:44,894][HYDRA] 	#0 : models.architecture.block_type=simple models.architecture.mamba_type=mamba training.mode=rollout models.out_dim=6
/home/jdihardjo/miniconda3/envs/mavenv/lib/python3.11/site-packages/hydra/_internal/defaults_list.py:251: UserWarning: In 'config': Defaults list is missing `_self_`. See https://hydra.cc/docs/1.2/upgrades/1.0_to_1.1/default_composition_order for more information
  warnings.warn(msg, UserWarning)
models:
  n_dim: 23
  out_dim: 6
  architecture:
    d_model: 128
    n_encoder_layers: 2
    n_decoder_layers: 0
    block_type: simple
    time_adapter: last_token
    in_norm: none
    out_norm: none
    layer_scale: 0.0001
    drop_path: 0.05
    mamba_type: mamba
    mamba_kwargs:
      d_state: 16
      d_conv: 2
      expand: 2
      norm: rms
    skip: false
    cls_kwargs:
      n_heads: 2
      n_mlp: 2
      positional_encoding: false
      max_len: 5000
input_len: 64
output_len: 1
batch_size: 128
epochs: 5
seed: 0
dataset:
  path: /home/jdihardjo/simdata/train.zarr/
  training_size: 1500000
evaluation:
  path: /home/jdihardjo/simdata/evaluation.zarr/
  evaluation_size: 50
training:
  mode: rollout
  lr: 0.0002
  weight_decay: 0.1
  rollout_steps: 32
checkpoint:
  save_path: hydra-test.pth
  load: false
  path: hydra-test.pth
compile: true

/home/jdihardjo/miniconda3/envs/mavenv/lib/python3.11/site-packages/torch/_dynamo/variables/functions.py:2311: UserWarning: Dynamo does not know how to trace the builtin `selective_scan_cuda.pybind11_detail_function_record_v1_system_libstdcpp_gxx_abi_1xxx_use_cxx11_abi_1.fwd.` This function is either a Python builtin (e.g. _warnings.warn) or a third-party C/C++ Python extension (perhaps created with pybind).
If it is a Python builtin, please file an issue on GitHub so the PyTorch team can add support for it and see the next case for a workaround.
If it is a third-party C/C++ Python extension, please either wrap it into a PyTorch-understood custom operator (see https://pytorch.org/tutorials/advanced/custom_ops_landing_page.html for more details) or, if it is traceable, use `torch.compiler.allow_in_graph`.
  torch._dynamo.utils.warn_once(explanation + "\n" + "\n".join(hints))
/home/jdihardjo/miniconda3/envs/mavenv/lib/python3.11/site-packages/torch/_inductor/cudagraph_trees.py:2622: UserWarning: Unable to hit fast path of CUDAGraphs because outputs from a previous step still require backward. Ensure backward() is invoked or detach outputs. You may also call torch.compiler.cudagraph_mark_step_begin() before each model invocation.
  warnings.warn(
name: models.architecture.block_type=simple
models.architecture.mamba_type=mamba
training.mode=rollout
models.out_dim=6    avg_loss: 0.000073045390  time_per_window : 0.001888   progress : 0.011
name: models.architecture.block_type=simple
models.architecture.mamba_type=mamba
training.mode=rollout
models.out_dim=6    avg_loss: 0.000000302148  time_per_window : 0.001923   progress : 0.022
name: models.architecture.block_type=simple
models.architecture.mamba_type=mamba
training.mode=rollout
models.out_dim=6    avg_loss: 0.000000294363  time_per_window : 0.001896   progress : 0.033
name: models.architecture.block_type=simple
models.architecture.mamba_type=mamba
training.mode=rollout
models.out_dim=6    avg_loss: 0.000000288728  time_per_window : 0.001920   progress : 0.044
name: models.architecture.block_type=simple
models.architecture.mamba_type=mamba
training.mode=rollout
models.out_dim=6    avg_loss: 0.000000274641  time_per_window : 0.001854   progress : 0.055
name: models.architecture.block_type=simple
models.architecture.mamba_type=mamba
training.mode=rollout
models.out_dim=6    avg_loss: 0.000000264444  time_per_window : 0.001880   progress : 0.066
name: models.architecture.block_type=simple
models.architecture.mamba_type=mamba
training.mode=rollout
models.out_dim=6    avg_loss: 0.000000247171  time_per_window : 0.001887   progress : 0.076
name: models.architecture.block_type=simple
models.architecture.mamba_type=mamba
training.mode=rollout
models.out_dim=6    avg_loss: 0.000000232334  time_per_window : 0.001919   progress : 0.087
name: models.architecture.block_type=simple
models.architecture.mamba_type=mamba
training.mode=rollout
models.out_dim=6    avg_loss: 0.000000210026  time_per_window : 0.001881   progress : 0.098
name: models.architecture.block_type=simple
models.architecture.mamba_type=mamba
training.mode=rollout
models.out_dim=6    avg_loss: 0.000000188029  time_per_window : 0.001897   progress : 0.109
name: models.architecture.block_type=simple
models.architecture.mamba_type=mamba
training.mode=rollout
models.out_dim=6    avg_loss: 0.000000156691  time_per_window : 0.001881   progress : 0.120
name: models.architecture.block_type=simple
models.architecture.mamba_type=mamba
training.mode=rollout
models.out_dim=6    avg_loss: 0.000000121037  time_per_window : 0.001890   progress : 0.131
name: models.architecture.block_type=simple
models.architecture.mamba_type=mamba
training.mode=rollout
models.out_dim=6    avg_loss: 0.000000093892  time_per_window : 0.001900   progress : 0.142
name: models.architecture.block_type=simple
models.architecture.mamba_type=mamba
training.mode=rollout
models.out_dim=6    avg_loss: 0.000000074053  time_per_window : 0.001881   progress : 0.153
name: models.architecture.block_type=simple
models.architecture.mamba_type=mamba
training.mode=rollout
models.out_dim=6    avg_loss: 0.000000063295  time_per_window : 0.001916   progress : 0.164
name: models.architecture.block_type=simple
models.architecture.mamba_type=mamba
training.mode=rollout
models.out_dim=6    avg_loss: 0.000000060668  time_per_window : 0.001879   progress : 0.175
name: models.architecture.block_type=simple
models.architecture.mamba_type=mamba
training.mode=rollout
models.out_dim=6    avg_loss: 0.000000059822  time_per_window : 0.001874   progress : 0.186
name: models.architecture.block_type=simple
models.architecture.mamba_type=mamba
training.mode=rollout
models.out_dim=6    avg_loss: 0.000000059379  time_per_window : 0.001907   progress : 0.197
name: models.architecture.block_type=simple
models.architecture.mamba_type=mamba
training.mode=rollout
models.out_dim=6    avg_loss: 0.000000059883  time_per_window : 0.001910   progress : 0.208
name: models.architecture.block_type=simple
models.architecture.mamba_type=mamba
training.mode=rollout
models.out_dim=6    avg_loss: 0.000000062031  time_per_window : 0.001914   progress : 0.218
name: models.architecture.block_type=simple
models.architecture.mamba_type=mamba
training.mode=rollout
models.out_dim=6    avg_loss: 0.000000058567  time_per_window : 0.001934   progress : 0.229
name: models.architecture.block_type=simple
models.architecture.mamba_type=mamba
training.mode=rollout
models.out_dim=6    avg_loss: 0.000000062403  time_per_window : 0.001906   progress : 0.240
name: models.architecture.block_type=simple
models.architecture.mamba_type=mamba
training.mode=rollout
models.out_dim=6    avg_loss: 0.000000058530  time_per_window : 0.001933   progress : 0.251
name: models.architecture.block_type=simple
models.architecture.mamba_type=mamba
training.mode=rollout
models.out_dim=6    avg_loss: 0.000000058151  time_per_window : 0.001903   progress : 0.262
name: models.architecture.block_type=simple
models.architecture.mamba_type=mamba
training.mode=rollout
models.out_dim=6    avg_loss: 0.000000058825  time_per_window : 0.001887   progress : 0.273
name: models.architecture.block_type=simple
models.architecture.mamba_type=mamba
training.mode=rollout
models.out_dim=6    avg_loss: 0.000000059140  time_per_window : 0.001889   progress : 0.284
name: models.architecture.block_type=simple
models.architecture.mamba_type=mamba
training.mode=rollout
models.out_dim=6    avg_loss: 0.000000062529  time_per_window : 0.001866   progress : 0.295
name: models.architecture.block_type=simple
models.architecture.mamba_type=mamba
training.mode=rollout
models.out_dim=6    avg_loss: 0.000000060557  time_per_window : 0.001918   progress : 0.306
name: models.architecture.block_type=simple
models.architecture.mamba_type=mamba
training.mode=rollout
models.out_dim=6    avg_loss: 0.000000060336  time_per_window : 0.001884   progress : 0.317
name: models.architecture.block_type=simple
models.architecture.mamba_type=mamba
training.mode=rollout
models.out_dim=6    avg_loss: 0.000000058687  time_per_window : 0.001867   progress : 0.328
name: models.architecture.block_type=simple
models.architecture.mamba_type=mamba
training.mode=rollout
models.out_dim=6    avg_loss: 0.000000063956  time_per_window : 0.001860   progress : 0.339
name: models.architecture.block_type=simple
models.architecture.mamba_type=mamba
training.mode=rollout
models.out_dim=6    avg_loss: 0.000000058098  time_per_window : 0.001888   progress : 0.350
name: models.architecture.block_type=simple
models.architecture.mamba_type=mamba
training.mode=rollout
models.out_dim=6    avg_loss: 0.000000060565  time_per_window : 0.001912   progress : 0.360
name: models.architecture.block_type=simple
models.architecture.mamba_type=mamba
training.mode=rollout
models.out_dim=6    avg_loss: 0.000000059694  time_per_window : 0.001908   progress : 0.371
name: models.architecture.block_type=simple
models.architecture.mamba_type=mamba
training.mode=rollout
models.out_dim=6    avg_loss: 0.000000061287  time_per_window : 0.001879   progress : 0.382
name: models.architecture.block_type=simple
models.architecture.mamba_type=mamba
training.mode=rollout
models.out_dim=6    avg_loss: 0.000000064139  time_per_window : 0.001887   progress : 0.393
name: models.architecture.block_type=simple
models.architecture.mamba_type=mamba
training.mode=rollout
models.out_dim=6    avg_loss: 0.000000062278  time_per_window : 0.001914   progress : 0.404
name: models.architecture.block_type=simple
models.architecture.mamba_type=mamba
training.mode=rollout
models.out_dim=6    avg_loss: 0.000000060171  time_per_window : 0.001906   progress : 0.415
name: models.architecture.block_type=simple
models.architecture.mamba_type=mamba
training.mode=rollout
models.out_dim=6    avg_loss: 0.000000058694  time_per_window : 0.001875   progress : 0.426
name: models.architecture.block_type=simple
models.architecture.mamba_type=mamba
training.mode=rollout
models.out_dim=6    avg_loss: 0.000000064130  time_per_window : 0.001879   progress : 0.437
name: models.architecture.block_type=simple
models.architecture.mamba_type=mamba
training.mode=rollout
models.out_dim=6    avg_loss: 0.000000065850  time_per_window : 0.001903   progress : 0.448
name: models.architecture.block_type=simple
models.architecture.mamba_type=mamba
training.mode=rollout
models.out_dim=6    avg_loss: 0.000000054985  time_per_window : 0.001858   progress : 0.459
name: models.architecture.block_type=simple
models.architecture.mamba_type=mamba
training.mode=rollout
models.out_dim=6    avg_loss: 0.000000059400  time_per_window : 0.001927   progress : 0.470
name: models.architecture.block_type=simple
models.architecture.mamba_type=mamba
training.mode=rollout
models.out_dim=6    avg_loss: 0.000000061292  time_per_window : 0.001865   progress : 0.481
name: models.architecture.block_type=simple
models.architecture.mamba_type=mamba
training.mode=rollout
models.out_dim=6    avg_loss: 0.000000053568  time_per_window : 0.001886   progress : 0.492
name: models.architecture.block_type=simple
models.architecture.mamba_type=mamba
training.mode=rollout
models.out_dim=6    avg_loss: 0.000000067051  time_per_window : 0.001886   progress : 0.502
name: models.architecture.block_type=simple
models.architecture.mamba_type=mamba
training.mode=rollout
models.out_dim=6    avg_loss: 0.000000067888  time_per_window : 0.001935   progress : 0.513
name: models.architecture.block_type=simple
models.architecture.mamba_type=mamba
training.mode=rollout
models.out_dim=6    avg_loss: 0.000000056642  time_per_window : 0.001533   progress : 0.524
name: models.architecture.block_type=simple
models.architecture.mamba_type=mamba
training.mode=rollout
models.out_dim=6    avg_loss: 0.000000060168  time_per_window : 0.001887   progress : 0.535
name: models.architecture.block_type=simple
models.architecture.mamba_type=mamba
training.mode=rollout
models.out_dim=6    avg_loss: 0.000000056565  time_per_window : 0.001923   progress : 0.546
name: models.architecture.block_type=simple
models.architecture.mamba_type=mamba
training.mode=rollout
models.out_dim=6    avg_loss: 0.000000060360  time_per_window : 0.001901   progress : 0.557
name: models.architecture.block_type=simple
models.architecture.mamba_type=mamba
training.mode=rollout
models.out_dim=6    avg_loss: 0.000000058945  time_per_window : 0.001884   progress : 0.568
name: models.architecture.block_type=simple
models.architecture.mamba_type=mamba
training.mode=rollout
models.out_dim=6    avg_loss: 0.000000057920  time_per_window : 0.001893   progress : 0.579
name: models.architecture.block_type=simple
models.architecture.mamba_type=mamba
training.mode=rollout
models.out_dim=6    avg_loss: 0.000000053276  time_per_window : 0.001861   progress : 0.590
name: models.architecture.block_type=simple
models.architecture.mamba_type=mamba
training.mode=rollout
models.out_dim=6    avg_loss: 0.000000056612  time_per_window : 0.001906   progress : 0.601
name: models.architecture.block_type=simple
models.architecture.mamba_type=mamba
training.mode=rollout
models.out_dim=6    avg_loss: 0.000000051609  time_per_window : 0.001912   progress : 0.612
name: models.architecture.block_type=simple
models.architecture.mamba_type=mamba
training.mode=rollout
models.out_dim=6    avg_loss: 0.000000053660  time_per_window : 0.001901   progress : 0.623
name: models.architecture.block_type=simple
models.architecture.mamba_type=mamba
training.mode=rollout
models.out_dim=6    avg_loss: 0.000000047851  time_per_window : 0.001400   progress : 0.634
name: models.architecture.block_type=simple
models.architecture.mamba_type=mamba
training.mode=rollout
models.out_dim=6    avg_loss: 0.000000038082  time_per_window : 0.001938   progress : 0.644
name: models.architecture.block_type=simple
models.architecture.mamba_type=mamba
training.mode=rollout
models.out_dim=6    avg_loss: 0.000000030164  time_per_window : 0.001893   progress : 0.655
name: models.architecture.block_type=simple
models.architecture.mamba_type=mamba
training.mode=rollout
models.out_dim=6    avg_loss: 0.000000029764  time_per_window : 0.001931   progress : 0.666
name: models.architecture.block_type=simple
models.architecture.mamba_type=mamba
training.mode=rollout
models.out_dim=6    avg_loss: 0.000000028688  time_per_window : 0.001878   progress : 0.677
name: models.architecture.block_type=simple
models.architecture.mamba_type=mamba
training.mode=rollout
models.out_dim=6    avg_loss: 0.000000028615  time_per_window : 0.001884   progress : 0.688
name: models.architecture.block_type=simple
models.architecture.mamba_type=mamba
training.mode=rollout
models.out_dim=6    avg_loss: 0.000000029783  time_per_window : 0.001937   progress : 0.699
name: models.architecture.block_type=simple
models.architecture.mamba_type=mamba
training.mode=rollout
models.out_dim=6    avg_loss: 0.000000029313  time_per_window : 0.001917   progress : 0.710
name: models.architecture.block_type=simple
models.architecture.mamba_type=mamba
training.mode=rollout
models.out_dim=6    avg_loss: 0.000000028719  time_per_window : 0.001906   progress : 0.721
name: models.architecture.block_type=simple
models.architecture.mamba_type=mamba
training.mode=rollout
models.out_dim=6    avg_loss: 0.000000028583  time_per_window : 0.001909   progress : 0.732
name: models.architecture.block_type=simple
models.architecture.mamba_type=mamba
training.mode=rollout
models.out_dim=6    avg_loss: 0.000000028286  time_per_window : 0.001826   progress : 0.743
name: models.architecture.block_type=simple
models.architecture.mamba_type=mamba
training.mode=rollout
models.out_dim=6    avg_loss: 0.000000028160  time_per_window : 0.001934   progress : 0.754
name: models.architecture.block_type=simple
models.architecture.mamba_type=mamba
training.mode=rollout
models.out_dim=6    avg_loss: 0.000000028288  time_per_window : 0.001933   progress : 0.765
name: models.architecture.block_type=simple
models.architecture.mamba_type=mamba
training.mode=rollout
models.out_dim=6    avg_loss: 0.000000027197  time_per_window : 0.001841   progress : 0.775
name: models.architecture.block_type=simple
models.architecture.mamba_type=mamba
training.mode=rollout
models.out_dim=6    avg_loss: 0.000000027747  time_per_window : 0.001850   progress : 0.786
name: models.architecture.block_type=simple
models.architecture.mamba_type=mamba
training.mode=rollout
models.out_dim=6    avg_loss: 0.000000027476  time_per_window : 0.001839   progress : 0.797
name: models.architecture.block_type=simple
models.architecture.mamba_type=mamba
training.mode=rollout
models.out_dim=6    avg_loss: 0.000000027284  time_per_window : 0.001894   progress : 0.808
name: models.architecture.block_type=simple
models.architecture.mamba_type=mamba
training.mode=rollout
models.out_dim=6    avg_loss: 0.000000026610  time_per_window : 0.001885   progress : 0.819
name: models.architecture.block_type=simple
models.architecture.mamba_type=mamba
training.mode=rollout
models.out_dim=6    avg_loss: 0.000000027041  time_per_window : 0.001829   progress : 0.830
name: models.architecture.block_type=simple
models.architecture.mamba_type=mamba
training.mode=rollout
models.out_dim=6    avg_loss: 0.000000030140  time_per_window : 0.001931   progress : 0.841
name: models.architecture.block_type=simple
models.architecture.mamba_type=mamba
training.mode=rollout
models.out_dim=6    avg_loss: 0.000000025043  time_per_window : 0.001917   progress : 0.852
name: models.architecture.block_type=simple
models.architecture.mamba_type=mamba
training.mode=rollout
models.out_dim=6    avg_loss: 0.000000026032  time_per_window : 0.001801   progress : 0.863
name: models.architecture.block_type=simple
models.architecture.mamba_type=mamba
training.mode=rollout
models.out_dim=6    avg_loss: 0.000000027316  time_per_window : 0.001910   progress : 0.874
name: models.architecture.block_type=simple
models.architecture.mamba_type=mamba
training.mode=rollout
models.out_dim=6    avg_loss: 0.000000027223  time_per_window : 0.001993   progress : 0.885
name: models.architecture.block_type=simple
models.architecture.mamba_type=mamba
training.mode=rollout
models.out_dim=6    avg_loss: 0.000000025373  time_per_window : 0.001887   progress : 0.896
name: models.architecture.block_type=simple
models.architecture.mamba_type=mamba
training.mode=rollout
models.out_dim=6    avg_loss: 0.000000026562  time_per_window : 0.001583   progress : 0.907
name: models.architecture.block_type=simple
models.architecture.mamba_type=mamba
training.mode=rollout
models.out_dim=6    avg_loss: 0.000000026825  time_per_window : 0.001970   progress : 0.917
name: models.architecture.block_type=simple
models.architecture.mamba_type=mamba
training.mode=rollout
models.out_dim=6    avg_loss: 0.000000025858  time_per_window : 0.001898   progress : 0.928
name: models.architecture.block_type=simple
models.architecture.mamba_type=mamba
training.mode=rollout
models.out_dim=6    avg_loss: 0.000000025848  time_per_window : 0.001861   progress : 0.939/home/jdihardjo/miniconda3/envs/mavenv/lib/python3.11/site-packages/torch/_inductor/cudagraph_trees.py:2622: UserWarning: Unable to hit fast path of CUDAGraphs because outputs from a previous step still require backward. Ensure backward() is invoked or detach outputs. You may also call torch.compiler.cudagraph_mark_step_begin() before each model invocation.
  warnings.warn(
/home/jdihardjo/miniconda3/envs/mavenv/lib/python3.11/site-packages/torch/_inductor/cudagraph_trees.py:2622: UserWarning: Unable to hit fast path of CUDAGraphs because outputs from a previous step still require backward. Ensure backward() is invoked or detach outputs. You may also call torch.compiler.cudagraph_mark_step_begin() before each model invocation.
  warnings.warn(

name: models.architecture.block_type=simple
models.architecture.mamba_type=mamba
training.mode=rollout
models.out_dim=6    avg_loss: 0.000000026440  time_per_window : 0.001907   progress : 0.950
name: models.architecture.block_type=simple
models.architecture.mamba_type=mamba
training.mode=rollout
models.out_dim=6    avg_loss: 0.000000025557  time_per_window : 0.001918   progress : 0.961
name: models.architecture.block_type=simple
models.architecture.mamba_type=mamba
training.mode=rollout
models.out_dim=6    avg_loss: 0.000000025980  time_per_window : 0.001924   progress : 0.972
name: models.architecture.block_type=simple
models.architecture.mamba_type=mamba
training.mode=rollout
models.out_dim=6    avg_loss: 0.000000025327  time_per_window : 0.001953   progress : 0.983
name: models.architecture.block_type=simple
models.architecture.mamba_type=mamba
training.mode=rollout
models.out_dim=6    avg_loss: 0.000000024764  time_per_window : 0.001919   progress : 0.994
name: models.architecture.block_type=simple
models.architecture.mamba_type=mamba
training.mode=rollout
models.out_dim=6    avg_loss: 0.000000051815  time_per_window : 0.002040   progress : 0.011
name: models.architecture.block_type=simple
models.architecture.mamba_type=mamba
training.mode=rollout
models.out_dim=6    avg_loss: 0.000000024873  time_per_window : 0.002042   progress : 0.022
name: models.architecture.block_type=simple
models.architecture.mamba_type=mamba
training.mode=rollout
models.out_dim=6    avg_loss: 0.000000026825  time_per_window : 0.002062   progress : 0.033
name: models.architecture.block_type=simple
models.architecture.mamba_type=mamba
training.mode=rollout
models.out_dim=6    avg_loss: 0.000000026423  time_per_window : 0.001961   progress : 0.044
name: models.architecture.block_type=simple
models.architecture.mamba_type=mamba
training.mode=rollout
models.out_dim=6    avg_loss: 0.000000024601  time_per_window : 0.002052   progress : 0.055
name: models.architecture.block_type=simple
models.architecture.mamba_type=mamba
training.mode=rollout
models.out_dim=6    avg_loss: 0.000000026101  time_per_window : 0.002110   progress : 0.066
name: models.architecture.block_type=simple
models.architecture.mamba_type=mamba
training.mode=rollout
models.out_dim=6    avg_loss: 0.000000026387  time_per_window : 0.001975   progress : 0.076
name: models.architecture.block_type=simple
models.architecture.mamba_type=mamba
training.mode=rollout
models.out_dim=6    avg_loss: 0.000000024928  time_per_window : 0.002177   progress : 0.087
name: models.architecture.block_type=simple
models.architecture.mamba_type=mamba
training.mode=rollout
models.out_dim=6    avg_loss: 0.000000025552  time_per_window : 0.002079   progress : 0.098
name: models.architecture.block_type=simple
models.architecture.mamba_type=mamba
training.mode=rollout
models.out_dim=6    avg_loss: 0.000000025286  time_per_window : 0.002045   progress : 0.109
name: models.architecture.block_type=simple
models.architecture.mamba_type=mamba
training.mode=rollout
models.out_dim=6    avg_loss: 0.000000026526  time_per_window : 0.002031   progress : 0.120
name: models.architecture.block_type=simple
models.architecture.mamba_type=mamba
training.mode=rollout
models.out_dim=6    avg_loss: 0.000000024758  time_per_window : 0.001990   progress : 0.131
name: models.architecture.block_type=simple
models.architecture.mamba_type=mamba
training.mode=rollout
models.out_dim=6    avg_loss: 0.000000026648  time_per_window : 0.002095   progress : 0.142
name: models.architecture.block_type=simple
models.architecture.mamba_type=mamba
training.mode=rollout
models.out_dim=6    avg_loss: 0.000000025230  time_per_window : 0.002105   progress : 0.153
name: models.architecture.block_type=simple
models.architecture.mamba_type=mamba
training.mode=rollout
models.out_dim=6    avg_loss: 0.000000026295  time_per_window : 0.002063   progress : 0.164
name: models.architecture.block_type=simple
models.architecture.mamba_type=mamba
training.mode=rollout
models.out_dim=6    avg_loss: 0.000000025388  time_per_window : 0.002023   progress : 0.175
name: models.architecture.block_type=simple
models.architecture.mamba_type=mamba
training.mode=rollout
models.out_dim=6    avg_loss: 0.000000025730  time_per_window : 0.002037   progress : 0.186
name: models.architecture.block_type=simple
models.architecture.mamba_type=mamba
training.mode=rollout
models.out_dim=6    avg_loss: 0.000000025325  time_per_window : 0.002034   progress : 0.197
name: models.architecture.block_type=simple
models.architecture.mamba_type=mamba
training.mode=rollout
models.out_dim=6    avg_loss: 0.000000025797  time_per_window : 0.002009   progress : 0.208
name: models.architecture.block_type=simple
models.architecture.mamba_type=mamba
training.mode=rollout
models.out_dim=6    avg_loss: 0.000000025264  time_per_window : 0.002026   progress : 0.218
name: models.architecture.block_type=simple
models.architecture.mamba_type=mamba
training.mode=rollout
models.out_dim=6    avg_loss: 0.000000025614  time_per_window : 0.002014   progress : 0.229
name: models.architecture.block_type=simple
models.architecture.mamba_type=mamba
training.mode=rollout
models.out_dim=6    avg_loss: 0.000000025075  time_per_window : 0.002030   progress : 0.240
name: models.architecture.block_type=simple
models.architecture.mamba_type=mamba
training.mode=rollout
models.out_dim=6    avg_loss: 0.000000025524  time_per_window : 0.002046   progress : 0.251
name: models.architecture.block_type=simple
models.architecture.mamba_type=mamba
training.mode=rollout
models.out_dim=6    avg_loss: 0.000000025103  time_per_window : 0.002040   progress : 0.262
name: models.architecture.block_type=simple
models.architecture.mamba_type=mamba
training.mode=rollout
models.out_dim=6    avg_loss: 0.000000025314  time_per_window : 0.002040   progress : 0.273
name: models.architecture.block_type=simple
models.architecture.mamba_type=mamba
training.mode=rollout
models.out_dim=6    avg_loss: 0.000000024375  time_per_window : 0.002064   progress : 0.284
name: models.architecture.block_type=simple
models.architecture.mamba_type=mamba
training.mode=rollout
models.out_dim=6    avg_loss: 0.000000024170  time_per_window : 0.002009   progress : 0.295
name: models.architecture.block_type=simple
models.architecture.mamba_type=mamba
training.mode=rollout
models.out_dim=6    avg_loss: 0.000000024295  time_per_window : 0.001698   progress : 0.306
name: models.architecture.block_type=simple
models.architecture.mamba_type=mamba
training.mode=rollout
models.out_dim=6    avg_loss: 0.000000025424  time_per_window : 0.002066   progress : 0.317
name: models.architecture.block_type=simple
models.architecture.mamba_type=mamba
training.mode=rollout
models.out_dim=6    avg_loss: 0.000000024744  time_per_window : 0.002137   progress : 0.328
name: models.architecture.block_type=simple
models.architecture.mamba_type=mamba
training.mode=rollout
models.out_dim=6    avg_loss: 0.000000024263  time_per_window : 0.002095   progress : 0.339
name: models.architecture.block_type=simple
models.architecture.mamba_type=mamba
training.mode=rollout
models.out_dim=6    avg_loss: 0.000000026341  time_per_window : 0.002013   progress : 0.350
name: models.architecture.block_type=simple
models.architecture.mamba_type=mamba
training.mode=rollout
models.out_dim=6    avg_loss: 0.000000024541  time_per_window : 0.002056   progress : 0.360
name: models.architecture.block_type=simple
models.architecture.mamba_type=mamba
training.mode=rollout
models.out_dim=6    avg_loss: 0.000000024688  time_per_window : 0.001964   progress : 0.371
name: models.architecture.block_type=simple
models.architecture.mamba_type=mamba
training.mode=rollout
models.out_dim=6    avg_loss: 0.000000024402  time_per_window : 0.002118   progress : 0.382
name: models.architecture.block_type=simple
models.architecture.mamba_type=mamba
training.mode=rollout
models.out_dim=6    avg_loss: 0.000000024791  time_per_window : 0.002068   progress : 0.393
name: models.architecture.block_type=simple
models.architecture.mamba_type=mamba
training.mode=rollout
models.out_dim=6    avg_loss: 0.000000025756  time_per_window : 0.002031   progress : 0.404
name: models.architecture.block_type=simple
models.architecture.mamba_type=mamba
training.mode=rollout
models.out_dim=6    avg_loss: 0.000000024756  time_per_window : 0.002008   progress : 0.415
name: models.architecture.block_type=simple
models.architecture.mamba_type=mamba
training.mode=rollout
models.out_dim=6    avg_loss: 0.000000024468  time_per_window : 0.002093   progress : 0.426
name: models.architecture.block_type=simple
models.architecture.mamba_type=mamba
training.mode=rollout
models.out_dim=6    avg_loss: 0.000000024325  time_per_window : 0.001544   progress : 0.437
name: models.architecture.block_type=simple
models.architecture.mamba_type=mamba
training.mode=rollout
models.out_dim=6    avg_loss: 0.000000024139  time_per_window : 0.001625   progress : 0.448
name: models.architecture.block_type=simple
models.architecture.mamba_type=mamba
training.mode=rollout
models.out_dim=6    avg_loss: 0.000000024954  time_per_window : 0.001619   progress : 0.459
name: models.architecture.block_type=simple
models.architecture.mamba_type=mamba
training.mode=rollout
models.out_dim=6    avg_loss: 0.000000024217  time_per_window : 0.002041   progress : 0.470
name: models.architecture.block_type=simple
models.architecture.mamba_type=mamba
training.mode=rollout
models.out_dim=6    avg_loss: 0.000000024526  time_per_window : 0.001964   progress : 0.481
name: models.architecture.block_type=simple
models.architecture.mamba_type=mamba
training.mode=rollout
models.out_dim=6    avg_loss: 0.000000024055  time_per_window : 0.002056   progress : 0.492
name: models.architecture.block_type=simple
models.architecture.mamba_type=mamba
training.mode=rollout
models.out_dim=6    avg_loss: 0.000000023722  time_per_window : 0.001919   progress : 0.502
name: models.architecture.block_type=simple
models.architecture.mamba_type=mamba
training.mode=rollout
models.out_dim=6    avg_loss: 0.000000024423  time_per_window : 0.002019   progress : 0.513
name: models.architecture.block_type=simple
models.architecture.mamba_type=mamba
training.mode=rollout
models.out_dim=6    avg_loss: 0.000000024319  time_per_window : 0.002070   progress : 0.524
name: models.architecture.block_type=simple
models.architecture.mamba_type=mamba
training.mode=rollout
models.out_dim=6    avg_loss: 0.000000023481  time_per_window : 0.001990   progress : 0.535
name: models.architecture.block_type=simple
models.architecture.mamba_type=mamba
training.mode=rollout
models.out_dim=6    avg_loss: 0.000000024922  time_per_window : 0.001914   progress : 0.546
name: models.architecture.block_type=simple
models.architecture.mamba_type=mamba
training.mode=rollout
models.out_dim=6    avg_loss: 0.000000023810  time_per_window : 0.002005   progress : 0.557
name: models.architecture.block_type=simple
models.architecture.mamba_type=mamba
training.mode=rollout
models.out_dim=6    avg_loss: 0.000000023978  time_per_window : 0.002085   progress : 0.568
name: models.architecture.block_type=simple
models.architecture.mamba_type=mamba
training.mode=rollout
models.out_dim=6    avg_loss: 0.000000024384  time_per_window : 0.002072   progress : 0.579
name: models.architecture.block_type=simple
models.architecture.mamba_type=mamba
training.mode=rollout
models.out_dim=6    avg_loss: 0.000000024562  time_per_window : 0.002050   progress : 0.590
name: models.architecture.block_type=simple
models.architecture.mamba_type=mamba
training.mode=rollout
models.out_dim=6    avg_loss: 0.000000023528  time_per_window : 0.002067   progress : 0.601
name: models.architecture.block_type=simple
models.architecture.mamba_type=mamba
training.mode=rollout
models.out_dim=6    avg_loss: 0.000000023280  time_per_window : 0.002028   progress : 0.612
name: models.architecture.block_type=simple
models.architecture.mamba_type=mamba
training.mode=rollout
models.out_dim=6    avg_loss: 0.000000023869  time_per_window : 0.002000   progress : 0.623
name: models.architecture.block_type=simple
models.architecture.mamba_type=mamba
training.mode=rollout
models.out_dim=6    avg_loss: 0.000000024207  time_per_window : 0.002026   progress : 0.634
name: models.architecture.block_type=simple
models.architecture.mamba_type=mamba
training.mode=rollout
models.out_dim=6    avg_loss: 0.000000023882  time_per_window : 0.002048   progress : 0.644
name: models.architecture.block_type=simple
models.architecture.mamba_type=mamba
training.mode=rollout
models.out_dim=6    avg_loss: 0.000000023334  time_per_window : 0.002079   progress : 0.655
name: models.architecture.block_type=simple
models.architecture.mamba_type=mamba
training.mode=rollout
models.out_dim=6    avg_loss: 0.000000024242  time_per_window : 0.002020   progress : 0.666
name: models.architecture.block_type=simple
models.architecture.mamba_type=mamba
training.mode=rollout
models.out_dim=6    avg_loss: 0.000000023900  time_per_window : 0.002060   progress : 0.677
name: models.architecture.block_type=simple
models.architecture.mamba_type=mamba
training.mode=rollout
models.out_dim=6    avg_loss: 0.000000023404  time_per_window : 0.001951   progress : 0.688
name: models.architecture.block_type=simple
models.architecture.mamba_type=mamba
training.mode=rollout
models.out_dim=6    avg_loss: 0.000000023565  time_per_window : 0.002072   progress : 0.699
name: models.architecture.block_type=simple
models.architecture.mamba_type=mamba
training.mode=rollout
models.out_dim=6    avg_loss: 0.000000024317  time_per_window : 0.002001   progress : 0.710
name: models.architecture.block_type=simple
models.architecture.mamba_type=mamba
training.mode=rollout
models.out_dim=6    avg_loss: 0.000000023263  time_per_window : 0.002096   progress : 0.721
name: models.architecture.block_type=simple
models.architecture.mamba_type=mamba
training.mode=rollout
models.out_dim=6    avg_loss: 0.000000024267  time_per_window : 0.002070   progress : 0.732
name: models.architecture.block_type=simple
models.architecture.mamba_type=mamba
training.mode=rollout
models.out_dim=6    avg_loss: 0.000000023690  time_per_window : 0.002059   progress : 0.743
name: models.architecture.block_type=simple
models.architecture.mamba_type=mamba
training.mode=rollout
models.out_dim=6    avg_loss: 0.000000023934  time_per_window : 0.002086   progress : 0.754
name: models.architecture.block_type=simple
models.architecture.mamba_type=mamba
training.mode=rollout
models.out_dim=6    avg_loss: 0.000000023848  time_per_window : 0.002033   progress : 0.765
name: models.architecture.block_type=simple
models.architecture.mamba_type=mamba
training.mode=rollout
models.out_dim=6    avg_loss: 0.000000024126  time_per_window : 0.002092   progress : 0.775
name: models.architecture.block_type=simple
models.architecture.mamba_type=mamba
training.mode=rollout
models.out_dim=6    avg_loss: 0.000000024022  time_per_window : 0.001786   progress : 0.786
name: models.architecture.block_type=simple
models.architecture.mamba_type=mamba
training.mode=rollout
models.out_dim=6    avg_loss: 0.000000023406  time_per_window : 0.002090   progress : 0.797
name: models.architecture.block_type=simple
models.architecture.mamba_type=mamba
training.mode=rollout
models.out_dim=6    avg_loss: 0.000000023768  time_per_window : 0.002005   progress : 0.808
name: models.architecture.block_type=simple
models.architecture.mamba_type=mamba
training.mode=rollout
models.out_dim=6    avg_loss: 0.000000022925  time_per_window : 0.002020   progress : 0.819
name: models.architecture.block_type=simple
models.architecture.mamba_type=mamba
training.mode=rollout
models.out_dim=6    avg_loss: 0.000000023613  time_per_window : 0.002065   progress : 0.830
name: models.architecture.block_type=simple
models.architecture.mamba_type=mamba
training.mode=rollout
models.out_dim=6    avg_loss: 0.000000023727  time_per_window : 0.001976   progress : 0.841
name: models.architecture.block_type=simple
models.architecture.mamba_type=mamba
training.mode=rollout
models.out_dim=6    avg_loss: 0.000000023435  time_per_window : 0.002080   progress : 0.852
name: models.architecture.block_type=simple
models.architecture.mamba_type=mamba
training.mode=rollout
models.out_dim=6    avg_loss: 0.000000023709  time_per_window : 0.002114   progress : 0.863
name: models.architecture.block_type=simple
models.architecture.mamba_type=mamba
training.mode=rollout
models.out_dim=6    avg_loss: 0.000000023202  time_per_window : 0.002072   progress : 0.874
name: models.architecture.block_type=simple
models.architecture.mamba_type=mamba
training.mode=rollout
models.out_dim=6    avg_loss: 0.000000023572  time_per_window : 0.001996   progress : 0.885
name: models.architecture.block_type=simple
models.architecture.mamba_type=mamba
training.mode=rollout
models.out_dim=6    avg_loss: 0.000000023457  time_per_window : 0.002105   progress : 0.896
name: models.architecture.block_type=simple
models.architecture.mamba_type=mamba
training.mode=rollout
models.out_dim=6    avg_loss: 0.000000023785  time_per_window : 0.002085   progress : 0.907
name: models.architecture.block_type=simple
models.architecture.mamba_type=mamba
training.mode=rollout
models.out_dim=6    avg_loss: 0.000000023366  time_per_window : 0.002041   progress : 0.917
name: models.architecture.block_type=simple
models.architecture.mamba_type=mamba
training.mode=rollout
models.out_dim=6    avg_loss: 0.000000023492  time_per_window : 0.002143   progress : 0.928
name: models.architecture.block_type=simple
models.architecture.mamba_type=mamba
training.mode=rollout
models.out_dim=6    avg_loss: 0.000000022841  time_per_window : 0.001950   progress : 0.939
name: models.architecture.block_type=simple
models.architecture.mamba_type=mamba
training.mode=rollout
models.out_dim=6    avg_loss: 0.000000024235  time_per_window : 0.001619   progress : 0.950
name: models.architecture.block_type=simple
models.architecture.mamba_type=mamba
training.mode=rollout
models.out_dim=6    avg_loss: 0.000000023256  time_per_window : 0.001988   progress : 0.961
name: models.architecture.block_type=simple
models.architecture.mamba_type=mamba
training.mode=rollout
models.out_dim=6    avg_loss: 0.000000023543  time_per_window : 0.002099   progress : 0.972
name: models.architecture.block_type=simple
models.architecture.mamba_type=mamba
training.mode=rollout
models.out_dim=6    avg_loss: 0.000000022769  time_per_window : 0.002072   progress : 0.983
name: models.architecture.block_type=simple
models.architecture.mamba_type=mamba
training.mode=rollout
models.out_dim=6    avg_loss: 0.000000022970  time_per_window : 0.001976   progress : 0.994
name: models.architecture.block_type=simple
models.architecture.mamba_type=mamba
training.mode=rollout
models.out_dim=6    avg_loss: 0.000001344187  time_per_window : 0.002061   progress : 0.011
name: models.architecture.block_type=simple
models.architecture.mamba_type=mamba
training.mode=rollout
models.out_dim=6    avg_loss: 0.000000255370  time_per_window : 0.001960   progress : 0.022
name: models.architecture.block_type=simple
models.architecture.mamba_type=mamba
training.mode=rollout
models.out_dim=6    avg_loss: 0.000000096579  time_per_window : 0.002072   progress : 0.033
name: models.architecture.block_type=simple
models.architecture.mamba_type=mamba
training.mode=rollout
models.out_dim=6    avg_loss: 0.000000051342  time_per_window : 0.002051   progress : 0.044
name: models.architecture.block_type=simple
models.architecture.mamba_type=mamba
training.mode=rollout
models.out_dim=6    avg_loss: 0.000000046384  time_per_window : 0.001970   progress : 0.055
name: models.architecture.block_type=simple
models.architecture.mamba_type=mamba
training.mode=rollout
models.out_dim=6    avg_loss: 0.000000045986  time_per_window : 0.002021   progress : 0.066
name: models.architecture.block_type=simple
models.architecture.mamba_type=mamba
training.mode=rollout
models.out_dim=6    avg_loss: 0.000000044745  time_per_window : 0.002039   progress : 0.076
name: models.architecture.block_type=simple
models.architecture.mamba_type=mamba
training.mode=rollout
models.out_dim=6    avg_loss: 0.000000044479  time_per_window : 0.001995   progress : 0.087
name: models.architecture.block_type=simple
models.architecture.mamba_type=mamba
training.mode=rollout
models.out_dim=6    avg_loss: 0.000000043694  time_per_window : 0.002020   progress : 0.098
name: models.architecture.block_type=simple
models.architecture.mamba_type=mamba
training.mode=rollout
models.out_dim=6    avg_loss: 0.000000043630  time_per_window : 0.002041   progress : 0.109
name: models.architecture.block_type=simple
models.architecture.mamba_type=mamba
training.mode=rollout
models.out_dim=6    avg_loss: 0.000000045908  time_per_window : 0.001992   progress : 0.120
name: models.architecture.block_type=simple
models.architecture.mamba_type=mamba
training.mode=rollout
models.out_dim=6    avg_loss: 0.000000044382  time_per_window : 0.001965   progress : 0.131
name: models.architecture.block_type=simple
models.architecture.mamba_type=mamba
training.mode=rollout
models.out_dim=6    avg_loss: 0.000000045411  time_per_window : 0.002025   progress : 0.142
name: models.architecture.block_type=simple
models.architecture.mamba_type=mamba
training.mode=rollout
models.out_dim=6    avg_loss: 0.000000047109  time_per_window : 0.002003   progress : 0.153
name: models.architecture.block_type=simple
models.architecture.mamba_type=mamba
training.mode=rollout
models.out_dim=6    avg_loss: 0.000000047786  time_per_window : 0.002058   progress : 0.164
name: models.architecture.block_type=simple
models.architecture.mamba_type=mamba
training.mode=rollout
models.out_dim=6    avg_loss: 0.000000046500  time_per_window : 0.001684   progress : 0.175
name: models.architecture.block_type=simple
models.architecture.mamba_type=mamba
training.mode=rollout
models.out_dim=6    avg_loss: 0.000000044682  time_per_window : 0.002043   progress : 0.186
name: models.architecture.block_type=simple
models.architecture.mamba_type=mamba
training.mode=rollout
models.out_dim=6    avg_loss: 0.000000044968  time_per_window : 0.002061   progress : 0.197
name: models.architecture.block_type=simple
models.architecture.mamba_type=mamba
training.mode=rollout
models.out_dim=6    avg_loss: 0.000000047065  time_per_window : 0.002000   progress : 0.208
name: models.architecture.block_type=simple
models.architecture.mamba_type=mamba
training.mode=rollout
models.out_dim=6    avg_loss: 0.000000046035  time_per_window : 0.002093   progress : 0.218
name: models.architecture.block_type=simple
models.architecture.mamba_type=mamba
training.mode=rollout
models.out_dim=6    avg_loss: 0.000000046200  time_per_window : 0.002071   progress : 0.229
name: models.architecture.block_type=simple
models.architecture.mamba_type=mamba
training.mode=rollout
models.out_dim=6    avg_loss: 0.000000049885  time_per_window : 0.002036   progress : 0.240
name: models.architecture.block_type=simple
models.architecture.mamba_type=mamba
training.mode=rollout
models.out_dim=6    avg_loss: 0.000000049499  time_per_window : 0.001662   progress : 0.251
name: models.architecture.block_type=simple
models.architecture.mamba_type=mamba
training.mode=rollout
models.out_dim=6    avg_loss: 0.000000046470  time_per_window : 0.002038   progress : 0.262
name: models.architecture.block_type=simple
models.architecture.mamba_type=mamba
training.mode=rollout
models.out_dim=6    avg_loss: 0.000000047653  time_per_window : 0.002022   progress : 0.273
name: models.architecture.block_type=simple
models.architecture.mamba_type=mamba
training.mode=rollout
models.out_dim=6    avg_loss: 0.000000047315  time_per_window : 0.002028   progress : 0.284
name: models.architecture.block_type=simple
models.architecture.mamba_type=mamba
training.mode=rollout
models.out_dim=6    avg_loss: 0.000000046404  time_per_window : 0.001983   progress : 0.295
name: models.architecture.block_type=simple
models.architecture.mamba_type=mamba
training.mode=rollout
models.out_dim=6    avg_loss: 0.000000049013  time_per_window : 0.002016   progress : 0.306
name: models.architecture.block_type=simple
models.architecture.mamba_type=mamba
training.mode=rollout
models.out_dim=6    avg_loss: 0.000000047166  time_per_window : 0.002046   progress : 0.317
name: models.architecture.block_type=simple
models.architecture.mamba_type=mamba
training.mode=rollout
models.out_dim=6    avg_loss: 0.000000047887  time_per_window : 0.002035   progress : 0.328
name: models.architecture.block_type=simple
models.architecture.mamba_type=mamba
training.mode=rollout
models.out_dim=6    avg_loss: 0.000000049790  time_per_window : 0.002023   progress : 0.339
name: models.architecture.block_type=simple
models.architecture.mamba_type=mamba
training.mode=rollout
models.out_dim=6    avg_loss: 0.000000049794  time_per_window : 0.001959   progress : 0.350
name: models.architecture.block_type=simple
models.architecture.mamba_type=mamba
training.mode=rollout
models.out_dim=6    avg_loss: 0.000000047161  time_per_window : 0.001571   progress : 0.360
name: models.architecture.block_type=simple
models.architecture.mamba_type=mamba
training.mode=rollout
models.out_dim=6    avg_loss: 0.000000045380  time_per_window : 0.001832   progress : 0.371
name: models.architecture.block_type=simple
models.architecture.mamba_type=mamba
training.mode=rollout
models.out_dim=6    avg_loss: 0.000000062742  time_per_window : 0.002029   progress : 0.382
name: models.architecture.block_type=simple
models.architecture.mamba_type=mamba
training.mode=rollout
models.out_dim=6    avg_loss: 0.000000045240  time_per_window : 0.002051   progress : 0.393
name: models.architecture.block_type=simple
models.architecture.mamba_type=mamba
training.mode=rollout
models.out_dim=6    avg_loss: 0.000000046625  time_per_window : 0.001996   progress : 0.404
name: models.architecture.block_type=simple
models.architecture.mamba_type=mamba
training.mode=rollout
models.out_dim=6    avg_loss: 0.000000046683  time_per_window : 0.001992   progress : 0.415
name: models.architecture.block_type=simple
models.architecture.mamba_type=mamba
training.mode=rollout
models.out_dim=6    avg_loss: 0.000000047183  time_per_window : 0.002035   progress : 0.426
name: models.architecture.block_type=simple
models.architecture.mamba_type=mamba
training.mode=rollout
models.out_dim=6    avg_loss: 0.000000046131  time_per_window : 0.002047   progress : 0.437
name: models.architecture.block_type=simple
models.architecture.mamba_type=mamba
training.mode=rollout
models.out_dim=6    avg_loss: 0.000000046830  time_per_window : 0.002017   progress : 0.448
name: models.architecture.block_type=simple
models.architecture.mamba_type=mamba
training.mode=rollout
models.out_dim=6    avg_loss: 0.000000045022  time_per_window : 0.002044   progress : 0.459
name: models.architecture.block_type=simple
models.architecture.mamba_type=mamba
training.mode=rollout
models.out_dim=6    avg_loss: 0.000000052007  time_per_window : 0.002049   progress : 0.470
name: models.architecture.block_type=simple
models.architecture.mamba_type=mamba
training.mode=rollout
models.out_dim=6    avg_loss: 0.000000046780  time_per_window : 0.002103   progress : 0.481
name: models.architecture.block_type=simple
models.architecture.mamba_type=mamba
training.mode=rollout
models.out_dim=6    avg_loss: 0.000000048732  time_per_window : 0.002107   progress : 0.492
name: models.architecture.block_type=simple
models.architecture.mamba_type=mamba
training.mode=rollout
models.out_dim=6    avg_loss: 0.000000045959  time_per_window : 0.001972   progress : 0.502
name: models.architecture.block_type=simple
models.architecture.mamba_type=mamba
training.mode=rollout
models.out_dim=6    avg_loss: 0.000000045562  time_per_window : 0.002028   progress : 0.513
name: models.architecture.block_type=simple
models.architecture.mamba_type=mamba
training.mode=rollout
models.out_dim=6    avg_loss: 0.000000046065  time_per_window : 0.002040   progress : 0.524
name: models.architecture.block_type=simple
models.architecture.mamba_type=mamba
training.mode=rollout
models.out_dim=6    avg_loss: 0.000000046792  time_per_window : 0.002076   progress : 0.535
name: models.architecture.block_type=simple
models.architecture.mamba_type=mamba
training.mode=rollout
models.out_dim=6    avg_loss: 0.000000049036  time_per_window : 0.002035   progress : 0.546
name: models.architecture.block_type=simple
models.architecture.mamba_type=mamba
training.mode=rollout
models.out_dim=6    avg_loss: 0.000000047130  time_per_window : 0.002058   progress : 0.557
name: models.architecture.block_type=simple
models.architecture.mamba_type=mamba
training.mode=rollout
models.out_dim=6    avg_loss: 0.000000048359  time_per_window : 0.001913   progress : 0.568
name: models.architecture.block_type=simple
models.architecture.mamba_type=mamba
training.mode=rollout
models.out_dim=6    avg_loss: 0.000000046847  time_per_window : 0.002005   progress : 0.579
name: models.architecture.block_type=simple
models.architecture.mamba_type=mamba
training.mode=rollout
models.out_dim=6    avg_loss: 0.000000045028  time_per_window : 0.002040   progress : 0.590
name: models.architecture.block_type=simple
models.architecture.mamba_type=mamba
training.mode=rollout
models.out_dim=6    avg_loss: 0.000000043804  time_per_window : 0.001672   progress : 0.601
name: models.architecture.block_type=simple
models.architecture.mamba_type=mamba
training.mode=rollout
models.out_dim=6    avg_loss: 0.000000049086  time_per_window : 0.001628   progress : 0.612
name: models.architecture.block_type=simple
models.architecture.mamba_type=mamba
training.mode=rollout
models.out_dim=6    avg_loss: 0.000000044819  time_per_window : 0.001603   progress : 0.623
name: models.architecture.block_type=simple
models.architecture.mamba_type=mamba
training.mode=rollout
models.out_dim=6    avg_loss: 0.000000046383  time_per_window : 0.001349   progress : 0.634
name: models.architecture.block_type=simple
models.architecture.mamba_type=mamba
training.mode=rollout
models.out_dim=6    avg_loss: 0.000000045549  time_per_window : 0.001596   progress : 0.644
name: models.architecture.block_type=simple
models.architecture.mamba_type=mamba
training.mode=rollout
models.out_dim=6    avg_loss: 0.000000047174  time_per_window : 0.001584   progress : 0.655
name: models.architecture.block_type=simple
models.architecture.mamba_type=mamba
training.mode=rollout
models.out_dim=6    avg_loss: 0.000000044660  time_per_window : 0.001555   progress : 0.666
name: models.architecture.block_type=simple
models.architecture.mamba_type=mamba
training.mode=rollout
models.out_dim=6    avg_loss: 0.000000047860  time_per_window : 0.001629   progress : 0.677
name: models.architecture.block_type=simple
models.architecture.mamba_type=mamba
training.mode=rollout
models.out_dim=6    avg_loss: 0.000000045342  time_per_window : 0.001607   progress : 0.688
name: models.architecture.block_type=simple
models.architecture.mamba_type=mamba
training.mode=rollout
models.out_dim=6    avg_loss: 0.000000046971  time_per_window : 0.001721   progress : 0.699
name: models.architecture.block_type=simple
models.architecture.mamba_type=mamba
training.mode=rollout
models.out_dim=6    avg_loss: 0.000000045534  time_per_window : 0.001563   progress : 0.710
name: models.architecture.block_type=simple
models.architecture.mamba_type=mamba
training.mode=rollout
models.out_dim=6    avg_loss: 0.000000044510  time_per_window : 0.001478   progress : 0.721
name: models.architecture.block_type=simple
models.architecture.mamba_type=mamba
training.mode=rollout
models.out_dim=6    avg_loss: 0.000000044664  time_per_window : 0.001653   progress : 0.732
name: models.architecture.block_type=simple
models.architecture.mamba_type=mamba
training.mode=rollout
models.out_dim=6    avg_loss: 0.000000046200  time_per_window : 0.001581   progress : 0.743
name: models.architecture.block_type=simple
models.architecture.mamba_type=mamba
training.mode=rollout
models.out_dim=6    avg_loss: 0.000000046634  time_per_window : 0.001598   progress : 0.754
name: models.architecture.block_type=simple
models.architecture.mamba_type=mamba
training.mode=rollout
models.out_dim=6    avg_loss: 0.000000044429  time_per_window : 0.001571   progress : 0.765
name: models.architecture.block_type=simple
models.architecture.mamba_type=mamba
training.mode=rollout
models.out_dim=6    avg_loss: 0.000000046606  time_per_window : 0.001514   progress : 0.775
name: models.architecture.block_type=simple
models.architecture.mamba_type=mamba
training.mode=rollout
models.out_dim=6    avg_loss: 0.000000046893  time_per_window : 0.001594   progress : 0.786
name: models.architecture.block_type=simple
models.architecture.mamba_type=mamba
training.mode=rollout
models.out_dim=6    avg_loss: 0.000000043835  time_per_window : 0.001610   progress : 0.797
name: models.architecture.block_type=simple
models.architecture.mamba_type=mamba
training.mode=rollout
models.out_dim=6    avg_loss: 0.000000044877  time_per_window : 0.001677   progress : 0.808
name: models.architecture.block_type=simple
models.architecture.mamba_type=mamba
training.mode=rollout
models.out_dim=6    avg_loss: 0.000000043967  time_per_window : 0.001659   progress : 0.819
name: models.architecture.block_type=simple
models.architecture.mamba_type=mamba
training.mode=rollout
models.out_dim=6    avg_loss: 0.000000045775  time_per_window : 0.001571   progress : 0.830
name: models.architecture.block_type=simple
models.architecture.mamba_type=mamba
training.mode=rollout
models.out_dim=6    avg_loss: 0.000000048948  time_per_window : 0.001714   progress : 0.841
name: models.architecture.block_type=simple
models.architecture.mamba_type=mamba
training.mode=rollout
models.out_dim=6    avg_loss: 0.000000045424  time_per_window : 0.001667   progress : 0.852
name: models.architecture.block_type=simple
models.architecture.mamba_type=mamba
training.mode=rollout
models.out_dim=6    avg_loss: 0.000000047200  time_per_window : 0.001473   progress : 0.863
name: models.architecture.block_type=simple
models.architecture.mamba_type=mamba
training.mode=rollout
models.out_dim=6    avg_loss: 0.000000044167  time_per_window : 0.001515   progress : 0.874
name: models.architecture.block_type=simple
models.architecture.mamba_type=mamba
training.mode=rollout
models.out_dim=6    avg_loss: 0.000000051184  time_per_window : 0.001679   progress : 0.885
name: models.architecture.block_type=simple
models.architecture.mamba_type=mamba
training.mode=rollout
models.out_dim=6    avg_loss: 0.000000047244  time_per_window : 0.001469   progress : 0.896
name: models.architecture.block_type=simple
models.architecture.mamba_type=mamba
training.mode=rollout
models.out_dim=6    avg_loss: 0.000000043622  time_per_window : 0.001534   progress : 0.907
name: models.architecture.block_type=simple
models.architecture.mamba_type=mamba
training.mode=rollout
models.out_dim=6    avg_loss: 0.000000042330  time_per_window : 0.001632   progress : 0.917
name: models.architecture.block_type=simple
models.architecture.mamba_type=mamba
training.mode=rollout
models.out_dim=6    avg_loss: 0.000000043901  time_per_window : 0.001471   progress : 0.928
name: models.architecture.block_type=simple
models.architecture.mamba_type=mamba
training.mode=rollout
models.out_dim=6    avg_loss: 0.000000045427  time_per_window : 0.001511   progress : 0.939
name: models.architecture.block_type=simple
models.architecture.mamba_type=mamba
training.mode=rollout
models.out_dim=6    avg_loss: 0.000000043612  time_per_window : 0.001306   progress : 0.950
name: models.architecture.block_type=simple
models.architecture.mamba_type=mamba
training.mode=rollout
models.out_dim=6    avg_loss: 0.000000044621  time_per_window : 0.001587   progress : 0.961
name: models.architecture.block_type=simple
models.architecture.mamba_type=mamba
training.mode=rollout
models.out_dim=6    avg_loss: 0.000000044543  time_per_window : 0.001651   progress : 0.972
name: models.architecture.block_type=simple
models.architecture.mamba_type=mamba
training.mode=rollout
models.out_dim=6    avg_loss: 0.000000041883  time_per_window : 0.001522   progress : 0.983
name: models.architecture.block_type=simple
models.architecture.mamba_type=mamba
training.mode=rollout
models.out_dim=6    avg_loss: 0.000000045300  time_per_window : 0.001587   progress : 0.994
name: models.architecture.block_type=simple
models.architecture.mamba_type=mamba
training.mode=rollout
models.out_dim=6    avg_loss: 0.000077729506  time_per_window : 0.001524   progress : 0.011
name: models.architecture.block_type=simple
models.architecture.mamba_type=mamba
training.mode=rollout
models.out_dim=6    avg_loss: 0.000010590635  time_per_window : 0.001681   progress : 0.022
name: models.architecture.block_type=simple
models.architecture.mamba_type=mamba
training.mode=rollout
models.out_dim=6    avg_loss: 0.000010740525  time_per_window : 0.001596   progress : 0.033
name: models.architecture.block_type=simple
models.architecture.mamba_type=mamba
training.mode=rollout
models.out_dim=6    avg_loss: 0.000010400775  time_per_window : 0.001595   progress : 0.044
name: models.architecture.block_type=simple
models.architecture.mamba_type=mamba
training.mode=rollout
models.out_dim=6    avg_loss: 0.000005713791  time_per_window : 0.001555   progress : 0.055
name: models.architecture.block_type=simple
models.architecture.mamba_type=mamba
training.mode=rollout
models.out_dim=6    avg_loss: 0.000002946299  time_per_window : 0.001576   progress : 0.066
name: models.architecture.block_type=simple
models.architecture.mamba_type=mamba
training.mode=rollout
models.out_dim=6    avg_loss: 0.000001244726  time_per_window : 0.001623   progress : 0.076
name: models.architecture.block_type=simple
models.architecture.mamba_type=mamba
training.mode=rollout
models.out_dim=6    avg_loss: 0.000000737676  time_per_window : 0.001656   progress : 0.087
name: models.architecture.block_type=simple
models.architecture.mamba_type=mamba
training.mode=rollout
models.out_dim=6    avg_loss: 0.000000779707  time_per_window : 0.001672   progress : 0.098
name: models.architecture.block_type=simple
models.architecture.mamba_type=mamba
training.mode=rollout
models.out_dim=6    avg_loss: 0.000000529357  time_per_window : 0.001630   progress : 0.109
name: models.architecture.block_type=simple
models.architecture.mamba_type=mamba
training.mode=rollout
models.out_dim=6    avg_loss: 0.000000566470  time_per_window : 0.001706   progress : 0.120
name: models.architecture.block_type=simple
models.architecture.mamba_type=mamba
training.mode=rollout
models.out_dim=6    avg_loss: 0.000000434554  time_per_window : 0.001567   progress : 0.131
name: models.architecture.block_type=simple
models.architecture.mamba_type=mamba
training.mode=rollout
models.out_dim=6    avg_loss: 0.000000556613  time_per_window : 0.001587   progress : 0.142
name: models.architecture.block_type=simple
models.architecture.mamba_type=mamba
training.mode=rollout
models.out_dim=6    avg_loss: 0.000000402147  time_per_window : 0.001613   progress : 0.153
name: models.architecture.block_type=simple
models.architecture.mamba_type=mamba
training.mode=rollout
models.out_dim=6    avg_loss: 0.000000412700  time_per_window : 0.001605   progress : 0.164
name: models.architecture.block_type=simple
models.architecture.mamba_type=mamba
training.mode=rollout
models.out_dim=6    avg_loss: 0.000000400865  time_per_window : 0.001642   progress : 0.175
name: models.architecture.block_type=simple
models.architecture.mamba_type=mamba
training.mode=rollout
models.out_dim=6    avg_loss: 0.000000365911  time_per_window : 0.001657   progress : 0.186
name: models.architecture.block_type=simple
models.architecture.mamba_type=mamba
training.mode=rollout
models.out_dim=6    avg_loss: 0.000000397642  time_per_window : 0.001536   progress : 0.197
name: models.architecture.block_type=simple
models.architecture.mamba_type=mamba
training.mode=rollout
models.out_dim=6    avg_loss: 0.000000373127  time_per_window : 0.001626   progress : 0.208
name: models.architecture.block_type=simple
models.architecture.mamba_type=mamba
training.mode=rollout
models.out_dim=6    avg_loss: 0.000000377384  time_per_window : 0.001544   progress : 0.218
name: models.architecture.block_type=simple
models.architecture.mamba_type=mamba
training.mode=rollout
models.out_dim=6    avg_loss: 0.000000434419  time_per_window : 0.001558   progress : 0.229
name: models.architecture.block_type=simple
models.architecture.mamba_type=mamba
training.mode=rollout
models.out_dim=6    avg_loss: 0.000000354911  time_per_window : 0.001507   progress : 0.240
name: models.architecture.block_type=simple
models.architecture.mamba_type=mamba
training.mode=rollout
models.out_dim=6    avg_loss: 0.000000359863  time_per_window : 0.001651   progress : 0.251
name: models.architecture.block_type=simple
models.architecture.mamba_type=mamba
training.mode=rollout
models.out_dim=6    avg_loss: 0.000000355379  time_per_window : 0.001388   progress : 0.262
name: models.architecture.block_type=simple
models.architecture.mamba_type=mamba
training.mode=rollout
models.out_dim=6    avg_loss: 0.000000356359  time_per_window : 0.001651   progress : 0.273
name: models.architecture.block_type=simple
models.architecture.mamba_type=mamba
training.mode=rollout
models.out_dim=6    avg_loss: 0.000000481550  time_per_window : 0.001640   progress : 0.284
name: models.architecture.block_type=simple
models.architecture.mamba_type=mamba
training.mode=rollout
models.out_dim=6    avg_loss: 0.000000399164  time_per_window : 0.001619   progress : 0.295
name: models.architecture.block_type=simple
models.architecture.mamba_type=mamba
training.mode=rollout
models.out_dim=6    avg_loss: 0.000000448294  time_per_window : 0.001739   progress : 0.306
name: models.architecture.block_type=simple
models.architecture.mamba_type=mamba
training.mode=rollout
models.out_dim=6    avg_loss: 0.000000405174  time_per_window : 0.001593   progress : 0.317
name: models.architecture.block_type=simple
models.architecture.mamba_type=mamba
training.mode=rollout
models.out_dim=6    avg_loss: 0.000000385666  time_per_window : 0.001559   progress : 0.328
name: models.architecture.block_type=simple
models.architecture.mamba_type=mamba
training.mode=rollout
models.out_dim=6    avg_loss: 0.000000381703  time_per_window : 0.001559   progress : 0.339
name: models.architecture.block_type=simple
models.architecture.mamba_type=mamba
training.mode=rollout
models.out_dim=6    avg_loss: 0.000000495299  time_per_window : 0.001608   progress : 0.350
name: models.architecture.block_type=simple
models.architecture.mamba_type=mamba
training.mode=rollout
models.out_dim=6    avg_loss: 0.000000433288  time_per_window : 0.001615   progress : 0.360
name: models.architecture.block_type=simple
models.architecture.mamba_type=mamba
training.mode=rollout
models.out_dim=6    avg_loss: 0.000000391301  time_per_window : 0.001607   progress : 0.371
name: models.architecture.block_type=simple
models.architecture.mamba_type=mamba
training.mode=rollout
models.out_dim=6    avg_loss: 0.000000378823  time_per_window : 0.001587   progress : 0.382
name: models.architecture.block_type=simple
models.architecture.mamba_type=mamba
training.mode=rollout
models.out_dim=6    avg_loss: 0.000000383287  time_per_window : 0.001573   progress : 0.393
name: models.architecture.block_type=simple
models.architecture.mamba_type=mamba
training.mode=rollout
models.out_dim=6    avg_loss: 0.000000393221  time_per_window : 0.001628   progress : 0.404
name: models.architecture.block_type=simple
models.architecture.mamba_type=mamba
training.mode=rollout
models.out_dim=6    avg_loss: 0.000000490820  time_per_window : 0.001434   progress : 0.415
name: models.architecture.block_type=simple
models.architecture.mamba_type=mamba
training.mode=rollout
models.out_dim=6    avg_loss: 0.000000374155  time_per_window : 0.001656   progress : 0.426
name: models.architecture.block_type=simple
models.architecture.mamba_type=mamba
training.mode=rollout
models.out_dim=6    avg_loss: 0.000000412244  time_per_window : 0.001572   progress : 0.437
name: models.architecture.block_type=simple
models.architecture.mamba_type=mamba
training.mode=rollout
models.out_dim=6    avg_loss: 0.000000425168  time_per_window : 0.001670   progress : 0.448
name: models.architecture.block_type=simple
models.architecture.mamba_type=mamba
training.mode=rollout
models.out_dim=6    avg_loss: 0.000000380330  time_per_window : 0.001501   progress : 0.459
name: models.architecture.block_type=simple
models.architecture.mamba_type=mamba
training.mode=rollout
models.out_dim=6    avg_loss: 0.000000438641  time_per_window : 0.001601   progress : 0.470
name: models.architecture.block_type=simple
models.architecture.mamba_type=mamba
training.mode=rollout
models.out_dim=6    avg_loss: 0.000000369776  time_per_window : 0.001679   progress : 0.481
name: models.architecture.block_type=simple
models.architecture.mamba_type=mamba
training.mode=rollout
models.out_dim=6    avg_loss: 0.000000359918  time_per_window : 0.001665   progress : 0.492
name: models.architecture.block_type=simple
models.architecture.mamba_type=mamba
training.mode=rollout
models.out_dim=6    avg_loss: 0.000000399557  time_per_window : 0.001587   progress : 0.502
name: models.architecture.block_type=simple
models.architecture.mamba_type=mamba
training.mode=rollout
models.out_dim=6    avg_loss: 0.000000470428  time_per_window : 0.001736   progress : 0.513
name: models.architecture.block_type=simple
models.architecture.mamba_type=mamba
training.mode=rollout
models.out_dim=6    avg_loss: 0.000000374470  time_per_window : 0.001590   progress : 0.524
name: models.architecture.block_type=simple
models.architecture.mamba_type=mamba
training.mode=rollout
models.out_dim=6    avg_loss: 0.000000410130  time_per_window : 0.001625   progress : 0.535
name: models.architecture.block_type=simple
models.architecture.mamba_type=mamba
training.mode=rollout
models.out_dim=6    avg_loss: 0.000000402075  time_per_window : 0.001483   progress : 0.546
name: models.architecture.block_type=simple
models.architecture.mamba_type=mamba
training.mode=rollout
models.out_dim=6    avg_loss: 0.000000386973  time_per_window : 0.001382   progress : 0.557
name: models.architecture.block_type=simple
models.architecture.mamba_type=mamba
training.mode=rollout
models.out_dim=6    avg_loss: 0.000000402913  time_per_window : 0.001592   progress : 0.568
name: models.architecture.block_type=simple
models.architecture.mamba_type=mamba
training.mode=rollout
models.out_dim=6    avg_loss: 0.000000402869  time_per_window : 0.001629   progress : 0.579
name: models.architecture.block_type=simple
models.architecture.mamba_type=mamba
training.mode=rollout
models.out_dim=6    avg_loss: 0.000000517300  time_per_window : 0.001569   progress : 0.590
name: models.architecture.block_type=simple
models.architecture.mamba_type=mamba
training.mode=rollout
models.out_dim=6    avg_loss: 0.000000369758  time_per_window : 0.001595   progress : 0.601
name: models.architecture.block_type=simple
models.architecture.mamba_type=mamba
training.mode=rollout
models.out_dim=6    avg_loss: 0.000000337965  time_per_window : 0.001432   progress : 0.612
name: models.architecture.block_type=simple
models.architecture.mamba_type=mamba
training.mode=rollout
models.out_dim=6    avg_loss: 0.000000393333  time_per_window : 0.001634   progress : 0.623
name: models.architecture.block_type=simple
models.architecture.mamba_type=mamba
training.mode=rollout
models.out_dim=6    avg_loss: 0.000000394499  time_per_window : 0.001573   progress : 0.634
name: models.architecture.block_type=simple
models.architecture.mamba_type=mamba
training.mode=rollout
models.out_dim=6    avg_loss: 0.000000398681  time_per_window : 0.001433   progress : 0.644
name: models.architecture.block_type=simple
models.architecture.mamba_type=mamba
training.mode=rollout
models.out_dim=6    avg_loss: 0.000000381432  time_per_window : 0.001649   progress : 0.655
name: models.architecture.block_type=simple
models.architecture.mamba_type=mamba
training.mode=rollout
models.out_dim=6    avg_loss: 0.000000447056  time_per_window : 0.001463   progress : 0.666
name: models.architecture.block_type=simple
models.architecture.mamba_type=mamba
training.mode=rollout
models.out_dim=6    avg_loss: 0.000000452765  time_per_window : 0.001754   progress : 0.677
name: models.architecture.block_type=simple
models.architecture.mamba_type=mamba
training.mode=rollout
models.out_dim=6    avg_loss: 0.000000320451  time_per_window : 0.001645   progress : 0.688
name: models.architecture.block_type=simple
models.architecture.mamba_type=mamba
training.mode=rollout
models.out_dim=6    avg_loss: 0.000000377629  time_per_window : 0.001540   progress : 0.699
name: models.architecture.block_type=simple
models.architecture.mamba_type=mamba
training.mode=rollout
models.out_dim=6    avg_loss: 0.000000379895  time_per_window : 0.001464   progress : 0.710
name: models.architecture.block_type=simple
models.architecture.mamba_type=mamba
training.mode=rollout
models.out_dim=6    avg_loss: 0.000000405609  time_per_window : 0.001432   progress : 0.721
name: models.architecture.block_type=simple
models.architecture.mamba_type=mamba
training.mode=rollout
models.out_dim=6    avg_loss: 0.000000437760  time_per_window : 0.001492   progress : 0.732
name: models.architecture.block_type=simple
models.architecture.mamba_type=mamba
training.mode=rollout
models.out_dim=6    avg_loss: 0.000000358399  time_per_window : 0.001562   progress : 0.743
name: models.architecture.block_type=simple
models.architecture.mamba_type=mamba
training.mode=rollout
models.out_dim=6    avg_loss: 0.000000350800  time_per_window : 0.001636   progress : 0.754
name: models.architecture.block_type=simple
models.architecture.mamba_type=mamba
training.mode=rollout
models.out_dim=6    avg_loss: 0.000000339999  time_per_window : 0.001426   progress : 0.765
name: models.architecture.block_type=simple
models.architecture.mamba_type=mamba
training.mode=rollout
models.out_dim=6    avg_loss: 0.000000441419  time_per_window : 0.001633   progress : 0.775
name: models.architecture.block_type=simple
models.architecture.mamba_type=mamba
training.mode=rollout
models.out_dim=6    avg_loss: 0.000000339063  time_per_window : 0.001555   progress : 0.786
name: models.architecture.block_type=simple
models.architecture.mamba_type=mamba
training.mode=rollout
models.out_dim=6    avg_loss: 0.000000400384  time_per_window : 0.001667   progress : 0.797
name: models.architecture.block_type=simple
models.architecture.mamba_type=mamba
training.mode=rollout
models.out_dim=6    avg_loss: 0.000000366954  time_per_window : 0.001518   progress : 0.808
name: models.architecture.block_type=simple
models.architecture.mamba_type=mamba
training.mode=rollout
models.out_dim=6    avg_loss: 0.000000414171  time_per_window : 0.001615   progress : 0.819
name: models.architecture.block_type=simple
models.architecture.mamba_type=mamba
training.mode=rollout
models.out_dim=6    avg_loss: 0.000000377535  time_per_window : 0.001501   progress : 0.830
name: models.architecture.block_type=simple
models.architecture.mamba_type=mamba
training.mode=rollout
models.out_dim=6    avg_loss: 0.000000388148  time_per_window : 0.001658   progress : 0.841
name: models.architecture.block_type=simple
models.architecture.mamba_type=mamba
training.mode=rollout
models.out_dim=6    avg_loss: 0.000000432977  time_per_window : 0.001175   progress : 0.852
name: models.architecture.block_type=simple
models.architecture.mamba_type=mamba
training.mode=rollout
models.out_dim=6    avg_loss: 0.000000333983  time_per_window : 0.001464   progress : 0.863
name: models.architecture.block_type=simple
models.architecture.mamba_type=mamba
training.mode=rollout
models.out_dim=6    avg_loss: 0.000000331566  time_per_window : 0.001515   progress : 0.874
name: models.architecture.block_type=simple
models.architecture.mamba_type=mamba
training.mode=rollout
models.out_dim=6    avg_loss: 0.000000381280  time_per_window : 0.001456   progress : 0.885
name: models.architecture.block_type=simple
models.architecture.mamba_type=mamba
training.mode=rollout
models.out_dim=6    avg_loss: 0.000000363208  time_per_window : 0.001548   progress : 0.896
name: models.architecture.block_type=simple
models.architecture.mamba_type=mamba
training.mode=rollout
models.out_dim=6    avg_loss: 0.000000312960  time_per_window : 0.001418   progress : 0.907
name: models.architecture.block_type=simple
models.architecture.mamba_type=mamba
training.mode=rollout
models.out_dim=6    avg_loss: 0.000000407170  time_per_window : 0.001609   progress : 0.917
name: models.architecture.block_type=simple
models.architecture.mamba_type=mamba
training.mode=rollout
models.out_dim=6    avg_loss: 0.000000833469  time_per_window : 0.001681   progress : 0.928
name: models.architecture.block_type=simple
models.architecture.mamba_type=mamba
training.mode=rollout
models.out_dim=6    avg_loss: 0.000000297148  time_per_window : 0.001614   progress : 0.939
name: models.architecture.block_type=simple
models.architecture.mamba_type=mamba
training.mode=rollout
models.out_dim=6    avg_loss: 0.000000329637  time_per_window : 0.001739   progress : 0.950
name: models.architecture.block_type=simple
models.architecture.mamba_type=mamba
training.mode=rollout
models.out_dim=6    avg_loss: 0.000000326380  time_per_window : 0.001663   progress : 0.961
name: models.architecture.block_type=simple
models.architecture.mamba_type=mamba
training.mode=rollout
models.out_dim=6    avg_loss: 0.000000329107  time_per_window : 0.001687   progress : 0.972
name: models.architecture.block_type=simple
models.architecture.mamba_type=mamba
training.mode=rollout
models.out_dim=6    avg_loss: 0.000000324986  time_per_window : 0.001589   progress : 0.983
name: models.architecture.block_type=simple
models.architecture.mamba_type=mamba
training.mode=rollout
models.out_dim=6    avg_loss: 0.000000284775  time_per_window : 0.001602   progress : 0.994
name: models.architecture.block_type=simple
models.architecture.mamba_type=mamba
training.mode=rollout
models.out_dim=6    avg_loss: 0.000019148389  time_per_window : 0.001461   progress : 0.011
name: models.architecture.block_type=simple
models.architecture.mamba_type=mamba
training.mode=rollout
models.out_dim=6    avg_loss: 0.000000406463  time_per_window : 0.001386   progress : 0.022
name: models.architecture.block_type=simple
models.architecture.mamba_type=mamba
training.mode=rollout
models.out_dim=6    avg_loss: 0.000000389615  time_per_window : 0.001611   progress : 0.033
name: models.architecture.block_type=simple
models.architecture.mamba_type=mamba
training.mode=rollout
models.out_dim=6    avg_loss: 0.000000396464  time_per_window : 0.001605   progress : 0.044
name: models.architecture.block_type=simple
models.architecture.mamba_type=mamba
training.mode=rollout
models.out_dim=6    avg_loss: 0.000000402034  time_per_window : 0.001631   progress : 0.055
name: models.architecture.block_type=simple
models.architecture.mamba_type=mamba
training.mode=rollout
models.out_dim=6    avg_loss: 0.000000372326  time_per_window : 0.001697   progress : 0.066
name: models.architecture.block_type=simple
models.architecture.mamba_type=mamba
training.mode=rollout
models.out_dim=6    avg_loss: 0.000000375776  time_per_window : 0.001603   progress : 0.076
name: models.architecture.block_type=simple
models.architecture.mamba_type=mamba
training.mode=rollout
models.out_dim=6    avg_loss: 0.000000414154  time_per_window : 0.001615   progress : 0.087
name: models.architecture.block_type=simple
models.architecture.mamba_type=mamba
training.mode=rollout
models.out_dim=6    avg_loss: 0.000000396755  time_per_window : 0.001441   progress : 0.098
name: models.architecture.block_type=simple
models.architecture.mamba_type=mamba
training.mode=rollout
models.out_dim=6    avg_loss: 0.000000380856  time_per_window : 0.001504   progress : 0.109
name: models.architecture.block_type=simple
models.architecture.mamba_type=mamba
training.mode=rollout
models.out_dim=6    avg_loss: 0.000000427739  time_per_window : 0.001464   progress : 0.120
name: models.architecture.block_type=simple
models.architecture.mamba_type=mamba
training.mode=rollout
models.out_dim=6    avg_loss: 0.000000404352  time_per_window : 0.001589   progress : 0.131
name: models.architecture.block_type=simple
models.architecture.mamba_type=mamba
training.mode=rollout
models.out_dim=6    avg_loss: 0.000000451498  time_per_window : 0.001479   progress : 0.142
name: models.architecture.block_type=simple
models.architecture.mamba_type=mamba
training.mode=rollout
models.out_dim=6    avg_loss: 0.000000431989  time_per_window : 0.001525   progress : 0.153
name: models.architecture.block_type=simple
models.architecture.mamba_type=mamba
training.mode=rollout
models.out_dim=6    avg_loss: 0.000000431537  time_per_window : 0.001574   progress : 0.164
name: models.architecture.block_type=simple
models.architecture.mamba_type=mamba
training.mode=rollout
models.out_dim=6    avg_loss: 0.000000503846  time_per_window : 0.001616   progress : 0.175
name: models.architecture.block_type=simple
models.architecture.mamba_type=mamba
training.mode=rollout
models.out_dim=6    avg_loss: 0.000000431929  time_per_window : 0.001541   progress : 0.186
name: models.architecture.block_type=simple
models.architecture.mamba_type=mamba
training.mode=rollout
models.out_dim=6    avg_loss: 0.000000440667  time_per_window : 0.001461   progress : 0.197
name: models.architecture.block_type=simple
models.architecture.mamba_type=mamba
training.mode=rollout
models.out_dim=6    avg_loss: 0.000000436777  time_per_window : 0.001370   progress : 0.208
name: models.architecture.block_type=simple
models.architecture.mamba_type=mamba
training.mode=rollout
models.out_dim=6    avg_loss: 0.000000497365  time_per_window : 0.001528   progress : 0.218
name: models.architecture.block_type=simple
models.architecture.mamba_type=mamba
training.mode=rollout
models.out_dim=6    avg_loss: 0.000000526647  time_per_window : 0.001557   progress : 0.229
name: models.architecture.block_type=simple
models.architecture.mamba_type=mamba
training.mode=rollout
models.out_dim=6    avg_loss: 0.000000496171  time_per_window : 0.001513   progress : 0.240
name: models.architecture.block_type=simple
models.architecture.mamba_type=mamba
training.mode=rollout
models.out_dim=6    avg_loss: 0.000000558825  time_per_window : 0.001620   progress : 0.251
name: models.architecture.block_type=simple
models.architecture.mamba_type=mamba
training.mode=rollout
models.out_dim=6    avg_loss: 0.000000467763  time_per_window : 0.001470   progress : 0.262
name: models.architecture.block_type=simple
models.architecture.mamba_type=mamba
training.mode=rollout
models.out_dim=6    avg_loss: 0.000000498276  time_per_window : 0.001511   progress : 0.273
name: models.architecture.block_type=simple
models.architecture.mamba_type=mamba
training.mode=rollout
models.out_dim=6    avg_loss: 0.000000491266  time_per_window : 0.001452   progress : 0.284
name: models.architecture.block_type=simple
models.architecture.mamba_type=mamba
training.mode=rollout
models.out_dim=6    avg_loss: 0.000000499286  time_per_window : 0.001664   progress : 0.295
name: models.architecture.block_type=simple
models.architecture.mamba_type=mamba
training.mode=rollout
models.out_dim=6    avg_loss: 0.000000505139  time_per_window : 0.001558   progress : 0.306
name: models.architecture.block_type=simple
models.architecture.mamba_type=mamba
training.mode=rollout
models.out_dim=6    avg_loss: 0.000000515137  time_per_window : 0.001550   progress : 0.317
name: models.architecture.block_type=simple
models.architecture.mamba_type=mamba
training.mode=rollout
models.out_dim=6    avg_loss: 0.000000548620  time_per_window : 0.001670   progress : 0.328
name: models.architecture.block_type=simple
models.architecture.mamba_type=mamba
training.mode=rollout
models.out_dim=6    avg_loss: 0.000000511159  time_per_window : 0.001566   progress : 0.339
name: models.architecture.block_type=simple
models.architecture.mamba_type=mamba
training.mode=rollout
models.out_dim=6    avg_loss: 0.000000499743  time_per_window : 0.001342   progress : 0.350
name: models.architecture.block_type=simple
models.architecture.mamba_type=mamba
training.mode=rollout
models.out_dim=6    avg_loss: 0.000000502233  time_per_window : 0.001485   progress : 0.360
name: models.architecture.block_type=simple
models.architecture.mamba_type=mamba
training.mode=rollout
models.out_dim=6    avg_loss: 0.000000492557  time_per_window : 0.001643   progress : 0.371
name: models.architecture.block_type=simple
models.architecture.mamba_type=mamba
training.mode=rollout
models.out_dim=6    avg_loss: 0.000000481645  time_per_window : 0.001595   progress : 0.382
name: models.architecture.block_type=simple
models.architecture.mamba_type=mamba
training.mode=rollout
models.out_dim=6    avg_loss: 0.000000523941  time_per_window : 0.001577   progress : 0.393
name: models.architecture.block_type=simple
models.architecture.mamba_type=mamba
training.mode=rollout
models.out_dim=6    avg_loss: 0.000000523532  time_per_window : 0.001555   progress : 0.404
name: models.architecture.block_type=simple
models.architecture.mamba_type=mamba
training.mode=rollout
models.out_dim=6    avg_loss: 0.000000503363  time_per_window : 0.001594   progress : 0.415
name: models.architecture.block_type=simple
models.architecture.mamba_type=mamba
training.mode=rollout
models.out_dim=6    avg_loss: 0.000000513005  time_per_window : 0.001622   progress : 0.426
name: models.architecture.block_type=simple
models.architecture.mamba_type=mamba
training.mode=rollout
models.out_dim=6    avg_loss: 0.000000551982  time_per_window : 0.001642   progress : 0.437
name: models.architecture.block_type=simple
models.architecture.mamba_type=mamba
training.mode=rollout
models.out_dim=6    avg_loss: 0.000000518934  time_per_window : 0.001382   progress : 0.448
name: models.architecture.block_type=simple
models.architecture.mamba_type=mamba
training.mode=rollout
models.out_dim=6    avg_loss: 0.000000475973  time_per_window : 0.001575   progress : 0.459
name: models.architecture.block_type=simple
models.architecture.mamba_type=mamba
training.mode=rollout
models.out_dim=6    avg_loss: 0.000000419940  time_per_window : 0.001529   progress : 0.470
name: models.architecture.block_type=simple
models.architecture.mamba_type=mamba
training.mode=rollout
models.out_dim=6    avg_loss: 0.000000495892  time_per_window : 0.001702   progress : 0.481
name: models.architecture.block_type=simple
models.architecture.mamba_type=mamba
training.mode=rollout
models.out_dim=6    avg_loss: 0.000000514397  time_per_window : 0.001574   progress : 0.492
name: models.architecture.block_type=simple
models.architecture.mamba_type=mamba
training.mode=rollout
models.out_dim=6    avg_loss: 0.000000485733  time_per_window : 0.001496   progress : 0.502
name: models.architecture.block_type=simple
models.architecture.mamba_type=mamba
training.mode=rollout
models.out_dim=6    avg_loss: 0.000000458543  time_per_window : 0.001631   progress : 0.513
name: models.architecture.block_type=simple
models.architecture.mamba_type=mamba
training.mode=rollout
models.out_dim=6    avg_loss: 0.000000435099  time_per_window : 0.001613   progress : 0.524
name: models.architecture.block_type=simple
models.architecture.mamba_type=mamba
training.mode=rollout
models.out_dim=6    avg_loss: 0.000000477315  time_per_window : 0.001472   progress : 0.535
name: models.architecture.block_type=simple
models.architecture.mamba_type=mamba
training.mode=rollout
models.out_dim=6    avg_loss: 0.000000455637  time_per_window : 0.001595   progress : 0.546
name: models.architecture.block_type=simple
models.architecture.mamba_type=mamba
training.mode=rollout
models.out_dim=6    avg_loss: 0.000000520747  time_per_window : 0.001671   progress : 0.557
name: models.architecture.block_type=simple
models.architecture.mamba_type=mamba
training.mode=rollout
models.out_dim=6    avg_loss: 0.000000470894  time_per_window : 0.001617   progress : 0.568
name: models.architecture.block_type=simple
models.architecture.mamba_type=mamba
training.mode=rollout
models.out_dim=6    avg_loss: 0.000000488427  time_per_window : 0.001467   progress : 0.579
name: models.architecture.block_type=simple
models.architecture.mamba_type=mamba
training.mode=rollout
models.out_dim=6    avg_loss: 0.000000431558  time_per_window : 0.001667   progress : 0.590
name: models.architecture.block_type=simple
models.architecture.mamba_type=mamba
training.mode=rollout
models.out_dim=6    avg_loss: 0.000000414185  time_per_window : 0.001497   progress : 0.601
name: models.architecture.block_type=simple
models.architecture.mamba_type=mamba
training.mode=rollout
models.out_dim=6    avg_loss: 0.000000483929  time_per_window : 0.001636   progress : 0.612
name: models.architecture.block_type=simple
models.architecture.mamba_type=mamba
training.mode=rollout
models.out_dim=6    avg_loss: 0.000000424013  time_per_window : 0.001683   progress : 0.623
name: models.architecture.block_type=simple
models.architecture.mamba_type=mamba
training.mode=rollout
models.out_dim=6    avg_loss: 0.000000392221  time_per_window : 0.001498   progress : 0.634
name: models.architecture.block_type=simple
models.architecture.mamba_type=mamba
training.mode=rollout
models.out_dim=6    avg_loss: 0.000030350091  time_per_window : 0.001533   progress : 0.644
name: models.architecture.block_type=simple
models.architecture.mamba_type=mamba
training.mode=rollout
models.out_dim=6    avg_loss: 0.000009858641  time_per_window : 0.001576   progress : 0.655
name: models.architecture.block_type=simple
models.architecture.mamba_type=mamba
training.mode=rollout
models.out_dim=6    avg_loss: 0.000001489405  time_per_window : 0.001717   progress : 0.666
name: models.architecture.block_type=simple
models.architecture.mamba_type=mamba
training.mode=rollout
models.out_dim=6    avg_loss: 0.000001105091  time_per_window : 0.001271   progress : 0.677
name: models.architecture.block_type=simple
models.architecture.mamba_type=mamba
training.mode=rollout
models.out_dim=6    avg_loss: 0.000000986954  time_per_window : 0.001493   progress : 0.688
name: models.architecture.block_type=simple
models.architecture.mamba_type=mamba
training.mode=rollout
models.out_dim=6    avg_loss: 0.000000877105  time_per_window : 0.001503   progress : 0.699
name: models.architecture.block_type=simple
models.architecture.mamba_type=mamba
training.mode=rollout
models.out_dim=6    avg_loss: 0.000000765514  time_per_window : 0.001511   progress : 0.710
name: models.architecture.block_type=simple
models.architecture.mamba_type=mamba
training.mode=rollout
models.out_dim=6    avg_loss: 0.000000737032  time_per_window : 0.001688   progress : 0.721
name: models.architecture.block_type=simple
models.architecture.mamba_type=mamba
training.mode=rollout
models.out_dim=6    avg_loss: 0.000000732391  time_per_window : 0.001586   progress : 0.732
name: models.architecture.block_type=simple
models.architecture.mamba_type=mamba
training.mode=rollout
models.out_dim=6    avg_loss: 0.000000664461  time_per_window : 0.001590   progress : 0.743
name: models.architecture.block_type=simple
models.architecture.mamba_type=mamba
training.mode=rollout
models.out_dim=6    avg_loss: 0.000000667666  time_per_window : 0.001654   progress : 0.754
name: models.architecture.block_type=simple
models.architecture.mamba_type=mamba
training.mode=rollout
models.out_dim=6    avg_loss: 0.000000615223  time_per_window : 0.001542   progress : 0.765
name: models.architecture.block_type=simple
models.architecture.mamba_type=mamba
training.mode=rollout
models.out_dim=6    avg_loss: 0.000000578761  time_per_window : 0.001484   progress : 0.775
name: models.architecture.block_type=simple
models.architecture.mamba_type=mamba
training.mode=rollout
models.out_dim=6    avg_loss: 0.000000575655  time_per_window : 0.001619   progress : 0.786
name: models.architecture.block_type=simple
models.architecture.mamba_type=mamba
training.mode=rollout
models.out_dim=6    avg_loss: 0.000000525725  time_per_window : 0.001602   progress : 0.797
name: models.architecture.block_type=simple
models.architecture.mamba_type=mamba
training.mode=rollout
models.out_dim=6    avg_loss: 0.000000522751  time_per_window : 0.001598   progress : 0.808
name: models.architecture.block_type=simple
models.architecture.mamba_type=mamba
training.mode=rollout
models.out_dim=6    avg_loss: 0.000000547140  time_per_window : 0.001392   progress : 0.819
name: models.architecture.block_type=simple
models.architecture.mamba_type=mamba
training.mode=rollout
models.out_dim=6    avg_loss: 0.000000563342  time_per_window : 0.001476   progress : 0.830
name: models.architecture.block_type=simple
models.architecture.mamba_type=mamba
training.mode=rollout
models.out_dim=6    avg_loss: 0.000000537838  time_per_window : 0.001483   progress : 0.841
name: models.architecture.block_type=simple
models.architecture.mamba_type=mamba
training.mode=rollout
models.out_dim=6    avg_loss: 0.000000530577  time_per_window : 0.001571   progress : 0.852
name: models.architecture.block_type=simple
models.architecture.mamba_type=mamba
training.mode=rollout
models.out_dim=6    avg_loss: 0.000000546035  time_per_window : 0.001444   progress : 0.863
name: models.architecture.block_type=simple
models.architecture.mamba_type=mamba
training.mode=rollout
models.out_dim=6    avg_loss: 0.000000560891  time_per_window : 0.001522   progress : 0.874
name: models.architecture.block_type=simple
models.architecture.mamba_type=mamba
training.mode=rollout
models.out_dim=6    avg_loss: 0.000000565223  time_per_window : 0.001629   progress : 0.885
name: models.architecture.block_type=simple
models.architecture.mamba_type=mamba
training.mode=rollout
models.out_dim=6    avg_loss: 0.000000475083  time_per_window : 0.001724   progress : 0.896
name: models.architecture.block_type=simple
models.architecture.mamba_type=mamba
training.mode=rollout
models.out_dim=6    avg_loss: 0.000000543598  time_per_window : 0.001396   progress : 0.907
name: models.architecture.block_type=simple
models.architecture.mamba_type=mamba
training.mode=rollout
models.out_dim=6    avg_loss: 0.000000521511  time_per_window : 0.001564   progress : 0.917
name: models.architecture.block_type=simple
models.architecture.mamba_type=mamba
training.mode=rollout
models.out_dim=6    avg_loss: 0.000000537735  time_per_window : 0.001394   progress : 0.928
name: models.architecture.block_type=simple
models.architecture.mamba_type=mamba
training.mode=rollout
models.out_dim=6    avg_loss: 0.000000513459  time_per_window : 0.001605   progress : 0.939
name: models.architecture.block_type=simple
models.architecture.mamba_type=mamba
training.mode=rollout
models.out_dim=6    avg_loss: 0.000000558162  time_per_window : 0.001625   progress : 0.950
name: models.architecture.block_type=simple
models.architecture.mamba_type=mamba
training.mode=rollout
models.out_dim=6    avg_loss: 0.000000494442  time_per_window : 0.001660   progress : 0.961
name: models.architecture.block_type=simple
models.architecture.mamba_type=mamba
training.mode=rollout
models.out_dim=6    avg_loss: 0.000000550768  time_per_window : 0.001535   progress : 0.972
name: models.architecture.block_type=simple
models.architecture.mamba_type=mamba
training.mode=rollout
models.out_dim=6    avg_loss: 0.000000601745  time_per_window : 0.001582   progress : 0.983
name: models.architecture.block_type=simple
models.architecture.mamba_type=mamba
training.mode=rollout
models.out_dim=6    avg_loss: 0.000000513474  time_per_window : 0.001594   progress : 0.994
DONE!!!
