/home/jdihardjo/miniconda3/envs/mavenv/lib/python3.11/site-packages/hydra/_internal/defaults_list.py:251: UserWarning: In 'config': Defaults list is missing `_self_`. See https://hydra.cc/docs/1.2/upgrades/1.0_to_1.1/default_composition_order for more information
  warnings.warn(msg, UserWarning)
Using cuda:1 device
[2026-07-22 23:12:37,061][HYDRA] Joblib.Parallel(n_jobs=4,backend=loky,prefer=processes,require=None,verbose=0,timeout=None,pre_dispatch=2*n_jobs,batch_size=auto,temp_folder=None,max_nbytes=None,mmap_mode=r) is launching 1 jobs
[2026-07-22 23:12:37,061][HYDRA] Launching jobs, sweep output dir : ablation_runs/2026-07-22_19-23-39/simple_mamba_out13
[2026-07-22 23:12:37,061][HYDRA] 	#0 : models.architecture.block_type=simple models.architecture.mamba_type=mamba training.mode=rollout models.out_dim=13
/home/jdihardjo/miniconda3/envs/mavenv/lib/python3.11/site-packages/hydra/_internal/defaults_list.py:251: UserWarning: In 'config': Defaults list is missing `_self_`. See https://hydra.cc/docs/1.2/upgrades/1.0_to_1.1/default_composition_order for more information
  warnings.warn(msg, UserWarning)
models:
  n_dim: 23
  out_dim: 13
  architecture:
    d_model: 128
    n_encoder_layers: 2
    n_decoder_layers: 0
    block_type: simple
    time_adapter: last_token
    in_norm: none
    out_norm: none
    layer_scale: 0.0001
    drop_path: 0.05
    mamba_type: mamba
    mamba_kwargs:
      d_state: 16
      d_conv: 2
      expand: 2
      norm: rms
    skip: false
    cls_kwargs:
      n_heads: 2
      n_mlp: 2
      positional_encoding: false
      max_len: 5000
input_len: 64
output_len: 1
batch_size: 128
epochs: 5
seed: 0
dataset:
  path: /home/jdihardjo/simdata/train.zarr/
  training_size: 1500000
evaluation:
  path: /home/jdihardjo/simdata/evaluation.zarr/
  evaluation_size: 50
training:
  mode: rollout
  lr: 0.0002
  weight_decay: 0.1
  rollout_steps: 32
checkpoint:
  save_path: hydra-test.pth
  load: false
  path: hydra-test.pth
compile: true

/home/jdihardjo/miniconda3/envs/mavenv/lib/python3.11/site-packages/torch/_dynamo/variables/functions.py:2311: UserWarning: Dynamo does not know how to trace the builtin `selective_scan_cuda.pybind11_detail_function_record_v1_system_libstdcpp_gxx_abi_1xxx_use_cxx11_abi_1.fwd.` This function is either a Python builtin (e.g. _warnings.warn) or a third-party C/C++ Python extension (perhaps created with pybind).
If it is a Python builtin, please file an issue on GitHub so the PyTorch team can add support for it and see the next case for a workaround.
If it is a third-party C/C++ Python extension, please either wrap it into a PyTorch-understood custom operator (see https://pytorch.org/tutorials/advanced/custom_ops_landing_page.html for more details) or, if it is traceable, use `torch.compiler.allow_in_graph`.
  torch._dynamo.utils.warn_once(explanation + "\n" + "\n".join(hints))
/home/jdihardjo/miniconda3/envs/mavenv/lib/python3.11/site-packages/torch/_inductor/cudagraph_trees.py:2622: UserWarning: Unable to hit fast path of CUDAGraphs because outputs from a previous step still require backward. Ensure backward() is invoked or detach outputs. You may also call torch.compiler.cudagraph_mark_step_begin() before each model invocation.
  warnings.warn(
name: models.architecture.block_type=simple
models.architecture.mamba_type=mamba
training.mode=rollout
models.out_dim=13    avg_loss: 0.000176639471  time_per_window : 0.001447   progress : 0.011
name: models.architecture.block_type=simple
models.architecture.mamba_type=mamba
training.mode=rollout
models.out_dim=13    avg_loss: 0.000007231071  time_per_window : 0.001521   progress : 0.022
name: models.architecture.block_type=simple
models.architecture.mamba_type=mamba
training.mode=rollout
models.out_dim=13    avg_loss: 0.000007336426  time_per_window : 0.001441   progress : 0.033
name: models.architecture.block_type=simple
models.architecture.mamba_type=mamba
training.mode=rollout
models.out_dim=13    avg_loss: 0.000007463432  time_per_window : 0.001447   progress : 0.044
name: models.architecture.block_type=simple
models.architecture.mamba_type=mamba
training.mode=rollout
models.out_dim=13    avg_loss: 0.000007255690  time_per_window : 0.001514   progress : 0.055
name: models.architecture.block_type=simple
models.architecture.mamba_type=mamba
training.mode=rollout
models.out_dim=13    avg_loss: 0.000007233768  time_per_window : 0.001115   progress : 0.066
name: models.architecture.block_type=simple
models.architecture.mamba_type=mamba
training.mode=rollout
models.out_dim=13    avg_loss: 0.000007353131  time_per_window : 0.001461   progress : 0.076
name: models.architecture.block_type=simple
models.architecture.mamba_type=mamba
training.mode=rollout
models.out_dim=13    avg_loss: 0.000007143550  time_per_window : 0.001554   progress : 0.087
name: models.architecture.block_type=simple
models.architecture.mamba_type=mamba
training.mode=rollout
models.out_dim=13    avg_loss: 0.000007092926  time_per_window : 0.001568   progress : 0.098
name: models.architecture.block_type=simple
models.architecture.mamba_type=mamba
training.mode=rollout
models.out_dim=13    avg_loss: 0.000007068016  time_per_window : 0.001487   progress : 0.109
name: models.architecture.block_type=simple
models.architecture.mamba_type=mamba
training.mode=rollout
models.out_dim=13    avg_loss: 0.000007147407  time_per_window : 0.001445   progress : 0.120
name: models.architecture.block_type=simple
models.architecture.mamba_type=mamba
training.mode=rollout
models.out_dim=13    avg_loss: 0.000006802986  time_per_window : 0.001451   progress : 0.131
name: models.architecture.block_type=simple
models.architecture.mamba_type=mamba
training.mode=rollout
models.out_dim=13    avg_loss: 0.000006694405  time_per_window : 0.001387   progress : 0.142
name: models.architecture.block_type=simple
models.architecture.mamba_type=mamba
training.mode=rollout
models.out_dim=13    avg_loss: 0.000006527762  time_per_window : 0.001496   progress : 0.153
name: models.architecture.block_type=simple
models.architecture.mamba_type=mamba
training.mode=rollout
models.out_dim=13    avg_loss: 0.000006297475  time_per_window : 0.001431   progress : 0.164
name: models.architecture.block_type=simple
models.architecture.mamba_type=mamba
training.mode=rollout
models.out_dim=13    avg_loss: 0.000006081801  time_per_window : 0.001111   progress : 0.175
name: models.architecture.block_type=simple
models.architecture.mamba_type=mamba
training.mode=rollout
models.out_dim=13    avg_loss: 0.000006034320  time_per_window : 0.000967   progress : 0.186
name: models.architecture.block_type=simple
models.architecture.mamba_type=mamba
training.mode=rollout
models.out_dim=13    avg_loss: 0.000005919723  time_per_window : 0.001182   progress : 0.197
name: models.architecture.block_type=simple
models.architecture.mamba_type=mamba
training.mode=rollout
models.out_dim=13    avg_loss: 0.000005835629  time_per_window : 0.001210   progress : 0.208
name: models.architecture.block_type=simple
models.architecture.mamba_type=mamba
training.mode=rollout
models.out_dim=13    avg_loss: 0.000005854371  time_per_window : 0.001075   progress : 0.218
name: models.architecture.block_type=simple
models.architecture.mamba_type=mamba
training.mode=rollout
models.out_dim=13    avg_loss: 0.000005794512  time_per_window : 0.001111   progress : 0.229
name: models.architecture.block_type=simple
models.architecture.mamba_type=mamba
training.mode=rollout
models.out_dim=13    avg_loss: 0.000005780235  time_per_window : 0.001118   progress : 0.240
name: models.architecture.block_type=simple
models.architecture.mamba_type=mamba
training.mode=rollout
models.out_dim=13    avg_loss: 0.000005728277  time_per_window : 0.001036   progress : 0.251
name: models.architecture.block_type=simple
models.architecture.mamba_type=mamba
training.mode=rollout
models.out_dim=13    avg_loss: 0.000005725119  time_per_window : 0.001025   progress : 0.262
name: models.architecture.block_type=simple
models.architecture.mamba_type=mamba
training.mode=rollout
models.out_dim=13    avg_loss: 0.000005685120  time_per_window : 0.001173   progress : 0.273
name: models.architecture.block_type=simple
models.architecture.mamba_type=mamba
training.mode=rollout
models.out_dim=13    avg_loss: 0.000005666850  time_per_window : 0.001150   progress : 0.284
name: models.architecture.block_type=simple
models.architecture.mamba_type=mamba
training.mode=rollout
models.out_dim=13    avg_loss: 0.000005601926  time_per_window : 0.001155   progress : 0.295
name: models.architecture.block_type=simple
models.architecture.mamba_type=mamba
training.mode=rollout
models.out_dim=13    avg_loss: 0.000005533085  time_per_window : 0.001225   progress : 0.306
name: models.architecture.block_type=simple
models.architecture.mamba_type=mamba
training.mode=rollout
models.out_dim=13    avg_loss: 0.000005386780  time_per_window : 0.000986   progress : 0.317
name: models.architecture.block_type=simple
models.architecture.mamba_type=mamba
training.mode=rollout
models.out_dim=13    avg_loss: 0.000005417844  time_per_window : 0.001053   progress : 0.328
name: models.architecture.block_type=simple
models.architecture.mamba_type=mamba
training.mode=rollout
models.out_dim=13    avg_loss: 0.000005417123  time_per_window : 0.001181   progress : 0.339
name: models.architecture.block_type=simple
models.architecture.mamba_type=mamba
training.mode=rollout
models.out_dim=13    avg_loss: 0.000005358870  time_per_window : 0.001230   progress : 0.350
name: models.architecture.block_type=simple
models.architecture.mamba_type=mamba
training.mode=rollout
models.out_dim=13    avg_loss: 0.000005282215  time_per_window : 0.001148   progress : 0.360
name: models.architecture.block_type=simple
models.architecture.mamba_type=mamba
training.mode=rollout
models.out_dim=13    avg_loss: 0.000005282165  time_per_window : 0.001005   progress : 0.371
name: models.architecture.block_type=simple
models.architecture.mamba_type=mamba
training.mode=rollout
models.out_dim=13    avg_loss: 0.000005331334  time_per_window : 0.000984   progress : 0.382
name: models.architecture.block_type=simple
models.architecture.mamba_type=mamba
training.mode=rollout
models.out_dim=13    avg_loss: 0.000005256509  time_per_window : 0.001042   progress : 0.393
name: models.architecture.block_type=simple
models.architecture.mamba_type=mamba
training.mode=rollout
models.out_dim=13    avg_loss: 0.000005283732  time_per_window : 0.001010   progress : 0.404
name: models.architecture.block_type=simple
models.architecture.mamba_type=mamba
training.mode=rollout
models.out_dim=13    avg_loss: 0.000005236207  time_per_window : 0.001062   progress : 0.415
name: models.architecture.block_type=simple
models.architecture.mamba_type=mamba
training.mode=rollout
models.out_dim=13    avg_loss: 0.000005252044  time_per_window : 0.001104   progress : 0.426
name: models.architecture.block_type=simple
models.architecture.mamba_type=mamba
training.mode=rollout
models.out_dim=13    avg_loss: 0.000005222266  time_per_window : 0.000952   progress : 0.437
name: models.architecture.block_type=simple
models.architecture.mamba_type=mamba
training.mode=rollout
models.out_dim=13    avg_loss: 0.000005172239  time_per_window : 0.001106   progress : 0.448
name: models.architecture.block_type=simple
models.architecture.mamba_type=mamba
training.mode=rollout
models.out_dim=13    avg_loss: 0.000005166892  time_per_window : 0.001007   progress : 0.459
name: models.architecture.block_type=simple
models.architecture.mamba_type=mamba
training.mode=rollout
models.out_dim=13    avg_loss: 0.000005159429  time_per_window : 0.001139   progress : 0.470
name: models.architecture.block_type=simple
models.architecture.mamba_type=mamba
training.mode=rollout
models.out_dim=13    avg_loss: 0.000005109920  time_per_window : 0.001161   progress : 0.481
name: models.architecture.block_type=simple
models.architecture.mamba_type=mamba
training.mode=rollout
models.out_dim=13    avg_loss: 0.000005211912  time_per_window : 0.001107   progress : 0.492
name: models.architecture.block_type=simple
models.architecture.mamba_type=mamba
training.mode=rollout
models.out_dim=13    avg_loss: 0.000005129883  time_per_window : 0.001121   progress : 0.502
name: models.architecture.block_type=simple
models.architecture.mamba_type=mamba
training.mode=rollout
models.out_dim=13    avg_loss: 0.000005130437  time_per_window : 0.001046   progress : 0.513
name: models.architecture.block_type=simple
models.architecture.mamba_type=mamba
training.mode=rollout
models.out_dim=13    avg_loss: 0.000005182996  time_per_window : 0.000940   progress : 0.524
name: models.architecture.block_type=simple
models.architecture.mamba_type=mamba
training.mode=rollout
models.out_dim=13    avg_loss: 0.000005194720  time_per_window : 0.001189   progress : 0.535
name: models.architecture.block_type=simple
models.architecture.mamba_type=mamba
training.mode=rollout
models.out_dim=13    avg_loss: 0.000005126508  time_per_window : 0.000980   progress : 0.546
name: models.architecture.block_type=simple
models.architecture.mamba_type=mamba
training.mode=rollout
models.out_dim=13    avg_loss: 0.000005182095  time_per_window : 0.001080   progress : 0.557
name: models.architecture.block_type=simple
models.architecture.mamba_type=mamba
training.mode=rollout
models.out_dim=13    avg_loss: 0.000005170113  time_per_window : 0.001103   progress : 0.568
name: models.architecture.block_type=simple
models.architecture.mamba_type=mamba
training.mode=rollout
models.out_dim=13    avg_loss: 0.000005204100  time_per_window : 0.000990   progress : 0.579
name: models.architecture.block_type=simple
models.architecture.mamba_type=mamba
training.mode=rollout
models.out_dim=13    avg_loss: 0.000005218265  time_per_window : 0.001202   progress : 0.590
name: models.architecture.block_type=simple
models.architecture.mamba_type=mamba
training.mode=rollout
models.out_dim=13    avg_loss: 0.000005092300  time_per_window : 0.001200   progress : 0.601
name: models.architecture.block_type=simple
models.architecture.mamba_type=mamba
training.mode=rollout
models.out_dim=13    avg_loss: 0.000005125415  time_per_window : 0.001146   progress : 0.612
name: models.architecture.block_type=simple
models.architecture.mamba_type=mamba
training.mode=rollout
models.out_dim=13    avg_loss: 0.000005104605  time_per_window : 0.001023   progress : 0.623
name: models.architecture.block_type=simple
models.architecture.mamba_type=mamba
training.mode=rollout
models.out_dim=13    avg_loss: 0.000005186622  time_per_window : 0.001140   progress : 0.634
name: models.architecture.block_type=simple
models.architecture.mamba_type=mamba
training.mode=rollout
models.out_dim=13    avg_loss: 0.000005171036  time_per_window : 0.001007   progress : 0.644
name: models.architecture.block_type=simple
models.architecture.mamba_type=mamba
training.mode=rollout
models.out_dim=13    avg_loss: 0.000005136368  time_per_window : 0.001128   progress : 0.655
name: models.architecture.block_type=simple
models.architecture.mamba_type=mamba
training.mode=rollout
models.out_dim=13    avg_loss: 0.000005151792  time_per_window : 0.001219   progress : 0.666
name: models.architecture.block_type=simple
models.architecture.mamba_type=mamba
training.mode=rollout
models.out_dim=13    avg_loss: 0.000005158026  time_per_window : 0.001169   progress : 0.677
name: models.architecture.block_type=simple
models.architecture.mamba_type=mamba
training.mode=rollout
models.out_dim=13    avg_loss: 0.000005058281  time_per_window : 0.001223   progress : 0.688
name: models.architecture.block_type=simple
models.architecture.mamba_type=mamba
training.mode=rollout
models.out_dim=13    avg_loss: 0.000005120862  time_per_window : 0.001179   progress : 0.699
name: models.architecture.block_type=simple
models.architecture.mamba_type=mamba
training.mode=rollout
models.out_dim=13    avg_loss: 0.000005210697  time_per_window : 0.001094   progress : 0.710
name: models.architecture.block_type=simple
models.architecture.mamba_type=mamba
training.mode=rollout
models.out_dim=13    avg_loss: 0.000005106502  time_per_window : 0.001103   progress : 0.721
name: models.architecture.block_type=simple
models.architecture.mamba_type=mamba
training.mode=rollout
models.out_dim=13    avg_loss: 0.000005201635  time_per_window : 0.000974   progress : 0.732
name: models.architecture.block_type=simple
models.architecture.mamba_type=mamba
training.mode=rollout
models.out_dim=13    avg_loss: 0.000005137764  time_per_window : 0.000983   progress : 0.743
name: models.architecture.block_type=simple
models.architecture.mamba_type=mamba
training.mode=rollout
models.out_dim=13    avg_loss: 0.000005155094  time_per_window : 0.001077   progress : 0.754
name: models.architecture.block_type=simple
models.architecture.mamba_type=mamba
training.mode=rollout
models.out_dim=13    avg_loss: 0.000005106596  time_per_window : 0.000966   progress : 0.765
name: models.architecture.block_type=simple
models.architecture.mamba_type=mamba
training.mode=rollout
models.out_dim=13    avg_loss: 0.000005171509  time_per_window : 0.001109   progress : 0.775
name: models.architecture.block_type=simple
models.architecture.mamba_type=mamba
training.mode=rollout
models.out_dim=13    avg_loss: 0.000005112352  time_per_window : 0.000963   progress : 0.786
name: models.architecture.block_type=simple
models.architecture.mamba_type=mamba
training.mode=rollout
models.out_dim=13    avg_loss: 0.000005137921  time_per_window : 0.001242   progress : 0.797
name: models.architecture.block_type=simple
models.architecture.mamba_type=mamba
training.mode=rollout
models.out_dim=13    avg_loss: 0.000005141705  time_per_window : 0.001096   progress : 0.808
name: models.architecture.block_type=simple
models.architecture.mamba_type=mamba
training.mode=rollout
models.out_dim=13    avg_loss: 0.000005089061  time_per_window : 0.001198   progress : 0.819
name: models.architecture.block_type=simple
models.architecture.mamba_type=mamba
training.mode=rollout
models.out_dim=13    avg_loss: 0.000005104559  time_per_window : 0.001043   progress : 0.830
name: models.architecture.block_type=simple
models.architecture.mamba_type=mamba
training.mode=rollout
models.out_dim=13    avg_loss: 0.000005124327  time_per_window : 0.001134   progress : 0.841
name: models.architecture.block_type=simple
models.architecture.mamba_type=mamba
training.mode=rollout
models.out_dim=13    avg_loss: 0.000005140010  time_per_window : 0.000991   progress : 0.852
name: models.architecture.block_type=simple
models.architecture.mamba_type=mamba
training.mode=rollout
models.out_dim=13    avg_loss: 0.000005122660  time_per_window : 0.001162   progress : 0.863
name: models.architecture.block_type=simple
models.architecture.mamba_type=mamba
training.mode=rollout
models.out_dim=13    avg_loss: 0.000005133794  time_per_window : 0.001016   progress : 0.874
name: models.architecture.block_type=simple
models.architecture.mamba_type=mamba
training.mode=rollout
models.out_dim=13    avg_loss: 0.000005147206  time_per_window : 0.001090   progress : 0.885
name: models.architecture.block_type=simple
models.architecture.mamba_type=mamba
training.mode=rollout
models.out_dim=13    avg_loss: 0.000005079336  time_per_window : 0.001247   progress : 0.896
name: models.architecture.block_type=simple
models.architecture.mamba_type=mamba
training.mode=rollout
models.out_dim=13    avg_loss: 0.000005185692  time_per_window : 0.001148   progress : 0.907
name: models.architecture.block_type=simple
models.architecture.mamba_type=mamba
training.mode=rollout
models.out_dim=13    avg_loss: 0.000005200550  time_per_window : 0.001050   progress : 0.917/home/jdihardjo/miniconda3/envs/mavenv/lib/python3.11/site-packages/torch/_inductor/cudagraph_trees.py:2622: UserWarning: Unable to hit fast path of CUDAGraphs because outputs from a previous step still require backward. Ensure backward() is invoked or detach outputs. You may also call torch.compiler.cudagraph_mark_step_begin() before each model invocation.
  warnings.warn(
/home/jdihardjo/miniconda3/envs/mavenv/lib/python3.11/site-packages/torch/_inductor/cudagraph_trees.py:2622: UserWarning: Unable to hit fast path of CUDAGraphs because outputs from a previous step still require backward. Ensure backward() is invoked or detach outputs. You may also call torch.compiler.cudagraph_mark_step_begin() before each model invocation.
  warnings.warn(

name: models.architecture.block_type=simple
models.architecture.mamba_type=mamba
training.mode=rollout
models.out_dim=13    avg_loss: 0.000005163326  time_per_window : 0.001043   progress : 0.928
name: models.architecture.block_type=simple
models.architecture.mamba_type=mamba
training.mode=rollout
models.out_dim=13    avg_loss: 0.000005097214  time_per_window : 0.001017   progress : 0.939
name: models.architecture.block_type=simple
models.architecture.mamba_type=mamba
training.mode=rollout
models.out_dim=13    avg_loss: 0.000005137015  time_per_window : 0.001028   progress : 0.950
name: models.architecture.block_type=simple
models.architecture.mamba_type=mamba
training.mode=rollout
models.out_dim=13    avg_loss: 0.000005141882  time_per_window : 0.001129   progress : 0.961
name: models.architecture.block_type=simple
models.architecture.mamba_type=mamba
training.mode=rollout
models.out_dim=13    avg_loss: 0.000005099831  time_per_window : 0.001073   progress : 0.972
name: models.architecture.block_type=simple
models.architecture.mamba_type=mamba
training.mode=rollout
models.out_dim=13    avg_loss: 0.000005162613  time_per_window : 0.001093   progress : 0.983
name: models.architecture.block_type=simple
models.architecture.mamba_type=mamba
training.mode=rollout
models.out_dim=13    avg_loss: 0.000005156954  time_per_window : 0.001129   progress : 0.994
name: models.architecture.block_type=simple
models.architecture.mamba_type=mamba
training.mode=rollout
models.out_dim=13    avg_loss: 0.000005164142  time_per_window : 0.001261   progress : 0.011
name: models.architecture.block_type=simple
models.architecture.mamba_type=mamba
training.mode=rollout
models.out_dim=13    avg_loss: 0.000005089229  time_per_window : 0.001109   progress : 0.022
name: models.architecture.block_type=simple
models.architecture.mamba_type=mamba
training.mode=rollout
models.out_dim=13    avg_loss: 0.000005043898  time_per_window : 0.001321   progress : 0.033
name: models.architecture.block_type=simple
models.architecture.mamba_type=mamba
training.mode=rollout
models.out_dim=13    avg_loss: 0.000005120247  time_per_window : 0.001020   progress : 0.044
name: models.architecture.block_type=simple
models.architecture.mamba_type=mamba
training.mode=rollout
models.out_dim=13    avg_loss: 0.000005073233  time_per_window : 0.001317   progress : 0.055
name: models.architecture.block_type=simple
models.architecture.mamba_type=mamba
training.mode=rollout
models.out_dim=13    avg_loss: 0.000005149587  time_per_window : 0.001116   progress : 0.066
name: models.architecture.block_type=simple
models.architecture.mamba_type=mamba
training.mode=rollout
models.out_dim=13    avg_loss: 0.000005107041  time_per_window : 0.001163   progress : 0.076
name: models.architecture.block_type=simple
models.architecture.mamba_type=mamba
training.mode=rollout
models.out_dim=13    avg_loss: 0.000005093195  time_per_window : 0.001281   progress : 0.087
name: models.architecture.block_type=simple
models.architecture.mamba_type=mamba
training.mode=rollout
models.out_dim=13    avg_loss: 0.000005048751  time_per_window : 0.001168   progress : 0.098
name: models.architecture.block_type=simple
models.architecture.mamba_type=mamba
training.mode=rollout
models.out_dim=13    avg_loss: 0.000005060900  time_per_window : 0.001345   progress : 0.109
name: models.architecture.block_type=simple
models.architecture.mamba_type=mamba
training.mode=rollout
models.out_dim=13    avg_loss: 0.000005155568  time_per_window : 0.001032   progress : 0.120
name: models.architecture.block_type=simple
models.architecture.mamba_type=mamba
training.mode=rollout
models.out_dim=13    avg_loss: 0.000005112945  time_per_window : 0.001290   progress : 0.131
name: models.architecture.block_type=simple
models.architecture.mamba_type=mamba
training.mode=rollout
models.out_dim=13    avg_loss: 0.000005124413  time_per_window : 0.001192   progress : 0.142
name: models.architecture.block_type=simple
models.architecture.mamba_type=mamba
training.mode=rollout
models.out_dim=13    avg_loss: 0.000005119725  time_per_window : 0.001277   progress : 0.153
name: models.architecture.block_type=simple
models.architecture.mamba_type=mamba
training.mode=rollout
models.out_dim=13    avg_loss: 0.000005109235  time_per_window : 0.001066   progress : 0.164
name: models.architecture.block_type=simple
models.architecture.mamba_type=mamba
training.mode=rollout
models.out_dim=13    avg_loss: 0.000005110270  time_per_window : 0.001320   progress : 0.175
name: models.architecture.block_type=simple
models.architecture.mamba_type=mamba
training.mode=rollout
models.out_dim=13    avg_loss: 0.000005119180  time_per_window : 0.001243   progress : 0.186
name: models.architecture.block_type=simple
models.architecture.mamba_type=mamba
training.mode=rollout
models.out_dim=13    avg_loss: 0.000005076482  time_per_window : 0.001310   progress : 0.197
name: models.architecture.block_type=simple
models.architecture.mamba_type=mamba
training.mode=rollout
models.out_dim=13    avg_loss: 0.000005107462  time_per_window : 0.001250   progress : 0.208
name: models.architecture.block_type=simple
models.architecture.mamba_type=mamba
training.mode=rollout
models.out_dim=13    avg_loss: 0.000005118150  time_per_window : 0.001178   progress : 0.218
name: models.architecture.block_type=simple
models.architecture.mamba_type=mamba
training.mode=rollout
models.out_dim=13    avg_loss: 0.000005141836  time_per_window : 0.001269   progress : 0.229
name: models.architecture.block_type=simple
models.architecture.mamba_type=mamba
training.mode=rollout
models.out_dim=13    avg_loss: 0.000005068287  time_per_window : 0.001265   progress : 0.240
name: models.architecture.block_type=simple
models.architecture.mamba_type=mamba
training.mode=rollout
models.out_dim=13    avg_loss: 0.000005085855  time_per_window : 0.001226   progress : 0.251
name: models.architecture.block_type=simple
models.architecture.mamba_type=mamba
training.mode=rollout
models.out_dim=13    avg_loss: 0.000005109388  time_per_window : 0.001295   progress : 0.262
name: models.architecture.block_type=simple
models.architecture.mamba_type=mamba
training.mode=rollout
models.out_dim=13    avg_loss: 0.000005093249  time_per_window : 0.001290   progress : 0.273
name: models.architecture.block_type=simple
models.architecture.mamba_type=mamba
training.mode=rollout
models.out_dim=13    avg_loss: 0.000005142608  time_per_window : 0.001255   progress : 0.284
name: models.architecture.block_type=simple
models.architecture.mamba_type=mamba
training.mode=rollout
models.out_dim=13    avg_loss: 0.000005047148  time_per_window : 0.001013   progress : 0.295
name: models.architecture.block_type=simple
models.architecture.mamba_type=mamba
training.mode=rollout
models.out_dim=13    avg_loss: 0.000005131561  time_per_window : 0.001107   progress : 0.306
name: models.architecture.block_type=simple
models.architecture.mamba_type=mamba
training.mode=rollout
models.out_dim=13    avg_loss: 0.000005010902  time_per_window : 0.001256   progress : 0.317
name: models.architecture.block_type=simple
models.architecture.mamba_type=mamba
training.mode=rollout
models.out_dim=13    avg_loss: 0.000005123826  time_per_window : 0.001080   progress : 0.328
name: models.architecture.block_type=simple
models.architecture.mamba_type=mamba
training.mode=rollout
models.out_dim=13    avg_loss: 0.000005152389  time_per_window : 0.001052   progress : 0.339
name: models.architecture.block_type=simple
models.architecture.mamba_type=mamba
training.mode=rollout
models.out_dim=13    avg_loss: 0.000005124892  time_per_window : 0.001253   progress : 0.350
name: models.architecture.block_type=simple
models.architecture.mamba_type=mamba
training.mode=rollout
models.out_dim=13    avg_loss: 0.000005109741  time_per_window : 0.001156   progress : 0.360
name: models.architecture.block_type=simple
models.architecture.mamba_type=mamba
training.mode=rollout
models.out_dim=13    avg_loss: 0.000005095187  time_per_window : 0.001260   progress : 0.371
name: models.architecture.block_type=simple
models.architecture.mamba_type=mamba
training.mode=rollout
models.out_dim=13    avg_loss: 0.000005152594  time_per_window : 0.001258   progress : 0.382
name: models.architecture.block_type=simple
models.architecture.mamba_type=mamba
training.mode=rollout
models.out_dim=13    avg_loss: 0.000005124610  time_per_window : 0.001172   progress : 0.393
name: models.architecture.block_type=simple
models.architecture.mamba_type=mamba
training.mode=rollout
models.out_dim=13    avg_loss: 0.000005139641  time_per_window : 0.001049   progress : 0.404
name: models.architecture.block_type=simple
models.architecture.mamba_type=mamba
training.mode=rollout
models.out_dim=13    avg_loss: 0.000005110225  time_per_window : 0.001195   progress : 0.415
name: models.architecture.block_type=simple
models.architecture.mamba_type=mamba
training.mode=rollout
models.out_dim=13    avg_loss: 0.000005124757  time_per_window : 0.001218   progress : 0.426
name: models.architecture.block_type=simple
models.architecture.mamba_type=mamba
training.mode=rollout
models.out_dim=13    avg_loss: 0.000005105651  time_per_window : 0.001266   progress : 0.437
name: models.architecture.block_type=simple
models.architecture.mamba_type=mamba
training.mode=rollout
models.out_dim=13    avg_loss: 0.000005080493  time_per_window : 0.001127   progress : 0.448
name: models.architecture.block_type=simple
models.architecture.mamba_type=mamba
training.mode=rollout
models.out_dim=13    avg_loss: 0.000005080319  time_per_window : 0.001263   progress : 0.459
name: models.architecture.block_type=simple
models.architecture.mamba_type=mamba
training.mode=rollout
models.out_dim=13    avg_loss: 0.000005057683  time_per_window : 0.001089   progress : 0.470
name: models.architecture.block_type=simple
models.architecture.mamba_type=mamba
training.mode=rollout
models.out_dim=13    avg_loss: 0.000005044090  time_per_window : 0.001205   progress : 0.481
name: models.architecture.block_type=simple
models.architecture.mamba_type=mamba
training.mode=rollout
models.out_dim=13    avg_loss: 0.000005131524  time_per_window : 0.001197   progress : 0.492
name: models.architecture.block_type=simple
models.architecture.mamba_type=mamba
training.mode=rollout
models.out_dim=13    avg_loss: 0.000005065066  time_per_window : 0.001278   progress : 0.502
name: models.architecture.block_type=simple
models.architecture.mamba_type=mamba
training.mode=rollout
models.out_dim=13    avg_loss: 0.000005054982  time_per_window : 0.001173   progress : 0.513
name: models.architecture.block_type=simple
models.architecture.mamba_type=mamba
training.mode=rollout
models.out_dim=13    avg_loss: 0.000005116734  time_per_window : 0.001265   progress : 0.524
name: models.architecture.block_type=simple
models.architecture.mamba_type=mamba
training.mode=rollout
models.out_dim=13    avg_loss: 0.000005121323  time_per_window : 0.001049   progress : 0.535
name: models.architecture.block_type=simple
models.architecture.mamba_type=mamba
training.mode=rollout
models.out_dim=13    avg_loss: 0.000005062435  time_per_window : 0.000990   progress : 0.546
name: models.architecture.block_type=simple
models.architecture.mamba_type=mamba
training.mode=rollout
models.out_dim=13    avg_loss: 0.000005114566  time_per_window : 0.001183   progress : 0.557
name: models.architecture.block_type=simple
models.architecture.mamba_type=mamba
training.mode=rollout
models.out_dim=13    avg_loss: 0.000005105310  time_per_window : 0.001148   progress : 0.568
name: models.architecture.block_type=simple
models.architecture.mamba_type=mamba
training.mode=rollout
models.out_dim=13    avg_loss: 0.000005145905  time_per_window : 0.001308   progress : 0.579
name: models.architecture.block_type=simple
models.architecture.mamba_type=mamba
training.mode=rollout
models.out_dim=13    avg_loss: 0.000005166084  time_per_window : 0.001128   progress : 0.590
name: models.architecture.block_type=simple
models.architecture.mamba_type=mamba
training.mode=rollout
models.out_dim=13    avg_loss: 0.000005046388  time_per_window : 0.001056   progress : 0.601
name: models.architecture.block_type=simple
models.architecture.mamba_type=mamba
training.mode=rollout
models.out_dim=13    avg_loss: 0.000005065270  time_per_window : 0.001155   progress : 0.612
name: models.architecture.block_type=simple
models.architecture.mamba_type=mamba
training.mode=rollout
models.out_dim=13    avg_loss: 0.000005062021  time_per_window : 0.001270   progress : 0.623
name: models.architecture.block_type=simple
models.architecture.mamba_type=mamba
training.mode=rollout
models.out_dim=13    avg_loss: 0.000005116804  time_per_window : 0.001234   progress : 0.634
name: models.architecture.block_type=simple
models.architecture.mamba_type=mamba
training.mode=rollout
models.out_dim=13    avg_loss: 0.000005123218  time_per_window : 0.001127   progress : 0.644
name: models.architecture.block_type=simple
models.architecture.mamba_type=mamba
training.mode=rollout
models.out_dim=13    avg_loss: 0.000005084833  time_per_window : 0.001280   progress : 0.655
name: models.architecture.block_type=simple
models.architecture.mamba_type=mamba
training.mode=rollout
models.out_dim=13    avg_loss: 0.000005102698  time_per_window : 0.001260   progress : 0.666
name: models.architecture.block_type=simple
models.architecture.mamba_type=mamba
training.mode=rollout
models.out_dim=13    avg_loss: 0.000005110498  time_per_window : 0.001271   progress : 0.677
name: models.architecture.block_type=simple
models.architecture.mamba_type=mamba
training.mode=rollout
models.out_dim=13    avg_loss: 0.000005005400  time_per_window : 0.001300   progress : 0.688
name: models.architecture.block_type=simple
models.architecture.mamba_type=mamba
training.mode=rollout
models.out_dim=13    avg_loss: 0.000005097807  time_per_window : 0.001084   progress : 0.699
name: models.architecture.block_type=simple
models.architecture.mamba_type=mamba
training.mode=rollout
models.out_dim=13    avg_loss: 0.000005178151  time_per_window : 0.001118   progress : 0.710
name: models.architecture.block_type=simple
models.architecture.mamba_type=mamba
training.mode=rollout
models.out_dim=13    avg_loss: 0.000005060786  time_per_window : 0.001267   progress : 0.721
name: models.architecture.block_type=simple
models.architecture.mamba_type=mamba
training.mode=rollout
models.out_dim=13    avg_loss: 0.000005144595  time_per_window : 0.001219   progress : 0.732
name: models.architecture.block_type=simple
models.architecture.mamba_type=mamba
training.mode=rollout
models.out_dim=13    avg_loss: 0.000005093905  time_per_window : 0.001311   progress : 0.743
name: models.architecture.block_type=simple
models.architecture.mamba_type=mamba
training.mode=rollout
models.out_dim=13    avg_loss: 0.000005124524  time_per_window : 0.001191   progress : 0.754
name: models.architecture.block_type=simple
models.architecture.mamba_type=mamba
training.mode=rollout
models.out_dim=13    avg_loss: 0.000005051976  time_per_window : 0.001283   progress : 0.765
name: models.architecture.block_type=simple
models.architecture.mamba_type=mamba
training.mode=rollout
models.out_dim=13    avg_loss: 0.000005139500  time_per_window : 0.001274   progress : 0.775
name: models.architecture.block_type=simple
models.architecture.mamba_type=mamba
training.mode=rollout
models.out_dim=13    avg_loss: 0.000005072896  time_per_window : 0.001264   progress : 0.786
name: models.architecture.block_type=simple
models.architecture.mamba_type=mamba
training.mode=rollout
models.out_dim=13    avg_loss: 0.000005084376  time_per_window : 0.001250   progress : 0.797
name: models.architecture.block_type=simple
models.architecture.mamba_type=mamba
training.mode=rollout
models.out_dim=13    avg_loss: 0.000005109386  time_per_window : 0.001282   progress : 0.808
name: models.architecture.block_type=simple
models.architecture.mamba_type=mamba
training.mode=rollout
models.out_dim=13    avg_loss: 0.000005059127  time_per_window : 0.001072   progress : 0.819
name: models.architecture.block_type=simple
models.architecture.mamba_type=mamba
training.mode=rollout
models.out_dim=13    avg_loss: 0.000005065081  time_per_window : 0.001275   progress : 0.830
name: models.architecture.block_type=simple
models.architecture.mamba_type=mamba
training.mode=rollout
models.out_dim=13    avg_loss: 0.000005086101  time_per_window : 0.001355   progress : 0.841
name: models.architecture.block_type=simple
models.architecture.mamba_type=mamba
training.mode=rollout
models.out_dim=13    avg_loss: 0.000005109535  time_per_window : 0.001176   progress : 0.852
name: models.architecture.block_type=simple
models.architecture.mamba_type=mamba
training.mode=rollout
models.out_dim=13    avg_loss: 0.000005079540  time_per_window : 0.001214   progress : 0.863
name: models.architecture.block_type=simple
models.architecture.mamba_type=mamba
training.mode=rollout
models.out_dim=13    avg_loss: 0.000005102132  time_per_window : 0.001090   progress : 0.874
name: models.architecture.block_type=simple
models.architecture.mamba_type=mamba
training.mode=rollout
models.out_dim=13    avg_loss: 0.000005103591  time_per_window : 0.001295   progress : 0.885
name: models.architecture.block_type=simple
models.architecture.mamba_type=mamba
training.mode=rollout
models.out_dim=13    avg_loss: 0.000005039532  time_per_window : 0.001205   progress : 0.896
name: models.architecture.block_type=simple
models.architecture.mamba_type=mamba
training.mode=rollout
models.out_dim=13    avg_loss: 0.000005147973  time_per_window : 0.001257   progress : 0.907
name: models.architecture.block_type=simple
models.architecture.mamba_type=mamba
training.mode=rollout
models.out_dim=13    avg_loss: 0.000005161665  time_per_window : 0.001322   progress : 0.917
name: models.architecture.block_type=simple
models.architecture.mamba_type=mamba
training.mode=rollout
models.out_dim=13    avg_loss: 0.000005139383  time_per_window : 0.001277   progress : 0.928
name: models.architecture.block_type=simple
models.architecture.mamba_type=mamba
training.mode=rollout
models.out_dim=13    avg_loss: 0.000005070469  time_per_window : 0.001218   progress : 0.939
name: models.architecture.block_type=simple
models.architecture.mamba_type=mamba
training.mode=rollout
models.out_dim=13    avg_loss: 0.000005116094  time_per_window : 0.001280   progress : 0.950
name: models.architecture.block_type=simple
models.architecture.mamba_type=mamba
training.mode=rollout
models.out_dim=13    avg_loss: 0.000005113686  time_per_window : 0.001261   progress : 0.961
name: models.architecture.block_type=simple
models.architecture.mamba_type=mamba
training.mode=rollout
models.out_dim=13    avg_loss: 0.000005050896  time_per_window : 0.001133   progress : 0.972
name: models.architecture.block_type=simple
models.architecture.mamba_type=mamba
training.mode=rollout
models.out_dim=13    avg_loss: 0.000005135641  time_per_window : 0.001244   progress : 0.983
name: models.architecture.block_type=simple
models.architecture.mamba_type=mamba
training.mode=rollout
models.out_dim=13    avg_loss: 0.000005126346  time_per_window : 0.001284   progress : 0.994
name: models.architecture.block_type=simple
models.architecture.mamba_type=mamba
training.mode=rollout
models.out_dim=13    avg_loss: 0.000005646075  time_per_window : 0.001235   progress : 0.011
name: models.architecture.block_type=simple
models.architecture.mamba_type=mamba
training.mode=rollout
models.out_dim=13    avg_loss: 0.000005079853  time_per_window : 0.001266   progress : 0.022
name: models.architecture.block_type=simple
models.architecture.mamba_type=mamba
training.mode=rollout
models.out_dim=13    avg_loss: 0.000005025835  time_per_window : 0.001275   progress : 0.033
name: models.architecture.block_type=simple
models.architecture.mamba_type=mamba
training.mode=rollout
models.out_dim=13    avg_loss: 0.000005106453  time_per_window : 0.001217   progress : 0.044
name: models.architecture.block_type=simple
models.architecture.mamba_type=mamba
training.mode=rollout
models.out_dim=13    avg_loss: 0.000005051696  time_per_window : 0.001247   progress : 0.055
name: models.architecture.block_type=simple
models.architecture.mamba_type=mamba
training.mode=rollout
models.out_dim=13    avg_loss: 0.000005129615  time_per_window : 0.001254   progress : 0.066
name: models.architecture.block_type=simple
models.architecture.mamba_type=mamba
training.mode=rollout
models.out_dim=13    avg_loss: 0.000005086203  time_per_window : 0.001129   progress : 0.076
name: models.architecture.block_type=simple
models.architecture.mamba_type=mamba
training.mode=rollout
models.out_dim=13    avg_loss: 0.000005067825  time_per_window : 0.001278   progress : 0.087
name: models.architecture.block_type=simple
models.architecture.mamba_type=mamba
training.mode=rollout
models.out_dim=13    avg_loss: 0.000005035040  time_per_window : 0.001273   progress : 0.098
name: models.architecture.block_type=simple
models.architecture.mamba_type=mamba
training.mode=rollout
models.out_dim=13    avg_loss: 0.000005047794  time_per_window : 0.001190   progress : 0.109
name: models.architecture.block_type=simple
models.architecture.mamba_type=mamba
training.mode=rollout
models.out_dim=13    avg_loss: 0.000005140120  time_per_window : 0.001253   progress : 0.120
name: models.architecture.block_type=simple
models.architecture.mamba_type=mamba
training.mode=rollout
models.out_dim=13    avg_loss: 0.000005087840  time_per_window : 0.001293   progress : 0.131
name: models.architecture.block_type=simple
models.architecture.mamba_type=mamba
training.mode=rollout
models.out_dim=13    avg_loss: 0.000005100329  time_per_window : 0.001123   progress : 0.142
name: models.architecture.block_type=simple
models.architecture.mamba_type=mamba
training.mode=rollout
models.out_dim=13    avg_loss: 0.000005113776  time_per_window : 0.001222   progress : 0.153
name: models.architecture.block_type=simple
models.architecture.mamba_type=mamba
training.mode=rollout
models.out_dim=13    avg_loss: 0.000005096122  time_per_window : 0.001253   progress : 0.164
name: models.architecture.block_type=simple
models.architecture.mamba_type=mamba
training.mode=rollout
models.out_dim=13    avg_loss: 0.000005091170  time_per_window : 0.001253   progress : 0.175
name: models.architecture.block_type=simple
models.architecture.mamba_type=mamba
training.mode=rollout
models.out_dim=13    avg_loss: 0.000005106251  time_per_window : 0.001299   progress : 0.186
name: models.architecture.block_type=simple
models.architecture.mamba_type=mamba
training.mode=rollout
models.out_dim=13    avg_loss: 0.000005064495  time_per_window : 0.001181   progress : 0.197
name: models.architecture.block_type=simple
models.architecture.mamba_type=mamba
training.mode=rollout
models.out_dim=13    avg_loss: 0.000005092102  time_per_window : 0.001267   progress : 0.208
name: models.architecture.block_type=simple
models.architecture.mamba_type=mamba
training.mode=rollout
models.out_dim=13    avg_loss: 0.000005110195  time_per_window : 0.001170   progress : 0.218
name: models.architecture.block_type=simple
models.architecture.mamba_type=mamba
training.mode=rollout
models.out_dim=13    avg_loss: 0.000005127500  time_per_window : 0.001102   progress : 0.229
name: models.architecture.block_type=simple
models.architecture.mamba_type=mamba
training.mode=rollout
models.out_dim=13    avg_loss: 0.000005065465  time_per_window : 0.001155   progress : 0.240
name: models.architecture.block_type=simple
models.architecture.mamba_type=mamba
training.mode=rollout
models.out_dim=13    avg_loss: 0.000005073257  time_per_window : 0.001285   progress : 0.251
name: models.architecture.block_type=simple
models.architecture.mamba_type=mamba
training.mode=rollout
models.out_dim=13    avg_loss: 0.000005101414  time_per_window : 0.001076   progress : 0.262
name: models.architecture.block_type=simple
models.architecture.mamba_type=mamba
training.mode=rollout
models.out_dim=13    avg_loss: 0.000005082466  time_per_window : 0.001066   progress : 0.273
name: models.architecture.block_type=simple
models.architecture.mamba_type=mamba
training.mode=rollout
models.out_dim=13    avg_loss: 0.000005127387  time_per_window : 0.001271   progress : 0.284
name: models.architecture.block_type=simple
models.architecture.mamba_type=mamba
training.mode=rollout
models.out_dim=13    avg_loss: 0.000005037025  time_per_window : 0.000991   progress : 0.295
name: models.architecture.block_type=simple
models.architecture.mamba_type=mamba
training.mode=rollout
models.out_dim=13    avg_loss: 0.000005122990  time_per_window : 0.001100   progress : 0.306
name: models.architecture.block_type=simple
models.architecture.mamba_type=mamba
training.mode=rollout
models.out_dim=13    avg_loss: 0.000005000645  time_per_window : 0.001276   progress : 0.317
name: models.architecture.block_type=simple
models.architecture.mamba_type=mamba
training.mode=rollout
models.out_dim=13    avg_loss: 0.000005109453  time_per_window : 0.001225   progress : 0.328
name: models.architecture.block_type=simple
models.architecture.mamba_type=mamba
training.mode=rollout
models.out_dim=13    avg_loss: 0.000005137207  time_per_window : 0.001273   progress : 0.339
name: models.architecture.block_type=simple
models.architecture.mamba_type=mamba
training.mode=rollout
models.out_dim=13    avg_loss: 0.000005116301  time_per_window : 0.001261   progress : 0.350
name: models.architecture.block_type=simple
models.architecture.mamba_type=mamba
training.mode=rollout
models.out_dim=13    avg_loss: 0.000005089610  time_per_window : 0.001198   progress : 0.360
name: models.architecture.block_type=simple
models.architecture.mamba_type=mamba
training.mode=rollout
models.out_dim=13    avg_loss: 0.000005079109  time_per_window : 0.001141   progress : 0.371
name: models.architecture.block_type=simple
models.architecture.mamba_type=mamba
training.mode=rollout
models.out_dim=13    avg_loss: 0.000005158236  time_per_window : 0.001211   progress : 0.382
name: models.architecture.block_type=simple
models.architecture.mamba_type=mamba
training.mode=rollout
models.out_dim=13    avg_loss: 0.000005117538  time_per_window : 0.001223   progress : 0.393
name: models.architecture.block_type=simple
models.architecture.mamba_type=mamba
training.mode=rollout
models.out_dim=13    avg_loss: 0.000005130763  time_per_window : 0.001224   progress : 0.404
name: models.architecture.block_type=simple
models.architecture.mamba_type=mamba
training.mode=rollout
models.out_dim=13    avg_loss: 0.000005100216  time_per_window : 0.001224   progress : 0.415
name: models.architecture.block_type=simple
models.architecture.mamba_type=mamba
training.mode=rollout
models.out_dim=13    avg_loss: 0.000005118046  time_per_window : 0.001202   progress : 0.426
name: models.architecture.block_type=simple
models.architecture.mamba_type=mamba
training.mode=rollout
models.out_dim=13    avg_loss: 0.000005102092  time_per_window : 0.001244   progress : 0.437
name: models.architecture.block_type=simple
models.architecture.mamba_type=mamba
training.mode=rollout
models.out_dim=13    avg_loss: 0.000005067840  time_per_window : 0.001172   progress : 0.448
name: models.architecture.block_type=simple
models.architecture.mamba_type=mamba
training.mode=rollout
models.out_dim=13    avg_loss: 0.000005080250  time_per_window : 0.001260   progress : 0.459
name: models.architecture.block_type=simple
models.architecture.mamba_type=mamba
training.mode=rollout
models.out_dim=13    avg_loss: 0.000005062155  time_per_window : 0.001087   progress : 0.470
name: models.architecture.block_type=simple
models.architecture.mamba_type=mamba
training.mode=rollout
models.out_dim=13    avg_loss: 0.000005033971  time_per_window : 0.001240   progress : 0.481
name: models.architecture.block_type=simple
models.architecture.mamba_type=mamba
training.mode=rollout
models.out_dim=13    avg_loss: 0.000005125559  time_per_window : 0.001097   progress : 0.492
name: models.architecture.block_type=simple
models.architecture.mamba_type=mamba
training.mode=rollout
models.out_dim=13    avg_loss: 0.000005059686  time_per_window : 0.001149   progress : 0.502
name: models.architecture.block_type=simple
models.architecture.mamba_type=mamba
training.mode=rollout
models.out_dim=13    avg_loss: 0.000005049621  time_per_window : 0.001265   progress : 0.513
name: models.architecture.block_type=simple
models.architecture.mamba_type=mamba
training.mode=rollout
models.out_dim=13    avg_loss: 0.000005105680  time_per_window : 0.001159   progress : 0.524
name: models.architecture.block_type=simple
models.architecture.mamba_type=mamba
training.mode=rollout
models.out_dim=13    avg_loss: 0.000005137810  time_per_window : 0.001207   progress : 0.535
name: models.architecture.block_type=simple
models.architecture.mamba_type=mamba
training.mode=rollout
models.out_dim=13    avg_loss: 0.000005372031  time_per_window : 0.001216   progress : 0.546
name: models.architecture.block_type=simple
models.architecture.mamba_type=mamba
training.mode=rollout
models.out_dim=13    avg_loss: 0.000005107674  time_per_window : 0.001162   progress : 0.557
name: models.architecture.block_type=simple
models.architecture.mamba_type=mamba
training.mode=rollout
models.out_dim=13    avg_loss: 0.000005092683  time_per_window : 0.001139   progress : 0.568
name: models.architecture.block_type=simple
models.architecture.mamba_type=mamba
training.mode=rollout
models.out_dim=13    avg_loss: 0.000005135246  time_per_window : 0.001117   progress : 0.579
name: models.architecture.block_type=simple
models.architecture.mamba_type=mamba
training.mode=rollout
models.out_dim=13    avg_loss: 0.000005159802  time_per_window : 0.001065   progress : 0.590
name: models.architecture.block_type=simple
models.architecture.mamba_type=mamba
training.mode=rollout
models.out_dim=13    avg_loss: 0.000005035326  time_per_window : 0.001293   progress : 0.601
name: models.architecture.block_type=simple
models.architecture.mamba_type=mamba
training.mode=rollout
models.out_dim=13    avg_loss: 0.000005051336  time_per_window : 0.001065   progress : 0.612
name: models.architecture.block_type=simple
models.architecture.mamba_type=mamba
training.mode=rollout
models.out_dim=13    avg_loss: 0.000005060879  time_per_window : 0.001286   progress : 0.623
name: models.architecture.block_type=simple
models.architecture.mamba_type=mamba
training.mode=rollout
models.out_dim=13    avg_loss: 0.000005113700  time_per_window : 0.001106   progress : 0.634
name: models.architecture.block_type=simple
models.architecture.mamba_type=mamba
training.mode=rollout
models.out_dim=13    avg_loss: 0.000005115741  time_per_window : 0.001262   progress : 0.644
name: models.architecture.block_type=simple
models.architecture.mamba_type=mamba
training.mode=rollout
models.out_dim=13    avg_loss: 0.000005084684  time_per_window : 0.001157   progress : 0.655
name: models.architecture.block_type=simple
models.architecture.mamba_type=mamba
training.mode=rollout
models.out_dim=13    avg_loss: 0.000005092940  time_per_window : 0.001139   progress : 0.666
name: models.architecture.block_type=simple
models.architecture.mamba_type=mamba
training.mode=rollout
models.out_dim=13    avg_loss: 0.000005104427  time_per_window : 0.001128   progress : 0.677
name: models.architecture.block_type=simple
models.architecture.mamba_type=mamba
training.mode=rollout
models.out_dim=13    avg_loss: 0.000005002762  time_per_window : 0.001263   progress : 0.688
name: models.architecture.block_type=simple
models.architecture.mamba_type=mamba
training.mode=rollout
models.out_dim=13    avg_loss: 0.000005089235  time_per_window : 0.001240   progress : 0.699
name: models.architecture.block_type=simple
models.architecture.mamba_type=mamba
training.mode=rollout
models.out_dim=13    avg_loss: 0.000005177671  time_per_window : 0.001289   progress : 0.710
name: models.architecture.block_type=simple
models.architecture.mamba_type=mamba
training.mode=rollout
models.out_dim=13    avg_loss: 0.000005062806  time_per_window : 0.001251   progress : 0.721
name: models.architecture.block_type=simple
models.architecture.mamba_type=mamba
training.mode=rollout
models.out_dim=13    avg_loss: 0.000005143118  time_per_window : 0.001146   progress : 0.732
name: models.architecture.block_type=simple
models.architecture.mamba_type=mamba
training.mode=rollout
models.out_dim=13    avg_loss: 0.000005094309  time_per_window : 0.001078   progress : 0.743
name: models.architecture.block_type=simple
models.architecture.mamba_type=mamba
training.mode=rollout
models.out_dim=13    avg_loss: 0.000005124945  time_per_window : 0.001256   progress : 0.754
name: models.architecture.block_type=simple
models.architecture.mamba_type=mamba
training.mode=rollout
models.out_dim=13    avg_loss: 0.000005050707  time_per_window : 0.001102   progress : 0.765
name: models.architecture.block_type=simple
models.architecture.mamba_type=mamba
training.mode=rollout
models.out_dim=13    avg_loss: 0.000005137578  time_per_window : 0.001221   progress : 0.775
name: models.architecture.block_type=simple
models.architecture.mamba_type=mamba
training.mode=rollout
models.out_dim=13    avg_loss: 0.000005073447  time_per_window : 0.001275   progress : 0.786
name: models.architecture.block_type=simple
models.architecture.mamba_type=mamba
training.mode=rollout
models.out_dim=13    avg_loss: 0.000005090169  time_per_window : 0.001219   progress : 0.797
name: models.architecture.block_type=simple
models.architecture.mamba_type=mamba
training.mode=rollout
models.out_dim=13    avg_loss: 0.000005106858  time_per_window : 0.001245   progress : 0.808
name: models.architecture.block_type=simple
models.architecture.mamba_type=mamba
training.mode=rollout
models.out_dim=13    avg_loss: 0.000005061016  time_per_window : 0.001314   progress : 0.819
name: models.architecture.block_type=simple
models.architecture.mamba_type=mamba
training.mode=rollout
models.out_dim=13    avg_loss: 0.000005065762  time_per_window : 0.001120   progress : 0.830
name: models.architecture.block_type=simple
models.architecture.mamba_type=mamba
training.mode=rollout
models.out_dim=13    avg_loss: 0.000005091079  time_per_window : 0.001201   progress : 0.841
name: models.architecture.block_type=simple
models.architecture.mamba_type=mamba
training.mode=rollout
models.out_dim=13    avg_loss: 0.000005111123  time_per_window : 0.001183   progress : 0.852
name: models.architecture.block_type=simple
models.architecture.mamba_type=mamba
training.mode=rollout
models.out_dim=13    avg_loss: 0.000005082080  time_per_window : 0.001250   progress : 0.863
name: models.architecture.block_type=simple
models.architecture.mamba_type=mamba
training.mode=rollout
models.out_dim=13    avg_loss: 0.000005100584  time_per_window : 0.001186   progress : 0.874
name: models.architecture.block_type=simple
models.architecture.mamba_type=mamba
training.mode=rollout
models.out_dim=13    avg_loss: 0.000005111272  time_per_window : 0.001277   progress : 0.885
name: models.architecture.block_type=simple
models.architecture.mamba_type=mamba
training.mode=rollout
models.out_dim=13    avg_loss: 0.000005053608  time_per_window : 0.001227   progress : 0.896
name: models.architecture.block_type=simple
models.architecture.mamba_type=mamba
training.mode=rollout
models.out_dim=13    avg_loss: 0.000005156728  time_per_window : 0.001230   progress : 0.907
name: models.architecture.block_type=simple
models.architecture.mamba_type=mamba
training.mode=rollout
models.out_dim=13    avg_loss: 0.000005163703  time_per_window : 0.001233   progress : 0.917
name: models.architecture.block_type=simple
models.architecture.mamba_type=mamba
training.mode=rollout
models.out_dim=13    avg_loss: 0.000005139422  time_per_window : 0.001218   progress : 0.928
name: models.architecture.block_type=simple
models.architecture.mamba_type=mamba
training.mode=rollout
models.out_dim=13    avg_loss: 0.000005067950  time_per_window : 0.001195   progress : 0.939
name: models.architecture.block_type=simple
models.architecture.mamba_type=mamba
training.mode=rollout
models.out_dim=13    avg_loss: 0.000005118132  time_per_window : 0.001259   progress : 0.950
name: models.architecture.block_type=simple
models.architecture.mamba_type=mamba
training.mode=rollout
models.out_dim=13    avg_loss: 0.000005117810  time_per_window : 0.000974   progress : 0.961
name: models.architecture.block_type=simple
models.architecture.mamba_type=mamba
training.mode=rollout
models.out_dim=13    avg_loss: 0.000005057163  time_per_window : 0.000969   progress : 0.972
name: models.architecture.block_type=simple
models.architecture.mamba_type=mamba
training.mode=rollout
models.out_dim=13    avg_loss: 0.000005134899  time_per_window : 0.000930   progress : 0.983
name: models.architecture.block_type=simple
models.architecture.mamba_type=mamba
training.mode=rollout
models.out_dim=13    avg_loss: 0.000005134918  time_per_window : 0.000970   progress : 0.994
name: models.architecture.block_type=simple
models.architecture.mamba_type=mamba
training.mode=rollout
models.out_dim=13    avg_loss: 0.000042861102  time_per_window : 0.001012   progress : 0.011
name: models.architecture.block_type=simple
models.architecture.mamba_type=mamba
training.mode=rollout
models.out_dim=13    avg_loss: 0.000011882602  time_per_window : 0.000965   progress : 0.022
name: models.architecture.block_type=simple
models.architecture.mamba_type=mamba
training.mode=rollout
models.out_dim=13    avg_loss: 0.000008259862  time_per_window : 0.000967   progress : 0.033
name: models.architecture.block_type=simple
models.architecture.mamba_type=mamba
training.mode=rollout
models.out_dim=13    avg_loss: 0.000007436701  time_per_window : 0.000931   progress : 0.044
name: models.architecture.block_type=simple
models.architecture.mamba_type=mamba
training.mode=rollout
models.out_dim=13    avg_loss: 0.000006806249  time_per_window : 0.000936   progress : 0.055
name: models.architecture.block_type=simple
models.architecture.mamba_type=mamba
training.mode=rollout
models.out_dim=13    avg_loss: 0.000006705432  time_per_window : 0.000989   progress : 0.066
name: models.architecture.block_type=simple
models.architecture.mamba_type=mamba
training.mode=rollout
models.out_dim=13    avg_loss: 0.000006580936  time_per_window : 0.000923   progress : 0.076
name: models.architecture.block_type=simple
models.architecture.mamba_type=mamba
training.mode=rollout
models.out_dim=13    avg_loss: 0.000006365434  time_per_window : 0.000930   progress : 0.087
name: models.architecture.block_type=simple
models.architecture.mamba_type=mamba
training.mode=rollout
models.out_dim=13    avg_loss: 0.000006276181  time_per_window : 0.000999   progress : 0.098
name: models.architecture.block_type=simple
models.architecture.mamba_type=mamba
training.mode=rollout
models.out_dim=13    avg_loss: 0.000006180344  time_per_window : 0.000993   progress : 0.109
name: models.architecture.block_type=simple
models.architecture.mamba_type=mamba
training.mode=rollout
models.out_dim=13    avg_loss: 0.000006308254  time_per_window : 0.000960   progress : 0.120
name: models.architecture.block_type=simple
models.architecture.mamba_type=mamba
training.mode=rollout
models.out_dim=13    avg_loss: 0.000006102242  time_per_window : 0.000968   progress : 0.131
name: models.architecture.block_type=simple
models.architecture.mamba_type=mamba
training.mode=rollout
models.out_dim=13    avg_loss: 0.000006167244  time_per_window : 0.000990   progress : 0.142
name: models.architecture.block_type=simple
models.architecture.mamba_type=mamba
training.mode=rollout
models.out_dim=13    avg_loss: 0.000006050431  time_per_window : 0.000939   progress : 0.153
name: models.architecture.block_type=simple
models.architecture.mamba_type=mamba
training.mode=rollout
models.out_dim=13    avg_loss: 0.000006056774  time_per_window : 0.000932   progress : 0.164
name: models.architecture.block_type=simple
models.architecture.mamba_type=mamba
training.mode=rollout
models.out_dim=13    avg_loss: 0.000005920224  time_per_window : 0.000973   progress : 0.175
name: models.architecture.block_type=simple
models.architecture.mamba_type=mamba
training.mode=rollout
models.out_dim=13    avg_loss: 0.000005886861  time_per_window : 0.000950   progress : 0.186
name: models.architecture.block_type=simple
models.architecture.mamba_type=mamba
training.mode=rollout
models.out_dim=13    avg_loss: 0.000005630785  time_per_window : 0.000970   progress : 0.197
name: models.architecture.block_type=simple
models.architecture.mamba_type=mamba
training.mode=rollout
models.out_dim=13    avg_loss: 0.000005487388  time_per_window : 0.001016   progress : 0.208
name: models.architecture.block_type=simple
models.architecture.mamba_type=mamba
training.mode=rollout
models.out_dim=13    avg_loss: 0.000005378633  time_per_window : 0.000995   progress : 0.218
name: models.architecture.block_type=simple
models.architecture.mamba_type=mamba
training.mode=rollout
models.out_dim=13    avg_loss: 0.000005401781  time_per_window : 0.000933   progress : 0.229
name: models.architecture.block_type=simple
models.architecture.mamba_type=mamba
training.mode=rollout
models.out_dim=13    avg_loss: 0.000005334571  time_per_window : 0.000983   progress : 0.240
name: models.architecture.block_type=simple
models.architecture.mamba_type=mamba
training.mode=rollout
models.out_dim=13    avg_loss: 0.000005308227  time_per_window : 0.000961   progress : 0.251
name: models.architecture.block_type=simple
models.architecture.mamba_type=mamba
training.mode=rollout
models.out_dim=13    avg_loss: 0.000005351074  time_per_window : 0.000979   progress : 0.262
name: models.architecture.block_type=simple
models.architecture.mamba_type=mamba
training.mode=rollout
models.out_dim=13    avg_loss: 0.000005265032  time_per_window : 0.000978   progress : 0.273
name: models.architecture.block_type=simple
models.architecture.mamba_type=mamba
training.mode=rollout
models.out_dim=13    avg_loss: 0.000005442937  time_per_window : 0.000963   progress : 0.284
name: models.architecture.block_type=simple
models.architecture.mamba_type=mamba
training.mode=rollout
models.out_dim=13    avg_loss: 0.000005289863  time_per_window : 0.000925   progress : 0.295
name: models.architecture.block_type=simple
models.architecture.mamba_type=mamba
training.mode=rollout
models.out_dim=13    avg_loss: 0.000005418866  time_per_window : 0.000996   progress : 0.306
name: models.architecture.block_type=simple
models.architecture.mamba_type=mamba
training.mode=rollout
models.out_dim=13    avg_loss: 0.000005245206  time_per_window : 0.001015   progress : 0.317
name: models.architecture.block_type=simple
models.architecture.mamba_type=mamba
training.mode=rollout
models.out_dim=13    avg_loss: 0.000005363727  time_per_window : 0.000976   progress : 0.328
name: models.architecture.block_type=simple
models.architecture.mamba_type=mamba
training.mode=rollout
models.out_dim=13    avg_loss: 0.000005358591  time_per_window : 0.000920   progress : 0.339
name: models.architecture.block_type=simple
models.architecture.mamba_type=mamba
training.mode=rollout
models.out_dim=13    avg_loss: 0.000005379140  time_per_window : 0.000917   progress : 0.350
name: models.architecture.block_type=simple
models.architecture.mamba_type=mamba
training.mode=rollout
models.out_dim=13    avg_loss: 0.000005346564  time_per_window : 0.000992   progress : 0.360
name: models.architecture.block_type=simple
models.architecture.mamba_type=mamba
training.mode=rollout
models.out_dim=13    avg_loss: 0.000005303987  time_per_window : 0.000971   progress : 0.371
name: models.architecture.block_type=simple
models.architecture.mamba_type=mamba
training.mode=rollout
models.out_dim=13    avg_loss: 0.000005442720  time_per_window : 0.000960   progress : 0.382
name: models.architecture.block_type=simple
models.architecture.mamba_type=mamba
training.mode=rollout
models.out_dim=13    avg_loss: 0.000005346885  time_per_window : 0.000951   progress : 0.393
name: models.architecture.block_type=simple
models.architecture.mamba_type=mamba
training.mode=rollout
models.out_dim=13    avg_loss: 0.000005342409  time_per_window : 0.000971   progress : 0.404
name: models.architecture.block_type=simple
models.architecture.mamba_type=mamba
training.mode=rollout
models.out_dim=13    avg_loss: 0.000005300433  time_per_window : 0.000970   progress : 0.415
name: models.architecture.block_type=simple
models.architecture.mamba_type=mamba
training.mode=rollout
models.out_dim=13    avg_loss: 0.000005412125  time_per_window : 0.000993   progress : 0.426
name: models.architecture.block_type=simple
models.architecture.mamba_type=mamba
training.mode=rollout
models.out_dim=13    avg_loss: 0.000005376609  time_per_window : 0.000966   progress : 0.437
name: models.architecture.block_type=simple
models.architecture.mamba_type=mamba
training.mode=rollout
models.out_dim=13    avg_loss: 0.000005355012  time_per_window : 0.000984   progress : 0.448
name: models.architecture.block_type=simple
models.architecture.mamba_type=mamba
training.mode=rollout
models.out_dim=13    avg_loss: 0.000005289162  time_per_window : 0.000961   progress : 0.459
name: models.architecture.block_type=simple
models.architecture.mamba_type=mamba
training.mode=rollout
models.out_dim=13    avg_loss: 0.000005277563  time_per_window : 0.000959   progress : 0.470
name: models.architecture.block_type=simple
models.architecture.mamba_type=mamba
training.mode=rollout
models.out_dim=13    avg_loss: 0.000005248017  time_per_window : 0.001003   progress : 0.481
name: models.architecture.block_type=simple
models.architecture.mamba_type=mamba
training.mode=rollout
models.out_dim=13    avg_loss: 0.000005343188  time_per_window : 0.000971   progress : 0.492
name: models.architecture.block_type=simple
models.architecture.mamba_type=mamba
training.mode=rollout
models.out_dim=13    avg_loss: 0.000005281971  time_per_window : 0.000931   progress : 0.502
name: models.architecture.block_type=simple
models.architecture.mamba_type=mamba
training.mode=rollout
models.out_dim=13    avg_loss: 0.000005241236  time_per_window : 0.000979   progress : 0.513
name: models.architecture.block_type=simple
models.architecture.mamba_type=mamba
training.mode=rollout
models.out_dim=13    avg_loss: 0.000005338747  time_per_window : 0.000954   progress : 0.524
name: models.architecture.block_type=simple
models.architecture.mamba_type=mamba
training.mode=rollout
models.out_dim=13    avg_loss: 0.000005353476  time_per_window : 0.000958   progress : 0.535
name: models.architecture.block_type=simple
models.architecture.mamba_type=mamba
training.mode=rollout
models.out_dim=13    avg_loss: 0.000005268796  time_per_window : 0.000930   progress : 0.546
name: models.architecture.block_type=simple
models.architecture.mamba_type=mamba
training.mode=rollout
models.out_dim=13    avg_loss: 0.000005322283  time_per_window : 0.000964   progress : 0.557
name: models.architecture.block_type=simple
models.architecture.mamba_type=mamba
training.mode=rollout
models.out_dim=13    avg_loss: 0.000005284428  time_per_window : 0.000964   progress : 0.568
name: models.architecture.block_type=simple
models.architecture.mamba_type=mamba
training.mode=rollout
models.out_dim=13    avg_loss: 0.000005377151  time_per_window : 0.000980   progress : 0.579
name: models.architecture.block_type=simple
models.architecture.mamba_type=mamba
training.mode=rollout
models.out_dim=13    avg_loss: 0.000005396972  time_per_window : 0.000943   progress : 0.590
name: models.architecture.block_type=simple
models.architecture.mamba_type=mamba
training.mode=rollout
models.out_dim=13    avg_loss: 0.000005235531  time_per_window : 0.000978   progress : 0.601
name: models.architecture.block_type=simple
models.architecture.mamba_type=mamba
training.mode=rollout
models.out_dim=13    avg_loss: 0.000005241589  time_per_window : 0.001004   progress : 0.612
name: models.architecture.block_type=simple
models.architecture.mamba_type=mamba
training.mode=rollout
models.out_dim=13    avg_loss: 0.000005290552  time_per_window : 0.000955   progress : 0.623
name: models.architecture.block_type=simple
models.architecture.mamba_type=mamba
training.mode=rollout
models.out_dim=13    avg_loss: 0.000005311209  time_per_window : 0.001021   progress : 0.634
name: models.architecture.block_type=simple
models.architecture.mamba_type=mamba
training.mode=rollout
models.out_dim=13    avg_loss: 0.000005312501  time_per_window : 0.000941   progress : 0.644
name: models.architecture.block_type=simple
models.architecture.mamba_type=mamba
training.mode=rollout
models.out_dim=13    avg_loss: 0.000005316580  time_per_window : 0.000934   progress : 0.655
name: models.architecture.block_type=simple
models.architecture.mamba_type=mamba
training.mode=rollout
models.out_dim=13    avg_loss: 0.000005305623  time_per_window : 0.000941   progress : 0.666
name: models.architecture.block_type=simple
models.architecture.mamba_type=mamba
training.mode=rollout
models.out_dim=13    avg_loss: 0.000005315247  time_per_window : 0.000961   progress : 0.677
name: models.architecture.block_type=simple
models.architecture.mamba_type=mamba
training.mode=rollout
models.out_dim=13    avg_loss: 0.000005197156  time_per_window : 0.001011   progress : 0.688
name: models.architecture.block_type=simple
models.architecture.mamba_type=mamba
training.mode=rollout
models.out_dim=13    avg_loss: 0.000005321571  time_per_window : 0.000935   progress : 0.699
name: models.architecture.block_type=simple
models.architecture.mamba_type=mamba
training.mode=rollout
models.out_dim=13    avg_loss: 0.000005384158  time_per_window : 0.000935   progress : 0.710
name: models.architecture.block_type=simple
models.architecture.mamba_type=mamba
training.mode=rollout
models.out_dim=13    avg_loss: 0.000005228119  time_per_window : 0.001027   progress : 0.721
name: models.architecture.block_type=simple
models.architecture.mamba_type=mamba
training.mode=rollout
models.out_dim=13    avg_loss: 0.000005304274  time_per_window : 0.000978   progress : 0.732
name: models.architecture.block_type=simple
models.architecture.mamba_type=mamba
training.mode=rollout
models.out_dim=13    avg_loss: 0.000005305841  time_per_window : 0.000979   progress : 0.743
name: models.architecture.block_type=simple
models.architecture.mamba_type=mamba
training.mode=rollout
models.out_dim=13    avg_loss: 0.000005327231  time_per_window : 0.000956   progress : 0.754
name: models.architecture.block_type=simple
models.architecture.mamba_type=mamba
training.mode=rollout
models.out_dim=13    avg_loss: 0.000005234202  time_per_window : 0.000964   progress : 0.765
name: models.architecture.block_type=simple
models.architecture.mamba_type=mamba
training.mode=rollout
models.out_dim=13    avg_loss: 0.000018728004  time_per_window : 0.000956   progress : 0.775
name: models.architecture.block_type=simple
models.architecture.mamba_type=mamba
training.mode=rollout
models.out_dim=13    avg_loss: 0.000007960594  time_per_window : 0.000976   progress : 0.786
name: models.architecture.block_type=simple
models.architecture.mamba_type=mamba
training.mode=rollout
models.out_dim=13    avg_loss: 0.000006352737  time_per_window : 0.000955   progress : 0.797
name: models.architecture.block_type=simple
models.architecture.mamba_type=mamba
training.mode=rollout
models.out_dim=13    avg_loss: 0.000005935018  time_per_window : 0.000971   progress : 0.808
name: models.architecture.block_type=simple
models.architecture.mamba_type=mamba
training.mode=rollout
models.out_dim=13    avg_loss: 0.000005863098  time_per_window : 0.001003   progress : 0.819
name: models.architecture.block_type=simple
models.architecture.mamba_type=mamba
training.mode=rollout
models.out_dim=13    avg_loss: 0.000005910113  time_per_window : 0.000957   progress : 0.830
name: models.architecture.block_type=simple
models.architecture.mamba_type=mamba
training.mode=rollout
models.out_dim=13    avg_loss: 0.000005849110  time_per_window : 0.000961   progress : 0.841
name: models.architecture.block_type=simple
models.architecture.mamba_type=mamba
training.mode=rollout
models.out_dim=13    avg_loss: 0.000005753192  time_per_window : 0.000929   progress : 0.852
name: models.architecture.block_type=simple
models.architecture.mamba_type=mamba
training.mode=rollout
models.out_dim=13    avg_loss: 0.000005385766  time_per_window : 0.001043   progress : 0.863
name: models.architecture.block_type=simple
models.architecture.mamba_type=mamba
training.mode=rollout
models.out_dim=13    avg_loss: 0.000005298007  time_per_window : 0.000995   progress : 0.874
name: models.architecture.block_type=simple
models.architecture.mamba_type=mamba
training.mode=rollout
models.out_dim=13    avg_loss: 0.000005303893  time_per_window : 0.000974   progress : 0.885
name: models.architecture.block_type=simple
models.architecture.mamba_type=mamba
training.mode=rollout
models.out_dim=13    avg_loss: 0.000005201293  time_per_window : 0.000973   progress : 0.896
name: models.architecture.block_type=simple
models.architecture.mamba_type=mamba
training.mode=rollout
models.out_dim=13    avg_loss: 0.000005300483  time_per_window : 0.000973   progress : 0.907
name: models.architecture.block_type=simple
models.architecture.mamba_type=mamba
training.mode=rollout
models.out_dim=13    avg_loss: 0.000005343148  time_per_window : 0.000959   progress : 0.917
name: models.architecture.block_type=simple
models.architecture.mamba_type=mamba
training.mode=rollout
models.out_dim=13    avg_loss: 0.000005330215  time_per_window : 0.000978   progress : 0.928
name: models.architecture.block_type=simple
models.architecture.mamba_type=mamba
training.mode=rollout
models.out_dim=13    avg_loss: 0.000005246864  time_per_window : 0.000929   progress : 0.939
name: models.architecture.block_type=simple
models.architecture.mamba_type=mamba
training.mode=rollout
models.out_dim=13    avg_loss: 0.000005324798  time_per_window : 0.000965   progress : 0.950
name: models.architecture.block_type=simple
models.architecture.mamba_type=mamba
training.mode=rollout
models.out_dim=13    avg_loss: 0.000005307735  time_per_window : 0.000956   progress : 0.961
name: models.architecture.block_type=simple
models.architecture.mamba_type=mamba
training.mode=rollout
models.out_dim=13    avg_loss: 0.000005239666  time_per_window : 0.000960   progress : 0.972
name: models.architecture.block_type=simple
models.architecture.mamba_type=mamba
training.mode=rollout
models.out_dim=13    avg_loss: 0.000005320574  time_per_window : 0.000975   progress : 0.983
name: models.architecture.block_type=simple
models.architecture.mamba_type=mamba
training.mode=rollout
models.out_dim=13    avg_loss: 0.000005313446  time_per_window : 0.000969   progress : 0.994
name: models.architecture.block_type=simple
models.architecture.mamba_type=mamba
training.mode=rollout
models.out_dim=13    avg_loss: 0.000034015349  time_per_window : 0.000980   progress : 0.011
name: models.architecture.block_type=simple
models.architecture.mamba_type=mamba
training.mode=rollout
models.out_dim=13    avg_loss: 0.000012122597  time_per_window : 0.000944   progress : 0.022
name: models.architecture.block_type=simple
models.architecture.mamba_type=mamba
training.mode=rollout
models.out_dim=13    avg_loss: 0.000006670168  time_per_window : 0.000957   progress : 0.033
name: models.architecture.block_type=simple
models.architecture.mamba_type=mamba
training.mode=rollout
models.out_dim=13    avg_loss: 0.000006439297  time_per_window : 0.000949   progress : 0.044
name: models.architecture.block_type=simple
models.architecture.mamba_type=mamba
training.mode=rollout
models.out_dim=13    avg_loss: 0.000006137931  time_per_window : 0.000983   progress : 0.055
name: models.architecture.block_type=simple
models.architecture.mamba_type=mamba
training.mode=rollout
models.out_dim=13    avg_loss: 0.000006187454  time_per_window : 0.000952   progress : 0.066
name: models.architecture.block_type=simple
models.architecture.mamba_type=mamba
training.mode=rollout
models.out_dim=13    avg_loss: 0.000006196858  time_per_window : 0.000999   progress : 0.076
name: models.architecture.block_type=simple
models.architecture.mamba_type=mamba
training.mode=rollout
models.out_dim=13    avg_loss: 0.000005992701  time_per_window : 0.000946   progress : 0.087
name: models.architecture.block_type=simple
models.architecture.mamba_type=mamba
training.mode=rollout
models.out_dim=13    avg_loss: 0.000005777235  time_per_window : 0.000920   progress : 0.098
name: models.architecture.block_type=simple
models.architecture.mamba_type=mamba
training.mode=rollout
models.out_dim=13    avg_loss: 0.000005464737  time_per_window : 0.000955   progress : 0.109
name: models.architecture.block_type=simple
models.architecture.mamba_type=mamba
training.mode=rollout
models.out_dim=13    avg_loss: 0.000005475794  time_per_window : 0.000963   progress : 0.120
name: models.architecture.block_type=simple
models.architecture.mamba_type=mamba
training.mode=rollout
models.out_dim=13    avg_loss: 0.000005346602  time_per_window : 0.000972   progress : 0.131
name: models.architecture.block_type=simple
models.architecture.mamba_type=mamba
training.mode=rollout
models.out_dim=13    avg_loss: 0.000005403855  time_per_window : 0.000952   progress : 0.142
name: models.architecture.block_type=simple
models.architecture.mamba_type=mamba
training.mode=rollout
models.out_dim=13    avg_loss: 0.000005420270  time_per_window : 0.000923   progress : 0.153
name: models.architecture.block_type=simple
models.architecture.mamba_type=mamba
training.mode=rollout
models.out_dim=13    avg_loss: 0.000005346184  time_per_window : 0.000970   progress : 0.164
name: models.architecture.block_type=simple
models.architecture.mamba_type=mamba
training.mode=rollout
models.out_dim=13    avg_loss: 0.000005388715  time_per_window : 0.000942   progress : 0.175
name: models.architecture.block_type=simple
models.architecture.mamba_type=mamba
training.mode=rollout
models.out_dim=13    avg_loss: 0.000005386438  time_per_window : 0.001030   progress : 0.186
name: models.architecture.block_type=simple
models.architecture.mamba_type=mamba
training.mode=rollout
models.out_dim=13    avg_loss: 0.000005348151  time_per_window : 0.000919   progress : 0.197
name: models.architecture.block_type=simple
models.architecture.mamba_type=mamba
training.mode=rollout
models.out_dim=13    avg_loss: 0.000005369094  time_per_window : 0.001023   progress : 0.208
name: models.architecture.block_type=simple
models.architecture.mamba_type=mamba
training.mode=rollout
models.out_dim=13    avg_loss: 0.000005391212  time_per_window : 0.000932   progress : 0.218
name: models.architecture.block_type=simple
models.architecture.mamba_type=mamba
training.mode=rollout
models.out_dim=13    avg_loss: 0.000005439816  time_per_window : 0.000966   progress : 0.229
name: models.architecture.block_type=simple
models.architecture.mamba_type=mamba
training.mode=rollout
models.out_dim=13    avg_loss: 0.000005381899  time_per_window : 0.000925   progress : 0.240
name: models.architecture.block_type=simple
models.architecture.mamba_type=mamba
training.mode=rollout
models.out_dim=13    avg_loss: 0.000005339136  time_per_window : 0.000932   progress : 0.251
name: models.architecture.block_type=simple
models.architecture.mamba_type=mamba
training.mode=rollout
models.out_dim=13    avg_loss: 0.000005357665  time_per_window : 0.000969   progress : 0.262
name: models.architecture.block_type=simple
models.architecture.mamba_type=mamba
training.mode=rollout
models.out_dim=13    avg_loss: 0.000005380417  time_per_window : 0.000951   progress : 0.273
name: models.architecture.block_type=simple
models.architecture.mamba_type=mamba
training.mode=rollout
models.out_dim=13    avg_loss: 0.000005391816  time_per_window : 0.000965   progress : 0.284
name: models.architecture.block_type=simple
models.architecture.mamba_type=mamba
training.mode=rollout
models.out_dim=13    avg_loss: 0.000005341184  time_per_window : 0.000972   progress : 0.295
name: models.architecture.block_type=simple
models.architecture.mamba_type=mamba
training.mode=rollout
models.out_dim=13    avg_loss: 0.000005420245  time_per_window : 0.000928   progress : 0.306
name: models.architecture.block_type=simple
models.architecture.mamba_type=mamba
training.mode=rollout
models.out_dim=13    avg_loss: 0.000005281607  time_per_window : 0.000944   progress : 0.317
name: models.architecture.block_type=simple
models.architecture.mamba_type=mamba
training.mode=rollout
models.out_dim=13    avg_loss: 0.000005440376  time_per_window : 0.000999   progress : 0.328
name: models.architecture.block_type=simple
models.architecture.mamba_type=mamba
training.mode=rollout
models.out_dim=13    avg_loss: 0.000005402903  time_per_window : 0.000952   progress : 0.339
name: models.architecture.block_type=simple
models.architecture.mamba_type=mamba
training.mode=rollout
models.out_dim=13    avg_loss: 0.000005416412  time_per_window : 0.000960   progress : 0.350
name: models.architecture.block_type=simple
models.architecture.mamba_type=mamba
training.mode=rollout
models.out_dim=13    avg_loss: 0.000005344523  time_per_window : 0.000973   progress : 0.360
name: models.architecture.block_type=simple
models.architecture.mamba_type=mamba
training.mode=rollout
models.out_dim=13    avg_loss: 0.000005324472  time_per_window : 0.000943   progress : 0.371
name: models.architecture.block_type=simple
models.architecture.mamba_type=mamba
training.mode=rollout
models.out_dim=13    avg_loss: 0.000005402442  time_per_window : 0.000949   progress : 0.382
name: models.architecture.block_type=simple
models.architecture.mamba_type=mamba
training.mode=rollout
models.out_dim=13    avg_loss: 0.000005441879  time_per_window : 0.000965   progress : 0.393
name: models.architecture.block_type=simple
models.architecture.mamba_type=mamba
training.mode=rollout
models.out_dim=13    avg_loss: 0.000005435171  time_per_window : 0.000967   progress : 0.404
name: models.architecture.block_type=simple
models.architecture.mamba_type=mamba
training.mode=rollout
models.out_dim=13    avg_loss: 0.000005365964  time_per_window : 0.000962   progress : 0.415
name: models.architecture.block_type=simple
models.architecture.mamba_type=mamba
training.mode=rollout
models.out_dim=13    avg_loss: 0.000005353142  time_per_window : 0.001000   progress : 0.426
name: models.architecture.block_type=simple
models.architecture.mamba_type=mamba
training.mode=rollout
models.out_dim=13    avg_loss: 0.000005399736  time_per_window : 0.001053   progress : 0.437
name: models.architecture.block_type=simple
models.architecture.mamba_type=mamba
training.mode=rollout
models.out_dim=13    avg_loss: 0.000005430599  time_per_window : 0.000957   progress : 0.448
name: models.architecture.block_type=simple
models.architecture.mamba_type=mamba
training.mode=rollout
models.out_dim=13    avg_loss: 0.000005321579  time_per_window : 0.000960   progress : 0.459
name: models.architecture.block_type=simple
models.architecture.mamba_type=mamba
training.mode=rollout
models.out_dim=13    avg_loss: 0.000005314893  time_per_window : 0.001022   progress : 0.470
name: models.architecture.block_type=simple
models.architecture.mamba_type=mamba
training.mode=rollout
models.out_dim=13    avg_loss: 0.000005241981  time_per_window : 0.000973   progress : 0.481
name: models.architecture.block_type=simple
models.architecture.mamba_type=mamba
training.mode=rollout
models.out_dim=13    avg_loss: 0.000005398488  time_per_window : 0.000935   progress : 0.492
name: models.architecture.block_type=simple
models.architecture.mamba_type=mamba
training.mode=rollout
models.out_dim=13    avg_loss: 0.000005341191  time_per_window : 0.000951   progress : 0.502
name: models.architecture.block_type=simple
models.architecture.mamba_type=mamba
training.mode=rollout
models.out_dim=13    avg_loss: 0.000005289028  time_per_window : 0.001057   progress : 0.513
name: models.architecture.block_type=simple
models.architecture.mamba_type=mamba
training.mode=rollout
models.out_dim=13    avg_loss: 0.000005385498  time_per_window : 0.000951   progress : 0.524
name: models.architecture.block_type=simple
models.architecture.mamba_type=mamba
training.mode=rollout
models.out_dim=13    avg_loss: 0.000005387678  time_per_window : 0.001061   progress : 0.535
name: models.architecture.block_type=simple
models.architecture.mamba_type=mamba
training.mode=rollout
models.out_dim=13    avg_loss: 0.000005285307  time_per_window : 0.000964   progress : 0.546
name: models.architecture.block_type=simple
models.architecture.mamba_type=mamba
training.mode=rollout
models.out_dim=13    avg_loss: 0.000005369236  time_per_window : 0.000989   progress : 0.557
name: models.architecture.block_type=simple
models.architecture.mamba_type=mamba
training.mode=rollout
models.out_dim=13    avg_loss: 0.000005347659  time_per_window : 0.000971   progress : 0.568
name: models.architecture.block_type=simple
models.architecture.mamba_type=mamba
training.mode=rollout
models.out_dim=13    avg_loss: 0.000005410920  time_per_window : 0.000965   progress : 0.579
name: models.architecture.block_type=simple
models.architecture.mamba_type=mamba
training.mode=rollout
models.out_dim=13    avg_loss: 0.000005459565  time_per_window : 0.000965   progress : 0.590
name: models.architecture.block_type=simple
models.architecture.mamba_type=mamba
training.mode=rollout
models.out_dim=13    avg_loss: 0.000005267057  time_per_window : 0.000973   progress : 0.601
name: models.architecture.block_type=simple
models.architecture.mamba_type=mamba
training.mode=rollout
models.out_dim=13    avg_loss: 0.000005303741  time_per_window : 0.000953   progress : 0.612
name: models.architecture.block_type=simple
models.architecture.mamba_type=mamba
training.mode=rollout
models.out_dim=13    avg_loss: 0.000016189828  time_per_window : 0.000923   progress : 0.623
name: models.architecture.block_type=simple
models.architecture.mamba_type=mamba
training.mode=rollout
models.out_dim=13    avg_loss: 0.000030313617  time_per_window : 0.000922   progress : 0.634
name: models.architecture.block_type=simple
models.architecture.mamba_type=mamba
training.mode=rollout
models.out_dim=13    avg_loss: 0.000015559490  time_per_window : 0.000966   progress : 0.644
name: models.architecture.block_type=simple
models.architecture.mamba_type=mamba
training.mode=rollout
models.out_dim=13    avg_loss: 0.000008993953  time_per_window : 0.000969   progress : 0.655
name: models.architecture.block_type=simple
models.architecture.mamba_type=mamba
training.mode=rollout
models.out_dim=13    avg_loss: 0.000007394859  time_per_window : 0.000981   progress : 0.666
name: models.architecture.block_type=simple
models.architecture.mamba_type=mamba
training.mode=rollout
models.out_dim=13    avg_loss: 0.000006795493  time_per_window : 0.000992   progress : 0.677
name: models.architecture.block_type=simple
models.architecture.mamba_type=mamba
training.mode=rollout
models.out_dim=13    avg_loss: 0.000006344343  time_per_window : 0.000977   progress : 0.688
name: models.architecture.block_type=simple
models.architecture.mamba_type=mamba
training.mode=rollout
models.out_dim=13    avg_loss: 0.000006303026  time_per_window : 0.001002   progress : 0.699
name: models.architecture.block_type=simple
models.architecture.mamba_type=mamba
training.mode=rollout
models.out_dim=13    avg_loss: 0.000006392271  time_per_window : 0.000977   progress : 0.710
name: models.architecture.block_type=simple
models.architecture.mamba_type=mamba
training.mode=rollout
models.out_dim=13    avg_loss: 0.000006114396  time_per_window : 0.001040   progress : 0.721
name: models.architecture.block_type=simple
models.architecture.mamba_type=mamba
training.mode=rollout
models.out_dim=13    avg_loss: 0.000006227163  time_per_window : 0.000984   progress : 0.732
name: models.architecture.block_type=simple
models.architecture.mamba_type=mamba
training.mode=rollout
models.out_dim=13    avg_loss: 0.000006244945  time_per_window : 0.001027   progress : 0.743
name: models.architecture.block_type=simple
models.architecture.mamba_type=mamba
training.mode=rollout
models.out_dim=13    avg_loss: 0.000006145389  time_per_window : 0.000957   progress : 0.754
name: models.architecture.block_type=simple
models.architecture.mamba_type=mamba
training.mode=rollout
models.out_dim=13    avg_loss: 0.000006067658  time_per_window : 0.000978   progress : 0.765
name: models.architecture.block_type=simple
models.architecture.mamba_type=mamba
training.mode=rollout
models.out_dim=13    avg_loss: 0.000006182463  time_per_window : 0.000955   progress : 0.775
name: models.architecture.block_type=simple
models.architecture.mamba_type=mamba
training.mode=rollout
models.out_dim=13    avg_loss: 0.000006134464  time_per_window : 0.000961   progress : 0.786
name: models.architecture.block_type=simple
models.architecture.mamba_type=mamba
training.mode=rollout
models.out_dim=13    avg_loss: 0.000006159129  time_per_window : 0.000942   progress : 0.797
name: models.architecture.block_type=simple
models.architecture.mamba_type=mamba
training.mode=rollout
models.out_dim=13    avg_loss: 0.000005974614  time_per_window : 0.000928   progress : 0.808
name: models.architecture.block_type=simple
models.architecture.mamba_type=mamba
training.mode=rollout
models.out_dim=13    avg_loss: 0.000006015927  time_per_window : 0.000972   progress : 0.819
name: models.architecture.block_type=simple
models.architecture.mamba_type=mamba
training.mode=rollout
models.out_dim=13    avg_loss: 0.000006061108  time_per_window : 0.000961   progress : 0.830
name: models.architecture.block_type=simple
models.architecture.mamba_type=mamba
training.mode=rollout
models.out_dim=13    avg_loss: 0.000005953595  time_per_window : 0.000962   progress : 0.841
name: models.architecture.block_type=simple
models.architecture.mamba_type=mamba
training.mode=rollout
models.out_dim=13    avg_loss: 0.000005724038  time_per_window : 0.000976   progress : 0.852
name: models.architecture.block_type=simple
models.architecture.mamba_type=mamba
training.mode=rollout
models.out_dim=13    avg_loss: 0.000005493748  time_per_window : 0.000929   progress : 0.863
name: models.architecture.block_type=simple
models.architecture.mamba_type=mamba
training.mode=rollout
models.out_dim=13    avg_loss: 0.000005438400  time_per_window : 0.000951   progress : 0.874
name: models.architecture.block_type=simple
models.architecture.mamba_type=mamba
training.mode=rollout
models.out_dim=13    avg_loss: 0.000005394109  time_per_window : 0.000977   progress : 0.885
name: models.architecture.block_type=simple
models.architecture.mamba_type=mamba
training.mode=rollout
models.out_dim=13    avg_loss: 0.000005315669  time_per_window : 0.000958   progress : 0.896
name: models.architecture.block_type=simple
models.architecture.mamba_type=mamba
training.mode=rollout
models.out_dim=13    avg_loss: 0.000005406671  time_per_window : 0.000962   progress : 0.907
name: models.architecture.block_type=simple
models.architecture.mamba_type=mamba
training.mode=rollout
models.out_dim=13    avg_loss: 0.000005458409  time_per_window : 0.000957   progress : 0.917
name: models.architecture.block_type=simple
models.architecture.mamba_type=mamba
training.mode=rollout
models.out_dim=13    avg_loss: 0.000005489122  time_per_window : 0.000953   progress : 0.928
name: models.architecture.block_type=simple
models.architecture.mamba_type=mamba
training.mode=rollout
models.out_dim=13    avg_loss: 0.000005353593  time_per_window : 0.000954   progress : 0.939
name: models.architecture.block_type=simple
models.architecture.mamba_type=mamba
training.mode=rollout
models.out_dim=13    avg_loss: 0.000005370990  time_per_window : 0.000961   progress : 0.950
name: models.architecture.block_type=simple
models.architecture.mamba_type=mamba
training.mode=rollout
models.out_dim=13    avg_loss: 0.000005382136  time_per_window : 0.000971   progress : 0.961
name: models.architecture.block_type=simple
models.architecture.mamba_type=mamba
training.mode=rollout
models.out_dim=13    avg_loss: 0.000005371263  time_per_window : 0.000934   progress : 0.972
name: models.architecture.block_type=simple
models.architecture.mamba_type=mamba
training.mode=rollout
models.out_dim=13    avg_loss: 0.000005394549  time_per_window : 0.000984   progress : 0.983
name: models.architecture.block_type=simple
models.architecture.mamba_type=mamba
training.mode=rollout
models.out_dim=13    avg_loss: 0.000005379717  time_per_window : 0.000978   progress : 0.994
DONE!!!
