/home/jdihardjo/miniconda3/envs/mavenv/lib/python3.11/site-packages/hydra/_internal/defaults_list.py:251: UserWarning: In 'config': Defaults list is missing `_self_`. See https://hydra.cc/docs/1.2/upgrades/1.0_to_1.1/default_composition_order for more information
  warnings.warn(msg, UserWarning)
Using cuda:0 device
[2026-07-23 08:09:03,519][HYDRA] Joblib.Parallel(n_jobs=4,backend=loky,prefer=processes,require=None,verbose=0,timeout=None,pre_dispatch=2*n_jobs,batch_size=auto,temp_folder=None,max_nbytes=None,mmap_mode=r) is launching 1 jobs
[2026-07-23 08:09:03,519][HYDRA] Launching jobs, sweep output dir : ablation_runs/2026-07-23_08-08-58/simple_mamba_short_rollout
[2026-07-23 08:09:03,519][HYDRA] 	#0 : models.architecture.block_type=simple models.architecture.mamba_type=mamba training.mode=rollout training.rollout_steps=16
/home/jdihardjo/miniconda3/envs/mavenv/lib/python3.11/site-packages/hydra/_internal/defaults_list.py:251: UserWarning: In 'config': Defaults list is missing `_self_`. See https://hydra.cc/docs/1.2/upgrades/1.0_to_1.1/default_composition_order for more information
  warnings.warn(msg, UserWarning)
models:
  n_dim: 23
  out_dim: 10
  architecture:
    d_model: 128
    n_encoder_layers: 2
    n_decoder_layers: 0
    block_type: simple
    time_adapter: last_token
    in_norm: none
    out_norm: none
    layer_scale: 0.0001
    drop_path: 0.05
    mamba_type: mamba
    mamba_kwargs:
      d_state: 16
      d_conv: 2
      expand: 2
      norm: rms
    skip: false
    cls_kwargs:
      n_heads: 2
      n_mlp: 2
      positional_encoding: false
      max_len: 5000
input_len: 64
output_len: 1
batch_size: 128
epochs: 5
seed: 0
dataset:
  path: /home/jdihardjo/simdata/train.zarr/
  training_size: 1500000
evaluation:
  path: /home/jdihardjo/simdata/evaluation.zarr/
  evaluation_size: 50
training:
  mode: rollout
  lr: 0.0002
  weight_decay: 0.1
  rollout_steps: 16
checkpoint:
  save_path: hydra-test.pth
  load: false
  path: hydra-test.pth
compile: true

/home/jdihardjo/miniconda3/envs/mavenv/lib/python3.11/site-packages/torch/_dynamo/variables/functions.py:2311: UserWarning: Dynamo does not know how to trace the builtin `selective_scan_cuda.pybind11_detail_function_record_v1_system_libstdcpp_gxx_abi_1xxx_use_cxx11_abi_1.fwd.` This function is either a Python builtin (e.g. _warnings.warn) or a third-party C/C++ Python extension (perhaps created with pybind).
If it is a Python builtin, please file an issue on GitHub so the PyTorch team can add support for it and see the next case for a workaround.
If it is a third-party C/C++ Python extension, please either wrap it into a PyTorch-understood custom operator (see https://pytorch.org/tutorials/advanced/custom_ops_landing_page.html for more details) or, if it is traceable, use `torch.compiler.allow_in_graph`.
  torch._dynamo.utils.warn_once(explanation + "\n" + "\n".join(hints))
/home/jdihardjo/miniconda3/envs/mavenv/lib/python3.11/site-packages/torch/_inductor/cudagraph_trees.py:2622: UserWarning: Unable to hit fast path of CUDAGraphs because outputs from a previous step still require backward. Ensure backward() is invoked or detach outputs. You may also call torch.compiler.cudagraph_mark_step_begin() before each model invocation.
  warnings.warn(
name: models.architecture.block_type=simple
models.architecture.mamba_type=mamba
training.mode=rollout
training.rollout_steps=16    avg_loss: 0.000106553656  time_per_window : 0.000424   progress : 0.011
name: models.architecture.block_type=simple
models.architecture.mamba_type=mamba
training.mode=rollout
training.rollout_steps=16    avg_loss: 0.000000237938  time_per_window : 0.000509   progress : 0.022
name: models.architecture.block_type=simple
models.architecture.mamba_type=mamba
training.mode=rollout
training.rollout_steps=16    avg_loss: 0.000000208130  time_per_window : 0.000484   progress : 0.033
name: models.architecture.block_type=simple
models.architecture.mamba_type=mamba
training.mode=rollout
training.rollout_steps=16    avg_loss: 0.000000195243  time_per_window : 0.000537   progress : 0.044
name: models.architecture.block_type=simple
models.architecture.mamba_type=mamba
training.mode=rollout
training.rollout_steps=16    avg_loss: 0.000000181173  time_per_window : 0.000482   progress : 0.055
name: models.architecture.block_type=simple
models.architecture.mamba_type=mamba
training.mode=rollout
training.rollout_steps=16    avg_loss: 0.000000175083  time_per_window : 0.000590   progress : 0.066
name: models.architecture.block_type=simple
models.architecture.mamba_type=mamba
training.mode=rollout
training.rollout_steps=16    avg_loss: 0.000000161376  time_per_window : 0.000485   progress : 0.076
name: models.architecture.block_type=simple
models.architecture.mamba_type=mamba
training.mode=rollout
training.rollout_steps=16    avg_loss: 0.000000156857  time_per_window : 0.000493   progress : 0.087
name: models.architecture.block_type=simple
models.architecture.mamba_type=mamba
training.mode=rollout
training.rollout_steps=16    avg_loss: 0.000000150066  time_per_window : 0.000585   progress : 0.098
name: models.architecture.block_type=simple
models.architecture.mamba_type=mamba
training.mode=rollout
training.rollout_steps=16    avg_loss: 0.000000150346  time_per_window : 0.000580   progress : 0.109
name: models.architecture.block_type=simple
models.architecture.mamba_type=mamba
training.mode=rollout
training.rollout_steps=16    avg_loss: 0.000000140415  time_per_window : 0.000449   progress : 0.120
name: models.architecture.block_type=simple
models.architecture.mamba_type=mamba
training.mode=rollout
training.rollout_steps=16    avg_loss: 0.000000134479  time_per_window : 0.000478   progress : 0.131
name: models.architecture.block_type=simple
models.architecture.mamba_type=mamba
training.mode=rollout
training.rollout_steps=16    avg_loss: 0.000000129269  time_per_window : 0.000480   progress : 0.142
name: models.architecture.block_type=simple
models.architecture.mamba_type=mamba
training.mode=rollout
training.rollout_steps=16    avg_loss: 0.000000119308  time_per_window : 0.000593   progress : 0.153
name: models.architecture.block_type=simple
models.architecture.mamba_type=mamba
training.mode=rollout
training.rollout_steps=16    avg_loss: 0.000000116184  time_per_window : 0.000474   progress : 0.164
name: models.architecture.block_type=simple
models.architecture.mamba_type=mamba
training.mode=rollout
training.rollout_steps=16    avg_loss: 0.000000108427  time_per_window : 0.000586   progress : 0.175
name: models.architecture.block_type=simple
models.architecture.mamba_type=mamba
training.mode=rollout
training.rollout_steps=16    avg_loss: 0.000000102226  time_per_window : 0.000504   progress : 0.186
name: models.architecture.block_type=simple
models.architecture.mamba_type=mamba
training.mode=rollout
training.rollout_steps=16    avg_loss: 0.000000093411  time_per_window : 0.000642   progress : 0.197
name: models.architecture.block_type=simple
models.architecture.mamba_type=mamba
training.mode=rollout
training.rollout_steps=16    avg_loss: 0.000000082123  time_per_window : 0.000596   progress : 0.208
name: models.architecture.block_type=simple
models.architecture.mamba_type=mamba
training.mode=rollout
training.rollout_steps=16    avg_loss: 0.000000070365  time_per_window : 0.000510   progress : 0.218
name: models.architecture.block_type=simple
models.architecture.mamba_type=mamba
training.mode=rollout
training.rollout_steps=16    avg_loss: 0.000000065342  time_per_window : 0.000589   progress : 0.229
name: models.architecture.block_type=simple
models.architecture.mamba_type=mamba
training.mode=rollout
training.rollout_steps=16    avg_loss: 0.000000058367  time_per_window : 0.000583   progress : 0.240
name: models.architecture.block_type=simple
models.architecture.mamba_type=mamba
training.mode=rollout
training.rollout_steps=16    avg_loss: 0.000000052854  time_per_window : 0.000491   progress : 0.251
name: models.architecture.block_type=simple
models.architecture.mamba_type=mamba
training.mode=rollout
training.rollout_steps=16    avg_loss: 0.000000046904  time_per_window : 0.000552   progress : 0.262
name: models.architecture.block_type=simple
models.architecture.mamba_type=mamba
training.mode=rollout
training.rollout_steps=16    avg_loss: 0.000000044571  time_per_window : 0.000574   progress : 0.273
name: models.architecture.block_type=simple
models.architecture.mamba_type=mamba
training.mode=rollout
training.rollout_steps=16    avg_loss: 0.000000042492  time_per_window : 0.000478   progress : 0.284
name: models.architecture.block_type=simple
models.architecture.mamba_type=mamba
training.mode=rollout
training.rollout_steps=16    avg_loss: 0.000000041286  time_per_window : 0.000544   progress : 0.295
name: models.architecture.block_type=simple
models.architecture.mamba_type=mamba
training.mode=rollout
training.rollout_steps=16    avg_loss: 0.000000037815  time_per_window : 0.000540   progress : 0.306
name: models.architecture.block_type=simple
models.architecture.mamba_type=mamba
training.mode=rollout
training.rollout_steps=16    avg_loss: 0.000000037986  time_per_window : 0.000518   progress : 0.317
name: models.architecture.block_type=simple
models.architecture.mamba_type=mamba
training.mode=rollout
training.rollout_steps=16    avg_loss: 0.000000037332  time_per_window : 0.000594   progress : 0.328
name: models.architecture.block_type=simple
models.architecture.mamba_type=mamba
training.mode=rollout
training.rollout_steps=16    avg_loss: 0.000000037669  time_per_window : 0.000478   progress : 0.339
name: models.architecture.block_type=simple
models.architecture.mamba_type=mamba
training.mode=rollout
training.rollout_steps=16    avg_loss: 0.000000037823  time_per_window : 0.000495   progress : 0.350
name: models.architecture.block_type=simple
models.architecture.mamba_type=mamba
training.mode=rollout
training.rollout_steps=16    avg_loss: 0.000000037036  time_per_window : 0.000491   progress : 0.360
name: models.architecture.block_type=simple
models.architecture.mamba_type=mamba
training.mode=rollout
training.rollout_steps=16    avg_loss: 0.000000037042  time_per_window : 0.000555   progress : 0.371
name: models.architecture.block_type=simple
models.architecture.mamba_type=mamba
training.mode=rollout
training.rollout_steps=16    avg_loss: 0.000000038552  time_per_window : 0.000584   progress : 0.382
name: models.architecture.block_type=simple
models.architecture.mamba_type=mamba
training.mode=rollout
training.rollout_steps=16    avg_loss: 0.000000040428  time_per_window : 0.000536   progress : 0.393
name: models.architecture.block_type=simple
models.architecture.mamba_type=mamba
training.mode=rollout
training.rollout_steps=16    avg_loss: 0.000000041768  time_per_window : 0.000502   progress : 0.404
name: models.architecture.block_type=simple
models.architecture.mamba_type=mamba
training.mode=rollout
training.rollout_steps=16    avg_loss: 0.000000043845  time_per_window : 0.000587   progress : 0.415
name: models.architecture.block_type=simple
models.architecture.mamba_type=mamba
training.mode=rollout
training.rollout_steps=16    avg_loss: 0.000000040750  time_per_window : 0.000481   progress : 0.426
name: models.architecture.block_type=simple
models.architecture.mamba_type=mamba
training.mode=rollout
training.rollout_steps=16    avg_loss: 0.000000044241  time_per_window : 0.000490   progress : 0.437
name: models.architecture.block_type=simple
models.architecture.mamba_type=mamba
training.mode=rollout
training.rollout_steps=16    avg_loss: 0.000000046568  time_per_window : 0.000561   progress : 0.448
name: models.architecture.block_type=simple
models.architecture.mamba_type=mamba
training.mode=rollout
training.rollout_steps=16    avg_loss: 0.000000043092  time_per_window : 0.000594   progress : 0.459
name: models.architecture.block_type=simple
models.architecture.mamba_type=mamba
training.mode=rollout
training.rollout_steps=16    avg_loss: 0.000000045608  time_per_window : 0.000602   progress : 0.470
name: models.architecture.block_type=simple
models.architecture.mamba_type=mamba
training.mode=rollout
training.rollout_steps=16    avg_loss: 0.000000045269  time_per_window : 0.000537   progress : 0.481
name: models.architecture.block_type=simple
models.architecture.mamba_type=mamba
training.mode=rollout
training.rollout_steps=16    avg_loss: 0.000000047959  time_per_window : 0.000601   progress : 0.492
name: models.architecture.block_type=simple
models.architecture.mamba_type=mamba
training.mode=rollout
training.rollout_steps=16    avg_loss: 0.000000048412  time_per_window : 0.000489   progress : 0.502
name: models.architecture.block_type=simple
models.architecture.mamba_type=mamba
training.mode=rollout
training.rollout_steps=16    avg_loss: 0.000000052234  time_per_window : 0.000488   progress : 0.513
name: models.architecture.block_type=simple
models.architecture.mamba_type=mamba
training.mode=rollout
training.rollout_steps=16    avg_loss: 0.000000040485  time_per_window : 0.000539   progress : 0.524
name: models.architecture.block_type=simple
models.architecture.mamba_type=mamba
training.mode=rollout
training.rollout_steps=16    avg_loss: 0.000000043827  time_per_window : 0.000581   progress : 0.535
name: models.architecture.block_type=simple
models.architecture.mamba_type=mamba
training.mode=rollout
training.rollout_steps=16    avg_loss: 0.000000049067  time_per_window : 0.000572   progress : 0.546
name: models.architecture.block_type=simple
models.architecture.mamba_type=mamba
training.mode=rollout
training.rollout_steps=16    avg_loss: 0.000000049467  time_per_window : 0.000521   progress : 0.557
name: models.architecture.block_type=simple
models.architecture.mamba_type=mamba
training.mode=rollout
training.rollout_steps=16    avg_loss: 0.000000046546  time_per_window : 0.000502   progress : 0.568
name: models.architecture.block_type=simple
models.architecture.mamba_type=mamba
training.mode=rollout
training.rollout_steps=16    avg_loss: 0.000000044383  time_per_window : 0.000601   progress : 0.579
name: models.architecture.block_type=simple
models.architecture.mamba_type=mamba
training.mode=rollout
training.rollout_steps=16    avg_loss: 0.000000042845  time_per_window : 0.000542   progress : 0.590
name: models.architecture.block_type=simple
models.architecture.mamba_type=mamba
training.mode=rollout
training.rollout_steps=16    avg_loss: 0.000000045943  time_per_window : 0.000475   progress : 0.601
name: models.architecture.block_type=simple
models.architecture.mamba_type=mamba
training.mode=rollout
training.rollout_steps=16    avg_loss: 0.000000037091  time_per_window : 0.000581   progress : 0.612
name: models.architecture.block_type=simple
models.architecture.mamba_type=mamba
training.mode=rollout
training.rollout_steps=16    avg_loss: 0.000000040034  time_per_window : 0.000538   progress : 0.623
name: models.architecture.block_type=simple
models.architecture.mamba_type=mamba
training.mode=rollout
training.rollout_steps=16    avg_loss: 0.000000046276  time_per_window : 0.000580   progress : 0.634
name: models.architecture.block_type=simple
models.architecture.mamba_type=mamba
training.mode=rollout
training.rollout_steps=16    avg_loss: 0.000000044154  time_per_window : 0.000501   progress : 0.644
name: models.architecture.block_type=simple
models.architecture.mamba_type=mamba
training.mode=rollout
training.rollout_steps=16    avg_loss: 0.000000050260  time_per_window : 0.000495   progress : 0.655
name: models.architecture.block_type=simple
models.architecture.mamba_type=mamba
training.mode=rollout
training.rollout_steps=16    avg_loss: 0.000000039866  time_per_window : 0.000494   progress : 0.666
name: models.architecture.block_type=simple
models.architecture.mamba_type=mamba
training.mode=rollout
training.rollout_steps=16    avg_loss: 0.000000038243  time_per_window : 0.000505   progress : 0.677
name: models.architecture.block_type=simple
models.architecture.mamba_type=mamba
training.mode=rollout
training.rollout_steps=16    avg_loss: 0.000000036292  time_per_window : 0.000493   progress : 0.688
name: models.architecture.block_type=simple
models.architecture.mamba_type=mamba
training.mode=rollout
training.rollout_steps=16    avg_loss: 0.000000039005  time_per_window : 0.000476   progress : 0.699
name: models.architecture.block_type=simple
models.architecture.mamba_type=mamba
training.mode=rollout
training.rollout_steps=16    avg_loss: 0.000000037529  time_per_window : 0.000496   progress : 0.710
name: models.architecture.block_type=simple
models.architecture.mamba_type=mamba
training.mode=rollout
training.rollout_steps=16    avg_loss: 0.000000033086  time_per_window : 0.000478   progress : 0.721
name: models.architecture.block_type=simple
models.architecture.mamba_type=mamba
training.mode=rollout
training.rollout_steps=16    avg_loss: 0.000000029002  time_per_window : 0.000561   progress : 0.732
name: models.architecture.block_type=simple
models.architecture.mamba_type=mamba
training.mode=rollout
training.rollout_steps=16    avg_loss: 0.000000025777  time_per_window : 0.000588   progress : 0.743
name: models.architecture.block_type=simple
models.architecture.mamba_type=mamba
training.mode=rollout
training.rollout_steps=16    avg_loss: 0.000000029389  time_per_window : 0.000498   progress : 0.754
name: models.architecture.block_type=simple
models.architecture.mamba_type=mamba
training.mode=rollout
training.rollout_steps=16    avg_loss: 0.000000025446  time_per_window : 0.000588   progress : 0.765
name: models.architecture.block_type=simple
models.architecture.mamba_type=mamba
training.mode=rollout
training.rollout_steps=16    avg_loss: 0.000000023855  time_per_window : 0.000515   progress : 0.775
name: models.architecture.block_type=simple
models.architecture.mamba_type=mamba
training.mode=rollout
training.rollout_steps=16    avg_loss: 0.000000024815  time_per_window : 0.000490   progress : 0.786
name: models.architecture.block_type=simple
models.architecture.mamba_type=mamba
training.mode=rollout
training.rollout_steps=16    avg_loss: 0.000000025417  time_per_window : 0.000479   progress : 0.797
name: models.architecture.block_type=simple
models.architecture.mamba_type=mamba
training.mode=rollout
training.rollout_steps=16    avg_loss: 0.000000021725  time_per_window : 0.000494   progress : 0.808
name: models.architecture.block_type=simple
models.architecture.mamba_type=mamba
training.mode=rollout
training.rollout_steps=16    avg_loss: 0.000000023105  time_per_window : 0.000572   progress : 0.819
name: models.architecture.block_type=simple
models.architecture.mamba_type=mamba
training.mode=rollout
training.rollout_steps=16    avg_loss: 0.000000024681  time_per_window : 0.000602   progress : 0.830
name: models.architecture.block_type=simple
models.architecture.mamba_type=mamba
training.mode=rollout
training.rollout_steps=16    avg_loss: 0.000000022891  time_per_window : 0.000604   progress : 0.841
name: models.architecture.block_type=simple
models.architecture.mamba_type=mamba
training.mode=rollout
training.rollout_steps=16    avg_loss: 0.000000024391  time_per_window : 0.000602   progress : 0.852
name: models.architecture.block_type=simple
models.architecture.mamba_type=mamba
training.mode=rollout
training.rollout_steps=16    avg_loss: 0.000000020374  time_per_window : 0.000538   progress : 0.863
name: models.architecture.block_type=simple
models.architecture.mamba_type=mamba
training.mode=rollout
training.rollout_steps=16    avg_loss: 0.000000023521  time_per_window : 0.000545   progress : 0.874
name: models.architecture.block_type=simple
models.architecture.mamba_type=mamba
training.mode=rollout
training.rollout_steps=16    avg_loss: 0.000000022028  time_per_window : 0.000565   progress : 0.885
name: models.architecture.block_type=simple
models.architecture.mamba_type=mamba
training.mode=rollout
training.rollout_steps=16    avg_loss: 0.000000020982  time_per_window : 0.000514   progress : 0.896/home/jdihardjo/miniconda3/envs/mavenv/lib/python3.11/site-packages/torch/_inductor/cudagraph_trees.py:2622: UserWarning: Unable to hit fast path of CUDAGraphs because outputs from a previous step still require backward. Ensure backward() is invoked or detach outputs. You may also call torch.compiler.cudagraph_mark_step_begin() before each model invocation.
  warnings.warn(
/home/jdihardjo/miniconda3/envs/mavenv/lib/python3.11/site-packages/torch/_inductor/cudagraph_trees.py:2622: UserWarning: Unable to hit fast path of CUDAGraphs because outputs from a previous step still require backward. Ensure backward() is invoked or detach outputs. You may also call torch.compiler.cudagraph_mark_step_begin() before each model invocation.
  warnings.warn(

name: models.architecture.block_type=simple
models.architecture.mamba_type=mamba
training.mode=rollout
training.rollout_steps=16    avg_loss: 0.000000022744  time_per_window : 0.000520   progress : 0.907
name: models.architecture.block_type=simple
models.architecture.mamba_type=mamba
training.mode=rollout
training.rollout_steps=16    avg_loss: 0.000000022096  time_per_window : 0.000491   progress : 0.917
name: models.architecture.block_type=simple
models.architecture.mamba_type=mamba
training.mode=rollout
training.rollout_steps=16    avg_loss: 0.000000020642  time_per_window : 0.000502   progress : 0.928
name: models.architecture.block_type=simple
models.architecture.mamba_type=mamba
training.mode=rollout
training.rollout_steps=16    avg_loss: 0.000000018870  time_per_window : 0.000449   progress : 0.939
name: models.architecture.block_type=simple
models.architecture.mamba_type=mamba
training.mode=rollout
training.rollout_steps=16    avg_loss: 0.000000023214  time_per_window : 0.000505   progress : 0.950
name: models.architecture.block_type=simple
models.architecture.mamba_type=mamba
training.mode=rollout
training.rollout_steps=16    avg_loss: 0.000000019488  time_per_window : 0.000486   progress : 0.961
name: models.architecture.block_type=simple
models.architecture.mamba_type=mamba
training.mode=rollout
training.rollout_steps=16    avg_loss: 0.000000020238  time_per_window : 0.000484   progress : 0.972
name: models.architecture.block_type=simple
models.architecture.mamba_type=mamba
training.mode=rollout
training.rollout_steps=16    avg_loss: 0.000000023004  time_per_window : 0.000537   progress : 0.983
name: models.architecture.block_type=simple
models.architecture.mamba_type=mamba
training.mode=rollout
training.rollout_steps=16    avg_loss: 0.000000019203  time_per_window : 0.000576   progress : 0.994
name: models.architecture.block_type=simple
models.architecture.mamba_type=mamba
training.mode=rollout
training.rollout_steps=16    avg_loss: 0.000000057310  time_per_window : 0.000514   progress : 0.011
name: models.architecture.block_type=simple
models.architecture.mamba_type=mamba
training.mode=rollout
training.rollout_steps=16    avg_loss: 0.000000016897  time_per_window : 0.000636   progress : 0.022
name: models.architecture.block_type=simple
models.architecture.mamba_type=mamba
training.mode=rollout
training.rollout_steps=16    avg_loss: 0.000000017297  time_per_window : 0.000563   progress : 0.033
name: models.architecture.block_type=simple
models.architecture.mamba_type=mamba
training.mode=rollout
training.rollout_steps=16    avg_loss: 0.000000018346  time_per_window : 0.000613   progress : 0.044
name: models.architecture.block_type=simple
models.architecture.mamba_type=mamba
training.mode=rollout
training.rollout_steps=16    avg_loss: 0.000000018561  time_per_window : 0.000566   progress : 0.055
name: models.architecture.block_type=simple
models.architecture.mamba_type=mamba
training.mode=rollout
training.rollout_steps=16    avg_loss: 0.000000019040  time_per_window : 0.000584   progress : 0.066
name: models.architecture.block_type=simple
models.architecture.mamba_type=mamba
training.mode=rollout
training.rollout_steps=16    avg_loss: 0.000000020774  time_per_window : 0.000521   progress : 0.076
name: models.architecture.block_type=simple
models.architecture.mamba_type=mamba
training.mode=rollout
training.rollout_steps=16    avg_loss: 0.000000020290  time_per_window : 0.000514   progress : 0.087
name: models.architecture.block_type=simple
models.architecture.mamba_type=mamba
training.mode=rollout
training.rollout_steps=16    avg_loss: 0.000000021467  time_per_window : 0.000525   progress : 0.098
name: models.architecture.block_type=simple
models.architecture.mamba_type=mamba
training.mode=rollout
training.rollout_steps=16    avg_loss: 0.000000019627  time_per_window : 0.000533   progress : 0.109
name: models.architecture.block_type=simple
models.architecture.mamba_type=mamba
training.mode=rollout
training.rollout_steps=16    avg_loss: 0.000000019150  time_per_window : 0.000645   progress : 0.120
name: models.architecture.block_type=simple
models.architecture.mamba_type=mamba
training.mode=rollout
training.rollout_steps=16    avg_loss: 0.000000018628  time_per_window : 0.000624   progress : 0.131
name: models.architecture.block_type=simple
models.architecture.mamba_type=mamba
training.mode=rollout
training.rollout_steps=16    avg_loss: 0.000000022265  time_per_window : 0.000523   progress : 0.142
name: models.architecture.block_type=simple
models.architecture.mamba_type=mamba
training.mode=rollout
training.rollout_steps=16    avg_loss: 0.000000019366  time_per_window : 0.000606   progress : 0.153
name: models.architecture.block_type=simple
models.architecture.mamba_type=mamba
training.mode=rollout
training.rollout_steps=16    avg_loss: 0.000000019985  time_per_window : 0.000561   progress : 0.164
name: models.architecture.block_type=simple
models.architecture.mamba_type=mamba
training.mode=rollout
training.rollout_steps=16    avg_loss: 0.000000018483  time_per_window : 0.000523   progress : 0.175
name: models.architecture.block_type=simple
models.architecture.mamba_type=mamba
training.mode=rollout
training.rollout_steps=16    avg_loss: 0.000000019044  time_per_window : 0.000536   progress : 0.186
name: models.architecture.block_type=simple
models.architecture.mamba_type=mamba
training.mode=rollout
training.rollout_steps=16    avg_loss: 0.000000021061  time_per_window : 0.000579   progress : 0.197
name: models.architecture.block_type=simple
models.architecture.mamba_type=mamba
training.mode=rollout
training.rollout_steps=16    avg_loss: 0.000000017825  time_per_window : 0.000641   progress : 0.208
name: models.architecture.block_type=simple
models.architecture.mamba_type=mamba
training.mode=rollout
training.rollout_steps=16    avg_loss: 0.000000019571  time_per_window : 0.000626   progress : 0.218
name: models.architecture.block_type=simple
models.architecture.mamba_type=mamba
training.mode=rollout
training.rollout_steps=16    avg_loss: 0.000000018336  time_per_window : 0.000527   progress : 0.229
name: models.architecture.block_type=simple
models.architecture.mamba_type=mamba
training.mode=rollout
training.rollout_steps=16    avg_loss: 0.000000018590  time_per_window : 0.000526   progress : 0.240
name: models.architecture.block_type=simple
models.architecture.mamba_type=mamba
training.mode=rollout
training.rollout_steps=16    avg_loss: 0.000000019647  time_per_window : 0.000508   progress : 0.251
name: models.architecture.block_type=simple
models.architecture.mamba_type=mamba
training.mode=rollout
training.rollout_steps=16    avg_loss: 0.000000020002  time_per_window : 0.000551   progress : 0.262
name: models.architecture.block_type=simple
models.architecture.mamba_type=mamba
training.mode=rollout
training.rollout_steps=16    avg_loss: 0.000000017791  time_per_window : 0.000599   progress : 0.273
name: models.architecture.block_type=simple
models.architecture.mamba_type=mamba
training.mode=rollout
training.rollout_steps=16    avg_loss: 0.000000019272  time_per_window : 0.000594   progress : 0.284
name: models.architecture.block_type=simple
models.architecture.mamba_type=mamba
training.mode=rollout
training.rollout_steps=16    avg_loss: 0.000000018497  time_per_window : 0.000504   progress : 0.295
name: models.architecture.block_type=simple
models.architecture.mamba_type=mamba
training.mode=rollout
training.rollout_steps=16    avg_loss: 0.000000017412  time_per_window : 0.000615   progress : 0.306
name: models.architecture.block_type=simple
models.architecture.mamba_type=mamba
training.mode=rollout
training.rollout_steps=16    avg_loss: 0.000000018834  time_per_window : 0.000546   progress : 0.317
name: models.architecture.block_type=simple
models.architecture.mamba_type=mamba
training.mode=rollout
training.rollout_steps=16    avg_loss: 0.000000018295  time_per_window : 0.000639   progress : 0.328
name: models.architecture.block_type=simple
models.architecture.mamba_type=mamba
training.mode=rollout
training.rollout_steps=16    avg_loss: 0.000000017799  time_per_window : 0.000529   progress : 0.339
name: models.architecture.block_type=simple
models.architecture.mamba_type=mamba
training.mode=rollout
training.rollout_steps=16    avg_loss: 0.000000017694  time_per_window : 0.000604   progress : 0.350
name: models.architecture.block_type=simple
models.architecture.mamba_type=mamba
training.mode=rollout
training.rollout_steps=16    avg_loss: 0.000000016482  time_per_window : 0.000537   progress : 0.360
name: models.architecture.block_type=simple
models.architecture.mamba_type=mamba
training.mode=rollout
training.rollout_steps=16    avg_loss: 0.000000017797  time_per_window : 0.000547   progress : 0.371
name: models.architecture.block_type=simple
models.architecture.mamba_type=mamba
training.mode=rollout
training.rollout_steps=16    avg_loss: 0.000000019488  time_per_window : 0.000561   progress : 0.382
name: models.architecture.block_type=simple
models.architecture.mamba_type=mamba
training.mode=rollout
training.rollout_steps=16    avg_loss: 0.000000017096  time_per_window : 0.000525   progress : 0.393
name: models.architecture.block_type=simple
models.architecture.mamba_type=mamba
training.mode=rollout
training.rollout_steps=16    avg_loss: 0.000000017534  time_per_window : 0.000531   progress : 0.404
name: models.architecture.block_type=simple
models.architecture.mamba_type=mamba
training.mode=rollout
training.rollout_steps=16    avg_loss: 0.000000017153  time_per_window : 0.000659   progress : 0.415
name: models.architecture.block_type=simple
models.architecture.mamba_type=mamba
training.mode=rollout
training.rollout_steps=16    avg_loss: 0.000000018101  time_per_window : 0.000518   progress : 0.426
name: models.architecture.block_type=simple
models.architecture.mamba_type=mamba
training.mode=rollout
training.rollout_steps=16    avg_loss: 0.000000017698  time_per_window : 0.000606   progress : 0.437
name: models.architecture.block_type=simple
models.architecture.mamba_type=mamba
training.mode=rollout
training.rollout_steps=16    avg_loss: 0.000000018962  time_per_window : 0.000547   progress : 0.448
name: models.architecture.block_type=simple
models.architecture.mamba_type=mamba
training.mode=rollout
training.rollout_steps=16    avg_loss: 0.000000016194  time_per_window : 0.000551   progress : 0.459
name: models.architecture.block_type=simple
models.architecture.mamba_type=mamba
training.mode=rollout
training.rollout_steps=16    avg_loss: 0.000000017285  time_per_window : 0.000547   progress : 0.470
name: models.architecture.block_type=simple
models.architecture.mamba_type=mamba
training.mode=rollout
training.rollout_steps=16    avg_loss: 0.000000016073  time_per_window : 0.000621   progress : 0.481
name: models.architecture.block_type=simple
models.architecture.mamba_type=mamba
training.mode=rollout
training.rollout_steps=16    avg_loss: 0.000000016421  time_per_window : 0.000613   progress : 0.492
name: models.architecture.block_type=simple
models.architecture.mamba_type=mamba
training.mode=rollout
training.rollout_steps=16    avg_loss: 0.000000016137  time_per_window : 0.000587   progress : 0.502
name: models.architecture.block_type=simple
models.architecture.mamba_type=mamba
training.mode=rollout
training.rollout_steps=16    avg_loss: 0.000000017818  time_per_window : 0.000635   progress : 0.513
name: models.architecture.block_type=simple
models.architecture.mamba_type=mamba
training.mode=rollout
training.rollout_steps=16    avg_loss: 0.000000017638  time_per_window : 0.000555   progress : 0.524
name: models.architecture.block_type=simple
models.architecture.mamba_type=mamba
training.mode=rollout
training.rollout_steps=16    avg_loss: 0.000000016319  time_per_window : 0.000511   progress : 0.535
name: models.architecture.block_type=simple
models.architecture.mamba_type=mamba
training.mode=rollout
training.rollout_steps=16    avg_loss: 0.000000015903  time_per_window : 0.000529   progress : 0.546
name: models.architecture.block_type=simple
models.architecture.mamba_type=mamba
training.mode=rollout
training.rollout_steps=16    avg_loss: 0.000000015804  time_per_window : 0.000638   progress : 0.557
name: models.architecture.block_type=simple
models.architecture.mamba_type=mamba
training.mode=rollout
training.rollout_steps=16    avg_loss: 0.000000016429  time_per_window : 0.000633   progress : 0.568
name: models.architecture.block_type=simple
models.architecture.mamba_type=mamba
training.mode=rollout
training.rollout_steps=16    avg_loss: 0.000000016150  time_per_window : 0.000660   progress : 0.579
name: models.architecture.block_type=simple
models.architecture.mamba_type=mamba
training.mode=rollout
training.rollout_steps=16    avg_loss: 0.000000015940  time_per_window : 0.000535   progress : 0.590
name: models.architecture.block_type=simple
models.architecture.mamba_type=mamba
training.mode=rollout
training.rollout_steps=16    avg_loss: 0.000000016638  time_per_window : 0.000507   progress : 0.601
name: models.architecture.block_type=simple
models.architecture.mamba_type=mamba
training.mode=rollout
training.rollout_steps=16    avg_loss: 0.000000016694  time_per_window : 0.000569   progress : 0.612
name: models.architecture.block_type=simple
models.architecture.mamba_type=mamba
training.mode=rollout
training.rollout_steps=16    avg_loss: 0.000000017093  time_per_window : 0.000513   progress : 0.623
name: models.architecture.block_type=simple
models.architecture.mamba_type=mamba
training.mode=rollout
training.rollout_steps=16    avg_loss: 0.000000017400  time_per_window : 0.000520   progress : 0.634
name: models.architecture.block_type=simple
models.architecture.mamba_type=mamba
training.mode=rollout
training.rollout_steps=16    avg_loss: 0.000000016088  time_per_window : 0.000528   progress : 0.644
name: models.architecture.block_type=simple
models.architecture.mamba_type=mamba
training.mode=rollout
training.rollout_steps=16    avg_loss: 0.000000015658  time_per_window : 0.000583   progress : 0.655
name: models.architecture.block_type=simple
models.architecture.mamba_type=mamba
training.mode=rollout
training.rollout_steps=16    avg_loss: 0.000000016825  time_per_window : 0.000500   progress : 0.666
name: models.architecture.block_type=simple
models.architecture.mamba_type=mamba
training.mode=rollout
training.rollout_steps=16    avg_loss: 0.000000014813  time_per_window : 0.000570   progress : 0.677
name: models.architecture.block_type=simple
models.architecture.mamba_type=mamba
training.mode=rollout
training.rollout_steps=16    avg_loss: 0.000000016305  time_per_window : 0.000634   progress : 0.688
name: models.architecture.block_type=simple
models.architecture.mamba_type=mamba
training.mode=rollout
training.rollout_steps=16    avg_loss: 0.000000017002  time_per_window : 0.000490   progress : 0.699
name: models.architecture.block_type=simple
models.architecture.mamba_type=mamba
training.mode=rollout
training.rollout_steps=16    avg_loss: 0.000000016557  time_per_window : 0.000528   progress : 0.710
name: models.architecture.block_type=simple
models.architecture.mamba_type=mamba
training.mode=rollout
training.rollout_steps=16    avg_loss: 0.000000014790  time_per_window : 0.000530   progress : 0.721
name: models.architecture.block_type=simple
models.architecture.mamba_type=mamba
training.mode=rollout
training.rollout_steps=16    avg_loss: 0.000000015517  time_per_window : 0.000535   progress : 0.732
name: models.architecture.block_type=simple
models.architecture.mamba_type=mamba
training.mode=rollout
training.rollout_steps=16    avg_loss: 0.000000015504  time_per_window : 0.000566   progress : 0.743
name: models.architecture.block_type=simple
models.architecture.mamba_type=mamba
training.mode=rollout
training.rollout_steps=16    avg_loss: 0.000000017381  time_per_window : 0.000572   progress : 0.754
name: models.architecture.block_type=simple
models.architecture.mamba_type=mamba
training.mode=rollout
training.rollout_steps=16    avg_loss: 0.000000014655  time_per_window : 0.000537   progress : 0.765
name: models.architecture.block_type=simple
models.architecture.mamba_type=mamba
training.mode=rollout
training.rollout_steps=16    avg_loss: 0.000000016836  time_per_window : 0.000580   progress : 0.775
name: models.architecture.block_type=simple
models.architecture.mamba_type=mamba
training.mode=rollout
training.rollout_steps=16    avg_loss: 0.000000015161  time_per_window : 0.000541   progress : 0.786
name: models.architecture.block_type=simple
models.architecture.mamba_type=mamba
training.mode=rollout
training.rollout_steps=16    avg_loss: 0.000000015506  time_per_window : 0.000638   progress : 0.797
name: models.architecture.block_type=simple
models.architecture.mamba_type=mamba
training.mode=rollout
training.rollout_steps=16    avg_loss: 0.000000016009  time_per_window : 0.000534   progress : 0.808
name: models.architecture.block_type=simple
models.architecture.mamba_type=mamba
training.mode=rollout
training.rollout_steps=16    avg_loss: 0.000000016089  time_per_window : 0.000506   progress : 0.819
name: models.architecture.block_type=simple
models.architecture.mamba_type=mamba
training.mode=rollout
training.rollout_steps=16    avg_loss: 0.000000015507  time_per_window : 0.000534   progress : 0.830
name: models.architecture.block_type=simple
models.architecture.mamba_type=mamba
training.mode=rollout
training.rollout_steps=16    avg_loss: 0.000000015682  time_per_window : 0.000641   progress : 0.841
name: models.architecture.block_type=simple
models.architecture.mamba_type=mamba
training.mode=rollout
training.rollout_steps=16    avg_loss: 0.000000015681  time_per_window : 0.000618   progress : 0.852
name: models.architecture.block_type=simple
models.architecture.mamba_type=mamba
training.mode=rollout
training.rollout_steps=16    avg_loss: 0.000000015268  time_per_window : 0.000616   progress : 0.863
name: models.architecture.block_type=simple
models.architecture.mamba_type=mamba
training.mode=rollout
training.rollout_steps=16    avg_loss: 0.000000015263  time_per_window : 0.000554   progress : 0.874
name: models.architecture.block_type=simple
models.architecture.mamba_type=mamba
training.mode=rollout
training.rollout_steps=16    avg_loss: 0.000000015419  time_per_window : 0.000567   progress : 0.885
name: models.architecture.block_type=simple
models.architecture.mamba_type=mamba
training.mode=rollout
training.rollout_steps=16    avg_loss: 0.000000015519  time_per_window : 0.000625   progress : 0.896
name: models.architecture.block_type=simple
models.architecture.mamba_type=mamba
training.mode=rollout
training.rollout_steps=16    avg_loss: 0.000000015006  time_per_window : 0.000504   progress : 0.907
name: models.architecture.block_type=simple
models.architecture.mamba_type=mamba
training.mode=rollout
training.rollout_steps=16    avg_loss: 0.000000016468  time_per_window : 0.000655   progress : 0.917
name: models.architecture.block_type=simple
models.architecture.mamba_type=mamba
training.mode=rollout
training.rollout_steps=16    avg_loss: 0.000000014874  time_per_window : 0.000546   progress : 0.928
name: models.architecture.block_type=simple
models.architecture.mamba_type=mamba
training.mode=rollout
training.rollout_steps=16    avg_loss: 0.000000015338  time_per_window : 0.000473   progress : 0.939
name: models.architecture.block_type=simple
models.architecture.mamba_type=mamba
training.mode=rollout
training.rollout_steps=16    avg_loss: 0.000000015523  time_per_window : 0.000501   progress : 0.950
name: models.architecture.block_type=simple
models.architecture.mamba_type=mamba
training.mode=rollout
training.rollout_steps=16    avg_loss: 0.000000014914  time_per_window : 0.000477   progress : 0.961
name: models.architecture.block_type=simple
models.architecture.mamba_type=mamba
training.mode=rollout
training.rollout_steps=16    avg_loss: 0.000000015049  time_per_window : 0.000591   progress : 0.972
name: models.architecture.block_type=simple
models.architecture.mamba_type=mamba
training.mode=rollout
training.rollout_steps=16    avg_loss: 0.000000015220  time_per_window : 0.000504   progress : 0.983
name: models.architecture.block_type=simple
models.architecture.mamba_type=mamba
training.mode=rollout
training.rollout_steps=16    avg_loss: 0.000000015404  time_per_window : 0.000595   progress : 0.994
name: models.architecture.block_type=simple
models.architecture.mamba_type=mamba
training.mode=rollout
training.rollout_steps=16    avg_loss: 0.000001239903  time_per_window : 0.000614   progress : 0.011
name: models.architecture.block_type=simple
models.architecture.mamba_type=mamba
training.mode=rollout
training.rollout_steps=16    avg_loss: 0.000000257589  time_per_window : 0.000639   progress : 0.022
name: models.architecture.block_type=simple
models.architecture.mamba_type=mamba
training.mode=rollout
training.rollout_steps=16    avg_loss: 0.000000227748  time_per_window : 0.000514   progress : 0.033
name: models.architecture.block_type=simple
models.architecture.mamba_type=mamba
training.mode=rollout
training.rollout_steps=16    avg_loss: 0.000000209820  time_per_window : 0.000522   progress : 0.044
name: models.architecture.block_type=simple
models.architecture.mamba_type=mamba
training.mode=rollout
training.rollout_steps=16    avg_loss: 0.000000157423  time_per_window : 0.000652   progress : 0.055
name: models.architecture.block_type=simple
models.architecture.mamba_type=mamba
training.mode=rollout
training.rollout_steps=16    avg_loss: 0.000000079372  time_per_window : 0.000555   progress : 0.066
name: models.architecture.block_type=simple
models.architecture.mamba_type=mamba
training.mode=rollout
training.rollout_steps=16    avg_loss: 0.000000047189  time_per_window : 0.000637   progress : 0.076
name: models.architecture.block_type=simple
models.architecture.mamba_type=mamba
training.mode=rollout
training.rollout_steps=16    avg_loss: 0.000000044563  time_per_window : 0.000631   progress : 0.087
name: models.architecture.block_type=simple
models.architecture.mamba_type=mamba
training.mode=rollout
training.rollout_steps=16    avg_loss: 0.000000042040  time_per_window : 0.000591   progress : 0.098
name: models.architecture.block_type=simple
models.architecture.mamba_type=mamba
training.mode=rollout
training.rollout_steps=16    avg_loss: 0.000000043769  time_per_window : 0.000554   progress : 0.109
name: models.architecture.block_type=simple
models.architecture.mamba_type=mamba
training.mode=rollout
training.rollout_steps=16    avg_loss: 0.000000039296  time_per_window : 0.000534   progress : 0.120
name: models.architecture.block_type=simple
models.architecture.mamba_type=mamba
training.mode=rollout
training.rollout_steps=16    avg_loss: 0.000000038477  time_per_window : 0.000539   progress : 0.131
name: models.architecture.block_type=simple
models.architecture.mamba_type=mamba
training.mode=rollout
training.rollout_steps=16    avg_loss: 0.000000032488  time_per_window : 0.000576   progress : 0.142
name: models.architecture.block_type=simple
models.architecture.mamba_type=mamba
training.mode=rollout
training.rollout_steps=16    avg_loss: 0.000000035363  time_per_window : 0.000634   progress : 0.153
name: models.architecture.block_type=simple
models.architecture.mamba_type=mamba
training.mode=rollout
training.rollout_steps=16    avg_loss: 0.000000042362  time_per_window : 0.000623   progress : 0.164
name: models.architecture.block_type=simple
models.architecture.mamba_type=mamba
training.mode=rollout
training.rollout_steps=16    avg_loss: 0.000000034497  time_per_window : 0.000635   progress : 0.175
name: models.architecture.block_type=simple
models.architecture.mamba_type=mamba
training.mode=rollout
training.rollout_steps=16    avg_loss: 0.000000037949  time_per_window : 0.000516   progress : 0.186
name: models.architecture.block_type=simple
models.architecture.mamba_type=mamba
training.mode=rollout
training.rollout_steps=16    avg_loss: 0.000000031146  time_per_window : 0.000632   progress : 0.197
name: models.architecture.block_type=simple
models.architecture.mamba_type=mamba
training.mode=rollout
training.rollout_steps=16    avg_loss: 0.000000033375  time_per_window : 0.000629   progress : 0.208
name: models.architecture.block_type=simple
models.architecture.mamba_type=mamba
training.mode=rollout
training.rollout_steps=16    avg_loss: 0.000000032330  time_per_window : 0.000670   progress : 0.218
name: models.architecture.block_type=simple
models.architecture.mamba_type=mamba
training.mode=rollout
training.rollout_steps=16    avg_loss: 0.000000031654  time_per_window : 0.000644   progress : 0.229
name: models.architecture.block_type=simple
models.architecture.mamba_type=mamba
training.mode=rollout
training.rollout_steps=16    avg_loss: 0.000000033416  time_per_window : 0.000569   progress : 0.240
name: models.architecture.block_type=simple
models.architecture.mamba_type=mamba
training.mode=rollout
training.rollout_steps=16    avg_loss: 0.000000033302  time_per_window : 0.000558   progress : 0.251
name: models.architecture.block_type=simple
models.architecture.mamba_type=mamba
training.mode=rollout
training.rollout_steps=16    avg_loss: 0.000000032154  time_per_window : 0.000512   progress : 0.262
name: models.architecture.block_type=simple
models.architecture.mamba_type=mamba
training.mode=rollout
training.rollout_steps=16    avg_loss: 0.000000036826  time_per_window : 0.000509   progress : 0.273
name: models.architecture.block_type=simple
models.architecture.mamba_type=mamba
training.mode=rollout
training.rollout_steps=16    avg_loss: 0.000000034504  time_per_window : 0.000523   progress : 0.284
name: models.architecture.block_type=simple
models.architecture.mamba_type=mamba
training.mode=rollout
training.rollout_steps=16    avg_loss: 0.000000033055  time_per_window : 0.000535   progress : 0.295
name: models.architecture.block_type=simple
models.architecture.mamba_type=mamba
training.mode=rollout
training.rollout_steps=16    avg_loss: 0.000000035768  time_per_window : 0.000619   progress : 0.306
name: models.architecture.block_type=simple
models.architecture.mamba_type=mamba
training.mode=rollout
training.rollout_steps=16    avg_loss: 0.000000033719  time_per_window : 0.000570   progress : 0.317
name: models.architecture.block_type=simple
models.architecture.mamba_type=mamba
training.mode=rollout
training.rollout_steps=16    avg_loss: 0.000000036353  time_per_window : 0.000643   progress : 0.328
name: models.architecture.block_type=simple
models.architecture.mamba_type=mamba
training.mode=rollout
training.rollout_steps=16    avg_loss: 0.000000035977  time_per_window : 0.000523   progress : 0.339
name: models.architecture.block_type=simple
models.architecture.mamba_type=mamba
training.mode=rollout
training.rollout_steps=16    avg_loss: 0.000000033553  time_per_window : 0.000519   progress : 0.350
name: models.architecture.block_type=simple
models.architecture.mamba_type=mamba
training.mode=rollout
training.rollout_steps=16    avg_loss: 0.000000033125  time_per_window : 0.000619   progress : 0.360
name: models.architecture.block_type=simple
models.architecture.mamba_type=mamba
training.mode=rollout
training.rollout_steps=16    avg_loss: 0.000000031501  time_per_window : 0.000521   progress : 0.371
name: models.architecture.block_type=simple
models.architecture.mamba_type=mamba
training.mode=rollout
training.rollout_steps=16    avg_loss: 0.000000032790  time_per_window : 0.000531   progress : 0.382
name: models.architecture.block_type=simple
models.architecture.mamba_type=mamba
training.mode=rollout
training.rollout_steps=16    avg_loss: 0.000000034154  time_per_window : 0.000520   progress : 0.393
name: models.architecture.block_type=simple
models.architecture.mamba_type=mamba
training.mode=rollout
training.rollout_steps=16    avg_loss: 0.000000031821  time_per_window : 0.000648   progress : 0.404
name: models.architecture.block_type=simple
models.architecture.mamba_type=mamba
training.mode=rollout
training.rollout_steps=16    avg_loss: 0.000000033193  time_per_window : 0.000526   progress : 0.415
name: models.architecture.block_type=simple
models.architecture.mamba_type=mamba
training.mode=rollout
training.rollout_steps=16    avg_loss: 0.000000035669  time_per_window : 0.000533   progress : 0.426
name: models.architecture.block_type=simple
models.architecture.mamba_type=mamba
training.mode=rollout
training.rollout_steps=16    avg_loss: 0.000000034625  time_per_window : 0.000660   progress : 0.437
name: models.architecture.block_type=simple
models.architecture.mamba_type=mamba
training.mode=rollout
training.rollout_steps=16    avg_loss: 0.000000031525  time_per_window : 0.000630   progress : 0.448
name: models.architecture.block_type=simple
models.architecture.mamba_type=mamba
training.mode=rollout
training.rollout_steps=16    avg_loss: 0.000000033574  time_per_window : 0.000525   progress : 0.459
name: models.architecture.block_type=simple
models.architecture.mamba_type=mamba
training.mode=rollout
training.rollout_steps=16    avg_loss: 0.000000035197  time_per_window : 0.000629   progress : 0.470
name: models.architecture.block_type=simple
models.architecture.mamba_type=mamba
training.mode=rollout
training.rollout_steps=16    avg_loss: 0.000000028688  time_per_window : 0.000634   progress : 0.481
name: models.architecture.block_type=simple
models.architecture.mamba_type=mamba
training.mode=rollout
training.rollout_steps=16    avg_loss: 0.000000036100  time_per_window : 0.000495   progress : 0.492
name: models.architecture.block_type=simple
models.architecture.mamba_type=mamba
training.mode=rollout
training.rollout_steps=16    avg_loss: 0.000000034151  time_per_window : 0.000515   progress : 0.502
name: models.architecture.block_type=simple
models.architecture.mamba_type=mamba
training.mode=rollout
training.rollout_steps=16    avg_loss: 0.000000032683  time_per_window : 0.000548   progress : 0.513
name: models.architecture.block_type=simple
models.architecture.mamba_type=mamba
training.mode=rollout
training.rollout_steps=16    avg_loss: 0.000000034901  time_per_window : 0.000504   progress : 0.524
name: models.architecture.block_type=simple
models.architecture.mamba_type=mamba
training.mode=rollout
training.rollout_steps=16    avg_loss: 0.000000031533  time_per_window : 0.000640   progress : 0.535
name: models.architecture.block_type=simple
models.architecture.mamba_type=mamba
training.mode=rollout
training.rollout_steps=16    avg_loss: 0.000000029906  time_per_window : 0.000541   progress : 0.546
name: models.architecture.block_type=simple
models.architecture.mamba_type=mamba
training.mode=rollout
training.rollout_steps=16    avg_loss: 0.000000034141  time_per_window : 0.000634   progress : 0.557
name: models.architecture.block_type=simple
models.architecture.mamba_type=mamba
training.mode=rollout
training.rollout_steps=16    avg_loss: 0.000000030585  time_per_window : 0.000627   progress : 0.568
name: models.architecture.block_type=simple
models.architecture.mamba_type=mamba
training.mode=rollout
training.rollout_steps=16    avg_loss: 0.000000033431  time_per_window : 0.000529   progress : 0.579
name: models.architecture.block_type=simple
models.architecture.mamba_type=mamba
training.mode=rollout
training.rollout_steps=16    avg_loss: 0.000000031867  time_per_window : 0.000521   progress : 0.590
name: models.architecture.block_type=simple
models.architecture.mamba_type=mamba
training.mode=rollout
training.rollout_steps=16    avg_loss: 0.000000031202  time_per_window : 0.000534   progress : 0.601
name: models.architecture.block_type=simple
models.architecture.mamba_type=mamba
training.mode=rollout
training.rollout_steps=16    avg_loss: 0.000000029509  time_per_window : 0.000616   progress : 0.612
name: models.architecture.block_type=simple
models.architecture.mamba_type=mamba
training.mode=rollout
training.rollout_steps=16    avg_loss: 0.000000031329  time_per_window : 0.000502   progress : 0.623
name: models.architecture.block_type=simple
models.architecture.mamba_type=mamba
training.mode=rollout
training.rollout_steps=16    avg_loss: 0.000000030866  time_per_window : 0.000623   progress : 0.634
name: models.architecture.block_type=simple
models.architecture.mamba_type=mamba
training.mode=rollout
training.rollout_steps=16    avg_loss: 0.000000033424  time_per_window : 0.000635   progress : 0.644
name: models.architecture.block_type=simple
models.architecture.mamba_type=mamba
training.mode=rollout
training.rollout_steps=16    avg_loss: 0.000000031184  time_per_window : 0.000553   progress : 0.655
name: models.architecture.block_type=simple
models.architecture.mamba_type=mamba
training.mode=rollout
training.rollout_steps=16    avg_loss: 0.000000033530  time_per_window : 0.000525   progress : 0.666
name: models.architecture.block_type=simple
models.architecture.mamba_type=mamba
training.mode=rollout
training.rollout_steps=16    avg_loss: 0.000000030964  time_per_window : 0.000599   progress : 0.677
name: models.architecture.block_type=simple
models.architecture.mamba_type=mamba
training.mode=rollout
training.rollout_steps=16    avg_loss: 0.000000030284  time_per_window : 0.000564   progress : 0.688
name: models.architecture.block_type=simple
models.architecture.mamba_type=mamba
training.mode=rollout
training.rollout_steps=16    avg_loss: 0.000000033263  time_per_window : 0.000615   progress : 0.699
name: models.architecture.block_type=simple
models.architecture.mamba_type=mamba
training.mode=rollout
training.rollout_steps=16    avg_loss: 0.000000035869  time_per_window : 0.000524   progress : 0.710
name: models.architecture.block_type=simple
models.architecture.mamba_type=mamba
training.mode=rollout
training.rollout_steps=16    avg_loss: 0.000000027979  time_per_window : 0.000520   progress : 0.721
name: models.architecture.block_type=simple
models.architecture.mamba_type=mamba
training.mode=rollout
training.rollout_steps=16    avg_loss: 0.000000029882  time_per_window : 0.000557   progress : 0.732
name: models.architecture.block_type=simple
models.architecture.mamba_type=mamba
training.mode=rollout
training.rollout_steps=16    avg_loss: 0.000000033206  time_per_window : 0.000635   progress : 0.743
name: models.architecture.block_type=simple
models.architecture.mamba_type=mamba
training.mode=rollout
training.rollout_steps=16    avg_loss: 0.000000029637  time_per_window : 0.000621   progress : 0.754
name: models.architecture.block_type=simple
models.architecture.mamba_type=mamba
training.mode=rollout
training.rollout_steps=16    avg_loss: 0.000000028517  time_per_window : 0.000527   progress : 0.765
name: models.architecture.block_type=simple
models.architecture.mamba_type=mamba
training.mode=rollout
training.rollout_steps=16    avg_loss: 0.000000030762  time_per_window : 0.000540   progress : 0.775
name: models.architecture.block_type=simple
models.architecture.mamba_type=mamba
training.mode=rollout
training.rollout_steps=16    avg_loss: 0.000000037594  time_per_window : 0.000518   progress : 0.786
name: models.architecture.block_type=simple
models.architecture.mamba_type=mamba
training.mode=rollout
training.rollout_steps=16    avg_loss: 0.000000029120  time_per_window : 0.000633   progress : 0.797
name: models.architecture.block_type=simple
models.architecture.mamba_type=mamba
training.mode=rollout
training.rollout_steps=16    avg_loss: 0.000000028636  time_per_window : 0.000520   progress : 0.808
name: models.architecture.block_type=simple
models.architecture.mamba_type=mamba
training.mode=rollout
training.rollout_steps=16    avg_loss: 0.000000028996  time_per_window : 0.000517   progress : 0.819
name: models.architecture.block_type=simple
models.architecture.mamba_type=mamba
training.mode=rollout
training.rollout_steps=16    avg_loss: 0.000000027906  time_per_window : 0.000549   progress : 0.830
name: models.architecture.block_type=simple
models.architecture.mamba_type=mamba
training.mode=rollout
training.rollout_steps=16    avg_loss: 0.000000033785  time_per_window : 0.000523   progress : 0.841
name: models.architecture.block_type=simple
models.architecture.mamba_type=mamba
training.mode=rollout
training.rollout_steps=16    avg_loss: 0.000000028239  time_per_window : 0.000632   progress : 0.852
name: models.architecture.block_type=simple
models.architecture.mamba_type=mamba
training.mode=rollout
training.rollout_steps=16    avg_loss: 0.000000029224  time_per_window : 0.000629   progress : 0.863
name: models.architecture.block_type=simple
models.architecture.mamba_type=mamba
training.mode=rollout
training.rollout_steps=16    avg_loss: 0.000000031183  time_per_window : 0.000574   progress : 0.874
name: models.architecture.block_type=simple
models.architecture.mamba_type=mamba
training.mode=rollout
training.rollout_steps=16    avg_loss: 0.000000035361  time_per_window : 0.000641   progress : 0.885
name: models.architecture.block_type=simple
models.architecture.mamba_type=mamba
training.mode=rollout
training.rollout_steps=16    avg_loss: 0.000000028198  time_per_window : 0.000509   progress : 0.896
name: models.architecture.block_type=simple
models.architecture.mamba_type=mamba
training.mode=rollout
training.rollout_steps=16    avg_loss: 0.000000029098  time_per_window : 0.000580   progress : 0.907
name: models.architecture.block_type=simple
models.architecture.mamba_type=mamba
training.mode=rollout
training.rollout_steps=16    avg_loss: 0.000000032296  time_per_window : 0.000634   progress : 0.917
name: models.architecture.block_type=simple
models.architecture.mamba_type=mamba
training.mode=rollout
training.rollout_steps=16    avg_loss: 0.000000029097  time_per_window : 0.000510   progress : 0.928
name: models.architecture.block_type=simple
models.architecture.mamba_type=mamba
training.mode=rollout
training.rollout_steps=16    avg_loss: 0.000000028040  time_per_window : 0.000626   progress : 0.939
name: models.architecture.block_type=simple
models.architecture.mamba_type=mamba
training.mode=rollout
training.rollout_steps=16    avg_loss: 0.000000029975  time_per_window : 0.000522   progress : 0.950
name: models.architecture.block_type=simple
models.architecture.mamba_type=mamba
training.mode=rollout
training.rollout_steps=16    avg_loss: 0.000000033442  time_per_window : 0.000527   progress : 0.961
name: models.architecture.block_type=simple
models.architecture.mamba_type=mamba
training.mode=rollout
training.rollout_steps=16    avg_loss: 0.000000028352  time_per_window : 0.000564   progress : 0.972
name: models.architecture.block_type=simple
models.architecture.mamba_type=mamba
training.mode=rollout
training.rollout_steps=16    avg_loss: 0.000000030013  time_per_window : 0.000499   progress : 0.983
name: models.architecture.block_type=simple
models.architecture.mamba_type=mamba
training.mode=rollout
training.rollout_steps=16    avg_loss: 0.000000030344  time_per_window : 0.000521   progress : 0.994
name: models.architecture.block_type=simple
models.architecture.mamba_type=mamba
training.mode=rollout
training.rollout_steps=16    avg_loss: 0.000012216673  time_per_window : 0.000655   progress : 0.011
name: models.architecture.block_type=simple
models.architecture.mamba_type=mamba
training.mode=rollout
training.rollout_steps=16    avg_loss: 0.000001949952  time_per_window : 0.000517   progress : 0.022
name: models.architecture.block_type=simple
models.architecture.mamba_type=mamba
training.mode=rollout
training.rollout_steps=16    avg_loss: 0.000000592960  time_per_window : 0.000673   progress : 0.033
name: models.architecture.block_type=simple
models.architecture.mamba_type=mamba
training.mode=rollout
training.rollout_steps=16    avg_loss: 0.000000356520  time_per_window : 0.000550   progress : 0.044
name: models.architecture.block_type=simple
models.architecture.mamba_type=mamba
training.mode=rollout
training.rollout_steps=16    avg_loss: 0.000000245603  time_per_window : 0.000499   progress : 0.055
name: models.architecture.block_type=simple
models.architecture.mamba_type=mamba
training.mode=rollout
training.rollout_steps=16    avg_loss: 0.000000229429  time_per_window : 0.000503   progress : 0.066
name: models.architecture.block_type=simple
models.architecture.mamba_type=mamba
training.mode=rollout
training.rollout_steps=16    avg_loss: 0.000000217061  time_per_window : 0.000516   progress : 0.076
name: models.architecture.block_type=simple
models.architecture.mamba_type=mamba
training.mode=rollout
training.rollout_steps=16    avg_loss: 0.000000174896  time_per_window : 0.000517   progress : 0.087
name: models.architecture.block_type=simple
models.architecture.mamba_type=mamba
training.mode=rollout
training.rollout_steps=16    avg_loss: 0.000000161655  time_per_window : 0.000517   progress : 0.098
name: models.architecture.block_type=simple
models.architecture.mamba_type=mamba
training.mode=rollout
training.rollout_steps=16    avg_loss: 0.000000153823  time_per_window : 0.000651   progress : 0.109
name: models.architecture.block_type=simple
models.architecture.mamba_type=mamba
training.mode=rollout
training.rollout_steps=16    avg_loss: 0.000000178944  time_per_window : 0.000616   progress : 0.120
name: models.architecture.block_type=simple
models.architecture.mamba_type=mamba
training.mode=rollout
training.rollout_steps=16    avg_loss: 0.000000163257  time_per_window : 0.000620   progress : 0.131
name: models.architecture.block_type=simple
models.architecture.mamba_type=mamba
training.mode=rollout
training.rollout_steps=16    avg_loss: 0.000000143675  time_per_window : 0.000511   progress : 0.142
name: models.architecture.block_type=simple
models.architecture.mamba_type=mamba
training.mode=rollout
training.rollout_steps=16    avg_loss: 0.000000140023  time_per_window : 0.000521   progress : 0.153
name: models.architecture.block_type=simple
models.architecture.mamba_type=mamba
training.mode=rollout
training.rollout_steps=16    avg_loss: 0.000000146232  time_per_window : 0.000548   progress : 0.164
name: models.architecture.block_type=simple
models.architecture.mamba_type=mamba
training.mode=rollout
training.rollout_steps=16    avg_loss: 0.000000146563  time_per_window : 0.000643   progress : 0.175
name: models.architecture.block_type=simple
models.architecture.mamba_type=mamba
training.mode=rollout
training.rollout_steps=16    avg_loss: 0.000000148780  time_per_window : 0.000643   progress : 0.186
name: models.architecture.block_type=simple
models.architecture.mamba_type=mamba
training.mode=rollout
training.rollout_steps=16    avg_loss: 0.000000174474  time_per_window : 0.000638   progress : 0.197
name: models.architecture.block_type=simple
models.architecture.mamba_type=mamba
training.mode=rollout
training.rollout_steps=16    avg_loss: 0.000000165467  time_per_window : 0.000641   progress : 0.208
name: models.architecture.block_type=simple
models.architecture.mamba_type=mamba
training.mode=rollout
training.rollout_steps=16    avg_loss: 0.000000145405  time_per_window : 0.000512   progress : 0.218
name: models.architecture.block_type=simple
models.architecture.mamba_type=mamba
training.mode=rollout
training.rollout_steps=16    avg_loss: 0.000000165151  time_per_window : 0.000533   progress : 0.229
name: models.architecture.block_type=simple
models.architecture.mamba_type=mamba
training.mode=rollout
training.rollout_steps=16    avg_loss: 0.000000139625  time_per_window : 0.000521   progress : 0.240
name: models.architecture.block_type=simple
models.architecture.mamba_type=mamba
training.mode=rollout
training.rollout_steps=16    avg_loss: 0.000000154136  time_per_window : 0.000625   progress : 0.251
name: models.architecture.block_type=simple
models.architecture.mamba_type=mamba
training.mode=rollout
training.rollout_steps=16    avg_loss: 0.000000149737  time_per_window : 0.000634   progress : 0.262
name: models.architecture.block_type=simple
models.architecture.mamba_type=mamba
training.mode=rollout
training.rollout_steps=16    avg_loss: 0.000000152149  time_per_window : 0.000568   progress : 0.273
name: models.architecture.block_type=simple
models.architecture.mamba_type=mamba
training.mode=rollout
training.rollout_steps=16    avg_loss: 0.000000162973  time_per_window : 0.000641   progress : 0.284
name: models.architecture.block_type=simple
models.architecture.mamba_type=mamba
training.mode=rollout
training.rollout_steps=16    avg_loss: 0.000000172262  time_per_window : 0.000635   progress : 0.295
name: models.architecture.block_type=simple
models.architecture.mamba_type=mamba
training.mode=rollout
training.rollout_steps=16    avg_loss: 0.000000156054  time_per_window : 0.000533   progress : 0.306
name: models.architecture.block_type=simple
models.architecture.mamba_type=mamba
training.mode=rollout
training.rollout_steps=16    avg_loss: 0.000000142972  time_per_window : 0.000611   progress : 0.317
name: models.architecture.block_type=simple
models.architecture.mamba_type=mamba
training.mode=rollout
training.rollout_steps=16    avg_loss: 0.000000146532  time_per_window : 0.000536   progress : 0.328
name: models.architecture.block_type=simple
models.architecture.mamba_type=mamba
training.mode=rollout
training.rollout_steps=16    avg_loss: 0.000000150795  time_per_window : 0.000631   progress : 0.339
name: models.architecture.block_type=simple
models.architecture.mamba_type=mamba
training.mode=rollout
training.rollout_steps=16    avg_loss: 0.000000160197  time_per_window : 0.000506   progress : 0.350
name: models.architecture.block_type=simple
models.architecture.mamba_type=mamba
training.mode=rollout
training.rollout_steps=16    avg_loss: 0.000000153997  time_per_window : 0.000634   progress : 0.360
name: models.architecture.block_type=simple
models.architecture.mamba_type=mamba
training.mode=rollout
training.rollout_steps=16    avg_loss: 0.000000161427  time_per_window : 0.000618   progress : 0.371
name: models.architecture.block_type=simple
models.architecture.mamba_type=mamba
training.mode=rollout
training.rollout_steps=16    avg_loss: 0.000000154439  time_per_window : 0.000544   progress : 0.382
name: models.architecture.block_type=simple
models.architecture.mamba_type=mamba
training.mode=rollout
training.rollout_steps=16    avg_loss: 0.000000147448  time_per_window : 0.000529   progress : 0.393
name: models.architecture.block_type=simple
models.architecture.mamba_type=mamba
training.mode=rollout
training.rollout_steps=16    avg_loss: 0.000000172748  time_per_window : 0.000515   progress : 0.404
name: models.architecture.block_type=simple
models.architecture.mamba_type=mamba
training.mode=rollout
training.rollout_steps=16    avg_loss: 0.000000164444  time_per_window : 0.000625   progress : 0.415
name: models.architecture.block_type=simple
models.architecture.mamba_type=mamba
training.mode=rollout
training.rollout_steps=16    avg_loss: 0.000000136166  time_per_window : 0.000509   progress : 0.426
name: models.architecture.block_type=simple
models.architecture.mamba_type=mamba
training.mode=rollout
training.rollout_steps=16    avg_loss: 0.000000200626  time_per_window : 0.000634   progress : 0.437
name: models.architecture.block_type=simple
models.architecture.mamba_type=mamba
training.mode=rollout
training.rollout_steps=16    avg_loss: 0.000000147038  time_per_window : 0.000632   progress : 0.448
name: models.architecture.block_type=simple
models.architecture.mamba_type=mamba
training.mode=rollout
training.rollout_steps=16    avg_loss: 0.000000153509  time_per_window : 0.000545   progress : 0.459
name: models.architecture.block_type=simple
models.architecture.mamba_type=mamba
training.mode=rollout
training.rollout_steps=16    avg_loss: 0.000000148135  time_per_window : 0.000515   progress : 0.470
name: models.architecture.block_type=simple
models.architecture.mamba_type=mamba
training.mode=rollout
training.rollout_steps=16    avg_loss: 0.000000133490  time_per_window : 0.000622   progress : 0.481
name: models.architecture.block_type=simple
models.architecture.mamba_type=mamba
training.mode=rollout
training.rollout_steps=16    avg_loss: 0.000000147386  time_per_window : 0.000502   progress : 0.492
name: models.architecture.block_type=simple
models.architecture.mamba_type=mamba
training.mode=rollout
training.rollout_steps=16    avg_loss: 0.000000141448  time_per_window : 0.000641   progress : 0.502
name: models.architecture.block_type=simple
models.architecture.mamba_type=mamba
training.mode=rollout
training.rollout_steps=16    avg_loss: 0.000000164578  time_per_window : 0.000532   progress : 0.513
name: models.architecture.block_type=simple
models.architecture.mamba_type=mamba
training.mode=rollout
training.rollout_steps=16    avg_loss: 0.000000158211  time_per_window : 0.000600   progress : 0.524
name: models.architecture.block_type=simple
models.architecture.mamba_type=mamba
training.mode=rollout
training.rollout_steps=16    avg_loss: 0.000000145847  time_per_window : 0.000525   progress : 0.535
name: models.architecture.block_type=simple
models.architecture.mamba_type=mamba
training.mode=rollout
training.rollout_steps=16    avg_loss: 0.000000159984  time_per_window : 0.000623   progress : 0.546
name: models.architecture.block_type=simple
models.architecture.mamba_type=mamba
training.mode=rollout
training.rollout_steps=16    avg_loss: 0.000000176051  time_per_window : 0.000653   progress : 0.557
name: models.architecture.block_type=simple
models.architecture.mamba_type=mamba
training.mode=rollout
training.rollout_steps=16    avg_loss: 0.000000145469  time_per_window : 0.000552   progress : 0.568
name: models.architecture.block_type=simple
models.architecture.mamba_type=mamba
training.mode=rollout
training.rollout_steps=16    avg_loss: 0.000000188523  time_per_window : 0.000517   progress : 0.579
name: models.architecture.block_type=simple
models.architecture.mamba_type=mamba
training.mode=rollout
training.rollout_steps=16    avg_loss: 0.000000150479  time_per_window : 0.000538   progress : 0.590
name: models.architecture.block_type=simple
models.architecture.mamba_type=mamba
training.mode=rollout
training.rollout_steps=16    avg_loss: 0.000000138975  time_per_window : 0.000506   progress : 0.601
name: models.architecture.block_type=simple
models.architecture.mamba_type=mamba
training.mode=rollout
training.rollout_steps=16    avg_loss: 0.000000137959  time_per_window : 0.000515   progress : 0.612
name: models.architecture.block_type=simple
models.architecture.mamba_type=mamba
training.mode=rollout
training.rollout_steps=16    avg_loss: 0.000000128587  time_per_window : 0.000508   progress : 0.623
name: models.architecture.block_type=simple
models.architecture.mamba_type=mamba
training.mode=rollout
training.rollout_steps=16    avg_loss: 0.000000148087  time_per_window : 0.000526   progress : 0.634
name: models.architecture.block_type=simple
models.architecture.mamba_type=mamba
training.mode=rollout
training.rollout_steps=16    avg_loss: 0.000000166385  time_per_window : 0.000548   progress : 0.644
name: models.architecture.block_type=simple
models.architecture.mamba_type=mamba
training.mode=rollout
training.rollout_steps=16    avg_loss: 0.000000142685  time_per_window : 0.000644   progress : 0.655
name: models.architecture.block_type=simple
models.architecture.mamba_type=mamba
training.mode=rollout
training.rollout_steps=16    avg_loss: 0.000000140568  time_per_window : 0.000502   progress : 0.666
name: models.architecture.block_type=simple
models.architecture.mamba_type=mamba
training.mode=rollout
training.rollout_steps=16    avg_loss: 0.000000186912  time_per_window : 0.000687   progress : 0.677
name: models.architecture.block_type=simple
models.architecture.mamba_type=mamba
training.mode=rollout
training.rollout_steps=16    avg_loss: 0.000000140097  time_per_window : 0.000636   progress : 0.688
name: models.architecture.block_type=simple
models.architecture.mamba_type=mamba
training.mode=rollout
training.rollout_steps=16    avg_loss: 0.000000155114  time_per_window : 0.000651   progress : 0.699
name: models.architecture.block_type=simple
models.architecture.mamba_type=mamba
training.mode=rollout
training.rollout_steps=16    avg_loss: 0.000000137974  time_per_window : 0.000670   progress : 0.710
name: models.architecture.block_type=simple
models.architecture.mamba_type=mamba
training.mode=rollout
training.rollout_steps=16    avg_loss: 0.000000134492  time_per_window : 0.000504   progress : 0.721
name: models.architecture.block_type=simple
models.architecture.mamba_type=mamba
training.mode=rollout
training.rollout_steps=16    avg_loss: 0.000000148079  time_per_window : 0.000625   progress : 0.732
name: models.architecture.block_type=simple
models.architecture.mamba_type=mamba
training.mode=rollout
training.rollout_steps=16    avg_loss: 0.000000140051  time_per_window : 0.000641   progress : 0.743
name: models.architecture.block_type=simple
models.architecture.mamba_type=mamba
training.mode=rollout
training.rollout_steps=16    avg_loss: 0.000000141782  time_per_window : 0.000647   progress : 0.754
name: models.architecture.block_type=simple
models.architecture.mamba_type=mamba
training.mode=rollout
training.rollout_steps=16    avg_loss: 0.000000139120  time_per_window : 0.000504   progress : 0.765
name: models.architecture.block_type=simple
models.architecture.mamba_type=mamba
training.mode=rollout
training.rollout_steps=16    avg_loss: 0.000000157044  time_per_window : 0.000634   progress : 0.775
name: models.architecture.block_type=simple
models.architecture.mamba_type=mamba
training.mode=rollout
training.rollout_steps=16    avg_loss: 0.000000130770  time_per_window : 0.000634   progress : 0.786
name: models.architecture.block_type=simple
models.architecture.mamba_type=mamba
training.mode=rollout
training.rollout_steps=16    avg_loss: 0.000000127650  time_per_window : 0.000591   progress : 0.797
name: models.architecture.block_type=simple
models.architecture.mamba_type=mamba
training.mode=rollout
training.rollout_steps=16    avg_loss: 0.000000144026  time_per_window : 0.000647   progress : 0.808
name: models.architecture.block_type=simple
models.architecture.mamba_type=mamba
training.mode=rollout
training.rollout_steps=16    avg_loss: 0.000000140733  time_per_window : 0.000524   progress : 0.819
name: models.architecture.block_type=simple
models.architecture.mamba_type=mamba
training.mode=rollout
training.rollout_steps=16    avg_loss: 0.000000134505  time_per_window : 0.000617   progress : 0.830
name: models.architecture.block_type=simple
models.architecture.mamba_type=mamba
training.mode=rollout
training.rollout_steps=16    avg_loss: 0.000000145034  time_per_window : 0.000515   progress : 0.841
name: models.architecture.block_type=simple
models.architecture.mamba_type=mamba
training.mode=rollout
training.rollout_steps=16    avg_loss: 0.000000144226  time_per_window : 0.000621   progress : 0.852
name: models.architecture.block_type=simple
models.architecture.mamba_type=mamba
training.mode=rollout
training.rollout_steps=16    avg_loss: 0.000000136184  time_per_window : 0.000534   progress : 0.863
name: models.architecture.block_type=simple
models.architecture.mamba_type=mamba
training.mode=rollout
training.rollout_steps=16    avg_loss: 0.000000124562  time_per_window : 0.000510   progress : 0.874
name: models.architecture.block_type=simple
models.architecture.mamba_type=mamba
training.mode=rollout
training.rollout_steps=16    avg_loss: 0.000000137867  time_per_window : 0.000598   progress : 0.885
name: models.architecture.block_type=simple
models.architecture.mamba_type=mamba
training.mode=rollout
training.rollout_steps=16    avg_loss: 0.000000154187  time_per_window : 0.000624   progress : 0.896
name: models.architecture.block_type=simple
models.architecture.mamba_type=mamba
training.mode=rollout
training.rollout_steps=16    avg_loss: 0.000000118929  time_per_window : 0.000525   progress : 0.907
name: models.architecture.block_type=simple
models.architecture.mamba_type=mamba
training.mode=rollout
training.rollout_steps=16    avg_loss: 0.000000126024  time_per_window : 0.000638   progress : 0.917
name: models.architecture.block_type=simple
models.architecture.mamba_type=mamba
training.mode=rollout
training.rollout_steps=16    avg_loss: 0.000000135114  time_per_window : 0.000645   progress : 0.928
name: models.architecture.block_type=simple
models.architecture.mamba_type=mamba
training.mode=rollout
training.rollout_steps=16    avg_loss: 0.000000130523  time_per_window : 0.000596   progress : 0.939
name: models.architecture.block_type=simple
models.architecture.mamba_type=mamba
training.mode=rollout
training.rollout_steps=16    avg_loss: 0.000000148160  time_per_window : 0.000594   progress : 0.950
name: models.architecture.block_type=simple
models.architecture.mamba_type=mamba
training.mode=rollout
training.rollout_steps=16    avg_loss: 0.000000128931  time_per_window : 0.000510   progress : 0.961
name: models.architecture.block_type=simple
models.architecture.mamba_type=mamba
training.mode=rollout
training.rollout_steps=16    avg_loss: 0.000000136525  time_per_window : 0.000513   progress : 0.972
name: models.architecture.block_type=simple
models.architecture.mamba_type=mamba
training.mode=rollout
training.rollout_steps=16    avg_loss: 0.000000134796  time_per_window : 0.000519   progress : 0.983
name: models.architecture.block_type=simple
models.architecture.mamba_type=mamba
training.mode=rollout
training.rollout_steps=16    avg_loss: 0.000000118025  time_per_window : 0.000516   progress : 0.994
name: models.architecture.block_type=simple
models.architecture.mamba_type=mamba
training.mode=rollout
training.rollout_steps=16    avg_loss: 0.000000417163  time_per_window : 0.000511   progress : 0.011
name: models.architecture.block_type=simple
models.architecture.mamba_type=mamba
training.mode=rollout
training.rollout_steps=16    avg_loss: 0.000000176804  time_per_window : 0.000625   progress : 0.022
name: models.architecture.block_type=simple
models.architecture.mamba_type=mamba
training.mode=rollout
training.rollout_steps=16    avg_loss: 0.000000166453  time_per_window : 0.000528   progress : 0.033
name: models.architecture.block_type=simple
models.architecture.mamba_type=mamba
training.mode=rollout
training.rollout_steps=16    avg_loss: 0.000000163123  time_per_window : 0.000469   progress : 0.044
name: models.architecture.block_type=simple
models.architecture.mamba_type=mamba
training.mode=rollout
training.rollout_steps=16    avg_loss: 0.000000147312  time_per_window : 0.000615   progress : 0.055
name: models.architecture.block_type=simple
models.architecture.mamba_type=mamba
training.mode=rollout
training.rollout_steps=16    avg_loss: 0.000000171472  time_per_window : 0.000634   progress : 0.066
name: models.architecture.block_type=simple
models.architecture.mamba_type=mamba
training.mode=rollout
training.rollout_steps=16    avg_loss: 0.000000173283  time_per_window : 0.000636   progress : 0.076
name: models.architecture.block_type=simple
models.architecture.mamba_type=mamba
training.mode=rollout
training.rollout_steps=16    avg_loss: 0.000000178144  time_per_window : 0.000629   progress : 0.087
name: models.architecture.block_type=simple
models.architecture.mamba_type=mamba
training.mode=rollout
training.rollout_steps=16    avg_loss: 0.000000160139  time_per_window : 0.000549   progress : 0.098
name: models.architecture.block_type=simple
models.architecture.mamba_type=mamba
training.mode=rollout
training.rollout_steps=16    avg_loss: 0.000000165857  time_per_window : 0.000532   progress : 0.109
name: models.architecture.block_type=simple
models.architecture.mamba_type=mamba
training.mode=rollout
training.rollout_steps=16    avg_loss: 0.000000160248  time_per_window : 0.000627   progress : 0.120
name: models.architecture.block_type=simple
models.architecture.mamba_type=mamba
training.mode=rollout
training.rollout_steps=16    avg_loss: 0.000000156456  time_per_window : 0.000635   progress : 0.131
name: models.architecture.block_type=simple
models.architecture.mamba_type=mamba
training.mode=rollout
training.rollout_steps=16    avg_loss: 0.000000146853  time_per_window : 0.000581   progress : 0.142
name: models.architecture.block_type=simple
models.architecture.mamba_type=mamba
training.mode=rollout
training.rollout_steps=16    avg_loss: 0.000000160731  time_per_window : 0.000620   progress : 0.153
name: models.architecture.block_type=simple
models.architecture.mamba_type=mamba
training.mode=rollout
training.rollout_steps=16    avg_loss: 0.000000177057  time_per_window : 0.000513   progress : 0.164
name: models.architecture.block_type=simple
models.architecture.mamba_type=mamba
training.mode=rollout
training.rollout_steps=16    avg_loss: 0.000000153121  time_per_window : 0.000635   progress : 0.175
name: models.architecture.block_type=simple
models.architecture.mamba_type=mamba
training.mode=rollout
training.rollout_steps=16    avg_loss: 0.000000152604  time_per_window : 0.000662   progress : 0.186
name: models.architecture.block_type=simple
models.architecture.mamba_type=mamba
training.mode=rollout
training.rollout_steps=16    avg_loss: 0.000000155404  time_per_window : 0.000521   progress : 0.197
name: models.architecture.block_type=simple
models.architecture.mamba_type=mamba
training.mode=rollout
training.rollout_steps=16    avg_loss: 0.000000152288  time_per_window : 0.000617   progress : 0.208
name: models.architecture.block_type=simple
models.architecture.mamba_type=mamba
training.mode=rollout
training.rollout_steps=16    avg_loss: 0.000000175864  time_per_window : 0.000592   progress : 0.218
name: models.architecture.block_type=simple
models.architecture.mamba_type=mamba
training.mode=rollout
training.rollout_steps=16    avg_loss: 0.000000177623  time_per_window : 0.000550   progress : 0.229
name: models.architecture.block_type=simple
models.architecture.mamba_type=mamba
training.mode=rollout
training.rollout_steps=16    avg_loss: 0.000000155014  time_per_window : 0.000623   progress : 0.240
name: models.architecture.block_type=simple
models.architecture.mamba_type=mamba
training.mode=rollout
training.rollout_steps=16    avg_loss: 0.000000151905  time_per_window : 0.000642   progress : 0.251
name: models.architecture.block_type=simple
models.architecture.mamba_type=mamba
training.mode=rollout
training.rollout_steps=16    avg_loss: 0.000000149609  time_per_window : 0.000526   progress : 0.262
name: models.architecture.block_type=simple
models.architecture.mamba_type=mamba
training.mode=rollout
training.rollout_steps=16    avg_loss: 0.000000144505  time_per_window : 0.000543   progress : 0.273
name: models.architecture.block_type=simple
models.architecture.mamba_type=mamba
training.mode=rollout
training.rollout_steps=16    avg_loss: 0.000000154671  time_per_window : 0.000529   progress : 0.284
name: models.architecture.block_type=simple
models.architecture.mamba_type=mamba
training.mode=rollout
training.rollout_steps=16    avg_loss: 0.000000149413  time_per_window : 0.000628   progress : 0.295
name: models.architecture.block_type=simple
models.architecture.mamba_type=mamba
training.mode=rollout
training.rollout_steps=16    avg_loss: 0.000000168962  time_per_window : 0.000538   progress : 0.306
name: models.architecture.block_type=simple
models.architecture.mamba_type=mamba
training.mode=rollout
training.rollout_steps=16    avg_loss: 0.000000158387  time_per_window : 0.000655   progress : 0.317
name: models.architecture.block_type=simple
models.architecture.mamba_type=mamba
training.mode=rollout
training.rollout_steps=16    avg_loss: 0.000000141218  time_per_window : 0.000551   progress : 0.328
name: models.architecture.block_type=simple
models.architecture.mamba_type=mamba
training.mode=rollout
training.rollout_steps=16    avg_loss: 0.000000158817  time_per_window : 0.000635   progress : 0.339
name: models.architecture.block_type=simple
models.architecture.mamba_type=mamba
training.mode=rollout
training.rollout_steps=16    avg_loss: 0.000000146690  time_per_window : 0.000633   progress : 0.350
name: models.architecture.block_type=simple
models.architecture.mamba_type=mamba
training.mode=rollout
training.rollout_steps=16    avg_loss: 0.000000152074  time_per_window : 0.000535   progress : 0.360
name: models.architecture.block_type=simple
models.architecture.mamba_type=mamba
training.mode=rollout
training.rollout_steps=16    avg_loss: 0.000000152039  time_per_window : 0.000508   progress : 0.371
name: models.architecture.block_type=simple
models.architecture.mamba_type=mamba
training.mode=rollout
training.rollout_steps=16    avg_loss: 0.000000170035  time_per_window : 0.000521   progress : 0.382
name: models.architecture.block_type=simple
models.architecture.mamba_type=mamba
training.mode=rollout
training.rollout_steps=16    avg_loss: 0.000000152597  time_per_window : 0.000585   progress : 0.393
name: models.architecture.block_type=simple
models.architecture.mamba_type=mamba
training.mode=rollout
training.rollout_steps=16    avg_loss: 0.000000147714  time_per_window : 0.000556   progress : 0.404
name: models.architecture.block_type=simple
models.architecture.mamba_type=mamba
training.mode=rollout
training.rollout_steps=16    avg_loss: 0.000000149794  time_per_window : 0.000635   progress : 0.415
name: models.architecture.block_type=simple
models.architecture.mamba_type=mamba
training.mode=rollout
training.rollout_steps=16    avg_loss: 0.000000142771  time_per_window : 0.000519   progress : 0.426
name: models.architecture.block_type=simple
models.architecture.mamba_type=mamba
training.mode=rollout
training.rollout_steps=16    avg_loss: 0.000000164422  time_per_window : 0.000520   progress : 0.437
name: models.architecture.block_type=simple
models.architecture.mamba_type=mamba
training.mode=rollout
training.rollout_steps=16    avg_loss: 0.000000153484  time_per_window : 0.000518   progress : 0.448
name: models.architecture.block_type=simple
models.architecture.mamba_type=mamba
training.mode=rollout
training.rollout_steps=16    avg_loss: 0.000000146197  time_per_window : 0.000602   progress : 0.459
name: models.architecture.block_type=simple
models.architecture.mamba_type=mamba
training.mode=rollout
training.rollout_steps=16    avg_loss: 0.000000142412  time_per_window : 0.000638   progress : 0.470
name: models.architecture.block_type=simple
models.architecture.mamba_type=mamba
training.mode=rollout
training.rollout_steps=16    avg_loss: 0.000000140101  time_per_window : 0.000630   progress : 0.481
name: models.architecture.block_type=simple
models.architecture.mamba_type=mamba
training.mode=rollout
training.rollout_steps=16    avg_loss: 0.000000137603  time_per_window : 0.000626   progress : 0.492
name: models.architecture.block_type=simple
models.architecture.mamba_type=mamba
training.mode=rollout
training.rollout_steps=16    avg_loss: 0.000000139923  time_per_window : 0.000619   progress : 0.502
name: models.architecture.block_type=simple
models.architecture.mamba_type=mamba
training.mode=rollout
training.rollout_steps=16    avg_loss: 0.000000142204  time_per_window : 0.000520   progress : 0.513
name: models.architecture.block_type=simple
models.architecture.mamba_type=mamba
training.mode=rollout
training.rollout_steps=16    avg_loss: 0.000000148616  time_per_window : 0.000574   progress : 0.524
name: models.architecture.block_type=simple
models.architecture.mamba_type=mamba
training.mode=rollout
training.rollout_steps=16    avg_loss: 0.000000137930  time_per_window : 0.000527   progress : 0.535
name: models.architecture.block_type=simple
models.architecture.mamba_type=mamba
training.mode=rollout
training.rollout_steps=16    avg_loss: 0.000000129622  time_per_window : 0.000623   progress : 0.546
name: models.architecture.block_type=simple
models.architecture.mamba_type=mamba
training.mode=rollout
training.rollout_steps=16    avg_loss: 0.000000145285  time_per_window : 0.000523   progress : 0.557
name: models.architecture.block_type=simple
models.architecture.mamba_type=mamba
training.mode=rollout
training.rollout_steps=16    avg_loss: 0.000000121361  time_per_window : 0.000641   progress : 0.568
name: models.architecture.block_type=simple
models.architecture.mamba_type=mamba
training.mode=rollout
training.rollout_steps=16    avg_loss: 0.000000137611  time_per_window : 0.000626   progress : 0.579
name: models.architecture.block_type=simple
models.architecture.mamba_type=mamba
training.mode=rollout
training.rollout_steps=16    avg_loss: 0.000000142234  time_per_window : 0.000460   progress : 0.590
name: models.architecture.block_type=simple
models.architecture.mamba_type=mamba
training.mode=rollout
training.rollout_steps=16    avg_loss: 0.000000138796  time_per_window : 0.000534   progress : 0.601
name: models.architecture.block_type=simple
models.architecture.mamba_type=mamba
training.mode=rollout
training.rollout_steps=16    avg_loss: 0.000000134102  time_per_window : 0.000517   progress : 0.612
name: models.architecture.block_type=simple
models.architecture.mamba_type=mamba
training.mode=rollout
training.rollout_steps=16    avg_loss: 0.000000152906  time_per_window : 0.000644   progress : 0.623
name: models.architecture.block_type=simple
models.architecture.mamba_type=mamba
training.mode=rollout
training.rollout_steps=16    avg_loss: 0.000000135093  time_per_window : 0.000532   progress : 0.634
name: models.architecture.block_type=simple
models.architecture.mamba_type=mamba
training.mode=rollout
training.rollout_steps=16    avg_loss: 0.000000150882  time_per_window : 0.000623   progress : 0.644
name: models.architecture.block_type=simple
models.architecture.mamba_type=mamba
training.mode=rollout
training.rollout_steps=16    avg_loss: 0.000000129019  time_per_window : 0.000638   progress : 0.655
name: models.architecture.block_type=simple
models.architecture.mamba_type=mamba
training.mode=rollout
training.rollout_steps=16    avg_loss: 0.000000128267  time_per_window : 0.000644   progress : 0.666
name: models.architecture.block_type=simple
models.architecture.mamba_type=mamba
training.mode=rollout
training.rollout_steps=16    avg_loss: 0.000000134610  time_per_window : 0.000584   progress : 0.677
name: models.architecture.block_type=simple
models.architecture.mamba_type=mamba
training.mode=rollout
training.rollout_steps=16    avg_loss: 0.000000136203  time_per_window : 0.000639   progress : 0.688
name: models.architecture.block_type=simple
models.architecture.mamba_type=mamba
training.mode=rollout
training.rollout_steps=16    avg_loss: 0.000000134667  time_per_window : 0.000634   progress : 0.699
name: models.architecture.block_type=simple
models.architecture.mamba_type=mamba
training.mode=rollout
training.rollout_steps=16    avg_loss: 0.000000131337  time_per_window : 0.000519   progress : 0.710
name: models.architecture.block_type=simple
models.architecture.mamba_type=mamba
training.mode=rollout
training.rollout_steps=16    avg_loss: 0.000000118115  time_per_window : 0.000530   progress : 0.721
name: models.architecture.block_type=simple
models.architecture.mamba_type=mamba
training.mode=rollout
training.rollout_steps=16    avg_loss: 0.000000132189  time_per_window : 0.000523   progress : 0.732
name: models.architecture.block_type=simple
models.architecture.mamba_type=mamba
training.mode=rollout
training.rollout_steps=16    avg_loss: 0.000000144125  time_per_window : 0.000513   progress : 0.743
name: models.architecture.block_type=simple
models.architecture.mamba_type=mamba
training.mode=rollout
training.rollout_steps=16    avg_loss: 0.000000136843  time_per_window : 0.000592   progress : 0.754
name: models.architecture.block_type=simple
models.architecture.mamba_type=mamba
training.mode=rollout
training.rollout_steps=16    avg_loss: 0.000000126237  time_per_window : 0.000524   progress : 0.765
name: models.architecture.block_type=simple
models.architecture.mamba_type=mamba
training.mode=rollout
training.rollout_steps=16    avg_loss: 0.000000137580  time_per_window : 0.000518   progress : 0.775
name: models.architecture.block_type=simple
models.architecture.mamba_type=mamba
training.mode=rollout
training.rollout_steps=16    avg_loss: 0.000000122640  time_per_window : 0.000611   progress : 0.786
name: models.architecture.block_type=simple
models.architecture.mamba_type=mamba
training.mode=rollout
training.rollout_steps=16    avg_loss: 0.000000132061  time_per_window : 0.000641   progress : 0.797
name: models.architecture.block_type=simple
models.architecture.mamba_type=mamba
training.mode=rollout
training.rollout_steps=16    avg_loss: 0.000000112488  time_per_window : 0.000550   progress : 0.808
name: models.architecture.block_type=simple
models.architecture.mamba_type=mamba
training.mode=rollout
training.rollout_steps=16    avg_loss: 0.000000127936  time_per_window : 0.000636   progress : 0.819
name: models.architecture.block_type=simple
models.architecture.mamba_type=mamba
training.mode=rollout
training.rollout_steps=16    avg_loss: 0.000000126832  time_per_window : 0.000505   progress : 0.830
name: models.architecture.block_type=simple
models.architecture.mamba_type=mamba
training.mode=rollout
training.rollout_steps=16    avg_loss: 0.000000128441  time_per_window : 0.000635   progress : 0.841
name: models.architecture.block_type=simple
models.architecture.mamba_type=mamba
training.mode=rollout
training.rollout_steps=16    avg_loss: 0.000000122056  time_per_window : 0.000630   progress : 0.852
name: models.architecture.block_type=simple
models.architecture.mamba_type=mamba
training.mode=rollout
training.rollout_steps=16    avg_loss: 0.000000118647  time_per_window : 0.000520   progress : 0.863
name: models.architecture.block_type=simple
models.architecture.mamba_type=mamba
training.mode=rollout
training.rollout_steps=16    avg_loss: 0.000000112270  time_per_window : 0.000521   progress : 0.874
name: models.architecture.block_type=simple
models.architecture.mamba_type=mamba
training.mode=rollout
training.rollout_steps=16    avg_loss: 0.000000175734  time_per_window : 0.000522   progress : 0.885
name: models.architecture.block_type=simple
models.architecture.mamba_type=mamba
training.mode=rollout
training.rollout_steps=16    avg_loss: 0.000000117370  time_per_window : 0.000544   progress : 0.896
name: models.architecture.block_type=simple
models.architecture.mamba_type=mamba
training.mode=rollout
training.rollout_steps=16    avg_loss: 0.000000119629  time_per_window : 0.000663   progress : 0.907
name: models.architecture.block_type=simple
models.architecture.mamba_type=mamba
training.mode=rollout
training.rollout_steps=16    avg_loss: 0.000000127354  time_per_window : 0.000645   progress : 0.917
name: models.architecture.block_type=simple
models.architecture.mamba_type=mamba
training.mode=rollout
training.rollout_steps=16    avg_loss: 0.000000119737  time_per_window : 0.000592   progress : 0.928
name: models.architecture.block_type=simple
models.architecture.mamba_type=mamba
training.mode=rollout
training.rollout_steps=16    avg_loss: 0.000000113795  time_per_window : 0.000678   progress : 0.939
name: models.architecture.block_type=simple
models.architecture.mamba_type=mamba
training.mode=rollout
training.rollout_steps=16    avg_loss: 0.000000113783  time_per_window : 0.000641   progress : 0.950
name: models.architecture.block_type=simple
models.architecture.mamba_type=mamba
training.mode=rollout
training.rollout_steps=16    avg_loss: 0.000000114897  time_per_window : 0.000541   progress : 0.961
name: models.architecture.block_type=simple
models.architecture.mamba_type=mamba
training.mode=rollout
training.rollout_steps=16    avg_loss: 0.000000146979  time_per_window : 0.000639   progress : 0.972
name: models.architecture.block_type=simple
models.architecture.mamba_type=mamba
training.mode=rollout
training.rollout_steps=16    avg_loss: 0.000000140842  time_per_window : 0.000631   progress : 0.983
name: models.architecture.block_type=simple
models.architecture.mamba_type=mamba
training.mode=rollout
training.rollout_steps=16    avg_loss: 0.000000110832  time_per_window : 0.000647   progress : 0.994
DONE!!!
