/home/jdihardjo/miniconda3/envs/mavenv/lib/python3.11/site-packages/hydra/_internal/defaults_list.py:251: UserWarning: In 'config': Defaults list is missing `_self_`. See https://hydra.cc/docs/1.2/upgrades/1.0_to_1.1/default_composition_order for more information
  warnings.warn(msg, UserWarning)
Using cuda device
[2026-07-26 09:21:38,172][HYDRA] Joblib.Parallel(n_jobs=4,backend=loky,prefer=processes,require=None,verbose=0,timeout=None,pre_dispatch=2*n_jobs,batch_size=auto,temp_folder=None,max_nbytes=None,mmap_mode=r) is launching 1 jobs
[2026-07-26 09:21:38,172][HYDRA] Launching jobs, sweep output dir : ablation_runs/2026-07-26_09-21-32/simple_mamba_out6_d256
[2026-07-26 09:21:38,172][HYDRA] 	#0 : models.architecture.d_model=256 training.rollout_steps=8 models.architecture.block_type=simple models.architecture.mamba_type=mamba training.mode=rollout models.out_dim=6
/home/jdihardjo/miniconda3/envs/mavenv/lib/python3.11/site-packages/hydra/_internal/defaults_list.py:251: UserWarning: In 'config': Defaults list is missing `_self_`. See https://hydra.cc/docs/1.2/upgrades/1.0_to_1.1/default_composition_order for more information
  warnings.warn(msg, UserWarning)
models:
  n_dim: 23
  out_dim: 6
  architecture:
    d_model: 256
    n_encoder_layers: 2
    n_decoder_layers: 0
    block_type: simple
    time_adapter: last_token
    in_norm: none
    out_norm: none
    layer_scale: 0.0001
    drop_path: 0.05
    mamba_type: mamba
    mamba_kwargs:
      d_state: 16
      d_conv: 2
      expand: 2
      norm: rms
    skip: false
    cls_kwargs:
      n_heads: 2
      n_mlp: 2
      positional_encoding: false
      max_len: 5000
input_len: 32
output_len: 1
batch_size: 128
epochs: 5
seed: 0
dataset:
  path: /home/jdihardjo/simdata/train.zarr/
  training_size: 1500000
evaluation:
  path: /home/jdihardjo/simdata/evaluation.zarr/
  evaluation_size: 50
training:
  mode: rollout
  lr: 0.0002
  weight_decay: 0.1
  rollout_steps: 8
checkpoint:
  save_path: hydra-test.pth
  load: false
  path: hydra-test.pth
compile: true

/home/jdihardjo/miniconda3/envs/mavenv/lib/python3.11/site-packages/torch/_dynamo/variables/functions.py:2311: UserWarning: Dynamo does not know how to trace the builtin `selective_scan_cuda.pybind11_detail_function_record_v1_system_libstdcpp_gxx_abi_1xxx_use_cxx11_abi_1.fwd.` This function is either a Python builtin (e.g. _warnings.warn) or a third-party C/C++ Python extension (perhaps created with pybind).
If it is a Python builtin, please file an issue on GitHub so the PyTorch team can add support for it and see the next case for a workaround.
If it is a third-party C/C++ Python extension, please either wrap it into a PyTorch-understood custom operator (see https://pytorch.org/tutorials/advanced/custom_ops_landing_page.html for more details) or, if it is traceable, use `torch.compiler.allow_in_graph`.
  torch._dynamo.utils.warn_once(explanation + "\n" + "\n".join(hints))
/home/jdihardjo/miniconda3/envs/mavenv/lib/python3.11/site-packages/torch/_inductor/cudagraph_trees.py:2622: UserWarning: Unable to hit fast path of CUDAGraphs because outputs from a previous step still require backward. Ensure backward() is invoked or detach outputs. You may also call torch.compiler.cudagraph_mark_step_begin() before each model invocation.
  warnings.warn(
name: models.architecture.d_model=256
training.rollout_steps=8
models.architecture.block_type=simple
models.architecture.mamba_type=mamba
training.mode=rollout
models.out_dim=6    avg_loss: 0.000025658850  time_per_window : 0.000387   progress : 0.011
name: models.architecture.d_model=256
training.rollout_steps=8
models.architecture.block_type=simple
models.architecture.mamba_type=mamba
training.mode=rollout
models.out_dim=6    avg_loss: 0.000000278877  time_per_window : 0.000446   progress : 0.022
name: models.architecture.d_model=256
training.rollout_steps=8
models.architecture.block_type=simple
models.architecture.mamba_type=mamba
training.mode=rollout
models.out_dim=6    avg_loss: 0.000000276172  time_per_window : 0.000388   progress : 0.033
name: models.architecture.d_model=256
training.rollout_steps=8
models.architecture.block_type=simple
models.architecture.mamba_type=mamba
training.mode=rollout
models.out_dim=6    avg_loss: 0.000000277249  time_per_window : 0.000405   progress : 0.044
name: models.architecture.d_model=256
training.rollout_steps=8
models.architecture.block_type=simple
models.architecture.mamba_type=mamba
training.mode=rollout
models.out_dim=6    avg_loss: 0.000000257406  time_per_window : 0.000381   progress : 0.055
name: models.architecture.d_model=256
training.rollout_steps=8
models.architecture.block_type=simple
models.architecture.mamba_type=mamba
training.mode=rollout
models.out_dim=6    avg_loss: 0.000000234046  time_per_window : 0.000395   progress : 0.066
name: models.architecture.d_model=256
training.rollout_steps=8
models.architecture.block_type=simple
models.architecture.mamba_type=mamba
training.mode=rollout
models.out_dim=6    avg_loss: 0.000000189508  time_per_window : 0.000409   progress : 0.076
name: models.architecture.d_model=256
training.rollout_steps=8
models.architecture.block_type=simple
models.architecture.mamba_type=mamba
training.mode=rollout
models.out_dim=6    avg_loss: 0.000000140346  time_per_window : 0.000394   progress : 0.087
name: models.architecture.d_model=256
training.rollout_steps=8
models.architecture.block_type=simple
models.architecture.mamba_type=mamba
training.mode=rollout
models.out_dim=6    avg_loss: 0.000000098378  time_per_window : 0.000385   progress : 0.098
name: models.architecture.d_model=256
training.rollout_steps=8
models.architecture.block_type=simple
models.architecture.mamba_type=mamba
training.mode=rollout
models.out_dim=6    avg_loss: 0.000000082941  time_per_window : 0.000396   progress : 0.109
name: models.architecture.d_model=256
training.rollout_steps=8
models.architecture.block_type=simple
models.architecture.mamba_type=mamba
training.mode=rollout
models.out_dim=6    avg_loss: 0.000000073909  time_per_window : 0.000436   progress : 0.120
name: models.architecture.d_model=256
training.rollout_steps=8
models.architecture.block_type=simple
models.architecture.mamba_type=mamba
training.mode=rollout
models.out_dim=6    avg_loss: 0.000000067217  time_per_window : 0.000421   progress : 0.131
name: models.architecture.d_model=256
training.rollout_steps=8
models.architecture.block_type=simple
models.architecture.mamba_type=mamba
training.mode=rollout
models.out_dim=6    avg_loss: 0.000000075711  time_per_window : 0.000421   progress : 0.142
name: models.architecture.d_model=256
training.rollout_steps=8
models.architecture.block_type=simple
models.architecture.mamba_type=mamba
training.mode=rollout
models.out_dim=6    avg_loss: 0.000000069254  time_per_window : 0.000399   progress : 0.153
name: models.architecture.d_model=256
training.rollout_steps=8
models.architecture.block_type=simple
models.architecture.mamba_type=mamba
training.mode=rollout
models.out_dim=6    avg_loss: 0.000000065864  time_per_window : 0.000423   progress : 0.164
name: models.architecture.d_model=256
training.rollout_steps=8
models.architecture.block_type=simple
models.architecture.mamba_type=mamba
training.mode=rollout
models.out_dim=6    avg_loss: 0.000000064748  time_per_window : 0.000414   progress : 0.175
name: models.architecture.d_model=256
training.rollout_steps=8
models.architecture.block_type=simple
models.architecture.mamba_type=mamba
training.mode=rollout
models.out_dim=6    avg_loss: 0.000000063358  time_per_window : 0.000423   progress : 0.186
name: models.architecture.d_model=256
training.rollout_steps=8
models.architecture.block_type=simple
models.architecture.mamba_type=mamba
training.mode=rollout
models.out_dim=6    avg_loss: 0.000000065796  time_per_window : 0.000434   progress : 0.197
name: models.architecture.d_model=256
training.rollout_steps=8
models.architecture.block_type=simple
models.architecture.mamba_type=mamba
training.mode=rollout
models.out_dim=6    avg_loss: 0.000000065008  time_per_window : 0.000408   progress : 0.208
name: models.architecture.d_model=256
training.rollout_steps=8
models.architecture.block_type=simple
models.architecture.mamba_type=mamba
training.mode=rollout
models.out_dim=6    avg_loss: 0.000000073003  time_per_window : 0.000422   progress : 0.218
name: models.architecture.d_model=256
training.rollout_steps=8
models.architecture.block_type=simple
models.architecture.mamba_type=mamba
training.mode=rollout
models.out_dim=6    avg_loss: 0.000000067243  time_per_window : 0.000408   progress : 0.229
name: models.architecture.d_model=256
training.rollout_steps=8
models.architecture.block_type=simple
models.architecture.mamba_type=mamba
training.mode=rollout
models.out_dim=6    avg_loss: 0.000000064414  time_per_window : 0.000400   progress : 0.240
name: models.architecture.d_model=256
training.rollout_steps=8
models.architecture.block_type=simple
models.architecture.mamba_type=mamba
training.mode=rollout
models.out_dim=6    avg_loss: 0.000000073207  time_per_window : 0.000409   progress : 0.251
name: models.architecture.d_model=256
training.rollout_steps=8
models.architecture.block_type=simple
models.architecture.mamba_type=mamba
training.mode=rollout
models.out_dim=6    avg_loss: 0.000000065072  time_per_window : 0.000412   progress : 0.262
name: models.architecture.d_model=256
training.rollout_steps=8
models.architecture.block_type=simple
models.architecture.mamba_type=mamba
training.mode=rollout
models.out_dim=6    avg_loss: 0.000000063251  time_per_window : 0.000422   progress : 0.273
name: models.architecture.d_model=256
training.rollout_steps=8
models.architecture.block_type=simple
models.architecture.mamba_type=mamba
training.mode=rollout
models.out_dim=6    avg_loss: 0.000000066416  time_per_window : 0.000382   progress : 0.284
name: models.architecture.d_model=256
training.rollout_steps=8
models.architecture.block_type=simple
models.architecture.mamba_type=mamba
training.mode=rollout
models.out_dim=6    avg_loss: 0.000000069414  time_per_window : 0.000431   progress : 0.295
name: models.architecture.d_model=256
training.rollout_steps=8
models.architecture.block_type=simple
models.architecture.mamba_type=mamba
training.mode=rollout
models.out_dim=6    avg_loss: 0.000000067331  time_per_window : 0.000402   progress : 0.306
name: models.architecture.d_model=256
training.rollout_steps=8
models.architecture.block_type=simple
models.architecture.mamba_type=mamba
training.mode=rollout
models.out_dim=6    avg_loss: 0.000000067081  time_per_window : 0.000418   progress : 0.317
name: models.architecture.d_model=256
training.rollout_steps=8
models.architecture.block_type=simple
models.architecture.mamba_type=mamba
training.mode=rollout
models.out_dim=6    avg_loss: 0.000000069195  time_per_window : 0.000354   progress : 0.328
name: models.architecture.d_model=256
training.rollout_steps=8
models.architecture.block_type=simple
models.architecture.mamba_type=mamba
training.mode=rollout
models.out_dim=6    avg_loss: 0.000000076914  time_per_window : 0.002577   progress : 0.339
name: models.architecture.d_model=256
training.rollout_steps=8
models.architecture.block_type=simple
models.architecture.mamba_type=mamba
training.mode=rollout
models.out_dim=6    avg_loss: 0.000000066322  time_per_window : 0.000383   progress : 0.350
name: models.architecture.d_model=256
training.rollout_steps=8
models.architecture.block_type=simple
models.architecture.mamba_type=mamba
training.mode=rollout
models.out_dim=6    avg_loss: 0.000000073369  time_per_window : 0.000399   progress : 0.360
name: models.architecture.d_model=256
training.rollout_steps=8
models.architecture.block_type=simple
models.architecture.mamba_type=mamba
training.mode=rollout
models.out_dim=6    avg_loss: 0.000000065314  time_per_window : 0.000425   progress : 0.371
name: models.architecture.d_model=256
training.rollout_steps=8
models.architecture.block_type=simple
models.architecture.mamba_type=mamba
training.mode=rollout
models.out_dim=6    avg_loss: 0.000000066012  time_per_window : 0.000432   progress : 0.382
name: models.architecture.d_model=256
training.rollout_steps=8
models.architecture.block_type=simple
models.architecture.mamba_type=mamba
training.mode=rollout
models.out_dim=6    avg_loss: 0.000000072242  time_per_window : 0.000389   progress : 0.393
name: models.architecture.d_model=256
training.rollout_steps=8
models.architecture.block_type=simple
models.architecture.mamba_type=mamba
training.mode=rollout
models.out_dim=6    avg_loss: 0.000000073549  time_per_window : 0.000313   progress : 0.404
name: models.architecture.d_model=256
training.rollout_steps=8
models.architecture.block_type=simple
models.architecture.mamba_type=mamba
training.mode=rollout
models.out_dim=6    avg_loss: 0.000000064457  time_per_window : 0.000415   progress : 0.415
name: models.architecture.d_model=256
training.rollout_steps=8
models.architecture.block_type=simple
models.architecture.mamba_type=mamba
training.mode=rollout
models.out_dim=6    avg_loss: 0.000000063476  time_per_window : 0.000416   progress : 0.426
name: models.architecture.d_model=256
training.rollout_steps=8
models.architecture.block_type=simple
models.architecture.mamba_type=mamba
training.mode=rollout
models.out_dim=6    avg_loss: 0.000000067248  time_per_window : 0.000397   progress : 0.437
name: models.architecture.d_model=256
training.rollout_steps=8
models.architecture.block_type=simple
models.architecture.mamba_type=mamba
training.mode=rollout
models.out_dim=6    avg_loss: 0.000000071231  time_per_window : 0.000425   progress : 0.448
name: models.architecture.d_model=256
training.rollout_steps=8
models.architecture.block_type=simple
models.architecture.mamba_type=mamba
training.mode=rollout
models.out_dim=6    avg_loss: 0.000000060745  time_per_window : 0.000395   progress : 0.459
name: models.architecture.d_model=256
training.rollout_steps=8
models.architecture.block_type=simple
models.architecture.mamba_type=mamba
training.mode=rollout
models.out_dim=6    avg_loss: 0.000000066684  time_per_window : 0.000431   progress : 0.470
name: models.architecture.d_model=256
training.rollout_steps=8
models.architecture.block_type=simple
models.architecture.mamba_type=mamba
training.mode=rollout
models.out_dim=6    avg_loss: 0.000000059505  time_per_window : 0.000407   progress : 0.481
name: models.architecture.d_model=256
training.rollout_steps=8
models.architecture.block_type=simple
models.architecture.mamba_type=mamba
training.mode=rollout
models.out_dim=6    avg_loss: 0.000000060084  time_per_window : 0.000436   progress : 0.492
name: models.architecture.d_model=256
training.rollout_steps=8
models.architecture.block_type=simple
models.architecture.mamba_type=mamba
training.mode=rollout
models.out_dim=6    avg_loss: 0.000000065917  time_per_window : 0.000396   progress : 0.502
name: models.architecture.d_model=256
training.rollout_steps=8
models.architecture.block_type=simple
models.architecture.mamba_type=mamba
training.mode=rollout
models.out_dim=6    avg_loss: 0.000000059318  time_per_window : 0.000388   progress : 0.513
name: models.architecture.d_model=256
training.rollout_steps=8
models.architecture.block_type=simple
models.architecture.mamba_type=mamba
training.mode=rollout
models.out_dim=6    avg_loss: 0.000000061159  time_per_window : 0.000402   progress : 0.524
name: models.architecture.d_model=256
training.rollout_steps=8
models.architecture.block_type=simple
models.architecture.mamba_type=mamba
training.mode=rollout
models.out_dim=6    avg_loss: 0.000000059991  time_per_window : 0.000414   progress : 0.535
name: models.architecture.d_model=256
training.rollout_steps=8
models.architecture.block_type=simple
models.architecture.mamba_type=mamba
training.mode=rollout
models.out_dim=6    avg_loss: 0.000000058776  time_per_window : 0.000390   progress : 0.546
name: models.architecture.d_model=256
training.rollout_steps=8
models.architecture.block_type=simple
models.architecture.mamba_type=mamba
training.mode=rollout
models.out_dim=6    avg_loss: 0.000000056068  time_per_window : 0.000386   progress : 0.557
name: models.architecture.d_model=256
training.rollout_steps=8
models.architecture.block_type=simple
models.architecture.mamba_type=mamba
training.mode=rollout
models.out_dim=6    avg_loss: 0.000000058982  time_per_window : 0.000413   progress : 0.568
name: models.architecture.d_model=256
training.rollout_steps=8
models.architecture.block_type=simple
models.architecture.mamba_type=mamba
training.mode=rollout
models.out_dim=6    avg_loss: 0.000000060592  time_per_window : 0.000377   progress : 0.579
name: models.architecture.d_model=256
training.rollout_steps=8
models.architecture.block_type=simple
models.architecture.mamba_type=mamba
training.mode=rollout
models.out_dim=6    avg_loss: 0.000000052673  time_per_window : 0.000419   progress : 0.590
name: models.architecture.d_model=256
training.rollout_steps=8
models.architecture.block_type=simple
models.architecture.mamba_type=mamba
training.mode=rollout
models.out_dim=6    avg_loss: 0.000000054259  time_per_window : 0.000367   progress : 0.601
name: models.architecture.d_model=256
training.rollout_steps=8
models.architecture.block_type=simple
models.architecture.mamba_type=mamba
training.mode=rollout
models.out_dim=6    avg_loss: 0.000000052757  time_per_window : 0.000402   progress : 0.612
name: models.architecture.d_model=256
training.rollout_steps=8
models.architecture.block_type=simple
models.architecture.mamba_type=mamba
training.mode=rollout
models.out_dim=6    avg_loss: 0.000000057787  time_per_window : 0.000409   progress : 0.623
name: models.architecture.d_model=256
training.rollout_steps=8
models.architecture.block_type=simple
models.architecture.mamba_type=mamba
training.mode=rollout
models.out_dim=6    avg_loss: 0.000000058308  time_per_window : 0.000398   progress : 0.634
name: models.architecture.d_model=256
training.rollout_steps=8
models.architecture.block_type=simple
models.architecture.mamba_type=mamba
training.mode=rollout
models.out_dim=6    avg_loss: 0.000000057974  time_per_window : 0.000405   progress : 0.644
name: models.architecture.d_model=256
training.rollout_steps=8
models.architecture.block_type=simple
models.architecture.mamba_type=mamba
training.mode=rollout
models.out_dim=6    avg_loss: 0.000000052535  time_per_window : 0.000379   progress : 0.655
name: models.architecture.d_model=256
training.rollout_steps=8
models.architecture.block_type=simple
models.architecture.mamba_type=mamba
training.mode=rollout
models.out_dim=6    avg_loss: 0.000000055741  time_per_window : 0.000410   progress : 0.666
name: models.architecture.d_model=256
training.rollout_steps=8
models.architecture.block_type=simple
models.architecture.mamba_type=mamba
training.mode=rollout
models.out_dim=6    avg_loss: 0.000000051373  time_per_window : 0.000374   progress : 0.677
name: models.architecture.d_model=256
training.rollout_steps=8
models.architecture.block_type=simple
models.architecture.mamba_type=mamba
training.mode=rollout
models.out_dim=6    avg_loss: 0.000000050151  time_per_window : 0.000365   progress : 0.688
name: models.architecture.d_model=256
training.rollout_steps=8
models.architecture.block_type=simple
models.architecture.mamba_type=mamba
training.mode=rollout
models.out_dim=6    avg_loss: 0.000000054423  time_per_window : 0.000397   progress : 0.699
name: models.architecture.d_model=256
training.rollout_steps=8
models.architecture.block_type=simple
models.architecture.mamba_type=mamba
training.mode=rollout
models.out_dim=6    avg_loss: 0.000000051177  time_per_window : 0.000399   progress : 0.710
name: models.architecture.d_model=256
training.rollout_steps=8
models.architecture.block_type=simple
models.architecture.mamba_type=mamba
training.mode=rollout
models.out_dim=6    avg_loss: 0.000000045245  time_per_window : 0.000390   progress : 0.721/home/jdihardjo/miniconda3/envs/mavenv/lib/python3.11/site-packages/torch/_inductor/cudagraph_trees.py:2622: UserWarning: Unable to hit fast path of CUDAGraphs because outputs from a previous step still require backward. Ensure backward() is invoked or detach outputs. You may also call torch.compiler.cudagraph_mark_step_begin() before each model invocation.
  warnings.warn(
/home/jdihardjo/miniconda3/envs/mavenv/lib/python3.11/site-packages/torch/_inductor/cudagraph_trees.py:2622: UserWarning: Unable to hit fast path of CUDAGraphs because outputs from a previous step still require backward. Ensure backward() is invoked or detach outputs. You may also call torch.compiler.cudagraph_mark_step_begin() before each model invocation.
  warnings.warn(

name: models.architecture.d_model=256
training.rollout_steps=8
models.architecture.block_type=simple
models.architecture.mamba_type=mamba
training.mode=rollout
models.out_dim=6    avg_loss: 0.000000047252  time_per_window : 0.000403   progress : 0.732
name: models.architecture.d_model=256
training.rollout_steps=8
models.architecture.block_type=simple
models.architecture.mamba_type=mamba
training.mode=rollout
models.out_dim=6    avg_loss: 0.000000048773  time_per_window : 0.000393   progress : 0.743
name: models.architecture.d_model=256
training.rollout_steps=8
models.architecture.block_type=simple
models.architecture.mamba_type=mamba
training.mode=rollout
models.out_dim=6    avg_loss: 0.000000048755  time_per_window : 0.000425   progress : 0.754
name: models.architecture.d_model=256
training.rollout_steps=8
models.architecture.block_type=simple
models.architecture.mamba_type=mamba
training.mode=rollout
models.out_dim=6    avg_loss: 0.000000051141  time_per_window : 0.000373   progress : 0.765
name: models.architecture.d_model=256
training.rollout_steps=8
models.architecture.block_type=simple
models.architecture.mamba_type=mamba
training.mode=rollout
models.out_dim=6    avg_loss: 0.000000052478  time_per_window : 0.000255   progress : 0.775
name: models.architecture.d_model=256
training.rollout_steps=8
models.architecture.block_type=simple
models.architecture.mamba_type=mamba
training.mode=rollout
models.out_dim=6    avg_loss: 0.000000052228  time_per_window : 0.000267   progress : 0.786
name: models.architecture.d_model=256
training.rollout_steps=8
models.architecture.block_type=simple
models.architecture.mamba_type=mamba
training.mode=rollout
models.out_dim=6    avg_loss: 0.000000040699  time_per_window : 0.000671   progress : 0.797
name: models.architecture.d_model=256
training.rollout_steps=8
models.architecture.block_type=simple
models.architecture.mamba_type=mamba
training.mode=rollout
models.out_dim=6    avg_loss: 0.000000044373  time_per_window : 0.000423   progress : 0.808
name: models.architecture.d_model=256
training.rollout_steps=8
models.architecture.block_type=simple
models.architecture.mamba_type=mamba
training.mode=rollout
models.out_dim=6    avg_loss: 0.000000043907  time_per_window : 0.000366   progress : 0.819
name: models.architecture.d_model=256
training.rollout_steps=8
models.architecture.block_type=simple
models.architecture.mamba_type=mamba
training.mode=rollout
models.out_dim=6    avg_loss: 0.000000046059  time_per_window : 0.000395   progress : 0.830
name: models.architecture.d_model=256
training.rollout_steps=8
models.architecture.block_type=simple
models.architecture.mamba_type=mamba
training.mode=rollout
models.out_dim=6    avg_loss: 0.000000043462  time_per_window : 0.000407   progress : 0.841
name: models.architecture.d_model=256
training.rollout_steps=8
models.architecture.block_type=simple
models.architecture.mamba_type=mamba
training.mode=rollout
models.out_dim=6    avg_loss: 0.000000042529  time_per_window : 0.000399   progress : 0.852
name: models.architecture.d_model=256
training.rollout_steps=8
models.architecture.block_type=simple
models.architecture.mamba_type=mamba
training.mode=rollout
models.out_dim=6    avg_loss: 0.000000040847  time_per_window : 0.000393   progress : 0.863
name: models.architecture.d_model=256
training.rollout_steps=8
models.architecture.block_type=simple
models.architecture.mamba_type=mamba
training.mode=rollout
models.out_dim=6    avg_loss: 0.000000042113  time_per_window : 0.000397   progress : 0.874
name: models.architecture.d_model=256
training.rollout_steps=8
models.architecture.block_type=simple
models.architecture.mamba_type=mamba
training.mode=rollout
models.out_dim=6    avg_loss: 0.000000039025  time_per_window : 0.000419   progress : 0.885
name: models.architecture.d_model=256
training.rollout_steps=8
models.architecture.block_type=simple
models.architecture.mamba_type=mamba
training.mode=rollout
models.out_dim=6    avg_loss: 0.000000037705  time_per_window : 0.000381   progress : 0.896
name: models.architecture.d_model=256
training.rollout_steps=8
models.architecture.block_type=simple
models.architecture.mamba_type=mamba
training.mode=rollout
models.out_dim=6    avg_loss: 0.000000047480  time_per_window : 0.000385   progress : 0.907
name: models.architecture.d_model=256
training.rollout_steps=8
models.architecture.block_type=simple
models.architecture.mamba_type=mamba
training.mode=rollout
models.out_dim=6    avg_loss: 0.000000043708  time_per_window : 0.000401   progress : 0.917
name: models.architecture.d_model=256
training.rollout_steps=8
models.architecture.block_type=simple
models.architecture.mamba_type=mamba
training.mode=rollout
models.out_dim=6    avg_loss: 0.000000036764  time_per_window : 0.000358   progress : 0.928
name: models.architecture.d_model=256
training.rollout_steps=8
models.architecture.block_type=simple
models.architecture.mamba_type=mamba
training.mode=rollout
models.out_dim=6    avg_loss: 0.000000041769  time_per_window : 0.000386   progress : 0.939
name: models.architecture.d_model=256
training.rollout_steps=8
models.architecture.block_type=simple
models.architecture.mamba_type=mamba
training.mode=rollout
models.out_dim=6    avg_loss: 0.000000036641  time_per_window : 0.000367   progress : 0.950
name: models.architecture.d_model=256
training.rollout_steps=8
models.architecture.block_type=simple
models.architecture.mamba_type=mamba
training.mode=rollout
models.out_dim=6    avg_loss: 0.000000038068  time_per_window : 0.000409   progress : 0.961
name: models.architecture.d_model=256
training.rollout_steps=8
models.architecture.block_type=simple
models.architecture.mamba_type=mamba
training.mode=rollout
models.out_dim=6    avg_loss: 0.000000036092  time_per_window : 0.000367   progress : 0.972
name: models.architecture.d_model=256
training.rollout_steps=8
models.architecture.block_type=simple
models.architecture.mamba_type=mamba
training.mode=rollout
models.out_dim=6    avg_loss: 0.000000034449  time_per_window : 0.000406   progress : 0.983
name: models.architecture.d_model=256
training.rollout_steps=8
models.architecture.block_type=simple
models.architecture.mamba_type=mamba
training.mode=rollout
models.out_dim=6    avg_loss: 0.000000030857  time_per_window : 0.000418   progress : 0.994
name: models.architecture.d_model=256
training.rollout_steps=8
models.architecture.block_type=simple
models.architecture.mamba_type=mamba
training.mode=rollout
models.out_dim=6    avg_loss: 0.000000055018  time_per_window : 0.000411   progress : 0.011
name: models.architecture.d_model=256
training.rollout_steps=8
models.architecture.block_type=simple
models.architecture.mamba_type=mamba
training.mode=rollout
models.out_dim=6    avg_loss: 0.000000034634  time_per_window : 0.000376   progress : 0.022
name: models.architecture.d_model=256
training.rollout_steps=8
models.architecture.block_type=simple
models.architecture.mamba_type=mamba
training.mode=rollout
models.out_dim=6    avg_loss: 0.000000035011  time_per_window : 0.000431   progress : 0.033
name: models.architecture.d_model=256
training.rollout_steps=8
models.architecture.block_type=simple
models.architecture.mamba_type=mamba
training.mode=rollout
models.out_dim=6    avg_loss: 0.000000034927  time_per_window : 0.000445   progress : 0.044
name: models.architecture.d_model=256
training.rollout_steps=8
models.architecture.block_type=simple
models.architecture.mamba_type=mamba
training.mode=rollout
models.out_dim=6    avg_loss: 0.000000030991  time_per_window : 0.000429   progress : 0.055
name: models.architecture.d_model=256
training.rollout_steps=8
models.architecture.block_type=simple
models.architecture.mamba_type=mamba
training.mode=rollout
models.out_dim=6    avg_loss: 0.000000034428  time_per_window : 0.000400   progress : 0.066
name: models.architecture.d_model=256
training.rollout_steps=8
models.architecture.block_type=simple
models.architecture.mamba_type=mamba
training.mode=rollout
models.out_dim=6    avg_loss: 0.000000035477  time_per_window : 0.000395   progress : 0.076
name: models.architecture.d_model=256
training.rollout_steps=8
models.architecture.block_type=simple
models.architecture.mamba_type=mamba
training.mode=rollout
models.out_dim=6    avg_loss: 0.000000038145  time_per_window : 0.000398   progress : 0.087
name: models.architecture.d_model=256
training.rollout_steps=8
models.architecture.block_type=simple
models.architecture.mamba_type=mamba
training.mode=rollout
models.out_dim=6    avg_loss: 0.000000031373  time_per_window : 0.000423   progress : 0.098
name: models.architecture.d_model=256
training.rollout_steps=8
models.architecture.block_type=simple
models.architecture.mamba_type=mamba
training.mode=rollout
models.out_dim=6    avg_loss: 0.000000030107  time_per_window : 0.000420   progress : 0.109
name: models.architecture.d_model=256
training.rollout_steps=8
models.architecture.block_type=simple
models.architecture.mamba_type=mamba
training.mode=rollout
models.out_dim=6    avg_loss: 0.000000033728  time_per_window : 0.000385   progress : 0.120
name: models.architecture.d_model=256
training.rollout_steps=8
models.architecture.block_type=simple
models.architecture.mamba_type=mamba
training.mode=rollout
models.out_dim=6    avg_loss: 0.000000034025  time_per_window : 0.000403   progress : 0.131
name: models.architecture.d_model=256
training.rollout_steps=8
models.architecture.block_type=simple
models.architecture.mamba_type=mamba
training.mode=rollout
models.out_dim=6    avg_loss: 0.000000030996  time_per_window : 0.000416   progress : 0.142
name: models.architecture.d_model=256
training.rollout_steps=8
models.architecture.block_type=simple
models.architecture.mamba_type=mamba
training.mode=rollout
models.out_dim=6    avg_loss: 0.000000029776  time_per_window : 0.000429   progress : 0.153
name: models.architecture.d_model=256
training.rollout_steps=8
models.architecture.block_type=simple
models.architecture.mamba_type=mamba
training.mode=rollout
models.out_dim=6    avg_loss: 0.000000031453  time_per_window : 0.000451   progress : 0.164
name: models.architecture.d_model=256
training.rollout_steps=8
models.architecture.block_type=simple
models.architecture.mamba_type=mamba
training.mode=rollout
models.out_dim=6    avg_loss: 0.000000031748  time_per_window : 0.000387   progress : 0.175
name: models.architecture.d_model=256
training.rollout_steps=8
models.architecture.block_type=simple
models.architecture.mamba_type=mamba
training.mode=rollout
models.out_dim=6    avg_loss: 0.000000030738  time_per_window : 0.000446   progress : 0.186
name: models.architecture.d_model=256
training.rollout_steps=8
models.architecture.block_type=simple
models.architecture.mamba_type=mamba
training.mode=rollout
models.out_dim=6    avg_loss: 0.000000030769  time_per_window : 0.000452   progress : 0.197
name: models.architecture.d_model=256
training.rollout_steps=8
models.architecture.block_type=simple
models.architecture.mamba_type=mamba
training.mode=rollout
models.out_dim=6    avg_loss: 0.000000029059  time_per_window : 0.000413   progress : 0.208
name: models.architecture.d_model=256
training.rollout_steps=8
models.architecture.block_type=simple
models.architecture.mamba_type=mamba
training.mode=rollout
models.out_dim=6    avg_loss: 0.000000031778  time_per_window : 0.000426   progress : 0.218
name: models.architecture.d_model=256
training.rollout_steps=8
models.architecture.block_type=simple
models.architecture.mamba_type=mamba
training.mode=rollout
models.out_dim=6    avg_loss: 0.000000033546  time_per_window : 0.000404   progress : 0.229
name: models.architecture.d_model=256
training.rollout_steps=8
models.architecture.block_type=simple
models.architecture.mamba_type=mamba
training.mode=rollout
models.out_dim=6    avg_loss: 0.000000032092  time_per_window : 0.000436   progress : 0.240
name: models.architecture.d_model=256
training.rollout_steps=8
models.architecture.block_type=simple
models.architecture.mamba_type=mamba
training.mode=rollout
models.out_dim=6    avg_loss: 0.000000031362  time_per_window : 0.000415   progress : 0.251
name: models.architecture.d_model=256
training.rollout_steps=8
models.architecture.block_type=simple
models.architecture.mamba_type=mamba
training.mode=rollout
models.out_dim=6    avg_loss: 0.000000029287  time_per_window : 0.000419   progress : 0.262
name: models.architecture.d_model=256
training.rollout_steps=8
models.architecture.block_type=simple
models.architecture.mamba_type=mamba
training.mode=rollout
models.out_dim=6    avg_loss: 0.000000030442  time_per_window : 0.000416   progress : 0.273
name: models.architecture.d_model=256
training.rollout_steps=8
models.architecture.block_type=simple
models.architecture.mamba_type=mamba
training.mode=rollout
models.out_dim=6    avg_loss: 0.000000030691  time_per_window : 0.000381   progress : 0.284
name: models.architecture.d_model=256
training.rollout_steps=8
models.architecture.block_type=simple
models.architecture.mamba_type=mamba
training.mode=rollout
models.out_dim=6    avg_loss: 0.000000030652  time_per_window : 0.000446   progress : 0.295
name: models.architecture.d_model=256
training.rollout_steps=8
models.architecture.block_type=simple
models.architecture.mamba_type=mamba
training.mode=rollout
models.out_dim=6    avg_loss: 0.000000028865  time_per_window : 0.000372   progress : 0.306
name: models.architecture.d_model=256
training.rollout_steps=8
models.architecture.block_type=simple
models.architecture.mamba_type=mamba
training.mode=rollout
models.out_dim=6    avg_loss: 0.000000028671  time_per_window : 0.000393   progress : 0.317
name: models.architecture.d_model=256
training.rollout_steps=8
models.architecture.block_type=simple
models.architecture.mamba_type=mamba
training.mode=rollout
models.out_dim=6    avg_loss: 0.000000028510  time_per_window : 0.000417   progress : 0.328
name: models.architecture.d_model=256
training.rollout_steps=8
models.architecture.block_type=simple
models.architecture.mamba_type=mamba
training.mode=rollout
models.out_dim=6    avg_loss: 0.000000030257  time_per_window : 0.000457   progress : 0.339
name: models.architecture.d_model=256
training.rollout_steps=8
models.architecture.block_type=simple
models.architecture.mamba_type=mamba
training.mode=rollout
models.out_dim=6    avg_loss: 0.000000029339  time_per_window : 0.000446   progress : 0.350
name: models.architecture.d_model=256
training.rollout_steps=8
models.architecture.block_type=simple
models.architecture.mamba_type=mamba
training.mode=rollout
models.out_dim=6    avg_loss: 0.000000029376  time_per_window : 0.000439   progress : 0.360
name: models.architecture.d_model=256
training.rollout_steps=8
models.architecture.block_type=simple
models.architecture.mamba_type=mamba
training.mode=rollout
models.out_dim=6    avg_loss: 0.000000030698  time_per_window : 0.000409   progress : 0.371
name: models.architecture.d_model=256
training.rollout_steps=8
models.architecture.block_type=simple
models.architecture.mamba_type=mamba
training.mode=rollout
models.out_dim=6    avg_loss: 0.000000033604  time_per_window : 0.000414   progress : 0.382
name: models.architecture.d_model=256
training.rollout_steps=8
models.architecture.block_type=simple
models.architecture.mamba_type=mamba
training.mode=rollout
models.out_dim=6    avg_loss: 0.000000031481  time_per_window : 0.000422   progress : 0.393
name: models.architecture.d_model=256
training.rollout_steps=8
models.architecture.block_type=simple
models.architecture.mamba_type=mamba
training.mode=rollout
models.out_dim=6    avg_loss: 0.000000027776  time_per_window : 0.000429   progress : 0.404
name: models.architecture.d_model=256
training.rollout_steps=8
models.architecture.block_type=simple
models.architecture.mamba_type=mamba
training.mode=rollout
models.out_dim=6    avg_loss: 0.000000027558  time_per_window : 0.000456   progress : 0.415
name: models.architecture.d_model=256
training.rollout_steps=8
models.architecture.block_type=simple
models.architecture.mamba_type=mamba
training.mode=rollout
models.out_dim=6    avg_loss: 0.000000031146  time_per_window : 0.000407   progress : 0.426
name: models.architecture.d_model=256
training.rollout_steps=8
models.architecture.block_type=simple
models.architecture.mamba_type=mamba
training.mode=rollout
models.out_dim=6    avg_loss: 0.000000029975  time_per_window : 0.000433   progress : 0.437
name: models.architecture.d_model=256
training.rollout_steps=8
models.architecture.block_type=simple
models.architecture.mamba_type=mamba
training.mode=rollout
models.out_dim=6    avg_loss: 0.000000028275  time_per_window : 0.000390   progress : 0.448
name: models.architecture.d_model=256
training.rollout_steps=8
models.architecture.block_type=simple
models.architecture.mamba_type=mamba
training.mode=rollout
models.out_dim=6    avg_loss: 0.000000029782  time_per_window : 0.000390   progress : 0.459
name: models.architecture.d_model=256
training.rollout_steps=8
models.architecture.block_type=simple
models.architecture.mamba_type=mamba
training.mode=rollout
models.out_dim=6    avg_loss: 0.000000028530  time_per_window : 0.000418   progress : 0.470
name: models.architecture.d_model=256
training.rollout_steps=8
models.architecture.block_type=simple
models.architecture.mamba_type=mamba
training.mode=rollout
models.out_dim=6    avg_loss: 0.000000027978  time_per_window : 0.000429   progress : 0.481
name: models.architecture.d_model=256
training.rollout_steps=8
models.architecture.block_type=simple
models.architecture.mamba_type=mamba
training.mode=rollout
models.out_dim=6    avg_loss: 0.000000028904  time_per_window : 0.000406   progress : 0.492
name: models.architecture.d_model=256
training.rollout_steps=8
models.architecture.block_type=simple
models.architecture.mamba_type=mamba
training.mode=rollout
models.out_dim=6    avg_loss: 0.000000028221  time_per_window : 0.000401   progress : 0.502
name: models.architecture.d_model=256
training.rollout_steps=8
models.architecture.block_type=simple
models.architecture.mamba_type=mamba
training.mode=rollout
models.out_dim=6    avg_loss: 0.000000029777  time_per_window : 0.000393   progress : 0.513
name: models.architecture.d_model=256
training.rollout_steps=8
models.architecture.block_type=simple
models.architecture.mamba_type=mamba
training.mode=rollout
models.out_dim=6    avg_loss: 0.000000027660  time_per_window : 0.000445   progress : 0.524
name: models.architecture.d_model=256
training.rollout_steps=8
models.architecture.block_type=simple
models.architecture.mamba_type=mamba
training.mode=rollout
models.out_dim=6    avg_loss: 0.000000027634  time_per_window : 0.000422   progress : 0.535
name: models.architecture.d_model=256
training.rollout_steps=8
models.architecture.block_type=simple
models.architecture.mamba_type=mamba
training.mode=rollout
models.out_dim=6    avg_loss: 0.000000028565  time_per_window : 0.000427   progress : 0.546
name: models.architecture.d_model=256
training.rollout_steps=8
models.architecture.block_type=simple
models.architecture.mamba_type=mamba
training.mode=rollout
models.out_dim=6    avg_loss: 0.000000027081  time_per_window : 0.000413   progress : 0.557
name: models.architecture.d_model=256
training.rollout_steps=8
models.architecture.block_type=simple
models.architecture.mamba_type=mamba
training.mode=rollout
models.out_dim=6    avg_loss: 0.000000026393  time_per_window : 0.000407   progress : 0.568
name: models.architecture.d_model=256
training.rollout_steps=8
models.architecture.block_type=simple
models.architecture.mamba_type=mamba
training.mode=rollout
models.out_dim=6    avg_loss: 0.000000029295  time_per_window : 0.000411   progress : 0.579
name: models.architecture.d_model=256
training.rollout_steps=8
models.architecture.block_type=simple
models.architecture.mamba_type=mamba
training.mode=rollout
models.out_dim=6    avg_loss: 0.000000028098  time_per_window : 0.000405   progress : 0.590
name: models.architecture.d_model=256
training.rollout_steps=8
models.architecture.block_type=simple
models.architecture.mamba_type=mamba
training.mode=rollout
models.out_dim=6    avg_loss: 0.000000028059  time_per_window : 0.000460   progress : 0.601
name: models.architecture.d_model=256
training.rollout_steps=8
models.architecture.block_type=simple
models.architecture.mamba_type=mamba
training.mode=rollout
models.out_dim=6    avg_loss: 0.000000028265  time_per_window : 0.000416   progress : 0.612
name: models.architecture.d_model=256
training.rollout_steps=8
models.architecture.block_type=simple
models.architecture.mamba_type=mamba
training.mode=rollout
models.out_dim=6    avg_loss: 0.000000029675  time_per_window : 0.000438   progress : 0.623
name: models.architecture.d_model=256
training.rollout_steps=8
models.architecture.block_type=simple
models.architecture.mamba_type=mamba
training.mode=rollout
models.out_dim=6    avg_loss: 0.000000027019  time_per_window : 0.000437   progress : 0.634
name: models.architecture.d_model=256
training.rollout_steps=8
models.architecture.block_type=simple
models.architecture.mamba_type=mamba
training.mode=rollout
models.out_dim=6    avg_loss: 0.000000026449  time_per_window : 0.000447   progress : 0.644
name: models.architecture.d_model=256
training.rollout_steps=8
models.architecture.block_type=simple
models.architecture.mamba_type=mamba
training.mode=rollout
models.out_dim=6    avg_loss: 0.000000028686  time_per_window : 0.000457   progress : 0.655
name: models.architecture.d_model=256
training.rollout_steps=8
models.architecture.block_type=simple
models.architecture.mamba_type=mamba
training.mode=rollout
models.out_dim=6    avg_loss: 0.000000026491  time_per_window : 0.000405   progress : 0.666
name: models.architecture.d_model=256
training.rollout_steps=8
models.architecture.block_type=simple
models.architecture.mamba_type=mamba
training.mode=rollout
models.out_dim=6    avg_loss: 0.000000029116  time_per_window : 0.000428   progress : 0.677
name: models.architecture.d_model=256
training.rollout_steps=8
models.architecture.block_type=simple
models.architecture.mamba_type=mamba
training.mode=rollout
models.out_dim=6    avg_loss: 0.000000027967  time_per_window : 0.000419   progress : 0.688
name: models.architecture.d_model=256
training.rollout_steps=8
models.architecture.block_type=simple
models.architecture.mamba_type=mamba
training.mode=rollout
models.out_dim=6    avg_loss: 0.000000027531  time_per_window : 0.000442   progress : 0.699
name: models.architecture.d_model=256
training.rollout_steps=8
models.architecture.block_type=simple
models.architecture.mamba_type=mamba
training.mode=rollout
models.out_dim=6    avg_loss: 0.000000026706  time_per_window : 0.000412   progress : 0.710
name: models.architecture.d_model=256
training.rollout_steps=8
models.architecture.block_type=simple
models.architecture.mamba_type=mamba
training.mode=rollout
models.out_dim=6    avg_loss: 0.000000028788  time_per_window : 0.000423   progress : 0.721
name: models.architecture.d_model=256
training.rollout_steps=8
models.architecture.block_type=simple
models.architecture.mamba_type=mamba
training.mode=rollout
models.out_dim=6    avg_loss: 0.000000028097  time_per_window : 0.000438   progress : 0.732
name: models.architecture.d_model=256
training.rollout_steps=8
models.architecture.block_type=simple
models.architecture.mamba_type=mamba
training.mode=rollout
models.out_dim=6    avg_loss: 0.000000026831  time_per_window : 0.000422   progress : 0.743
name: models.architecture.d_model=256
training.rollout_steps=8
models.architecture.block_type=simple
models.architecture.mamba_type=mamba
training.mode=rollout
models.out_dim=6    avg_loss: 0.000000027945  time_per_window : 0.000415   progress : 0.754
name: models.architecture.d_model=256
training.rollout_steps=8
models.architecture.block_type=simple
models.architecture.mamba_type=mamba
training.mode=rollout
models.out_dim=6    avg_loss: 0.000000029255  time_per_window : 0.000423   progress : 0.765
name: models.architecture.d_model=256
training.rollout_steps=8
models.architecture.block_type=simple
models.architecture.mamba_type=mamba
training.mode=rollout
models.out_dim=6    avg_loss: 0.000000026348  time_per_window : 0.000441   progress : 0.775
name: models.architecture.d_model=256
training.rollout_steps=8
models.architecture.block_type=simple
models.architecture.mamba_type=mamba
training.mode=rollout
models.out_dim=6    avg_loss: 0.000000026016  time_per_window : 0.000395   progress : 0.786
name: models.architecture.d_model=256
training.rollout_steps=8
models.architecture.block_type=simple
models.architecture.mamba_type=mamba
training.mode=rollout
models.out_dim=6    avg_loss: 0.000000025799  time_per_window : 0.000442   progress : 0.797
name: models.architecture.d_model=256
training.rollout_steps=8
models.architecture.block_type=simple
models.architecture.mamba_type=mamba
training.mode=rollout
models.out_dim=6    avg_loss: 0.000000027822  time_per_window : 0.000392   progress : 0.808