/home/jdihardjo/miniconda3/envs/mavenv/lib/python3.11/site-packages/hydra/_internal/defaults_list.py:251: UserWarning: In 'config': Defaults list is missing `_self_`. See https://hydra.cc/docs/1.2/upgrades/1.0_to_1.1/default_composition_order for more information
  warnings.warn(msg, UserWarning)
Using cuda device
[2026-07-26 09:21:38,175][HYDRA] Joblib.Parallel(n_jobs=4,backend=loky,prefer=processes,require=None,verbose=0,timeout=None,pre_dispatch=2*n_jobs,batch_size=auto,temp_folder=None,max_nbytes=None,mmap_mode=r) is launching 1 jobs
[2026-07-26 09:21:38,175][HYDRA] Launching jobs, sweep output dir : ablation_runs/2026-07-26_09-21-32/simple_mamba_out6_d16
[2026-07-26 09:21:38,175][HYDRA] 	#0 : models.architecture.d_model=16 training.rollout_steps=8 models.architecture.block_type=simple models.architecture.mamba_type=mamba training.mode=rollout models.out_dim=6
/home/jdihardjo/miniconda3/envs/mavenv/lib/python3.11/site-packages/hydra/_internal/defaults_list.py:251: UserWarning: In 'config': Defaults list is missing `_self_`. See https://hydra.cc/docs/1.2/upgrades/1.0_to_1.1/default_composition_order for more information
  warnings.warn(msg, UserWarning)
models:
  n_dim: 23
  out_dim: 6
  architecture:
    d_model: 16
    n_encoder_layers: 2
    n_decoder_layers: 0
    block_type: simple
    time_adapter: last_token
    in_norm: none
    out_norm: none
    layer_scale: 0.0001
    drop_path: 0.05
    mamba_type: mamba
    mamba_kwargs:
      d_state: 16
      d_conv: 2
      expand: 2
      norm: rms
    skip: false
    cls_kwargs:
      n_heads: 2
      n_mlp: 2
      positional_encoding: false
      max_len: 5000
input_len: 32
output_len: 1
batch_size: 128
epochs: 5
seed: 0
dataset:
  path: /home/jdihardjo/simdata/train.zarr/
  training_size: 1500000
evaluation:
  path: /home/jdihardjo/simdata/evaluation.zarr/
  evaluation_size: 50
training:
  mode: rollout
  lr: 0.0002
  weight_decay: 0.1
  rollout_steps: 8
checkpoint:
  save_path: hydra-test.pth
  load: false
  path: hydra-test.pth
compile: true

/home/jdihardjo/miniconda3/envs/mavenv/lib/python3.11/site-packages/torch/_dynamo/variables/functions.py:2311: UserWarning: Dynamo does not know how to trace the builtin `selective_scan_cuda.pybind11_detail_function_record_v1_system_libstdcpp_gxx_abi_1xxx_use_cxx11_abi_1.fwd.` This function is either a Python builtin (e.g. _warnings.warn) or a third-party C/C++ Python extension (perhaps created with pybind).
If it is a Python builtin, please file an issue on GitHub so the PyTorch team can add support for it and see the next case for a workaround.
If it is a third-party C/C++ Python extension, please either wrap it into a PyTorch-understood custom operator (see https://pytorch.org/tutorials/advanced/custom_ops_landing_page.html for more details) or, if it is traceable, use `torch.compiler.allow_in_graph`.
  torch._dynamo.utils.warn_once(explanation + "\n" + "\n".join(hints))
/home/jdihardjo/miniconda3/envs/mavenv/lib/python3.11/site-packages/torch/_inductor/cudagraph_trees.py:2622: UserWarning: Unable to hit fast path of CUDAGraphs because outputs from a previous step still require backward. Ensure backward() is invoked or detach outputs. You may also call torch.compiler.cudagraph_mark_step_begin() before each model invocation.
  warnings.warn(
name: models.architecture.d_model=16
training.rollout_steps=8
models.architecture.block_type=simple
models.architecture.mamba_type=mamba
training.mode=rollout
models.out_dim=6    avg_loss: 0.005051174201  time_per_window : 0.000301   progress : 0.011
name: models.architecture.d_model=16
training.rollout_steps=8
models.architecture.block_type=simple
models.architecture.mamba_type=mamba
training.mode=rollout
models.out_dim=6    avg_loss: 0.000005730806  time_per_window : 0.000303   progress : 0.022
name: models.architecture.d_model=16
training.rollout_steps=8
models.architecture.block_type=simple
models.architecture.mamba_type=mamba
training.mode=rollout
models.out_dim=6    avg_loss: 0.000001866626  time_per_window : 0.000269   progress : 0.033
name: models.architecture.d_model=16
training.rollout_steps=8
models.architecture.block_type=simple
models.architecture.mamba_type=mamba
training.mode=rollout
models.out_dim=6    avg_loss: 0.000001101374  time_per_window : 0.000291   progress : 0.044
name: models.architecture.d_model=16
training.rollout_steps=8
models.architecture.block_type=simple
models.architecture.mamba_type=mamba
training.mode=rollout
models.out_dim=6    avg_loss: 0.000000835899  time_per_window : 0.000318   progress : 0.055
name: models.architecture.d_model=16
training.rollout_steps=8
models.architecture.block_type=simple
models.architecture.mamba_type=mamba
training.mode=rollout
models.out_dim=6    avg_loss: 0.000000720421  time_per_window : 0.000300   progress : 0.066
name: models.architecture.d_model=16
training.rollout_steps=8
models.architecture.block_type=simple
models.architecture.mamba_type=mamba
training.mode=rollout
models.out_dim=6    avg_loss: 0.000000574526  time_per_window : 0.000289   progress : 0.076
name: models.architecture.d_model=16
training.rollout_steps=8
models.architecture.block_type=simple
models.architecture.mamba_type=mamba
training.mode=rollout
models.out_dim=6    avg_loss: 0.000000496418  time_per_window : 0.000304   progress : 0.087
name: models.architecture.d_model=16
training.rollout_steps=8
models.architecture.block_type=simple
models.architecture.mamba_type=mamba
training.mode=rollout
models.out_dim=6    avg_loss: 0.000000472959  time_per_window : 0.000301   progress : 0.098
name: models.architecture.d_model=16
training.rollout_steps=8
models.architecture.block_type=simple
models.architecture.mamba_type=mamba
training.mode=rollout
models.out_dim=6    avg_loss: 0.000000440667  time_per_window : 0.000282   progress : 0.109
name: models.architecture.d_model=16
training.rollout_steps=8
models.architecture.block_type=simple
models.architecture.mamba_type=mamba
training.mode=rollout
models.out_dim=6    avg_loss: 0.000000399997  time_per_window : 0.000313   progress : 0.120
name: models.architecture.d_model=16
training.rollout_steps=8
models.architecture.block_type=simple
models.architecture.mamba_type=mamba
training.mode=rollout
models.out_dim=6    avg_loss: 0.000000391009  time_per_window : 0.000310   progress : 0.131
name: models.architecture.d_model=16
training.rollout_steps=8
models.architecture.block_type=simple
models.architecture.mamba_type=mamba
training.mode=rollout
models.out_dim=6    avg_loss: 0.000000378834  time_per_window : 0.000274   progress : 0.142
name: models.architecture.d_model=16
training.rollout_steps=8
models.architecture.block_type=simple
models.architecture.mamba_type=mamba
training.mode=rollout
models.out_dim=6    avg_loss: 0.000000364506  time_per_window : 0.000331   progress : 0.153
name: models.architecture.d_model=16
training.rollout_steps=8
models.architecture.block_type=simple
models.architecture.mamba_type=mamba
training.mode=rollout
models.out_dim=6    avg_loss: 0.000000355680  time_per_window : 0.000276   progress : 0.164
name: models.architecture.d_model=16
training.rollout_steps=8
models.architecture.block_type=simple
models.architecture.mamba_type=mamba
training.mode=rollout
models.out_dim=6    avg_loss: 0.000000336615  time_per_window : 0.000288   progress : 0.175
name: models.architecture.d_model=16
training.rollout_steps=8
models.architecture.block_type=simple
models.architecture.mamba_type=mamba
training.mode=rollout
models.out_dim=6    avg_loss: 0.000000333323  time_per_window : 0.000279   progress : 0.186
name: models.architecture.d_model=16
training.rollout_steps=8
models.architecture.block_type=simple
models.architecture.mamba_type=mamba
training.mode=rollout
models.out_dim=6    avg_loss: 0.000000328680  time_per_window : 0.000333   progress : 0.197
name: models.architecture.d_model=16
training.rollout_steps=8
models.architecture.block_type=simple
models.architecture.mamba_type=mamba
training.mode=rollout
models.out_dim=6    avg_loss: 0.000000318971  time_per_window : 0.000300   progress : 0.208
name: models.architecture.d_model=16
training.rollout_steps=8
models.architecture.block_type=simple
models.architecture.mamba_type=mamba
training.mode=rollout
models.out_dim=6    avg_loss: 0.000000311321  time_per_window : 0.000295   progress : 0.218
name: models.architecture.d_model=16
training.rollout_steps=8
models.architecture.block_type=simple
models.architecture.mamba_type=mamba
training.mode=rollout
models.out_dim=6    avg_loss: 0.000000312580  time_per_window : 0.000301   progress : 0.229
name: models.architecture.d_model=16
training.rollout_steps=8
models.architecture.block_type=simple
models.architecture.mamba_type=mamba
training.mode=rollout
models.out_dim=6    avg_loss: 0.000000316968  time_per_window : 0.000298   progress : 0.240
name: models.architecture.d_model=16
training.rollout_steps=8
models.architecture.block_type=simple
models.architecture.mamba_type=mamba
training.mode=rollout
models.out_dim=6    avg_loss: 0.000000308386  time_per_window : 0.000317   progress : 0.251
name: models.architecture.d_model=16
training.rollout_steps=8
models.architecture.block_type=simple
models.architecture.mamba_type=mamba
training.mode=rollout
models.out_dim=6    avg_loss: 0.000000303627  time_per_window : 0.000290   progress : 0.262
name: models.architecture.d_model=16
training.rollout_steps=8
models.architecture.block_type=simple
models.architecture.mamba_type=mamba
training.mode=rollout
models.out_dim=6    avg_loss: 0.000000297787  time_per_window : 0.000286   progress : 0.273
name: models.architecture.d_model=16
training.rollout_steps=8
models.architecture.block_type=simple
models.architecture.mamba_type=mamba
training.mode=rollout
models.out_dim=6    avg_loss: 0.000000296275  time_per_window : 0.000320   progress : 0.284
name: models.architecture.d_model=16
training.rollout_steps=8
models.architecture.block_type=simple
models.architecture.mamba_type=mamba
training.mode=rollout
models.out_dim=6    avg_loss: 0.000000305365  time_per_window : 0.000306   progress : 0.295
name: models.architecture.d_model=16
training.rollout_steps=8
models.architecture.block_type=simple
models.architecture.mamba_type=mamba
training.mode=rollout
models.out_dim=6    avg_loss: 0.000000291616  time_per_window : 0.000301   progress : 0.306
name: models.architecture.d_model=16
training.rollout_steps=8
models.architecture.block_type=simple
models.architecture.mamba_type=mamba
training.mode=rollout
models.out_dim=6    avg_loss: 0.000000287085  time_per_window : 0.000330   progress : 0.317
name: models.architecture.d_model=16
training.rollout_steps=8
models.architecture.block_type=simple
models.architecture.mamba_type=mamba
training.mode=rollout
models.out_dim=6    avg_loss: 0.000000297560  time_per_window : 0.000325   progress : 0.328
name: models.architecture.d_model=16
training.rollout_steps=8
models.architecture.block_type=simple
models.architecture.mamba_type=mamba
training.mode=rollout
models.out_dim=6    avg_loss: 0.000000289153  time_per_window : 0.000306   progress : 0.339
name: models.architecture.d_model=16
training.rollout_steps=8
models.architecture.block_type=simple
models.architecture.mamba_type=mamba
training.mode=rollout
models.out_dim=6    avg_loss: 0.000000282494  time_per_window : 0.000308   progress : 0.350
name: models.architecture.d_model=16
training.rollout_steps=8
models.architecture.block_type=simple
models.architecture.mamba_type=mamba
training.mode=rollout
models.out_dim=6    avg_loss: 0.000000270053  time_per_window : 0.000309   progress : 0.360
name: models.architecture.d_model=16
training.rollout_steps=8
models.architecture.block_type=simple
models.architecture.mamba_type=mamba
training.mode=rollout
models.out_dim=6    avg_loss: 0.000000275559  time_per_window : 0.000273   progress : 0.371
name: models.architecture.d_model=16
training.rollout_steps=8
models.architecture.block_type=simple
models.architecture.mamba_type=mamba
training.mode=rollout
models.out_dim=6    avg_loss: 0.000000262301  time_per_window : 0.000308   progress : 0.382
name: models.architecture.d_model=16
training.rollout_steps=8
models.architecture.block_type=simple
models.architecture.mamba_type=mamba
training.mode=rollout
models.out_dim=6    avg_loss: 0.000000266902  time_per_window : 0.000289   progress : 0.393
name: models.architecture.d_model=16
training.rollout_steps=8
models.architecture.block_type=simple
models.architecture.mamba_type=mamba
training.mode=rollout
models.out_dim=6    avg_loss: 0.000000270962  time_per_window : 0.000286   progress : 0.404
name: models.architecture.d_model=16
training.rollout_steps=8
models.architecture.block_type=simple
models.architecture.mamba_type=mamba
training.mode=rollout
models.out_dim=6    avg_loss: 0.000000282648  time_per_window : 0.000271   progress : 0.415
name: models.architecture.d_model=16
training.rollout_steps=8
models.architecture.block_type=simple
models.architecture.mamba_type=mamba
training.mode=rollout
models.out_dim=6    avg_loss: 0.000000247960  time_per_window : 0.000318   progress : 0.426
name: models.architecture.d_model=16
training.rollout_steps=8
models.architecture.block_type=simple
models.architecture.mamba_type=mamba
training.mode=rollout
models.out_dim=6    avg_loss: 0.000000247520  time_per_window : 0.000293   progress : 0.437
name: models.architecture.d_model=16
training.rollout_steps=8
models.architecture.block_type=simple
models.architecture.mamba_type=mamba
training.mode=rollout
models.out_dim=6    avg_loss: 0.000000252584  time_per_window : 0.000307   progress : 0.448
name: models.architecture.d_model=16
training.rollout_steps=8
models.architecture.block_type=simple
models.architecture.mamba_type=mamba
training.mode=rollout
models.out_dim=6    avg_loss: 0.000000251991  time_per_window : 0.000286   progress : 0.459
name: models.architecture.d_model=16
training.rollout_steps=8
models.architecture.block_type=simple
models.architecture.mamba_type=mamba
training.mode=rollout
models.out_dim=6    avg_loss: 0.000000240178  time_per_window : 0.000303   progress : 0.470
name: models.architecture.d_model=16
training.rollout_steps=8
models.architecture.block_type=simple
models.architecture.mamba_type=mamba
training.mode=rollout
models.out_dim=6    avg_loss: 0.000000237887  time_per_window : 0.000313   progress : 0.481
name: models.architecture.d_model=16
training.rollout_steps=8
models.architecture.block_type=simple
models.architecture.mamba_type=mamba
training.mode=rollout
models.out_dim=6    avg_loss: 0.000000242189  time_per_window : 0.000313   progress : 0.492
name: models.architecture.d_model=16
training.rollout_steps=8
models.architecture.block_type=simple
models.architecture.mamba_type=mamba
training.mode=rollout
models.out_dim=6    avg_loss: 0.000000226421  time_per_window : 0.000292   progress : 0.502
name: models.architecture.d_model=16
training.rollout_steps=8
models.architecture.block_type=simple
models.architecture.mamba_type=mamba
training.mode=rollout
models.out_dim=6    avg_loss: 0.000000226915  time_per_window : 0.000315   progress : 0.513
name: models.architecture.d_model=16
training.rollout_steps=8
models.architecture.block_type=simple
models.architecture.mamba_type=mamba
training.mode=rollout
models.out_dim=6    avg_loss: 0.000000227362  time_per_window : 0.000308   progress : 0.524
name: models.architecture.d_model=16
training.rollout_steps=8
models.architecture.block_type=simple
models.architecture.mamba_type=mamba
training.mode=rollout
models.out_dim=6    avg_loss: 0.000000221255  time_per_window : 0.000273   progress : 0.535
name: models.architecture.d_model=16
training.rollout_steps=8
models.architecture.block_type=simple
models.architecture.mamba_type=mamba
training.mode=rollout
models.out_dim=6    avg_loss: 0.000000217582  time_per_window : 0.000284   progress : 0.546
name: models.architecture.d_model=16
training.rollout_steps=8
models.architecture.block_type=simple
models.architecture.mamba_type=mamba
training.mode=rollout
models.out_dim=6    avg_loss: 0.000000205564  time_per_window : 0.000320   progress : 0.557
name: models.architecture.d_model=16
training.rollout_steps=8
models.architecture.block_type=simple
models.architecture.mamba_type=mamba
training.mode=rollout
models.out_dim=6    avg_loss: 0.000000204069  time_per_window : 0.000322   progress : 0.568
name: models.architecture.d_model=16
training.rollout_steps=8
models.architecture.block_type=simple
models.architecture.mamba_type=mamba
training.mode=rollout
models.out_dim=6    avg_loss: 0.000000193827  time_per_window : 0.000322   progress : 0.579
name: models.architecture.d_model=16
training.rollout_steps=8
models.architecture.block_type=simple
models.architecture.mamba_type=mamba
training.mode=rollout
models.out_dim=6    avg_loss: 0.000000198201  time_per_window : 0.000309   progress : 0.590
name: models.architecture.d_model=16
training.rollout_steps=8
models.architecture.block_type=simple
models.architecture.mamba_type=mamba
training.mode=rollout
models.out_dim=6    avg_loss: 0.000000190519  time_per_window : 0.000297   progress : 0.601
name: models.architecture.d_model=16
training.rollout_steps=8
models.architecture.block_type=simple
models.architecture.mamba_type=mamba
training.mode=rollout
models.out_dim=6    avg_loss: 0.000000184680  time_per_window : 0.000282   progress : 0.612
name: models.architecture.d_model=16
training.rollout_steps=8
models.architecture.block_type=simple
models.architecture.mamba_type=mamba
training.mode=rollout
models.out_dim=6    avg_loss: 0.000000187626  time_per_window : 0.000317   progress : 0.623
name: models.architecture.d_model=16
training.rollout_steps=8
models.architecture.block_type=simple
models.architecture.mamba_type=mamba
training.mode=rollout
models.out_dim=6    avg_loss: 0.000000185496  time_per_window : 0.000322   progress : 0.634
name: models.architecture.d_model=16
training.rollout_steps=8
models.architecture.block_type=simple
models.architecture.mamba_type=mamba
training.mode=rollout
models.out_dim=6    avg_loss: 0.000000177730  time_per_window : 0.000302   progress : 0.644
name: models.architecture.d_model=16
training.rollout_steps=8
models.architecture.block_type=simple
models.architecture.mamba_type=mamba
training.mode=rollout
models.out_dim=6    avg_loss: 0.000000174471  time_per_window : 0.000314   progress : 0.655
name: models.architecture.d_model=16
training.rollout_steps=8
models.architecture.block_type=simple
models.architecture.mamba_type=mamba
training.mode=rollout
models.out_dim=6    avg_loss: 0.000000160513  time_per_window : 0.000320   progress : 0.666
name: models.architecture.d_model=16
training.rollout_steps=8
models.architecture.block_type=simple
models.architecture.mamba_type=mamba
training.mode=rollout
models.out_dim=6    avg_loss: 0.000000158484  time_per_window : 0.000268   progress : 0.677
name: models.architecture.d_model=16
training.rollout_steps=8
models.architecture.block_type=simple
models.architecture.mamba_type=mamba
training.mode=rollout
models.out_dim=6    avg_loss: 0.000000156344  time_per_window : 0.000289   progress : 0.688
name: models.architecture.d_model=16
training.rollout_steps=8
models.architecture.block_type=simple
models.architecture.mamba_type=mamba
training.mode=rollout
models.out_dim=6    avg_loss: 0.000000162739  time_per_window : 0.000308   progress : 0.699
name: models.architecture.d_model=16
training.rollout_steps=8
models.architecture.block_type=simple
models.architecture.mamba_type=mamba
training.mode=rollout
models.out_dim=6    avg_loss: 0.000000154606  time_per_window : 0.000272   progress : 0.710
name: models.architecture.d_model=16
training.rollout_steps=8
models.architecture.block_type=simple
models.architecture.mamba_type=mamba
training.mode=rollout
models.out_dim=6    avg_loss: 0.000000141579  time_per_window : 0.000276   progress : 0.721/home/jdihardjo/miniconda3/envs/mavenv/lib/python3.11/site-packages/torch/_inductor/cudagraph_trees.py:2622: UserWarning: Unable to hit fast path of CUDAGraphs because outputs from a previous step still require backward. Ensure backward() is invoked or detach outputs. You may also call torch.compiler.cudagraph_mark_step_begin() before each model invocation.
  warnings.warn(
/home/jdihardjo/miniconda3/envs/mavenv/lib/python3.11/site-packages/torch/_inductor/cudagraph_trees.py:2622: UserWarning: Unable to hit fast path of CUDAGraphs because outputs from a previous step still require backward. Ensure backward() is invoked or detach outputs. You may also call torch.compiler.cudagraph_mark_step_begin() before each model invocation.
  warnings.warn(

name: models.architecture.d_model=16
training.rollout_steps=8
models.architecture.block_type=simple
models.architecture.mamba_type=mamba
training.mode=rollout
models.out_dim=6    avg_loss: 0.000000143647  time_per_window : 0.000336   progress : 0.732
name: models.architecture.d_model=16
training.rollout_steps=8
models.architecture.block_type=simple
models.architecture.mamba_type=mamba
training.mode=rollout
models.out_dim=6    avg_loss: 0.000000133130  time_per_window : 0.000307   progress : 0.743
name: models.architecture.d_model=16
training.rollout_steps=8
models.architecture.block_type=simple
models.architecture.mamba_type=mamba
training.mode=rollout
models.out_dim=6    avg_loss: 0.000000136206  time_per_window : 0.000311   progress : 0.754
name: models.architecture.d_model=16
training.rollout_steps=8
models.architecture.block_type=simple
models.architecture.mamba_type=mamba
training.mode=rollout
models.out_dim=6    avg_loss: 0.000000132797  time_per_window : 0.000299   progress : 0.765
name: models.architecture.d_model=16
training.rollout_steps=8
models.architecture.block_type=simple
models.architecture.mamba_type=mamba
training.mode=rollout
models.out_dim=6    avg_loss: 0.000000128597  time_per_window : 0.000279   progress : 0.775
name: models.architecture.d_model=16
training.rollout_steps=8
models.architecture.block_type=simple
models.architecture.mamba_type=mamba
training.mode=rollout
models.out_dim=6    avg_loss: 0.000000138807  time_per_window : 0.000319   progress : 0.786
name: models.architecture.d_model=16
training.rollout_steps=8
models.architecture.block_type=simple
models.architecture.mamba_type=mamba
training.mode=rollout
models.out_dim=6    avg_loss: 0.000000129586  time_per_window : 0.000296   progress : 0.797
name: models.architecture.d_model=16
training.rollout_steps=8
models.architecture.block_type=simple
models.architecture.mamba_type=mamba
training.mode=rollout
models.out_dim=6    avg_loss: 0.000000125776  time_per_window : 0.000306   progress : 0.808
name: models.architecture.d_model=16
training.rollout_steps=8
models.architecture.block_type=simple
models.architecture.mamba_type=mamba
training.mode=rollout
models.out_dim=6    avg_loss: 0.000000123155  time_per_window : 0.000313   progress : 0.819
name: models.architecture.d_model=16
training.rollout_steps=8
models.architecture.block_type=simple
models.architecture.mamba_type=mamba
training.mode=rollout
models.out_dim=6    avg_loss: 0.000000118003  time_per_window : 0.000277   progress : 0.830
name: models.architecture.d_model=16
training.rollout_steps=8
models.architecture.block_type=simple
models.architecture.mamba_type=mamba
training.mode=rollout
models.out_dim=6    avg_loss: 0.000000120171  time_per_window : 0.000295   progress : 0.841
name: models.architecture.d_model=16
training.rollout_steps=8
models.architecture.block_type=simple
models.architecture.mamba_type=mamba
training.mode=rollout
models.out_dim=6    avg_loss: 0.000000115034  time_per_window : 0.000325   progress : 0.852
name: models.architecture.d_model=16
training.rollout_steps=8
models.architecture.block_type=simple
models.architecture.mamba_type=mamba
training.mode=rollout
models.out_dim=6    avg_loss: 0.000000116514  time_per_window : 0.000316   progress : 0.863
name: models.architecture.d_model=16
training.rollout_steps=8
models.architecture.block_type=simple
models.architecture.mamba_type=mamba
training.mode=rollout
models.out_dim=6    avg_loss: 0.000000114572  time_per_window : 0.000319   progress : 0.874
name: models.architecture.d_model=16
training.rollout_steps=8
models.architecture.block_type=simple
models.architecture.mamba_type=mamba
training.mode=rollout
models.out_dim=6    avg_loss: 0.000000115746  time_per_window : 0.000296   progress : 0.885
name: models.architecture.d_model=16
training.rollout_steps=8
models.architecture.block_type=simple
models.architecture.mamba_type=mamba
training.mode=rollout
models.out_dim=6    avg_loss: 0.000000104414  time_per_window : 0.000289   progress : 0.896
name: models.architecture.d_model=16
training.rollout_steps=8
models.architecture.block_type=simple
models.architecture.mamba_type=mamba
training.mode=rollout
models.out_dim=6    avg_loss: 0.000000110361  time_per_window : 0.000320   progress : 0.907
name: models.architecture.d_model=16
training.rollout_steps=8
models.architecture.block_type=simple
models.architecture.mamba_type=mamba
training.mode=rollout
models.out_dim=6    avg_loss: 0.000000108018  time_per_window : 0.000296   progress : 0.917
name: models.architecture.d_model=16
training.rollout_steps=8
models.architecture.block_type=simple
models.architecture.mamba_type=mamba
training.mode=rollout
models.out_dim=6    avg_loss: 0.000000110361  time_per_window : 0.000297   progress : 0.928
name: models.architecture.d_model=16
training.rollout_steps=8
models.architecture.block_type=simple
models.architecture.mamba_type=mamba
training.mode=rollout
models.out_dim=6    avg_loss: 0.000000109684  time_per_window : 0.000293   progress : 0.939
name: models.architecture.d_model=16
training.rollout_steps=8
models.architecture.block_type=simple
models.architecture.mamba_type=mamba
training.mode=rollout
models.out_dim=6    avg_loss: 0.000000115700  time_per_window : 0.000323   progress : 0.950
name: models.architecture.d_model=16
training.rollout_steps=8
models.architecture.block_type=simple
models.architecture.mamba_type=mamba
training.mode=rollout
models.out_dim=6    avg_loss: 0.000000104408  time_per_window : 0.000323   progress : 0.961
name: models.architecture.d_model=16
training.rollout_steps=8
models.architecture.block_type=simple
models.architecture.mamba_type=mamba
training.mode=rollout
models.out_dim=6    avg_loss: 0.000000109003  time_per_window : 0.000301   progress : 0.972
name: models.architecture.d_model=16
training.rollout_steps=8
models.architecture.block_type=simple
models.architecture.mamba_type=mamba
training.mode=rollout
models.out_dim=6    avg_loss: 0.000000107069  time_per_window : 0.000291   progress : 0.983
name: models.architecture.d_model=16
training.rollout_steps=8
models.architecture.block_type=simple
models.architecture.mamba_type=mamba
training.mode=rollout
models.out_dim=6    avg_loss: 0.000000105192  time_per_window : 0.000319   progress : 0.994
name: models.architecture.d_model=16
training.rollout_steps=8
models.architecture.block_type=simple
models.architecture.mamba_type=mamba
training.mode=rollout
models.out_dim=6    avg_loss: 0.000000126013  time_per_window : 0.000272   progress : 0.011
name: models.architecture.d_model=16
training.rollout_steps=8
models.architecture.block_type=simple
models.architecture.mamba_type=mamba
training.mode=rollout
models.out_dim=6    avg_loss: 0.000000120161  time_per_window : 0.000325   progress : 0.022
name: models.architecture.d_model=16
training.rollout_steps=8
models.architecture.block_type=simple
models.architecture.mamba_type=mamba
training.mode=rollout
models.out_dim=6    avg_loss: 0.000000123516  time_per_window : 0.000326   progress : 0.033
name: models.architecture.d_model=16
training.rollout_steps=8
models.architecture.block_type=simple
models.architecture.mamba_type=mamba
training.mode=rollout
models.out_dim=6    avg_loss: 0.000000115162  time_per_window : 0.000332   progress : 0.044
name: models.architecture.d_model=16
training.rollout_steps=8
models.architecture.block_type=simple
models.architecture.mamba_type=mamba
training.mode=rollout
models.out_dim=6    avg_loss: 0.000000112254  time_per_window : 0.000323   progress : 0.055
name: models.architecture.d_model=16
training.rollout_steps=8
models.architecture.block_type=simple
models.architecture.mamba_type=mamba
training.mode=rollout
models.out_dim=6    avg_loss: 0.000000113019  time_per_window : 0.000315   progress : 0.066
name: models.architecture.d_model=16
training.rollout_steps=8
models.architecture.block_type=simple
models.architecture.mamba_type=mamba
training.mode=rollout
models.out_dim=6    avg_loss: 0.000000113138  time_per_window : 0.000319   progress : 0.076
name: models.architecture.d_model=16
training.rollout_steps=8
models.architecture.block_type=simple
models.architecture.mamba_type=mamba
training.mode=rollout
models.out_dim=6    avg_loss: 0.000000109671  time_per_window : 0.000331   progress : 0.087
name: models.architecture.d_model=16
training.rollout_steps=8
models.architecture.block_type=simple
models.architecture.mamba_type=mamba
training.mode=rollout
models.out_dim=6    avg_loss: 0.000000123641  time_per_window : 0.000327   progress : 0.098
name: models.architecture.d_model=16
training.rollout_steps=8
models.architecture.block_type=simple
models.architecture.mamba_type=mamba
training.mode=rollout
models.out_dim=6    avg_loss: 0.000000117530  time_per_window : 0.000309   progress : 0.109
name: models.architecture.d_model=16
training.rollout_steps=8
models.architecture.block_type=simple
models.architecture.mamba_type=mamba
training.mode=rollout
models.out_dim=6    avg_loss: 0.000000105197  time_per_window : 0.000280   progress : 0.120
name: models.architecture.d_model=16
training.rollout_steps=8
models.architecture.block_type=simple
models.architecture.mamba_type=mamba
training.mode=rollout
models.out_dim=6    avg_loss: 0.000000105204  time_per_window : 0.000341   progress : 0.131
name: models.architecture.d_model=16
training.rollout_steps=8
models.architecture.block_type=simple
models.architecture.mamba_type=mamba
training.mode=rollout
models.out_dim=6    avg_loss: 0.000000110194  time_per_window : 0.000316   progress : 0.142
name: models.architecture.d_model=16
training.rollout_steps=8
models.architecture.block_type=simple
models.architecture.mamba_type=mamba
training.mode=rollout
models.out_dim=6    avg_loss: 0.000000110894  time_per_window : 0.000335   progress : 0.153
name: models.architecture.d_model=16
training.rollout_steps=8
models.architecture.block_type=simple
models.architecture.mamba_type=mamba
training.mode=rollout
models.out_dim=6    avg_loss: 0.000000107838  time_per_window : 0.000306   progress : 0.164
name: models.architecture.d_model=16
training.rollout_steps=8
models.architecture.block_type=simple
models.architecture.mamba_type=mamba
training.mode=rollout
models.out_dim=6    avg_loss: 0.000000103008  time_per_window : 0.000336   progress : 0.175
name: models.architecture.d_model=16
training.rollout_steps=8
models.architecture.block_type=simple
models.architecture.mamba_type=mamba
training.mode=rollout
models.out_dim=6    avg_loss: 0.000000104548  time_per_window : 0.000330   progress : 0.186
name: models.architecture.d_model=16
training.rollout_steps=8
models.architecture.block_type=simple
models.architecture.mamba_type=mamba
training.mode=rollout
models.out_dim=6    avg_loss: 0.000000102995  time_per_window : 0.000304   progress : 0.197
name: models.architecture.d_model=16
training.rollout_steps=8
models.architecture.block_type=simple
models.architecture.mamba_type=mamba
training.mode=rollout
models.out_dim=6    avg_loss: 0.000000098425  time_per_window : 0.000344   progress : 0.208
name: models.architecture.d_model=16
training.rollout_steps=8
models.architecture.block_type=simple
models.architecture.mamba_type=mamba
training.mode=rollout
models.out_dim=6    avg_loss: 0.000000100596  time_per_window : 0.000320   progress : 0.218
name: models.architecture.d_model=16
training.rollout_steps=8
models.architecture.block_type=simple
models.architecture.mamba_type=mamba
training.mode=rollout
models.out_dim=6    avg_loss: 0.000000097106  time_per_window : 0.000303   progress : 0.229
name: models.architecture.d_model=16
training.rollout_steps=8
models.architecture.block_type=simple
models.architecture.mamba_type=mamba
training.mode=rollout
models.out_dim=6    avg_loss: 0.000000100811  time_per_window : 0.000327   progress : 0.240
name: models.architecture.d_model=16
training.rollout_steps=8
models.architecture.block_type=simple
models.architecture.mamba_type=mamba
training.mode=rollout
models.out_dim=6    avg_loss: 0.000000097101  time_per_window : 0.000296   progress : 0.251
name: models.architecture.d_model=16
training.rollout_steps=8
models.architecture.block_type=simple
models.architecture.mamba_type=mamba
training.mode=rollout
models.out_dim=6    avg_loss: 0.000000095807  time_per_window : 0.000303   progress : 0.262
name: models.architecture.d_model=16
training.rollout_steps=8
models.architecture.block_type=simple
models.architecture.mamba_type=mamba
training.mode=rollout
models.out_dim=6    avg_loss: 0.000000096993  time_per_window : 0.000332   progress : 0.273
name: models.architecture.d_model=16
training.rollout_steps=8
models.architecture.block_type=simple
models.architecture.mamba_type=mamba
training.mode=rollout
models.out_dim=6    avg_loss: 0.000000095496  time_per_window : 0.000336   progress : 0.284
name: models.architecture.d_model=16
training.rollout_steps=8
models.architecture.block_type=simple
models.architecture.mamba_type=mamba
training.mode=rollout
models.out_dim=6    avg_loss: 0.000000103752  time_per_window : 0.000278   progress : 0.295
name: models.architecture.d_model=16
training.rollout_steps=8
models.architecture.block_type=simple
models.architecture.mamba_type=mamba
training.mode=rollout
models.out_dim=6    avg_loss: 0.000000096314  time_per_window : 0.000309   progress : 0.306
name: models.architecture.d_model=16
training.rollout_steps=8
models.architecture.block_type=simple
models.architecture.mamba_type=mamba
training.mode=rollout
models.out_dim=6    avg_loss: 0.000000092351  time_per_window : 0.000330   progress : 0.317
name: models.architecture.d_model=16
training.rollout_steps=8
models.architecture.block_type=simple
models.architecture.mamba_type=mamba
training.mode=rollout
models.out_dim=6    avg_loss: 0.000000094109  time_per_window : 0.000293   progress : 0.328
name: models.architecture.d_model=16
training.rollout_steps=8
models.architecture.block_type=simple
models.architecture.mamba_type=mamba
training.mode=rollout
models.out_dim=6    avg_loss: 0.000000091087  time_per_window : 0.000330   progress : 0.339
name: models.architecture.d_model=16
training.rollout_steps=8
models.architecture.block_type=simple
models.architecture.mamba_type=mamba
training.mode=rollout
models.out_dim=6    avg_loss: 0.000000090292  time_per_window : 0.000303   progress : 0.350
name: models.architecture.d_model=16
training.rollout_steps=8
models.architecture.block_type=simple
models.architecture.mamba_type=mamba
training.mode=rollout
models.out_dim=6    avg_loss: 0.000000083664  time_per_window : 0.000315   progress : 0.360
name: models.architecture.d_model=16
training.rollout_steps=8
models.architecture.block_type=simple
models.architecture.mamba_type=mamba
training.mode=rollout
models.out_dim=6    avg_loss: 0.000000083266  time_per_window : 0.000287   progress : 0.371
name: models.architecture.d_model=16
training.rollout_steps=8
models.architecture.block_type=simple
models.architecture.mamba_type=mamba
training.mode=rollout
models.out_dim=6    avg_loss: 0.000000088178  time_per_window : 0.000320   progress : 0.382
name: models.architecture.d_model=16
training.rollout_steps=8
models.architecture.block_type=simple
models.architecture.mamba_type=mamba
training.mode=rollout
models.out_dim=6    avg_loss: 0.000000087120  time_per_window : 0.000317   progress : 0.393
name: models.architecture.d_model=16
training.rollout_steps=8
models.architecture.block_type=simple
models.architecture.mamba_type=mamba
training.mode=rollout
models.out_dim=6    avg_loss: 0.000000089340  time_per_window : 0.000345   progress : 0.404
name: models.architecture.d_model=16
training.rollout_steps=8
models.architecture.block_type=simple
models.architecture.mamba_type=mamba
training.mode=rollout
models.out_dim=6    avg_loss: 0.000000085521  time_per_window : 0.000340   progress : 0.415
name: models.architecture.d_model=16
training.rollout_steps=8
models.architecture.block_type=simple
models.architecture.mamba_type=mamba
training.mode=rollout
models.out_dim=6    avg_loss: 0.000000079629  time_per_window : 0.000339   progress : 0.426
name: models.architecture.d_model=16
training.rollout_steps=8
models.architecture.block_type=simple
models.architecture.mamba_type=mamba
training.mode=rollout
models.out_dim=6    avg_loss: 0.000000081185  time_per_window : 0.000339   progress : 0.437
name: models.architecture.d_model=16
training.rollout_steps=8
models.architecture.block_type=simple
models.architecture.mamba_type=mamba
training.mode=rollout
models.out_dim=6    avg_loss: 0.000000081283  time_per_window : 0.000312   progress : 0.448
name: models.architecture.d_model=16
training.rollout_steps=8
models.architecture.block_type=simple
models.architecture.mamba_type=mamba
training.mode=rollout
models.out_dim=6    avg_loss: 0.000000076321  time_per_window : 0.000292   progress : 0.459
name: models.architecture.d_model=16
training.rollout_steps=8
models.architecture.block_type=simple
models.architecture.mamba_type=mamba
training.mode=rollout
models.out_dim=6    avg_loss: 0.000000084942  time_per_window : 0.000301   progress : 0.470
name: models.architecture.d_model=16
training.rollout_steps=8
models.architecture.block_type=simple
models.architecture.mamba_type=mamba
training.mode=rollout
models.out_dim=6    avg_loss: 0.000000076036  time_per_window : 0.000342   progress : 0.481
name: models.architecture.d_model=16
training.rollout_steps=8
models.architecture.block_type=simple
models.architecture.mamba_type=mamba
training.mode=rollout
models.out_dim=6    avg_loss: 0.000000078522  time_per_window : 0.000321   progress : 0.492
name: models.architecture.d_model=16
training.rollout_steps=8
models.architecture.block_type=simple
models.architecture.mamba_type=mamba
training.mode=rollout
models.out_dim=6    avg_loss: 0.000000076655  time_per_window : 0.000309   progress : 0.502
name: models.architecture.d_model=16
training.rollout_steps=8
models.architecture.block_type=simple
models.architecture.mamba_type=mamba
training.mode=rollout
models.out_dim=6    avg_loss: 0.000000077957  time_per_window : 0.000332   progress : 0.513
name: models.architecture.d_model=16
training.rollout_steps=8
models.architecture.block_type=simple
models.architecture.mamba_type=mamba
training.mode=rollout
models.out_dim=6    avg_loss: 0.000000075181  time_per_window : 0.000317   progress : 0.524
name: models.architecture.d_model=16
training.rollout_steps=8
models.architecture.block_type=simple
models.architecture.mamba_type=mamba
training.mode=rollout
models.out_dim=6    avg_loss: 0.000000072026  time_per_window : 0.000341   progress : 0.535
name: models.architecture.d_model=16
training.rollout_steps=8
models.architecture.block_type=simple
models.architecture.mamba_type=mamba
training.mode=rollout
models.out_dim=6    avg_loss: 0.000000073208  time_per_window : 0.000329   progress : 0.546
name: models.architecture.d_model=16
training.rollout_steps=8
models.architecture.block_type=simple
models.architecture.mamba_type=mamba
training.mode=rollout
models.out_dim=6    avg_loss: 0.000000072982  time_per_window : 0.000317   progress : 0.557
name: models.architecture.d_model=16
training.rollout_steps=8
models.architecture.block_type=simple
models.architecture.mamba_type=mamba
training.mode=rollout
models.out_dim=6    avg_loss: 0.000000071876  time_per_window : 0.000315   progress : 0.568
name: models.architecture.d_model=16
training.rollout_steps=8
models.architecture.block_type=simple
models.architecture.mamba_type=mamba
training.mode=rollout
models.out_dim=6    avg_loss: 0.000000070860  time_per_window : 0.000328   progress : 0.579
name: models.architecture.d_model=16
training.rollout_steps=8
models.architecture.block_type=simple
models.architecture.mamba_type=mamba
training.mode=rollout
models.out_dim=6    avg_loss: 0.000000073831  time_per_window : 0.000326   progress : 0.590
name: models.architecture.d_model=16
training.rollout_steps=8
models.architecture.block_type=simple
models.architecture.mamba_type=mamba
training.mode=rollout
models.out_dim=6    avg_loss: 0.000000068886  time_per_window : 0.000323   progress : 0.601
name: models.architecture.d_model=16
training.rollout_steps=8
models.architecture.block_type=simple
models.architecture.mamba_type=mamba
training.mode=rollout
models.out_dim=6    avg_loss: 0.000000068228  time_per_window : 0.000298   progress : 0.612
name: models.architecture.d_model=16
training.rollout_steps=8
models.architecture.block_type=simple
models.architecture.mamba_type=mamba
training.mode=rollout
models.out_dim=6    avg_loss: 0.000000069587  time_per_window : 0.000352   progress : 0.623
name: models.architecture.d_model=16
training.rollout_steps=8
models.architecture.block_type=simple
models.architecture.mamba_type=mamba
training.mode=rollout
models.out_dim=6    avg_loss: 0.000000066439  time_per_window : 0.000334   progress : 0.634
name: models.architecture.d_model=16
training.rollout_steps=8
models.architecture.block_type=simple
models.architecture.mamba_type=mamba
training.mode=rollout
models.out_dim=6    avg_loss: 0.000000070030  time_per_window : 0.000326   progress : 0.644
name: models.architecture.d_model=16
training.rollout_steps=8
models.architecture.block_type=simple
models.architecture.mamba_type=mamba
training.mode=rollout
models.out_dim=6    avg_loss: 0.000000064856  time_per_window : 0.000306   progress : 0.655
name: models.architecture.d_model=16
training.rollout_steps=8
models.architecture.block_type=simple
models.architecture.mamba_type=mamba
training.mode=rollout
models.out_dim=6    avg_loss: 0.000000064080  time_per_window : 0.000303   progress : 0.666
name: models.architecture.d_model=16
training.rollout_steps=8
models.architecture.block_type=simple
models.architecture.mamba_type=mamba
training.mode=rollout
models.out_dim=6    avg_loss: 0.000000067111  time_per_window : 0.000312   progress : 0.677
name: models.architecture.d_model=16
training.rollout_steps=8
models.architecture.block_type=simple
models.architecture.mamba_type=mamba
training.mode=rollout
models.out_dim=6    avg_loss: 0.000000065701  time_per_window : 0.000333   progress : 0.688
name: models.architecture.d_model=16
training.rollout_steps=8
models.architecture.block_type=simple
models.architecture.mamba_type=mamba
training.mode=rollout
models.out_dim=6    avg_loss: 0.000000067822  time_per_window : 0.000327   progress : 0.699
name: models.architecture.d_model=16
training.rollout_steps=8
models.architecture.block_type=simple
models.architecture.mamba_type=mamba
training.mode=rollout
models.out_dim=6    avg_loss: 0.000000064874  time_per_window : 0.000312   progress : 0.710
name: models.architecture.d_model=16
training.rollout_steps=8
models.architecture.block_type=simple
models.architecture.mamba_type=mamba
training.mode=rollout
models.out_dim=6    avg_loss: 0.000000063840  time_per_window : 0.000314   progress : 0.721
name: models.architecture.d_model=16
training.rollout_steps=8
models.architecture.block_type=simple
models.architecture.mamba_type=mamba
training.mode=rollout
models.out_dim=6    avg_loss: 0.000000064568  time_per_window : 0.000330   progress : 0.732
name: models.architecture.d_model=16
training.rollout_steps=8
models.architecture.block_type=simple
models.architecture.mamba_type=mamba
training.mode=rollout
models.out_dim=6    avg_loss: 0.000000066442  time_per_window : 0.000325   progress : 0.743
name: models.architecture.d_model=16
training.rollout_steps=8
models.architecture.block_type=simple
models.architecture.mamba_type=mamba
training.mode=rollout
models.out_dim=6    avg_loss: 0.000000063793  time_per_window : 0.000290   progress : 0.754
name: models.architecture.d_model=16
training.rollout_steps=8
models.architecture.block_type=simple
models.architecture.mamba_type=mamba
training.mode=rollout
models.out_dim=6    avg_loss: 0.000000062927  time_per_window : 0.000317   progress : 0.765
name: models.architecture.d_model=16
training.rollout_steps=8
models.architecture.block_type=simple
models.architecture.mamba_type=mamba
training.mode=rollout
models.out_dim=6    avg_loss: 0.000000066127  time_per_window : 0.000309   progress : 0.775
name: models.architecture.d_model=16
training.rollout_steps=8
models.architecture.block_type=simple
models.architecture.mamba_type=mamba
training.mode=rollout
models.out_dim=6    avg_loss: 0.000000065915  time_per_window : 0.000317   progress : 0.786
name: models.architecture.d_model=16
training.rollout_steps=8
models.architecture.block_type=simple
models.architecture.mamba_type=mamba
training.mode=rollout
models.out_dim=6    avg_loss: 0.000000061303  time_per_window : 0.000322   progress : 0.797
name: models.architecture.d_model=16
training.rollout_steps=8
models.architecture.block_type=simple
models.architecture.mamba_type=mamba
training.mode=rollout
models.out_dim=6    avg_loss: 0.000000061973  time_per_window : 0.000336   progress : 0.808
name: models.architecture.d_model=16
training.rollout_steps=8
models.architecture.block_type=simple
models.architecture.mamba_type=mamba
training.mode=rollout
models.out_dim=6    avg_loss: 0.000000060512  time_per_window : 0.000307   progress : 0.819
name: models.architecture.d_model=16
training.rollout_steps=8
models.architecture.block_type=simple
models.architecture.mamba_type=mamba
training.mode=rollout
models.out_dim=6    avg_loss: 0.000000059778  time_per_window : 0.000326   progress : 0.830
name: models.architecture.d_model=16
training.rollout_steps=8
models.architecture.block_type=simple
models.architecture.mamba_type=mamba
training.mode=rollout
models.out_dim=6    avg_loss: 0.000000062384  time_per_window : 0.000300   progress : 0.841
name: models.architecture.d_model=16
training.rollout_steps=8
models.architecture.block_type=simple
models.architecture.mamba_type=mamba
training.mode=rollout
models.out_dim=6    avg_loss: 0.000000061508  time_per_window : 0.000306   progress : 0.852
name: models.architecture.d_model=16
training.rollout_steps=8
models.architecture.block_type=simple
models.architecture.mamba_type=mamba
training.mode=rollout
models.out_dim=6    avg_loss: 0.000000059763  time_per_window : 0.000335   progress : 0.863
name: models.architecture.d_model=16
training.rollout_steps=8
models.architecture.block_type=simple
models.architecture.mamba_type=mamba
training.mode=rollout
models.out_dim=6    avg_loss: 0.000000059127  time_per_window : 0.000354   progress : 0.874
name: models.architecture.d_model=16
training.rollout_steps=8
models.architecture.block_type=simple
models.architecture.mamba_type=mamba
training.mode=rollout
models.out_dim=6    avg_loss: 0.000000062021  time_per_window : 0.000335   progress : 0.885
name: models.architecture.d_model=16
training.rollout_steps=8
models.architecture.block_type=simple
models.architecture.mamba_type=mamba
training.mode=rollout
models.out_dim=6    avg_loss: 0.000000056979  time_per_window : 0.000311   progress : 0.896
name: models.architecture.d_model=16
training.rollout_steps=8
models.architecture.block_type=simple
models.architecture.mamba_type=mamba
training.mode=rollout
models.out_dim=6    avg_loss: 0.000000057538  time_per_window : 0.000339   progress : 0.907
name: models.architecture.d_model=16
training.rollout_steps=8
models.architecture.block_type=simple
models.architecture.mamba_type=mamba
training.mode=rollout
models.out_dim=6    avg_loss: 0.000000060198  time_per_window : 0.000331   progress : 0.917
name: models.architecture.d_model=16
training.rollout_steps=8
models.architecture.block_type=simple
models.architecture.mamba_type=mamba
training.mode=rollout
models.out_dim=6    avg_loss: 0.000000057361  time_per_window : 0.000346   progress : 0.928
name: models.architecture.d_model=16
training.rollout_steps=8
models.architecture.block_type=simple
models.architecture.mamba_type=mamba
training.mode=rollout
models.out_dim=6    avg_loss: 0.000000059655  time_per_window : 0.000314   progress : 0.939
name: models.architecture.d_model=16
training.rollout_steps=8
models.architecture.block_type=simple
models.architecture.mamba_type=mamba
training.mode=rollout
models.out_dim=6    avg_loss: 0.000000057148  time_per_window : 0.000363   progress : 0.950
name: models.architecture.d_model=16
training.rollout_steps=8
models.architecture.block_type=simple
models.architecture.mamba_type=mamba
training.mode=rollout
models.out_dim=6    avg_loss: 0.000000056836  time_per_window : 0.000323   progress : 0.961
name: models.architecture.d_model=16
training.rollout_steps=8
models.architecture.block_type=simple
models.architecture.mamba_type=mamba
training.mode=rollout
models.out_dim=6    avg_loss: 0.000000056704  time_per_window : 0.000311   progress : 0.972
name: models.architecture.d_model=16
training.rollout_steps=8
models.architecture.block_type=simple
models.architecture.mamba_type=mamba
training.mode=rollout
models.out_dim=6    avg_loss: 0.000000055643  time_per_window : 0.000322   progress : 0.983
name: models.architecture.d_model=16
training.rollout_steps=8
models.architecture.block_type=simple
models.architecture.mamba_type=mamba
training.mode=rollout
models.out_dim=6    avg_loss: 0.000000056199  time_per_window : 0.000298   progress : 0.994
name: models.architecture.d_model=16
training.rollout_steps=8
models.architecture.block_type=simple
models.architecture.mamba_type=mamba
training.mode=rollout
models.out_dim=6    avg_loss: 0.000001450603  time_per_window : 0.000323   progress : 0.011
name: models.architecture.d_model=16
training.rollout_steps=8
models.architecture.block_type=simple
models.architecture.mamba_type=mamba
training.mode=rollout
models.out_dim=6    avg_loss: 0.000000174244  time_per_window : 0.000334   progress : 0.022
name: models.architecture.d_model=16
training.rollout_steps=8
models.architecture.block_type=simple
models.architecture.mamba_type=mamba
training.mode=rollout
models.out_dim=6    avg_loss: 0.000000166571  time_per_window : 0.000316   progress : 0.033
name: models.architecture.d_model=16
training.rollout_steps=8
models.architecture.block_type=simple
models.architecture.mamba_type=mamba
training.mode=rollout
models.out_dim=6    avg_loss: 0.000000163537  time_per_window : 0.000352   progress : 0.044
name: models.architecture.d_model=16
training.rollout_steps=8
models.architecture.block_type=simple
models.architecture.mamba_type=mamba
training.mode=rollout
models.out_dim=6    avg_loss: 0.000000157450  time_per_window : 0.000361   progress : 0.055
name: models.architecture.d_model=16
training.rollout_steps=8
models.architecture.block_type=simple
models.architecture.mamba_type=mamba
training.mode=rollout
models.out_dim=6    avg_loss: 0.000000162712  time_per_window : 0.000333   progress : 0.066
name: models.architecture.d_model=16
training.rollout_steps=8
models.architecture.block_type=simple
models.architecture.mamba_type=mamba
training.mode=rollout
models.out_dim=6    avg_loss: 0.000000149086  time_per_window : 0.000334   progress : 0.076
name: models.architecture.d_model=16
training.rollout_steps=8
models.architecture.block_type=simple
models.architecture.mamba_type=mamba
training.mode=rollout
models.out_dim=6    avg_loss: 0.000000158706  time_per_window : 0.000300   progress : 0.087
name: models.architecture.d_model=16
training.rollout_steps=8
models.architecture.block_type=simple
models.architecture.mamba_type=mamba
training.mode=rollout
models.out_dim=6    avg_loss: 0.000000157795  time_per_window : 0.000310   progress : 0.098
name: models.architecture.d_model=16
training.rollout_steps=8
models.architecture.block_type=simple
models.architecture.mamba_type=mamba
training.mode=rollout
models.out_dim=6    avg_loss: 0.000000157513  time_per_window : 0.000310   progress : 0.109
name: models.architecture.d_model=16
training.rollout_steps=8
models.architecture.block_type=simple
models.architecture.mamba_type=mamba
training.mode=rollout
models.out_dim=6    avg_loss: 0.000000152490  time_per_window : 0.000331   progress : 0.120
name: models.architecture.d_model=16
training.rollout_steps=8
models.architecture.block_type=simple
models.architecture.mamba_type=mamba
training.mode=rollout
models.out_dim=6    avg_loss: 0.000000144645  time_per_window : 0.000323   progress : 0.131
name: models.architecture.d_model=16
training.rollout_steps=8
models.architecture.block_type=simple
models.architecture.mamba_type=mamba
training.mode=rollout
models.out_dim=6    avg_loss: 0.000000149103  time_per_window : 0.000317   progress : 0.142
name: models.architecture.d_model=16
training.rollout_steps=8
models.architecture.block_type=simple
models.architecture.mamba_type=mamba
training.mode=rollout
models.out_dim=6    avg_loss: 0.000000152403  time_per_window : 0.000328   progress : 0.153
name: models.architecture.d_model=16
training.rollout_steps=8
models.architecture.block_type=simple
models.architecture.mamba_type=mamba
training.mode=rollout
models.out_dim=6    avg_loss: 0.000000148326  time_per_window : 0.000307   progress : 0.164
name: models.architecture.d_model=16
training.rollout_steps=8
models.architecture.block_type=simple
models.architecture.mamba_type=mamba
training.mode=rollout
models.out_dim=6    avg_loss: 0.000000156821  time_per_window : 0.000324   progress : 0.175