/home/jdihardjo/miniconda3/envs/mavenv/lib/python3.11/site-packages/hydra/_internal/defaults_list.py:251: UserWarning: In 'config': Defaults list is missing `_self_`. See https://hydra.cc/docs/1.2/upgrades/1.0_to_1.1/default_composition_order for more information
  warnings.warn(msg, UserWarning)
Using cuda device
[2026-07-26 09:21:38,142][HYDRA] Joblib.Parallel(n_jobs=4,backend=loky,prefer=processes,require=None,verbose=0,timeout=None,pre_dispatch=2*n_jobs,batch_size=auto,temp_folder=None,max_nbytes=None,mmap_mode=r) is launching 1 jobs
[2026-07-26 09:21:38,142][HYDRA] Launching jobs, sweep output dir : ablation_runs/2026-07-26_09-21-32/simple_mamba_out6_d32
[2026-07-26 09:21:38,142][HYDRA] 	#0 : models.architecture.d_model=32 training.rollout_steps=8 models.architecture.block_type=simple models.architecture.mamba_type=mamba training.mode=rollout models.out_dim=6
/home/jdihardjo/miniconda3/envs/mavenv/lib/python3.11/site-packages/hydra/_internal/defaults_list.py:251: UserWarning: In 'config': Defaults list is missing `_self_`. See https://hydra.cc/docs/1.2/upgrades/1.0_to_1.1/default_composition_order for more information
  warnings.warn(msg, UserWarning)
models:
  n_dim: 23
  out_dim: 6
  architecture:
    d_model: 32
    n_encoder_layers: 2
    n_decoder_layers: 0
    block_type: simple
    time_adapter: last_token
    in_norm: none
    out_norm: none
    layer_scale: 0.0001
    drop_path: 0.05
    mamba_type: mamba
    mamba_kwargs:
      d_state: 16
      d_conv: 2
      expand: 2
      norm: rms
    skip: false
    cls_kwargs:
      n_heads: 2
      n_mlp: 2
      positional_encoding: false
      max_len: 5000
input_len: 32
output_len: 1
batch_size: 128
epochs: 5
seed: 0
dataset:
  path: /home/jdihardjo/simdata/train.zarr/
  training_size: 1500000
evaluation:
  path: /home/jdihardjo/simdata/evaluation.zarr/
  evaluation_size: 50
training:
  mode: rollout
  lr: 0.0002
  weight_decay: 0.1
  rollout_steps: 8
checkpoint:
  save_path: hydra-test.pth
  load: false
  path: hydra-test.pth
compile: true

/home/jdihardjo/miniconda3/envs/mavenv/lib/python3.11/site-packages/torch/_dynamo/variables/functions.py:2311: UserWarning: Dynamo does not know how to trace the builtin `selective_scan_cuda.pybind11_detail_function_record_v1_system_libstdcpp_gxx_abi_1xxx_use_cxx11_abi_1.fwd.` This function is either a Python builtin (e.g. _warnings.warn) or a third-party C/C++ Python extension (perhaps created with pybind).
If it is a Python builtin, please file an issue on GitHub so the PyTorch team can add support for it and see the next case for a workaround.
If it is a third-party C/C++ Python extension, please either wrap it into a PyTorch-understood custom operator (see https://pytorch.org/tutorials/advanced/custom_ops_landing_page.html for more details) or, if it is traceable, use `torch.compiler.allow_in_graph`.
  torch._dynamo.utils.warn_once(explanation + "\n" + "\n".join(hints))
/home/jdihardjo/miniconda3/envs/mavenv/lib/python3.11/site-packages/torch/_inductor/cudagraph_trees.py:2622: UserWarning: Unable to hit fast path of CUDAGraphs because outputs from a previous step still require backward. Ensure backward() is invoked or detach outputs. You may also call torch.compiler.cudagraph_mark_step_begin() before each model invocation.
  warnings.warn(
name: models.architecture.d_model=32
training.rollout_steps=8
models.architecture.block_type=simple
models.architecture.mamba_type=mamba
training.mode=rollout
models.out_dim=6    avg_loss: 0.002223522170  time_per_window : 0.000304   progress : 0.011
name: models.architecture.d_model=32
training.rollout_steps=8
models.architecture.block_type=simple
models.architecture.mamba_type=mamba
training.mode=rollout
models.out_dim=6    avg_loss: 0.000000653109  time_per_window : 0.000251   progress : 0.022
name: models.architecture.d_model=32
training.rollout_steps=8
models.architecture.block_type=simple
models.architecture.mamba_type=mamba
training.mode=rollout
models.out_dim=6    avg_loss: 0.000000567023  time_per_window : 0.000320   progress : 0.033
name: models.architecture.d_model=32
training.rollout_steps=8
models.architecture.block_type=simple
models.architecture.mamba_type=mamba
training.mode=rollout
models.out_dim=6    avg_loss: 0.000000498319  time_per_window : 0.000318   progress : 0.044
name: models.architecture.d_model=32
training.rollout_steps=8
models.architecture.block_type=simple
models.architecture.mamba_type=mamba
training.mode=rollout
models.out_dim=6    avg_loss: 0.000000429861  time_per_window : 0.000323   progress : 0.055
name: models.architecture.d_model=32
training.rollout_steps=8
models.architecture.block_type=simple
models.architecture.mamba_type=mamba
training.mode=rollout
models.out_dim=6    avg_loss: 0.000000400975  time_per_window : 0.000291   progress : 0.066
name: models.architecture.d_model=32
training.rollout_steps=8
models.architecture.block_type=simple
models.architecture.mamba_type=mamba
training.mode=rollout
models.out_dim=6    avg_loss: 0.000000367500  time_per_window : 0.000314   progress : 0.076
name: models.architecture.d_model=32
training.rollout_steps=8
models.architecture.block_type=simple
models.architecture.mamba_type=mamba
training.mode=rollout
models.out_dim=6    avg_loss: 0.000000348106  time_per_window : 0.000294   progress : 0.087
name: models.architecture.d_model=32
training.rollout_steps=8
models.architecture.block_type=simple
models.architecture.mamba_type=mamba
training.mode=rollout
models.out_dim=6    avg_loss: 0.000000334316  time_per_window : 0.000301   progress : 0.098
name: models.architecture.d_model=32
training.rollout_steps=8
models.architecture.block_type=simple
models.architecture.mamba_type=mamba
training.mode=rollout
models.out_dim=6    avg_loss: 0.000000324873  time_per_window : 0.000302   progress : 0.109
name: models.architecture.d_model=32
training.rollout_steps=8
models.architecture.block_type=simple
models.architecture.mamba_type=mamba
training.mode=rollout
models.out_dim=6    avg_loss: 0.000000303861  time_per_window : 0.000314   progress : 0.120
name: models.architecture.d_model=32
training.rollout_steps=8
models.architecture.block_type=simple
models.architecture.mamba_type=mamba
training.mode=rollout
models.out_dim=6    avg_loss: 0.000000297910  time_per_window : 0.000303   progress : 0.131
name: models.architecture.d_model=32
training.rollout_steps=8
models.architecture.block_type=simple
models.architecture.mamba_type=mamba
training.mode=rollout
models.out_dim=6    avg_loss: 0.000000287836  time_per_window : 0.000299   progress : 0.142
name: models.architecture.d_model=32
training.rollout_steps=8
models.architecture.block_type=simple
models.architecture.mamba_type=mamba
training.mode=rollout
models.out_dim=6    avg_loss: 0.000000272935  time_per_window : 0.000275   progress : 0.153
name: models.architecture.d_model=32
training.rollout_steps=8
models.architecture.block_type=simple
models.architecture.mamba_type=mamba
training.mode=rollout
models.out_dim=6    avg_loss: 0.000000270842  time_per_window : 0.000285   progress : 0.164
name: models.architecture.d_model=32
training.rollout_steps=8
models.architecture.block_type=simple
models.architecture.mamba_type=mamba
training.mode=rollout
models.out_dim=6    avg_loss: 0.000000256342  time_per_window : 0.000321   progress : 0.175
name: models.architecture.d_model=32
training.rollout_steps=8
models.architecture.block_type=simple
models.architecture.mamba_type=mamba
training.mode=rollout
models.out_dim=6    avg_loss: 0.000000258121  time_per_window : 0.000314   progress : 0.186
name: models.architecture.d_model=32
training.rollout_steps=8
models.architecture.block_type=simple
models.architecture.mamba_type=mamba
training.mode=rollout
models.out_dim=6    avg_loss: 0.000000247472  time_per_window : 0.000296   progress : 0.197
name: models.architecture.d_model=32
training.rollout_steps=8
models.architecture.block_type=simple
models.architecture.mamba_type=mamba
training.mode=rollout
models.out_dim=6    avg_loss: 0.000000240525  time_per_window : 0.000302   progress : 0.208
name: models.architecture.d_model=32
training.rollout_steps=8
models.architecture.block_type=simple
models.architecture.mamba_type=mamba
training.mode=rollout
models.out_dim=6    avg_loss: 0.000000234233  time_per_window : 0.000317   progress : 0.218
name: models.architecture.d_model=32
training.rollout_steps=8
models.architecture.block_type=simple
models.architecture.mamba_type=mamba
training.mode=rollout
models.out_dim=6    avg_loss: 0.000000234577  time_per_window : 0.000286   progress : 0.229
name: models.architecture.d_model=32
training.rollout_steps=8
models.architecture.block_type=simple
models.architecture.mamba_type=mamba
training.mode=rollout
models.out_dim=6    avg_loss: 0.000000236146  time_per_window : 0.000274   progress : 0.240
name: models.architecture.d_model=32
training.rollout_steps=8
models.architecture.block_type=simple
models.architecture.mamba_type=mamba
training.mode=rollout
models.out_dim=6    avg_loss: 0.000000231859  time_per_window : 0.000323   progress : 0.251
name: models.architecture.d_model=32
training.rollout_steps=8
models.architecture.block_type=simple
models.architecture.mamba_type=mamba
training.mode=rollout
models.out_dim=6    avg_loss: 0.000000227453  time_per_window : 0.000301   progress : 0.262
name: models.architecture.d_model=32
training.rollout_steps=8
models.architecture.block_type=simple
models.architecture.mamba_type=mamba
training.mode=rollout
models.out_dim=6    avg_loss: 0.000000224761  time_per_window : 0.000321   progress : 0.273
name: models.architecture.d_model=32
training.rollout_steps=8
models.architecture.block_type=simple
models.architecture.mamba_type=mamba
training.mode=rollout
models.out_dim=6    avg_loss: 0.000000220591  time_per_window : 0.000330   progress : 0.284
name: models.architecture.d_model=32
training.rollout_steps=8
models.architecture.block_type=simple
models.architecture.mamba_type=mamba
training.mode=rollout
models.out_dim=6    avg_loss: 0.000000229303  time_per_window : 0.000282   progress : 0.295
name: models.architecture.d_model=32
training.rollout_steps=8
models.architecture.block_type=simple
models.architecture.mamba_type=mamba
training.mode=rollout
models.out_dim=6    avg_loss: 0.000000220454  time_per_window : 0.000328   progress : 0.306
name: models.architecture.d_model=32
training.rollout_steps=8
models.architecture.block_type=simple
models.architecture.mamba_type=mamba
training.mode=rollout
models.out_dim=6    avg_loss: 0.000000220291  time_per_window : 0.000297   progress : 0.317
name: models.architecture.d_model=32
training.rollout_steps=8
models.architecture.block_type=simple
models.architecture.mamba_type=mamba
training.mode=rollout
models.out_dim=6    avg_loss: 0.000000222901  time_per_window : 0.000262   progress : 0.328
name: models.architecture.d_model=32
training.rollout_steps=8
models.architecture.block_type=simple
models.architecture.mamba_type=mamba
training.mode=rollout
models.out_dim=6    avg_loss: 0.000000221617  time_per_window : 0.000295   progress : 0.339
name: models.architecture.d_model=32
training.rollout_steps=8
models.architecture.block_type=simple
models.architecture.mamba_type=mamba
training.mode=rollout
models.out_dim=6    avg_loss: 0.000000213475  time_per_window : 0.000327   progress : 0.350
name: models.architecture.d_model=32
training.rollout_steps=8
models.architecture.block_type=simple
models.architecture.mamba_type=mamba
training.mode=rollout
models.out_dim=6    avg_loss: 0.000000201584  time_per_window : 0.000299   progress : 0.360
name: models.architecture.d_model=32
training.rollout_steps=8
models.architecture.block_type=simple
models.architecture.mamba_type=mamba
training.mode=rollout
models.out_dim=6    avg_loss: 0.000000207399  time_per_window : 0.000283   progress : 0.371
name: models.architecture.d_model=32
training.rollout_steps=8
models.architecture.block_type=simple
models.architecture.mamba_type=mamba
training.mode=rollout
models.out_dim=6    avg_loss: 0.000000203378  time_per_window : 0.000316   progress : 0.382
name: models.architecture.d_model=32
training.rollout_steps=8
models.architecture.block_type=simple
models.architecture.mamba_type=mamba
training.mode=rollout
models.out_dim=6    avg_loss: 0.000000204415  time_per_window : 0.000316   progress : 0.393
name: models.architecture.d_model=32
training.rollout_steps=8
models.architecture.block_type=simple
models.architecture.mamba_type=mamba
training.mode=rollout
models.out_dim=6    avg_loss: 0.000000204639  time_per_window : 0.000278   progress : 0.404
name: models.architecture.d_model=32
training.rollout_steps=8
models.architecture.block_type=simple
models.architecture.mamba_type=mamba
training.mode=rollout
models.out_dim=6    avg_loss: 0.000000197277  time_per_window : 0.000305   progress : 0.415
name: models.architecture.d_model=32
training.rollout_steps=8
models.architecture.block_type=simple
models.architecture.mamba_type=mamba
training.mode=rollout
models.out_dim=6    avg_loss: 0.000000184576  time_per_window : 0.000312   progress : 0.426
name: models.architecture.d_model=32
training.rollout_steps=8
models.architecture.block_type=simple
models.architecture.mamba_type=mamba
training.mode=rollout
models.out_dim=6    avg_loss: 0.000000185415  time_per_window : 0.000283   progress : 0.437
name: models.architecture.d_model=32
training.rollout_steps=8
models.architecture.block_type=simple
models.architecture.mamba_type=mamba
training.mode=rollout
models.out_dim=6    avg_loss: 0.000000184366  time_per_window : 0.000300   progress : 0.448
name: models.architecture.d_model=32
training.rollout_steps=8
models.architecture.block_type=simple
models.architecture.mamba_type=mamba
training.mode=rollout
models.out_dim=6    avg_loss: 0.000000175443  time_per_window : 0.000328   progress : 0.459
name: models.architecture.d_model=32
training.rollout_steps=8
models.architecture.block_type=simple
models.architecture.mamba_type=mamba
training.mode=rollout
models.out_dim=6    avg_loss: 0.000000168364  time_per_window : 0.000296   progress : 0.470
name: models.architecture.d_model=32
training.rollout_steps=8
models.architecture.block_type=simple
models.architecture.mamba_type=mamba
training.mode=rollout
models.out_dim=6    avg_loss: 0.000000155455  time_per_window : 0.000294   progress : 0.481
name: models.architecture.d_model=32
training.rollout_steps=8
models.architecture.block_type=simple
models.architecture.mamba_type=mamba
training.mode=rollout
models.out_dim=6    avg_loss: 0.000000148669  time_per_window : 0.000289   progress : 0.492
name: models.architecture.d_model=32
training.rollout_steps=8
models.architecture.block_type=simple
models.architecture.mamba_type=mamba
training.mode=rollout
models.out_dim=6    avg_loss: 0.000000136652  time_per_window : 0.000302   progress : 0.502
name: models.architecture.d_model=32
training.rollout_steps=8
models.architecture.block_type=simple
models.architecture.mamba_type=mamba
training.mode=rollout
models.out_dim=6    avg_loss: 0.000000125401  time_per_window : 0.000288   progress : 0.513
name: models.architecture.d_model=32
training.rollout_steps=8
models.architecture.block_type=simple
models.architecture.mamba_type=mamba
training.mode=rollout
models.out_dim=6    avg_loss: 0.000000118164  time_per_window : 0.000303   progress : 0.524
name: models.architecture.d_model=32
training.rollout_steps=8
models.architecture.block_type=simple
models.architecture.mamba_type=mamba
training.mode=rollout
models.out_dim=6    avg_loss: 0.000000109856  time_per_window : 0.000289   progress : 0.535
name: models.architecture.d_model=32
training.rollout_steps=8
models.architecture.block_type=simple
models.architecture.mamba_type=mamba
training.mode=rollout
models.out_dim=6    avg_loss: 0.000000107091  time_per_window : 0.000285   progress : 0.546
name: models.architecture.d_model=32
training.rollout_steps=8
models.architecture.block_type=simple
models.architecture.mamba_type=mamba
training.mode=rollout
models.out_dim=6    avg_loss: 0.000000094848  time_per_window : 0.000263   progress : 0.557
name: models.architecture.d_model=32
training.rollout_steps=8
models.architecture.block_type=simple
models.architecture.mamba_type=mamba
training.mode=rollout
models.out_dim=6    avg_loss: 0.000000091446  time_per_window : 0.000300   progress : 0.568
name: models.architecture.d_model=32
training.rollout_steps=8
models.architecture.block_type=simple
models.architecture.mamba_type=mamba
training.mode=rollout
models.out_dim=6    avg_loss: 0.000000088272  time_per_window : 0.000325   progress : 0.579
name: models.architecture.d_model=32
training.rollout_steps=8
models.architecture.block_type=simple
models.architecture.mamba_type=mamba
training.mode=rollout
models.out_dim=6    avg_loss: 0.000000087252  time_per_window : 0.000294   progress : 0.590
name: models.architecture.d_model=32
training.rollout_steps=8
models.architecture.block_type=simple
models.architecture.mamba_type=mamba
training.mode=rollout
models.out_dim=6    avg_loss: 0.000000084746  time_per_window : 0.000305   progress : 0.601
name: models.architecture.d_model=32
training.rollout_steps=8
models.architecture.block_type=simple
models.architecture.mamba_type=mamba
training.mode=rollout
models.out_dim=6    avg_loss: 0.000000083854  time_per_window : 0.000280   progress : 0.612
name: models.architecture.d_model=32
training.rollout_steps=8
models.architecture.block_type=simple
models.architecture.mamba_type=mamba
training.mode=rollout
models.out_dim=6    avg_loss: 0.000000077518  time_per_window : 0.000292   progress : 0.623
name: models.architecture.d_model=32
training.rollout_steps=8
models.architecture.block_type=simple
models.architecture.mamba_type=mamba
training.mode=rollout
models.out_dim=6    avg_loss: 0.000000076396  time_per_window : 0.000299   progress : 0.634
name: models.architecture.d_model=32
training.rollout_steps=8
models.architecture.block_type=simple
models.architecture.mamba_type=mamba
training.mode=rollout
models.out_dim=6    avg_loss: 0.000000086572  time_per_window : 0.000291   progress : 0.644
name: models.architecture.d_model=32
training.rollout_steps=8
models.architecture.block_type=simple
models.architecture.mamba_type=mamba
training.mode=rollout
models.out_dim=6    avg_loss: 0.000000073317  time_per_window : 0.000318   progress : 0.655
name: models.architecture.d_model=32
training.rollout_steps=8
models.architecture.block_type=simple
models.architecture.mamba_type=mamba
training.mode=rollout
models.out_dim=6    avg_loss: 0.000000072627  time_per_window : 0.000319   progress : 0.666
name: models.architecture.d_model=32
training.rollout_steps=8
models.architecture.block_type=simple
models.architecture.mamba_type=mamba
training.mode=rollout
models.out_dim=6    avg_loss: 0.000000070802  time_per_window : 0.000314   progress : 0.677
name: models.architecture.d_model=32
training.rollout_steps=8
models.architecture.block_type=simple
models.architecture.mamba_type=mamba
training.mode=rollout
models.out_dim=6    avg_loss: 0.000000076132  time_per_window : 0.000276   progress : 0.688
name: models.architecture.d_model=32
training.rollout_steps=8
models.architecture.block_type=simple
models.architecture.mamba_type=mamba
training.mode=rollout
models.out_dim=6    avg_loss: 0.000000079603  time_per_window : 0.000304   progress : 0.699
name: models.architecture.d_model=32
training.rollout_steps=8
models.architecture.block_type=simple
models.architecture.mamba_type=mamba
training.mode=rollout
models.out_dim=6    avg_loss: 0.000000068476  time_per_window : 0.000317   progress : 0.710
name: models.architecture.d_model=32
training.rollout_steps=8
models.architecture.block_type=simple
models.architecture.mamba_type=mamba
training.mode=rollout
models.out_dim=6    avg_loss: 0.000000068706  time_per_window : 0.000334   progress : 0.721/home/jdihardjo/miniconda3/envs/mavenv/lib/python3.11/site-packages/torch/_inductor/cudagraph_trees.py:2622: UserWarning: Unable to hit fast path of CUDAGraphs because outputs from a previous step still require backward. Ensure backward() is invoked or detach outputs. You may also call torch.compiler.cudagraph_mark_step_begin() before each model invocation.
  warnings.warn(
/home/jdihardjo/miniconda3/envs/mavenv/lib/python3.11/site-packages/torch/_inductor/cudagraph_trees.py:2622: UserWarning: Unable to hit fast path of CUDAGraphs because outputs from a previous step still require backward. Ensure backward() is invoked or detach outputs. You may also call torch.compiler.cudagraph_mark_step_begin() before each model invocation.
  warnings.warn(

name: models.architecture.d_model=32
training.rollout_steps=8
models.architecture.block_type=simple
models.architecture.mamba_type=mamba
training.mode=rollout
models.out_dim=6    avg_loss: 0.000000077072  time_per_window : 0.000304   progress : 0.732
name: models.architecture.d_model=32
training.rollout_steps=8
models.architecture.block_type=simple
models.architecture.mamba_type=mamba
training.mode=rollout
models.out_dim=6    avg_loss: 0.000000074100  time_per_window : 0.000326   progress : 0.743
name: models.architecture.d_model=32
training.rollout_steps=8
models.architecture.block_type=simple
models.architecture.mamba_type=mamba
training.mode=rollout
models.out_dim=6    avg_loss: 0.000000069434  time_per_window : 0.000311   progress : 0.754
name: models.architecture.d_model=32
training.rollout_steps=8
models.architecture.block_type=simple
models.architecture.mamba_type=mamba
training.mode=rollout
models.out_dim=6    avg_loss: 0.000000072998  time_per_window : 0.000291   progress : 0.765
name: models.architecture.d_model=32
training.rollout_steps=8
models.architecture.block_type=simple
models.architecture.mamba_type=mamba
training.mode=rollout
models.out_dim=6    avg_loss: 0.000000069374  time_per_window : 0.000293   progress : 0.775
name: models.architecture.d_model=32
training.rollout_steps=8
models.architecture.block_type=simple
models.architecture.mamba_type=mamba
training.mode=rollout
models.out_dim=6    avg_loss: 0.000000067837  time_per_window : 0.000306   progress : 0.786
name: models.architecture.d_model=32
training.rollout_steps=8
models.architecture.block_type=simple
models.architecture.mamba_type=mamba
training.mode=rollout
models.out_dim=6    avg_loss: 0.000000071062  time_per_window : 0.000281   progress : 0.797
name: models.architecture.d_model=32
training.rollout_steps=8
models.architecture.block_type=simple
models.architecture.mamba_type=mamba
training.mode=rollout
models.out_dim=6    avg_loss: 0.000000064446  time_per_window : 0.000289   progress : 0.808
name: models.architecture.d_model=32
training.rollout_steps=8
models.architecture.block_type=simple
models.architecture.mamba_type=mamba
training.mode=rollout
models.out_dim=6    avg_loss: 0.000000068612  time_per_window : 0.000309   progress : 0.819
name: models.architecture.d_model=32
training.rollout_steps=8
models.architecture.block_type=simple
models.architecture.mamba_type=mamba
training.mode=rollout
models.out_dim=6    avg_loss: 0.000000067738  time_per_window : 0.000308   progress : 0.830
name: models.architecture.d_model=32
training.rollout_steps=8
models.architecture.block_type=simple
models.architecture.mamba_type=mamba
training.mode=rollout
models.out_dim=6    avg_loss: 0.000000069309  time_per_window : 0.000293   progress : 0.841
name: models.architecture.d_model=32
training.rollout_steps=8
models.architecture.block_type=simple
models.architecture.mamba_type=mamba
training.mode=rollout
models.out_dim=6    avg_loss: 0.000000065030  time_per_window : 0.000320   progress : 0.852
name: models.architecture.d_model=32
training.rollout_steps=8
models.architecture.block_type=simple
models.architecture.mamba_type=mamba
training.mode=rollout
models.out_dim=6    avg_loss: 0.000000071437  time_per_window : 0.000304   progress : 0.863
name: models.architecture.d_model=32
training.rollout_steps=8
models.architecture.block_type=simple
models.architecture.mamba_type=mamba
training.mode=rollout
models.out_dim=6    avg_loss: 0.000000074069  time_per_window : 0.000340   progress : 0.874
name: models.architecture.d_model=32
training.rollout_steps=8
models.architecture.block_type=simple
models.architecture.mamba_type=mamba
training.mode=rollout
models.out_dim=6    avg_loss: 0.000000065069  time_per_window : 0.000288   progress : 0.885
name: models.architecture.d_model=32
training.rollout_steps=8
models.architecture.block_type=simple
models.architecture.mamba_type=mamba
training.mode=rollout
models.out_dim=6    avg_loss: 0.000000067543  time_per_window : 0.000312   progress : 0.896
name: models.architecture.d_model=32
training.rollout_steps=8
models.architecture.block_type=simple
models.architecture.mamba_type=mamba
training.mode=rollout
models.out_dim=6    avg_loss: 0.000000060131  time_per_window : 0.000285   progress : 0.907
name: models.architecture.d_model=32
training.rollout_steps=8
models.architecture.block_type=simple
models.architecture.mamba_type=mamba
training.mode=rollout
models.out_dim=6    avg_loss: 0.000000070554  time_per_window : 0.000280   progress : 0.917
name: models.architecture.d_model=32
training.rollout_steps=8
models.architecture.block_type=simple
models.architecture.mamba_type=mamba
training.mode=rollout
models.out_dim=6    avg_loss: 0.000000069309  time_per_window : 0.000292   progress : 0.928
name: models.architecture.d_model=32
training.rollout_steps=8
models.architecture.block_type=simple
models.architecture.mamba_type=mamba
training.mode=rollout
models.out_dim=6    avg_loss: 0.000000062928  time_per_window : 0.000312   progress : 0.939
name: models.architecture.d_model=32
training.rollout_steps=8
models.architecture.block_type=simple
models.architecture.mamba_type=mamba
training.mode=rollout
models.out_dim=6    avg_loss: 0.000000062262  time_per_window : 0.000264   progress : 0.950
name: models.architecture.d_model=32
training.rollout_steps=8
models.architecture.block_type=simple
models.architecture.mamba_type=mamba
training.mode=rollout
models.out_dim=6    avg_loss: 0.000000064683  time_per_window : 0.000342   progress : 0.961
name: models.architecture.d_model=32
training.rollout_steps=8
models.architecture.block_type=simple
models.architecture.mamba_type=mamba
training.mode=rollout
models.out_dim=6    avg_loss: 0.000000069320  time_per_window : 0.000310   progress : 0.972
name: models.architecture.d_model=32
training.rollout_steps=8
models.architecture.block_type=simple
models.architecture.mamba_type=mamba
training.mode=rollout
models.out_dim=6    avg_loss: 0.000000059715  time_per_window : 0.000327   progress : 0.983
name: models.architecture.d_model=32
training.rollout_steps=8
models.architecture.block_type=simple
models.architecture.mamba_type=mamba
training.mode=rollout
models.out_dim=6    avg_loss: 0.000000069121  time_per_window : 0.000276   progress : 0.994
name: models.architecture.d_model=32
training.rollout_steps=8
models.architecture.block_type=simple
models.architecture.mamba_type=mamba
training.mode=rollout
models.out_dim=6    avg_loss: 0.000000090209  time_per_window : 0.000309   progress : 0.011
name: models.architecture.d_model=32
training.rollout_steps=8
models.architecture.block_type=simple
models.architecture.mamba_type=mamba
training.mode=rollout
models.out_dim=6    avg_loss: 0.000000072769  time_per_window : 0.000322   progress : 0.022
name: models.architecture.d_model=32
training.rollout_steps=8
models.architecture.block_type=simple
models.architecture.mamba_type=mamba
training.mode=rollout
models.out_dim=6    avg_loss: 0.000000068950  time_per_window : 0.000335   progress : 0.033
name: models.architecture.d_model=32
training.rollout_steps=8
models.architecture.block_type=simple
models.architecture.mamba_type=mamba
training.mode=rollout
models.out_dim=6    avg_loss: 0.000000067609  time_per_window : 0.000332   progress : 0.044
name: models.architecture.d_model=32
training.rollout_steps=8
models.architecture.block_type=simple
models.architecture.mamba_type=mamba
training.mode=rollout
models.out_dim=6    avg_loss: 0.000000065605  time_per_window : 0.000320   progress : 0.055
name: models.architecture.d_model=32
training.rollout_steps=8
models.architecture.block_type=simple
models.architecture.mamba_type=mamba
training.mode=rollout
models.out_dim=6    avg_loss: 0.000000068005  time_per_window : 0.000346   progress : 0.066
name: models.architecture.d_model=32
training.rollout_steps=8
models.architecture.block_type=simple
models.architecture.mamba_type=mamba
training.mode=rollout
models.out_dim=6    avg_loss: 0.000000065330  time_per_window : 0.000330   progress : 0.076
name: models.architecture.d_model=32
training.rollout_steps=8
models.architecture.block_type=simple
models.architecture.mamba_type=mamba
training.mode=rollout
models.out_dim=6    avg_loss: 0.000000067666  time_per_window : 0.000321   progress : 0.087
name: models.architecture.d_model=32
training.rollout_steps=8
models.architecture.block_type=simple
models.architecture.mamba_type=mamba
training.mode=rollout
models.out_dim=6    avg_loss: 0.000000068567  time_per_window : 0.000333   progress : 0.098
name: models.architecture.d_model=32
training.rollout_steps=8
models.architecture.block_type=simple
models.architecture.mamba_type=mamba
training.mode=rollout
models.out_dim=6    avg_loss: 0.000000066241  time_per_window : 0.000273   progress : 0.109
name: models.architecture.d_model=32
training.rollout_steps=8
models.architecture.block_type=simple
models.architecture.mamba_type=mamba
training.mode=rollout
models.out_dim=6    avg_loss: 0.000000063027  time_per_window : 0.000301   progress : 0.120
name: models.architecture.d_model=32
training.rollout_steps=8
models.architecture.block_type=simple
models.architecture.mamba_type=mamba
training.mode=rollout
models.out_dim=6    avg_loss: 0.000000066778  time_per_window : 0.000331   progress : 0.131
name: models.architecture.d_model=32
training.rollout_steps=8
models.architecture.block_type=simple
models.architecture.mamba_type=mamba
training.mode=rollout
models.out_dim=6    avg_loss: 0.000000069855  time_per_window : 0.000315   progress : 0.142
name: models.architecture.d_model=32
training.rollout_steps=8
models.architecture.block_type=simple
models.architecture.mamba_type=mamba
training.mode=rollout
models.out_dim=6    avg_loss: 0.000000066003  time_per_window : 0.000323   progress : 0.153
name: models.architecture.d_model=32
training.rollout_steps=8
models.architecture.block_type=simple
models.architecture.mamba_type=mamba
training.mode=rollout
models.out_dim=6    avg_loss: 0.000000060876  time_per_window : 0.000356   progress : 0.164
name: models.architecture.d_model=32
training.rollout_steps=8
models.architecture.block_type=simple
models.architecture.mamba_type=mamba
training.mode=rollout
models.out_dim=6    avg_loss: 0.000000063045  time_per_window : 0.000298   progress : 0.175
name: models.architecture.d_model=32
training.rollout_steps=8
models.architecture.block_type=simple
models.architecture.mamba_type=mamba
training.mode=rollout
models.out_dim=6    avg_loss: 0.000000063338  time_per_window : 0.000315   progress : 0.186
name: models.architecture.d_model=32
training.rollout_steps=8
models.architecture.block_type=simple
models.architecture.mamba_type=mamba
training.mode=rollout
models.out_dim=6    avg_loss: 0.000000064683  time_per_window : 0.000313   progress : 0.197
name: models.architecture.d_model=32
training.rollout_steps=8
models.architecture.block_type=simple
models.architecture.mamba_type=mamba
training.mode=rollout
models.out_dim=6    avg_loss: 0.000000072603  time_per_window : 0.000318   progress : 0.208
name: models.architecture.d_model=32
training.rollout_steps=8
models.architecture.block_type=simple
models.architecture.mamba_type=mamba
training.mode=rollout
models.out_dim=6    avg_loss: 0.000000062571  time_per_window : 0.000318   progress : 0.218
name: models.architecture.d_model=32
training.rollout_steps=8
models.architecture.block_type=simple
models.architecture.mamba_type=mamba
training.mode=rollout
models.out_dim=6    avg_loss: 0.000000062384  time_per_window : 0.000294   progress : 0.229
name: models.architecture.d_model=32
training.rollout_steps=8
models.architecture.block_type=simple
models.architecture.mamba_type=mamba
training.mode=rollout
models.out_dim=6    avg_loss: 0.000000063616  time_per_window : 0.000262   progress : 0.240
name: models.architecture.d_model=32
training.rollout_steps=8
models.architecture.block_type=simple
models.architecture.mamba_type=mamba
training.mode=rollout
models.out_dim=6    avg_loss: 0.000000069048  time_per_window : 0.000292   progress : 0.251
name: models.architecture.d_model=32
training.rollout_steps=8
models.architecture.block_type=simple
models.architecture.mamba_type=mamba
training.mode=rollout
models.out_dim=6    avg_loss: 0.000000059075  time_per_window : 0.000311   progress : 0.262
name: models.architecture.d_model=32
training.rollout_steps=8
models.architecture.block_type=simple
models.architecture.mamba_type=mamba
training.mode=rollout
models.out_dim=6    avg_loss: 0.000000058737  time_per_window : 0.000349   progress : 0.273
name: models.architecture.d_model=32
training.rollout_steps=8
models.architecture.block_type=simple
models.architecture.mamba_type=mamba
training.mode=rollout
models.out_dim=6    avg_loss: 0.000000062196  time_per_window : 0.000325   progress : 0.284
name: models.architecture.d_model=32
training.rollout_steps=8
models.architecture.block_type=simple
models.architecture.mamba_type=mamba
training.mode=rollout
models.out_dim=6    avg_loss: 0.000000060285  time_per_window : 0.000282   progress : 0.295
name: models.architecture.d_model=32
training.rollout_steps=8
models.architecture.block_type=simple
models.architecture.mamba_type=mamba
training.mode=rollout
models.out_dim=6    avg_loss: 0.000000057942  time_per_window : 0.000312   progress : 0.306
name: models.architecture.d_model=32
training.rollout_steps=8
models.architecture.block_type=simple
models.architecture.mamba_type=mamba
training.mode=rollout
models.out_dim=6    avg_loss: 0.000000063070  time_per_window : 0.000322   progress : 0.317
name: models.architecture.d_model=32
training.rollout_steps=8
models.architecture.block_type=simple
models.architecture.mamba_type=mamba
training.mode=rollout
models.out_dim=6    avg_loss: 0.000000061143  time_per_window : 0.000306   progress : 0.328
name: models.architecture.d_model=32
training.rollout_steps=8
models.architecture.block_type=simple
models.architecture.mamba_type=mamba
training.mode=rollout
models.out_dim=6    avg_loss: 0.000000057462  time_per_window : 0.000285   progress : 0.339
name: models.architecture.d_model=32
training.rollout_steps=8
models.architecture.block_type=simple
models.architecture.mamba_type=mamba
training.mode=rollout
models.out_dim=6    avg_loss: 0.000000055477  time_per_window : 0.000287   progress : 0.350
name: models.architecture.d_model=32
training.rollout_steps=8
models.architecture.block_type=simple
models.architecture.mamba_type=mamba
training.mode=rollout
models.out_dim=6    avg_loss: 0.000000058042  time_per_window : 0.000317   progress : 0.360
name: models.architecture.d_model=32
training.rollout_steps=8
models.architecture.block_type=simple
models.architecture.mamba_type=mamba
training.mode=rollout
models.out_dim=6    avg_loss: 0.000000058006  time_per_window : 0.000309   progress : 0.371
name: models.architecture.d_model=32
training.rollout_steps=8
models.architecture.block_type=simple
models.architecture.mamba_type=mamba
training.mode=rollout
models.out_dim=6    avg_loss: 0.000000056781  time_per_window : 0.000330   progress : 0.382
name: models.architecture.d_model=32
training.rollout_steps=8
models.architecture.block_type=simple
models.architecture.mamba_type=mamba
training.mode=rollout
models.out_dim=6    avg_loss: 0.000000059118  time_per_window : 0.000308   progress : 0.393
name: models.architecture.d_model=32
training.rollout_steps=8
models.architecture.block_type=simple
models.architecture.mamba_type=mamba
training.mode=rollout
models.out_dim=6    avg_loss: 0.000000059144  time_per_window : 0.000349   progress : 0.404
name: models.architecture.d_model=32
training.rollout_steps=8
models.architecture.block_type=simple
models.architecture.mamba_type=mamba
training.mode=rollout
models.out_dim=6    avg_loss: 0.000000054452  time_per_window : 0.000335   progress : 0.415
name: models.architecture.d_model=32
training.rollout_steps=8
models.architecture.block_type=simple
models.architecture.mamba_type=mamba
training.mode=rollout
models.out_dim=6    avg_loss: 0.000000053533  time_per_window : 0.000318   progress : 0.426
name: models.architecture.d_model=32
training.rollout_steps=8
models.architecture.block_type=simple
models.architecture.mamba_type=mamba
training.mode=rollout
models.out_dim=6    avg_loss: 0.000000060532  time_per_window : 0.000300   progress : 0.437
name: models.architecture.d_model=32
training.rollout_steps=8
models.architecture.block_type=simple
models.architecture.mamba_type=mamba
training.mode=rollout
models.out_dim=6    avg_loss: 0.000000054869  time_per_window : 0.000301   progress : 0.448
name: models.architecture.d_model=32
training.rollout_steps=8
models.architecture.block_type=simple
models.architecture.mamba_type=mamba
training.mode=rollout
models.out_dim=6    avg_loss: 0.000000055198  time_per_window : 0.000332   progress : 0.459
name: models.architecture.d_model=32
training.rollout_steps=8
models.architecture.block_type=simple
models.architecture.mamba_type=mamba
training.mode=rollout
models.out_dim=6    avg_loss: 0.000000056711  time_per_window : 0.000345   progress : 0.470
name: models.architecture.d_model=32
training.rollout_steps=8
models.architecture.block_type=simple
models.architecture.mamba_type=mamba
training.mode=rollout
models.out_dim=6    avg_loss: 0.000000056063  time_per_window : 0.000304   progress : 0.481
name: models.architecture.d_model=32
training.rollout_steps=8
models.architecture.block_type=simple
models.architecture.mamba_type=mamba
training.mode=rollout
models.out_dim=6    avg_loss: 0.000000057135  time_per_window : 0.000314   progress : 0.492
name: models.architecture.d_model=32
training.rollout_steps=8
models.architecture.block_type=simple
models.architecture.mamba_type=mamba
training.mode=rollout
models.out_dim=6    avg_loss: 0.000000057289  time_per_window : 0.000324   progress : 0.502
name: models.architecture.d_model=32
training.rollout_steps=8
models.architecture.block_type=simple
models.architecture.mamba_type=mamba
training.mode=rollout
models.out_dim=6    avg_loss: 0.000000059990  time_per_window : 0.000317   progress : 0.513
name: models.architecture.d_model=32
training.rollout_steps=8
models.architecture.block_type=simple
models.architecture.mamba_type=mamba
training.mode=rollout
models.out_dim=6    avg_loss: 0.000000050719  time_per_window : 0.000334   progress : 0.524
name: models.architecture.d_model=32
training.rollout_steps=8
models.architecture.block_type=simple
models.architecture.mamba_type=mamba
training.mode=rollout
models.out_dim=6    avg_loss: 0.000000051483  time_per_window : 0.000345   progress : 0.535
name: models.architecture.d_model=32
training.rollout_steps=8
models.architecture.block_type=simple
models.architecture.mamba_type=mamba
training.mode=rollout
models.out_dim=6    avg_loss: 0.000000056884  time_per_window : 0.000312   progress : 0.546
name: models.architecture.d_model=32
training.rollout_steps=8
models.architecture.block_type=simple
models.architecture.mamba_type=mamba
training.mode=rollout
models.out_dim=6    avg_loss: 0.000000051978  time_per_window : 0.000299   progress : 0.557
name: models.architecture.d_model=32
training.rollout_steps=8
models.architecture.block_type=simple
models.architecture.mamba_type=mamba
training.mode=rollout
models.out_dim=6    avg_loss: 0.000000052424  time_per_window : 0.000313   progress : 0.568
name: models.architecture.d_model=32
training.rollout_steps=8
models.architecture.block_type=simple
models.architecture.mamba_type=mamba
training.mode=rollout
models.out_dim=6    avg_loss: 0.000000056115  time_per_window : 0.000326   progress : 0.579
name: models.architecture.d_model=32
training.rollout_steps=8
models.architecture.block_type=simple
models.architecture.mamba_type=mamba
training.mode=rollout
models.out_dim=6    avg_loss: 0.000000053488  time_per_window : 0.000335   progress : 0.590
name: models.architecture.d_model=32
training.rollout_steps=8
models.architecture.block_type=simple
models.architecture.mamba_type=mamba
training.mode=rollout
models.out_dim=6    avg_loss: 0.000000049251  time_per_window : 0.000312   progress : 0.601
name: models.architecture.d_model=32
training.rollout_steps=8
models.architecture.block_type=simple
models.architecture.mamba_type=mamba
training.mode=rollout
models.out_dim=6    avg_loss: 0.000000058569  time_per_window : 0.000346   progress : 0.612
name: models.architecture.d_model=32
training.rollout_steps=8
models.architecture.block_type=simple
models.architecture.mamba_type=mamba
training.mode=rollout
models.out_dim=6    avg_loss: 0.000000051105  time_per_window : 0.000330   progress : 0.623
name: models.architecture.d_model=32
training.rollout_steps=8
models.architecture.block_type=simple
models.architecture.mamba_type=mamba
training.mode=rollout
models.out_dim=6    avg_loss: 0.000000048890  time_per_window : 0.000301   progress : 0.634
name: models.architecture.d_model=32
training.rollout_steps=8
models.architecture.block_type=simple
models.architecture.mamba_type=mamba
training.mode=rollout
models.out_dim=6    avg_loss: 0.000000053238  time_per_window : 0.000305   progress : 0.644
name: models.architecture.d_model=32
training.rollout_steps=8
models.architecture.block_type=simple
models.architecture.mamba_type=mamba
training.mode=rollout
models.out_dim=6    avg_loss: 0.000000049631  time_per_window : 0.000303   progress : 0.655
name: models.architecture.d_model=32
training.rollout_steps=8
models.architecture.block_type=simple
models.architecture.mamba_type=mamba
training.mode=rollout
models.out_dim=6    avg_loss: 0.000000053379  time_per_window : 0.000292   progress : 0.666
name: models.architecture.d_model=32
training.rollout_steps=8
models.architecture.block_type=simple
models.architecture.mamba_type=mamba
training.mode=rollout
models.out_dim=6    avg_loss: 0.000000050191  time_per_window : 0.000347   progress : 0.677
name: models.architecture.d_model=32
training.rollout_steps=8
models.architecture.block_type=simple
models.architecture.mamba_type=mamba
training.mode=rollout
models.out_dim=6    avg_loss: 0.000000048627  time_per_window : 0.000316   progress : 0.688
name: models.architecture.d_model=32
training.rollout_steps=8
models.architecture.block_type=simple
models.architecture.mamba_type=mamba
training.mode=rollout
models.out_dim=6    avg_loss: 0.000000052330  time_per_window : 0.000339   progress : 0.699
name: models.architecture.d_model=32
training.rollout_steps=8
models.architecture.block_type=simple
models.architecture.mamba_type=mamba
training.mode=rollout
models.out_dim=6    avg_loss: 0.000000050318  time_per_window : 0.000331   progress : 0.710
name: models.architecture.d_model=32
training.rollout_steps=8
models.architecture.block_type=simple
models.architecture.mamba_type=mamba
training.mode=rollout
models.out_dim=6    avg_loss: 0.000000046899  time_per_window : 0.000304   progress : 0.721
name: models.architecture.d_model=32
training.rollout_steps=8
models.architecture.block_type=simple
models.architecture.mamba_type=mamba
training.mode=rollout
models.out_dim=6    avg_loss: 0.000000054117  time_per_window : 0.000313   progress : 0.732
name: models.architecture.d_model=32
training.rollout_steps=8
models.architecture.block_type=simple
models.architecture.mamba_type=mamba
training.mode=rollout
models.out_dim=6    avg_loss: 0.000000049604  time_per_window : 0.000299   progress : 0.743
name: models.architecture.d_model=32
training.rollout_steps=8
models.architecture.block_type=simple
models.architecture.mamba_type=mamba
training.mode=rollout
models.out_dim=6    avg_loss: 0.000000052637  time_per_window : 0.000287   progress : 0.754
name: models.architecture.d_model=32
training.rollout_steps=8
models.architecture.block_type=simple
models.architecture.mamba_type=mamba
training.mode=rollout
models.out_dim=6    avg_loss: 0.000000049432  time_per_window : 0.000323   progress : 0.765
name: models.architecture.d_model=32
training.rollout_steps=8
models.architecture.block_type=simple
models.architecture.mamba_type=mamba
training.mode=rollout
models.out_dim=6    avg_loss: 0.000000051644  time_per_window : 0.000327   progress : 0.775
name: models.architecture.d_model=32
training.rollout_steps=8
models.architecture.block_type=simple
models.architecture.mamba_type=mamba
training.mode=rollout
models.out_dim=6    avg_loss: 0.000000051679  time_per_window : 0.000323   progress : 0.786
name: models.architecture.d_model=32
training.rollout_steps=8
models.architecture.block_type=simple
models.architecture.mamba_type=mamba
training.mode=rollout
models.out_dim=6    avg_loss: 0.000000052782  time_per_window : 0.000315   progress : 0.797
name: models.architecture.d_model=32
training.rollout_steps=8
models.architecture.block_type=simple
models.architecture.mamba_type=mamba
training.mode=rollout
models.out_dim=6    avg_loss: 0.000000049130  time_per_window : 0.000303   progress : 0.808
name: models.architecture.d_model=32
training.rollout_steps=8
models.architecture.block_type=simple
models.architecture.mamba_type=mamba
training.mode=rollout
models.out_dim=6    avg_loss: 0.000000047193  time_per_window : 0.000318   progress : 0.819
name: models.architecture.d_model=32
training.rollout_steps=8
models.architecture.block_type=simple
models.architecture.mamba_type=mamba
training.mode=rollout
models.out_dim=6    avg_loss: 0.000000045104  time_per_window : 0.000316   progress : 0.830
name: models.architecture.d_model=32
training.rollout_steps=8
models.architecture.block_type=simple
models.architecture.mamba_type=mamba
training.mode=rollout
models.out_dim=6    avg_loss: 0.000000048246  time_per_window : 0.000300   progress : 0.841
name: models.architecture.d_model=32
training.rollout_steps=8
models.architecture.block_type=simple
models.architecture.mamba_type=mamba
training.mode=rollout
models.out_dim=6    avg_loss: 0.000000047824  time_per_window : 0.000314   progress : 0.852
name: models.architecture.d_model=32
training.rollout_steps=8
models.architecture.block_type=simple
models.architecture.mamba_type=mamba
training.mode=rollout
models.out_dim=6    avg_loss: 0.000000052975  time_per_window : 0.000301   progress : 0.863
name: models.architecture.d_model=32
training.rollout_steps=8
models.architecture.block_type=simple
models.architecture.mamba_type=mamba
training.mode=rollout
models.out_dim=6    avg_loss: 0.000000043534  time_per_window : 0.000286   progress : 0.874
name: models.architecture.d_model=32
training.rollout_steps=8
models.architecture.block_type=simple
models.architecture.mamba_type=mamba
training.mode=rollout
models.out_dim=6    avg_loss: 0.000000049931  time_per_window : 0.000348   progress : 0.885
name: models.architecture.d_model=32
training.rollout_steps=8
models.architecture.block_type=simple
models.architecture.mamba_type=mamba
training.mode=rollout
models.out_dim=6    avg_loss: 0.000000047652  time_per_window : 0.000319   progress : 0.896
name: models.architecture.d_model=32
training.rollout_steps=8
models.architecture.block_type=simple
models.architecture.mamba_type=mamba
training.mode=rollout
models.out_dim=6    avg_loss: 0.000000044295  time_per_window : 0.000291   progress : 0.907
name: models.architecture.d_model=32
training.rollout_steps=8
models.architecture.block_type=simple
models.architecture.mamba_type=mamba
training.mode=rollout
models.out_dim=6    avg_loss: 0.000000045894  time_per_window : 0.000322   progress : 0.917
name: models.architecture.d_model=32
training.rollout_steps=8
models.architecture.block_type=simple
models.architecture.mamba_type=mamba
training.mode=rollout
models.out_dim=6    avg_loss: 0.000000045690  time_per_window : 0.000315   progress : 0.928
name: models.architecture.d_model=32
training.rollout_steps=8
models.architecture.block_type=simple
models.architecture.mamba_type=mamba
training.mode=rollout
models.out_dim=6    avg_loss: 0.000000044065  time_per_window : 0.000334   progress : 0.939
name: models.architecture.d_model=32
training.rollout_steps=8
models.architecture.block_type=simple
models.architecture.mamba_type=mamba
training.mode=rollout
models.out_dim=6    avg_loss: 0.000000057553  time_per_window : 0.000313   progress : 0.950
name: models.architecture.d_model=32
training.rollout_steps=8
models.architecture.block_type=simple
models.architecture.mamba_type=mamba
training.mode=rollout
models.out_dim=6    avg_loss: 0.000000043989  time_per_window : 0.000319   progress : 0.961
name: models.architecture.d_model=32
training.rollout_steps=8
models.architecture.block_type=simple
models.architecture.mamba_type=mamba
training.mode=rollout
models.out_dim=6    avg_loss: 0.000000043908  time_per_window : 0.000342   progress : 0.972
name: models.architecture.d_model=32
training.rollout_steps=8
models.architecture.block_type=simple
models.architecture.mamba_type=mamba
training.mode=rollout
models.out_dim=6    avg_loss: 0.000000044481  time_per_window : 0.000354   progress : 0.983
name: models.architecture.d_model=32
training.rollout_steps=8
models.architecture.block_type=simple
models.architecture.mamba_type=mamba
training.mode=rollout
models.out_dim=6    avg_loss: 0.000000044871  time_per_window : 0.000338   progress : 0.994
name: models.architecture.d_model=32
training.rollout_steps=8
models.architecture.block_type=simple
models.architecture.mamba_type=mamba
training.mode=rollout
models.out_dim=6    avg_loss: 0.000001982039  time_per_window : 0.000335   progress : 0.011
name: models.architecture.d_model=32
training.rollout_steps=8
models.architecture.block_type=simple
models.architecture.mamba_type=mamba
training.mode=rollout
models.out_dim=6    avg_loss: 0.000000251854  time_per_window : 0.000339   progress : 0.022
name: models.architecture.d_model=32
training.rollout_steps=8
models.architecture.block_type=simple
models.architecture.mamba_type=mamba
training.mode=rollout
models.out_dim=6    avg_loss: 0.000000212074  time_per_window : 0.000325   progress : 0.033
name: models.architecture.d_model=32
training.rollout_steps=8
models.architecture.block_type=simple
models.architecture.mamba_type=mamba
training.mode=rollout
models.out_dim=6    avg_loss: 0.000000170741  time_per_window : 0.000326   progress : 0.044
name: models.architecture.d_model=32
training.rollout_steps=8
models.architecture.block_type=simple
models.architecture.mamba_type=mamba
training.mode=rollout
models.out_dim=6    avg_loss: 0.000000145019  time_per_window : 0.000326   progress : 0.055
name: models.architecture.d_model=32
training.rollout_steps=8
models.architecture.block_type=simple
models.architecture.mamba_type=mamba
training.mode=rollout
models.out_dim=6    avg_loss: 0.000000130369  time_per_window : 0.000347   progress : 0.066
name: models.architecture.d_model=32
training.rollout_steps=8
models.architecture.block_type=simple
models.architecture.mamba_type=mamba
training.mode=rollout
models.out_dim=6    avg_loss: 0.000000123487  time_per_window : 0.000299   progress : 0.076
name: models.architecture.d_model=32
training.rollout_steps=8
models.architecture.block_type=simple
models.architecture.mamba_type=mamba
training.mode=rollout
models.out_dim=6    avg_loss: 0.000000131525  time_per_window : 0.000345   progress : 0.087
name: models.architecture.d_model=32
training.rollout_steps=8
models.architecture.block_type=simple
models.architecture.mamba_type=mamba
training.mode=rollout
models.out_dim=6    avg_loss: 0.000000121078  time_per_window : 0.000289   progress : 0.098
name: models.architecture.d_model=32
training.rollout_steps=8
models.architecture.block_type=simple
models.architecture.mamba_type=mamba
training.mode=rollout
models.out_dim=6    avg_loss: 0.000000118566  time_per_window : 0.000298   progress : 0.109
name: models.architecture.d_model=32
training.rollout_steps=8
models.architecture.block_type=simple
models.architecture.mamba_type=mamba
training.mode=rollout
models.out_dim=6    avg_loss: 0.000000116257  time_per_window : 0.000352   progress : 0.120
name: models.architecture.d_model=32
training.rollout_steps=8
models.architecture.block_type=simple
models.architecture.mamba_type=mamba
training.mode=rollout
models.out_dim=6    avg_loss: 0.000000117590  time_per_window : 0.000288   progress : 0.131
name: models.architecture.d_model=32
training.rollout_steps=8
models.architecture.block_type=simple
models.architecture.mamba_type=mamba
training.mode=rollout
models.out_dim=6    avg_loss: 0.000000113457  time_per_window : 0.000335   progress : 0.142
name: models.architecture.d_model=32
training.rollout_steps=8
models.architecture.block_type=simple
models.architecture.mamba_type=mamba
training.mode=rollout
models.out_dim=6    avg_loss: 0.000000118011  time_per_window : 0.000308   progress : 0.153
name: models.architecture.d_model=32
training.rollout_steps=8
models.architecture.block_type=simple
models.architecture.mamba_type=mamba
training.mode=rollout
models.out_dim=6    avg_loss: 0.000000114758  time_per_window : 0.000293   progress : 0.164
name: models.architecture.d_model=32
training.rollout_steps=8
models.architecture.block_type=simple
models.architecture.mamba_type=mamba
training.mode=rollout
models.out_dim=6    avg_loss: 0.000000104592  time_per_window : 0.000322   progress : 0.175