/home/jdihardjo/miniconda3/envs/mavenv/lib/python3.11/site-packages/hydra/_internal/defaults_list.py:251: UserWarning: In 'config': Defaults list is missing `_self_`. See https://hydra.cc/docs/1.2/upgrades/1.0_to_1.1/default_composition_order for more information
  warnings.warn(msg, UserWarning)
Using cuda device
[2026-07-26 09:21:38,010][HYDRA] Joblib.Parallel(n_jobs=4,backend=loky,prefer=processes,require=None,verbose=0,timeout=None,pre_dispatch=2*n_jobs,batch_size=auto,temp_folder=None,max_nbytes=None,mmap_mode=r) is launching 1 jobs
[2026-07-26 09:21:38,010][HYDRA] Launching jobs, sweep output dir : ablation_runs/2026-07-26_09-21-32/simple_mamba_out6_d64
[2026-07-26 09:21:38,010][HYDRA] 	#0 : models.architecture.d_model=64 training.rollout_steps=8 models.architecture.block_type=simple models.architecture.mamba_type=mamba training.mode=rollout models.out_dim=6
/home/jdihardjo/miniconda3/envs/mavenv/lib/python3.11/site-packages/hydra/_internal/defaults_list.py:251: UserWarning: In 'config': Defaults list is missing `_self_`. See https://hydra.cc/docs/1.2/upgrades/1.0_to_1.1/default_composition_order for more information
  warnings.warn(msg, UserWarning)
models:
  n_dim: 23
  out_dim: 6
  architecture:
    d_model: 64
    n_encoder_layers: 2
    n_decoder_layers: 0
    block_type: simple
    time_adapter: last_token
    in_norm: none
    out_norm: none
    layer_scale: 0.0001
    drop_path: 0.05
    mamba_type: mamba
    mamba_kwargs:
      d_state: 16
      d_conv: 2
      expand: 2
      norm: rms
    skip: false
    cls_kwargs:
      n_heads: 2
      n_mlp: 2
      positional_encoding: false
      max_len: 5000
input_len: 32
output_len: 1
batch_size: 128
epochs: 5
seed: 0
dataset:
  path: /home/jdihardjo/simdata/train.zarr/
  training_size: 1500000
evaluation:
  path: /home/jdihardjo/simdata/evaluation.zarr/
  evaluation_size: 50
training:
  mode: rollout
  lr: 0.0002
  weight_decay: 0.1
  rollout_steps: 8
checkpoint:
  save_path: hydra-test.pth
  load: false
  path: hydra-test.pth
compile: true

/home/jdihardjo/miniconda3/envs/mavenv/lib/python3.11/site-packages/torch/_dynamo/variables/functions.py:2311: UserWarning: Dynamo does not know how to trace the builtin `selective_scan_cuda.pybind11_detail_function_record_v1_system_libstdcpp_gxx_abi_1xxx_use_cxx11_abi_1.fwd.` This function is either a Python builtin (e.g. _warnings.warn) or a third-party C/C++ Python extension (perhaps created with pybind).
If it is a Python builtin, please file an issue on GitHub so the PyTorch team can add support for it and see the next case for a workaround.
If it is a third-party C/C++ Python extension, please either wrap it into a PyTorch-understood custom operator (see https://pytorch.org/tutorials/advanced/custom_ops_landing_page.html for more details) or, if it is traceable, use `torch.compiler.allow_in_graph`.
  torch._dynamo.utils.warn_once(explanation + "\n" + "\n".join(hints))
/home/jdihardjo/miniconda3/envs/mavenv/lib/python3.11/site-packages/torch/_inductor/cudagraph_trees.py:2622: UserWarning: Unable to hit fast path of CUDAGraphs because outputs from a previous step still require backward. Ensure backward() is invoked or detach outputs. You may also call torch.compiler.cudagraph_mark_step_begin() before each model invocation.
  warnings.warn(
name: models.architecture.d_model=64
training.rollout_steps=8
models.architecture.block_type=simple
models.architecture.mamba_type=mamba
training.mode=rollout
models.out_dim=6    avg_loss: 0.000417246571  time_per_window : 0.000293   progress : 0.011
name: models.architecture.d_model=64
training.rollout_steps=8
models.architecture.block_type=simple
models.architecture.mamba_type=mamba
training.mode=rollout
models.out_dim=6    avg_loss: 0.000000744965  time_per_window : 0.000314   progress : 0.022
name: models.architecture.d_model=64
training.rollout_steps=8
models.architecture.block_type=simple
models.architecture.mamba_type=mamba
training.mode=rollout
models.out_dim=6    avg_loss: 0.000000593253  time_per_window : 0.000304   progress : 0.033
name: models.architecture.d_model=64
training.rollout_steps=8
models.architecture.block_type=simple
models.architecture.mamba_type=mamba
training.mode=rollout
models.out_dim=6    avg_loss: 0.000000499912  time_per_window : 0.000279   progress : 0.044
name: models.architecture.d_model=64
training.rollout_steps=8
models.architecture.block_type=simple
models.architecture.mamba_type=mamba
training.mode=rollout
models.out_dim=6    avg_loss: 0.000000404112  time_per_window : 0.000272   progress : 0.055
name: models.architecture.d_model=64
training.rollout_steps=8
models.architecture.block_type=simple
models.architecture.mamba_type=mamba
training.mode=rollout
models.out_dim=6    avg_loss: 0.000000360801  time_per_window : 0.000274   progress : 0.066
name: models.architecture.d_model=64
training.rollout_steps=8
models.architecture.block_type=simple
models.architecture.mamba_type=mamba
training.mode=rollout
models.out_dim=6    avg_loss: 0.000000326078  time_per_window : 0.000269   progress : 0.076
name: models.architecture.d_model=64
training.rollout_steps=8
models.architecture.block_type=simple
models.architecture.mamba_type=mamba
training.mode=rollout
models.out_dim=6    avg_loss: 0.000000298911  time_per_window : 0.000324   progress : 0.087
name: models.architecture.d_model=64
training.rollout_steps=8
models.architecture.block_type=simple
models.architecture.mamba_type=mamba
training.mode=rollout
models.out_dim=6    avg_loss: 0.000000281788  time_per_window : 0.000309   progress : 0.098
name: models.architecture.d_model=64
training.rollout_steps=8
models.architecture.block_type=simple
models.architecture.mamba_type=mamba
training.mode=rollout
models.out_dim=6    avg_loss: 0.000000273251  time_per_window : 0.000297   progress : 0.109
name: models.architecture.d_model=64
training.rollout_steps=8
models.architecture.block_type=simple
models.architecture.mamba_type=mamba
training.mode=rollout
models.out_dim=6    avg_loss: 0.000000252784  time_per_window : 0.000295   progress : 0.120
name: models.architecture.d_model=64
training.rollout_steps=8
models.architecture.block_type=simple
models.architecture.mamba_type=mamba
training.mode=rollout
models.out_dim=6    avg_loss: 0.000000244900  time_per_window : 0.000297   progress : 0.131
name: models.architecture.d_model=64
training.rollout_steps=8
models.architecture.block_type=simple
models.architecture.mamba_type=mamba
training.mode=rollout
models.out_dim=6    avg_loss: 0.000000237050  time_per_window : 0.000305   progress : 0.142
name: models.architecture.d_model=64
training.rollout_steps=8
models.architecture.block_type=simple
models.architecture.mamba_type=mamba
training.mode=rollout
models.out_dim=6    avg_loss: 0.000000225951  time_per_window : 0.000302   progress : 0.153
name: models.architecture.d_model=64
training.rollout_steps=8
models.architecture.block_type=simple
models.architecture.mamba_type=mamba
training.mode=rollout
models.out_dim=6    avg_loss: 0.000000221875  time_per_window : 0.000290   progress : 0.164
name: models.architecture.d_model=64
training.rollout_steps=8
models.architecture.block_type=simple
models.architecture.mamba_type=mamba
training.mode=rollout
models.out_dim=6    avg_loss: 0.000000212133  time_per_window : 0.000308   progress : 0.175
name: models.architecture.d_model=64
training.rollout_steps=8
models.architecture.block_type=simple
models.architecture.mamba_type=mamba
training.mode=rollout
models.out_dim=6    avg_loss: 0.000000213947  time_per_window : 0.000280   progress : 0.186
name: models.architecture.d_model=64
training.rollout_steps=8
models.architecture.block_type=simple
models.architecture.mamba_type=mamba
training.mode=rollout
models.out_dim=6    avg_loss: 0.000000207000  time_per_window : 0.000290   progress : 0.197
name: models.architecture.d_model=64
training.rollout_steps=8
models.architecture.block_type=simple
models.architecture.mamba_type=mamba
training.mode=rollout
models.out_dim=6    avg_loss: 0.000000203108  time_per_window : 0.000268   progress : 0.208
name: models.architecture.d_model=64
training.rollout_steps=8
models.architecture.block_type=simple
models.architecture.mamba_type=mamba
training.mode=rollout
models.out_dim=6    avg_loss: 0.000000195230  time_per_window : 0.000311   progress : 0.218
name: models.architecture.d_model=64
training.rollout_steps=8
models.architecture.block_type=simple
models.architecture.mamba_type=mamba
training.mode=rollout
models.out_dim=6    avg_loss: 0.000000193766  time_per_window : 0.000310   progress : 0.229
name: models.architecture.d_model=64
training.rollout_steps=8
models.architecture.block_type=simple
models.architecture.mamba_type=mamba
training.mode=rollout
models.out_dim=6    avg_loss: 0.000000199803  time_per_window : 0.000306   progress : 0.240
name: models.architecture.d_model=64
training.rollout_steps=8
models.architecture.block_type=simple
models.architecture.mamba_type=mamba
training.mode=rollout
models.out_dim=6    avg_loss: 0.000000192092  time_per_window : 0.000295   progress : 0.251
name: models.architecture.d_model=64
training.rollout_steps=8
models.architecture.block_type=simple
models.architecture.mamba_type=mamba
training.mode=rollout
models.out_dim=6    avg_loss: 0.000000187099  time_per_window : 0.000278   progress : 0.262
name: models.architecture.d_model=64
training.rollout_steps=8
models.architecture.block_type=simple
models.architecture.mamba_type=mamba
training.mode=rollout
models.out_dim=6    avg_loss: 0.000000182388  time_per_window : 0.000253   progress : 0.273
name: models.architecture.d_model=64
training.rollout_steps=8
models.architecture.block_type=simple
models.architecture.mamba_type=mamba
training.mode=rollout
models.out_dim=6    avg_loss: 0.000000173946  time_per_window : 0.000322   progress : 0.284
name: models.architecture.d_model=64
training.rollout_steps=8
models.architecture.block_type=simple
models.architecture.mamba_type=mamba
training.mode=rollout
models.out_dim=6    avg_loss: 0.000000178364  time_per_window : 0.000300   progress : 0.295
name: models.architecture.d_model=64
training.rollout_steps=8
models.architecture.block_type=simple
models.architecture.mamba_type=mamba
training.mode=rollout
models.out_dim=6    avg_loss: 0.000000164212  time_per_window : 0.000291   progress : 0.306
name: models.architecture.d_model=64
training.rollout_steps=8
models.architecture.block_type=simple
models.architecture.mamba_type=mamba
training.mode=rollout
models.out_dim=6    avg_loss: 0.000000156517  time_per_window : 0.000297   progress : 0.317
name: models.architecture.d_model=64
training.rollout_steps=8
models.architecture.block_type=simple
models.architecture.mamba_type=mamba
training.mode=rollout
models.out_dim=6    avg_loss: 0.000000153245  time_per_window : 0.000300   progress : 0.328
name: models.architecture.d_model=64
training.rollout_steps=8
models.architecture.block_type=simple
models.architecture.mamba_type=mamba
training.mode=rollout
models.out_dim=6    avg_loss: 0.000000145575  time_per_window : 0.000304   progress : 0.339
name: models.architecture.d_model=64
training.rollout_steps=8
models.architecture.block_type=simple
models.architecture.mamba_type=mamba
training.mode=rollout
models.out_dim=6    avg_loss: 0.000000130046  time_per_window : 0.000312   progress : 0.350
name: models.architecture.d_model=64
training.rollout_steps=8
models.architecture.block_type=simple
models.architecture.mamba_type=mamba
training.mode=rollout
models.out_dim=6    avg_loss: 0.000000117870  time_per_window : 0.000279   progress : 0.360
name: models.architecture.d_model=64
training.rollout_steps=8
models.architecture.block_type=simple
models.architecture.mamba_type=mamba
training.mode=rollout
models.out_dim=6    avg_loss: 0.000000113011  time_per_window : 0.000306   progress : 0.371
name: models.architecture.d_model=64
training.rollout_steps=8
models.architecture.block_type=simple
models.architecture.mamba_type=mamba
training.mode=rollout
models.out_dim=6    avg_loss: 0.000000094313  time_per_window : 0.000297   progress : 0.382
name: models.architecture.d_model=64
training.rollout_steps=8
models.architecture.block_type=simple
models.architecture.mamba_type=mamba
training.mode=rollout
models.out_dim=6    avg_loss: 0.000000089539  time_per_window : 0.000324   progress : 0.393
name: models.architecture.d_model=64
training.rollout_steps=8
models.architecture.block_type=simple
models.architecture.mamba_type=mamba
training.mode=rollout
models.out_dim=6    avg_loss: 0.000000089112  time_per_window : 0.000315   progress : 0.404
name: models.architecture.d_model=64
training.rollout_steps=8
models.architecture.block_type=simple
models.architecture.mamba_type=mamba
training.mode=rollout
models.out_dim=6    avg_loss: 0.000000081062  time_per_window : 0.000293   progress : 0.415
name: models.architecture.d_model=64
training.rollout_steps=8
models.architecture.block_type=simple
models.architecture.mamba_type=mamba
training.mode=rollout
models.out_dim=6    avg_loss: 0.000000075590  time_per_window : 0.000308   progress : 0.426
name: models.architecture.d_model=64
training.rollout_steps=8
models.architecture.block_type=simple
models.architecture.mamba_type=mamba
training.mode=rollout
models.out_dim=6    avg_loss: 0.000000079472  time_per_window : 0.000315   progress : 0.437
name: models.architecture.d_model=64
training.rollout_steps=8
models.architecture.block_type=simple
models.architecture.mamba_type=mamba
training.mode=rollout
models.out_dim=6    avg_loss: 0.000000085380  time_per_window : 0.000323   progress : 0.448
name: models.architecture.d_model=64
training.rollout_steps=8
models.architecture.block_type=simple
models.architecture.mamba_type=mamba
training.mode=rollout
models.out_dim=6    avg_loss: 0.000000072012  time_per_window : 0.000307   progress : 0.459
name: models.architecture.d_model=64
training.rollout_steps=8
models.architecture.block_type=simple
models.architecture.mamba_type=mamba
training.mode=rollout
models.out_dim=6    avg_loss: 0.000000087172  time_per_window : 0.000286   progress : 0.470
name: models.architecture.d_model=64
training.rollout_steps=8
models.architecture.block_type=simple
models.architecture.mamba_type=mamba
training.mode=rollout
models.out_dim=6    avg_loss: 0.000000076903  time_per_window : 0.000315   progress : 0.481
name: models.architecture.d_model=64
training.rollout_steps=8
models.architecture.block_type=simple
models.architecture.mamba_type=mamba
training.mode=rollout
models.out_dim=6    avg_loss: 0.000000077512  time_per_window : 0.000336   progress : 0.492
name: models.architecture.d_model=64
training.rollout_steps=8
models.architecture.block_type=simple
models.architecture.mamba_type=mamba
training.mode=rollout
models.out_dim=6    avg_loss: 0.000000093963  time_per_window : 0.000324   progress : 0.502
name: models.architecture.d_model=64
training.rollout_steps=8
models.architecture.block_type=simple
models.architecture.mamba_type=mamba
training.mode=rollout
models.out_dim=6    avg_loss: 0.000000087014  time_per_window : 0.000307   progress : 0.513
name: models.architecture.d_model=64
training.rollout_steps=8
models.architecture.block_type=simple
models.architecture.mamba_type=mamba
training.mode=rollout
models.out_dim=6    avg_loss: 0.000000078634  time_per_window : 0.000315   progress : 0.524
name: models.architecture.d_model=64
training.rollout_steps=8
models.architecture.block_type=simple
models.architecture.mamba_type=mamba
training.mode=rollout
models.out_dim=6    avg_loss: 0.000000079773  time_per_window : 0.000261   progress : 0.535
name: models.architecture.d_model=64
training.rollout_steps=8
models.architecture.block_type=simple
models.architecture.mamba_type=mamba
training.mode=rollout
models.out_dim=6    avg_loss: 0.000000073922  time_per_window : 0.000328   progress : 0.546
name: models.architecture.d_model=64
training.rollout_steps=8
models.architecture.block_type=simple
models.architecture.mamba_type=mamba
training.mode=rollout
models.out_dim=6    avg_loss: 0.000000076594  time_per_window : 0.000311   progress : 0.557
name: models.architecture.d_model=64
training.rollout_steps=8
models.architecture.block_type=simple
models.architecture.mamba_type=mamba
training.mode=rollout
models.out_dim=6    avg_loss: 0.000000080188  time_per_window : 0.000320   progress : 0.568
name: models.architecture.d_model=64
training.rollout_steps=8
models.architecture.block_type=simple
models.architecture.mamba_type=mamba
training.mode=rollout
models.out_dim=6    avg_loss: 0.000000079017  time_per_window : 0.000302   progress : 0.579
name: models.architecture.d_model=64
training.rollout_steps=8
models.architecture.block_type=simple
models.architecture.mamba_type=mamba
training.mode=rollout
models.out_dim=6    avg_loss: 0.000000074983  time_per_window : 0.000320   progress : 0.590
name: models.architecture.d_model=64
training.rollout_steps=8
models.architecture.block_type=simple
models.architecture.mamba_type=mamba
training.mode=rollout
models.out_dim=6    avg_loss: 0.000000078834  time_per_window : 0.000306   progress : 0.601
name: models.architecture.d_model=64
training.rollout_steps=8
models.architecture.block_type=simple
models.architecture.mamba_type=mamba
training.mode=rollout
models.out_dim=6    avg_loss: 0.000000086728  time_per_window : 0.000291   progress : 0.612
name: models.architecture.d_model=64
training.rollout_steps=8
models.architecture.block_type=simple
models.architecture.mamba_type=mamba
training.mode=rollout
models.out_dim=6    avg_loss: 0.000000073519  time_per_window : 0.000302   progress : 0.623
name: models.architecture.d_model=64
training.rollout_steps=8
models.architecture.block_type=simple
models.architecture.mamba_type=mamba
training.mode=rollout
models.out_dim=6    avg_loss: 0.000000071439  time_per_window : 0.000325   progress : 0.634
name: models.architecture.d_model=64
training.rollout_steps=8
models.architecture.block_type=simple
models.architecture.mamba_type=mamba
training.mode=rollout
models.out_dim=6    avg_loss: 0.000000081543  time_per_window : 0.000317   progress : 0.644
name: models.architecture.d_model=64
training.rollout_steps=8
models.architecture.block_type=simple
models.architecture.mamba_type=mamba
training.mode=rollout
models.out_dim=6    avg_loss: 0.000000080794  time_per_window : 0.000338   progress : 0.655
name: models.architecture.d_model=64
training.rollout_steps=8
models.architecture.block_type=simple
models.architecture.mamba_type=mamba
training.mode=rollout
models.out_dim=6    avg_loss: 0.000000074498  time_per_window : 0.000316   progress : 0.666
name: models.architecture.d_model=64
training.rollout_steps=8
models.architecture.block_type=simple
models.architecture.mamba_type=mamba
training.mode=rollout
models.out_dim=6    avg_loss: 0.000000073836  time_per_window : 0.000294   progress : 0.677
name: models.architecture.d_model=64
training.rollout_steps=8
models.architecture.block_type=simple
models.architecture.mamba_type=mamba
training.mode=rollout
models.out_dim=6    avg_loss: 0.000000082751  time_per_window : 0.000314   progress : 0.688
name: models.architecture.d_model=64
training.rollout_steps=8
models.architecture.block_type=simple
models.architecture.mamba_type=mamba
training.mode=rollout
models.out_dim=6    avg_loss: 0.000000078590  time_per_window : 0.000309   progress : 0.699
name: models.architecture.d_model=64
training.rollout_steps=8
models.architecture.block_type=simple
models.architecture.mamba_type=mamba
training.mode=rollout
models.out_dim=6    avg_loss: 0.000000076296  time_per_window : 0.000325   progress : 0.710
name: models.architecture.d_model=64
training.rollout_steps=8
models.architecture.block_type=simple
models.architecture.mamba_type=mamba
training.mode=rollout
models.out_dim=6    avg_loss: 0.000000072273  time_per_window : 0.000289   progress : 0.721/home/jdihardjo/miniconda3/envs/mavenv/lib/python3.11/site-packages/torch/_inductor/cudagraph_trees.py:2622: UserWarning: Unable to hit fast path of CUDAGraphs because outputs from a previous step still require backward. Ensure backward() is invoked or detach outputs. You may also call torch.compiler.cudagraph_mark_step_begin() before each model invocation.
  warnings.warn(
/home/jdihardjo/miniconda3/envs/mavenv/lib/python3.11/site-packages/torch/_inductor/cudagraph_trees.py:2622: UserWarning: Unable to hit fast path of CUDAGraphs because outputs from a previous step still require backward. Ensure backward() is invoked or detach outputs. You may also call torch.compiler.cudagraph_mark_step_begin() before each model invocation.
  warnings.warn(

name: models.architecture.d_model=64
training.rollout_steps=8
models.architecture.block_type=simple
models.architecture.mamba_type=mamba
training.mode=rollout
models.out_dim=6    avg_loss: 0.000000070512  time_per_window : 0.000324   progress : 0.732
name: models.architecture.d_model=64
training.rollout_steps=8
models.architecture.block_type=simple
models.architecture.mamba_type=mamba
training.mode=rollout
models.out_dim=6    avg_loss: 0.000000073949  time_per_window : 0.000302   progress : 0.743
name: models.architecture.d_model=64
training.rollout_steps=8
models.architecture.block_type=simple
models.architecture.mamba_type=mamba
training.mode=rollout
models.out_dim=6    avg_loss: 0.000000077187  time_per_window : 0.000285   progress : 0.754
name: models.architecture.d_model=64
training.rollout_steps=8
models.architecture.block_type=simple
models.architecture.mamba_type=mamba
training.mode=rollout
models.out_dim=6    avg_loss: 0.000000072623  time_per_window : 0.000299   progress : 0.765
name: models.architecture.d_model=64
training.rollout_steps=8
models.architecture.block_type=simple
models.architecture.mamba_type=mamba
training.mode=rollout
models.out_dim=6    avg_loss: 0.000000070257  time_per_window : 0.000316   progress : 0.775
name: models.architecture.d_model=64
training.rollout_steps=8
models.architecture.block_type=simple
models.architecture.mamba_type=mamba
training.mode=rollout
models.out_dim=6    avg_loss: 0.000000074369  time_per_window : 0.000310   progress : 0.786
name: models.architecture.d_model=64
training.rollout_steps=8
models.architecture.block_type=simple
models.architecture.mamba_type=mamba
training.mode=rollout
models.out_dim=6    avg_loss: 0.000000071439  time_per_window : 0.000300   progress : 0.797
name: models.architecture.d_model=64
training.rollout_steps=8
models.architecture.block_type=simple
models.architecture.mamba_type=mamba
training.mode=rollout
models.out_dim=6    avg_loss: 0.000000076906  time_per_window : 0.000301   progress : 0.808
name: models.architecture.d_model=64
training.rollout_steps=8
models.architecture.block_type=simple
models.architecture.mamba_type=mamba
training.mode=rollout
models.out_dim=6    avg_loss: 0.000000068190  time_per_window : 0.000342   progress : 0.819
name: models.architecture.d_model=64
training.rollout_steps=8
models.architecture.block_type=simple
models.architecture.mamba_type=mamba
training.mode=rollout
models.out_dim=6    avg_loss: 0.000000072559  time_per_window : 0.000293   progress : 0.830
name: models.architecture.d_model=64
training.rollout_steps=8
models.architecture.block_type=simple
models.architecture.mamba_type=mamba
training.mode=rollout
models.out_dim=6    avg_loss: 0.000000076193  time_per_window : 0.000337   progress : 0.841
name: models.architecture.d_model=64
training.rollout_steps=8
models.architecture.block_type=simple
models.architecture.mamba_type=mamba
training.mode=rollout
models.out_dim=6    avg_loss: 0.000000064951  time_per_window : 0.000314   progress : 0.852
name: models.architecture.d_model=64
training.rollout_steps=8
models.architecture.block_type=simple
models.architecture.mamba_type=mamba
training.mode=rollout
models.out_dim=6    avg_loss: 0.000000069833  time_per_window : 0.000344   progress : 0.863
name: models.architecture.d_model=64
training.rollout_steps=8
models.architecture.block_type=simple
models.architecture.mamba_type=mamba
training.mode=rollout
models.out_dim=6    avg_loss: 0.000000070570  time_per_window : 0.000350   progress : 0.874
name: models.architecture.d_model=64
training.rollout_steps=8
models.architecture.block_type=simple
models.architecture.mamba_type=mamba
training.mode=rollout
models.out_dim=6    avg_loss: 0.000000072001  time_per_window : 0.000332   progress : 0.885
name: models.architecture.d_model=64
training.rollout_steps=8
models.architecture.block_type=simple
models.architecture.mamba_type=mamba
training.mode=rollout
models.out_dim=6    avg_loss: 0.000000062588  time_per_window : 0.000286   progress : 0.896
name: models.architecture.d_model=64
training.rollout_steps=8
models.architecture.block_type=simple
models.architecture.mamba_type=mamba
training.mode=rollout
models.out_dim=6    avg_loss: 0.000000066320  time_per_window : 0.000308   progress : 0.907
name: models.architecture.d_model=64
training.rollout_steps=8
models.architecture.block_type=simple
models.architecture.mamba_type=mamba
training.mode=rollout
models.out_dim=6    avg_loss: 0.000000069573  time_per_window : 0.000322   progress : 0.917
name: models.architecture.d_model=64
training.rollout_steps=8
models.architecture.block_type=simple
models.architecture.mamba_type=mamba
training.mode=rollout
models.out_dim=6    avg_loss: 0.000000061933  time_per_window : 0.000308   progress : 0.928
name: models.architecture.d_model=64
training.rollout_steps=8
models.architecture.block_type=simple
models.architecture.mamba_type=mamba
training.mode=rollout
models.out_dim=6    avg_loss: 0.000000065573  time_per_window : 0.000312   progress : 0.939
name: models.architecture.d_model=64
training.rollout_steps=8
models.architecture.block_type=simple
models.architecture.mamba_type=mamba
training.mode=rollout
models.out_dim=6    avg_loss: 0.000000070492  time_per_window : 0.000300   progress : 0.950
name: models.architecture.d_model=64
training.rollout_steps=8
models.architecture.block_type=simple
models.architecture.mamba_type=mamba
training.mode=rollout
models.out_dim=6    avg_loss: 0.000000073991  time_per_window : 0.000328   progress : 0.961
name: models.architecture.d_model=64
training.rollout_steps=8
models.architecture.block_type=simple
models.architecture.mamba_type=mamba
training.mode=rollout
models.out_dim=6    avg_loss: 0.000000066490  time_per_window : 0.000311   progress : 0.972
name: models.architecture.d_model=64
training.rollout_steps=8
models.architecture.block_type=simple
models.architecture.mamba_type=mamba
training.mode=rollout
models.out_dim=6    avg_loss: 0.000000060072  time_per_window : 0.000293   progress : 0.983
name: models.architecture.d_model=64
training.rollout_steps=8
models.architecture.block_type=simple
models.architecture.mamba_type=mamba
training.mode=rollout
models.out_dim=6    avg_loss: 0.000000059056  time_per_window : 0.000316   progress : 0.994
name: models.architecture.d_model=64
training.rollout_steps=8
models.architecture.block_type=simple
models.architecture.mamba_type=mamba
training.mode=rollout
models.out_dim=6    avg_loss: 0.000000082178  time_per_window : 0.000339   progress : 0.011
name: models.architecture.d_model=64
training.rollout_steps=8
models.architecture.block_type=simple
models.architecture.mamba_type=mamba
training.mode=rollout
models.out_dim=6    avg_loss: 0.000000074347  time_per_window : 0.000332   progress : 0.022
name: models.architecture.d_model=64
training.rollout_steps=8
models.architecture.block_type=simple
models.architecture.mamba_type=mamba
training.mode=rollout
models.out_dim=6    avg_loss: 0.000000078003  time_per_window : 0.000344   progress : 0.033
name: models.architecture.d_model=64
training.rollout_steps=8
models.architecture.block_type=simple
models.architecture.mamba_type=mamba
training.mode=rollout
models.out_dim=6    avg_loss: 0.000000071555  time_per_window : 0.000325   progress : 0.044
name: models.architecture.d_model=64
training.rollout_steps=8
models.architecture.block_type=simple
models.architecture.mamba_type=mamba
training.mode=rollout
models.out_dim=6    avg_loss: 0.000000067711  time_per_window : 0.000322   progress : 0.055
name: models.architecture.d_model=64
training.rollout_steps=8
models.architecture.block_type=simple
models.architecture.mamba_type=mamba
training.mode=rollout
models.out_dim=6    avg_loss: 0.000000066614  time_per_window : 0.000315   progress : 0.066
name: models.architecture.d_model=64
training.rollout_steps=8
models.architecture.block_type=simple
models.architecture.mamba_type=mamba
training.mode=rollout
models.out_dim=6    avg_loss: 0.000000063482  time_per_window : 0.000331   progress : 0.076
name: models.architecture.d_model=64
training.rollout_steps=8
models.architecture.block_type=simple
models.architecture.mamba_type=mamba
training.mode=rollout
models.out_dim=6    avg_loss: 0.000000070217  time_per_window : 0.000325   progress : 0.087
name: models.architecture.d_model=64
training.rollout_steps=8
models.architecture.block_type=simple
models.architecture.mamba_type=mamba
training.mode=rollout
models.out_dim=6    avg_loss: 0.000000068003  time_per_window : 0.000331   progress : 0.098
name: models.architecture.d_model=64
training.rollout_steps=8
models.architecture.block_type=simple
models.architecture.mamba_type=mamba
training.mode=rollout
models.out_dim=6    avg_loss: 0.000000066710  time_per_window : 0.000342   progress : 0.109
name: models.architecture.d_model=64
training.rollout_steps=8
models.architecture.block_type=simple
models.architecture.mamba_type=mamba
training.mode=rollout
models.out_dim=6    avg_loss: 0.000000063604  time_per_window : 0.000281   progress : 0.120
name: models.architecture.d_model=64
training.rollout_steps=8
models.architecture.block_type=simple
models.architecture.mamba_type=mamba
training.mode=rollout
models.out_dim=6    avg_loss: 0.000000068414  time_per_window : 0.000340   progress : 0.131
name: models.architecture.d_model=64
training.rollout_steps=8
models.architecture.block_type=simple
models.architecture.mamba_type=mamba
training.mode=rollout
models.out_dim=6    avg_loss: 0.000000064916  time_per_window : 0.000327   progress : 0.142
name: models.architecture.d_model=64
training.rollout_steps=8
models.architecture.block_type=simple
models.architecture.mamba_type=mamba
training.mode=rollout
models.out_dim=6    avg_loss: 0.000000067108  time_per_window : 0.000339   progress : 0.153
name: models.architecture.d_model=64
training.rollout_steps=8
models.architecture.block_type=simple
models.architecture.mamba_type=mamba
training.mode=rollout
models.out_dim=6    avg_loss: 0.000000059685  time_per_window : 0.000355   progress : 0.164
name: models.architecture.d_model=64
training.rollout_steps=8
models.architecture.block_type=simple
models.architecture.mamba_type=mamba
training.mode=rollout
models.out_dim=6    avg_loss: 0.000000060346  time_per_window : 0.000358   progress : 0.175
name: models.architecture.d_model=64
training.rollout_steps=8
models.architecture.block_type=simple
models.architecture.mamba_type=mamba
training.mode=rollout
models.out_dim=6    avg_loss: 0.000000063887  time_per_window : 0.000308   progress : 0.186
name: models.architecture.d_model=64
training.rollout_steps=8
models.architecture.block_type=simple
models.architecture.mamba_type=mamba
training.mode=rollout
models.out_dim=6    avg_loss: 0.000000063376  time_per_window : 0.000331   progress : 0.197
name: models.architecture.d_model=64
training.rollout_steps=8
models.architecture.block_type=simple
models.architecture.mamba_type=mamba
training.mode=rollout
models.out_dim=6    avg_loss: 0.000000062900  time_per_window : 0.000323   progress : 0.208
name: models.architecture.d_model=64
training.rollout_steps=8
models.architecture.block_type=simple
models.architecture.mamba_type=mamba
training.mode=rollout
models.out_dim=6    avg_loss: 0.000000061297  time_per_window : 0.000342   progress : 0.218
name: models.architecture.d_model=64
training.rollout_steps=8
models.architecture.block_type=simple
models.architecture.mamba_type=mamba
training.mode=rollout
models.out_dim=6    avg_loss: 0.000000061678  time_per_window : 0.000320   progress : 0.229
name: models.architecture.d_model=64
training.rollout_steps=8
models.architecture.block_type=simple
models.architecture.mamba_type=mamba
training.mode=rollout
models.out_dim=6    avg_loss: 0.000000063447  time_per_window : 0.000315   progress : 0.240
name: models.architecture.d_model=64
training.rollout_steps=8
models.architecture.block_type=simple
models.architecture.mamba_type=mamba
training.mode=rollout
models.out_dim=6    avg_loss: 0.000000064656  time_per_window : 0.000329   progress : 0.251
name: models.architecture.d_model=64
training.rollout_steps=8
models.architecture.block_type=simple
models.architecture.mamba_type=mamba
training.mode=rollout
models.out_dim=6    avg_loss: 0.000000057782  time_per_window : 0.000327   progress : 0.262
name: models.architecture.d_model=64
training.rollout_steps=8
models.architecture.block_type=simple
models.architecture.mamba_type=mamba
training.mode=rollout
models.out_dim=6    avg_loss: 0.000000056860  time_per_window : 0.000322   progress : 0.273
name: models.architecture.d_model=64
training.rollout_steps=8
models.architecture.block_type=simple
models.architecture.mamba_type=mamba
training.mode=rollout
models.out_dim=6    avg_loss: 0.000000057368  time_per_window : 0.000325   progress : 0.284
name: models.architecture.d_model=64
training.rollout_steps=8
models.architecture.block_type=simple
models.architecture.mamba_type=mamba
training.mode=rollout
models.out_dim=6    avg_loss: 0.000000061523  time_per_window : 0.000333   progress : 0.295
name: models.architecture.d_model=64
training.rollout_steps=8
models.architecture.block_type=simple
models.architecture.mamba_type=mamba
training.mode=rollout
models.out_dim=6    avg_loss: 0.000000054037  time_per_window : 0.000345   progress : 0.306
name: models.architecture.d_model=64
training.rollout_steps=8
models.architecture.block_type=simple
models.architecture.mamba_type=mamba
training.mode=rollout
models.out_dim=6    avg_loss: 0.000000054752  time_per_window : 0.000334   progress : 0.317
name: models.architecture.d_model=64
training.rollout_steps=8
models.architecture.block_type=simple
models.architecture.mamba_type=mamba
training.mode=rollout
models.out_dim=6    avg_loss: 0.000000055196  time_per_window : 0.000291   progress : 0.328
name: models.architecture.d_model=64
training.rollout_steps=8
models.architecture.block_type=simple
models.architecture.mamba_type=mamba
training.mode=rollout
models.out_dim=6    avg_loss: 0.000000060854  time_per_window : 0.000308   progress : 0.339
name: models.architecture.d_model=64
training.rollout_steps=8
models.architecture.block_type=simple
models.architecture.mamba_type=mamba
training.mode=rollout
models.out_dim=6    avg_loss: 0.000000053801  time_per_window : 0.000314   progress : 0.350
name: models.architecture.d_model=64
training.rollout_steps=8
models.architecture.block_type=simple
models.architecture.mamba_type=mamba
training.mode=rollout
models.out_dim=6    avg_loss: 0.000000055137  time_per_window : 0.000336   progress : 0.360
name: models.architecture.d_model=64
training.rollout_steps=8
models.architecture.block_type=simple
models.architecture.mamba_type=mamba
training.mode=rollout
models.out_dim=6    avg_loss: 0.000000054389  time_per_window : 0.000314   progress : 0.371
name: models.architecture.d_model=64
training.rollout_steps=8
models.architecture.block_type=simple
models.architecture.mamba_type=mamba
training.mode=rollout
models.out_dim=6    avg_loss: 0.000000056266  time_per_window : 0.000330   progress : 0.382
name: models.architecture.d_model=64
training.rollout_steps=8
models.architecture.block_type=simple
models.architecture.mamba_type=mamba
training.mode=rollout
models.out_dim=6    avg_loss: 0.000000054155  time_per_window : 0.000333   progress : 0.393
name: models.architecture.d_model=64
training.rollout_steps=8
models.architecture.block_type=simple
models.architecture.mamba_type=mamba
training.mode=rollout
models.out_dim=6    avg_loss: 0.000000056209  time_per_window : 0.000300   progress : 0.404
name: models.architecture.d_model=64
training.rollout_steps=8
models.architecture.block_type=simple
models.architecture.mamba_type=mamba
training.mode=rollout
models.out_dim=6    avg_loss: 0.000000052124  time_per_window : 0.000323   progress : 0.415
name: models.architecture.d_model=64
training.rollout_steps=8
models.architecture.block_type=simple
models.architecture.mamba_type=mamba
training.mode=rollout
models.out_dim=6    avg_loss: 0.000000054088  time_per_window : 0.000349   progress : 0.426
name: models.architecture.d_model=64
training.rollout_steps=8
models.architecture.block_type=simple
models.architecture.mamba_type=mamba
training.mode=rollout
models.out_dim=6    avg_loss: 0.000000055669  time_per_window : 0.000313   progress : 0.437
name: models.architecture.d_model=64
training.rollout_steps=8
models.architecture.block_type=simple
models.architecture.mamba_type=mamba
training.mode=rollout
models.out_dim=6    avg_loss: 0.000000054009  time_per_window : 0.000354   progress : 0.448
name: models.architecture.d_model=64
training.rollout_steps=8
models.architecture.block_type=simple
models.architecture.mamba_type=mamba
training.mode=rollout
models.out_dim=6    avg_loss: 0.000000048781  time_per_window : 0.000325   progress : 0.459
name: models.architecture.d_model=64
training.rollout_steps=8
models.architecture.block_type=simple
models.architecture.mamba_type=mamba
training.mode=rollout
models.out_dim=6    avg_loss: 0.000000052110  time_per_window : 0.000334   progress : 0.470
name: models.architecture.d_model=64
training.rollout_steps=8
models.architecture.block_type=simple
models.architecture.mamba_type=mamba
training.mode=rollout
models.out_dim=6    avg_loss: 0.000000052054  time_per_window : 0.000324   progress : 0.481
name: models.architecture.d_model=64
training.rollout_steps=8
models.architecture.block_type=simple
models.architecture.mamba_type=mamba
training.mode=rollout
models.out_dim=6    avg_loss: 0.000000051460  time_per_window : 0.000321   progress : 0.492
name: models.architecture.d_model=64
training.rollout_steps=8
models.architecture.block_type=simple
models.architecture.mamba_type=mamba
training.mode=rollout
models.out_dim=6    avg_loss: 0.000000055358  time_per_window : 0.000345   progress : 0.502
name: models.architecture.d_model=64
training.rollout_steps=8
models.architecture.block_type=simple
models.architecture.mamba_type=mamba
training.mode=rollout
models.out_dim=6    avg_loss: 0.000000052362  time_per_window : 0.000333   progress : 0.513
name: models.architecture.d_model=64
training.rollout_steps=8
models.architecture.block_type=simple
models.architecture.mamba_type=mamba
training.mode=rollout
models.out_dim=6    avg_loss: 0.000000049737  time_per_window : 0.000317   progress : 0.524
name: models.architecture.d_model=64
training.rollout_steps=8
models.architecture.block_type=simple
models.architecture.mamba_type=mamba
training.mode=rollout
models.out_dim=6    avg_loss: 0.000000048695  time_per_window : 0.000317   progress : 0.535
name: models.architecture.d_model=64
training.rollout_steps=8
models.architecture.block_type=simple
models.architecture.mamba_type=mamba
training.mode=rollout
models.out_dim=6    avg_loss: 0.000000051106  time_per_window : 0.000319   progress : 0.546
name: models.architecture.d_model=64
training.rollout_steps=8
models.architecture.block_type=simple
models.architecture.mamba_type=mamba
training.mode=rollout
models.out_dim=6    avg_loss: 0.000000048236  time_per_window : 0.000307   progress : 0.557
name: models.architecture.d_model=64
training.rollout_steps=8
models.architecture.block_type=simple
models.architecture.mamba_type=mamba
training.mode=rollout
models.out_dim=6    avg_loss: 0.000000048198  time_per_window : 0.000323   progress : 0.568
name: models.architecture.d_model=64
training.rollout_steps=8
models.architecture.block_type=simple
models.architecture.mamba_type=mamba
training.mode=rollout
models.out_dim=6    avg_loss: 0.000000048230  time_per_window : 0.000315   progress : 0.579
name: models.architecture.d_model=64
training.rollout_steps=8
models.architecture.block_type=simple
models.architecture.mamba_type=mamba
training.mode=rollout
models.out_dim=6    avg_loss: 0.000000048479  time_per_window : 0.000327   progress : 0.590
name: models.architecture.d_model=64
training.rollout_steps=8
models.architecture.block_type=simple
models.architecture.mamba_type=mamba
training.mode=rollout
models.out_dim=6    avg_loss: 0.000000045016  time_per_window : 0.000318   progress : 0.601
name: models.architecture.d_model=64
training.rollout_steps=8
models.architecture.block_type=simple
models.architecture.mamba_type=mamba
training.mode=rollout
models.out_dim=6    avg_loss: 0.000000047564  time_per_window : 0.000320   progress : 0.612
name: models.architecture.d_model=64
training.rollout_steps=8
models.architecture.block_type=simple
models.architecture.mamba_type=mamba
training.mode=rollout
models.out_dim=6    avg_loss: 0.000000045537  time_per_window : 0.000329   progress : 0.623
name: models.architecture.d_model=64
training.rollout_steps=8
models.architecture.block_type=simple
models.architecture.mamba_type=mamba
training.mode=rollout
models.out_dim=6    avg_loss: 0.000000045176  time_per_window : 0.000337   progress : 0.634
name: models.architecture.d_model=64
training.rollout_steps=8
models.architecture.block_type=simple
models.architecture.mamba_type=mamba
training.mode=rollout
models.out_dim=6    avg_loss: 0.000000044892  time_per_window : 0.000330   progress : 0.644
name: models.architecture.d_model=64
training.rollout_steps=8
models.architecture.block_type=simple
models.architecture.mamba_type=mamba
training.mode=rollout
models.out_dim=6    avg_loss: 0.000000046067  time_per_window : 0.000322   progress : 0.655
name: models.architecture.d_model=64
training.rollout_steps=8
models.architecture.block_type=simple
models.architecture.mamba_type=mamba
training.mode=rollout
models.out_dim=6    avg_loss: 0.000000045474  time_per_window : 0.000343   progress : 0.666
name: models.architecture.d_model=64
training.rollout_steps=8
models.architecture.block_type=simple
models.architecture.mamba_type=mamba
training.mode=rollout
models.out_dim=6    avg_loss: 0.000000041845  time_per_window : 0.000338   progress : 0.677
name: models.architecture.d_model=64
training.rollout_steps=8
models.architecture.block_type=simple
models.architecture.mamba_type=mamba
training.mode=rollout
models.out_dim=6    avg_loss: 0.000000044938  time_per_window : 0.000321   progress : 0.688
name: models.architecture.d_model=64
training.rollout_steps=8
models.architecture.block_type=simple
models.architecture.mamba_type=mamba
training.mode=rollout
models.out_dim=6    avg_loss: 0.000000046115  time_per_window : 0.000288   progress : 0.699
name: models.architecture.d_model=64
training.rollout_steps=8
models.architecture.block_type=simple
models.architecture.mamba_type=mamba
training.mode=rollout
models.out_dim=6    avg_loss: 0.000000037298  time_per_window : 0.000339   progress : 0.710
name: models.architecture.d_model=64
training.rollout_steps=8
models.architecture.block_type=simple
models.architecture.mamba_type=mamba
training.mode=rollout
models.out_dim=6    avg_loss: 0.000000041378  time_per_window : 0.000290   progress : 0.721
name: models.architecture.d_model=64
training.rollout_steps=8
models.architecture.block_type=simple
models.architecture.mamba_type=mamba
training.mode=rollout
models.out_dim=6    avg_loss: 0.000000042456  time_per_window : 0.000311   progress : 0.732
name: models.architecture.d_model=64
training.rollout_steps=8
models.architecture.block_type=simple
models.architecture.mamba_type=mamba
training.mode=rollout
models.out_dim=6    avg_loss: 0.000000040957  time_per_window : 0.000333   progress : 0.743
name: models.architecture.d_model=64
training.rollout_steps=8
models.architecture.block_type=simple
models.architecture.mamba_type=mamba
training.mode=rollout
models.out_dim=6    avg_loss: 0.000000039439  time_per_window : 0.000340   progress : 0.754
name: models.architecture.d_model=64
training.rollout_steps=8
models.architecture.block_type=simple
models.architecture.mamba_type=mamba
training.mode=rollout
models.out_dim=6    avg_loss: 0.000000038638  time_per_window : 0.000317   progress : 0.765
name: models.architecture.d_model=64
training.rollout_steps=8
models.architecture.block_type=simple
models.architecture.mamba_type=mamba
training.mode=rollout
models.out_dim=6    avg_loss: 0.000000046608  time_per_window : 0.000316   progress : 0.775
name: models.architecture.d_model=64
training.rollout_steps=8
models.architecture.block_type=simple
models.architecture.mamba_type=mamba
training.mode=rollout
models.out_dim=6    avg_loss: 0.000000036332  time_per_window : 0.000291   progress : 0.786
name: models.architecture.d_model=64
training.rollout_steps=8
models.architecture.block_type=simple
models.architecture.mamba_type=mamba
training.mode=rollout
models.out_dim=6    avg_loss: 0.000000037025  time_per_window : 0.000296   progress : 0.797
name: models.architecture.d_model=64
training.rollout_steps=8
models.architecture.block_type=simple
models.architecture.mamba_type=mamba
training.mode=rollout
models.out_dim=6    avg_loss: 0.000000037344  time_per_window : 0.000339   progress : 0.808
name: models.architecture.d_model=64
training.rollout_steps=8
models.architecture.block_type=simple
models.architecture.mamba_type=mamba
training.mode=rollout
models.out_dim=6    avg_loss: 0.000000035294  time_per_window : 0.000299   progress : 0.819
name: models.architecture.d_model=64
training.rollout_steps=8
models.architecture.block_type=simple
models.architecture.mamba_type=mamba
training.mode=rollout
models.out_dim=6    avg_loss: 0.000000037563  time_per_window : 0.000341   progress : 0.830
name: models.architecture.d_model=64
training.rollout_steps=8
models.architecture.block_type=simple
models.architecture.mamba_type=mamba
training.mode=rollout
models.out_dim=6    avg_loss: 0.000000035328  time_per_window : 0.000328   progress : 0.841
name: models.architecture.d_model=64
training.rollout_steps=8
models.architecture.block_type=simple
models.architecture.mamba_type=mamba
training.mode=rollout
models.out_dim=6    avg_loss: 0.000000035522  time_per_window : 0.000331   progress : 0.852
name: models.architecture.d_model=64
training.rollout_steps=8
models.architecture.block_type=simple
models.architecture.mamba_type=mamba
training.mode=rollout
models.out_dim=6    avg_loss: 0.000000035962  time_per_window : 0.000305   progress : 0.863
name: models.architecture.d_model=64
training.rollout_steps=8
models.architecture.block_type=simple
models.architecture.mamba_type=mamba
training.mode=rollout
models.out_dim=6    avg_loss: 0.000000037035  time_per_window : 0.000278   progress : 0.874
name: models.architecture.d_model=64
training.rollout_steps=8
models.architecture.block_type=simple
models.architecture.mamba_type=mamba
training.mode=rollout
models.out_dim=6    avg_loss: 0.000000034432  time_per_window : 0.000328   progress : 0.885
name: models.architecture.d_model=64
training.rollout_steps=8
models.architecture.block_type=simple
models.architecture.mamba_type=mamba
training.mode=rollout
models.out_dim=6    avg_loss: 0.000000031259  time_per_window : 0.000337   progress : 0.896
name: models.architecture.d_model=64
training.rollout_steps=8
models.architecture.block_type=simple
models.architecture.mamba_type=mamba
training.mode=rollout
models.out_dim=6    avg_loss: 0.000000033710  time_per_window : 0.000336   progress : 0.907
name: models.architecture.d_model=64
training.rollout_steps=8
models.architecture.block_type=simple
models.architecture.mamba_type=mamba
training.mode=rollout
models.out_dim=6    avg_loss: 0.000000036334  time_per_window : 0.000317   progress : 0.917
name: models.architecture.d_model=64
training.rollout_steps=8
models.architecture.block_type=simple
models.architecture.mamba_type=mamba
training.mode=rollout
models.out_dim=6    avg_loss: 0.000000035802  time_per_window : 0.000333   progress : 0.928
name: models.architecture.d_model=64
training.rollout_steps=8
models.architecture.block_type=simple
models.architecture.mamba_type=mamba
training.mode=rollout
models.out_dim=6    avg_loss: 0.000000031776  time_per_window : 0.000335   progress : 0.939
name: models.architecture.d_model=64
training.rollout_steps=8
models.architecture.block_type=simple
models.architecture.mamba_type=mamba
training.mode=rollout
models.out_dim=6    avg_loss: 0.000000032277  time_per_window : 0.000336   progress : 0.950
name: models.architecture.d_model=64
training.rollout_steps=8
models.architecture.block_type=simple
models.architecture.mamba_type=mamba
training.mode=rollout
models.out_dim=6    avg_loss: 0.000000032247  time_per_window : 0.000324   progress : 0.961
name: models.architecture.d_model=64
training.rollout_steps=8
models.architecture.block_type=simple
models.architecture.mamba_type=mamba
training.mode=rollout
models.out_dim=6    avg_loss: 0.000000032479  time_per_window : 0.000321   progress : 0.972
name: models.architecture.d_model=64
training.rollout_steps=8
models.architecture.block_type=simple
models.architecture.mamba_type=mamba
training.mode=rollout
models.out_dim=6    avg_loss: 0.000000030375  time_per_window : 0.000331   progress : 0.983
name: models.architecture.d_model=64
training.rollout_steps=8
models.architecture.block_type=simple
models.architecture.mamba_type=mamba
training.mode=rollout
models.out_dim=6    avg_loss: 0.000000032213  time_per_window : 0.000288   progress : 0.994
name: models.architecture.d_model=64
training.rollout_steps=8
models.architecture.block_type=simple
models.architecture.mamba_type=mamba
training.mode=rollout
models.out_dim=6    avg_loss: 0.000002180517  time_per_window : 0.000351   progress : 0.011
name: models.architecture.d_model=64
training.rollout_steps=8
models.architecture.block_type=simple
models.architecture.mamba_type=mamba
training.mode=rollout
models.out_dim=6    avg_loss: 0.000000473560  time_per_window : 0.000346   progress : 0.022
name: models.architecture.d_model=64
training.rollout_steps=8
models.architecture.block_type=simple
models.architecture.mamba_type=mamba
training.mode=rollout
models.out_dim=6    avg_loss: 0.000000375942  time_per_window : 0.000322   progress : 0.033
name: models.architecture.d_model=64
training.rollout_steps=8
models.architecture.block_type=simple
models.architecture.mamba_type=mamba
training.mode=rollout
models.out_dim=6    avg_loss: 0.000000354472  time_per_window : 0.000323   progress : 0.044
name: models.architecture.d_model=64
training.rollout_steps=8
models.architecture.block_type=simple
models.architecture.mamba_type=mamba
training.mode=rollout
models.out_dim=6    avg_loss: 0.000000338883  time_per_window : 0.000295   progress : 0.055
name: models.architecture.d_model=64
training.rollout_steps=8
models.architecture.block_type=simple
models.architecture.mamba_type=mamba
training.mode=rollout
models.out_dim=6    avg_loss: 0.000000299925  time_per_window : 0.000326   progress : 0.066
name: models.architecture.d_model=64
training.rollout_steps=8
models.architecture.block_type=simple
models.architecture.mamba_type=mamba
training.mode=rollout
models.out_dim=6    avg_loss: 0.000000228515  time_per_window : 0.000321   progress : 0.076
name: models.architecture.d_model=64
training.rollout_steps=8
models.architecture.block_type=simple
models.architecture.mamba_type=mamba
training.mode=rollout
models.out_dim=6    avg_loss: 0.000000143473  time_per_window : 0.000336   progress : 0.087
name: models.architecture.d_model=64
training.rollout_steps=8
models.architecture.block_type=simple
models.architecture.mamba_type=mamba
training.mode=rollout
models.out_dim=6    avg_loss: 0.000000111000  time_per_window : 0.000322   progress : 0.098
name: models.architecture.d_model=64
training.rollout_steps=8
models.architecture.block_type=simple
models.architecture.mamba_type=mamba
training.mode=rollout
models.out_dim=6    avg_loss: 0.000000093697  time_per_window : 0.000312   progress : 0.109
name: models.architecture.d_model=64
training.rollout_steps=8
models.architecture.block_type=simple
models.architecture.mamba_type=mamba
training.mode=rollout
models.out_dim=6    avg_loss: 0.000000079876  time_per_window : 0.000346   progress : 0.120
name: models.architecture.d_model=64
training.rollout_steps=8
models.architecture.block_type=simple
models.architecture.mamba_type=mamba
training.mode=rollout
models.out_dim=6    avg_loss: 0.000000070665  time_per_window : 0.000326   progress : 0.131
name: models.architecture.d_model=64
training.rollout_steps=8
models.architecture.block_type=simple
models.architecture.mamba_type=mamba
training.mode=rollout
models.out_dim=6    avg_loss: 0.000000066816  time_per_window : 0.000335   progress : 0.142
name: models.architecture.d_model=64
training.rollout_steps=8
models.architecture.block_type=simple
models.architecture.mamba_type=mamba
training.mode=rollout
models.out_dim=6    avg_loss: 0.000000077499  time_per_window : 0.000322   progress : 0.153
name: models.architecture.d_model=64
training.rollout_steps=8
models.architecture.block_type=simple
models.architecture.mamba_type=mamba
training.mode=rollout
models.out_dim=6    avg_loss: 0.000000070898  time_per_window : 0.000300   progress : 0.164
name: models.architecture.d_model=64
training.rollout_steps=8
models.architecture.block_type=simple
models.architecture.mamba_type=mamba
training.mode=rollout
models.out_dim=6    avg_loss: 0.000000068886  time_per_window : 0.000323   progress : 0.175