/home/jdihardjo/miniconda3/envs/mavenv/lib/python3.11/site-packages/hydra/_internal/defaults_list.py:251: UserWarning: In 'config': Defaults list is missing `_self_`. See https://hydra.cc/docs/1.2/upgrades/1.0_to_1.1/default_composition_order for more information
  warnings.warn(msg, UserWarning)
Using cuda:0 device
[2026-07-23 02:30:06,396][HYDRA] Joblib.Parallel(n_jobs=4,backend=loky,prefer=processes,require=None,verbose=0,timeout=None,pre_dispatch=2*n_jobs,batch_size=auto,temp_folder=None,max_nbytes=None,mmap_mode=r) is launching 1 jobs
[2026-07-23 02:30:06,396][HYDRA] Launching jobs, sweep output dir : ablation_runs/2026-07-23_02-30-00/simple_mamba_long_rollout
[2026-07-23 02:30:06,396][HYDRA] 	#0 : models.architecture.block_type=simple models.architecture.mamba_type=mamba training.mode=rollout training.rollout_steps=48
/home/jdihardjo/miniconda3/envs/mavenv/lib/python3.11/site-packages/hydra/_internal/defaults_list.py:251: UserWarning: In 'config': Defaults list is missing `_self_`. See https://hydra.cc/docs/1.2/upgrades/1.0_to_1.1/default_composition_order for more information
  warnings.warn(msg, UserWarning)
models:
  n_dim: 23
  out_dim: 10
  architecture:
    d_model: 128
    n_encoder_layers: 2
    n_decoder_layers: 0
    block_type: simple
    time_adapter: last_token
    in_norm: none
    out_norm: none
    layer_scale: 0.0001
    drop_path: 0.05
    mamba_type: mamba
    mamba_kwargs:
      d_state: 16
      d_conv: 2
      expand: 2
      norm: rms
    skip: false
    cls_kwargs:
      n_heads: 2
      n_mlp: 2
      positional_encoding: false
      max_len: 5000
input_len: 64
output_len: 1
batch_size: 128
epochs: 5
seed: 0
dataset:
  path: /home/jdihardjo/simdata/train.zarr/
  training_size: 1500000
evaluation:
  path: /home/jdihardjo/simdata/evaluation.zarr/
  evaluation_size: 50
training:
  mode: rollout
  lr: 0.0002
  weight_decay: 0.1
  rollout_steps: 48
checkpoint:
  save_path: hydra-test.pth
  load: false
  path: hydra-test.pth
compile: true

/home/jdihardjo/miniconda3/envs/mavenv/lib/python3.11/site-packages/torch/_dynamo/variables/functions.py:2311: UserWarning: Dynamo does not know how to trace the builtin `selective_scan_cuda.pybind11_detail_function_record_v1_system_libstdcpp_gxx_abi_1xxx_use_cxx11_abi_1.fwd.` This function is either a Python builtin (e.g. _warnings.warn) or a third-party C/C++ Python extension (perhaps created with pybind).
If it is a Python builtin, please file an issue on GitHub so the PyTorch team can add support for it and see the next case for a workaround.
If it is a third-party C/C++ Python extension, please either wrap it into a PyTorch-understood custom operator (see https://pytorch.org/tutorials/advanced/custom_ops_landing_page.html for more details) or, if it is traceable, use `torch.compiler.allow_in_graph`.
  torch._dynamo.utils.warn_once(explanation + "\n" + "\n".join(hints))
/home/jdihardjo/miniconda3/envs/mavenv/lib/python3.11/site-packages/torch/_inductor/cudagraph_trees.py:2622: UserWarning: Unable to hit fast path of CUDAGraphs because outputs from a previous step still require backward. Ensure backward() is invoked or detach outputs. You may also call torch.compiler.cudagraph_mark_step_begin() before each model invocation.
  warnings.warn(
name: models.architecture.block_type=simple
models.architecture.mamba_type=mamba
training.mode=rollout
training.rollout_steps=48    avg_loss: 0.000092537914  time_per_window : 0.002721   progress : 0.011
name: models.architecture.block_type=simple
models.architecture.mamba_type=mamba
training.mode=rollout
training.rollout_steps=48    avg_loss: 0.000000210276  time_per_window : 0.002736   progress : 0.022
name: models.architecture.block_type=simple
models.architecture.mamba_type=mamba
training.mode=rollout
training.rollout_steps=48    avg_loss: 0.000000194595  time_per_window : 0.002796   progress : 0.033
name: models.architecture.block_type=simple
models.architecture.mamba_type=mamba
training.mode=rollout
training.rollout_steps=48    avg_loss: 0.000000186832  time_per_window : 0.002743   progress : 0.044
name: models.architecture.block_type=simple
models.architecture.mamba_type=mamba
training.mode=rollout
training.rollout_steps=48    avg_loss: 0.000000174507  time_per_window : 0.002818   progress : 0.055
name: models.architecture.block_type=simple
models.architecture.mamba_type=mamba
training.mode=rollout
training.rollout_steps=48    avg_loss: 0.000000166955  time_per_window : 0.002818   progress : 0.066
name: models.architecture.block_type=simple
models.architecture.mamba_type=mamba
training.mode=rollout
training.rollout_steps=48    avg_loss: 0.000000159932  time_per_window : 0.002741   progress : 0.076
name: models.architecture.block_type=simple
models.architecture.mamba_type=mamba
training.mode=rollout
training.rollout_steps=48    avg_loss: 0.000000155008  time_per_window : 0.002797   progress : 0.087
name: models.architecture.block_type=simple
models.architecture.mamba_type=mamba
training.mode=rollout
training.rollout_steps=48    avg_loss: 0.000000150341  time_per_window : 0.002779   progress : 0.098
name: models.architecture.block_type=simple
models.architecture.mamba_type=mamba
training.mode=rollout
training.rollout_steps=48    avg_loss: 0.000000149821  time_per_window : 0.002767   progress : 0.109
name: models.architecture.block_type=simple
models.architecture.mamba_type=mamba
training.mode=rollout
training.rollout_steps=48    avg_loss: 0.000000139286  time_per_window : 0.002778   progress : 0.120
name: models.architecture.block_type=simple
models.architecture.mamba_type=mamba
training.mode=rollout
training.rollout_steps=48    avg_loss: 0.000000123348  time_per_window : 0.002772   progress : 0.131
name: models.architecture.block_type=simple
models.architecture.mamba_type=mamba
training.mode=rollout
training.rollout_steps=48    avg_loss: 0.000000105818  time_per_window : 0.002811   progress : 0.142
name: models.architecture.block_type=simple
models.architecture.mamba_type=mamba
training.mode=rollout
training.rollout_steps=48    avg_loss: 0.000000095964  time_per_window : 0.002764   progress : 0.153
name: models.architecture.block_type=simple
models.architecture.mamba_type=mamba
training.mode=rollout
training.rollout_steps=48    avg_loss: 0.000000087734  time_per_window : 0.002840   progress : 0.164
name: models.architecture.block_type=simple
models.architecture.mamba_type=mamba
training.mode=rollout
training.rollout_steps=48    avg_loss: 0.000000081287  time_per_window : 0.002801   progress : 0.175
name: models.architecture.block_type=simple
models.architecture.mamba_type=mamba
training.mode=rollout
training.rollout_steps=48    avg_loss: 0.000000072508  time_per_window : 0.002843   progress : 0.186
name: models.architecture.block_type=simple
models.architecture.mamba_type=mamba
training.mode=rollout
training.rollout_steps=48    avg_loss: 0.000000063465  time_per_window : 0.002761   progress : 0.197
name: models.architecture.block_type=simple
models.architecture.mamba_type=mamba
training.mode=rollout
training.rollout_steps=48    avg_loss: 0.000000053749  time_per_window : 0.002811   progress : 0.208
name: models.architecture.block_type=simple
models.architecture.mamba_type=mamba
training.mode=rollout
training.rollout_steps=48    avg_loss: 0.000000048843  time_per_window : 0.002811   progress : 0.218
name: models.architecture.block_type=simple
models.architecture.mamba_type=mamba
training.mode=rollout
training.rollout_steps=48    avg_loss: 0.000000045010  time_per_window : 0.002772   progress : 0.229
name: models.architecture.block_type=simple
models.architecture.mamba_type=mamba
training.mode=rollout
training.rollout_steps=48    avg_loss: 0.000000044653  time_per_window : 0.002795   progress : 0.240
name: models.architecture.block_type=simple
models.architecture.mamba_type=mamba
training.mode=rollout
training.rollout_steps=48    avg_loss: 0.000000041733  time_per_window : 0.002800   progress : 0.251
name: models.architecture.block_type=simple
models.architecture.mamba_type=mamba
training.mode=rollout
training.rollout_steps=48    avg_loss: 0.000000038956  time_per_window : 0.002849   progress : 0.262
name: models.architecture.block_type=simple
models.architecture.mamba_type=mamba
training.mode=rollout
training.rollout_steps=48    avg_loss: 0.000000038856  time_per_window : 0.002799   progress : 0.273
name: models.architecture.block_type=simple
models.architecture.mamba_type=mamba
training.mode=rollout
training.rollout_steps=48    avg_loss: 0.000000039139  time_per_window : 0.002777   progress : 0.284
name: models.architecture.block_type=simple
models.architecture.mamba_type=mamba
training.mode=rollout
training.rollout_steps=48    avg_loss: 0.000000039657  time_per_window : 0.002779   progress : 0.295
name: models.architecture.block_type=simple
models.architecture.mamba_type=mamba
training.mode=rollout
training.rollout_steps=48    avg_loss: 0.000000036694  time_per_window : 0.002819   progress : 0.306
name: models.architecture.block_type=simple
models.architecture.mamba_type=mamba
training.mode=rollout
training.rollout_steps=48    avg_loss: 0.000000037109  time_per_window : 0.002864   progress : 0.317
name: models.architecture.block_type=simple
models.architecture.mamba_type=mamba
training.mode=rollout
training.rollout_steps=48    avg_loss: 0.000000039449  time_per_window : 0.002809   progress : 0.328
name: models.architecture.block_type=simple
models.architecture.mamba_type=mamba
training.mode=rollout
training.rollout_steps=48    avg_loss: 0.000000038093  time_per_window : 0.002735   progress : 0.339
name: models.architecture.block_type=simple
models.architecture.mamba_type=mamba
training.mode=rollout
training.rollout_steps=48    avg_loss: 0.000000038438  time_per_window : 0.002066   progress : 0.350
name: models.architecture.block_type=simple
models.architecture.mamba_type=mamba
training.mode=rollout
training.rollout_steps=48    avg_loss: 0.000000036377  time_per_window : 0.002821   progress : 0.360
name: models.architecture.block_type=simple
models.architecture.mamba_type=mamba
training.mode=rollout
training.rollout_steps=48    avg_loss: 0.000000038812  time_per_window : 0.002803   progress : 0.371
name: models.architecture.block_type=simple
models.architecture.mamba_type=mamba
training.mode=rollout
training.rollout_steps=48    avg_loss: 0.000000038508  time_per_window : 0.002838   progress : 0.382
name: models.architecture.block_type=simple
models.architecture.mamba_type=mamba
training.mode=rollout
training.rollout_steps=48    avg_loss: 0.000000038386  time_per_window : 0.002857   progress : 0.393
name: models.architecture.block_type=simple
models.architecture.mamba_type=mamba
training.mode=rollout
training.rollout_steps=48    avg_loss: 0.000000040268  time_per_window : 0.002871   progress : 0.404
name: models.architecture.block_type=simple
models.architecture.mamba_type=mamba
training.mode=rollout
training.rollout_steps=48    avg_loss: 0.000000039950  time_per_window : 0.002850   progress : 0.415
name: models.architecture.block_type=simple
models.architecture.mamba_type=mamba
training.mode=rollout
training.rollout_steps=48    avg_loss: 0.000000039925  time_per_window : 0.002853   progress : 0.426
name: models.architecture.block_type=simple
models.architecture.mamba_type=mamba
training.mode=rollout
training.rollout_steps=48    avg_loss: 0.000000043444  time_per_window : 0.002888   progress : 0.437
name: models.architecture.block_type=simple
models.architecture.mamba_type=mamba
training.mode=rollout
training.rollout_steps=48    avg_loss: 0.000000040906  time_per_window : 0.002848   progress : 0.448
name: models.architecture.block_type=simple
models.architecture.mamba_type=mamba
training.mode=rollout
training.rollout_steps=48    avg_loss: 0.000000039475  time_per_window : 0.002855   progress : 0.459
name: models.architecture.block_type=simple
models.architecture.mamba_type=mamba
training.mode=rollout
training.rollout_steps=48    avg_loss: 0.000000038927  time_per_window : 0.002832   progress : 0.470
name: models.architecture.block_type=simple
models.architecture.mamba_type=mamba
training.mode=rollout
training.rollout_steps=48    avg_loss: 0.000000039550  time_per_window : 0.002836   progress : 0.481
name: models.architecture.block_type=simple
models.architecture.mamba_type=mamba
training.mode=rollout
training.rollout_steps=48    avg_loss: 0.000000044598  time_per_window : 0.002945   progress : 0.492
name: models.architecture.block_type=simple
models.architecture.mamba_type=mamba
training.mode=rollout
training.rollout_steps=48    avg_loss: 0.000000038786  time_per_window : 0.002816   progress : 0.502
name: models.architecture.block_type=simple
models.architecture.mamba_type=mamba
training.mode=rollout
training.rollout_steps=48    avg_loss: 0.000000044804  time_per_window : 0.002842   progress : 0.513
name: models.architecture.block_type=simple
models.architecture.mamba_type=mamba
training.mode=rollout
training.rollout_steps=48    avg_loss: 0.000000036732  time_per_window : 0.002871   progress : 0.524
name: models.architecture.block_type=simple
models.architecture.mamba_type=mamba
training.mode=rollout
training.rollout_steps=48    avg_loss: 0.000000042354  time_per_window : 0.002782   progress : 0.535
name: models.architecture.block_type=simple
models.architecture.mamba_type=mamba
training.mode=rollout
training.rollout_steps=48    avg_loss: 0.000000040741  time_per_window : 0.002835   progress : 0.546
name: models.architecture.block_type=simple
models.architecture.mamba_type=mamba
training.mode=rollout
training.rollout_steps=48    avg_loss: 0.000000035882  time_per_window : 0.002799   progress : 0.557
name: models.architecture.block_type=simple
models.architecture.mamba_type=mamba
training.mode=rollout
training.rollout_steps=48    avg_loss: 0.000000040048  time_per_window : 0.002830   progress : 0.568
name: models.architecture.block_type=simple
models.architecture.mamba_type=mamba
training.mode=rollout
training.rollout_steps=48    avg_loss: 0.000000040263  time_per_window : 0.002815   progress : 0.579
name: models.architecture.block_type=simple
models.architecture.mamba_type=mamba
training.mode=rollout
training.rollout_steps=48    avg_loss: 0.000000036177  time_per_window : 0.002799   progress : 0.590
name: models.architecture.block_type=simple
models.architecture.mamba_type=mamba
training.mode=rollout
training.rollout_steps=48    avg_loss: 0.000000038735  time_per_window : 0.002810   progress : 0.601
name: models.architecture.block_type=simple
models.architecture.mamba_type=mamba
training.mode=rollout
training.rollout_steps=48    avg_loss: 0.000000035304  time_per_window : 0.002853   progress : 0.612
name: models.architecture.block_type=simple
models.architecture.mamba_type=mamba
training.mode=rollout
training.rollout_steps=48    avg_loss: 0.000000037279  time_per_window : 0.002809   progress : 0.623
name: models.architecture.block_type=simple
models.architecture.mamba_type=mamba
training.mode=rollout
training.rollout_steps=48    avg_loss: 0.000000037928  time_per_window : 0.002846   progress : 0.634
name: models.architecture.block_type=simple
models.architecture.mamba_type=mamba
training.mode=rollout
training.rollout_steps=48    avg_loss: 0.000000036948  time_per_window : 0.002840   progress : 0.644
name: models.architecture.block_type=simple
models.architecture.mamba_type=mamba
training.mode=rollout
training.rollout_steps=48    avg_loss: 0.000000037565  time_per_window : 0.002844   progress : 0.655
name: models.architecture.block_type=simple
models.architecture.mamba_type=mamba
training.mode=rollout
training.rollout_steps=48    avg_loss: 0.000000036414  time_per_window : 0.002819   progress : 0.666
name: models.architecture.block_type=simple
models.architecture.mamba_type=mamba
training.mode=rollout
training.rollout_steps=48    avg_loss: 0.000000035120  time_per_window : 0.001621   progress : 0.677
name: models.architecture.block_type=simple
models.architecture.mamba_type=mamba
training.mode=rollout
training.rollout_steps=48    avg_loss: 0.000000036494  time_per_window : 0.002902   progress : 0.688
name: models.architecture.block_type=simple
models.architecture.mamba_type=mamba
training.mode=rollout
training.rollout_steps=48    avg_loss: 0.000000039532  time_per_window : 0.002813   progress : 0.699
name: models.architecture.block_type=simple
models.architecture.mamba_type=mamba
training.mode=rollout
training.rollout_steps=48    avg_loss: 0.000000034777  time_per_window : 0.002833   progress : 0.710
name: models.architecture.block_type=simple
models.architecture.mamba_type=mamba
training.mode=rollout
training.rollout_steps=48    avg_loss: 0.000000032990  time_per_window : 0.002807   progress : 0.721
name: models.architecture.block_type=simple
models.architecture.mamba_type=mamba
training.mode=rollout
training.rollout_steps=48    avg_loss: 0.000000035899  time_per_window : 0.002771   progress : 0.732
name: models.architecture.block_type=simple
models.architecture.mamba_type=mamba
training.mode=rollout
training.rollout_steps=48    avg_loss: 0.000000031380  time_per_window : 0.002813   progress : 0.743
name: models.architecture.block_type=simple
models.architecture.mamba_type=mamba
training.mode=rollout
training.rollout_steps=48    avg_loss: 0.000000034579  time_per_window : 0.002791   progress : 0.754
name: models.architecture.block_type=simple
models.architecture.mamba_type=mamba
training.mode=rollout
training.rollout_steps=48    avg_loss: 0.000000033045  time_per_window : 0.002825   progress : 0.765
name: models.architecture.block_type=simple
models.architecture.mamba_type=mamba
training.mode=rollout
training.rollout_steps=48    avg_loss: 0.000000035247  time_per_window : 0.002844   progress : 0.775
name: models.architecture.block_type=simple
models.architecture.mamba_type=mamba
training.mode=rollout
training.rollout_steps=48    avg_loss: 0.000000031709  time_per_window : 0.002797   progress : 0.786
name: models.architecture.block_type=simple
models.architecture.mamba_type=mamba
training.mode=rollout
training.rollout_steps=48    avg_loss: 0.000000031529  time_per_window : 0.002797   progress : 0.797
name: models.architecture.block_type=simple
models.architecture.mamba_type=mamba
training.mode=rollout
training.rollout_steps=48    avg_loss: 0.000000029009  time_per_window : 0.002843   progress : 0.808
name: models.architecture.block_type=simple
models.architecture.mamba_type=mamba
training.mode=rollout
training.rollout_steps=48    avg_loss: 0.000000032603  time_per_window : 0.002853   progress : 0.819
name: models.architecture.block_type=simple
models.architecture.mamba_type=mamba
training.mode=rollout
training.rollout_steps=48    avg_loss: 0.000000027884  time_per_window : 0.002878   progress : 0.830
name: models.architecture.block_type=simple
models.architecture.mamba_type=mamba
training.mode=rollout
training.rollout_steps=48    avg_loss: 0.000000028818  time_per_window : 0.002820   progress : 0.841
name: models.architecture.block_type=simple
models.architecture.mamba_type=mamba
training.mode=rollout
training.rollout_steps=48    avg_loss: 0.000000030788  time_per_window : 0.002827   progress : 0.852
name: models.architecture.block_type=simple
models.architecture.mamba_type=mamba
training.mode=rollout
training.rollout_steps=48    avg_loss: 0.000000028861  time_per_window : 0.002854   progress : 0.863
name: models.architecture.block_type=simple
models.architecture.mamba_type=mamba
training.mode=rollout
training.rollout_steps=48    avg_loss: 0.000000029574  time_per_window : 0.002858   progress : 0.874
name: models.architecture.block_type=simple
models.architecture.mamba_type=mamba
training.mode=rollout
training.rollout_steps=48    avg_loss: 0.000000028371  time_per_window : 0.002803   progress : 0.885
name: models.architecture.block_type=simple
models.architecture.mamba_type=mamba
training.mode=rollout
training.rollout_steps=48    avg_loss: 0.000000026143  time_per_window : 0.002799   progress : 0.896/home/jdihardjo/miniconda3/envs/mavenv/lib/python3.11/site-packages/torch/_inductor/cudagraph_trees.py:2622: UserWarning: Unable to hit fast path of CUDAGraphs because outputs from a previous step still require backward. Ensure backward() is invoked or detach outputs. You may also call torch.compiler.cudagraph_mark_step_begin() before each model invocation.
  warnings.warn(
/home/jdihardjo/miniconda3/envs/mavenv/lib/python3.11/site-packages/torch/_inductor/cudagraph_trees.py:2622: UserWarning: Unable to hit fast path of CUDAGraphs because outputs from a previous step still require backward. Ensure backward() is invoked or detach outputs. You may also call torch.compiler.cudagraph_mark_step_begin() before each model invocation.
  warnings.warn(

name: models.architecture.block_type=simple
models.architecture.mamba_type=mamba
training.mode=rollout
training.rollout_steps=48    avg_loss: 0.000000024885  time_per_window : 0.002721   progress : 0.907
name: models.architecture.block_type=simple
models.architecture.mamba_type=mamba
training.mode=rollout
training.rollout_steps=48    avg_loss: 0.000000022898  time_per_window : 0.002856   progress : 0.917
name: models.architecture.block_type=simple
models.architecture.mamba_type=mamba
training.mode=rollout
training.rollout_steps=48    avg_loss: 0.000000020412  time_per_window : 0.002804   progress : 0.928
name: models.architecture.block_type=simple
models.architecture.mamba_type=mamba
training.mode=rollout
training.rollout_steps=48    avg_loss: 0.000000018666  time_per_window : 0.002804   progress : 0.939
name: models.architecture.block_type=simple
models.architecture.mamba_type=mamba
training.mode=rollout
training.rollout_steps=48    avg_loss: 0.000000019173  time_per_window : 0.002859   progress : 0.950
name: models.architecture.block_type=simple
models.architecture.mamba_type=mamba
training.mode=rollout
training.rollout_steps=48    avg_loss: 0.000000018593  time_per_window : 0.002783   progress : 0.961
name: models.architecture.block_type=simple
models.architecture.mamba_type=mamba
training.mode=rollout
training.rollout_steps=48    avg_loss: 0.000000016732  time_per_window : 0.002878   progress : 0.972
name: models.architecture.block_type=simple
models.architecture.mamba_type=mamba
training.mode=rollout
training.rollout_steps=48    avg_loss: 0.000000018648  time_per_window : 0.002835   progress : 0.983
name: models.architecture.block_type=simple
models.architecture.mamba_type=mamba
training.mode=rollout
training.rollout_steps=48    avg_loss: 0.000000017876  time_per_window : 0.002862   progress : 0.994
name: models.architecture.block_type=simple
models.architecture.mamba_type=mamba
training.mode=rollout
training.rollout_steps=48    avg_loss: 0.000000035115  time_per_window : 0.002947   progress : 0.011
name: models.architecture.block_type=simple
models.architecture.mamba_type=mamba
training.mode=rollout
training.rollout_steps=48    avg_loss: 0.000000015917  time_per_window : 0.003010   progress : 0.022
name: models.architecture.block_type=simple
models.architecture.mamba_type=mamba
training.mode=rollout
training.rollout_steps=48    avg_loss: 0.000000017717  time_per_window : 0.002927   progress : 0.033
name: models.architecture.block_type=simple
models.architecture.mamba_type=mamba
training.mode=rollout
training.rollout_steps=48    avg_loss: 0.000000019803  time_per_window : 0.003049   progress : 0.044
name: models.architecture.block_type=simple
models.architecture.mamba_type=mamba
training.mode=rollout
training.rollout_steps=48    avg_loss: 0.000000017640  time_per_window : 0.003016   progress : 0.055
name: models.architecture.block_type=simple
models.architecture.mamba_type=mamba
training.mode=rollout
training.rollout_steps=48    avg_loss: 0.000000017073  time_per_window : 0.002976   progress : 0.066
name: models.architecture.block_type=simple
models.architecture.mamba_type=mamba
training.mode=rollout
training.rollout_steps=48    avg_loss: 0.000000017410  time_per_window : 0.002986   progress : 0.076
name: models.architecture.block_type=simple
models.architecture.mamba_type=mamba
training.mode=rollout
training.rollout_steps=48    avg_loss: 0.000000017800  time_per_window : 0.003005   progress : 0.087
name: models.architecture.block_type=simple
models.architecture.mamba_type=mamba
training.mode=rollout
training.rollout_steps=48    avg_loss: 0.000000018984  time_per_window : 0.003002   progress : 0.098
name: models.architecture.block_type=simple
models.architecture.mamba_type=mamba
training.mode=rollout
training.rollout_steps=48    avg_loss: 0.000000017202  time_per_window : 0.003023   progress : 0.109
name: models.architecture.block_type=simple
models.architecture.mamba_type=mamba
training.mode=rollout
training.rollout_steps=48    avg_loss: 0.000000017376  time_per_window : 0.002961   progress : 0.120
name: models.architecture.block_type=simple
models.architecture.mamba_type=mamba
training.mode=rollout
training.rollout_steps=48    avg_loss: 0.000000017357  time_per_window : 0.002958   progress : 0.131
name: models.architecture.block_type=simple
models.architecture.mamba_type=mamba
training.mode=rollout
training.rollout_steps=48    avg_loss: 0.000000018594  time_per_window : 0.002942   progress : 0.142
name: models.architecture.block_type=simple
models.architecture.mamba_type=mamba
training.mode=rollout
training.rollout_steps=48    avg_loss: 0.000000016980  time_per_window : 0.003010   progress : 0.153
name: models.architecture.block_type=simple
models.architecture.mamba_type=mamba
training.mode=rollout
training.rollout_steps=48    avg_loss: 0.000000017649  time_per_window : 0.002963   progress : 0.164
name: models.architecture.block_type=simple
models.architecture.mamba_type=mamba
training.mode=rollout
training.rollout_steps=48    avg_loss: 0.000000017622  time_per_window : 0.002951   progress : 0.175
name: models.architecture.block_type=simple
models.architecture.mamba_type=mamba
training.mode=rollout
training.rollout_steps=48    avg_loss: 0.000000017310  time_per_window : 0.002971   progress : 0.186
name: models.architecture.block_type=simple
models.architecture.mamba_type=mamba
training.mode=rollout
training.rollout_steps=48    avg_loss: 0.000000016728  time_per_window : 0.002987   progress : 0.197
name: models.architecture.block_type=simple
models.architecture.mamba_type=mamba
training.mode=rollout
training.rollout_steps=48    avg_loss: 0.000000016923  time_per_window : 0.003011   progress : 0.208
name: models.architecture.block_type=simple
models.architecture.mamba_type=mamba
training.mode=rollout
training.rollout_steps=48    avg_loss: 0.000000016518  time_per_window : 0.003048   progress : 0.218
name: models.architecture.block_type=simple
models.architecture.mamba_type=mamba
training.mode=rollout
training.rollout_steps=48    avg_loss: 0.000000017001  time_per_window : 0.002984   progress : 0.229
name: models.architecture.block_type=simple
models.architecture.mamba_type=mamba
training.mode=rollout
training.rollout_steps=48    avg_loss: 0.000000017023  time_per_window : 0.002900   progress : 0.240
name: models.architecture.block_type=simple
models.architecture.mamba_type=mamba
training.mode=rollout
training.rollout_steps=48    avg_loss: 0.000000017005  time_per_window : 0.002917   progress : 0.251
name: models.architecture.block_type=simple
models.architecture.mamba_type=mamba
training.mode=rollout
training.rollout_steps=48    avg_loss: 0.000000016411  time_per_window : 0.002944   progress : 0.262
name: models.architecture.block_type=simple
models.architecture.mamba_type=mamba
training.mode=rollout
training.rollout_steps=48    avg_loss: 0.000000015727  time_per_window : 0.003074   progress : 0.273
name: models.architecture.block_type=simple
models.architecture.mamba_type=mamba
training.mode=rollout
training.rollout_steps=48    avg_loss: 0.000000016916  time_per_window : 0.003069   progress : 0.284
name: models.architecture.block_type=simple
models.architecture.mamba_type=mamba
training.mode=rollout
training.rollout_steps=48    avg_loss: 0.000000016381  time_per_window : 0.002969   progress : 0.295
name: models.architecture.block_type=simple
models.architecture.mamba_type=mamba
training.mode=rollout
training.rollout_steps=48    avg_loss: 0.000000015953  time_per_window : 0.002994   progress : 0.306
name: models.architecture.block_type=simple
models.architecture.mamba_type=mamba
training.mode=rollout
training.rollout_steps=48    avg_loss: 0.000000015792  time_per_window : 0.003020   progress : 0.317
name: models.architecture.block_type=simple
models.architecture.mamba_type=mamba
training.mode=rollout
training.rollout_steps=48    avg_loss: 0.000000016312  time_per_window : 0.002989   progress : 0.328
name: models.architecture.block_type=simple
models.architecture.mamba_type=mamba
training.mode=rollout
training.rollout_steps=48    avg_loss: 0.000000016761  time_per_window : 0.002936   progress : 0.339
name: models.architecture.block_type=simple
models.architecture.mamba_type=mamba
training.mode=rollout
training.rollout_steps=48    avg_loss: 0.000000016652  time_per_window : 0.003067   progress : 0.350
name: models.architecture.block_type=simple
models.architecture.mamba_type=mamba
training.mode=rollout
training.rollout_steps=48    avg_loss: 0.000000016466  time_per_window : 0.002725   progress : 0.360
name: models.architecture.block_type=simple
models.architecture.mamba_type=mamba
training.mode=rollout
training.rollout_steps=48    avg_loss: 0.000000015693  time_per_window : 0.003025   progress : 0.371
name: models.architecture.block_type=simple
models.architecture.mamba_type=mamba
training.mode=rollout
training.rollout_steps=48    avg_loss: 0.000000016426  time_per_window : 0.002941   progress : 0.382
name: models.architecture.block_type=simple
models.architecture.mamba_type=mamba
training.mode=rollout
training.rollout_steps=48    avg_loss: 0.000000015556  time_per_window : 0.002979   progress : 0.393
name: models.architecture.block_type=simple
models.architecture.mamba_type=mamba
training.mode=rollout
training.rollout_steps=48    avg_loss: 0.000000016297  time_per_window : 0.002940   progress : 0.404
name: models.architecture.block_type=simple
models.architecture.mamba_type=mamba
training.mode=rollout
training.rollout_steps=48    avg_loss: 0.000000016146  time_per_window : 0.002956   progress : 0.415
name: models.architecture.block_type=simple
models.architecture.mamba_type=mamba
training.mode=rollout
training.rollout_steps=48    avg_loss: 0.000000015955  time_per_window : 0.003024   progress : 0.426
name: models.architecture.block_type=simple
models.architecture.mamba_type=mamba
training.mode=rollout
training.rollout_steps=48    avg_loss: 0.000000015923  time_per_window : 0.003046   progress : 0.437
name: models.architecture.block_type=simple
models.architecture.mamba_type=mamba
training.mode=rollout
training.rollout_steps=48    avg_loss: 0.000000016003  time_per_window : 0.002991   progress : 0.448
name: models.architecture.block_type=simple
models.architecture.mamba_type=mamba
training.mode=rollout
training.rollout_steps=48    avg_loss: 0.000000016222  time_per_window : 0.002930   progress : 0.459
name: models.architecture.block_type=simple
models.architecture.mamba_type=mamba
training.mode=rollout
training.rollout_steps=48    avg_loss: 0.000000015064  time_per_window : 0.002988   progress : 0.470
name: models.architecture.block_type=simple
models.architecture.mamba_type=mamba
training.mode=rollout
training.rollout_steps=48    avg_loss: 0.000000015911  time_per_window : 0.002972   progress : 0.481
name: models.architecture.block_type=simple
models.architecture.mamba_type=mamba
training.mode=rollout
training.rollout_steps=48    avg_loss: 0.000000015585  time_per_window : 0.002997   progress : 0.492
name: models.architecture.block_type=simple
models.architecture.mamba_type=mamba
training.mode=rollout
training.rollout_steps=48    avg_loss: 0.000000015277  time_per_window : 0.003015   progress : 0.502
name: models.architecture.block_type=simple
models.architecture.mamba_type=mamba
training.mode=rollout
training.rollout_steps=48    avg_loss: 0.000000015423  time_per_window : 0.002927   progress : 0.513
name: models.architecture.block_type=simple
models.architecture.mamba_type=mamba
training.mode=rollout
training.rollout_steps=48    avg_loss: 0.000000015447  time_per_window : 0.002989   progress : 0.524
name: models.architecture.block_type=simple
models.architecture.mamba_type=mamba
training.mode=rollout
training.rollout_steps=48    avg_loss: 0.000000015882  time_per_window : 0.002978   progress : 0.535
name: models.architecture.block_type=simple
models.architecture.mamba_type=mamba
training.mode=rollout
training.rollout_steps=48    avg_loss: 0.000000015357  time_per_window : 0.003018   progress : 0.546
name: models.architecture.block_type=simple
models.architecture.mamba_type=mamba
training.mode=rollout
training.rollout_steps=48    avg_loss: 0.000000015243  time_per_window : 0.002977   progress : 0.557
name: models.architecture.block_type=simple
models.architecture.mamba_type=mamba
training.mode=rollout
training.rollout_steps=48    avg_loss: 0.000000015508  time_per_window : 0.003049   progress : 0.568
name: models.architecture.block_type=simple
models.architecture.mamba_type=mamba
training.mode=rollout
training.rollout_steps=48    avg_loss: 0.000000015159  time_per_window : 0.002965   progress : 0.579
name: models.architecture.block_type=simple
models.architecture.mamba_type=mamba
training.mode=rollout
training.rollout_steps=48    avg_loss: 0.000000015619  time_per_window : 0.002963   progress : 0.590
name: models.architecture.block_type=simple
models.architecture.mamba_type=mamba
training.mode=rollout
training.rollout_steps=48    avg_loss: 0.000000014890  time_per_window : 0.002946   progress : 0.601
name: models.architecture.block_type=simple
models.architecture.mamba_type=mamba
training.mode=rollout
training.rollout_steps=48    avg_loss: 0.000000015710  time_per_window : 0.002994   progress : 0.612
name: models.architecture.block_type=simple
models.architecture.mamba_type=mamba
training.mode=rollout
training.rollout_steps=48    avg_loss: 0.000000015356  time_per_window : 0.002993   progress : 0.623
name: models.architecture.block_type=simple
models.architecture.mamba_type=mamba
training.mode=rollout
training.rollout_steps=48    avg_loss: 0.000000014871  time_per_window : 0.003059   progress : 0.634
name: models.architecture.block_type=simple
models.architecture.mamba_type=mamba
training.mode=rollout
training.rollout_steps=48    avg_loss: 0.000000015363  time_per_window : 0.003044   progress : 0.644
name: models.architecture.block_type=simple
models.architecture.mamba_type=mamba
training.mode=rollout
training.rollout_steps=48    avg_loss: 0.000000014456  time_per_window : 0.003043   progress : 0.655
name: models.architecture.block_type=simple
models.architecture.mamba_type=mamba
training.mode=rollout
training.rollout_steps=48    avg_loss: 0.000000015632  time_per_window : 0.003047   progress : 0.666
name: models.architecture.block_type=simple
models.architecture.mamba_type=mamba
training.mode=rollout
training.rollout_steps=48    avg_loss: 0.000000015209  time_per_window : 0.003006   progress : 0.677
name: models.architecture.block_type=simple
models.architecture.mamba_type=mamba
training.mode=rollout
training.rollout_steps=48    avg_loss: 0.000000014662  time_per_window : 0.003061   progress : 0.688
name: models.architecture.block_type=simple
models.architecture.mamba_type=mamba
training.mode=rollout
training.rollout_steps=48    avg_loss: 0.000000015251  time_per_window : 0.003042   progress : 0.699
name: models.architecture.block_type=simple
models.architecture.mamba_type=mamba
training.mode=rollout
training.rollout_steps=48    avg_loss: 0.000000015516  time_per_window : 0.003035   progress : 0.710
name: models.architecture.block_type=simple
models.architecture.mamba_type=mamba
training.mode=rollout
training.rollout_steps=48    avg_loss: 0.000000014905  time_per_window : 0.002938   progress : 0.721
name: models.architecture.block_type=simple
models.architecture.mamba_type=mamba
training.mode=rollout
training.rollout_steps=48    avg_loss: 0.000000014669  time_per_window : 0.003018   progress : 0.732
name: models.architecture.block_type=simple
models.architecture.mamba_type=mamba
training.mode=rollout
training.rollout_steps=48    avg_loss: 0.000000015052  time_per_window : 0.002667   progress : 0.743
name: models.architecture.block_type=simple
models.architecture.mamba_type=mamba
training.mode=rollout
training.rollout_steps=48    avg_loss: 0.000000014927  time_per_window : 0.002824   progress : 0.754
name: models.architecture.block_type=simple
models.architecture.mamba_type=mamba
training.mode=rollout
training.rollout_steps=48    avg_loss: 0.000000014735  time_per_window : 0.002224   progress : 0.765
name: models.architecture.block_type=simple
models.architecture.mamba_type=mamba
training.mode=rollout
training.rollout_steps=48    avg_loss: 0.000000015108  time_per_window : 0.002262   progress : 0.775
name: models.architecture.block_type=simple
models.architecture.mamba_type=mamba
training.mode=rollout
training.rollout_steps=48    avg_loss: 0.000000015310  time_per_window : 0.002278   progress : 0.786
name: models.architecture.block_type=simple
models.architecture.mamba_type=mamba
training.mode=rollout
training.rollout_steps=48    avg_loss: 0.000000014889  time_per_window : 0.002194   progress : 0.797
name: models.architecture.block_type=simple
models.architecture.mamba_type=mamba
training.mode=rollout
training.rollout_steps=48    avg_loss: 0.000000014784  time_per_window : 0.002255   progress : 0.808
name: models.architecture.block_type=simple
models.architecture.mamba_type=mamba
training.mode=rollout
training.rollout_steps=48    avg_loss: 0.000000014664  time_per_window : 0.008217   progress : 0.819
name: models.architecture.block_type=simple
models.architecture.mamba_type=mamba
training.mode=rollout
training.rollout_steps=48    avg_loss: 0.000000014802  time_per_window : 0.002297   progress : 0.830
name: models.architecture.block_type=simple
models.architecture.mamba_type=mamba
training.mode=rollout
training.rollout_steps=48    avg_loss: 0.000000014935  time_per_window : 0.002221   progress : 0.841
name: models.architecture.block_type=simple
models.architecture.mamba_type=mamba
training.mode=rollout
training.rollout_steps=48    avg_loss: 0.000000014832  time_per_window : 0.002257   progress : 0.852
name: models.architecture.block_type=simple
models.architecture.mamba_type=mamba
training.mode=rollout
training.rollout_steps=48    avg_loss: 0.000000014340  time_per_window : 0.002233   progress : 0.863
name: models.architecture.block_type=simple
models.architecture.mamba_type=mamba
training.mode=rollout
training.rollout_steps=48    avg_loss: 0.000000014986  time_per_window : 0.002179   progress : 0.874
name: models.architecture.block_type=simple
models.architecture.mamba_type=mamba
training.mode=rollout
training.rollout_steps=48    avg_loss: 0.000000014686  time_per_window : 0.002251   progress : 0.885
name: models.architecture.block_type=simple
models.architecture.mamba_type=mamba
training.mode=rollout
training.rollout_steps=48    avg_loss: 0.000000014779  time_per_window : 0.002223   progress : 0.896
name: models.architecture.block_type=simple
models.architecture.mamba_type=mamba
training.mode=rollout
training.rollout_steps=48    avg_loss: 0.000000015150  time_per_window : 0.002187   progress : 0.907
name: models.architecture.block_type=simple
models.architecture.mamba_type=mamba
training.mode=rollout
training.rollout_steps=48    avg_loss: 0.000000014587  time_per_window : 0.002367   progress : 0.917
name: models.architecture.block_type=simple
models.architecture.mamba_type=mamba
training.mode=rollout
training.rollout_steps=48    avg_loss: 0.000000014917  time_per_window : 0.002247   progress : 0.928
name: models.architecture.block_type=simple
models.architecture.mamba_type=mamba
training.mode=rollout
training.rollout_steps=48    avg_loss: 0.000000014520  time_per_window : 0.002223   progress : 0.939
name: models.architecture.block_type=simple
models.architecture.mamba_type=mamba
training.mode=rollout
training.rollout_steps=48    avg_loss: 0.000000014801  time_per_window : 0.002214   progress : 0.950
name: models.architecture.block_type=simple
models.architecture.mamba_type=mamba
training.mode=rollout
training.rollout_steps=48    avg_loss: 0.000000014890  time_per_window : 0.002291   progress : 0.961
name: models.architecture.block_type=simple
models.architecture.mamba_type=mamba
training.mode=rollout
training.rollout_steps=48    avg_loss: 0.000000014218  time_per_window : 0.002241   progress : 0.972
name: models.architecture.block_type=simple
models.architecture.mamba_type=mamba
training.mode=rollout
training.rollout_steps=48    avg_loss: 0.000000014340  time_per_window : 0.002295   progress : 0.983
name: models.architecture.block_type=simple
models.architecture.mamba_type=mamba
training.mode=rollout
training.rollout_steps=48    avg_loss: 0.000000014863  time_per_window : 0.002307   progress : 0.994
name: models.architecture.block_type=simple
models.architecture.mamba_type=mamba
training.mode=rollout
training.rollout_steps=48    avg_loss: 0.000001141854  time_per_window : 0.002293   progress : 0.011
name: models.architecture.block_type=simple
models.architecture.mamba_type=mamba
training.mode=rollout
training.rollout_steps=48    avg_loss: 0.000000079572  time_per_window : 0.002231   progress : 0.022
name: models.architecture.block_type=simple
models.architecture.mamba_type=mamba
training.mode=rollout
training.rollout_steps=48    avg_loss: 0.000000041195  time_per_window : 0.002189   progress : 0.033
name: models.architecture.block_type=simple
models.architecture.mamba_type=mamba
training.mode=rollout
training.rollout_steps=48    avg_loss: 0.000000036196  time_per_window : 0.002235   progress : 0.044
name: models.architecture.block_type=simple
models.architecture.mamba_type=mamba
training.mode=rollout
training.rollout_steps=48    avg_loss: 0.000000037014  time_per_window : 0.002349   progress : 0.055
name: models.architecture.block_type=simple
models.architecture.mamba_type=mamba
training.mode=rollout
training.rollout_steps=48    avg_loss: 0.000000033227  time_per_window : 0.002214   progress : 0.066
name: models.architecture.block_type=simple
models.architecture.mamba_type=mamba
training.mode=rollout
training.rollout_steps=48    avg_loss: 0.000000034593  time_per_window : 0.002228   progress : 0.076
name: models.architecture.block_type=simple
models.architecture.mamba_type=mamba
training.mode=rollout
training.rollout_steps=48    avg_loss: 0.000000029788  time_per_window : 0.002306   progress : 0.087
name: models.architecture.block_type=simple
models.architecture.mamba_type=mamba
training.mode=rollout
training.rollout_steps=48    avg_loss: 0.000000030576  time_per_window : 0.002200   progress : 0.098
name: models.architecture.block_type=simple
models.architecture.mamba_type=mamba
training.mode=rollout
training.rollout_steps=48    avg_loss: 0.000000032651  time_per_window : 0.002284   progress : 0.109
name: models.architecture.block_type=simple
models.architecture.mamba_type=mamba
training.mode=rollout
training.rollout_steps=48    avg_loss: 0.000000031205  time_per_window : 0.002191   progress : 0.120
name: models.architecture.block_type=simple
models.architecture.mamba_type=mamba
training.mode=rollout
training.rollout_steps=48    avg_loss: 0.000000028595  time_per_window : 0.002380   progress : 0.131
name: models.architecture.block_type=simple
models.architecture.mamba_type=mamba
training.mode=rollout
training.rollout_steps=48    avg_loss: 0.000000028046  time_per_window : 0.002221   progress : 0.142
name: models.architecture.block_type=simple
models.architecture.mamba_type=mamba
training.mode=rollout
training.rollout_steps=48    avg_loss: 0.000000031041  time_per_window : 0.002249   progress : 0.153
name: models.architecture.block_type=simple
models.architecture.mamba_type=mamba
training.mode=rollout
training.rollout_steps=48    avg_loss: 0.000000032867  time_per_window : 0.002352   progress : 0.164
name: models.architecture.block_type=simple
models.architecture.mamba_type=mamba
training.mode=rollout
training.rollout_steps=48    avg_loss: 0.000000034111  time_per_window : 0.002309   progress : 0.175
name: models.architecture.block_type=simple
models.architecture.mamba_type=mamba
training.mode=rollout
training.rollout_steps=48    avg_loss: 0.000000029371  time_per_window : 0.002282   progress : 0.186
name: models.architecture.block_type=simple
models.architecture.mamba_type=mamba
training.mode=rollout
training.rollout_steps=48    avg_loss: 0.000000029813  time_per_window : 0.002251   progress : 0.197
name: models.architecture.block_type=simple
models.architecture.mamba_type=mamba
training.mode=rollout
training.rollout_steps=48    avg_loss: 0.000000028353  time_per_window : 0.002323   progress : 0.208
name: models.architecture.block_type=simple
models.architecture.mamba_type=mamba
training.mode=rollout
training.rollout_steps=48    avg_loss: 0.000000029641  time_per_window : 0.002346   progress : 0.218
name: models.architecture.block_type=simple
models.architecture.mamba_type=mamba
training.mode=rollout
training.rollout_steps=48    avg_loss: 0.000000028667  time_per_window : 0.002265   progress : 0.229
name: models.architecture.block_type=simple
models.architecture.mamba_type=mamba
training.mode=rollout
training.rollout_steps=48    avg_loss: 0.000000028396  time_per_window : 0.002203   progress : 0.240
name: models.architecture.block_type=simple
models.architecture.mamba_type=mamba
training.mode=rollout
training.rollout_steps=48    avg_loss: 0.000000030098  time_per_window : 0.002228   progress : 0.251
name: models.architecture.block_type=simple
models.architecture.mamba_type=mamba
training.mode=rollout
training.rollout_steps=48    avg_loss: 0.000000031487  time_per_window : 0.001695   progress : 0.262
name: models.architecture.block_type=simple
models.architecture.mamba_type=mamba
training.mode=rollout
training.rollout_steps=48    avg_loss: 0.000000029783  time_per_window : 0.002206   progress : 0.273
name: models.architecture.block_type=simple
models.architecture.mamba_type=mamba
training.mode=rollout
training.rollout_steps=48    avg_loss: 0.000000031492  time_per_window : 0.002272   progress : 0.284
name: models.architecture.block_type=simple
models.architecture.mamba_type=mamba
training.mode=rollout
training.rollout_steps=48    avg_loss: 0.000000029969  time_per_window : 0.002159   progress : 0.295
name: models.architecture.block_type=simple
models.architecture.mamba_type=mamba
training.mode=rollout
training.rollout_steps=48    avg_loss: 0.000000028444  time_per_window : 0.002238   progress : 0.306
name: models.architecture.block_type=simple
models.architecture.mamba_type=mamba
training.mode=rollout
training.rollout_steps=48    avg_loss: 0.000000027675  time_per_window : 0.002228   progress : 0.317
name: models.architecture.block_type=simple
models.architecture.mamba_type=mamba
training.mode=rollout
training.rollout_steps=48    avg_loss: 0.000000030315  time_per_window : 0.002239   progress : 0.328
name: models.architecture.block_type=simple
models.architecture.mamba_type=mamba
training.mode=rollout
training.rollout_steps=48    avg_loss: 0.000000028363  time_per_window : 0.002150   progress : 0.339
name: models.architecture.block_type=simple
models.architecture.mamba_type=mamba
training.mode=rollout
training.rollout_steps=48    avg_loss: 0.000000036103  time_per_window : 0.002257   progress : 0.350
name: models.architecture.block_type=simple
models.architecture.mamba_type=mamba
training.mode=rollout
training.rollout_steps=48    avg_loss: 0.000000028985  time_per_window : 0.002245   progress : 0.360
name: models.architecture.block_type=simple
models.architecture.mamba_type=mamba
training.mode=rollout
training.rollout_steps=48    avg_loss: 0.000000028481  time_per_window : 0.002150   progress : 0.371
name: models.architecture.block_type=simple
models.architecture.mamba_type=mamba
training.mode=rollout
training.rollout_steps=48    avg_loss: 0.000000030794  time_per_window : 0.002221   progress : 0.382
name: models.architecture.block_type=simple
models.architecture.mamba_type=mamba
training.mode=rollout
training.rollout_steps=48    avg_loss: 0.000000030276  time_per_window : 0.002166   progress : 0.393
name: models.architecture.block_type=simple
models.architecture.mamba_type=mamba
training.mode=rollout
training.rollout_steps=48    avg_loss: 0.000000028582  time_per_window : 0.002305   progress : 0.404
name: models.architecture.block_type=simple
models.architecture.mamba_type=mamba
training.mode=rollout
training.rollout_steps=48    avg_loss: 0.000000027650  time_per_window : 0.002247   progress : 0.415
name: models.architecture.block_type=simple
models.architecture.mamba_type=mamba
training.mode=rollout
training.rollout_steps=48    avg_loss: 0.000000030814  time_per_window : 0.002144   progress : 0.426
name: models.architecture.block_type=simple
models.architecture.mamba_type=mamba
training.mode=rollout
training.rollout_steps=48    avg_loss: 0.000000028528  time_per_window : 0.002202   progress : 0.437
name: models.architecture.block_type=simple
models.architecture.mamba_type=mamba
training.mode=rollout
training.rollout_steps=48    avg_loss: 0.000000028795  time_per_window : 0.002300   progress : 0.448
name: models.architecture.block_type=simple
models.architecture.mamba_type=mamba
training.mode=rollout
training.rollout_steps=48    avg_loss: 0.000000033456  time_per_window : 0.002248   progress : 0.459
name: models.architecture.block_type=simple
models.architecture.mamba_type=mamba
training.mode=rollout
training.rollout_steps=48    avg_loss: 0.000000031469  time_per_window : 0.002253   progress : 0.470
name: models.architecture.block_type=simple
models.architecture.mamba_type=mamba
training.mode=rollout
training.rollout_steps=48    avg_loss: 0.000000026730  time_per_window : 0.002278   progress : 0.481
name: models.architecture.block_type=simple
models.architecture.mamba_type=mamba
training.mode=rollout
training.rollout_steps=48    avg_loss: 0.000000032357  time_per_window : 0.002258   progress : 0.492
name: models.architecture.block_type=simple
models.architecture.mamba_type=mamba
training.mode=rollout
training.rollout_steps=48    avg_loss: 0.000000027896  time_per_window : 0.002247   progress : 0.502
name: models.architecture.block_type=simple
models.architecture.mamba_type=mamba
training.mode=rollout
training.rollout_steps=48    avg_loss: 0.000000028173  time_per_window : 0.002244   progress : 0.513
name: models.architecture.block_type=simple
models.architecture.mamba_type=mamba
training.mode=rollout
training.rollout_steps=48    avg_loss: 0.000000030458  time_per_window : 0.002170   progress : 0.524
name: models.architecture.block_type=simple
models.architecture.mamba_type=mamba
training.mode=rollout
training.rollout_steps=48    avg_loss: 0.000000027236  time_per_window : 0.002254   progress : 0.535
name: models.architecture.block_type=simple
models.architecture.mamba_type=mamba
training.mode=rollout
training.rollout_steps=48    avg_loss: 0.000000027809  time_per_window : 0.002322   progress : 0.546
name: models.architecture.block_type=simple
models.architecture.mamba_type=mamba
training.mode=rollout
training.rollout_steps=48    avg_loss: 0.000000032850  time_per_window : 0.002214   progress : 0.557
name: models.architecture.block_type=simple
models.architecture.mamba_type=mamba
training.mode=rollout
training.rollout_steps=48    avg_loss: 0.000000028778  time_per_window : 0.002186   progress : 0.568
name: models.architecture.block_type=simple
models.architecture.mamba_type=mamba
training.mode=rollout
training.rollout_steps=48    avg_loss: 0.000000029482  time_per_window : 0.002194   progress : 0.579
name: models.architecture.block_type=simple
models.architecture.mamba_type=mamba
training.mode=rollout
training.rollout_steps=48    avg_loss: 0.000000029868  time_per_window : 0.002210   progress : 0.590
name: models.architecture.block_type=simple
models.architecture.mamba_type=mamba
training.mode=rollout
training.rollout_steps=48    avg_loss: 0.000000026832  time_per_window : 0.002280   progress : 0.601
name: models.architecture.block_type=simple
models.architecture.mamba_type=mamba
training.mode=rollout
training.rollout_steps=48    avg_loss: 0.000000029797  time_per_window : 0.002249   progress : 0.612
name: models.architecture.block_type=simple
models.architecture.mamba_type=mamba
training.mode=rollout
training.rollout_steps=48    avg_loss: 0.000000026981  time_per_window : 0.002236   progress : 0.623
name: models.architecture.block_type=simple
models.architecture.mamba_type=mamba
training.mode=rollout
training.rollout_steps=48    avg_loss: 0.000000028699  time_per_window : 0.002260   progress : 0.634
name: models.architecture.block_type=simple
models.architecture.mamba_type=mamba
training.mode=rollout
training.rollout_steps=48    avg_loss: 0.000000028648  time_per_window : 0.002270   progress : 0.644
name: models.architecture.block_type=simple
models.architecture.mamba_type=mamba
training.mode=rollout
training.rollout_steps=48    avg_loss: 0.000000028450  time_per_window : 0.008181   progress : 0.655
name: models.architecture.block_type=simple
models.architecture.mamba_type=mamba
training.mode=rollout
training.rollout_steps=48    avg_loss: 0.000000029287  time_per_window : 0.002168   progress : 0.666
name: models.architecture.block_type=simple
models.architecture.mamba_type=mamba
training.mode=rollout
training.rollout_steps=48    avg_loss: 0.000000031248  time_per_window : 0.002247   progress : 0.677
name: models.architecture.block_type=simple
models.architecture.mamba_type=mamba
training.mode=rollout
training.rollout_steps=48    avg_loss: 0.000000027441  time_per_window : 0.002253   progress : 0.688
name: models.architecture.block_type=simple
models.architecture.mamba_type=mamba
training.mode=rollout
training.rollout_steps=48    avg_loss: 0.000000028823  time_per_window : 0.002326   progress : 0.699
name: models.architecture.block_type=simple
models.architecture.mamba_type=mamba
training.mode=rollout
training.rollout_steps=48    avg_loss: 0.000000027365  time_per_window : 0.002173   progress : 0.710
name: models.architecture.block_type=simple
models.architecture.mamba_type=mamba
training.mode=rollout
training.rollout_steps=48    avg_loss: 0.000000027283  time_per_window : 0.002307   progress : 0.721
name: models.architecture.block_type=simple
models.architecture.mamba_type=mamba
training.mode=rollout
training.rollout_steps=48    avg_loss: 0.000000041990  time_per_window : 0.002267   progress : 0.732
name: models.architecture.block_type=simple
models.architecture.mamba_type=mamba
training.mode=rollout
training.rollout_steps=48    avg_loss: 0.000000025077  time_per_window : 0.002252   progress : 0.743
name: models.architecture.block_type=simple
models.architecture.mamba_type=mamba
training.mode=rollout
training.rollout_steps=48    avg_loss: 0.000000026620  time_per_window : 0.002216   progress : 0.754
name: models.architecture.block_type=simple
models.architecture.mamba_type=mamba
training.mode=rollout
training.rollout_steps=48    avg_loss: 0.000000025911  time_per_window : 0.002270   progress : 0.765
name: models.architecture.block_type=simple
models.architecture.mamba_type=mamba
training.mode=rollout
training.rollout_steps=48    avg_loss: 0.000000027285  time_per_window : 0.002247   progress : 0.775
name: models.architecture.block_type=simple
models.architecture.mamba_type=mamba
training.mode=rollout
training.rollout_steps=48    avg_loss: 0.000000029008  time_per_window : 0.002336   progress : 0.786
name: models.architecture.block_type=simple
models.architecture.mamba_type=mamba
training.mode=rollout
training.rollout_steps=48    avg_loss: 0.000000027308  time_per_window : 0.002331   progress : 0.797
name: models.architecture.block_type=simple
models.architecture.mamba_type=mamba
training.mode=rollout
training.rollout_steps=48    avg_loss: 0.000000026268  time_per_window : 0.002299   progress : 0.808
name: models.architecture.block_type=simple
models.architecture.mamba_type=mamba
training.mode=rollout
training.rollout_steps=48    avg_loss: 0.000000028623  time_per_window : 0.002268   progress : 0.819
name: models.architecture.block_type=simple
models.architecture.mamba_type=mamba
training.mode=rollout
training.rollout_steps=48    avg_loss: 0.000000029778  time_per_window : 0.002236   progress : 0.830
name: models.architecture.block_type=simple
models.architecture.mamba_type=mamba
training.mode=rollout
training.rollout_steps=48    avg_loss: 0.000000026424  time_per_window : 0.002303   progress : 0.841
name: models.architecture.block_type=simple
models.architecture.mamba_type=mamba
training.mode=rollout
training.rollout_steps=48    avg_loss: 0.000000027638  time_per_window : 0.002293   progress : 0.852
name: models.architecture.block_type=simple
models.architecture.mamba_type=mamba
training.mode=rollout
training.rollout_steps=48    avg_loss: 0.000000026917  time_per_window : 0.002211   progress : 0.863
name: models.architecture.block_type=simple
models.architecture.mamba_type=mamba
training.mode=rollout
training.rollout_steps=48    avg_loss: 0.000000029500  time_per_window : 0.002304   progress : 0.874
name: models.architecture.block_type=simple
models.architecture.mamba_type=mamba
training.mode=rollout
training.rollout_steps=48    avg_loss: 0.000000027575  time_per_window : 0.002282   progress : 0.885
name: models.architecture.block_type=simple
models.architecture.mamba_type=mamba
training.mode=rollout
training.rollout_steps=48    avg_loss: 0.000000026926  time_per_window : 0.002320   progress : 0.896
name: models.architecture.block_type=simple
models.architecture.mamba_type=mamba
training.mode=rollout
training.rollout_steps=48    avg_loss: 0.000000029056  time_per_window : 0.002306   progress : 0.907
name: models.architecture.block_type=simple
models.architecture.mamba_type=mamba
training.mode=rollout
training.rollout_steps=48    avg_loss: 0.000000030913  time_per_window : 0.002277   progress : 0.917
name: models.architecture.block_type=simple
models.architecture.mamba_type=mamba
training.mode=rollout
training.rollout_steps=48    avg_loss: 0.000000027969  time_per_window : 0.002275   progress : 0.928
name: models.architecture.block_type=simple
models.architecture.mamba_type=mamba
training.mode=rollout
training.rollout_steps=48    avg_loss: 0.000000027185  time_per_window : 0.002297   progress : 0.939
name: models.architecture.block_type=simple
models.architecture.mamba_type=mamba
training.mode=rollout
training.rollout_steps=48    avg_loss: 0.000000028312  time_per_window : 0.002204   progress : 0.950
name: models.architecture.block_type=simple
models.architecture.mamba_type=mamba
training.mode=rollout
training.rollout_steps=48    avg_loss: 0.000000026630  time_per_window : 0.002286   progress : 0.961
name: models.architecture.block_type=simple
models.architecture.mamba_type=mamba
training.mode=rollout
training.rollout_steps=48    avg_loss: 0.000000029054  time_per_window : 0.002168   progress : 0.972
name: models.architecture.block_type=simple
models.architecture.mamba_type=mamba
training.mode=rollout
training.rollout_steps=48    avg_loss: 0.000000029690  time_per_window : 0.002276   progress : 0.983
name: models.architecture.block_type=simple
models.architecture.mamba_type=mamba
training.mode=rollout
training.rollout_steps=48    avg_loss: 0.000000026954  time_per_window : 0.002309   progress : 0.994
name: models.architecture.block_type=simple
models.architecture.mamba_type=mamba
training.mode=rollout
training.rollout_steps=48    avg_loss: 0.000063313855  time_per_window : 0.002236   progress : 0.011
name: models.architecture.block_type=simple
models.architecture.mamba_type=mamba
training.mode=rollout
training.rollout_steps=48    avg_loss: 0.000017606942  time_per_window : 0.002154   progress : 0.022
name: models.architecture.block_type=simple
models.architecture.mamba_type=mamba
training.mode=rollout
training.rollout_steps=48    avg_loss: 0.000009131082  time_per_window : 0.002261   progress : 0.033
name: models.architecture.block_type=simple
models.architecture.mamba_type=mamba
training.mode=rollout
training.rollout_steps=48    avg_loss: 0.000004884945  time_per_window : 0.002181   progress : 0.044
name: models.architecture.block_type=simple
models.architecture.mamba_type=mamba
training.mode=rollout
training.rollout_steps=48    avg_loss: 0.000002506471  time_per_window : 0.002260   progress : 0.055
name: models.architecture.block_type=simple
models.architecture.mamba_type=mamba
training.mode=rollout
training.rollout_steps=48    avg_loss: 0.000002068175  time_per_window : 0.002196   progress : 0.066
name: models.architecture.block_type=simple
models.architecture.mamba_type=mamba
training.mode=rollout
training.rollout_steps=48    avg_loss: 0.000001227036  time_per_window : 0.002257   progress : 0.076
name: models.architecture.block_type=simple
models.architecture.mamba_type=mamba
training.mode=rollout
training.rollout_steps=48    avg_loss: 0.000001012114  time_per_window : 0.002323   progress : 0.087
name: models.architecture.block_type=simple
models.architecture.mamba_type=mamba
training.mode=rollout
training.rollout_steps=48    avg_loss: 0.000000783544  time_per_window : 0.002196   progress : 0.098
name: models.architecture.block_type=simple
models.architecture.mamba_type=mamba
training.mode=rollout
training.rollout_steps=48    avg_loss: 0.000000503383  time_per_window : 0.002329   progress : 0.109
name: models.architecture.block_type=simple
models.architecture.mamba_type=mamba
training.mode=rollout
training.rollout_steps=48    avg_loss: 0.000000536600  time_per_window : 0.002256   progress : 0.120
name: models.architecture.block_type=simple
models.architecture.mamba_type=mamba
training.mode=rollout
training.rollout_steps=48    avg_loss: 0.000000392722  time_per_window : 0.002272   progress : 0.131
name: models.architecture.block_type=simple
models.architecture.mamba_type=mamba
training.mode=rollout
training.rollout_steps=48    avg_loss: 0.000000570750  time_per_window : 0.002259   progress : 0.142
name: models.architecture.block_type=simple
models.architecture.mamba_type=mamba
training.mode=rollout
training.rollout_steps=48    avg_loss: 0.000000412382  time_per_window : 0.002248   progress : 0.153
name: models.architecture.block_type=simple
models.architecture.mamba_type=mamba
training.mode=rollout
training.rollout_steps=48    avg_loss: 0.000000407087  time_per_window : 0.002184   progress : 0.164
name: models.architecture.block_type=simple
models.architecture.mamba_type=mamba
training.mode=rollout
training.rollout_steps=48    avg_loss: 0.000000538502  time_per_window : 0.002291   progress : 0.175
name: models.architecture.block_type=simple
models.architecture.mamba_type=mamba
training.mode=rollout
training.rollout_steps=48    avg_loss: 0.000000409427  time_per_window : 0.002295   progress : 0.186
name: models.architecture.block_type=simple
models.architecture.mamba_type=mamba
training.mode=rollout
training.rollout_steps=48    avg_loss: 0.000000383297  time_per_window : 0.002192   progress : 0.197
name: models.architecture.block_type=simple
models.architecture.mamba_type=mamba
training.mode=rollout
training.rollout_steps=48    avg_loss: 0.000000420735  time_per_window : 0.002293   progress : 0.208
name: models.architecture.block_type=simple
models.architecture.mamba_type=mamba
training.mode=rollout
training.rollout_steps=48    avg_loss: 0.000000517895  time_per_window : 0.002213   progress : 0.218
name: models.architecture.block_type=simple
models.architecture.mamba_type=mamba
training.mode=rollout
training.rollout_steps=48    avg_loss: 0.000000372562  time_per_window : 0.002223   progress : 0.229
name: models.architecture.block_type=simple
models.architecture.mamba_type=mamba
training.mode=rollout
training.rollout_steps=48    avg_loss: 0.000000424635  time_per_window : 0.002350   progress : 0.240
name: models.architecture.block_type=simple
models.architecture.mamba_type=mamba
training.mode=rollout
training.rollout_steps=48    avg_loss: 0.000000394599  time_per_window : 0.002219   progress : 0.251
name: models.architecture.block_type=simple
models.architecture.mamba_type=mamba
training.mode=rollout
training.rollout_steps=48    avg_loss: 0.000000474070  time_per_window : 0.002416   progress : 0.262
name: models.architecture.block_type=simple
models.architecture.mamba_type=mamba
training.mode=rollout
training.rollout_steps=48    avg_loss: 0.000000438961  time_per_window : 0.002243   progress : 0.273
name: models.architecture.block_type=simple
models.architecture.mamba_type=mamba
training.mode=rollout
training.rollout_steps=48    avg_loss: 0.000000434140  time_per_window : 0.002282   progress : 0.284
name: models.architecture.block_type=simple
models.architecture.mamba_type=mamba
training.mode=rollout
training.rollout_steps=48    avg_loss: 0.000000459786  time_per_window : 0.002173   progress : 0.295
name: models.architecture.block_type=simple
models.architecture.mamba_type=mamba
training.mode=rollout
training.rollout_steps=48    avg_loss: 0.000000429030  time_per_window : 0.002275   progress : 0.306
name: models.architecture.block_type=simple
models.architecture.mamba_type=mamba
training.mode=rollout
training.rollout_steps=48    avg_loss: 0.000000354514  time_per_window : 0.002207   progress : 0.317
name: models.architecture.block_type=simple
models.architecture.mamba_type=mamba
training.mode=rollout
training.rollout_steps=48    avg_loss: 0.000000559599  time_per_window : 0.002222   progress : 0.328
name: models.architecture.block_type=simple
models.architecture.mamba_type=mamba
training.mode=rollout
training.rollout_steps=48    avg_loss: 0.000000458734  time_per_window : 0.002298   progress : 0.339
name: models.architecture.block_type=simple
models.architecture.mamba_type=mamba
training.mode=rollout
training.rollout_steps=48    avg_loss: 0.000000555169  time_per_window : 0.002277   progress : 0.350
name: models.architecture.block_type=simple
models.architecture.mamba_type=mamba
training.mode=rollout
training.rollout_steps=48    avg_loss: 0.000000435274  time_per_window : 0.002178   progress : 0.360
name: models.architecture.block_type=simple
models.architecture.mamba_type=mamba
training.mode=rollout
training.rollout_steps=48    avg_loss: 0.000000417091  time_per_window : 0.002310   progress : 0.371
name: models.architecture.block_type=simple
models.architecture.mamba_type=mamba
training.mode=rollout
training.rollout_steps=48    avg_loss: 0.000000370830  time_per_window : 0.002460   progress : 0.382
name: models.architecture.block_type=simple
models.architecture.mamba_type=mamba
training.mode=rollout
training.rollout_steps=48    avg_loss: 0.000000395659  time_per_window : 0.002256   progress : 0.393
name: models.architecture.block_type=simple
models.architecture.mamba_type=mamba
training.mode=rollout
training.rollout_steps=48    avg_loss: 0.000000418253  time_per_window : 0.002214   progress : 0.404
name: models.architecture.block_type=simple
models.architecture.mamba_type=mamba
training.mode=rollout
training.rollout_steps=48    avg_loss: 0.000000434537  time_per_window : 0.002276   progress : 0.415
name: models.architecture.block_type=simple
models.architecture.mamba_type=mamba
training.mode=rollout
training.rollout_steps=48    avg_loss: 0.000000535736  time_per_window : 0.002275   progress : 0.426
name: models.architecture.block_type=simple
models.architecture.mamba_type=mamba
training.mode=rollout
training.rollout_steps=48    avg_loss: 0.000000446536  time_per_window : 0.001772   progress : 0.437
name: models.architecture.block_type=simple
models.architecture.mamba_type=mamba
training.mode=rollout
training.rollout_steps=48    avg_loss: 0.000000400181  time_per_window : 0.001455   progress : 0.448
name: models.architecture.block_type=simple
models.architecture.mamba_type=mamba
training.mode=rollout
training.rollout_steps=48    avg_loss: 0.000000402632  time_per_window : 0.001465   progress : 0.459
name: models.architecture.block_type=simple
models.architecture.mamba_type=mamba
training.mode=rollout
training.rollout_steps=48    avg_loss: 0.000000502905  time_per_window : 0.001505   progress : 0.470
name: models.architecture.block_type=simple
models.architecture.mamba_type=mamba
training.mode=rollout
training.rollout_steps=48    avg_loss: 0.000000360884  time_per_window : 0.001479   progress : 0.481
name: models.architecture.block_type=simple
models.architecture.mamba_type=mamba
training.mode=rollout
training.rollout_steps=48    avg_loss: 0.000000524097  time_per_window : 0.001493   progress : 0.492
name: models.architecture.block_type=simple
models.architecture.mamba_type=mamba
training.mode=rollout
training.rollout_steps=48    avg_loss: 0.000000321617  time_per_window : 0.001492   progress : 0.502
name: models.architecture.block_type=simple
models.architecture.mamba_type=mamba
training.mode=rollout
training.rollout_steps=48    avg_loss: 0.000000443179  time_per_window : 0.001442   progress : 0.513
name: models.architecture.block_type=simple
models.architecture.mamba_type=mamba
training.mode=rollout
training.rollout_steps=48    avg_loss: 0.000000411015  time_per_window : 0.001491   progress : 0.524
name: models.architecture.block_type=simple
models.architecture.mamba_type=mamba
training.mode=rollout
training.rollout_steps=48    avg_loss: 0.000000437000  time_per_window : 0.001445   progress : 0.535
name: models.architecture.block_type=simple
models.architecture.mamba_type=mamba
training.mode=rollout
training.rollout_steps=48    avg_loss: 0.000000393234  time_per_window : 0.001475   progress : 0.546
name: models.architecture.block_type=simple
models.architecture.mamba_type=mamba
training.mode=rollout
training.rollout_steps=48    avg_loss: 0.000000515212  time_per_window : 0.001416   progress : 0.557
name: models.architecture.block_type=simple
models.architecture.mamba_type=mamba
training.mode=rollout
training.rollout_steps=48    avg_loss: 0.000000369904  time_per_window : 0.001468   progress : 0.568
name: models.architecture.block_type=simple
models.architecture.mamba_type=mamba
training.mode=rollout
training.rollout_steps=48    avg_loss: 0.000000434245  time_per_window : 0.001484   progress : 0.579
name: models.architecture.block_type=simple
models.architecture.mamba_type=mamba
training.mode=rollout
training.rollout_steps=48    avg_loss: 0.000000501228  time_per_window : 0.001450   progress : 0.590
name: models.architecture.block_type=simple
models.architecture.mamba_type=mamba
training.mode=rollout
training.rollout_steps=48    avg_loss: 0.000000585228  time_per_window : 0.001448   progress : 0.601
name: models.architecture.block_type=simple
models.architecture.mamba_type=mamba
training.mode=rollout
training.rollout_steps=48    avg_loss: 0.000000377821  time_per_window : 0.001379   progress : 0.612
name: models.architecture.block_type=simple
models.architecture.mamba_type=mamba
training.mode=rollout
training.rollout_steps=48    avg_loss: 0.000000332081  time_per_window : 0.001399   progress : 0.623
name: models.architecture.block_type=simple
models.architecture.mamba_type=mamba
training.mode=rollout
training.rollout_steps=48    avg_loss: 0.000000386202  time_per_window : 0.001429   progress : 0.634
name: models.architecture.block_type=simple
models.architecture.mamba_type=mamba
training.mode=rollout
training.rollout_steps=48    avg_loss: 0.000000427791  time_per_window : 0.001390   progress : 0.644
name: models.architecture.block_type=simple
models.architecture.mamba_type=mamba
training.mode=rollout
training.rollout_steps=48    avg_loss: 0.000000424896  time_per_window : 0.001458   progress : 0.655
name: models.architecture.block_type=simple
models.architecture.mamba_type=mamba
training.mode=rollout
training.rollout_steps=48    avg_loss: 0.000000805837  time_per_window : 0.001487   progress : 0.666
name: models.architecture.block_type=simple
models.architecture.mamba_type=mamba
training.mode=rollout
training.rollout_steps=48    avg_loss: 0.000000399267  time_per_window : 0.001415   progress : 0.677
name: models.architecture.block_type=simple
models.architecture.mamba_type=mamba
training.mode=rollout
training.rollout_steps=48    avg_loss: 0.000000465874  time_per_window : 0.001394   progress : 0.688
name: models.architecture.block_type=simple
models.architecture.mamba_type=mamba
training.mode=rollout
training.rollout_steps=48    avg_loss: 0.000000449836  time_per_window : 0.001446   progress : 0.699
name: models.architecture.block_type=simple
models.architecture.mamba_type=mamba
training.mode=rollout
training.rollout_steps=48    avg_loss: 0.000000326928  time_per_window : 0.001480   progress : 0.710
name: models.architecture.block_type=simple
models.architecture.mamba_type=mamba
training.mode=rollout
training.rollout_steps=48    avg_loss: 0.000000374358  time_per_window : 0.001465   progress : 0.721
name: models.architecture.block_type=simple
models.architecture.mamba_type=mamba
training.mode=rollout
training.rollout_steps=48    avg_loss: 0.000000328889  time_per_window : 0.001410   progress : 0.732
name: models.architecture.block_type=simple
models.architecture.mamba_type=mamba
training.mode=rollout
training.rollout_steps=48    avg_loss: 0.000000315139  time_per_window : 0.001375   progress : 0.743
name: models.architecture.block_type=simple
models.architecture.mamba_type=mamba
training.mode=rollout
training.rollout_steps=48    avg_loss: 0.000000474851  time_per_window : 0.001425   progress : 0.754
name: models.architecture.block_type=simple
models.architecture.mamba_type=mamba
training.mode=rollout
training.rollout_steps=48    avg_loss: 0.000000450907  time_per_window : 0.001411   progress : 0.765
name: models.architecture.block_type=simple
models.architecture.mamba_type=mamba
training.mode=rollout
training.rollout_steps=48    avg_loss: 0.000000385176  time_per_window : 0.001413   progress : 0.775
name: models.architecture.block_type=simple
models.architecture.mamba_type=mamba
training.mode=rollout
training.rollout_steps=48    avg_loss: 0.000000487364  time_per_window : 0.001451   progress : 0.786
name: models.architecture.block_type=simple
models.architecture.mamba_type=mamba
training.mode=rollout
training.rollout_steps=48    avg_loss: 0.000000357548  time_per_window : 0.001422   progress : 0.797
name: models.architecture.block_type=simple
models.architecture.mamba_type=mamba
training.mode=rollout
training.rollout_steps=48    avg_loss: 0.000000324243  time_per_window : 0.001465   progress : 0.808
name: models.architecture.block_type=simple
models.architecture.mamba_type=mamba
training.mode=rollout
training.rollout_steps=48    avg_loss: 0.000000357245  time_per_window : 0.001455   progress : 0.819
name: models.architecture.block_type=simple
models.architecture.mamba_type=mamba
training.mode=rollout
training.rollout_steps=48    avg_loss: 0.000000468855  time_per_window : 0.001481   progress : 0.830
name: models.architecture.block_type=simple
models.architecture.mamba_type=mamba
training.mode=rollout
training.rollout_steps=48    avg_loss: 0.000000541120  time_per_window : 0.001471   progress : 0.841
name: models.architecture.block_type=simple
models.architecture.mamba_type=mamba
training.mode=rollout
training.rollout_steps=48    avg_loss: 0.000000420131  time_per_window : 0.001445   progress : 0.852
name: models.architecture.block_type=simple
models.architecture.mamba_type=mamba
training.mode=rollout
training.rollout_steps=48    avg_loss: 0.000000306347  time_per_window : 0.001421   progress : 0.863
name: models.architecture.block_type=simple
models.architecture.mamba_type=mamba
training.mode=rollout
training.rollout_steps=48    avg_loss: 0.000000335588  time_per_window : 0.001441   progress : 0.874
name: models.architecture.block_type=simple
models.architecture.mamba_type=mamba
training.mode=rollout
training.rollout_steps=48    avg_loss: 0.000000486139  time_per_window : 0.001404   progress : 0.885
name: models.architecture.block_type=simple
models.architecture.mamba_type=mamba
training.mode=rollout
training.rollout_steps=48    avg_loss: 0.000000329607  time_per_window : 0.001445   progress : 0.896
name: models.architecture.block_type=simple
models.architecture.mamba_type=mamba
training.mode=rollout
training.rollout_steps=48    avg_loss: 0.000000406804  time_per_window : 0.001431   progress : 0.907
name: models.architecture.block_type=simple
models.architecture.mamba_type=mamba
training.mode=rollout
training.rollout_steps=48    avg_loss: 0.000000422858  time_per_window : 0.001421   progress : 0.917
name: models.architecture.block_type=simple
models.architecture.mamba_type=mamba
training.mode=rollout
training.rollout_steps=48    avg_loss: 0.000000343576  time_per_window : 0.001476   progress : 0.928
name: models.architecture.block_type=simple
models.architecture.mamba_type=mamba
training.mode=rollout
training.rollout_steps=48    avg_loss: 0.000000445362  time_per_window : 0.001537   progress : 0.939
name: models.architecture.block_type=simple
models.architecture.mamba_type=mamba
training.mode=rollout
training.rollout_steps=48    avg_loss: 0.000000336940  time_per_window : 0.001464   progress : 0.950
name: models.architecture.block_type=simple
models.architecture.mamba_type=mamba
training.mode=rollout
training.rollout_steps=48    avg_loss: 0.000000383393  time_per_window : 0.001480   progress : 0.961
name: models.architecture.block_type=simple
models.architecture.mamba_type=mamba
training.mode=rollout
training.rollout_steps=48    avg_loss: 0.000000374237  time_per_window : 0.001484   progress : 0.972
name: models.architecture.block_type=simple
models.architecture.mamba_type=mamba
training.mode=rollout
training.rollout_steps=48    avg_loss: 0.000000379507  time_per_window : 0.001429   progress : 0.983
name: models.architecture.block_type=simple
models.architecture.mamba_type=mamba
training.mode=rollout
training.rollout_steps=48    avg_loss: 0.000000391204  time_per_window : 0.007603   progress : 0.994
name: models.architecture.block_type=simple
models.architecture.mamba_type=mamba
training.mode=rollout
training.rollout_steps=48    avg_loss: 0.000057112171  time_per_window : 0.001493   progress : 0.011
name: models.architecture.block_type=simple
models.architecture.mamba_type=mamba
training.mode=rollout
training.rollout_steps=48    avg_loss: 0.000013577499  time_per_window : 0.001486   progress : 0.022
name: models.architecture.block_type=simple
models.architecture.mamba_type=mamba
training.mode=rollout
training.rollout_steps=48    avg_loss: 0.000010708010  time_per_window : 0.001459   progress : 0.033
name: models.architecture.block_type=simple
models.architecture.mamba_type=mamba
training.mode=rollout
training.rollout_steps=48    avg_loss: 0.000008775617  time_per_window : 0.001493   progress : 0.044
name: models.architecture.block_type=simple
models.architecture.mamba_type=mamba
training.mode=rollout
training.rollout_steps=48    avg_loss: 0.000008717784  time_per_window : 0.001443   progress : 0.055
name: models.architecture.block_type=simple
models.architecture.mamba_type=mamba
training.mode=rollout
training.rollout_steps=48    avg_loss: 0.000004137230  time_per_window : 0.001461   progress : 0.066
name: models.architecture.block_type=simple
models.architecture.mamba_type=mamba
training.mode=rollout
training.rollout_steps=48    avg_loss: 0.000002609488  time_per_window : 0.001516   progress : 0.076
name: models.architecture.block_type=simple
models.architecture.mamba_type=mamba
training.mode=rollout
training.rollout_steps=48    avg_loss: 0.000001222867  time_per_window : 0.001467   progress : 0.087
name: models.architecture.block_type=simple
models.architecture.mamba_type=mamba
training.mode=rollout
training.rollout_steps=48    avg_loss: 0.000001052570  time_per_window : 0.001476   progress : 0.098
name: models.architecture.block_type=simple
models.architecture.mamba_type=mamba
training.mode=rollout
training.rollout_steps=48    avg_loss: 0.000000827552  time_per_window : 0.001447   progress : 0.109
name: models.architecture.block_type=simple
models.architecture.mamba_type=mamba
training.mode=rollout
training.rollout_steps=48    avg_loss: 0.000000696015  time_per_window : 0.001459   progress : 0.120
name: models.architecture.block_type=simple
models.architecture.mamba_type=mamba
training.mode=rollout
training.rollout_steps=48    avg_loss: 0.000000583707  time_per_window : 0.001440   progress : 0.131
name: models.architecture.block_type=simple
models.architecture.mamba_type=mamba
training.mode=rollout
training.rollout_steps=48    avg_loss: 0.000000585633  time_per_window : 0.001419   progress : 0.142
name: models.architecture.block_type=simple
models.architecture.mamba_type=mamba
training.mode=rollout
training.rollout_steps=48    avg_loss: 0.000000855278  time_per_window : 0.001465   progress : 0.153
name: models.architecture.block_type=simple
models.architecture.mamba_type=mamba
training.mode=rollout
training.rollout_steps=48    avg_loss: 0.000000528898  time_per_window : 0.001484   progress : 0.164
name: models.architecture.block_type=simple
models.architecture.mamba_type=mamba
training.mode=rollout
training.rollout_steps=48    avg_loss: 0.000000738757  time_per_window : 0.001479   progress : 0.175
name: models.architecture.block_type=simple
models.architecture.mamba_type=mamba
training.mode=rollout
training.rollout_steps=48    avg_loss: 0.000000702538  time_per_window : 0.001460   progress : 0.186
name: models.architecture.block_type=simple
models.architecture.mamba_type=mamba
training.mode=rollout
training.rollout_steps=48    avg_loss: 0.000000573973  time_per_window : 0.001454   progress : 0.197
name: models.architecture.block_type=simple
models.architecture.mamba_type=mamba
training.mode=rollout
training.rollout_steps=48    avg_loss: 0.000000664414  time_per_window : 0.001469   progress : 0.208
name: models.architecture.block_type=simple
models.architecture.mamba_type=mamba
training.mode=rollout
training.rollout_steps=48    avg_loss: 0.000000590986  time_per_window : 0.001430   progress : 0.218
name: models.architecture.block_type=simple
models.architecture.mamba_type=mamba
training.mode=rollout
training.rollout_steps=48    avg_loss: 0.000000595154  time_per_window : 0.001471   progress : 0.229
name: models.architecture.block_type=simple
models.architecture.mamba_type=mamba
training.mode=rollout
training.rollout_steps=48    avg_loss: 0.000000584477  time_per_window : 0.001464   progress : 0.240
name: models.architecture.block_type=simple
models.architecture.mamba_type=mamba
training.mode=rollout
training.rollout_steps=48    avg_loss: 0.000000730215  time_per_window : 0.001465   progress : 0.251
name: models.architecture.block_type=simple
models.architecture.mamba_type=mamba
training.mode=rollout
training.rollout_steps=48    avg_loss: 0.000000617847  time_per_window : 0.001487   progress : 0.262
name: models.architecture.block_type=simple
models.architecture.mamba_type=mamba
training.mode=rollout
training.rollout_steps=48    avg_loss: 0.000000602289  time_per_window : 0.001430   progress : 0.273
name: models.architecture.block_type=simple
models.architecture.mamba_type=mamba
training.mode=rollout
training.rollout_steps=48    avg_loss: 0.000000752959  time_per_window : 0.001493   progress : 0.284
name: models.architecture.block_type=simple
models.architecture.mamba_type=mamba
training.mode=rollout
training.rollout_steps=48    avg_loss: 0.000000608210  time_per_window : 0.001456   progress : 0.295
name: models.architecture.block_type=simple
models.architecture.mamba_type=mamba
training.mode=rollout
training.rollout_steps=48    avg_loss: 0.000000674665  time_per_window : 0.001418   progress : 0.306
name: models.architecture.block_type=simple
models.architecture.mamba_type=mamba
training.mode=rollout
training.rollout_steps=48    avg_loss: 0.000000643577  time_per_window : 0.001442   progress : 0.317
name: models.architecture.block_type=simple
models.architecture.mamba_type=mamba
training.mode=rollout
training.rollout_steps=48    avg_loss: 0.000000694052  time_per_window : 0.001449   progress : 0.328
name: models.architecture.block_type=simple
models.architecture.mamba_type=mamba
training.mode=rollout
training.rollout_steps=48    avg_loss: 0.000000784722  time_per_window : 0.001591   progress : 0.339
name: models.architecture.block_type=simple
models.architecture.mamba_type=mamba
training.mode=rollout
training.rollout_steps=48    avg_loss: 0.000000613322  time_per_window : 0.001473   progress : 0.350
name: models.architecture.block_type=simple
models.architecture.mamba_type=mamba
training.mode=rollout
training.rollout_steps=48    avg_loss: 0.000000650395  time_per_window : 0.001475   progress : 0.360
name: models.architecture.block_type=simple
models.architecture.mamba_type=mamba
training.mode=rollout
training.rollout_steps=48    avg_loss: 0.000000650406  time_per_window : 0.001459   progress : 0.371
name: models.architecture.block_type=simple
models.architecture.mamba_type=mamba
training.mode=rollout
training.rollout_steps=48    avg_loss: 0.000000820735  time_per_window : 0.001462   progress : 0.382
name: models.architecture.block_type=simple
models.architecture.mamba_type=mamba
training.mode=rollout
training.rollout_steps=48    avg_loss: 0.000000608399  time_per_window : 0.001483   progress : 0.393
name: models.architecture.block_type=simple
models.architecture.mamba_type=mamba
training.mode=rollout
training.rollout_steps=48    avg_loss: 0.000000705814  time_per_window : 0.001479   progress : 0.404
name: models.architecture.block_type=simple
models.architecture.mamba_type=mamba
training.mode=rollout
training.rollout_steps=48    avg_loss: 0.000000697696  time_per_window : 0.001412   progress : 0.415
name: models.architecture.block_type=simple
models.architecture.mamba_type=mamba
training.mode=rollout
training.rollout_steps=48    avg_loss: 0.000000711991  time_per_window : 0.001440   progress : 0.426
name: models.architecture.block_type=simple
models.architecture.mamba_type=mamba
training.mode=rollout
training.rollout_steps=48    avg_loss: 0.000000749634  time_per_window : 0.001541   progress : 0.437
name: models.architecture.block_type=simple
models.architecture.mamba_type=mamba
training.mode=rollout
training.rollout_steps=48    avg_loss: 0.000000689083  time_per_window : 0.001463   progress : 0.448
name: models.architecture.block_type=simple
models.architecture.mamba_type=mamba
training.mode=rollout
training.rollout_steps=48    avg_loss: 0.000000602408  time_per_window : 0.001474   progress : 0.459
name: models.architecture.block_type=simple
models.architecture.mamba_type=mamba
training.mode=rollout
training.rollout_steps=48    avg_loss: 0.000000702691  time_per_window : 0.001466   progress : 0.470
name: models.architecture.block_type=simple
models.architecture.mamba_type=mamba
training.mode=rollout
training.rollout_steps=48    avg_loss: 0.000000602653  time_per_window : 0.001412   progress : 0.481
name: models.architecture.block_type=simple
models.architecture.mamba_type=mamba
training.mode=rollout
training.rollout_steps=48    avg_loss: 0.000000701483  time_per_window : 0.007534   progress : 0.492
name: models.architecture.block_type=simple
models.architecture.mamba_type=mamba
training.mode=rollout
training.rollout_steps=48    avg_loss: 0.000000653916  time_per_window : 0.001498   progress : 0.502
name: models.architecture.block_type=simple
models.architecture.mamba_type=mamba
training.mode=rollout
training.rollout_steps=48    avg_loss: 0.000000733023  time_per_window : 0.001471   progress : 0.513
name: models.architecture.block_type=simple
models.architecture.mamba_type=mamba
training.mode=rollout
training.rollout_steps=48    avg_loss: 0.000000582312  time_per_window : 0.001439   progress : 0.524
name: models.architecture.block_type=simple
models.architecture.mamba_type=mamba
training.mode=rollout
training.rollout_steps=48    avg_loss: 0.000000674510  time_per_window : 0.001501   progress : 0.535
name: models.architecture.block_type=simple
models.architecture.mamba_type=mamba
training.mode=rollout
training.rollout_steps=48    avg_loss: 0.000000790326  time_per_window : 0.001464   progress : 0.546
name: models.architecture.block_type=simple
models.architecture.mamba_type=mamba
training.mode=rollout
training.rollout_steps=48    avg_loss: 0.000000722265  time_per_window : 0.001491   progress : 0.557
name: models.architecture.block_type=simple
models.architecture.mamba_type=mamba
training.mode=rollout
training.rollout_steps=48    avg_loss: 0.000000629453  time_per_window : 0.001427   progress : 0.568
name: models.architecture.block_type=simple
models.architecture.mamba_type=mamba
training.mode=rollout
training.rollout_steps=48    avg_loss: 0.000000693871  time_per_window : 0.001407   progress : 0.579
name: models.architecture.block_type=simple
models.architecture.mamba_type=mamba
training.mode=rollout
training.rollout_steps=48    avg_loss: 0.000000685724  time_per_window : 0.001439   progress : 0.590
name: models.architecture.block_type=simple
models.architecture.mamba_type=mamba
training.mode=rollout
training.rollout_steps=48    avg_loss: 0.000000648091  time_per_window : 0.001486   progress : 0.601
name: models.architecture.block_type=simple
models.architecture.mamba_type=mamba
training.mode=rollout
training.rollout_steps=48    avg_loss: 0.000000637524  time_per_window : 0.001498   progress : 0.612
name: models.architecture.block_type=simple
models.architecture.mamba_type=mamba
training.mode=rollout
training.rollout_steps=48    avg_loss: 0.000000750718  time_per_window : 0.001434   progress : 0.623
name: models.architecture.block_type=simple
models.architecture.mamba_type=mamba
training.mode=rollout
training.rollout_steps=48    avg_loss: 0.000000567736  time_per_window : 0.001528   progress : 0.634
name: models.architecture.block_type=simple
models.architecture.mamba_type=mamba
training.mode=rollout
training.rollout_steps=48    avg_loss: 0.000000798882  time_per_window : 0.001484   progress : 0.644
name: models.architecture.block_type=simple
models.architecture.mamba_type=mamba
training.mode=rollout
training.rollout_steps=48    avg_loss: 0.000000594885  time_per_window : 0.001431   progress : 0.655
name: models.architecture.block_type=simple
models.architecture.mamba_type=mamba
training.mode=rollout
training.rollout_steps=48    avg_loss: 0.000000572117  time_per_window : 0.001567   progress : 0.666
name: models.architecture.block_type=simple
models.architecture.mamba_type=mamba
training.mode=rollout
training.rollout_steps=48    avg_loss: 0.000000698212  time_per_window : 0.001465   progress : 0.677
name: models.architecture.block_type=simple
models.architecture.mamba_type=mamba
training.mode=rollout
training.rollout_steps=48    avg_loss: 0.000000633756  time_per_window : 0.001482   progress : 0.688
name: models.architecture.block_type=simple
models.architecture.mamba_type=mamba
training.mode=rollout
training.rollout_steps=48    avg_loss: 0.000000727127  time_per_window : 0.001460   progress : 0.699
name: models.architecture.block_type=simple
models.architecture.mamba_type=mamba
training.mode=rollout
training.rollout_steps=48    avg_loss: 0.000000734489  time_per_window : 0.001459   progress : 0.710
name: models.architecture.block_type=simple
models.architecture.mamba_type=mamba
training.mode=rollout
training.rollout_steps=48    avg_loss: 0.000000580237  time_per_window : 0.001408   progress : 0.721
name: models.architecture.block_type=simple
models.architecture.mamba_type=mamba
training.mode=rollout
training.rollout_steps=48    avg_loss: 0.000000674435  time_per_window : 0.001414   progress : 0.732
name: models.architecture.block_type=simple
models.architecture.mamba_type=mamba
training.mode=rollout
training.rollout_steps=48    avg_loss: 0.000000567701  time_per_window : 0.001591   progress : 0.743
name: models.architecture.block_type=simple
models.architecture.mamba_type=mamba
training.mode=rollout
training.rollout_steps=48    avg_loss: 0.000000598515  time_per_window : 0.001589   progress : 0.754
name: models.architecture.block_type=simple
models.architecture.mamba_type=mamba
training.mode=rollout
training.rollout_steps=48    avg_loss: 0.000000554194  time_per_window : 0.001464   progress : 0.765
name: models.architecture.block_type=simple
models.architecture.mamba_type=mamba
training.mode=rollout
training.rollout_steps=48    avg_loss: 0.000000761491  time_per_window : 0.001460   progress : 0.775
name: models.architecture.block_type=simple
models.architecture.mamba_type=mamba
training.mode=rollout
training.rollout_steps=48    avg_loss: 0.000000747611  time_per_window : 0.001493   progress : 0.786
name: models.architecture.block_type=simple
models.architecture.mamba_type=mamba
training.mode=rollout
training.rollout_steps=48    avg_loss: 0.000000671101  time_per_window : 0.001468   progress : 0.797
name: models.architecture.block_type=simple
models.architecture.mamba_type=mamba
training.mode=rollout
training.rollout_steps=48    avg_loss: 0.000000624473  time_per_window : 0.001406   progress : 0.808
name: models.architecture.block_type=simple
models.architecture.mamba_type=mamba
training.mode=rollout
training.rollout_steps=48    avg_loss: 0.000000599934  time_per_window : 0.001506   progress : 0.819
name: models.architecture.block_type=simple
models.architecture.mamba_type=mamba
training.mode=rollout
training.rollout_steps=48    avg_loss: 0.000000558239  time_per_window : 0.001494   progress : 0.830
name: models.architecture.block_type=simple
models.architecture.mamba_type=mamba
training.mode=rollout
training.rollout_steps=48    avg_loss: 0.000000738194  time_per_window : 0.001473   progress : 0.841
name: models.architecture.block_type=simple
models.architecture.mamba_type=mamba
training.mode=rollout
training.rollout_steps=48    avg_loss: 0.000000644725  time_per_window : 0.001470   progress : 0.852
name: models.architecture.block_type=simple
models.architecture.mamba_type=mamba
training.mode=rollout
training.rollout_steps=48    avg_loss: 0.000000502670  time_per_window : 0.001462   progress : 0.863
name: models.architecture.block_type=simple
models.architecture.mamba_type=mamba
training.mode=rollout
training.rollout_steps=48    avg_loss: 0.000000584578  time_per_window : 0.001476   progress : 0.874
name: models.architecture.block_type=simple
models.architecture.mamba_type=mamba
training.mode=rollout
training.rollout_steps=48    avg_loss: 0.000000630546  time_per_window : 0.001457   progress : 0.885
name: models.architecture.block_type=simple
models.architecture.mamba_type=mamba
training.mode=rollout
training.rollout_steps=48    avg_loss: 0.000000607250  time_per_window : 0.001490   progress : 0.896
name: models.architecture.block_type=simple
models.architecture.mamba_type=mamba
training.mode=rollout
training.rollout_steps=48    avg_loss: 0.000000557366  time_per_window : 0.001490   progress : 0.907
name: models.architecture.block_type=simple
models.architecture.mamba_type=mamba
training.mode=rollout
training.rollout_steps=48    avg_loss: 0.000000670534  time_per_window : 0.001419   progress : 0.917
name: models.architecture.block_type=simple
models.architecture.mamba_type=mamba
training.mode=rollout
training.rollout_steps=48    avg_loss: 0.000000672540  time_per_window : 0.001484   progress : 0.928
name: models.architecture.block_type=simple
models.architecture.mamba_type=mamba
training.mode=rollout
training.rollout_steps=48    avg_loss: 0.000000494889  time_per_window : 0.001469   progress : 0.939
name: models.architecture.block_type=simple
models.architecture.mamba_type=mamba
training.mode=rollout
training.rollout_steps=48    avg_loss: 0.000000784969  time_per_window : 0.001461   progress : 0.950
name: models.architecture.block_type=simple
models.architecture.mamba_type=mamba
training.mode=rollout
training.rollout_steps=48    avg_loss: 0.000000595715  time_per_window : 0.001455   progress : 0.961
name: models.architecture.block_type=simple
models.architecture.mamba_type=mamba
training.mode=rollout
training.rollout_steps=48    avg_loss: 0.000000586645  time_per_window : 0.001466   progress : 0.972
name: models.architecture.block_type=simple
models.architecture.mamba_type=mamba
training.mode=rollout
training.rollout_steps=48    avg_loss: 0.000000618284  time_per_window : 0.001456   progress : 0.983
name: models.architecture.block_type=simple
models.architecture.mamba_type=mamba
training.mode=rollout
training.rollout_steps=48    avg_loss: 0.000000637978  time_per_window : 0.001454   progress : 0.994
DONE!!!
