/home/jdihardjo/miniconda3/envs/mavenv/lib/python3.11/site-packages/hydra/_internal/defaults_list.py:251: UserWarning: In 'config': Defaults list is missing `_self_`. See https://hydra.cc/docs/1.2/upgrades/1.0_to_1.1/default_composition_order for more information
  warnings.warn(msg, UserWarning)
Using cuda:0 device
[2026-07-23 02:30:06,454][HYDRA] Joblib.Parallel(n_jobs=4,backend=loky,prefer=processes,require=None,verbose=0,timeout=None,pre_dispatch=2*n_jobs,batch_size=auto,temp_folder=None,max_nbytes=None,mmap_mode=r) is launching 1 jobs
[2026-07-23 02:30:06,454][HYDRA] Launching jobs, sweep output dir : ablation_runs/2026-07-23_02-30-00/simple_mamba_gml_rollout
[2026-07-23 02:30:06,454][HYDRA] 	#0 : models.architecture.block_type=simple models.architecture.mamba_type=mamba training.mode=gml_rollout
/home/jdihardjo/miniconda3/envs/mavenv/lib/python3.11/site-packages/hydra/_internal/defaults_list.py:251: UserWarning: In 'config': Defaults list is missing `_self_`. See https://hydra.cc/docs/1.2/upgrades/1.0_to_1.1/default_composition_order for more information
  warnings.warn(msg, UserWarning)
models:
  n_dim: 23
  out_dim: 10
  architecture:
    d_model: 128
    n_encoder_layers: 2
    n_decoder_layers: 0
    block_type: simple
    time_adapter: last_token
    in_norm: none
    out_norm: none
    layer_scale: 0.0001
    drop_path: 0.05
    mamba_type: mamba
    mamba_kwargs:
      d_state: 16
      d_conv: 2
      expand: 2
      norm: rms
    skip: false
    cls_kwargs:
      n_heads: 2
      n_mlp: 2
      positional_encoding: false
      max_len: 5000
input_len: 64
output_len: 1
batch_size: 128
epochs: 5
seed: 0
dataset:
  path: /home/jdihardjo/simdata/train.zarr/
  training_size: 1500000
evaluation:
  path: /home/jdihardjo/simdata/evaluation.zarr/
  evaluation_size: 50
training:
  mode: gml_rollout
  lr: 0.0002
  weight_decay: 0.1
  rollout_steps: 32
checkpoint:
  save_path: hydra-test.pth
  load: false
  path: hydra-test.pth
compile: true

/home/jdihardjo/miniconda3/envs/mavenv/lib/python3.11/site-packages/torch/_dynamo/variables/functions.py:2311: UserWarning: Dynamo does not know how to trace the builtin `selective_scan_cuda.pybind11_detail_function_record_v1_system_libstdcpp_gxx_abi_1xxx_use_cxx11_abi_1.fwd.` This function is either a Python builtin (e.g. _warnings.warn) or a third-party C/C++ Python extension (perhaps created with pybind).
If it is a Python builtin, please file an issue on GitHub so the PyTorch team can add support for it and see the next case for a workaround.
If it is a third-party C/C++ Python extension, please either wrap it into a PyTorch-understood custom operator (see https://pytorch.org/tutorials/advanced/custom_ops_landing_page.html for more details) or, if it is traceable, use `torch.compiler.allow_in_graph`.
  torch._dynamo.utils.warn_once(explanation + "\n" + "\n".join(hints))
/home/jdihardjo/miniconda3/envs/mavenv/lib/python3.11/site-packages/torch/_inductor/cudagraph_trees.py:2622: UserWarning: Unable to hit fast path of CUDAGraphs because outputs from a previous step still require backward. Ensure backward() is invoked or detach outputs. You may also call torch.compiler.cudagraph_mark_step_begin() before each model invocation.
  warnings.warn(
name: models.architecture.block_type=simple
models.architecture.mamba_type=mamba
training.mode=gml_rollout    avg_loss: 0.000161201824  time_per_window : 0.001915   progress : 0.011
name: models.architecture.block_type=simple
models.architecture.mamba_type=mamba
training.mode=gml_rollout    avg_loss: 0.000000212402  time_per_window : 0.001874   progress : 0.022
name: models.architecture.block_type=simple
models.architecture.mamba_type=mamba
training.mode=gml_rollout    avg_loss: 0.000000194347  time_per_window : 0.001909   progress : 0.033
name: models.architecture.block_type=simple
models.architecture.mamba_type=mamba
training.mode=gml_rollout    avg_loss: 0.000000183158  time_per_window : 0.001871   progress : 0.044
name: models.architecture.block_type=simple
models.architecture.mamba_type=mamba
training.mode=gml_rollout    avg_loss: 0.000000173295  time_per_window : 0.001897   progress : 0.055
name: models.architecture.block_type=simple
models.architecture.mamba_type=mamba
training.mode=gml_rollout    avg_loss: 0.000000173591  time_per_window : 0.001957   progress : 0.066
name: models.architecture.block_type=simple
models.architecture.mamba_type=mamba
training.mode=gml_rollout    avg_loss: 0.000000159132  time_per_window : 0.001901   progress : 0.076
name: models.architecture.block_type=simple
models.architecture.mamba_type=mamba
training.mode=gml_rollout    avg_loss: 0.000000156441  time_per_window : 0.001875   progress : 0.087
name: models.architecture.block_type=simple
models.architecture.mamba_type=mamba
training.mode=gml_rollout    avg_loss: 0.000000152382  time_per_window : 0.001835   progress : 0.098
name: models.architecture.block_type=simple
models.architecture.mamba_type=mamba
training.mode=gml_rollout    avg_loss: 0.000000155048  time_per_window : 0.001891   progress : 0.109
name: models.architecture.block_type=simple
models.architecture.mamba_type=mamba
training.mode=gml_rollout    avg_loss: 0.000000149046  time_per_window : 0.001918   progress : 0.120
name: models.architecture.block_type=simple
models.architecture.mamba_type=mamba
training.mode=gml_rollout    avg_loss: 0.000000143978  time_per_window : 0.001885   progress : 0.131
name: models.architecture.block_type=simple
models.architecture.mamba_type=mamba
training.mode=gml_rollout    avg_loss: 0.000000141533  time_per_window : 0.001887   progress : 0.142
name: models.architecture.block_type=simple
models.architecture.mamba_type=mamba
training.mode=gml_rollout    avg_loss: 0.000000132840  time_per_window : 0.001880   progress : 0.153
name: models.architecture.block_type=simple
models.architecture.mamba_type=mamba
training.mode=gml_rollout    avg_loss: 0.000000128601  time_per_window : 0.001884   progress : 0.164
name: models.architecture.block_type=simple
models.architecture.mamba_type=mamba
training.mode=gml_rollout    avg_loss: 0.000000120522  time_per_window : 0.001894   progress : 0.175
name: models.architecture.block_type=simple
models.architecture.mamba_type=mamba
training.mode=gml_rollout    avg_loss: 0.000000114020  time_per_window : 0.001512   progress : 0.186
name: models.architecture.block_type=simple
models.architecture.mamba_type=mamba
training.mode=gml_rollout    avg_loss: 0.000000102714  time_per_window : 0.001571   progress : 0.197
name: models.architecture.block_type=simple
models.architecture.mamba_type=mamba
training.mode=gml_rollout    avg_loss: 0.000000091008  time_per_window : 0.001928   progress : 0.208
name: models.architecture.block_type=simple
models.architecture.mamba_type=mamba
training.mode=gml_rollout    avg_loss: 0.000000080250  time_per_window : 0.001892   progress : 0.218
name: models.architecture.block_type=simple
models.architecture.mamba_type=mamba
training.mode=gml_rollout    avg_loss: 0.000000071425  time_per_window : 0.001918   progress : 0.229
name: models.architecture.block_type=simple
models.architecture.mamba_type=mamba
training.mode=gml_rollout    avg_loss: 0.000000065584  time_per_window : 0.001887   progress : 0.240
name: models.architecture.block_type=simple
models.architecture.mamba_type=mamba
training.mode=gml_rollout    avg_loss: 0.000000056581  time_per_window : 0.001899   progress : 0.251
name: models.architecture.block_type=simple
models.architecture.mamba_type=mamba
training.mode=gml_rollout    avg_loss: 0.000000052387  time_per_window : 0.001568   progress : 0.262
name: models.architecture.block_type=simple
models.architecture.mamba_type=mamba
training.mode=gml_rollout    avg_loss: 0.000000054194  time_per_window : 0.001884   progress : 0.273
name: models.architecture.block_type=simple
models.architecture.mamba_type=mamba
training.mode=gml_rollout    avg_loss: 0.000000048754  time_per_window : 0.001921   progress : 0.284
name: models.architecture.block_type=simple
models.architecture.mamba_type=mamba
training.mode=gml_rollout    avg_loss: 0.000000049267  time_per_window : 0.001935   progress : 0.295
name: models.architecture.block_type=simple
models.architecture.mamba_type=mamba
training.mode=gml_rollout    avg_loss: 0.000000048598  time_per_window : 0.001895   progress : 0.306
name: models.architecture.block_type=simple
models.architecture.mamba_type=mamba
training.mode=gml_rollout    avg_loss: 0.000000055751  time_per_window : 0.001911   progress : 0.317
name: models.architecture.block_type=simple
models.architecture.mamba_type=mamba
training.mode=gml_rollout    avg_loss: 0.000000050476  time_per_window : 0.001944   progress : 0.328
name: models.architecture.block_type=simple
models.architecture.mamba_type=mamba
training.mode=gml_rollout    avg_loss: 0.000000048185  time_per_window : 0.001897   progress : 0.339
name: models.architecture.block_type=simple
models.architecture.mamba_type=mamba
training.mode=gml_rollout    avg_loss: 0.000000051839  time_per_window : 0.001922   progress : 0.350
name: models.architecture.block_type=simple
models.architecture.mamba_type=mamba
training.mode=gml_rollout    avg_loss: 0.000000052835  time_per_window : 0.001862   progress : 0.360
name: models.architecture.block_type=simple
models.architecture.mamba_type=mamba
training.mode=gml_rollout    avg_loss: 0.000000047878  time_per_window : 0.001336   progress : 0.371
name: models.architecture.block_type=simple
models.architecture.mamba_type=mamba
training.mode=gml_rollout    avg_loss: 0.000000054315  time_per_window : 0.001895   progress : 0.382
name: models.architecture.block_type=simple
models.architecture.mamba_type=mamba
training.mode=gml_rollout    avg_loss: 0.000000044686  time_per_window : 0.001855   progress : 0.393
name: models.architecture.block_type=simple
models.architecture.mamba_type=mamba
training.mode=gml_rollout    avg_loss: 0.000000056327  time_per_window : 0.001862   progress : 0.404
name: models.architecture.block_type=simple
models.architecture.mamba_type=mamba
training.mode=gml_rollout    avg_loss: 0.000000053340  time_per_window : 0.001857   progress : 0.415
name: models.architecture.block_type=simple
models.architecture.mamba_type=mamba
training.mode=gml_rollout    avg_loss: 0.000000047830  time_per_window : 0.001882   progress : 0.426
name: models.architecture.block_type=simple
models.architecture.mamba_type=mamba
training.mode=gml_rollout    avg_loss: 0.000000054505  time_per_window : 0.001918   progress : 0.437
name: models.architecture.block_type=simple
models.architecture.mamba_type=mamba
training.mode=gml_rollout    avg_loss: 0.000000066083  time_per_window : 0.001840   progress : 0.448
name: models.architecture.block_type=simple
models.architecture.mamba_type=mamba
training.mode=gml_rollout    avg_loss: 0.000000048192  time_per_window : 0.001940   progress : 0.459
name: models.architecture.block_type=simple
models.architecture.mamba_type=mamba
training.mode=gml_rollout    avg_loss: 0.000000052073  time_per_window : 0.001663   progress : 0.470
name: models.architecture.block_type=simple
models.architecture.mamba_type=mamba
training.mode=gml_rollout    avg_loss: 0.000000052049  time_per_window : 0.001882   progress : 0.481
name: models.architecture.block_type=simple
models.architecture.mamba_type=mamba
training.mode=gml_rollout    avg_loss: 0.000000056904  time_per_window : 0.001876   progress : 0.492
name: models.architecture.block_type=simple
models.architecture.mamba_type=mamba
training.mode=gml_rollout    avg_loss: 0.000000053490  time_per_window : 0.001956   progress : 0.502/home/jdihardjo/miniconda3/envs/mavenv/lib/python3.11/site-packages/torch/_inductor/cudagraph_trees.py:2622: UserWarning: Unable to hit fast path of CUDAGraphs because outputs from a previous step still require backward. Ensure backward() is invoked or detach outputs. You may also call torch.compiler.cudagraph_mark_step_begin() before each model invocation.
  warnings.warn(
/home/jdihardjo/miniconda3/envs/mavenv/lib/python3.11/site-packages/torch/_inductor/cudagraph_trees.py:2622: UserWarning: Unable to hit fast path of CUDAGraphs because outputs from a previous step still require backward. Ensure backward() is invoked or detach outputs. You may also call torch.compiler.cudagraph_mark_step_begin() before each model invocation.
  warnings.warn(

name: models.architecture.block_type=simple
models.architecture.mamba_type=mamba
training.mode=gml_rollout    avg_loss: 0.000000060849  time_per_window : 0.001923   progress : 0.513
name: models.architecture.block_type=simple
models.architecture.mamba_type=mamba
training.mode=gml_rollout    avg_loss: 0.000000045173  time_per_window : 0.001711   progress : 0.524
name: models.architecture.block_type=simple
models.architecture.mamba_type=mamba
training.mode=gml_rollout    avg_loss: 0.000000053539  time_per_window : 0.001886   progress : 0.535
name: models.architecture.block_type=simple
models.architecture.mamba_type=mamba
training.mode=gml_rollout    avg_loss: 0.000000050286  time_per_window : 0.001505   progress : 0.546
name: models.architecture.block_type=simple
models.architecture.mamba_type=mamba
training.mode=gml_rollout    avg_loss: 0.000000048320  time_per_window : 0.001944   progress : 0.557
name: models.architecture.block_type=simple
models.architecture.mamba_type=mamba
training.mode=gml_rollout    avg_loss: 0.000000054178  time_per_window : 0.001884   progress : 0.568
name: models.architecture.block_type=simple
models.architecture.mamba_type=mamba
training.mode=gml_rollout    avg_loss: 0.000000054373  time_per_window : 0.001927   progress : 0.579
name: models.architecture.block_type=simple
models.architecture.mamba_type=mamba
training.mode=gml_rollout    avg_loss: 0.000000047000  time_per_window : 0.001962   progress : 0.590
name: models.architecture.block_type=simple
models.architecture.mamba_type=mamba
training.mode=gml_rollout    avg_loss: 0.000000048790  time_per_window : 0.001901   progress : 0.601
name: models.architecture.block_type=simple
models.architecture.mamba_type=mamba
training.mode=gml_rollout    avg_loss: 0.000000046467  time_per_window : 0.001914   progress : 0.612
name: models.architecture.block_type=simple
models.architecture.mamba_type=mamba
training.mode=gml_rollout    avg_loss: 0.000000047492  time_per_window : 0.001891   progress : 0.623
name: models.architecture.block_type=simple
models.architecture.mamba_type=mamba
training.mode=gml_rollout    avg_loss: 0.000000052346  time_per_window : 0.001913   progress : 0.634
name: models.architecture.block_type=simple
models.architecture.mamba_type=mamba
training.mode=gml_rollout    avg_loss: 0.000000052518  time_per_window : 0.001923   progress : 0.644
name: models.architecture.block_type=simple
models.architecture.mamba_type=mamba
training.mode=gml_rollout    avg_loss: 0.000000050802  time_per_window : 0.001840   progress : 0.655
name: models.architecture.block_type=simple
models.architecture.mamba_type=mamba
training.mode=gml_rollout    avg_loss: 0.000000048274  time_per_window : 0.001964   progress : 0.666
name: models.architecture.block_type=simple
models.architecture.mamba_type=mamba
training.mode=gml_rollout    avg_loss: 0.000000046262  time_per_window : 0.001927   progress : 0.677
name: models.architecture.block_type=simple
models.architecture.mamba_type=mamba
training.mode=gml_rollout    avg_loss: 0.000000046863  time_per_window : 0.001889   progress : 0.688
name: models.architecture.block_type=simple
models.architecture.mamba_type=mamba
training.mode=gml_rollout    avg_loss: 0.000000046033  time_per_window : 0.001907   progress : 0.699
name: models.architecture.block_type=simple
models.architecture.mamba_type=mamba
training.mode=gml_rollout    avg_loss: 0.000000044626  time_per_window : 0.001921   progress : 0.710
name: models.architecture.block_type=simple
models.architecture.mamba_type=mamba
training.mode=gml_rollout    avg_loss: 0.000000040505  time_per_window : 0.001927   progress : 0.721
name: models.architecture.block_type=simple
models.architecture.mamba_type=mamba
training.mode=gml_rollout    avg_loss: 0.000000049237  time_per_window : 0.001941   progress : 0.732
name: models.architecture.block_type=simple
models.architecture.mamba_type=mamba
training.mode=gml_rollout    avg_loss: 0.000000045455  time_per_window : 0.001890   progress : 0.743
name: models.architecture.block_type=simple
models.architecture.mamba_type=mamba
training.mode=gml_rollout    avg_loss: 0.000000044018  time_per_window : 0.001905   progress : 0.754
name: models.architecture.block_type=simple
models.architecture.mamba_type=mamba
training.mode=gml_rollout    avg_loss: 0.000000037915  time_per_window : 0.001923   progress : 0.765
name: models.architecture.block_type=simple
models.architecture.mamba_type=mamba
training.mode=gml_rollout    avg_loss: 0.000000044924  time_per_window : 0.001878   progress : 0.775
name: models.architecture.block_type=simple
models.architecture.mamba_type=mamba
training.mode=gml_rollout    avg_loss: 0.000000045545  time_per_window : 0.001934   progress : 0.786
name: models.architecture.block_type=simple
models.architecture.mamba_type=mamba
training.mode=gml_rollout    avg_loss: 0.000000043726  time_per_window : 0.001925   progress : 0.797
name: models.architecture.block_type=simple
models.architecture.mamba_type=mamba
training.mode=gml_rollout    avg_loss: 0.000000038097  time_per_window : 0.001926   progress : 0.808
name: models.architecture.block_type=simple
models.architecture.mamba_type=mamba
training.mode=gml_rollout    avg_loss: 0.000000037965  time_per_window : 0.001866   progress : 0.819
name: models.architecture.block_type=simple
models.architecture.mamba_type=mamba
training.mode=gml_rollout    avg_loss: 0.000000038356  time_per_window : 0.001909   progress : 0.830
name: models.architecture.block_type=simple
models.architecture.mamba_type=mamba
training.mode=gml_rollout    avg_loss: 0.000000034223  time_per_window : 0.001916   progress : 0.841
name: models.architecture.block_type=simple
models.architecture.mamba_type=mamba
training.mode=gml_rollout    avg_loss: 0.000000040393  time_per_window : 0.001927   progress : 0.852
name: models.architecture.block_type=simple
models.architecture.mamba_type=mamba
training.mode=gml_rollout    avg_loss: 0.000000036525  time_per_window : 0.001905   progress : 0.863
name: models.architecture.block_type=simple
models.architecture.mamba_type=mamba
training.mode=gml_rollout    avg_loss: 0.000000041617  time_per_window : 0.001921   progress : 0.874
name: models.architecture.block_type=simple
models.architecture.mamba_type=mamba
training.mode=gml_rollout    avg_loss: 0.000000035338  time_per_window : 0.001902   progress : 0.885
name: models.architecture.block_type=simple
models.architecture.mamba_type=mamba
training.mode=gml_rollout    avg_loss: 0.000000033524  time_per_window : 0.001870   progress : 0.896
name: models.architecture.block_type=simple
models.architecture.mamba_type=mamba
training.mode=gml_rollout    avg_loss: 0.000000030763  time_per_window : 0.001938   progress : 0.907
name: models.architecture.block_type=simple
models.architecture.mamba_type=mamba
training.mode=gml_rollout    avg_loss: 0.000000038782  time_per_window : 0.001885   progress : 0.917
name: models.architecture.block_type=simple
models.architecture.mamba_type=mamba
training.mode=gml_rollout    avg_loss: 0.000000027097  time_per_window : 0.001923   progress : 0.928
name: models.architecture.block_type=simple
models.architecture.mamba_type=mamba
training.mode=gml_rollout    avg_loss: 0.000000029619  time_per_window : 0.001902   progress : 0.939
name: models.architecture.block_type=simple
models.architecture.mamba_type=mamba
training.mode=gml_rollout    avg_loss: 0.000000029042  time_per_window : 0.001934   progress : 0.950
name: models.architecture.block_type=simple
models.architecture.mamba_type=mamba
training.mode=gml_rollout    avg_loss: 0.000000030616  time_per_window : 0.001920   progress : 0.961
name: models.architecture.block_type=simple
models.architecture.mamba_type=mamba
training.mode=gml_rollout    avg_loss: 0.000000027788  time_per_window : 0.001910   progress : 0.972
name: models.architecture.block_type=simple
models.architecture.mamba_type=mamba
training.mode=gml_rollout    avg_loss: 0.000000026527  time_per_window : 0.001921   progress : 0.983
name: models.architecture.block_type=simple
models.architecture.mamba_type=mamba
training.mode=gml_rollout    avg_loss: 0.000000027424  time_per_window : 0.001926   progress : 0.994
name: models.architecture.block_type=simple
models.architecture.mamba_type=mamba
training.mode=gml_rollout    avg_loss: 0.000000054767  time_per_window : 0.001998   progress : 0.011
name: models.architecture.block_type=simple
models.architecture.mamba_type=mamba
training.mode=gml_rollout    avg_loss: 0.000000023244  time_per_window : 0.002016   progress : 0.022
name: models.architecture.block_type=simple
models.architecture.mamba_type=mamba
training.mode=gml_rollout    avg_loss: 0.000000024545  time_per_window : 0.002036   progress : 0.033
name: models.architecture.block_type=simple
models.architecture.mamba_type=mamba
training.mode=gml_rollout    avg_loss: 0.000000029459  time_per_window : 0.002032   progress : 0.044
name: models.architecture.block_type=simple
models.architecture.mamba_type=mamba
training.mode=gml_rollout    avg_loss: 0.000000025160  time_per_window : 0.002040   progress : 0.055
name: models.architecture.block_type=simple
models.architecture.mamba_type=mamba
training.mode=gml_rollout    avg_loss: 0.000000024984  time_per_window : 0.002056   progress : 0.066
name: models.architecture.block_type=simple
models.architecture.mamba_type=mamba
training.mode=gml_rollout    avg_loss: 0.000000024354  time_per_window : 0.002031   progress : 0.076
name: models.architecture.block_type=simple
models.architecture.mamba_type=mamba
training.mode=gml_rollout    avg_loss: 0.000000026757  time_per_window : 0.002023   progress : 0.087
name: models.architecture.block_type=simple
models.architecture.mamba_type=mamba
training.mode=gml_rollout    avg_loss: 0.000000023459  time_per_window : 0.002009   progress : 0.098
name: models.architecture.block_type=simple
models.architecture.mamba_type=mamba
training.mode=gml_rollout    avg_loss: 0.000000023425  time_per_window : 0.002047   progress : 0.109
name: models.architecture.block_type=simple
models.architecture.mamba_type=mamba
training.mode=gml_rollout    avg_loss: 0.000000024907  time_per_window : 0.002049   progress : 0.120
name: models.architecture.block_type=simple
models.architecture.mamba_type=mamba
training.mode=gml_rollout    avg_loss: 0.000000023321  time_per_window : 0.002021   progress : 0.131
name: models.architecture.block_type=simple
models.architecture.mamba_type=mamba
training.mode=gml_rollout    avg_loss: 0.000000025959  time_per_window : 0.001983   progress : 0.142
name: models.architecture.block_type=simple
models.architecture.mamba_type=mamba
training.mode=gml_rollout    avg_loss: 0.000000022823  time_per_window : 0.002043   progress : 0.153
name: models.architecture.block_type=simple
models.architecture.mamba_type=mamba
training.mode=gml_rollout    avg_loss: 0.000000022190  time_per_window : 0.002060   progress : 0.164
name: models.architecture.block_type=simple
models.architecture.mamba_type=mamba
training.mode=gml_rollout    avg_loss: 0.000000026418  time_per_window : 0.001911   progress : 0.175
name: models.architecture.block_type=simple
models.architecture.mamba_type=mamba
training.mode=gml_rollout    avg_loss: 0.000000021698  time_per_window : 0.002009   progress : 0.186
name: models.architecture.block_type=simple
models.architecture.mamba_type=mamba
training.mode=gml_rollout    avg_loss: 0.000000022250  time_per_window : 0.001992   progress : 0.197
name: models.architecture.block_type=simple
models.architecture.mamba_type=mamba
training.mode=gml_rollout    avg_loss: 0.000000021993  time_per_window : 0.002010   progress : 0.208
name: models.architecture.block_type=simple
models.architecture.mamba_type=mamba
training.mode=gml_rollout    avg_loss: 0.000000021968  time_per_window : 0.001812   progress : 0.218
name: models.architecture.block_type=simple
models.architecture.mamba_type=mamba
training.mode=gml_rollout    avg_loss: 0.000000021166  time_per_window : 0.002020   progress : 0.229
name: models.architecture.block_type=simple
models.architecture.mamba_type=mamba
training.mode=gml_rollout    avg_loss: 0.000000024119  time_per_window : 0.002012   progress : 0.240
name: models.architecture.block_type=simple
models.architecture.mamba_type=mamba
training.mode=gml_rollout    avg_loss: 0.000000019239  time_per_window : 0.002059   progress : 0.251
name: models.architecture.block_type=simple
models.architecture.mamba_type=mamba
training.mode=gml_rollout    avg_loss: 0.000000020253  time_per_window : 0.002022   progress : 0.262
name: models.architecture.block_type=simple
models.architecture.mamba_type=mamba
training.mode=gml_rollout    avg_loss: 0.000000021115  time_per_window : 0.002029   progress : 0.273
name: models.architecture.block_type=simple
models.architecture.mamba_type=mamba
training.mode=gml_rollout    avg_loss: 0.000000021384  time_per_window : 0.002049   progress : 0.284
name: models.architecture.block_type=simple
models.architecture.mamba_type=mamba
training.mode=gml_rollout    avg_loss: 0.000000021694  time_per_window : 0.002007   progress : 0.295
name: models.architecture.block_type=simple
models.architecture.mamba_type=mamba
training.mode=gml_rollout    avg_loss: 0.000000020830  time_per_window : 0.002004   progress : 0.306
name: models.architecture.block_type=simple
models.architecture.mamba_type=mamba
training.mode=gml_rollout    avg_loss: 0.000000021695  time_per_window : 0.002009   progress : 0.317
name: models.architecture.block_type=simple
models.architecture.mamba_type=mamba
training.mode=gml_rollout    avg_loss: 0.000000022401  time_per_window : 0.002058   progress : 0.328
name: models.architecture.block_type=simple
models.architecture.mamba_type=mamba
training.mode=gml_rollout    avg_loss: 0.000000019693  time_per_window : 0.002052   progress : 0.339
name: models.architecture.block_type=simple
models.architecture.mamba_type=mamba
training.mode=gml_rollout    avg_loss: 0.000000020199  time_per_window : 0.002046   progress : 0.350
name: models.architecture.block_type=simple
models.architecture.mamba_type=mamba
training.mode=gml_rollout    avg_loss: 0.000000018858  time_per_window : 0.001689   progress : 0.360
name: models.architecture.block_type=simple
models.architecture.mamba_type=mamba
training.mode=gml_rollout    avg_loss: 0.000000019690  time_per_window : 0.002029   progress : 0.371
name: models.architecture.block_type=simple
models.architecture.mamba_type=mamba
training.mode=gml_rollout    avg_loss: 0.000000019087  time_per_window : 0.002041   progress : 0.382
name: models.architecture.block_type=simple
models.architecture.mamba_type=mamba
training.mode=gml_rollout    avg_loss: 0.000000018900  time_per_window : 0.001998   progress : 0.393
name: models.architecture.block_type=simple
models.architecture.mamba_type=mamba
training.mode=gml_rollout    avg_loss: 0.000000020415  time_per_window : 0.002044   progress : 0.404
name: models.architecture.block_type=simple
models.architecture.mamba_type=mamba
training.mode=gml_rollout    avg_loss: 0.000000020320  time_per_window : 0.002055   progress : 0.415
name: models.architecture.block_type=simple
models.architecture.mamba_type=mamba
training.mode=gml_rollout    avg_loss: 0.000000019244  time_per_window : 0.002085   progress : 0.426
name: models.architecture.block_type=simple
models.architecture.mamba_type=mamba
training.mode=gml_rollout    avg_loss: 0.000000019459  time_per_window : 0.001652   progress : 0.437
name: models.architecture.block_type=simple
models.architecture.mamba_type=mamba
training.mode=gml_rollout    avg_loss: 0.000000021075  time_per_window : 0.001536   progress : 0.448
name: models.architecture.block_type=simple
models.architecture.mamba_type=mamba
training.mode=gml_rollout    avg_loss: 0.000000017751  time_per_window : 0.001500   progress : 0.459
name: models.architecture.block_type=simple
models.architecture.mamba_type=mamba
training.mode=gml_rollout    avg_loss: 0.000000018624  time_per_window : 0.002026   progress : 0.470
name: models.architecture.block_type=simple
models.architecture.mamba_type=mamba
training.mode=gml_rollout    avg_loss: 0.000000019362  time_per_window : 0.002044   progress : 0.481
name: models.architecture.block_type=simple
models.architecture.mamba_type=mamba
training.mode=gml_rollout    avg_loss: 0.000000017902  time_per_window : 0.002008   progress : 0.492
name: models.architecture.block_type=simple
models.architecture.mamba_type=mamba
training.mode=gml_rollout    avg_loss: 0.000000018177  time_per_window : 0.002034   progress : 0.502
name: models.architecture.block_type=simple
models.architecture.mamba_type=mamba
training.mode=gml_rollout    avg_loss: 0.000000017822  time_per_window : 0.002079   progress : 0.513
name: models.architecture.block_type=simple
models.architecture.mamba_type=mamba
training.mode=gml_rollout    avg_loss: 0.000000019424  time_per_window : 0.002044   progress : 0.524
name: models.architecture.block_type=simple
models.architecture.mamba_type=mamba
training.mode=gml_rollout    avg_loss: 0.000000017562  time_per_window : 0.002045   progress : 0.535
name: models.architecture.block_type=simple
models.architecture.mamba_type=mamba
training.mode=gml_rollout    avg_loss: 0.000000017972  time_per_window : 0.002058   progress : 0.546
name: models.architecture.block_type=simple
models.architecture.mamba_type=mamba
training.mode=gml_rollout    avg_loss: 0.000000017957  time_per_window : 0.002084   progress : 0.557
name: models.architecture.block_type=simple
models.architecture.mamba_type=mamba
training.mode=gml_rollout    avg_loss: 0.000000017551  time_per_window : 0.002001   progress : 0.568
name: models.architecture.block_type=simple
models.architecture.mamba_type=mamba
training.mode=gml_rollout    avg_loss: 0.000000017652  time_per_window : 0.001997   progress : 0.579
name: models.architecture.block_type=simple
models.architecture.mamba_type=mamba
training.mode=gml_rollout    avg_loss: 0.000000018574  time_per_window : 0.002082   progress : 0.590
name: models.architecture.block_type=simple
models.architecture.mamba_type=mamba
training.mode=gml_rollout    avg_loss: 0.000000018104  time_per_window : 0.002025   progress : 0.601
name: models.architecture.block_type=simple
models.architecture.mamba_type=mamba
training.mode=gml_rollout    avg_loss: 0.000000017111  time_per_window : 0.002036   progress : 0.612
name: models.architecture.block_type=simple
models.architecture.mamba_type=mamba
training.mode=gml_rollout    avg_loss: 0.000000017831  time_per_window : 0.002027   progress : 0.623
name: models.architecture.block_type=simple
models.architecture.mamba_type=mamba
training.mode=gml_rollout    avg_loss: 0.000000018224  time_per_window : 0.002002   progress : 0.634
name: models.architecture.block_type=simple
models.architecture.mamba_type=mamba
training.mode=gml_rollout    avg_loss: 0.000000017566  time_per_window : 0.002094   progress : 0.644
name: models.architecture.block_type=simple
models.architecture.mamba_type=mamba
training.mode=gml_rollout    avg_loss: 0.000000016740  time_per_window : 0.002019   progress : 0.655
name: models.architecture.block_type=simple
models.architecture.mamba_type=mamba
training.mode=gml_rollout    avg_loss: 0.000000017950  time_per_window : 0.002006   progress : 0.666
name: models.architecture.block_type=simple
models.architecture.mamba_type=mamba
training.mode=gml_rollout    avg_loss: 0.000000017681  time_per_window : 0.002063   progress : 0.677
name: models.architecture.block_type=simple
models.architecture.mamba_type=mamba
training.mode=gml_rollout    avg_loss: 0.000000016791  time_per_window : 0.002039   progress : 0.688
name: models.architecture.block_type=simple
models.architecture.mamba_type=mamba
training.mode=gml_rollout    avg_loss: 0.000000017304  time_per_window : 0.002039   progress : 0.699
name: models.architecture.block_type=simple
models.architecture.mamba_type=mamba
training.mode=gml_rollout    avg_loss: 0.000000017141  time_per_window : 0.002034   progress : 0.710
name: models.architecture.block_type=simple
models.architecture.mamba_type=mamba
training.mode=gml_rollout    avg_loss: 0.000000016674  time_per_window : 0.002111   progress : 0.721
name: models.architecture.block_type=simple
models.architecture.mamba_type=mamba
training.mode=gml_rollout    avg_loss: 0.000000018355  time_per_window : 0.002055   progress : 0.732
name: models.architecture.block_type=simple
models.architecture.mamba_type=mamba
training.mode=gml_rollout    avg_loss: 0.000000017004  time_per_window : 0.002036   progress : 0.743
name: models.architecture.block_type=simple
models.architecture.mamba_type=mamba
training.mode=gml_rollout    avg_loss: 0.000000016910  time_per_window : 0.002079   progress : 0.754
name: models.architecture.block_type=simple
models.architecture.mamba_type=mamba
training.mode=gml_rollout    avg_loss: 0.000000016916  time_per_window : 0.001463   progress : 0.765
name: models.architecture.block_type=simple
models.architecture.mamba_type=mamba
training.mode=gml_rollout    avg_loss: 0.000000016913  time_per_window : 0.002014   progress : 0.775
name: models.architecture.block_type=simple
models.architecture.mamba_type=mamba
training.mode=gml_rollout    avg_loss: 0.000000017975  time_per_window : 0.001977   progress : 0.786
name: models.architecture.block_type=simple
models.architecture.mamba_type=mamba
training.mode=gml_rollout    avg_loss: 0.000000015946  time_per_window : 0.002002   progress : 0.797
name: models.architecture.block_type=simple
models.architecture.mamba_type=mamba
training.mode=gml_rollout    avg_loss: 0.000000017152  time_per_window : 0.002022   progress : 0.808
name: models.architecture.block_type=simple
models.architecture.mamba_type=mamba
training.mode=gml_rollout    avg_loss: 0.000000016882  time_per_window : 0.002045   progress : 0.819
name: models.architecture.block_type=simple
models.architecture.mamba_type=mamba
training.mode=gml_rollout    avg_loss: 0.000000016569  time_per_window : 0.002004   progress : 0.830
name: models.architecture.block_type=simple
models.architecture.mamba_type=mamba
training.mode=gml_rollout    avg_loss: 0.000000016170  time_per_window : 0.002021   progress : 0.841
name: models.architecture.block_type=simple
models.architecture.mamba_type=mamba
training.mode=gml_rollout    avg_loss: 0.000000017046  time_per_window : 0.002055   progress : 0.852
name: models.architecture.block_type=simple
models.architecture.mamba_type=mamba
training.mode=gml_rollout    avg_loss: 0.000000016566  time_per_window : 0.001981   progress : 0.863
name: models.architecture.block_type=simple
models.architecture.mamba_type=mamba
training.mode=gml_rollout    avg_loss: 0.000000017257  time_per_window : 0.002012   progress : 0.874
name: models.architecture.block_type=simple
models.architecture.mamba_type=mamba
training.mode=gml_rollout    avg_loss: 0.000000017599  time_per_window : 0.002044   progress : 0.885
name: models.architecture.block_type=simple
models.architecture.mamba_type=mamba
training.mode=gml_rollout    avg_loss: 0.000000015932  time_per_window : 0.001961   progress : 0.896
name: models.architecture.block_type=simple
models.architecture.mamba_type=mamba
training.mode=gml_rollout    avg_loss: 0.000000016510  time_per_window : 0.002071   progress : 0.907
name: models.architecture.block_type=simple
models.architecture.mamba_type=mamba
training.mode=gml_rollout    avg_loss: 0.000000017553  time_per_window : 0.002039   progress : 0.917
name: models.architecture.block_type=simple
models.architecture.mamba_type=mamba
training.mode=gml_rollout    avg_loss: 0.000000016225  time_per_window : 0.001980   progress : 0.928
name: models.architecture.block_type=simple
models.architecture.mamba_type=mamba
training.mode=gml_rollout    avg_loss: 0.000000016204  time_per_window : 0.002022   progress : 0.939
name: models.architecture.block_type=simple
models.architecture.mamba_type=mamba
training.mode=gml_rollout    avg_loss: 0.000000015783  time_per_window : 0.002025   progress : 0.950
name: models.architecture.block_type=simple
models.architecture.mamba_type=mamba
training.mode=gml_rollout    avg_loss: 0.000000017273  time_per_window : 0.002027   progress : 0.961
name: models.architecture.block_type=simple
models.architecture.mamba_type=mamba
training.mode=gml_rollout    avg_loss: 0.000000015975  time_per_window : 0.001947   progress : 0.972
name: models.architecture.block_type=simple
models.architecture.mamba_type=mamba
training.mode=gml_rollout    avg_loss: 0.000000017219  time_per_window : 0.002076   progress : 0.983
name: models.architecture.block_type=simple
models.architecture.mamba_type=mamba
training.mode=gml_rollout    avg_loss: 0.000000015701  time_per_window : 0.002052   progress : 0.994
name: models.architecture.block_type=simple
models.architecture.mamba_type=mamba
training.mode=gml_rollout    avg_loss: 0.000001865856  time_per_window : 0.002081   progress : 0.011
name: models.architecture.block_type=simple
models.architecture.mamba_type=mamba
training.mode=gml_rollout    avg_loss: 0.000000323689  time_per_window : 0.002054   progress : 0.022
name: models.architecture.block_type=simple
models.architecture.mamba_type=mamba
training.mode=gml_rollout    avg_loss: 0.000000239868  time_per_window : 0.002019   progress : 0.033
name: models.architecture.block_type=simple
models.architecture.mamba_type=mamba
training.mode=gml_rollout    avg_loss: 0.000000145631  time_per_window : 0.002000   progress : 0.044
name: models.architecture.block_type=simple
models.architecture.mamba_type=mamba
training.mode=gml_rollout    avg_loss: 0.000000064465  time_per_window : 0.002028   progress : 0.055
name: models.architecture.block_type=simple
models.architecture.mamba_type=mamba
training.mode=gml_rollout    avg_loss: 0.000000048507  time_per_window : 0.002014   progress : 0.066
name: models.architecture.block_type=simple
models.architecture.mamba_type=mamba
training.mode=gml_rollout    avg_loss: 0.000000041944  time_per_window : 0.002035   progress : 0.076
name: models.architecture.block_type=simple
models.architecture.mamba_type=mamba
training.mode=gml_rollout    avg_loss: 0.000000042198  time_per_window : 0.001979   progress : 0.087
name: models.architecture.block_type=simple
models.architecture.mamba_type=mamba
training.mode=gml_rollout    avg_loss: 0.000000035661  time_per_window : 0.002068   progress : 0.098
name: models.architecture.block_type=simple
models.architecture.mamba_type=mamba
training.mode=gml_rollout    avg_loss: 0.000000035001  time_per_window : 0.001483   progress : 0.109
name: models.architecture.block_type=simple
models.architecture.mamba_type=mamba
training.mode=gml_rollout    avg_loss: 0.000000044085  time_per_window : 0.001601   progress : 0.120
name: models.architecture.block_type=simple
models.architecture.mamba_type=mamba
training.mode=gml_rollout    avg_loss: 0.000000041337  time_per_window : 0.001979   progress : 0.131
name: models.architecture.block_type=simple
models.architecture.mamba_type=mamba
training.mode=gml_rollout    avg_loss: 0.000000037183  time_per_window : 0.002008   progress : 0.142
name: models.architecture.block_type=simple
models.architecture.mamba_type=mamba
training.mode=gml_rollout    avg_loss: 0.000000036887  time_per_window : 0.002033   progress : 0.153
name: models.architecture.block_type=simple
models.architecture.mamba_type=mamba
training.mode=gml_rollout    avg_loss: 0.000000033740  time_per_window : 0.002021   progress : 0.164
name: models.architecture.block_type=simple
models.architecture.mamba_type=mamba
training.mode=gml_rollout    avg_loss: 0.000000032795  time_per_window : 0.002007   progress : 0.175
name: models.architecture.block_type=simple
models.architecture.mamba_type=mamba
training.mode=gml_rollout    avg_loss: 0.000000045758  time_per_window : 0.002056   progress : 0.186
name: models.architecture.block_type=simple
models.architecture.mamba_type=mamba
training.mode=gml_rollout    avg_loss: 0.000000040055  time_per_window : 0.002035   progress : 0.197
name: models.architecture.block_type=simple
models.architecture.mamba_type=mamba
training.mode=gml_rollout    avg_loss: 0.000000040020  time_per_window : 0.001983   progress : 0.208
name: models.architecture.block_type=simple
models.architecture.mamba_type=mamba
training.mode=gml_rollout    avg_loss: 0.000000034954  time_per_window : 0.002042   progress : 0.218
name: models.architecture.block_type=simple
models.architecture.mamba_type=mamba
training.mode=gml_rollout    avg_loss: 0.000000041286  time_per_window : 0.002069   progress : 0.229
name: models.architecture.block_type=simple
models.architecture.mamba_type=mamba
training.mode=gml_rollout    avg_loss: 0.000000034813  time_per_window : 0.002057   progress : 0.240
name: models.architecture.block_type=simple
models.architecture.mamba_type=mamba
training.mode=gml_rollout    avg_loss: 0.000000039868  time_per_window : 0.001974   progress : 0.251
name: models.architecture.block_type=simple
models.architecture.mamba_type=mamba
training.mode=gml_rollout    avg_loss: 0.000000042538  time_per_window : 0.001982   progress : 0.262
name: models.architecture.block_type=simple
models.architecture.mamba_type=mamba
training.mode=gml_rollout    avg_loss: 0.000000038368  time_per_window : 0.002068   progress : 0.273
name: models.architecture.block_type=simple
models.architecture.mamba_type=mamba
training.mode=gml_rollout    avg_loss: 0.000000032687  time_per_window : 0.002041   progress : 0.284
name: models.architecture.block_type=simple
models.architecture.mamba_type=mamba
training.mode=gml_rollout    avg_loss: 0.000000036043  time_per_window : 0.002049   progress : 0.295
name: models.architecture.block_type=simple
models.architecture.mamba_type=mamba
training.mode=gml_rollout    avg_loss: 0.000000042396  time_per_window : 0.001907   progress : 0.306
name: models.architecture.block_type=simple
models.architecture.mamba_type=mamba
training.mode=gml_rollout    avg_loss: 0.000000033361  time_per_window : 0.002052   progress : 0.317
name: models.architecture.block_type=simple
models.architecture.mamba_type=mamba
training.mode=gml_rollout    avg_loss: 0.000000040654  time_per_window : 0.002047   progress : 0.328
name: models.architecture.block_type=simple
models.architecture.mamba_type=mamba
training.mode=gml_rollout    avg_loss: 0.000000034884  time_per_window : 0.001999   progress : 0.339
name: models.architecture.block_type=simple
models.architecture.mamba_type=mamba
training.mode=gml_rollout    avg_loss: 0.000000034860  time_per_window : 0.002025   progress : 0.350
name: models.architecture.block_type=simple
models.architecture.mamba_type=mamba
training.mode=gml_rollout    avg_loss: 0.000000035185  time_per_window : 0.002056   progress : 0.360
name: models.architecture.block_type=simple
models.architecture.mamba_type=mamba
training.mode=gml_rollout    avg_loss: 0.000000033946  time_per_window : 0.002057   progress : 0.371
name: models.architecture.block_type=simple
models.architecture.mamba_type=mamba
training.mode=gml_rollout    avg_loss: 0.000000039570  time_per_window : 0.002032   progress : 0.382
name: models.architecture.block_type=simple
models.architecture.mamba_type=mamba
training.mode=gml_rollout    avg_loss: 0.000000037753  time_per_window : 0.002033   progress : 0.393
name: models.architecture.block_type=simple
models.architecture.mamba_type=mamba
training.mode=gml_rollout    avg_loss: 0.000000039374  time_per_window : 0.002016   progress : 0.404
name: models.architecture.block_type=simple
models.architecture.mamba_type=mamba
training.mode=gml_rollout    avg_loss: 0.000000038694  time_per_window : 0.001966   progress : 0.415
name: models.architecture.block_type=simple
models.architecture.mamba_type=mamba
training.mode=gml_rollout    avg_loss: 0.000000032123  time_per_window : 0.001998   progress : 0.426
name: models.architecture.block_type=simple
models.architecture.mamba_type=mamba
training.mode=gml_rollout    avg_loss: 0.000000031767  time_per_window : 0.002043   progress : 0.437
name: models.architecture.block_type=simple
models.architecture.mamba_type=mamba
training.mode=gml_rollout    avg_loss: 0.000000039801  time_per_window : 0.002036   progress : 0.448
name: models.architecture.block_type=simple
models.architecture.mamba_type=mamba
training.mode=gml_rollout    avg_loss: 0.000000029794  time_per_window : 0.001994   progress : 0.459
name: models.architecture.block_type=simple
models.architecture.mamba_type=mamba
training.mode=gml_rollout    avg_loss: 0.000000032634  time_per_window : 0.002079   progress : 0.470
name: models.architecture.block_type=simple
models.architecture.mamba_type=mamba
training.mode=gml_rollout    avg_loss: 0.000000037244  time_per_window : 0.002054   progress : 0.481
name: models.architecture.block_type=simple
models.architecture.mamba_type=mamba
training.mode=gml_rollout    avg_loss: 0.000000036380  time_per_window : 0.002043   progress : 0.492
name: models.architecture.block_type=simple
models.architecture.mamba_type=mamba
training.mode=gml_rollout    avg_loss: 0.000000033425  time_per_window : 0.001969   progress : 0.502
name: models.architecture.block_type=simple
models.architecture.mamba_type=mamba
training.mode=gml_rollout    avg_loss: 0.000000033519  time_per_window : 0.002070   progress : 0.513
name: models.architecture.block_type=simple
models.architecture.mamba_type=mamba
training.mode=gml_rollout    avg_loss: 0.000000035840  time_per_window : 0.002022   progress : 0.524
name: models.architecture.block_type=simple
models.architecture.mamba_type=mamba
training.mode=gml_rollout    avg_loss: 0.000000036361  time_per_window : 0.002049   progress : 0.535
name: models.architecture.block_type=simple
models.architecture.mamba_type=mamba
training.mode=gml_rollout    avg_loss: 0.000000035135  time_per_window : 0.002046   progress : 0.546
name: models.architecture.block_type=simple
models.architecture.mamba_type=mamba
training.mode=gml_rollout    avg_loss: 0.000000033557  time_per_window : 0.002007   progress : 0.557
name: models.architecture.block_type=simple
models.architecture.mamba_type=mamba
training.mode=gml_rollout    avg_loss: 0.000000037934  time_per_window : 0.002013   progress : 0.568
name: models.architecture.block_type=simple
models.architecture.mamba_type=mamba
training.mode=gml_rollout    avg_loss: 0.000000034088  time_per_window : 0.001587   progress : 0.579
name: models.architecture.block_type=simple
models.architecture.mamba_type=mamba
training.mode=gml_rollout    avg_loss: 0.000000034302  time_per_window : 0.001175   progress : 0.590
name: models.architecture.block_type=simple
models.architecture.mamba_type=mamba
training.mode=gml_rollout    avg_loss: 0.000000032578  time_per_window : 0.001495   progress : 0.601
name: models.architecture.block_type=simple
models.architecture.mamba_type=mamba
training.mode=gml_rollout    avg_loss: 0.000000033154  time_per_window : 0.001510   progress : 0.612
name: models.architecture.block_type=simple
models.architecture.mamba_type=mamba
training.mode=gml_rollout    avg_loss: 0.000000032038  time_per_window : 0.001631   progress : 0.623
name: models.architecture.block_type=simple
models.architecture.mamba_type=mamba
training.mode=gml_rollout    avg_loss: 0.000000032531  time_per_window : 0.001631   progress : 0.634
name: models.architecture.block_type=simple
models.architecture.mamba_type=mamba
training.mode=gml_rollout    avg_loss: 0.000000039038  time_per_window : 0.001592   progress : 0.644
name: models.architecture.block_type=simple
models.architecture.mamba_type=mamba
training.mode=gml_rollout    avg_loss: 0.000000032248  time_per_window : 0.001489   progress : 0.655
name: models.architecture.block_type=simple
models.architecture.mamba_type=mamba
training.mode=gml_rollout    avg_loss: 0.000000031649  time_per_window : 0.001559   progress : 0.666
name: models.architecture.block_type=simple
models.architecture.mamba_type=mamba
training.mode=gml_rollout    avg_loss: 0.000000032806  time_per_window : 0.001586   progress : 0.677
name: models.architecture.block_type=simple
models.architecture.mamba_type=mamba
training.mode=gml_rollout    avg_loss: 0.000000032754  time_per_window : 0.001626   progress : 0.688
name: models.architecture.block_type=simple
models.architecture.mamba_type=mamba
training.mode=gml_rollout    avg_loss: 0.000000033129  time_per_window : 0.001641   progress : 0.699
name: models.architecture.block_type=simple
models.architecture.mamba_type=mamba
training.mode=gml_rollout    avg_loss: 0.000000034846  time_per_window : 0.001522   progress : 0.710
name: models.architecture.block_type=simple
models.architecture.mamba_type=mamba
training.mode=gml_rollout    avg_loss: 0.000000033516  time_per_window : 0.001606   progress : 0.721
name: models.architecture.block_type=simple
models.architecture.mamba_type=mamba
training.mode=gml_rollout    avg_loss: 0.000000030470  time_per_window : 0.001493   progress : 0.732
name: models.architecture.block_type=simple
models.architecture.mamba_type=mamba
training.mode=gml_rollout    avg_loss: 0.000000033381  time_per_window : 0.001648   progress : 0.743
name: models.architecture.block_type=simple
models.architecture.mamba_type=mamba
training.mode=gml_rollout    avg_loss: 0.000000033694  time_per_window : 0.001571   progress : 0.754
name: models.architecture.block_type=simple
models.architecture.mamba_type=mamba
training.mode=gml_rollout    avg_loss: 0.000000031465  time_per_window : 0.001572   progress : 0.765
name: models.architecture.block_type=simple
models.architecture.mamba_type=mamba
training.mode=gml_rollout    avg_loss: 0.000000034069  time_per_window : 0.001612   progress : 0.775
name: models.architecture.block_type=simple
models.architecture.mamba_type=mamba
training.mode=gml_rollout    avg_loss: 0.000000036518  time_per_window : 0.001428   progress : 0.786
name: models.architecture.block_type=simple
models.architecture.mamba_type=mamba
training.mode=gml_rollout    avg_loss: 0.000000031624  time_per_window : 0.001563   progress : 0.797
name: models.architecture.block_type=simple
models.architecture.mamba_type=mamba
training.mode=gml_rollout    avg_loss: 0.000000029613  time_per_window : 0.001553   progress : 0.808
name: models.architecture.block_type=simple
models.architecture.mamba_type=mamba
training.mode=gml_rollout    avg_loss: 0.000000031074  time_per_window : 0.001712   progress : 0.819
name: models.architecture.block_type=simple
models.architecture.mamba_type=mamba
training.mode=gml_rollout    avg_loss: 0.000000033103  time_per_window : 0.001374   progress : 0.830
name: models.architecture.block_type=simple
models.architecture.mamba_type=mamba
training.mode=gml_rollout    avg_loss: 0.000000033380  time_per_window : 0.001499   progress : 0.841
name: models.architecture.block_type=simple
models.architecture.mamba_type=mamba
training.mode=gml_rollout    avg_loss: 0.000000031180  time_per_window : 0.001611   progress : 0.852
name: models.architecture.block_type=simple
models.architecture.mamba_type=mamba
training.mode=gml_rollout    avg_loss: 0.000000034593  time_per_window : 0.001563   progress : 0.863
name: models.architecture.block_type=simple
models.architecture.mamba_type=mamba
training.mode=gml_rollout    avg_loss: 0.000000030105  time_per_window : 0.001590   progress : 0.874
name: models.architecture.block_type=simple
models.architecture.mamba_type=mamba
training.mode=gml_rollout    avg_loss: 0.000000037203  time_per_window : 0.001605   progress : 0.885
name: models.architecture.block_type=simple
models.architecture.mamba_type=mamba
training.mode=gml_rollout    avg_loss: 0.000000042453  time_per_window : 0.001563   progress : 0.896
name: models.architecture.block_type=simple
models.architecture.mamba_type=mamba
training.mode=gml_rollout    avg_loss: 0.000000030536  time_per_window : 0.001564   progress : 0.907
name: models.architecture.block_type=simple
models.architecture.mamba_type=mamba
training.mode=gml_rollout    avg_loss: 0.000000029734  time_per_window : 0.001638   progress : 0.917
name: models.architecture.block_type=simple
models.architecture.mamba_type=mamba
training.mode=gml_rollout    avg_loss: 0.000000030712  time_per_window : 0.001275   progress : 0.928
name: models.architecture.block_type=simple
models.architecture.mamba_type=mamba
training.mode=gml_rollout    avg_loss: 0.000000029672  time_per_window : 0.001681   progress : 0.939
name: models.architecture.block_type=simple
models.architecture.mamba_type=mamba
training.mode=gml_rollout    avg_loss: 0.000000030318  time_per_window : 0.001550   progress : 0.950
name: models.architecture.block_type=simple
models.architecture.mamba_type=mamba
training.mode=gml_rollout    avg_loss: 0.000000031252  time_per_window : 0.001587   progress : 0.961
name: models.architecture.block_type=simple
models.architecture.mamba_type=mamba
training.mode=gml_rollout    avg_loss: 0.000000035634  time_per_window : 0.001591   progress : 0.972
name: models.architecture.block_type=simple
models.architecture.mamba_type=mamba
training.mode=gml_rollout    avg_loss: 0.000000031521  time_per_window : 0.001606   progress : 0.983
name: models.architecture.block_type=simple
models.architecture.mamba_type=mamba
training.mode=gml_rollout    avg_loss: 0.000000033280  time_per_window : 0.001439   progress : 0.994
name: models.architecture.block_type=simple
models.architecture.mamba_type=mamba
training.mode=gml_rollout    avg_loss: 0.000041861080  time_per_window : 0.001473   progress : 0.011
name: models.architecture.block_type=simple
models.architecture.mamba_type=mamba
training.mode=gml_rollout    avg_loss: 0.000006650991  time_per_window : 0.001546   progress : 0.022
name: models.architecture.block_type=simple
models.architecture.mamba_type=mamba
training.mode=gml_rollout    avg_loss: 0.000006246138  time_per_window : 0.001617   progress : 0.033
name: models.architecture.block_type=simple
models.architecture.mamba_type=mamba
training.mode=gml_rollout    avg_loss: 0.000003540513  time_per_window : 0.001580   progress : 0.044
name: models.architecture.block_type=simple
models.architecture.mamba_type=mamba
training.mode=gml_rollout    avg_loss: 0.000001485654  time_per_window : 0.001552   progress : 0.055
name: models.architecture.block_type=simple
models.architecture.mamba_type=mamba
training.mode=gml_rollout    avg_loss: 0.000000939475  time_per_window : 0.001540   progress : 0.066
name: models.architecture.block_type=simple
models.architecture.mamba_type=mamba
training.mode=gml_rollout    avg_loss: 0.000000799531  time_per_window : 0.001624   progress : 0.076
name: models.architecture.block_type=simple
models.architecture.mamba_type=mamba
training.mode=gml_rollout    avg_loss: 0.000000483520  time_per_window : 0.001646   progress : 0.087
name: models.architecture.block_type=simple
models.architecture.mamba_type=mamba
training.mode=gml_rollout    avg_loss: 0.000000467656  time_per_window : 0.001506   progress : 0.098
name: models.architecture.block_type=simple
models.architecture.mamba_type=mamba
training.mode=gml_rollout    avg_loss: 0.000000348514  time_per_window : 0.001563   progress : 0.109
name: models.architecture.block_type=simple
models.architecture.mamba_type=mamba
training.mode=gml_rollout    avg_loss: 0.000000442575  time_per_window : 0.001556   progress : 0.120
name: models.architecture.block_type=simple
models.architecture.mamba_type=mamba
training.mode=gml_rollout    avg_loss: 0.000000381642  time_per_window : 0.001566   progress : 0.131
name: models.architecture.block_type=simple
models.architecture.mamba_type=mamba
training.mode=gml_rollout    avg_loss: 0.000000409875  time_per_window : 0.001626   progress : 0.142
name: models.architecture.block_type=simple
models.architecture.mamba_type=mamba
training.mode=gml_rollout    avg_loss: 0.000000336875  time_per_window : 0.001569   progress : 0.153
name: models.architecture.block_type=simple
models.architecture.mamba_type=mamba
training.mode=gml_rollout    avg_loss: 0.000000400167  time_per_window : 0.001444   progress : 0.164
name: models.architecture.block_type=simple
models.architecture.mamba_type=mamba
training.mode=gml_rollout    avg_loss: 0.000000426506  time_per_window : 0.001593   progress : 0.175
name: models.architecture.block_type=simple
models.architecture.mamba_type=mamba
training.mode=gml_rollout    avg_loss: 0.000000433316  time_per_window : 0.001554   progress : 0.186
name: models.architecture.block_type=simple
models.architecture.mamba_type=mamba
training.mode=gml_rollout    avg_loss: 0.000000443649  time_per_window : 0.001560   progress : 0.197
name: models.architecture.block_type=simple
models.architecture.mamba_type=mamba
training.mode=gml_rollout    avg_loss: 0.000000409898  time_per_window : 0.001563   progress : 0.208
name: models.architecture.block_type=simple
models.architecture.mamba_type=mamba
training.mode=gml_rollout    avg_loss: 0.000000424751  time_per_window : 0.001488   progress : 0.218
name: models.architecture.block_type=simple
models.architecture.mamba_type=mamba
training.mode=gml_rollout    avg_loss: 0.000000422569  time_per_window : 0.001576   progress : 0.229
name: models.architecture.block_type=simple
models.architecture.mamba_type=mamba
training.mode=gml_rollout    avg_loss: 0.000000345705  time_per_window : 0.001526   progress : 0.240
name: models.architecture.block_type=simple
models.architecture.mamba_type=mamba
training.mode=gml_rollout    avg_loss: 0.000000431144  time_per_window : 0.001570   progress : 0.251
name: models.architecture.block_type=simple
models.architecture.mamba_type=mamba
training.mode=gml_rollout    avg_loss: 0.000000541190  time_per_window : 0.001551   progress : 0.262
name: models.architecture.block_type=simple
models.architecture.mamba_type=mamba
training.mode=gml_rollout    avg_loss: 0.000000390441  time_per_window : 0.001543   progress : 0.273
name: models.architecture.block_type=simple
models.architecture.mamba_type=mamba
training.mode=gml_rollout    avg_loss: 0.000000414838  time_per_window : 0.001557   progress : 0.284
name: models.architecture.block_type=simple
models.architecture.mamba_type=mamba
training.mode=gml_rollout    avg_loss: 0.000000593761  time_per_window : 0.001517   progress : 0.295
name: models.architecture.block_type=simple
models.architecture.mamba_type=mamba
training.mode=gml_rollout    avg_loss: 0.000000391845  time_per_window : 0.001559   progress : 0.306
name: models.architecture.block_type=simple
models.architecture.mamba_type=mamba
training.mode=gml_rollout    avg_loss: 0.000000370661  time_per_window : 0.001582   progress : 0.317
name: models.architecture.block_type=simple
models.architecture.mamba_type=mamba
training.mode=gml_rollout    avg_loss: 0.000000357830  time_per_window : 0.001599   progress : 0.328
name: models.architecture.block_type=simple
models.architecture.mamba_type=mamba
training.mode=gml_rollout    avg_loss: 0.000000482776  time_per_window : 0.001568   progress : 0.339
name: models.architecture.block_type=simple
models.architecture.mamba_type=mamba
training.mode=gml_rollout    avg_loss: 0.000000474050  time_per_window : 0.001514   progress : 0.350
name: models.architecture.block_type=simple
models.architecture.mamba_type=mamba
training.mode=gml_rollout    avg_loss: 0.000000438216  time_per_window : 0.001422   progress : 0.360
name: models.architecture.block_type=simple
models.architecture.mamba_type=mamba
training.mode=gml_rollout    avg_loss: 0.000000350039  time_per_window : 0.001642   progress : 0.371
name: models.architecture.block_type=simple
models.architecture.mamba_type=mamba
training.mode=gml_rollout    avg_loss: 0.000000341153  time_per_window : 0.001545   progress : 0.382
name: models.architecture.block_type=simple
models.architecture.mamba_type=mamba
training.mode=gml_rollout    avg_loss: 0.000000434485  time_per_window : 0.001635   progress : 0.393
name: models.architecture.block_type=simple
models.architecture.mamba_type=mamba
training.mode=gml_rollout    avg_loss: 0.000000467322  time_per_window : 0.001624   progress : 0.404
name: models.architecture.block_type=simple
models.architecture.mamba_type=mamba
training.mode=gml_rollout    avg_loss: 0.000000441375  time_per_window : 0.001528   progress : 0.415
name: models.architecture.block_type=simple
models.architecture.mamba_type=mamba
training.mode=gml_rollout    avg_loss: 0.000000437990  time_per_window : 0.001529   progress : 0.426
name: models.architecture.block_type=simple
models.architecture.mamba_type=mamba
training.mode=gml_rollout    avg_loss: 0.000000399830  time_per_window : 0.001516   progress : 0.437
name: models.architecture.block_type=simple
models.architecture.mamba_type=mamba
training.mode=gml_rollout    avg_loss: 0.000000414118  time_per_window : 0.001378   progress : 0.448
name: models.architecture.block_type=simple
models.architecture.mamba_type=mamba
training.mode=gml_rollout    avg_loss: 0.000000313228  time_per_window : 0.001649   progress : 0.459
name: models.architecture.block_type=simple
models.architecture.mamba_type=mamba
training.mode=gml_rollout    avg_loss: 0.000000355405  time_per_window : 0.001577   progress : 0.470
name: models.architecture.block_type=simple
models.architecture.mamba_type=mamba
training.mode=gml_rollout    avg_loss: 0.000000399786  time_per_window : 0.001522   progress : 0.481
name: models.architecture.block_type=simple
models.architecture.mamba_type=mamba
training.mode=gml_rollout    avg_loss: 0.000000506298  time_per_window : 0.001563   progress : 0.492
name: models.architecture.block_type=simple
models.architecture.mamba_type=mamba
training.mode=gml_rollout    avg_loss: 0.000000421473  time_per_window : 0.001512   progress : 0.502
name: models.architecture.block_type=simple
models.architecture.mamba_type=mamba
training.mode=gml_rollout    avg_loss: 0.000000397193  time_per_window : 0.001416   progress : 0.513
name: models.architecture.block_type=simple
models.architecture.mamba_type=mamba
training.mode=gml_rollout    avg_loss: 0.000000416215  time_per_window : 0.001530   progress : 0.524
name: models.architecture.block_type=simple
models.architecture.mamba_type=mamba
training.mode=gml_rollout    avg_loss: 0.000000450646  time_per_window : 0.001565   progress : 0.535
name: models.architecture.block_type=simple
models.architecture.mamba_type=mamba
training.mode=gml_rollout    avg_loss: 0.000000391473  time_per_window : 0.001611   progress : 0.546
name: models.architecture.block_type=simple
models.architecture.mamba_type=mamba
training.mode=gml_rollout    avg_loss: 0.000000349922  time_per_window : 0.001565   progress : 0.557
name: models.architecture.block_type=simple
models.architecture.mamba_type=mamba
training.mode=gml_rollout    avg_loss: 0.000000361545  time_per_window : 0.001488   progress : 0.568
name: models.architecture.block_type=simple
models.architecture.mamba_type=mamba
training.mode=gml_rollout    avg_loss: 0.000000338677  time_per_window : 0.001441   progress : 0.579
name: models.architecture.block_type=simple
models.architecture.mamba_type=mamba
training.mode=gml_rollout    avg_loss: 0.000000427382  time_per_window : 0.001580   progress : 0.590
name: models.architecture.block_type=simple
models.architecture.mamba_type=mamba
training.mode=gml_rollout    avg_loss: 0.000000310047  time_per_window : 0.001537   progress : 0.601
name: models.architecture.block_type=simple
models.architecture.mamba_type=mamba
training.mode=gml_rollout    avg_loss: 0.000000355589  time_per_window : 0.001561   progress : 0.612
name: models.architecture.block_type=simple
models.architecture.mamba_type=mamba
training.mode=gml_rollout    avg_loss: 0.000000377213  time_per_window : 0.001573   progress : 0.623
name: models.architecture.block_type=simple
models.architecture.mamba_type=mamba
training.mode=gml_rollout    avg_loss: 0.000000383956  time_per_window : 0.001537   progress : 0.634
name: models.architecture.block_type=simple
models.architecture.mamba_type=mamba
training.mode=gml_rollout    avg_loss: 0.000000396271  time_per_window : 0.001561   progress : 0.644
name: models.architecture.block_type=simple
models.architecture.mamba_type=mamba
training.mode=gml_rollout    avg_loss: 0.000000317348  time_per_window : 0.001576   progress : 0.655
name: models.architecture.block_type=simple
models.architecture.mamba_type=mamba
training.mode=gml_rollout    avg_loss: 0.000000373755  time_per_window : 0.001533   progress : 0.666
name: models.architecture.block_type=simple
models.architecture.mamba_type=mamba
training.mode=gml_rollout    avg_loss: 0.000000399191  time_per_window : 0.001557   progress : 0.677
name: models.architecture.block_type=simple
models.architecture.mamba_type=mamba
training.mode=gml_rollout    avg_loss: 0.000000301383  time_per_window : 0.001539   progress : 0.688
name: models.architecture.block_type=simple
models.architecture.mamba_type=mamba
training.mode=gml_rollout    avg_loss: 0.000000457672  time_per_window : 0.001567   progress : 0.699
name: models.architecture.block_type=simple
models.architecture.mamba_type=mamba
training.mode=gml_rollout    avg_loss: 0.000000345060  time_per_window : 0.001617   progress : 0.710
name: models.architecture.block_type=simple
models.architecture.mamba_type=mamba
training.mode=gml_rollout    avg_loss: 0.000000371813  time_per_window : 0.001626   progress : 0.721
name: models.architecture.block_type=simple
models.architecture.mamba_type=mamba
training.mode=gml_rollout    avg_loss: 0.000000306890  time_per_window : 0.001605   progress : 0.732
name: models.architecture.block_type=simple
models.architecture.mamba_type=mamba
training.mode=gml_rollout    avg_loss: 0.000000355647  time_per_window : 0.001594   progress : 0.743
name: models.architecture.block_type=simple
models.architecture.mamba_type=mamba
training.mode=gml_rollout    avg_loss: 0.000000390100  time_per_window : 0.001651   progress : 0.754
name: models.architecture.block_type=simple
models.architecture.mamba_type=mamba
training.mode=gml_rollout    avg_loss: 0.000000319374  time_per_window : 0.001622   progress : 0.765
name: models.architecture.block_type=simple
models.architecture.mamba_type=mamba
training.mode=gml_rollout    avg_loss: 0.000000409091  time_per_window : 0.001614   progress : 0.775
name: models.architecture.block_type=simple
models.architecture.mamba_type=mamba
training.mode=gml_rollout    avg_loss: 0.000000411670  time_per_window : 0.001580   progress : 0.786
name: models.architecture.block_type=simple
models.architecture.mamba_type=mamba
training.mode=gml_rollout    avg_loss: 0.000000275935  time_per_window : 0.001647   progress : 0.797
name: models.architecture.block_type=simple
models.architecture.mamba_type=mamba
training.mode=gml_rollout    avg_loss: 0.000000354572  time_per_window : 0.001537   progress : 0.808
name: models.architecture.block_type=simple
models.architecture.mamba_type=mamba
training.mode=gml_rollout    avg_loss: 0.000000390824  time_per_window : 0.001545   progress : 0.819
name: models.architecture.block_type=simple
models.architecture.mamba_type=mamba
training.mode=gml_rollout    avg_loss: 0.000000314304  time_per_window : 0.001621   progress : 0.830
name: models.architecture.block_type=simple
models.architecture.mamba_type=mamba
training.mode=gml_rollout    avg_loss: 0.000000350840  time_per_window : 0.001500   progress : 0.841
name: models.architecture.block_type=simple
models.architecture.mamba_type=mamba
training.mode=gml_rollout    avg_loss: 0.000000281848  time_per_window : 0.001587   progress : 0.852
name: models.architecture.block_type=simple
models.architecture.mamba_type=mamba
training.mode=gml_rollout    avg_loss: 0.000000350996  time_per_window : 0.001595   progress : 0.863
name: models.architecture.block_type=simple
models.architecture.mamba_type=mamba
training.mode=gml_rollout    avg_loss: 0.000000325507  time_per_window : 0.001527   progress : 0.874
name: models.architecture.block_type=simple
models.architecture.mamba_type=mamba
training.mode=gml_rollout    avg_loss: 0.000000304329  time_per_window : 0.001627   progress : 0.885
name: models.architecture.block_type=simple
models.architecture.mamba_type=mamba
training.mode=gml_rollout    avg_loss: 0.000000326511  time_per_window : 0.001513   progress : 0.896
name: models.architecture.block_type=simple
models.architecture.mamba_type=mamba
training.mode=gml_rollout    avg_loss: 0.000000320642  time_per_window : 0.001575   progress : 0.907
name: models.architecture.block_type=simple
models.architecture.mamba_type=mamba
training.mode=gml_rollout    avg_loss: 0.000000406958  time_per_window : 0.001503   progress : 0.917
name: models.architecture.block_type=simple
models.architecture.mamba_type=mamba
training.mode=gml_rollout    avg_loss: 0.000000341814  time_per_window : 0.001648   progress : 0.928
name: models.architecture.block_type=simple
models.architecture.mamba_type=mamba
training.mode=gml_rollout    avg_loss: 0.000000296521  time_per_window : 0.001549   progress : 0.939
name: models.architecture.block_type=simple
models.architecture.mamba_type=mamba
training.mode=gml_rollout    avg_loss: 0.000000364789  time_per_window : 0.001569   progress : 0.950
name: models.architecture.block_type=simple
models.architecture.mamba_type=mamba
training.mode=gml_rollout    avg_loss: 0.000000332603  time_per_window : 0.001637   progress : 0.961
name: models.architecture.block_type=simple
models.architecture.mamba_type=mamba
training.mode=gml_rollout    avg_loss: 0.000000375877  time_per_window : 0.001654   progress : 0.972
name: models.architecture.block_type=simple
models.architecture.mamba_type=mamba
training.mode=gml_rollout    avg_loss: 0.000000349200  time_per_window : 0.001435   progress : 0.983
name: models.architecture.block_type=simple
models.architecture.mamba_type=mamba
training.mode=gml_rollout    avg_loss: 0.000000306506  time_per_window : 0.001598   progress : 0.994
name: models.architecture.block_type=simple
models.architecture.mamba_type=mamba
training.mode=gml_rollout    avg_loss: -65.506141662598  time_per_window : 0.001638   progress : 0.011
name: models.architecture.block_type=simple
models.architecture.mamba_type=mamba
training.mode=gml_rollout    avg_loss: -68.785240173340  time_per_window : 0.001571   progress : 0.022
name: models.architecture.block_type=simple
models.architecture.mamba_type=mamba
training.mode=gml_rollout    avg_loss: -68.981880187988  time_per_window : 0.001653   progress : 0.033
name: models.architecture.block_type=simple
models.architecture.mamba_type=mamba
training.mode=gml_rollout    avg_loss: -68.996360778809  time_per_window : 0.001458   progress : 0.044
name: models.architecture.block_type=simple
models.architecture.mamba_type=mamba
training.mode=gml_rollout    avg_loss: -69.004447937012  time_per_window : 0.001621   progress : 0.055
name: models.architecture.block_type=simple
models.architecture.mamba_type=mamba
training.mode=gml_rollout    avg_loss: -69.005226135254  time_per_window : 0.001302   progress : 0.066
name: models.architecture.block_type=simple
models.architecture.mamba_type=mamba
training.mode=gml_rollout    avg_loss: -69.007698059082  time_per_window : 0.001550   progress : 0.076
name: models.architecture.block_type=simple
models.architecture.mamba_type=mamba
training.mode=gml_rollout    avg_loss: -69.009086608887  time_per_window : 0.001577   progress : 0.087
name: models.architecture.block_type=simple
models.architecture.mamba_type=mamba
training.mode=gml_rollout    avg_loss: -69.011909484863  time_per_window : 0.001559   progress : 0.098
name: models.architecture.block_type=simple
models.architecture.mamba_type=mamba
training.mode=gml_rollout    avg_loss: -69.010871887207  time_per_window : 0.001632   progress : 0.109
name: models.architecture.block_type=simple
models.architecture.mamba_type=mamba
training.mode=gml_rollout    avg_loss: -69.009086608887  time_per_window : 0.001592   progress : 0.120
name: models.architecture.block_type=simple
models.architecture.mamba_type=mamba
training.mode=gml_rollout    avg_loss: -69.012680053711  time_per_window : 0.001662   progress : 0.131
name: models.architecture.block_type=simple
models.architecture.mamba_type=mamba
training.mode=gml_rollout    avg_loss: -69.011657714844  time_per_window : 0.001665   progress : 0.142
name: models.architecture.block_type=simple
models.architecture.mamba_type=mamba
training.mode=gml_rollout    avg_loss: -69.011413574219  time_per_window : 0.001610   progress : 0.153
name: models.architecture.block_type=simple
models.architecture.mamba_type=mamba
training.mode=gml_rollout    avg_loss: -69.011772155762  time_per_window : 0.001640   progress : 0.164
name: models.architecture.block_type=simple
models.architecture.mamba_type=mamba
training.mode=gml_rollout    avg_loss: -69.011322021484  time_per_window : 0.001538   progress : 0.175
name: models.architecture.block_type=simple
models.architecture.mamba_type=mamba
training.mode=gml_rollout    avg_loss: -69.011634826660  time_per_window : 0.001600   progress : 0.186
name: models.architecture.block_type=simple
models.architecture.mamba_type=mamba
training.mode=gml_rollout    avg_loss: -69.013420104980  time_per_window : 0.001600   progress : 0.197
name: models.architecture.block_type=simple
models.architecture.mamba_type=mamba
training.mode=gml_rollout    avg_loss: -69.012573242188  time_per_window : 0.001597   progress : 0.208
name: models.architecture.block_type=simple
models.architecture.mamba_type=mamba
training.mode=gml_rollout    avg_loss: -69.009796142578  time_per_window : 0.001568   progress : 0.218
name: models.architecture.block_type=simple
models.architecture.mamba_type=mamba
training.mode=gml_rollout    avg_loss: -69.011383056641  time_per_window : 0.001607   progress : 0.229
name: models.architecture.block_type=simple
models.architecture.mamba_type=mamba
training.mode=gml_rollout    avg_loss: -69.011756896973  time_per_window : 0.001709   progress : 0.240
name: models.architecture.block_type=simple
models.architecture.mamba_type=mamba
training.mode=gml_rollout    avg_loss: -69.012893676758  time_per_window : 0.001609   progress : 0.251
name: models.architecture.block_type=simple
models.architecture.mamba_type=mamba
training.mode=gml_rollout    avg_loss: -69.011756896973  time_per_window : 0.001433   progress : 0.262
name: models.architecture.block_type=simple
models.architecture.mamba_type=mamba
training.mode=gml_rollout    avg_loss: -69.011268615723  time_per_window : 0.001649   progress : 0.273
name: models.architecture.block_type=simple
models.architecture.mamba_type=mamba
training.mode=gml_rollout    avg_loss: -69.010581970215  time_per_window : 0.001603   progress : 0.284
name: models.architecture.block_type=simple
models.architecture.mamba_type=mamba
training.mode=gml_rollout    avg_loss: -69.012329101562  time_per_window : 0.001600   progress : 0.295
name: models.architecture.block_type=simple
models.architecture.mamba_type=mamba
training.mode=gml_rollout    avg_loss: -69.011528015137  time_per_window : 0.001614   progress : 0.306
name: models.architecture.block_type=simple
models.architecture.mamba_type=mamba
training.mode=gml_rollout    avg_loss: -69.013313293457  time_per_window : 0.001551   progress : 0.317
name: models.architecture.block_type=simple
models.architecture.mamba_type=mamba
training.mode=gml_rollout    avg_loss: -69.011177062988  time_per_window : 0.001572   progress : 0.328
name: models.architecture.block_type=simple
models.architecture.mamba_type=mamba
training.mode=gml_rollout    avg_loss: -69.011489868164  time_per_window : 0.001670   progress : 0.339
name: models.architecture.block_type=simple
models.architecture.mamba_type=mamba
training.mode=gml_rollout    avg_loss: -69.011627197266  time_per_window : 0.001544   progress : 0.350
name: models.architecture.block_type=simple
models.architecture.mamba_type=mamba
training.mode=gml_rollout    avg_loss: -69.013305664062  time_per_window : 0.001546   progress : 0.360
name: models.architecture.block_type=simple
models.architecture.mamba_type=mamba
training.mode=gml_rollout    avg_loss: -69.011474609375  time_per_window : 0.001544   progress : 0.371
name: models.architecture.block_type=simple
models.architecture.mamba_type=mamba
training.mode=gml_rollout    avg_loss: -69.011390686035  time_per_window : 0.001621   progress : 0.382
name: models.architecture.block_type=simple
models.architecture.mamba_type=mamba
training.mode=gml_rollout    avg_loss: -69.011581420898  time_per_window : 0.001543   progress : 0.393
name: models.architecture.block_type=simple
models.architecture.mamba_type=mamba
training.mode=gml_rollout    avg_loss: -69.010643005371  time_per_window : 0.001607   progress : 0.404
name: models.architecture.block_type=simple
models.architecture.mamba_type=mamba
training.mode=gml_rollout    avg_loss: -69.011665344238  time_per_window : 0.001533   progress : 0.415
name: models.architecture.block_type=simple
models.architecture.mamba_type=mamba
training.mode=gml_rollout    avg_loss: -69.011436462402  time_per_window : 0.001581   progress : 0.426
name: models.architecture.block_type=simple
models.architecture.mamba_type=mamba
training.mode=gml_rollout    avg_loss: -69.012374877930  time_per_window : 0.001490   progress : 0.437
name: models.architecture.block_type=simple
models.architecture.mamba_type=mamba
training.mode=gml_rollout    avg_loss: -69.011390686035  time_per_window : 0.001543   progress : 0.448
name: models.architecture.block_type=simple
models.architecture.mamba_type=mamba
training.mode=gml_rollout    avg_loss: -69.012580871582  time_per_window : 0.001568   progress : 0.459
name: models.architecture.block_type=simple
models.architecture.mamba_type=mamba
training.mode=gml_rollout    avg_loss: -69.012641906738  time_per_window : 0.001571   progress : 0.470
name: models.architecture.block_type=simple
models.architecture.mamba_type=mamba
training.mode=gml_rollout    avg_loss: -69.011985778809  time_per_window : 0.001670   progress : 0.481
name: models.architecture.block_type=simple
models.architecture.mamba_type=mamba
training.mode=gml_rollout    avg_loss: -69.012565612793  time_per_window : 0.001611   progress : 0.492
name: models.architecture.block_type=simple
models.architecture.mamba_type=mamba
training.mode=gml_rollout    avg_loss: -69.012695312500  time_per_window : 0.001390   progress : 0.502
name: models.architecture.block_type=simple
models.architecture.mamba_type=mamba
training.mode=gml_rollout    avg_loss: -69.012611389160  time_per_window : 0.001568   progress : 0.513
name: models.architecture.block_type=simple
models.architecture.mamba_type=mamba
training.mode=gml_rollout    avg_loss: -69.009620666504  time_per_window : 0.001656   progress : 0.524
name: models.architecture.block_type=simple
models.architecture.mamba_type=mamba
training.mode=gml_rollout    avg_loss: -69.012191772461  time_per_window : 0.001541   progress : 0.535
name: models.architecture.block_type=simple
models.architecture.mamba_type=mamba
training.mode=gml_rollout    avg_loss: -69.013656616211  time_per_window : 0.001582   progress : 0.546
name: models.architecture.block_type=simple
models.architecture.mamba_type=mamba
training.mode=gml_rollout    avg_loss: -69.011978149414  time_per_window : 0.001550   progress : 0.557
name: models.architecture.block_type=simple
models.architecture.mamba_type=mamba
training.mode=gml_rollout    avg_loss: -69.013557434082  time_per_window : 0.001637   progress : 0.568
name: models.architecture.block_type=simple
models.architecture.mamba_type=mamba
training.mode=gml_rollout    avg_loss: -69.012336730957  time_per_window : 0.001557   progress : 0.579
name: models.architecture.block_type=simple
models.architecture.mamba_type=mamba
training.mode=gml_rollout    avg_loss: -69.010391235352  time_per_window : 0.001636   progress : 0.590
name: models.architecture.block_type=simple
models.architecture.mamba_type=mamba
training.mode=gml_rollout    avg_loss: -69.013664245605  time_per_window : 0.001666   progress : 0.601
name: models.architecture.block_type=simple
models.architecture.mamba_type=mamba
training.mode=gml_rollout    avg_loss: -69.013328552246  time_per_window : 0.001656   progress : 0.612
name: models.architecture.block_type=simple
models.architecture.mamba_type=mamba
training.mode=gml_rollout    avg_loss: -69.013069152832  time_per_window : 0.001567   progress : 0.623
name: models.architecture.block_type=simple
models.architecture.mamba_type=mamba
training.mode=gml_rollout    avg_loss: -69.012863159180  time_per_window : 0.001631   progress : 0.634
name: models.architecture.block_type=simple
models.architecture.mamba_type=mamba
training.mode=gml_rollout    avg_loss: -69.006477355957  time_per_window : 0.001460   progress : 0.644
name: models.architecture.block_type=simple
models.architecture.mamba_type=mamba
training.mode=gml_rollout    avg_loss: -69.014495849609  time_per_window : 0.001541   progress : 0.655
name: models.architecture.block_type=simple
models.architecture.mamba_type=mamba
training.mode=gml_rollout    avg_loss: -69.013252258301  time_per_window : 0.001607   progress : 0.666
name: models.architecture.block_type=simple
models.architecture.mamba_type=mamba
training.mode=gml_rollout    avg_loss: -69.013427734375  time_per_window : 0.001509   progress : 0.677
name: models.architecture.block_type=simple
models.architecture.mamba_type=mamba
training.mode=gml_rollout    avg_loss: -69.014137268066  time_per_window : 0.001650   progress : 0.688
name: models.architecture.block_type=simple
models.architecture.mamba_type=mamba
training.mode=gml_rollout    avg_loss: -69.012580871582  time_per_window : 0.001614   progress : 0.699
name: models.architecture.block_type=simple
models.architecture.mamba_type=mamba
training.mode=gml_rollout    avg_loss: -69.012344360352  time_per_window : 0.001428   progress : 0.710
name: models.architecture.block_type=simple
models.architecture.mamba_type=mamba
training.mode=gml_rollout    avg_loss: -69.013450622559  time_per_window : 0.001655   progress : 0.721
name: models.architecture.block_type=simple
models.architecture.mamba_type=mamba
training.mode=gml_rollout    avg_loss: -69.013168334961  time_per_window : 0.001592   progress : 0.732
name: models.architecture.block_type=simple
models.architecture.mamba_type=mamba
training.mode=gml_rollout    avg_loss: -69.012939453125  time_per_window : 0.001612   progress : 0.743
name: models.architecture.block_type=simple
models.architecture.mamba_type=mamba
training.mode=gml_rollout    avg_loss: -69.011558532715  time_per_window : 0.001640   progress : 0.754
name: models.architecture.block_type=simple
models.architecture.mamba_type=mamba
training.mode=gml_rollout    avg_loss: -69.013893127441  time_per_window : 0.001561   progress : 0.765
name: models.architecture.block_type=simple
models.architecture.mamba_type=mamba
training.mode=gml_rollout    avg_loss: -69.011482238770  time_per_window : 0.001546   progress : 0.775
name: models.architecture.block_type=simple
models.architecture.mamba_type=mamba
training.mode=gml_rollout    avg_loss: -69.012886047363  time_per_window : 0.001673   progress : 0.786
name: models.architecture.block_type=simple
models.architecture.mamba_type=mamba
training.mode=gml_rollout    avg_loss: -69.012313842773  time_per_window : 0.001666   progress : 0.797
name: models.architecture.block_type=simple
models.architecture.mamba_type=mamba
training.mode=gml_rollout    avg_loss: -69.013137817383  time_per_window : 0.001629   progress : 0.808
name: models.architecture.block_type=simple
models.architecture.mamba_type=mamba
training.mode=gml_rollout    avg_loss: -69.013793945312  time_per_window : 0.001629   progress : 0.819
name: models.architecture.block_type=simple
models.architecture.mamba_type=mamba
training.mode=gml_rollout    avg_loss: -69.013832092285  time_per_window : 0.001598   progress : 0.830
name: models.architecture.block_type=simple
models.architecture.mamba_type=mamba
training.mode=gml_rollout    avg_loss: -69.012084960938  time_per_window : 0.001608   progress : 0.841
name: models.architecture.block_type=simple
models.architecture.mamba_type=mamba
training.mode=gml_rollout    avg_loss: -69.013801574707  time_per_window : 0.001522   progress : 0.852
name: models.architecture.block_type=simple
models.architecture.mamba_type=mamba
training.mode=gml_rollout    avg_loss: -69.013465881348  time_per_window : 0.001644   progress : 0.863
name: models.architecture.block_type=simple
models.architecture.mamba_type=mamba
training.mode=gml_rollout    avg_loss: -69.012756347656  time_per_window : 0.001615   progress : 0.874
name: models.architecture.block_type=simple
models.architecture.mamba_type=mamba
training.mode=gml_rollout    avg_loss: -69.013519287109  time_per_window : 0.001465   progress : 0.885
name: models.architecture.block_type=simple
models.architecture.mamba_type=mamba
training.mode=gml_rollout    avg_loss: -69.014190673828  time_per_window : 0.001486   progress : 0.896
name: models.architecture.block_type=simple
models.architecture.mamba_type=mamba
training.mode=gml_rollout    avg_loss: -69.012130737305  time_per_window : 0.001586   progress : 0.907
name: models.architecture.block_type=simple
models.architecture.mamba_type=mamba
training.mode=gml_rollout    avg_loss: -69.011795043945  time_per_window : 0.001530   progress : 0.917
name: models.architecture.block_type=simple
models.architecture.mamba_type=mamba
training.mode=gml_rollout    avg_loss: -69.012603759766  time_per_window : 0.001601   progress : 0.928
name: models.architecture.block_type=simple
models.architecture.mamba_type=mamba
training.mode=gml_rollout    avg_loss: -69.013992309570  time_per_window : 0.001421   progress : 0.939
name: models.architecture.block_type=simple
models.architecture.mamba_type=mamba
training.mode=gml_rollout    avg_loss: -69.012527465820  time_per_window : 0.001417   progress : 0.950
name: models.architecture.block_type=simple
models.architecture.mamba_type=mamba
training.mode=gml_rollout    avg_loss: -69.012710571289  time_per_window : 0.001572   progress : 0.961
name: models.architecture.block_type=simple
models.architecture.mamba_type=mamba
training.mode=gml_rollout    avg_loss: -69.014251708984  time_per_window : 0.001708   progress : 0.972
name: models.architecture.block_type=simple
models.architecture.mamba_type=mamba
training.mode=gml_rollout    avg_loss: -69.013519287109  time_per_window : 0.001200   progress : 0.983
name: models.architecture.block_type=simple
models.architecture.mamba_type=mamba
training.mode=gml_rollout    avg_loss: -69.012672424316  time_per_window : 0.001087   progress : 0.994
DONE!!!
