/home/jdihardjo/miniconda3/envs/mavenv/lib/python3.11/site-packages/hydra/_internal/defaults_list.py:251: UserWarning: In 'config': Defaults list is missing `_self_`. See https://hydra.cc/docs/1.2/upgrades/1.0_to_1.1/default_composition_order for more information
  warnings.warn(msg, UserWarning)
Using cuda:0 device
[2026-07-23 02:30:06,611][HYDRA] Joblib.Parallel(n_jobs=4,backend=loky,prefer=processes,require=None,verbose=0,timeout=None,pre_dispatch=2*n_jobs,batch_size=auto,temp_folder=None,max_nbytes=None,mmap_mode=r) is launching 1 jobs
[2026-07-23 02:30:06,611][HYDRA] Launching jobs, sweep output dir : ablation_runs/2026-07-23_02-30-00/simple_mamba_short_rollout
[2026-07-23 02:30:06,611][HYDRA] 	#0 : models.architecture.block_type=simple models.architecture.mamba_type=mamba training.mode=rollout training.rollout_steps=16
/home/jdihardjo/miniconda3/envs/mavenv/lib/python3.11/site-packages/hydra/_internal/defaults_list.py:251: UserWarning: In 'config': Defaults list is missing `_self_`. See https://hydra.cc/docs/1.2/upgrades/1.0_to_1.1/default_composition_order for more information
  warnings.warn(msg, UserWarning)
models:
  n_dim: 23
  out_dim: 10
  architecture:
    d_model: 128
    n_encoder_layers: 2
    n_decoder_layers: 0
    block_type: simple
    time_adapter: last_token
    in_norm: none
    out_norm: none
    layer_scale: 0.0001
    drop_path: 0.05
    mamba_type: mamba
    mamba_kwargs:
      d_state: 16
      d_conv: 2
      expand: 2
      norm: rms
    skip: false
    cls_kwargs:
      n_heads: 2
      n_mlp: 2
      positional_encoding: false
      max_len: 5000
input_len: 64
output_len: 1
batch_size: 128
epochs: 5
seed: 0
dataset:
  path: /home/jdihardjo/simdata/train.zarr/
  training_size: 1500000
evaluation:
  path: /home/jdihardjo/simdata/evaluation.zarr/
  evaluation_size: 50
training:
  mode: rollout
  lr: 0.0002
  weight_decay: 0.1
  rollout_steps: 16
checkpoint:
  save_path: hydra-test.pth
  load: false
  path: hydra-test.pth
compile: true

/home/jdihardjo/miniconda3/envs/mavenv/lib/python3.11/site-packages/torch/_dynamo/variables/functions.py:2311: UserWarning: Dynamo does not know how to trace the builtin `selective_scan_cuda.pybind11_detail_function_record_v1_system_libstdcpp_gxx_abi_1xxx_use_cxx11_abi_1.fwd.` This function is either a Python builtin (e.g. _warnings.warn) or a third-party C/C++ Python extension (perhaps created with pybind).
If it is a Python builtin, please file an issue on GitHub so the PyTorch team can add support for it and see the next case for a workaround.
If it is a third-party C/C++ Python extension, please either wrap it into a PyTorch-understood custom operator (see https://pytorch.org/tutorials/advanced/custom_ops_landing_page.html for more details) or, if it is traceable, use `torch.compiler.allow_in_graph`.
  torch._dynamo.utils.warn_once(explanation + "\n" + "\n".join(hints))
/home/jdihardjo/miniconda3/envs/mavenv/lib/python3.11/site-packages/torch/_inductor/cudagraph_trees.py:2622: UserWarning: Unable to hit fast path of CUDAGraphs because outputs from a previous step still require backward. Ensure backward() is invoked or detach outputs. You may also call torch.compiler.cudagraph_mark_step_begin() before each model invocation.
  warnings.warn(
name: models.architecture.block_type=simple
models.architecture.mamba_type=mamba
training.mode=rollout
training.rollout_steps=16    avg_loss: 0.000183945056  time_per_window : 0.000485   progress : 0.011
name: models.architecture.block_type=simple
models.architecture.mamba_type=mamba
training.mode=rollout
training.rollout_steps=16    avg_loss: 0.000000242020  time_per_window : 0.000698   progress : 0.022
name: models.architecture.block_type=simple
models.architecture.mamba_type=mamba
training.mode=rollout
training.rollout_steps=16    avg_loss: 0.000000206966  time_per_window : 0.000941   progress : 0.033
name: models.architecture.block_type=simple
models.architecture.mamba_type=mamba
training.mode=rollout
training.rollout_steps=16    avg_loss: 0.000000191113  time_per_window : 0.000961   progress : 0.044
name: models.architecture.block_type=simple
models.architecture.mamba_type=mamba
training.mode=rollout
training.rollout_steps=16    avg_loss: 0.000000175973  time_per_window : 0.000987   progress : 0.055
name: models.architecture.block_type=simple
models.architecture.mamba_type=mamba
training.mode=rollout
training.rollout_steps=16    avg_loss: 0.000000165785  time_per_window : 0.000909   progress : 0.066
name: models.architecture.block_type=simple
models.architecture.mamba_type=mamba
training.mode=rollout
training.rollout_steps=16    avg_loss: 0.000000153474  time_per_window : 0.001030   progress : 0.076
name: models.architecture.block_type=simple
models.architecture.mamba_type=mamba
training.mode=rollout
training.rollout_steps=16    avg_loss: 0.000000147948  time_per_window : 0.001022   progress : 0.087
name: models.architecture.block_type=simple
models.architecture.mamba_type=mamba
training.mode=rollout
training.rollout_steps=16    avg_loss: 0.000000140526  time_per_window : 0.000989   progress : 0.098
name: models.architecture.block_type=simple
models.architecture.mamba_type=mamba
training.mode=rollout
training.rollout_steps=16    avg_loss: 0.000000140801  time_per_window : 0.000932   progress : 0.109
name: models.architecture.block_type=simple
models.architecture.mamba_type=mamba
training.mode=rollout
training.rollout_steps=16    avg_loss: 0.000000131817  time_per_window : 0.001017   progress : 0.120
name: models.architecture.block_type=simple
models.architecture.mamba_type=mamba
training.mode=rollout
training.rollout_steps=16    avg_loss: 0.000000124970  time_per_window : 0.000924   progress : 0.131
name: models.architecture.block_type=simple
models.architecture.mamba_type=mamba
training.mode=rollout
training.rollout_steps=16    avg_loss: 0.000000120692  time_per_window : 0.001008   progress : 0.142
name: models.architecture.block_type=simple
models.architecture.mamba_type=mamba
training.mode=rollout
training.rollout_steps=16    avg_loss: 0.000000111696  time_per_window : 0.000994   progress : 0.153
name: models.architecture.block_type=simple
models.architecture.mamba_type=mamba
training.mode=rollout
training.rollout_steps=16    avg_loss: 0.000000106714  time_per_window : 0.000956   progress : 0.164
name: models.architecture.block_type=simple
models.architecture.mamba_type=mamba
training.mode=rollout
training.rollout_steps=16    avg_loss: 0.000000099756  time_per_window : 0.000930   progress : 0.175
name: models.architecture.block_type=simple
models.architecture.mamba_type=mamba
training.mode=rollout
training.rollout_steps=16    avg_loss: 0.000000094592  time_per_window : 0.000919   progress : 0.186
name: models.architecture.block_type=simple
models.architecture.mamba_type=mamba
training.mode=rollout
training.rollout_steps=16    avg_loss: 0.000000089030  time_per_window : 0.001003   progress : 0.197
name: models.architecture.block_type=simple
models.architecture.mamba_type=mamba
training.mode=rollout
training.rollout_steps=16    avg_loss: 0.000000084730  time_per_window : 0.000984   progress : 0.208
name: models.architecture.block_type=simple
models.architecture.mamba_type=mamba
training.mode=rollout
training.rollout_steps=16    avg_loss: 0.000000078520  time_per_window : 0.000956   progress : 0.218
name: models.architecture.block_type=simple
models.architecture.mamba_type=mamba
training.mode=rollout
training.rollout_steps=16    avg_loss: 0.000000074472  time_per_window : 0.000978   progress : 0.229
name: models.architecture.block_type=simple
models.architecture.mamba_type=mamba
training.mode=rollout
training.rollout_steps=16    avg_loss: 0.000000069420  time_per_window : 0.000994   progress : 0.240
name: models.architecture.block_type=simple
models.architecture.mamba_type=mamba
training.mode=rollout
training.rollout_steps=16    avg_loss: 0.000000063183  time_per_window : 0.000989   progress : 0.251
name: models.architecture.block_type=simple
models.architecture.mamba_type=mamba
training.mode=rollout
training.rollout_steps=16    avg_loss: 0.000000054903  time_per_window : 0.001012   progress : 0.262
name: models.architecture.block_type=simple
models.architecture.mamba_type=mamba
training.mode=rollout
training.rollout_steps=16    avg_loss: 0.000000051908  time_per_window : 0.000966   progress : 0.273
name: models.architecture.block_type=simple
models.architecture.mamba_type=mamba
training.mode=rollout
training.rollout_steps=16    avg_loss: 0.000000048452  time_per_window : 0.001020   progress : 0.284
name: models.architecture.block_type=simple
models.architecture.mamba_type=mamba
training.mode=rollout
training.rollout_steps=16    avg_loss: 0.000000048231  time_per_window : 0.000985   progress : 0.295
name: models.architecture.block_type=simple
models.architecture.mamba_type=mamba
training.mode=rollout
training.rollout_steps=16    avg_loss: 0.000000047857  time_per_window : 0.000964   progress : 0.306
name: models.architecture.block_type=simple
models.architecture.mamba_type=mamba
training.mode=rollout
training.rollout_steps=16    avg_loss: 0.000000046560  time_per_window : 0.001006   progress : 0.317
name: models.architecture.block_type=simple
models.architecture.mamba_type=mamba
training.mode=rollout
training.rollout_steps=16    avg_loss: 0.000000046456  time_per_window : 0.000995   progress : 0.328
name: models.architecture.block_type=simple
models.architecture.mamba_type=mamba
training.mode=rollout
training.rollout_steps=16    avg_loss: 0.000000050448  time_per_window : 0.000998   progress : 0.339
name: models.architecture.block_type=simple
models.architecture.mamba_type=mamba
training.mode=rollout
training.rollout_steps=16    avg_loss: 0.000000047729  time_per_window : 0.000994   progress : 0.350
name: models.architecture.block_type=simple
models.architecture.mamba_type=mamba
training.mode=rollout
training.rollout_steps=16    avg_loss: 0.000000047874  time_per_window : 0.000971   progress : 0.360
name: models.architecture.block_type=simple
models.architecture.mamba_type=mamba
training.mode=rollout
training.rollout_steps=16    avg_loss: 0.000000047618  time_per_window : 0.001004   progress : 0.371
name: models.architecture.block_type=simple
models.architecture.mamba_type=mamba
training.mode=rollout
training.rollout_steps=16    avg_loss: 0.000000056874  time_per_window : 0.000984   progress : 0.382
name: models.architecture.block_type=simple
models.architecture.mamba_type=mamba
training.mode=rollout
training.rollout_steps=16    avg_loss: 0.000000051457  time_per_window : 0.001006   progress : 0.393
name: models.architecture.block_type=simple
models.architecture.mamba_type=mamba
training.mode=rollout
training.rollout_steps=16    avg_loss: 0.000000049078  time_per_window : 0.000995   progress : 0.404
name: models.architecture.block_type=simple
models.architecture.mamba_type=mamba
training.mode=rollout
training.rollout_steps=16    avg_loss: 0.000000054884  time_per_window : 0.000965   progress : 0.415
name: models.architecture.block_type=simple
models.architecture.mamba_type=mamba
training.mode=rollout
training.rollout_steps=16    avg_loss: 0.000000049905  time_per_window : 0.001015   progress : 0.426
name: models.architecture.block_type=simple
models.architecture.mamba_type=mamba
training.mode=rollout
training.rollout_steps=16    avg_loss: 0.000000057329  time_per_window : 0.000970   progress : 0.437
name: models.architecture.block_type=simple
models.architecture.mamba_type=mamba
training.mode=rollout
training.rollout_steps=16    avg_loss: 0.000000060523  time_per_window : 0.000944   progress : 0.448
name: models.architecture.block_type=simple
models.architecture.mamba_type=mamba
training.mode=rollout
training.rollout_steps=16    avg_loss: 0.000000051340  time_per_window : 0.000963   progress : 0.459
name: models.architecture.block_type=simple
models.architecture.mamba_type=mamba
training.mode=rollout
training.rollout_steps=16    avg_loss: 0.000000050944  time_per_window : 0.000930   progress : 0.470
name: models.architecture.block_type=simple
models.architecture.mamba_type=mamba
training.mode=rollout
training.rollout_steps=16    avg_loss: 0.000000053070  time_per_window : 0.001021   progress : 0.481
name: models.architecture.block_type=simple
models.architecture.mamba_type=mamba
training.mode=rollout
training.rollout_steps=16    avg_loss: 0.000000059750  time_per_window : 0.000969   progress : 0.492
name: models.architecture.block_type=simple
models.architecture.mamba_type=mamba
training.mode=rollout
training.rollout_steps=16    avg_loss: 0.000000057075  time_per_window : 0.000952   progress : 0.502
name: models.architecture.block_type=simple
models.architecture.mamba_type=mamba
training.mode=rollout
training.rollout_steps=16    avg_loss: 0.000000053327  time_per_window : 0.000975   progress : 0.513
name: models.architecture.block_type=simple
models.architecture.mamba_type=mamba
training.mode=rollout
training.rollout_steps=16    avg_loss: 0.000000051601  time_per_window : 0.000945   progress : 0.524
name: models.architecture.block_type=simple
models.architecture.mamba_type=mamba
training.mode=rollout
training.rollout_steps=16    avg_loss: 0.000000057087  time_per_window : 0.000980   progress : 0.535
name: models.architecture.block_type=simple
models.architecture.mamba_type=mamba
training.mode=rollout
training.rollout_steps=16    avg_loss: 0.000000048951  time_per_window : 0.000965   progress : 0.546
name: models.architecture.block_type=simple
models.architecture.mamba_type=mamba
training.mode=rollout
training.rollout_steps=16    avg_loss: 0.000000055337  time_per_window : 0.000945   progress : 0.557
name: models.architecture.block_type=simple
models.architecture.mamba_type=mamba
training.mode=rollout
training.rollout_steps=16    avg_loss: 0.000000051167  time_per_window : 0.001022   progress : 0.568
name: models.architecture.block_type=simple
models.architecture.mamba_type=mamba
training.mode=rollout
training.rollout_steps=16    avg_loss: 0.000000048353  time_per_window : 0.000969   progress : 0.579
name: models.architecture.block_type=simple
models.architecture.mamba_type=mamba
training.mode=rollout
training.rollout_steps=16    avg_loss: 0.000000048104  time_per_window : 0.000970   progress : 0.590
name: models.architecture.block_type=simple
models.architecture.mamba_type=mamba
training.mode=rollout
training.rollout_steps=16    avg_loss: 0.000000052843  time_per_window : 0.000973   progress : 0.601
name: models.architecture.block_type=simple
models.architecture.mamba_type=mamba
training.mode=rollout
training.rollout_steps=16    avg_loss: 0.000000051137  time_per_window : 0.000969   progress : 0.612
name: models.architecture.block_type=simple
models.architecture.mamba_type=mamba
training.mode=rollout
training.rollout_steps=16    avg_loss: 0.000000042921  time_per_window : 0.000967   progress : 0.623
name: models.architecture.block_type=simple
models.architecture.mamba_type=mamba
training.mode=rollout
training.rollout_steps=16    avg_loss: 0.000000058203  time_per_window : 0.000990   progress : 0.634
name: models.architecture.block_type=simple
models.architecture.mamba_type=mamba
training.mode=rollout
training.rollout_steps=16    avg_loss: 0.000000046262  time_per_window : 0.000946   progress : 0.644
name: models.architecture.block_type=simple
models.architecture.mamba_type=mamba
training.mode=rollout
training.rollout_steps=16    avg_loss: 0.000000044029  time_per_window : 0.000995   progress : 0.655
name: models.architecture.block_type=simple
models.architecture.mamba_type=mamba
training.mode=rollout
training.rollout_steps=16    avg_loss: 0.000000046974  time_per_window : 0.000965   progress : 0.666
name: models.architecture.block_type=simple
models.architecture.mamba_type=mamba
training.mode=rollout
training.rollout_steps=16    avg_loss: 0.000000049812  time_per_window : 0.000969   progress : 0.677
name: models.architecture.block_type=simple
models.architecture.mamba_type=mamba
training.mode=rollout
training.rollout_steps=16    avg_loss: 0.000000050430  time_per_window : 0.000990   progress : 0.688
name: models.architecture.block_type=simple
models.architecture.mamba_type=mamba
training.mode=rollout
training.rollout_steps=16    avg_loss: 0.000000049862  time_per_window : 0.000965   progress : 0.699
name: models.architecture.block_type=simple
models.architecture.mamba_type=mamba
training.mode=rollout
training.rollout_steps=16    avg_loss: 0.000000043547  time_per_window : 0.000997   progress : 0.710
name: models.architecture.block_type=simple
models.architecture.mamba_type=mamba
training.mode=rollout
training.rollout_steps=16    avg_loss: 0.000000040461  time_per_window : 0.000917   progress : 0.721
name: models.architecture.block_type=simple
models.architecture.mamba_type=mamba
training.mode=rollout
training.rollout_steps=16    avg_loss: 0.000000047921  time_per_window : 0.000982   progress : 0.732
name: models.architecture.block_type=simple
models.architecture.mamba_type=mamba
training.mode=rollout
training.rollout_steps=16    avg_loss: 0.000000039573  time_per_window : 0.001021   progress : 0.743
name: models.architecture.block_type=simple
models.architecture.mamba_type=mamba
training.mode=rollout
training.rollout_steps=16    avg_loss: 0.000000043938  time_per_window : 0.000936   progress : 0.754
name: models.architecture.block_type=simple
models.architecture.mamba_type=mamba
training.mode=rollout
training.rollout_steps=16    avg_loss: 0.000000039666  time_per_window : 0.001003   progress : 0.765
name: models.architecture.block_type=simple
models.architecture.mamba_type=mamba
training.mode=rollout
training.rollout_steps=16    avg_loss: 0.000000042729  time_per_window : 0.000996   progress : 0.775
name: models.architecture.block_type=simple
models.architecture.mamba_type=mamba
training.mode=rollout
training.rollout_steps=16    avg_loss: 0.000000039322  time_per_window : 0.000991   progress : 0.786
name: models.architecture.block_type=simple
models.architecture.mamba_type=mamba
training.mode=rollout
training.rollout_steps=16    avg_loss: 0.000000042339  time_per_window : 0.000968   progress : 0.797
name: models.architecture.block_type=simple
models.architecture.mamba_type=mamba
training.mode=rollout
training.rollout_steps=16    avg_loss: 0.000000034572  time_per_window : 0.000992   progress : 0.808
name: models.architecture.block_type=simple
models.architecture.mamba_type=mamba
training.mode=rollout
training.rollout_steps=16    avg_loss: 0.000000037646  time_per_window : 0.001005   progress : 0.819
name: models.architecture.block_type=simple
models.architecture.mamba_type=mamba
training.mode=rollout
training.rollout_steps=16    avg_loss: 0.000000033290  time_per_window : 0.000985   progress : 0.830
name: models.architecture.block_type=simple
models.architecture.mamba_type=mamba
training.mode=rollout
training.rollout_steps=16    avg_loss: 0.000000038819  time_per_window : 0.000962   progress : 0.841
name: models.architecture.block_type=simple
models.architecture.mamba_type=mamba
training.mode=rollout
training.rollout_steps=16    avg_loss: 0.000000034751  time_per_window : 0.000949   progress : 0.852
name: models.architecture.block_type=simple
models.architecture.mamba_type=mamba
training.mode=rollout
training.rollout_steps=16    avg_loss: 0.000000036997  time_per_window : 0.000993   progress : 0.863
name: models.architecture.block_type=simple
models.architecture.mamba_type=mamba
training.mode=rollout
training.rollout_steps=16    avg_loss: 0.000000034821  time_per_window : 0.001018   progress : 0.874
name: models.architecture.block_type=simple
models.architecture.mamba_type=mamba
training.mode=rollout
training.rollout_steps=16    avg_loss: 0.000000033520  time_per_window : 0.001003   progress : 0.885
name: models.architecture.block_type=simple
models.architecture.mamba_type=mamba
training.mode=rollout
training.rollout_steps=16    avg_loss: 0.000000028072  time_per_window : 0.000955   progress : 0.896/home/jdihardjo/miniconda3/envs/mavenv/lib/python3.11/site-packages/torch/_inductor/cudagraph_trees.py:2622: UserWarning: Unable to hit fast path of CUDAGraphs because outputs from a previous step still require backward. Ensure backward() is invoked or detach outputs. You may also call torch.compiler.cudagraph_mark_step_begin() before each model invocation.
  warnings.warn(
/home/jdihardjo/miniconda3/envs/mavenv/lib/python3.11/site-packages/torch/_inductor/cudagraph_trees.py:2622: UserWarning: Unable to hit fast path of CUDAGraphs because outputs from a previous step still require backward. Ensure backward() is invoked or detach outputs. You may also call torch.compiler.cudagraph_mark_step_begin() before each model invocation.
  warnings.warn(

name: models.architecture.block_type=simple
models.architecture.mamba_type=mamba
training.mode=rollout
training.rollout_steps=16    avg_loss: 0.000000033930  time_per_window : 0.001016   progress : 0.907
name: models.architecture.block_type=simple
models.architecture.mamba_type=mamba
training.mode=rollout
training.rollout_steps=16    avg_loss: 0.000000030900  time_per_window : 0.000963   progress : 0.917
name: models.architecture.block_type=simple
models.architecture.mamba_type=mamba
training.mode=rollout
training.rollout_steps=16    avg_loss: 0.000000024975  time_per_window : 0.000997   progress : 0.928
name: models.architecture.block_type=simple
models.architecture.mamba_type=mamba
training.mode=rollout
training.rollout_steps=16    avg_loss: 0.000000028372  time_per_window : 0.000955   progress : 0.939
name: models.architecture.block_type=simple
models.architecture.mamba_type=mamba
training.mode=rollout
training.rollout_steps=16    avg_loss: 0.000000029085  time_per_window : 0.000995   progress : 0.950
name: models.architecture.block_type=simple
models.architecture.mamba_type=mamba
training.mode=rollout
training.rollout_steps=16    avg_loss: 0.000000025761  time_per_window : 0.000967   progress : 0.961
name: models.architecture.block_type=simple
models.architecture.mamba_type=mamba
training.mode=rollout
training.rollout_steps=16    avg_loss: 0.000000026824  time_per_window : 0.001012   progress : 0.972
name: models.architecture.block_type=simple
models.architecture.mamba_type=mamba
training.mode=rollout
training.rollout_steps=16    avg_loss: 0.000000028826  time_per_window : 0.000920   progress : 0.983
name: models.architecture.block_type=simple
models.architecture.mamba_type=mamba
training.mode=rollout
training.rollout_steps=16    avg_loss: 0.000000027570  time_per_window : 0.000964   progress : 0.994
name: models.architecture.block_type=simple
models.architecture.mamba_type=mamba
training.mode=rollout
training.rollout_steps=16    avg_loss: 0.000000046197  time_per_window : 0.000726   progress : 0.011
name: models.architecture.block_type=simple
models.architecture.mamba_type=mamba
training.mode=rollout
training.rollout_steps=16    avg_loss: 0.000000026597  time_per_window : 0.001049   progress : 0.022
name: models.architecture.block_type=simple
models.architecture.mamba_type=mamba
training.mode=rollout
training.rollout_steps=16    avg_loss: 0.000000026024  time_per_window : 0.001031   progress : 0.033
name: models.architecture.block_type=simple
models.architecture.mamba_type=mamba
training.mode=rollout
training.rollout_steps=16    avg_loss: 0.000000027478  time_per_window : 0.001034   progress : 0.044
name: models.architecture.block_type=simple
models.architecture.mamba_type=mamba
training.mode=rollout
training.rollout_steps=16    avg_loss: 0.000000028914  time_per_window : 0.000928   progress : 0.055
name: models.architecture.block_type=simple
models.architecture.mamba_type=mamba
training.mode=rollout
training.rollout_steps=16    avg_loss: 0.000000025747  time_per_window : 0.001002   progress : 0.066
name: models.architecture.block_type=simple
models.architecture.mamba_type=mamba
training.mode=rollout
training.rollout_steps=16    avg_loss: 0.000000025524  time_per_window : 0.001056   progress : 0.076
name: models.architecture.block_type=simple
models.architecture.mamba_type=mamba
training.mode=rollout
training.rollout_steps=16    avg_loss: 0.000000027311  time_per_window : 0.001032   progress : 0.087
name: models.architecture.block_type=simple
models.architecture.mamba_type=mamba
training.mode=rollout
training.rollout_steps=16    avg_loss: 0.000000024674  time_per_window : 0.001012   progress : 0.098
name: models.architecture.block_type=simple
models.architecture.mamba_type=mamba
training.mode=rollout
training.rollout_steps=16    avg_loss: 0.000000027073  time_per_window : 0.001034   progress : 0.109
name: models.architecture.block_type=simple
models.architecture.mamba_type=mamba
training.mode=rollout
training.rollout_steps=16    avg_loss: 0.000000023355  time_per_window : 0.000950   progress : 0.120
name: models.architecture.block_type=simple
models.architecture.mamba_type=mamba
training.mode=rollout
training.rollout_steps=16    avg_loss: 0.000000023438  time_per_window : 0.001012   progress : 0.131
name: models.architecture.block_type=simple
models.architecture.mamba_type=mamba
training.mode=rollout
training.rollout_steps=16    avg_loss: 0.000000024416  time_per_window : 0.001022   progress : 0.142
name: models.architecture.block_type=simple
models.architecture.mamba_type=mamba
training.mode=rollout
training.rollout_steps=16    avg_loss: 0.000000026428  time_per_window : 0.001016   progress : 0.153
name: models.architecture.block_type=simple
models.architecture.mamba_type=mamba
training.mode=rollout
training.rollout_steps=16    avg_loss: 0.000000024138  time_per_window : 0.000943   progress : 0.164
name: models.architecture.block_type=simple
models.architecture.mamba_type=mamba
training.mode=rollout
training.rollout_steps=16    avg_loss: 0.000000023095  time_per_window : 0.001033   progress : 0.175
name: models.architecture.block_type=simple
models.architecture.mamba_type=mamba
training.mode=rollout
training.rollout_steps=16    avg_loss: 0.000000026516  time_per_window : 0.001006   progress : 0.186
name: models.architecture.block_type=simple
models.architecture.mamba_type=mamba
training.mode=rollout
training.rollout_steps=16    avg_loss: 0.000000021042  time_per_window : 0.000986   progress : 0.197
name: models.architecture.block_type=simple
models.architecture.mamba_type=mamba
training.mode=rollout
training.rollout_steps=16    avg_loss: 0.000000023426  time_per_window : 0.001047   progress : 0.208
name: models.architecture.block_type=simple
models.architecture.mamba_type=mamba
training.mode=rollout
training.rollout_steps=16    avg_loss: 0.000000021193  time_per_window : 0.001051   progress : 0.218
name: models.architecture.block_type=simple
models.architecture.mamba_type=mamba
training.mode=rollout
training.rollout_steps=16    avg_loss: 0.000000026367  time_per_window : 0.001033   progress : 0.229
name: models.architecture.block_type=simple
models.architecture.mamba_type=mamba
training.mode=rollout
training.rollout_steps=16    avg_loss: 0.000000021438  time_per_window : 0.001034   progress : 0.240
name: models.architecture.block_type=simple
models.architecture.mamba_type=mamba
training.mode=rollout
training.rollout_steps=16    avg_loss: 0.000000020426  time_per_window : 0.000977   progress : 0.251
name: models.architecture.block_type=simple
models.architecture.mamba_type=mamba
training.mode=rollout
training.rollout_steps=16    avg_loss: 0.000000021540  time_per_window : 0.001032   progress : 0.262
name: models.architecture.block_type=simple
models.architecture.mamba_type=mamba
training.mode=rollout
training.rollout_steps=16    avg_loss: 0.000000020636  time_per_window : 0.000980   progress : 0.273
name: models.architecture.block_type=simple
models.architecture.mamba_type=mamba
training.mode=rollout
training.rollout_steps=16    avg_loss: 0.000000023289  time_per_window : 0.001054   progress : 0.284
name: models.architecture.block_type=simple
models.architecture.mamba_type=mamba
training.mode=rollout
training.rollout_steps=16    avg_loss: 0.000000021065  time_per_window : 0.000984   progress : 0.295
name: models.architecture.block_type=simple
models.architecture.mamba_type=mamba
training.mode=rollout
training.rollout_steps=16    avg_loss: 0.000000021944  time_per_window : 0.001061   progress : 0.306
name: models.architecture.block_type=simple
models.architecture.mamba_type=mamba
training.mode=rollout
training.rollout_steps=16    avg_loss: 0.000000019986  time_per_window : 0.001018   progress : 0.317
name: models.architecture.block_type=simple
models.architecture.mamba_type=mamba
training.mode=rollout
training.rollout_steps=16    avg_loss: 0.000000022169  time_per_window : 0.000940   progress : 0.328
name: models.architecture.block_type=simple
models.architecture.mamba_type=mamba
training.mode=rollout
training.rollout_steps=16    avg_loss: 0.000000020970  time_per_window : 0.000914   progress : 0.339
name: models.architecture.block_type=simple
models.architecture.mamba_type=mamba
training.mode=rollout
training.rollout_steps=16    avg_loss: 0.000000020446  time_per_window : 0.001050   progress : 0.350
name: models.architecture.block_type=simple
models.architecture.mamba_type=mamba
training.mode=rollout
training.rollout_steps=16    avg_loss: 0.000000021536  time_per_window : 0.000998   progress : 0.360
name: models.architecture.block_type=simple
models.architecture.mamba_type=mamba
training.mode=rollout
training.rollout_steps=16    avg_loss: 0.000000019409  time_per_window : 0.000952   progress : 0.371
name: models.architecture.block_type=simple
models.architecture.mamba_type=mamba
training.mode=rollout
training.rollout_steps=16    avg_loss: 0.000000019980  time_per_window : 0.001035   progress : 0.382
name: models.architecture.block_type=simple
models.architecture.mamba_type=mamba
training.mode=rollout
training.rollout_steps=16    avg_loss: 0.000000019587  time_per_window : 0.001003   progress : 0.393
name: models.architecture.block_type=simple
models.architecture.mamba_type=mamba
training.mode=rollout
training.rollout_steps=16    avg_loss: 0.000000020782  time_per_window : 0.000929   progress : 0.404
name: models.architecture.block_type=simple
models.architecture.mamba_type=mamba
training.mode=rollout
training.rollout_steps=16    avg_loss: 0.000000019797  time_per_window : 0.001036   progress : 0.415
name: models.architecture.block_type=simple
models.architecture.mamba_type=mamba
training.mode=rollout
training.rollout_steps=16    avg_loss: 0.000000020413  time_per_window : 0.000978   progress : 0.426
name: models.architecture.block_type=simple
models.architecture.mamba_type=mamba
training.mode=rollout
training.rollout_steps=16    avg_loss: 0.000000021126  time_per_window : 0.000948   progress : 0.437
name: models.architecture.block_type=simple
models.architecture.mamba_type=mamba
training.mode=rollout
training.rollout_steps=16    avg_loss: 0.000000021645  time_per_window : 0.001018   progress : 0.448
name: models.architecture.block_type=simple
models.architecture.mamba_type=mamba
training.mode=rollout
training.rollout_steps=16    avg_loss: 0.000000019526  time_per_window : 0.001089   progress : 0.459
name: models.architecture.block_type=simple
models.architecture.mamba_type=mamba
training.mode=rollout
training.rollout_steps=16    avg_loss: 0.000000017425  time_per_window : 0.000984   progress : 0.470
name: models.architecture.block_type=simple
models.architecture.mamba_type=mamba
training.mode=rollout
training.rollout_steps=16    avg_loss: 0.000000018572  time_per_window : 0.000973   progress : 0.481
name: models.architecture.block_type=simple
models.architecture.mamba_type=mamba
training.mode=rollout
training.rollout_steps=16    avg_loss: 0.000000018154  time_per_window : 0.000854   progress : 0.492
name: models.architecture.block_type=simple
models.architecture.mamba_type=mamba
training.mode=rollout
training.rollout_steps=16    avg_loss: 0.000000019989  time_per_window : 0.000969   progress : 0.502
name: models.architecture.block_type=simple
models.architecture.mamba_type=mamba
training.mode=rollout
training.rollout_steps=16    avg_loss: 0.000000017926  time_per_window : 0.001057   progress : 0.513
name: models.architecture.block_type=simple
models.architecture.mamba_type=mamba
training.mode=rollout
training.rollout_steps=16    avg_loss: 0.000000018138  time_per_window : 0.001037   progress : 0.524
name: models.architecture.block_type=simple
models.architecture.mamba_type=mamba
training.mode=rollout
training.rollout_steps=16    avg_loss: 0.000000019569  time_per_window : 0.001084   progress : 0.535
name: models.architecture.block_type=simple
models.architecture.mamba_type=mamba
training.mode=rollout
training.rollout_steps=16    avg_loss: 0.000000018331  time_per_window : 0.001033   progress : 0.546
name: models.architecture.block_type=simple
models.architecture.mamba_type=mamba
training.mode=rollout
training.rollout_steps=16    avg_loss: 0.000000019224  time_per_window : 0.001035   progress : 0.557
name: models.architecture.block_type=simple
models.architecture.mamba_type=mamba
training.mode=rollout
training.rollout_steps=16    avg_loss: 0.000000018153  time_per_window : 0.001008   progress : 0.568
name: models.architecture.block_type=simple
models.architecture.mamba_type=mamba
training.mode=rollout
training.rollout_steps=16    avg_loss: 0.000000017921  time_per_window : 0.001035   progress : 0.579
name: models.architecture.block_type=simple
models.architecture.mamba_type=mamba
training.mode=rollout
training.rollout_steps=16    avg_loss: 0.000000017629  time_per_window : 0.001041   progress : 0.590
name: models.architecture.block_type=simple
models.architecture.mamba_type=mamba
training.mode=rollout
training.rollout_steps=16    avg_loss: 0.000000017579  time_per_window : 0.001002   progress : 0.601
name: models.architecture.block_type=simple
models.architecture.mamba_type=mamba
training.mode=rollout
training.rollout_steps=16    avg_loss: 0.000000017575  time_per_window : 0.000966   progress : 0.612
name: models.architecture.block_type=simple
models.architecture.mamba_type=mamba
training.mode=rollout
training.rollout_steps=16    avg_loss: 0.000000017898  time_per_window : 0.001040   progress : 0.623
name: models.architecture.block_type=simple
models.architecture.mamba_type=mamba
training.mode=rollout
training.rollout_steps=16    avg_loss: 0.000000017942  time_per_window : 0.001024   progress : 0.634
name: models.architecture.block_type=simple
models.architecture.mamba_type=mamba
training.mode=rollout
training.rollout_steps=16    avg_loss: 0.000000017991  time_per_window : 0.000977   progress : 0.644
name: models.architecture.block_type=simple
models.architecture.mamba_type=mamba
training.mode=rollout
training.rollout_steps=16    avg_loss: 0.000000016846  time_per_window : 0.001000   progress : 0.655
name: models.architecture.block_type=simple
models.architecture.mamba_type=mamba
training.mode=rollout
training.rollout_steps=16    avg_loss: 0.000000019158  time_per_window : 0.000990   progress : 0.666
name: models.architecture.block_type=simple
models.architecture.mamba_type=mamba
training.mode=rollout
training.rollout_steps=16    avg_loss: 0.000000017525  time_per_window : 0.001050   progress : 0.677
name: models.architecture.block_type=simple
models.architecture.mamba_type=mamba
training.mode=rollout
training.rollout_steps=16    avg_loss: 0.000000016963  time_per_window : 0.000987   progress : 0.688
name: models.architecture.block_type=simple
models.architecture.mamba_type=mamba
training.mode=rollout
training.rollout_steps=16    avg_loss: 0.000000017491  time_per_window : 0.001068   progress : 0.699
name: models.architecture.block_type=simple
models.architecture.mamba_type=mamba
training.mode=rollout
training.rollout_steps=16    avg_loss: 0.000000017651  time_per_window : 0.001056   progress : 0.710
name: models.architecture.block_type=simple
models.architecture.mamba_type=mamba
training.mode=rollout
training.rollout_steps=16    avg_loss: 0.000000016795  time_per_window : 0.001064   progress : 0.721
name: models.architecture.block_type=simple
models.architecture.mamba_type=mamba
training.mode=rollout
training.rollout_steps=16    avg_loss: 0.000000016090  time_per_window : 0.001007   progress : 0.732
name: models.architecture.block_type=simple
models.architecture.mamba_type=mamba
training.mode=rollout
training.rollout_steps=16    avg_loss: 0.000000016847  time_per_window : 0.001045   progress : 0.743
name: models.architecture.block_type=simple
models.architecture.mamba_type=mamba
training.mode=rollout
training.rollout_steps=16    avg_loss: 0.000000017142  time_per_window : 0.001006   progress : 0.754
name: models.architecture.block_type=simple
models.architecture.mamba_type=mamba
training.mode=rollout
training.rollout_steps=16    avg_loss: 0.000000017464  time_per_window : 0.000972   progress : 0.765
name: models.architecture.block_type=simple
models.architecture.mamba_type=mamba
training.mode=rollout
training.rollout_steps=16    avg_loss: 0.000000018466  time_per_window : 0.000991   progress : 0.775
name: models.architecture.block_type=simple
models.architecture.mamba_type=mamba
training.mode=rollout
training.rollout_steps=16    avg_loss: 0.000000017191  time_per_window : 0.000903   progress : 0.786
name: models.architecture.block_type=simple
models.architecture.mamba_type=mamba
training.mode=rollout
training.rollout_steps=16    avg_loss: 0.000000016863  time_per_window : 0.001031   progress : 0.797
name: models.architecture.block_type=simple
models.architecture.mamba_type=mamba
training.mode=rollout
training.rollout_steps=16    avg_loss: 0.000000017623  time_per_window : 0.001089   progress : 0.808
name: models.architecture.block_type=simple
models.architecture.mamba_type=mamba
training.mode=rollout
training.rollout_steps=16    avg_loss: 0.000000016516  time_per_window : 0.000995   progress : 0.819
name: models.architecture.block_type=simple
models.architecture.mamba_type=mamba
training.mode=rollout
training.rollout_steps=16    avg_loss: 0.000000016890  time_per_window : 0.001004   progress : 0.830
name: models.architecture.block_type=simple
models.architecture.mamba_type=mamba
training.mode=rollout
training.rollout_steps=16    avg_loss: 0.000000017777  time_per_window : 0.001010   progress : 0.841
name: models.architecture.block_type=simple
models.architecture.mamba_type=mamba
training.mode=rollout
training.rollout_steps=16    avg_loss: 0.000000017165  time_per_window : 0.001025   progress : 0.852
name: models.architecture.block_type=simple
models.architecture.mamba_type=mamba
training.mode=rollout
training.rollout_steps=16    avg_loss: 0.000000016901  time_per_window : 0.001034   progress : 0.863
name: models.architecture.block_type=simple
models.architecture.mamba_type=mamba
training.mode=rollout
training.rollout_steps=16    avg_loss: 0.000000017629  time_per_window : 0.000825   progress : 0.874
name: models.architecture.block_type=simple
models.architecture.mamba_type=mamba
training.mode=rollout
training.rollout_steps=16    avg_loss: 0.000000016573  time_per_window : 0.000663   progress : 0.885
name: models.architecture.block_type=simple
models.architecture.mamba_type=mamba
training.mode=rollout
training.rollout_steps=16    avg_loss: 0.000000016004  time_per_window : 0.000654   progress : 0.896
name: models.architecture.block_type=simple
models.architecture.mamba_type=mamba
training.mode=rollout
training.rollout_steps=16    avg_loss: 0.000000016427  time_per_window : 0.000561   progress : 0.907
name: models.architecture.block_type=simple
models.architecture.mamba_type=mamba
training.mode=rollout
training.rollout_steps=16    avg_loss: 0.000000016924  time_per_window : 0.000983   progress : 0.917
name: models.architecture.block_type=simple
models.architecture.mamba_type=mamba
training.mode=rollout
training.rollout_steps=16    avg_loss: 0.000000016642  time_per_window : 0.001002   progress : 0.928
name: models.architecture.block_type=simple
models.architecture.mamba_type=mamba
training.mode=rollout
training.rollout_steps=16    avg_loss: 0.000000015514  time_per_window : 0.000993   progress : 0.939
name: models.architecture.block_type=simple
models.architecture.mamba_type=mamba
training.mode=rollout
training.rollout_steps=16    avg_loss: 0.000000016128  time_per_window : 0.001021   progress : 0.950
name: models.architecture.block_type=simple
models.architecture.mamba_type=mamba
training.mode=rollout
training.rollout_steps=16    avg_loss: 0.000000016337  time_per_window : 0.001052   progress : 0.961
name: models.architecture.block_type=simple
models.architecture.mamba_type=mamba
training.mode=rollout
training.rollout_steps=16    avg_loss: 0.000000016150  time_per_window : 0.000971   progress : 0.972
name: models.architecture.block_type=simple
models.architecture.mamba_type=mamba
training.mode=rollout
training.rollout_steps=16    avg_loss: 0.000000015992  time_per_window : 0.001034   progress : 0.983
name: models.architecture.block_type=simple
models.architecture.mamba_type=mamba
training.mode=rollout
training.rollout_steps=16    avg_loss: 0.000000016692  time_per_window : 0.001087   progress : 0.994
name: models.architecture.block_type=simple
models.architecture.mamba_type=mamba
training.mode=rollout
training.rollout_steps=16    avg_loss: 0.000001320380  time_per_window : 0.001012   progress : 0.011
name: models.architecture.block_type=simple
models.architecture.mamba_type=mamba
training.mode=rollout
training.rollout_steps=16    avg_loss: 0.000000271647  time_per_window : 0.000964   progress : 0.022
name: models.architecture.block_type=simple
models.architecture.mamba_type=mamba
training.mode=rollout
training.rollout_steps=16    avg_loss: 0.000000233917  time_per_window : 0.001091   progress : 0.033
name: models.architecture.block_type=simple
models.architecture.mamba_type=mamba
training.mode=rollout
training.rollout_steps=16    avg_loss: 0.000000157813  time_per_window : 0.001065   progress : 0.044
name: models.architecture.block_type=simple
models.architecture.mamba_type=mamba
training.mode=rollout
training.rollout_steps=16    avg_loss: 0.000000093048  time_per_window : 0.000727   progress : 0.055
name: models.architecture.block_type=simple
models.architecture.mamba_type=mamba
training.mode=rollout
training.rollout_steps=16    avg_loss: 0.000000059205  time_per_window : 0.001013   progress : 0.066
name: models.architecture.block_type=simple
models.architecture.mamba_type=mamba
training.mode=rollout
training.rollout_steps=16    avg_loss: 0.000000046048  time_per_window : 0.001034   progress : 0.076
name: models.architecture.block_type=simple
models.architecture.mamba_type=mamba
training.mode=rollout
training.rollout_steps=16    avg_loss: 0.000000047137  time_per_window : 0.000975   progress : 0.087
name: models.architecture.block_type=simple
models.architecture.mamba_type=mamba
training.mode=rollout
training.rollout_steps=16    avg_loss: 0.000000036846  time_per_window : 0.001075   progress : 0.098
name: models.architecture.block_type=simple
models.architecture.mamba_type=mamba
training.mode=rollout
training.rollout_steps=16    avg_loss: 0.000000038850  time_per_window : 0.001018   progress : 0.109
name: models.architecture.block_type=simple
models.architecture.mamba_type=mamba
training.mode=rollout
training.rollout_steps=16    avg_loss: 0.000000040366  time_per_window : 0.001082   progress : 0.120
name: models.architecture.block_type=simple
models.architecture.mamba_type=mamba
training.mode=rollout
training.rollout_steps=16    avg_loss: 0.000000043092  time_per_window : 0.001018   progress : 0.131
name: models.architecture.block_type=simple
models.architecture.mamba_type=mamba
training.mode=rollout
training.rollout_steps=16    avg_loss: 0.000000039427  time_per_window : 0.001079   progress : 0.142
name: models.architecture.block_type=simple
models.architecture.mamba_type=mamba
training.mode=rollout
training.rollout_steps=16    avg_loss: 0.000000038390  time_per_window : 0.001026   progress : 0.153
name: models.architecture.block_type=simple
models.architecture.mamba_type=mamba
training.mode=rollout
training.rollout_steps=16    avg_loss: 0.000000035909  time_per_window : 0.001027   progress : 0.164
name: models.architecture.block_type=simple
models.architecture.mamba_type=mamba
training.mode=rollout
training.rollout_steps=16    avg_loss: 0.000000037827  time_per_window : 0.001036   progress : 0.175
name: models.architecture.block_type=simple
models.architecture.mamba_type=mamba
training.mode=rollout
training.rollout_steps=16    avg_loss: 0.000000033866  time_per_window : 0.001020   progress : 0.186
name: models.architecture.block_type=simple
models.architecture.mamba_type=mamba
training.mode=rollout
training.rollout_steps=16    avg_loss: 0.000000042918  time_per_window : 0.001087   progress : 0.197
name: models.architecture.block_type=simple
models.architecture.mamba_type=mamba
training.mode=rollout
training.rollout_steps=16    avg_loss: 0.000000039021  time_per_window : 0.001057   progress : 0.208
name: models.architecture.block_type=simple
models.architecture.mamba_type=mamba
training.mode=rollout
training.rollout_steps=16    avg_loss: 0.000000038290  time_per_window : 0.000979   progress : 0.218
name: models.architecture.block_type=simple
models.architecture.mamba_type=mamba
training.mode=rollout
training.rollout_steps=16    avg_loss: 0.000000038741  time_per_window : 0.001036   progress : 0.229
name: models.architecture.block_type=simple
models.architecture.mamba_type=mamba
training.mode=rollout
training.rollout_steps=16    avg_loss: 0.000000035648  time_per_window : 0.001008   progress : 0.240
name: models.architecture.block_type=simple
models.architecture.mamba_type=mamba
training.mode=rollout
training.rollout_steps=16    avg_loss: 0.000000035943  time_per_window : 0.001018   progress : 0.251
name: models.architecture.block_type=simple
models.architecture.mamba_type=mamba
training.mode=rollout
training.rollout_steps=16    avg_loss: 0.000000040519  time_per_window : 0.000796   progress : 0.262
name: models.architecture.block_type=simple
models.architecture.mamba_type=mamba
training.mode=rollout
training.rollout_steps=16    avg_loss: 0.000000039854  time_per_window : 0.000924   progress : 0.273
name: models.architecture.block_type=simple
models.architecture.mamba_type=mamba
training.mode=rollout
training.rollout_steps=16    avg_loss: 0.000000032969  time_per_window : 0.001052   progress : 0.284
name: models.architecture.block_type=simple
models.architecture.mamba_type=mamba
training.mode=rollout
training.rollout_steps=16    avg_loss: 0.000000032726  time_per_window : 0.001002   progress : 0.295
name: models.architecture.block_type=simple
models.architecture.mamba_type=mamba
training.mode=rollout
training.rollout_steps=16    avg_loss: 0.000000035033  time_per_window : 0.000695   progress : 0.306
name: models.architecture.block_type=simple
models.architecture.mamba_type=mamba
training.mode=rollout
training.rollout_steps=16    avg_loss: 0.000000037058  time_per_window : 0.001009   progress : 0.317
name: models.architecture.block_type=simple
models.architecture.mamba_type=mamba
training.mode=rollout
training.rollout_steps=16    avg_loss: 0.000000039494  time_per_window : 0.000973   progress : 0.328
name: models.architecture.block_type=simple
models.architecture.mamba_type=mamba
training.mode=rollout
training.rollout_steps=16    avg_loss: 0.000000037552  time_per_window : 0.001015   progress : 0.339
name: models.architecture.block_type=simple
models.architecture.mamba_type=mamba
training.mode=rollout
training.rollout_steps=16    avg_loss: 0.000000037718  time_per_window : 0.001012   progress : 0.350
name: models.architecture.block_type=simple
models.architecture.mamba_type=mamba
training.mode=rollout
training.rollout_steps=16    avg_loss: 0.000000034241  time_per_window : 0.001040   progress : 0.360
name: models.architecture.block_type=simple
models.architecture.mamba_type=mamba
training.mode=rollout
training.rollout_steps=16    avg_loss: 0.000000037593  time_per_window : 0.001036   progress : 0.371
name: models.architecture.block_type=simple
models.architecture.mamba_type=mamba
training.mode=rollout
training.rollout_steps=16    avg_loss: 0.000000034052  time_per_window : 0.000967   progress : 0.382
name: models.architecture.block_type=simple
models.architecture.mamba_type=mamba
training.mode=rollout
training.rollout_steps=16    avg_loss: 0.000000038431  time_per_window : 0.001039   progress : 0.393
name: models.architecture.block_type=simple
models.architecture.mamba_type=mamba
training.mode=rollout
training.rollout_steps=16    avg_loss: 0.000000041690  time_per_window : 0.001016   progress : 0.404
name: models.architecture.block_type=simple
models.architecture.mamba_type=mamba
training.mode=rollout
training.rollout_steps=16    avg_loss: 0.000000033810  time_per_window : 0.001042   progress : 0.415
name: models.architecture.block_type=simple
models.architecture.mamba_type=mamba
training.mode=rollout
training.rollout_steps=16    avg_loss: 0.000000035270  time_per_window : 0.001041   progress : 0.426
name: models.architecture.block_type=simple
models.architecture.mamba_type=mamba
training.mode=rollout
training.rollout_steps=16    avg_loss: 0.000000034688  time_per_window : 0.000954   progress : 0.437
name: models.architecture.block_type=simple
models.architecture.mamba_type=mamba
training.mode=rollout
training.rollout_steps=16    avg_loss: 0.000000036379  time_per_window : 0.001023   progress : 0.448
name: models.architecture.block_type=simple
models.architecture.mamba_type=mamba
training.mode=rollout
training.rollout_steps=16    avg_loss: 0.000000036660  time_per_window : 0.001039   progress : 0.459
name: models.architecture.block_type=simple
models.architecture.mamba_type=mamba
training.mode=rollout
training.rollout_steps=16    avg_loss: 0.000000035015  time_per_window : 0.000989   progress : 0.470
name: models.architecture.block_type=simple
models.architecture.mamba_type=mamba
training.mode=rollout
training.rollout_steps=16    avg_loss: 0.000000031261  time_per_window : 0.001038   progress : 0.481
name: models.architecture.block_type=simple
models.architecture.mamba_type=mamba
training.mode=rollout
training.rollout_steps=16    avg_loss: 0.000000039662  time_per_window : 0.000897   progress : 0.492
name: models.architecture.block_type=simple
models.architecture.mamba_type=mamba
training.mode=rollout
training.rollout_steps=16    avg_loss: 0.000000037939  time_per_window : 0.000941   progress : 0.502
name: models.architecture.block_type=simple
models.architecture.mamba_type=mamba
training.mode=rollout
training.rollout_steps=16    avg_loss: 0.000000035983  time_per_window : 0.000933   progress : 0.513
name: models.architecture.block_type=simple
models.architecture.mamba_type=mamba
training.mode=rollout
training.rollout_steps=16    avg_loss: 0.000000035727  time_per_window : 0.000949   progress : 0.524
name: models.architecture.block_type=simple
models.architecture.mamba_type=mamba
training.mode=rollout
training.rollout_steps=16    avg_loss: 0.000000034216  time_per_window : 0.001050   progress : 0.535
name: models.architecture.block_type=simple
models.architecture.mamba_type=mamba
training.mode=rollout
training.rollout_steps=16    avg_loss: 0.000000032455  time_per_window : 0.001051   progress : 0.546
name: models.architecture.block_type=simple
models.architecture.mamba_type=mamba
training.mode=rollout
training.rollout_steps=16    avg_loss: 0.000000037650  time_per_window : 0.001014   progress : 0.557
name: models.architecture.block_type=simple
models.architecture.mamba_type=mamba
training.mode=rollout
training.rollout_steps=16    avg_loss: 0.000000031185  time_per_window : 0.000981   progress : 0.568
name: models.architecture.block_type=simple
models.architecture.mamba_type=mamba
training.mode=rollout
training.rollout_steps=16    avg_loss: 0.000000030707  time_per_window : 0.001036   progress : 0.579
name: models.architecture.block_type=simple
models.architecture.mamba_type=mamba
training.mode=rollout
training.rollout_steps=16    avg_loss: 0.000000040345  time_per_window : 0.001019   progress : 0.590
name: models.architecture.block_type=simple
models.architecture.mamba_type=mamba
training.mode=rollout
training.rollout_steps=16    avg_loss: 0.000000032714  time_per_window : 0.000982   progress : 0.601
name: models.architecture.block_type=simple
models.architecture.mamba_type=mamba
training.mode=rollout
training.rollout_steps=16    avg_loss: 0.000000035169  time_per_window : 0.001054   progress : 0.612
name: models.architecture.block_type=simple
models.architecture.mamba_type=mamba
training.mode=rollout
training.rollout_steps=16    avg_loss: 0.000000033482  time_per_window : 0.001002   progress : 0.623
name: models.architecture.block_type=simple
models.architecture.mamba_type=mamba
training.mode=rollout
training.rollout_steps=16    avg_loss: 0.000000031281  time_per_window : 0.001068   progress : 0.634
name: models.architecture.block_type=simple
models.architecture.mamba_type=mamba
training.mode=rollout
training.rollout_steps=16    avg_loss: 0.000000035394  time_per_window : 0.001057   progress : 0.644
name: models.architecture.block_type=simple
models.architecture.mamba_type=mamba
training.mode=rollout
training.rollout_steps=16    avg_loss: 0.000000033504  time_per_window : 0.001000   progress : 0.655
name: models.architecture.block_type=simple
models.architecture.mamba_type=mamba
training.mode=rollout
training.rollout_steps=16    avg_loss: 0.000000036841  time_per_window : 0.000941   progress : 0.666
name: models.architecture.block_type=simple
models.architecture.mamba_type=mamba
training.mode=rollout
training.rollout_steps=16    avg_loss: 0.000000032747  time_per_window : 0.000999   progress : 0.677
name: models.architecture.block_type=simple
models.architecture.mamba_type=mamba
training.mode=rollout
training.rollout_steps=16    avg_loss: 0.000000035153  time_per_window : 0.000980   progress : 0.688
name: models.architecture.block_type=simple
models.architecture.mamba_type=mamba
training.mode=rollout
training.rollout_steps=16    avg_loss: 0.000000032548  time_per_window : 0.001016   progress : 0.699
name: models.architecture.block_type=simple
models.architecture.mamba_type=mamba
training.mode=rollout
training.rollout_steps=16    avg_loss: 0.000000036590  time_per_window : 0.001033   progress : 0.710
name: models.architecture.block_type=simple
models.architecture.mamba_type=mamba
training.mode=rollout
training.rollout_steps=16    avg_loss: 0.000000030355  time_per_window : 0.001042   progress : 0.721
name: models.architecture.block_type=simple
models.architecture.mamba_type=mamba
training.mode=rollout
training.rollout_steps=16    avg_loss: 0.000000034086  time_per_window : 0.001093   progress : 0.732
name: models.architecture.block_type=simple
models.architecture.mamba_type=mamba
training.mode=rollout
training.rollout_steps=16    avg_loss: 0.000000031892  time_per_window : 0.000985   progress : 0.743
name: models.architecture.block_type=simple
models.architecture.mamba_type=mamba
training.mode=rollout
training.rollout_steps=16    avg_loss: 0.000000035396  time_per_window : 0.001036   progress : 0.754
name: models.architecture.block_type=simple
models.architecture.mamba_type=mamba
training.mode=rollout
training.rollout_steps=16    avg_loss: 0.000000030189  time_per_window : 0.000853   progress : 0.765
name: models.architecture.block_type=simple
models.architecture.mamba_type=mamba
training.mode=rollout
training.rollout_steps=16    avg_loss: 0.000000032124  time_per_window : 0.000661   progress : 0.775
name: models.architecture.block_type=simple
models.architecture.mamba_type=mamba
training.mode=rollout
training.rollout_steps=16    avg_loss: 0.000000036542  time_per_window : 0.000845   progress : 0.786
name: models.architecture.block_type=simple
models.architecture.mamba_type=mamba
training.mode=rollout
training.rollout_steps=16    avg_loss: 0.000000033515  time_per_window : 0.000825   progress : 0.797
name: models.architecture.block_type=simple
models.architecture.mamba_type=mamba
training.mode=rollout
training.rollout_steps=16    avg_loss: 0.000000029665  time_per_window : 0.000681   progress : 0.808
name: models.architecture.block_type=simple
models.architecture.mamba_type=mamba
training.mode=rollout
training.rollout_steps=16    avg_loss: 0.000000032570  time_per_window : 0.000793   progress : 0.819
name: models.architecture.block_type=simple
models.architecture.mamba_type=mamba
training.mode=rollout
training.rollout_steps=16    avg_loss: 0.000000032025  time_per_window : 0.000877   progress : 0.830
name: models.architecture.block_type=simple
models.architecture.mamba_type=mamba
training.mode=rollout
training.rollout_steps=16    avg_loss: 0.000000030562  time_per_window : 0.000652   progress : 0.841
name: models.architecture.block_type=simple
models.architecture.mamba_type=mamba
training.mode=rollout
training.rollout_steps=16    avg_loss: 0.000000030294  time_per_window : 0.000972   progress : 0.852
name: models.architecture.block_type=simple
models.architecture.mamba_type=mamba
training.mode=rollout
training.rollout_steps=16    avg_loss: 0.000000028829  time_per_window : 0.001008   progress : 0.863
name: models.architecture.block_type=simple
models.architecture.mamba_type=mamba
training.mode=rollout
training.rollout_steps=16    avg_loss: 0.000000033005  time_per_window : 0.001011   progress : 0.874
name: models.architecture.block_type=simple
models.architecture.mamba_type=mamba
training.mode=rollout
training.rollout_steps=16    avg_loss: 0.000000029989  time_per_window : 0.000939   progress : 0.885
name: models.architecture.block_type=simple
models.architecture.mamba_type=mamba
training.mode=rollout
training.rollout_steps=16    avg_loss: 0.000000034130  time_per_window : 0.000972   progress : 0.896
name: models.architecture.block_type=simple
models.architecture.mamba_type=mamba
training.mode=rollout
training.rollout_steps=16    avg_loss: 0.000000034073  time_per_window : 0.001009   progress : 0.907
name: models.architecture.block_type=simple
models.architecture.mamba_type=mamba
training.mode=rollout
training.rollout_steps=16    avg_loss: 0.000000029896  time_per_window : 0.001065   progress : 0.917
name: models.architecture.block_type=simple
models.architecture.mamba_type=mamba
training.mode=rollout
training.rollout_steps=16    avg_loss: 0.000000028821  time_per_window : 0.001038   progress : 0.928
name: models.architecture.block_type=simple
models.architecture.mamba_type=mamba
training.mode=rollout
training.rollout_steps=16    avg_loss: 0.000000030328  time_per_window : 0.000709   progress : 0.939
name: models.architecture.block_type=simple
models.architecture.mamba_type=mamba
training.mode=rollout
training.rollout_steps=16    avg_loss: 0.000000030546  time_per_window : 0.001026   progress : 0.950
name: models.architecture.block_type=simple
models.architecture.mamba_type=mamba
training.mode=rollout
training.rollout_steps=16    avg_loss: 0.000000032742  time_per_window : 0.000967   progress : 0.961
name: models.architecture.block_type=simple
models.architecture.mamba_type=mamba
training.mode=rollout
training.rollout_steps=16    avg_loss: 0.000000029245  time_per_window : 0.001016   progress : 0.972
name: models.architecture.block_type=simple
models.architecture.mamba_type=mamba
training.mode=rollout
training.rollout_steps=16    avg_loss: 0.000000033560  time_per_window : 0.000966   progress : 0.983
name: models.architecture.block_type=simple
models.architecture.mamba_type=mamba
training.mode=rollout
training.rollout_steps=16    avg_loss: 0.000000030216  time_per_window : 0.000960   progress : 0.994
name: models.architecture.block_type=simple
models.architecture.mamba_type=mamba
training.mode=rollout
training.rollout_steps=16    avg_loss: 0.000013107937  time_per_window : 0.000972   progress : 0.011
name: models.architecture.block_type=simple
models.architecture.mamba_type=mamba
training.mode=rollout
training.rollout_steps=16    avg_loss: 0.000003231038  time_per_window : 0.001064   progress : 0.022
name: models.architecture.block_type=simple
models.architecture.mamba_type=mamba
training.mode=rollout
training.rollout_steps=16    avg_loss: 0.000002677193  time_per_window : 0.000979   progress : 0.033
name: models.architecture.block_type=simple
models.architecture.mamba_type=mamba
training.mode=rollout
training.rollout_steps=16    avg_loss: 0.000002097523  time_per_window : 0.001069   progress : 0.044
name: models.architecture.block_type=simple
models.architecture.mamba_type=mamba
training.mode=rollout
training.rollout_steps=16    avg_loss: 0.000001496305  time_per_window : 0.001065   progress : 0.055
name: models.architecture.block_type=simple
models.architecture.mamba_type=mamba
training.mode=rollout
training.rollout_steps=16    avg_loss: 0.000001289967  time_per_window : 0.001004   progress : 0.066
name: models.architecture.block_type=simple
models.architecture.mamba_type=mamba
training.mode=rollout
training.rollout_steps=16    avg_loss: 0.000000935758  time_per_window : 0.001016   progress : 0.076
name: models.architecture.block_type=simple
models.architecture.mamba_type=mamba
training.mode=rollout
training.rollout_steps=16    avg_loss: 0.000000661075  time_per_window : 0.000721   progress : 0.087
name: models.architecture.block_type=simple
models.architecture.mamba_type=mamba
training.mode=rollout
training.rollout_steps=16    avg_loss: 0.000000356669  time_per_window : 0.001072   progress : 0.098
name: models.architecture.block_type=simple
models.architecture.mamba_type=mamba
training.mode=rollout
training.rollout_steps=16    avg_loss: 0.000000249225  time_per_window : 0.001021   progress : 0.109
name: models.architecture.block_type=simple
models.architecture.mamba_type=mamba
training.mode=rollout
training.rollout_steps=16    avg_loss: 0.000000258194  time_per_window : 0.001039   progress : 0.120
name: models.architecture.block_type=simple
models.architecture.mamba_type=mamba
training.mode=rollout
training.rollout_steps=16    avg_loss: 0.000000271889  time_per_window : 0.001066   progress : 0.131
name: models.architecture.block_type=simple
models.architecture.mamba_type=mamba
training.mode=rollout
training.rollout_steps=16    avg_loss: 0.000000220755  time_per_window : 0.001007   progress : 0.142
name: models.architecture.block_type=simple
models.architecture.mamba_type=mamba
training.mode=rollout
training.rollout_steps=16    avg_loss: 0.000000223136  time_per_window : 0.001064   progress : 0.153
name: models.architecture.block_type=simple
models.architecture.mamba_type=mamba
training.mode=rollout
training.rollout_steps=16    avg_loss: 0.000000206303  time_per_window : 0.001044   progress : 0.164
name: models.architecture.block_type=simple
models.architecture.mamba_type=mamba
training.mode=rollout
training.rollout_steps=16    avg_loss: 0.000000192313  time_per_window : 0.001017   progress : 0.175
name: models.architecture.block_type=simple
models.architecture.mamba_type=mamba
training.mode=rollout
training.rollout_steps=16    avg_loss: 0.000000208314  time_per_window : 0.001026   progress : 0.186
name: models.architecture.block_type=simple
models.architecture.mamba_type=mamba
training.mode=rollout
training.rollout_steps=16    avg_loss: 0.000000236395  time_per_window : 0.001013   progress : 0.197
name: models.architecture.block_type=simple
models.architecture.mamba_type=mamba
training.mode=rollout
training.rollout_steps=16    avg_loss: 0.000000165420  time_per_window : 0.001041   progress : 0.208
name: models.architecture.block_type=simple
models.architecture.mamba_type=mamba
training.mode=rollout
training.rollout_steps=16    avg_loss: 0.000000211094  time_per_window : 0.001049   progress : 0.218
name: models.architecture.block_type=simple
models.architecture.mamba_type=mamba
training.mode=rollout
training.rollout_steps=16    avg_loss: 0.000000206937  time_per_window : 0.001080   progress : 0.229
name: models.architecture.block_type=simple
models.architecture.mamba_type=mamba
training.mode=rollout
training.rollout_steps=16    avg_loss: 0.000000229786  time_per_window : 0.001038   progress : 0.240
name: models.architecture.block_type=simple
models.architecture.mamba_type=mamba
training.mode=rollout
training.rollout_steps=16    avg_loss: 0.000000192167  time_per_window : 0.001028   progress : 0.251
name: models.architecture.block_type=simple
models.architecture.mamba_type=mamba
training.mode=rollout
training.rollout_steps=16    avg_loss: 0.000000165000  time_per_window : 0.001042   progress : 0.262
name: models.architecture.block_type=simple
models.architecture.mamba_type=mamba
training.mode=rollout
training.rollout_steps=16    avg_loss: 0.000000210607  time_per_window : 0.000941   progress : 0.273
name: models.architecture.block_type=simple
models.architecture.mamba_type=mamba
training.mode=rollout
training.rollout_steps=16    avg_loss: 0.000000212743  time_per_window : 0.000996   progress : 0.284
name: models.architecture.block_type=simple
models.architecture.mamba_type=mamba
training.mode=rollout
training.rollout_steps=16    avg_loss: 0.000000233181  time_per_window : 0.001001   progress : 0.295
name: models.architecture.block_type=simple
models.architecture.mamba_type=mamba
training.mode=rollout
training.rollout_steps=16    avg_loss: 0.000000173243  time_per_window : 0.000989   progress : 0.306
name: models.architecture.block_type=simple
models.architecture.mamba_type=mamba
training.mode=rollout
training.rollout_steps=16    avg_loss: 0.000000171339  time_per_window : 0.000904   progress : 0.317
name: models.architecture.block_type=simple
models.architecture.mamba_type=mamba
training.mode=rollout
training.rollout_steps=16    avg_loss: 0.000000219608  time_per_window : 0.000905   progress : 0.328
name: models.architecture.block_type=simple
models.architecture.mamba_type=mamba
training.mode=rollout
training.rollout_steps=16    avg_loss: 0.000000178357  time_per_window : 0.000926   progress : 0.339
name: models.architecture.block_type=simple
models.architecture.mamba_type=mamba
training.mode=rollout
training.rollout_steps=16    avg_loss: 0.000000163829  time_per_window : 0.001042   progress : 0.350
name: models.architecture.block_type=simple
models.architecture.mamba_type=mamba
training.mode=rollout
training.rollout_steps=16    avg_loss: 0.000000194822  time_per_window : 0.001036   progress : 0.360
name: models.architecture.block_type=simple
models.architecture.mamba_type=mamba
training.mode=rollout
training.rollout_steps=16    avg_loss: 0.000000172029  time_per_window : 0.000983   progress : 0.371
name: models.architecture.block_type=simple
models.architecture.mamba_type=mamba
training.mode=rollout
training.rollout_steps=16    avg_loss: 0.000000168126  time_per_window : 0.000975   progress : 0.382
name: models.architecture.block_type=simple
models.architecture.mamba_type=mamba
training.mode=rollout
training.rollout_steps=16    avg_loss: 0.000000198207  time_per_window : 0.001063   progress : 0.393
name: models.architecture.block_type=simple
models.architecture.mamba_type=mamba
training.mode=rollout
training.rollout_steps=16    avg_loss: 0.000000171656  time_per_window : 0.001013   progress : 0.404
name: models.architecture.block_type=simple
models.architecture.mamba_type=mamba
training.mode=rollout
training.rollout_steps=16    avg_loss: 0.000000179229  time_per_window : 0.001016   progress : 0.415
name: models.architecture.block_type=simple
models.architecture.mamba_type=mamba
training.mode=rollout
training.rollout_steps=16    avg_loss: 0.000000190768  time_per_window : 0.001022   progress : 0.426
name: models.architecture.block_type=simple
models.architecture.mamba_type=mamba
training.mode=rollout
training.rollout_steps=16    avg_loss: 0.000000176556  time_per_window : 0.001101   progress : 0.437
name: models.architecture.block_type=simple
models.architecture.mamba_type=mamba
training.mode=rollout
training.rollout_steps=16    avg_loss: 0.000000196745  time_per_window : 0.001016   progress : 0.448
name: models.architecture.block_type=simple
models.architecture.mamba_type=mamba
training.mode=rollout
training.rollout_steps=16    avg_loss: 0.000000157820  time_per_window : 0.001016   progress : 0.459
name: models.architecture.block_type=simple
models.architecture.mamba_type=mamba
training.mode=rollout
training.rollout_steps=16    avg_loss: 0.000000221927  time_per_window : 0.001015   progress : 0.470
name: models.architecture.block_type=simple
models.architecture.mamba_type=mamba
training.mode=rollout
training.rollout_steps=16    avg_loss: 0.000000159456  time_per_window : 0.000938   progress : 0.481
name: models.architecture.block_type=simple
models.architecture.mamba_type=mamba
training.mode=rollout
training.rollout_steps=16    avg_loss: 0.000000155247  time_per_window : 0.001039   progress : 0.492
name: models.architecture.block_type=simple
models.architecture.mamba_type=mamba
training.mode=rollout
training.rollout_steps=16    avg_loss: 0.000000153751  time_per_window : 0.001076   progress : 0.502
name: models.architecture.block_type=simple
models.architecture.mamba_type=mamba
training.mode=rollout
training.rollout_steps=16    avg_loss: 0.000000177929  time_per_window : 0.001045   progress : 0.513
name: models.architecture.block_type=simple
models.architecture.mamba_type=mamba
training.mode=rollout
training.rollout_steps=16    avg_loss: 0.000000176236  time_per_window : 0.000715   progress : 0.524
name: models.architecture.block_type=simple
models.architecture.mamba_type=mamba
training.mode=rollout
training.rollout_steps=16    avg_loss: 0.000000163449  time_per_window : 0.001037   progress : 0.535
name: models.architecture.block_type=simple
models.architecture.mamba_type=mamba
training.mode=rollout
training.rollout_steps=16    avg_loss: 0.000000169805  time_per_window : 0.001031   progress : 0.546
name: models.architecture.block_type=simple
models.architecture.mamba_type=mamba
training.mode=rollout
training.rollout_steps=16    avg_loss: 0.000000154381  time_per_window : 0.001009   progress : 0.557
name: models.architecture.block_type=simple
models.architecture.mamba_type=mamba
training.mode=rollout
training.rollout_steps=16    avg_loss: 0.000000143416  time_per_window : 0.001015   progress : 0.568
name: models.architecture.block_type=simple
models.architecture.mamba_type=mamba
training.mode=rollout
training.rollout_steps=16    avg_loss: 0.000000178002  time_per_window : 0.000971   progress : 0.579
name: models.architecture.block_type=simple
models.architecture.mamba_type=mamba
training.mode=rollout
training.rollout_steps=16    avg_loss: 0.000000196542  time_per_window : 0.001035   progress : 0.590
name: models.architecture.block_type=simple
models.architecture.mamba_type=mamba
training.mode=rollout
training.rollout_steps=16    avg_loss: 0.000000157121  time_per_window : 0.001026   progress : 0.601
name: models.architecture.block_type=simple
models.architecture.mamba_type=mamba
training.mode=rollout
training.rollout_steps=16    avg_loss: 0.000000171411  time_per_window : 0.001011   progress : 0.612
name: models.architecture.block_type=simple
models.architecture.mamba_type=mamba
training.mode=rollout
training.rollout_steps=16    avg_loss: 0.000000147051  time_per_window : 0.001013   progress : 0.623
name: models.architecture.block_type=simple
models.architecture.mamba_type=mamba
training.mode=rollout
training.rollout_steps=16    avg_loss: 0.000000157814  time_per_window : 0.001043   progress : 0.634
name: models.architecture.block_type=simple
models.architecture.mamba_type=mamba
training.mode=rollout
training.rollout_steps=16    avg_loss: 0.000000207972  time_per_window : 0.000987   progress : 0.644
name: models.architecture.block_type=simple
models.architecture.mamba_type=mamba
training.mode=rollout
training.rollout_steps=16    avg_loss: 0.000000153980  time_per_window : 0.001068   progress : 0.655
name: models.architecture.block_type=simple
models.architecture.mamba_type=mamba
training.mode=rollout
training.rollout_steps=16    avg_loss: 0.000000164804  time_per_window : 0.001050   progress : 0.666
name: models.architecture.block_type=simple
models.architecture.mamba_type=mamba
training.mode=rollout
training.rollout_steps=16    avg_loss: 0.000000160744  time_per_window : 0.000963   progress : 0.677
name: models.architecture.block_type=simple
models.architecture.mamba_type=mamba
training.mode=rollout
training.rollout_steps=16    avg_loss: 0.000000151779  time_per_window : 0.001080   progress : 0.688
name: models.architecture.block_type=simple
models.architecture.mamba_type=mamba
training.mode=rollout
training.rollout_steps=16    avg_loss: 0.000000156376  time_per_window : 0.001010   progress : 0.699
name: models.architecture.block_type=simple
models.architecture.mamba_type=mamba
training.mode=rollout
training.rollout_steps=16    avg_loss: 0.000000146172  time_per_window : 0.001077   progress : 0.710
name: models.architecture.block_type=simple
models.architecture.mamba_type=mamba
training.mode=rollout
training.rollout_steps=16    avg_loss: 0.000000143368  time_per_window : 0.001020   progress : 0.721
name: models.architecture.block_type=simple
models.architecture.mamba_type=mamba
training.mode=rollout
training.rollout_steps=16    avg_loss: 0.000000171836  time_per_window : 0.000993   progress : 0.732
name: models.architecture.block_type=simple
models.architecture.mamba_type=mamba
training.mode=rollout
training.rollout_steps=16    avg_loss: 0.000000147055  time_per_window : 0.000974   progress : 0.743
name: models.architecture.block_type=simple
models.architecture.mamba_type=mamba
training.mode=rollout
training.rollout_steps=16    avg_loss: 0.000000133661  time_per_window : 0.000962   progress : 0.754
name: models.architecture.block_type=simple
models.architecture.mamba_type=mamba
training.mode=rollout
training.rollout_steps=16    avg_loss: 0.000000143864  time_per_window : 0.000968   progress : 0.765
name: models.architecture.block_type=simple
models.architecture.mamba_type=mamba
training.mode=rollout
training.rollout_steps=16    avg_loss: 0.000000170723  time_per_window : 0.000982   progress : 0.775
name: models.architecture.block_type=simple
models.architecture.mamba_type=mamba
training.mode=rollout
training.rollout_steps=16    avg_loss: 0.000000147274  time_per_window : 0.001039   progress : 0.786
name: models.architecture.block_type=simple
models.architecture.mamba_type=mamba
training.mode=rollout
training.rollout_steps=16    avg_loss: 0.000000134997  time_per_window : 0.001042   progress : 0.797
name: models.architecture.block_type=simple
models.architecture.mamba_type=mamba
training.mode=rollout
training.rollout_steps=16    avg_loss: 0.000000158115  time_per_window : 0.000974   progress : 0.808
name: models.architecture.block_type=simple
models.architecture.mamba_type=mamba
training.mode=rollout
training.rollout_steps=16    avg_loss: 0.000000143585  time_per_window : 0.000999   progress : 0.819
name: models.architecture.block_type=simple
models.architecture.mamba_type=mamba
training.mode=rollout
training.rollout_steps=16    avg_loss: 0.000000137577  time_per_window : 0.000899   progress : 0.830
name: models.architecture.block_type=simple
models.architecture.mamba_type=mamba
training.mode=rollout
training.rollout_steps=16    avg_loss: 0.000000161698  time_per_window : 0.000972   progress : 0.841
name: models.architecture.block_type=simple
models.architecture.mamba_type=mamba
training.mode=rollout
training.rollout_steps=16    avg_loss: 0.000000135217  time_per_window : 0.001044   progress : 0.852
name: models.architecture.block_type=simple
models.architecture.mamba_type=mamba
training.mode=rollout
training.rollout_steps=16    avg_loss: 0.000000149618  time_per_window : 0.000941   progress : 0.863
name: models.architecture.block_type=simple
models.architecture.mamba_type=mamba
training.mode=rollout
training.rollout_steps=16    avg_loss: 0.000000153161  time_per_window : 0.001078   progress : 0.874
name: models.architecture.block_type=simple
models.architecture.mamba_type=mamba
training.mode=rollout
training.rollout_steps=16    avg_loss: 0.000000167836  time_per_window : 0.001011   progress : 0.885
name: models.architecture.block_type=simple
models.architecture.mamba_type=mamba
training.mode=rollout
training.rollout_steps=16    avg_loss: 0.000000139431  time_per_window : 0.001084   progress : 0.896
name: models.architecture.block_type=simple
models.architecture.mamba_type=mamba
training.mode=rollout
training.rollout_steps=16    avg_loss: 0.000000136031  time_per_window : 0.001019   progress : 0.907
name: models.architecture.block_type=simple
models.architecture.mamba_type=mamba
training.mode=rollout
training.rollout_steps=16    avg_loss: 0.000000145694  time_per_window : 0.001018   progress : 0.917
name: models.architecture.block_type=simple
models.architecture.mamba_type=mamba
training.mode=rollout
training.rollout_steps=16    avg_loss: 0.000000153082  time_per_window : 0.001022   progress : 0.928
name: models.architecture.block_type=simple
models.architecture.mamba_type=mamba
training.mode=rollout
training.rollout_steps=16    avg_loss: 0.000000138488  time_per_window : 0.001039   progress : 0.939
name: models.architecture.block_type=simple
models.architecture.mamba_type=mamba
training.mode=rollout
training.rollout_steps=16    avg_loss: 0.000000143980  time_per_window : 0.000990   progress : 0.950
name: models.architecture.block_type=simple
models.architecture.mamba_type=mamba
training.mode=rollout
training.rollout_steps=16    avg_loss: 0.000000129545  time_per_window : 0.001009   progress : 0.961
name: models.architecture.block_type=simple
models.architecture.mamba_type=mamba
training.mode=rollout
training.rollout_steps=16    avg_loss: 0.000000141929  time_per_window : 0.000994   progress : 0.972
name: models.architecture.block_type=simple
models.architecture.mamba_type=mamba
training.mode=rollout
training.rollout_steps=16    avg_loss: 0.000000134768  time_per_window : 0.001016   progress : 0.983
name: models.architecture.block_type=simple
models.architecture.mamba_type=mamba
training.mode=rollout
training.rollout_steps=16    avg_loss: 0.000000149466  time_per_window : 0.001024   progress : 0.994
name: models.architecture.block_type=simple
models.architecture.mamba_type=mamba
training.mode=rollout
training.rollout_steps=16    avg_loss: 0.000001518615  time_per_window : 0.000969   progress : 0.011
name: models.architecture.block_type=simple
models.architecture.mamba_type=mamba
training.mode=rollout
training.rollout_steps=16    avg_loss: 0.000000160025  time_per_window : 0.000991   progress : 0.022
name: models.architecture.block_type=simple
models.architecture.mamba_type=mamba
training.mode=rollout
training.rollout_steps=16    avg_loss: 0.000000142563  time_per_window : 0.001019   progress : 0.033
name: models.architecture.block_type=simple
models.architecture.mamba_type=mamba
training.mode=rollout
training.rollout_steps=16    avg_loss: 0.000000147705  time_per_window : 0.001025   progress : 0.044
name: models.architecture.block_type=simple
models.architecture.mamba_type=mamba
training.mode=rollout
training.rollout_steps=16    avg_loss: 0.000000133482  time_per_window : 0.000945   progress : 0.055
name: models.architecture.block_type=simple
models.architecture.mamba_type=mamba
training.mode=rollout
training.rollout_steps=16    avg_loss: 0.000000148056  time_per_window : 0.001050   progress : 0.066
name: models.architecture.block_type=simple
models.architecture.mamba_type=mamba
training.mode=rollout
training.rollout_steps=16    avg_loss: 0.000000150224  time_per_window : 0.001041   progress : 0.076
name: models.architecture.block_type=simple
models.architecture.mamba_type=mamba
training.mode=rollout
training.rollout_steps=16    avg_loss: 0.000000187882  time_per_window : 0.001010   progress : 0.087
name: models.architecture.block_type=simple
models.architecture.mamba_type=mamba
training.mode=rollout
training.rollout_steps=16    avg_loss: 0.000000163103  time_per_window : 0.001028   progress : 0.098
name: models.architecture.block_type=simple
models.architecture.mamba_type=mamba
training.mode=rollout
training.rollout_steps=16    avg_loss: 0.000000161333  time_per_window : 0.001003   progress : 0.109
name: models.architecture.block_type=simple
models.architecture.mamba_type=mamba
training.mode=rollout
training.rollout_steps=16    avg_loss: 0.000000152009  time_per_window : 0.001015   progress : 0.120
name: models.architecture.block_type=simple
models.architecture.mamba_type=mamba
training.mode=rollout
training.rollout_steps=16    avg_loss: 0.000000141123  time_per_window : 0.001041   progress : 0.131
name: models.architecture.block_type=simple
models.architecture.mamba_type=mamba
training.mode=rollout
training.rollout_steps=16    avg_loss: 0.000000167775  time_per_window : 0.001003   progress : 0.142
name: models.architecture.block_type=simple
models.architecture.mamba_type=mamba
training.mode=rollout
training.rollout_steps=16    avg_loss: 0.000000178271  time_per_window : 0.001042   progress : 0.153
name: models.architecture.block_type=simple
models.architecture.mamba_type=mamba
training.mode=rollout
training.rollout_steps=16    avg_loss: 0.000000169552  time_per_window : 0.001023   progress : 0.164
name: models.architecture.block_type=simple
models.architecture.mamba_type=mamba
training.mode=rollout
training.rollout_steps=16    avg_loss: 0.000000164278  time_per_window : 0.001042   progress : 0.175
name: models.architecture.block_type=simple
models.architecture.mamba_type=mamba
training.mode=rollout
training.rollout_steps=16    avg_loss: 0.000000156294  time_per_window : 0.001023   progress : 0.186
name: models.architecture.block_type=simple
models.architecture.mamba_type=mamba
training.mode=rollout
training.rollout_steps=16    avg_loss: 0.000000146078  time_per_window : 0.001038   progress : 0.197
name: models.architecture.block_type=simple
models.architecture.mamba_type=mamba
training.mode=rollout
training.rollout_steps=16    avg_loss: 0.000000163285  time_per_window : 0.001010   progress : 0.208
name: models.architecture.block_type=simple
models.architecture.mamba_type=mamba
training.mode=rollout
training.rollout_steps=16    avg_loss: 0.000000162718  time_per_window : 0.001065   progress : 0.218
name: models.architecture.block_type=simple
models.architecture.mamba_type=mamba
training.mode=rollout
training.rollout_steps=16    avg_loss: 0.000000172235  time_per_window : 0.001039   progress : 0.229
name: models.architecture.block_type=simple
models.architecture.mamba_type=mamba
training.mode=rollout
training.rollout_steps=16    avg_loss: 0.000000185196  time_per_window : 0.001012   progress : 0.240
name: models.architecture.block_type=simple
models.architecture.mamba_type=mamba
training.mode=rollout
training.rollout_steps=16    avg_loss: 0.000000162765  time_per_window : 0.001038   progress : 0.251
name: models.architecture.block_type=simple
models.architecture.mamba_type=mamba
training.mode=rollout
training.rollout_steps=16    avg_loss: 0.000000148367  time_per_window : 0.001005   progress : 0.262
name: models.architecture.block_type=simple
models.architecture.mamba_type=mamba
training.mode=rollout
training.rollout_steps=16    avg_loss: 0.000000150296  time_per_window : 0.001080   progress : 0.273
name: models.architecture.block_type=simple
models.architecture.mamba_type=mamba
training.mode=rollout
training.rollout_steps=16    avg_loss: 0.000000166861  time_per_window : 0.001021   progress : 0.284
name: models.architecture.block_type=simple
models.architecture.mamba_type=mamba
training.mode=rollout
training.rollout_steps=16    avg_loss: 0.000000152908  time_per_window : 0.001041   progress : 0.295
name: models.architecture.block_type=simple
models.architecture.mamba_type=mamba
training.mode=rollout
training.rollout_steps=16    avg_loss: 0.000000168183  time_per_window : 0.000961   progress : 0.306
name: models.architecture.block_type=simple
models.architecture.mamba_type=mamba
training.mode=rollout
training.rollout_steps=16    avg_loss: 0.000000158019  time_per_window : 0.001011   progress : 0.317
name: models.architecture.block_type=simple
models.architecture.mamba_type=mamba
training.mode=rollout
training.rollout_steps=16    avg_loss: 0.000000168684  time_per_window : 0.001018   progress : 0.328
name: models.architecture.block_type=simple
models.architecture.mamba_type=mamba
training.mode=rollout
training.rollout_steps=16    avg_loss: 0.000000185994  time_per_window : 0.001041   progress : 0.339
name: models.architecture.block_type=simple
models.architecture.mamba_type=mamba
training.mode=rollout
training.rollout_steps=16    avg_loss: 0.000000177499  time_per_window : 0.000929   progress : 0.350
name: models.architecture.block_type=simple
models.architecture.mamba_type=mamba
training.mode=rollout
training.rollout_steps=16    avg_loss: 0.000000140684  time_per_window : 0.000985   progress : 0.360
name: models.architecture.block_type=simple
models.architecture.mamba_type=mamba
training.mode=rollout
training.rollout_steps=16    avg_loss: 0.000000154131  time_per_window : 0.001019   progress : 0.371
name: models.architecture.block_type=simple
models.architecture.mamba_type=mamba
training.mode=rollout
training.rollout_steps=16    avg_loss: 0.000000158959  time_per_window : 0.001058   progress : 0.382
name: models.architecture.block_type=simple
models.architecture.mamba_type=mamba
training.mode=rollout
training.rollout_steps=16    avg_loss: 0.000000148350  time_per_window : 0.001015   progress : 0.393
name: models.architecture.block_type=simple
models.architecture.mamba_type=mamba
training.mode=rollout
training.rollout_steps=16    avg_loss: 0.000000156581  time_per_window : 0.001021   progress : 0.404
name: models.architecture.block_type=simple
models.architecture.mamba_type=mamba
training.mode=rollout
training.rollout_steps=16    avg_loss: 0.000000169188  time_per_window : 0.001016   progress : 0.415
name: models.architecture.block_type=simple
models.architecture.mamba_type=mamba
training.mode=rollout
training.rollout_steps=16    avg_loss: 0.000000180249  time_per_window : 0.001018   progress : 0.426
name: models.architecture.block_type=simple
models.architecture.mamba_type=mamba
training.mode=rollout
training.rollout_steps=16    avg_loss: 0.000000163408  time_per_window : 0.001075   progress : 0.437
name: models.architecture.block_type=simple
models.architecture.mamba_type=mamba
training.mode=rollout
training.rollout_steps=16    avg_loss: 0.000000155356  time_per_window : 0.001061   progress : 0.448
name: models.architecture.block_type=simple
models.architecture.mamba_type=mamba
training.mode=rollout
training.rollout_steps=16    avg_loss: 0.000000149060  time_per_window : 0.000988   progress : 0.459
name: models.architecture.block_type=simple
models.architecture.mamba_type=mamba
training.mode=rollout
training.rollout_steps=16    avg_loss: 0.000000146741  time_per_window : 0.000946   progress : 0.470
name: models.architecture.block_type=simple
models.architecture.mamba_type=mamba
training.mode=rollout
training.rollout_steps=16    avg_loss: 0.000000168951  time_per_window : 0.001003   progress : 0.481
name: models.architecture.block_type=simple
models.architecture.mamba_type=mamba
training.mode=rollout
training.rollout_steps=16    avg_loss: 0.000000155301  time_per_window : 0.001066   progress : 0.492
name: models.architecture.block_type=simple
models.architecture.mamba_type=mamba
training.mode=rollout
training.rollout_steps=16    avg_loss: 0.000000152028  time_per_window : 0.000996   progress : 0.502
name: models.architecture.block_type=simple
models.architecture.mamba_type=mamba
training.mode=rollout
training.rollout_steps=16    avg_loss: 0.000000150046  time_per_window : 0.001052   progress : 0.513
name: models.architecture.block_type=simple
models.architecture.mamba_type=mamba
training.mode=rollout
training.rollout_steps=16    avg_loss: 0.000000158480  time_per_window : 0.001042   progress : 0.524
name: models.architecture.block_type=simple
models.architecture.mamba_type=mamba
training.mode=rollout
training.rollout_steps=16    avg_loss: 0.000000170112  time_per_window : 0.000988   progress : 0.535
name: models.architecture.block_type=simple
models.architecture.mamba_type=mamba
training.mode=rollout
training.rollout_steps=16    avg_loss: 0.000000152967  time_per_window : 0.001035   progress : 0.546
name: models.architecture.block_type=simple
models.architecture.mamba_type=mamba
training.mode=rollout
training.rollout_steps=16    avg_loss: 0.000000158650  time_per_window : 0.001009   progress : 0.557
name: models.architecture.block_type=simple
models.architecture.mamba_type=mamba
training.mode=rollout
training.rollout_steps=16    avg_loss: 0.000000147356  time_per_window : 0.001025   progress : 0.568
name: models.architecture.block_type=simple
models.architecture.mamba_type=mamba
training.mode=rollout
training.rollout_steps=16    avg_loss: 0.000000145454  time_per_window : 0.001019   progress : 0.579
name: models.architecture.block_type=simple
models.architecture.mamba_type=mamba
training.mode=rollout
training.rollout_steps=16    avg_loss: 0.000000191184  time_per_window : 0.001016   progress : 0.590
name: models.architecture.block_type=simple
models.architecture.mamba_type=mamba
training.mode=rollout
training.rollout_steps=16    avg_loss: 0.000000157294  time_per_window : 0.000809   progress : 0.601
name: models.architecture.block_type=simple
models.architecture.mamba_type=mamba
training.mode=rollout
training.rollout_steps=16    avg_loss: 0.000000154427  time_per_window : 0.000949   progress : 0.612
name: models.architecture.block_type=simple
models.architecture.mamba_type=mamba
training.mode=rollout
training.rollout_steps=16    avg_loss: 0.000000146397  time_per_window : 0.001052   progress : 0.623
name: models.architecture.block_type=simple
models.architecture.mamba_type=mamba
training.mode=rollout
training.rollout_steps=16    avg_loss: 0.000000147452  time_per_window : 0.001041   progress : 0.634
name: models.architecture.block_type=simple
models.architecture.mamba_type=mamba
training.mode=rollout
training.rollout_steps=16    avg_loss: 0.000000191853  time_per_window : 0.001032   progress : 0.644
name: models.architecture.block_type=simple
models.architecture.mamba_type=mamba
training.mode=rollout
training.rollout_steps=16    avg_loss: 0.000000144225  time_per_window : 0.000976   progress : 0.655
name: models.architecture.block_type=simple
models.architecture.mamba_type=mamba
training.mode=rollout
training.rollout_steps=16    avg_loss: 0.000000164611  time_per_window : 0.000958   progress : 0.666
name: models.architecture.block_type=simple
models.architecture.mamba_type=mamba
training.mode=rollout
training.rollout_steps=16    avg_loss: 0.000000183566  time_per_window : 0.000975   progress : 0.677
name: models.architecture.block_type=simple
models.architecture.mamba_type=mamba
training.mode=rollout
training.rollout_steps=16    avg_loss: 0.000000139501  time_per_window : 0.001020   progress : 0.688
name: models.architecture.block_type=simple
models.architecture.mamba_type=mamba
training.mode=rollout
training.rollout_steps=16    avg_loss: 0.000000151638  time_per_window : 0.000776   progress : 0.699
name: models.architecture.block_type=simple
models.architecture.mamba_type=mamba
training.mode=rollout
training.rollout_steps=16    avg_loss: 0.000000148789  time_per_window : 0.000973   progress : 0.710
name: models.architecture.block_type=simple
models.architecture.mamba_type=mamba
training.mode=rollout
training.rollout_steps=16    avg_loss: 0.000000130254  time_per_window : 0.001079   progress : 0.721
name: models.architecture.block_type=simple
models.architecture.mamba_type=mamba
training.mode=rollout
training.rollout_steps=16    avg_loss: 0.000000173918  time_per_window : 0.001011   progress : 0.732
name: models.architecture.block_type=simple
models.architecture.mamba_type=mamba
training.mode=rollout
training.rollout_steps=16    avg_loss: 0.000000156260  time_per_window : 0.001076   progress : 0.743
name: models.architecture.block_type=simple
models.architecture.mamba_type=mamba
training.mode=rollout
training.rollout_steps=16    avg_loss: 0.000000164235  time_per_window : 0.000984   progress : 0.754
name: models.architecture.block_type=simple
models.architecture.mamba_type=mamba
training.mode=rollout
training.rollout_steps=16    avg_loss: 0.000000141326  time_per_window : 0.000993   progress : 0.765
name: models.architecture.block_type=simple
models.architecture.mamba_type=mamba
training.mode=rollout
training.rollout_steps=16    avg_loss: 0.000000146121  time_per_window : 0.001039   progress : 0.775
name: models.architecture.block_type=simple
models.architecture.mamba_type=mamba
training.mode=rollout
training.rollout_steps=16    avg_loss: 0.000000144714  time_per_window : 0.000917   progress : 0.786
name: models.architecture.block_type=simple
models.architecture.mamba_type=mamba
training.mode=rollout
training.rollout_steps=16    avg_loss: 0.000000166829  time_per_window : 0.000812   progress : 0.797
name: models.architecture.block_type=simple
models.architecture.mamba_type=mamba
training.mode=rollout
training.rollout_steps=16    avg_loss: 0.000000161825  time_per_window : 0.001055   progress : 0.808
name: models.architecture.block_type=simple
models.architecture.mamba_type=mamba
training.mode=rollout
training.rollout_steps=16    avg_loss: 0.000000153349  time_per_window : 0.001008   progress : 0.819
name: models.architecture.block_type=simple
models.architecture.mamba_type=mamba
training.mode=rollout
training.rollout_steps=16    avg_loss: 0.000000151238  time_per_window : 0.000984   progress : 0.830
name: models.architecture.block_type=simple
models.architecture.mamba_type=mamba
training.mode=rollout
training.rollout_steps=16    avg_loss: 0.000000162281  time_per_window : 0.000977   progress : 0.841
name: models.architecture.block_type=simple
models.architecture.mamba_type=mamba
training.mode=rollout
training.rollout_steps=16    avg_loss: 0.000000145916  time_per_window : 0.000960   progress : 0.852
name: models.architecture.block_type=simple
models.architecture.mamba_type=mamba
training.mode=rollout
training.rollout_steps=16    avg_loss: 0.000000134708  time_per_window : 0.001053   progress : 0.863
name: models.architecture.block_type=simple
models.architecture.mamba_type=mamba
training.mode=rollout
training.rollout_steps=16    avg_loss: 0.000000136602  time_per_window : 0.000994   progress : 0.874
name: models.architecture.block_type=simple
models.architecture.mamba_type=mamba
training.mode=rollout
training.rollout_steps=16    avg_loss: 0.000000166782  time_per_window : 0.000764   progress : 0.885
name: models.architecture.block_type=simple
models.architecture.mamba_type=mamba
training.mode=rollout
training.rollout_steps=16    avg_loss: 0.000000142476  time_per_window : 0.001071   progress : 0.896
name: models.architecture.block_type=simple
models.architecture.mamba_type=mamba
training.mode=rollout
training.rollout_steps=16    avg_loss: 0.000000143469  time_per_window : 0.000983   progress : 0.907
name: models.architecture.block_type=simple
models.architecture.mamba_type=mamba
training.mode=rollout
training.rollout_steps=16    avg_loss: 0.000000172046  time_per_window : 0.001022   progress : 0.917
name: models.architecture.block_type=simple
models.architecture.mamba_type=mamba
training.mode=rollout
training.rollout_steps=16    avg_loss: 0.000000146201  time_per_window : 0.001001   progress : 0.928
name: models.architecture.block_type=simple
models.architecture.mamba_type=mamba
training.mode=rollout
training.rollout_steps=16    avg_loss: 0.000000134860  time_per_window : 0.001026   progress : 0.939
name: models.architecture.block_type=simple
models.architecture.mamba_type=mamba
training.mode=rollout
training.rollout_steps=16    avg_loss: 0.000000138802  time_per_window : 0.000978   progress : 0.950
name: models.architecture.block_type=simple
models.architecture.mamba_type=mamba
training.mode=rollout
training.rollout_steps=16    avg_loss: 0.000000143652  time_per_window : 0.001041   progress : 0.961
name: models.architecture.block_type=simple
models.architecture.mamba_type=mamba
training.mode=rollout
training.rollout_steps=16    avg_loss: 0.000000155321  time_per_window : 0.001007   progress : 0.972
name: models.architecture.block_type=simple
models.architecture.mamba_type=mamba
training.mode=rollout
training.rollout_steps=16    avg_loss: 0.000000132990  time_per_window : 0.000990   progress : 0.983
name: models.architecture.block_type=simple
models.architecture.mamba_type=mamba
training.mode=rollout
training.rollout_steps=16    avg_loss: 0.000000145930  time_per_window : 0.000987   progress : 0.994
DONE!!!
