/home/jdihardjo/miniconda3/envs/mavenv/lib/python3.11/site-packages/hydra/_internal/defaults_list.py:251: UserWarning: In 'config': Defaults list is missing `_self_`. See https://hydra.cc/docs/1.2/upgrades/1.0_to_1.1/default_composition_order for more information
  warnings.warn(msg, UserWarning)
Using cuda device
[2026-07-23 18:09:34,933][HYDRA] Joblib.Parallel(n_jobs=4,backend=loky,prefer=processes,require=None,verbose=0,timeout=None,pre_dispatch=2*n_jobs,batch_size=auto,temp_folder=None,max_nbytes=None,mmap_mode=r) is launching 1 jobs
[2026-07-23 18:09:34,933][HYDRA] Launching jobs, sweep output dir : ablation_runs/2026-07-23_17-18-45/simple_gml_mamba_out13
[2026-07-23 18:09:34,933][HYDRA] 	#0 : models.architecture.block_type=simple models.architecture.mamba_type=mamba training.mode=gml_rollout models.out_dim=13
/home/jdihardjo/miniconda3/envs/mavenv/lib/python3.11/site-packages/hydra/_internal/defaults_list.py:251: UserWarning: In 'config': Defaults list is missing `_self_`. See https://hydra.cc/docs/1.2/upgrades/1.0_to_1.1/default_composition_order for more information
  warnings.warn(msg, UserWarning)
models:
  n_dim: 23
  out_dim: 13
  architecture:
    d_model: 128
    n_encoder_layers: 2
    n_decoder_layers: 0
    block_type: simple
    time_adapter: last_token
    in_norm: none
    out_norm: none
    layer_scale: 0.0001
    drop_path: 0.05
    mamba_type: mamba
    mamba_kwargs:
      d_state: 16
      d_conv: 2
      expand: 2
      norm: rms
    skip: false
    cls_kwargs:
      n_heads: 2
      n_mlp: 2
      positional_encoding: false
      max_len: 5000
input_len: 32
output_len: 1
batch_size: 128
epochs: 5
seed: 0
dataset:
  path: /home/jdihardjo/simdata/train.zarr/
  training_size: 1500000
evaluation:
  path: /home/jdihardjo/simdata/evaluation.zarr/
  evaluation_size: 50
training:
  mode: gml_rollout
  lr: 0.0002
  weight_decay: 0.1
  rollout_steps: 16
checkpoint:
  save_path: hydra-test.pth
  load: false
  path: hydra-test.pth
compile: true

/home/jdihardjo/miniconda3/envs/mavenv/lib/python3.11/site-packages/torch/_dynamo/variables/functions.py:2311: UserWarning: Dynamo does not know how to trace the builtin `selective_scan_cuda.pybind11_detail_function_record_v1_system_libstdcpp_gxx_abi_1xxx_use_cxx11_abi_1.fwd.` This function is either a Python builtin (e.g. _warnings.warn) or a third-party C/C++ Python extension (perhaps created with pybind).
If it is a Python builtin, please file an issue on GitHub so the PyTorch team can add support for it and see the next case for a workaround.
If it is a third-party C/C++ Python extension, please either wrap it into a PyTorch-understood custom operator (see https://pytorch.org/tutorials/advanced/custom_ops_landing_page.html for more details) or, if it is traceable, use `torch.compiler.allow_in_graph`.
  torch._dynamo.utils.warn_once(explanation + "\n" + "\n".join(hints))
/home/jdihardjo/miniconda3/envs/mavenv/lib/python3.11/site-packages/torch/_inductor/cudagraph_trees.py:2622: UserWarning: Unable to hit fast path of CUDAGraphs because outputs from a previous step still require backward. Ensure backward() is invoked or detach outputs. You may also call torch.compiler.cudagraph_mark_step_begin() before each model invocation.
  warnings.warn(
name: models.architecture.block_type=simple
models.architecture.mamba_type=mamba
training.mode=gml_rollout
models.out_dim=13    avg_loss: 0.000083969127  time_per_window : 0.000698   progress : 0.011
name: models.architecture.block_type=simple
models.architecture.mamba_type=mamba
training.mode=gml_rollout
models.out_dim=13    avg_loss: 0.000007215794  time_per_window : 0.000888   progress : 0.022
name: models.architecture.block_type=simple
models.architecture.mamba_type=mamba
training.mode=gml_rollout
models.out_dim=13    avg_loss: 0.000007142150  time_per_window : 0.000781   progress : 0.033
name: models.architecture.block_type=simple
models.architecture.mamba_type=mamba
training.mode=gml_rollout
models.out_dim=13    avg_loss: 0.000007263205  time_per_window : 0.001129   progress : 0.044
name: models.architecture.block_type=simple
models.architecture.mamba_type=mamba
training.mode=gml_rollout
models.out_dim=13    avg_loss: 0.000007184466  time_per_window : 0.000873   progress : 0.055
name: models.architecture.block_type=simple
models.architecture.mamba_type=mamba
training.mode=gml_rollout
models.out_dim=13    avg_loss: 0.000007140516  time_per_window : 0.000822   progress : 0.066
name: models.architecture.block_type=simple
models.architecture.mamba_type=mamba
training.mode=gml_rollout
models.out_dim=13    avg_loss: 0.000007134096  time_per_window : 0.000803   progress : 0.076
name: models.architecture.block_type=simple
models.architecture.mamba_type=mamba
training.mode=gml_rollout
models.out_dim=13    avg_loss: 0.000006936621  time_per_window : 0.000728   progress : 0.087
name: models.architecture.block_type=simple
models.architecture.mamba_type=mamba
training.mode=gml_rollout
models.out_dim=13    avg_loss: 0.000006530835  time_per_window : 0.000879   progress : 0.098
name: models.architecture.block_type=simple
models.architecture.mamba_type=mamba
training.mode=gml_rollout
models.out_dim=13    avg_loss: 0.000006466458  time_per_window : 0.000805   progress : 0.109
name: models.architecture.block_type=simple
models.architecture.mamba_type=mamba
training.mode=gml_rollout
models.out_dim=13    avg_loss: 0.000006263720  time_per_window : 0.000655   progress : 0.120
name: models.architecture.block_type=simple
models.architecture.mamba_type=mamba
training.mode=gml_rollout
models.out_dim=13    avg_loss: 0.000005928364  time_per_window : 0.000909   progress : 0.131
name: models.architecture.block_type=simple
models.architecture.mamba_type=mamba
training.mode=gml_rollout
models.out_dim=13    avg_loss: 0.000005828530  time_per_window : 0.000640   progress : 0.142
name: models.architecture.block_type=simple
models.architecture.mamba_type=mamba
training.mode=gml_rollout
models.out_dim=13    avg_loss: 0.000005940989  time_per_window : 0.000807   progress : 0.153
name: models.architecture.block_type=simple
models.architecture.mamba_type=mamba
training.mode=gml_rollout
models.out_dim=13    avg_loss: 0.000005812977  time_per_window : 0.000836   progress : 0.164
name: models.architecture.block_type=simple
models.architecture.mamba_type=mamba
training.mode=gml_rollout
models.out_dim=13    avg_loss: 0.000005781657  time_per_window : 0.000953   progress : 0.175
name: models.architecture.block_type=simple
models.architecture.mamba_type=mamba
training.mode=gml_rollout
models.out_dim=13    avg_loss: 0.000005721181  time_per_window : 0.000597   progress : 0.186
name: models.architecture.block_type=simple
models.architecture.mamba_type=mamba
training.mode=gml_rollout
models.out_dim=13    avg_loss: 0.000005685185  time_per_window : 0.000872   progress : 0.197
name: models.architecture.block_type=simple
models.architecture.mamba_type=mamba
training.mode=gml_rollout
models.out_dim=13    avg_loss: 0.000005663693  time_per_window : 0.000841   progress : 0.208
name: models.architecture.block_type=simple
models.architecture.mamba_type=mamba
training.mode=gml_rollout
models.out_dim=13    avg_loss: 0.000005734825  time_per_window : 0.000809   progress : 0.218
name: models.architecture.block_type=simple
models.architecture.mamba_type=mamba
training.mode=gml_rollout
models.out_dim=13    avg_loss: 0.000005689708  time_per_window : 0.000733   progress : 0.229
name: models.architecture.block_type=simple
models.architecture.mamba_type=mamba
training.mode=gml_rollout
models.out_dim=13    avg_loss: 0.000005602297  time_per_window : 0.000888   progress : 0.240
name: models.architecture.block_type=simple
models.architecture.mamba_type=mamba
training.mode=gml_rollout
models.out_dim=13    avg_loss: 0.000005647701  time_per_window : 0.000847   progress : 0.251
name: models.architecture.block_type=simple
models.architecture.mamba_type=mamba
training.mode=gml_rollout
models.out_dim=13    avg_loss: 0.000005617772  time_per_window : 0.000854   progress : 0.262
name: models.architecture.block_type=simple
models.architecture.mamba_type=mamba
training.mode=gml_rollout
models.out_dim=13    avg_loss: 0.000005566258  time_per_window : 0.000854   progress : 0.273
name: models.architecture.block_type=simple
models.architecture.mamba_type=mamba
training.mode=gml_rollout
models.out_dim=13    avg_loss: 0.000005638497  time_per_window : 0.000843   progress : 0.284
name: models.architecture.block_type=simple
models.architecture.mamba_type=mamba
training.mode=gml_rollout
models.out_dim=13    avg_loss: 0.000005540962  time_per_window : 0.000844   progress : 0.295
name: models.architecture.block_type=simple
models.architecture.mamba_type=mamba
training.mode=gml_rollout
models.out_dim=13    avg_loss: 0.000005597914  time_per_window : 0.000858   progress : 0.306
name: models.architecture.block_type=simple
models.architecture.mamba_type=mamba
training.mode=gml_rollout
models.out_dim=13    avg_loss: 0.000005434949  time_per_window : 0.000758   progress : 0.317
name: models.architecture.block_type=simple
models.architecture.mamba_type=mamba
training.mode=gml_rollout
models.out_dim=13    avg_loss: 0.000005562240  time_per_window : 0.000822   progress : 0.328
name: models.architecture.block_type=simple
models.architecture.mamba_type=mamba
training.mode=gml_rollout
models.out_dim=13    avg_loss: 0.000005494804  time_per_window : 0.000786   progress : 0.339
name: models.architecture.block_type=simple
models.architecture.mamba_type=mamba
training.mode=gml_rollout
models.out_dim=13    avg_loss: 0.000005510926  time_per_window : 0.000610   progress : 0.350
name: models.architecture.block_type=simple
models.architecture.mamba_type=mamba
training.mode=gml_rollout
models.out_dim=13    avg_loss: 0.000005502000  time_per_window : 0.000792   progress : 0.360
name: models.architecture.block_type=simple
models.architecture.mamba_type=mamba
training.mode=gml_rollout
models.out_dim=13    avg_loss: 0.000005450789  time_per_window : 0.000878   progress : 0.371
name: models.architecture.block_type=simple
models.architecture.mamba_type=mamba
training.mode=gml_rollout
models.out_dim=13    avg_loss: 0.000005527817  time_per_window : 0.000835   progress : 0.382
name: models.architecture.block_type=simple
models.architecture.mamba_type=mamba
training.mode=gml_rollout
models.out_dim=13    avg_loss: 0.000005428907  time_per_window : 0.000666   progress : 0.393
name: models.architecture.block_type=simple
models.architecture.mamba_type=mamba
training.mode=gml_rollout
models.out_dim=13    avg_loss: 0.000005461811  time_per_window : 0.000869   progress : 0.404
name: models.architecture.block_type=simple
models.architecture.mamba_type=mamba
training.mode=gml_rollout
models.out_dim=13    avg_loss: 0.000005386324  time_per_window : 0.000669   progress : 0.415
name: models.architecture.block_type=simple
models.architecture.mamba_type=mamba
training.mode=gml_rollout
models.out_dim=13    avg_loss: 0.000005402898  time_per_window : 0.000528   progress : 0.426
name: models.architecture.block_type=simple
models.architecture.mamba_type=mamba
training.mode=gml_rollout
models.out_dim=13    avg_loss: 0.000005372474  time_per_window : 0.000832   progress : 0.437
name: models.architecture.block_type=simple
models.architecture.mamba_type=mamba
training.mode=gml_rollout
models.out_dim=13    avg_loss: 0.000005329353  time_per_window : 0.000826   progress : 0.448
name: models.architecture.block_type=simple
models.architecture.mamba_type=mamba
training.mode=gml_rollout
models.out_dim=13    avg_loss: 0.000005328384  time_per_window : 0.000834   progress : 0.459
name: models.architecture.block_type=simple
models.architecture.mamba_type=mamba
training.mode=gml_rollout
models.out_dim=13    avg_loss: 0.000005286087  time_per_window : 0.000866   progress : 0.470
name: models.architecture.block_type=simple
models.architecture.mamba_type=mamba
training.mode=gml_rollout
models.out_dim=13    avg_loss: 0.000005262988  time_per_window : 0.000896   progress : 0.481
name: models.architecture.block_type=simple
models.architecture.mamba_type=mamba
training.mode=gml_rollout
models.out_dim=13    avg_loss: 0.000005320196  time_per_window : 0.000737   progress : 0.492
name: models.architecture.block_type=simple
models.architecture.mamba_type=mamba
training.mode=gml_rollout
models.out_dim=13    avg_loss: 0.000005261305  time_per_window : 0.000748   progress : 0.502
name: models.architecture.block_type=simple
models.architecture.mamba_type=mamba
training.mode=gml_rollout
models.out_dim=13    avg_loss: 0.000005226555  time_per_window : 0.000814   progress : 0.513
name: models.architecture.block_type=simple
models.architecture.mamba_type=mamba
training.mode=gml_rollout
models.out_dim=13    avg_loss: 0.000005287836  time_per_window : 0.000871   progress : 0.524
name: models.architecture.block_type=simple
models.architecture.mamba_type=mamba
training.mode=gml_rollout
models.out_dim=13    avg_loss: 0.000005244952  time_per_window : 0.000675   progress : 0.535
name: models.architecture.block_type=simple
models.architecture.mamba_type=mamba
training.mode=gml_rollout
models.out_dim=13    avg_loss: 0.000005218033  time_per_window : 0.000815   progress : 0.546
name: models.architecture.block_type=simple
models.architecture.mamba_type=mamba
training.mode=gml_rollout
models.out_dim=13    avg_loss: 0.000005260211  time_per_window : 0.000886   progress : 0.557
name: models.architecture.block_type=simple
models.architecture.mamba_type=mamba
training.mode=gml_rollout
models.out_dim=13    avg_loss: 0.000005238049  time_per_window : 0.000746   progress : 0.568
name: models.architecture.block_type=simple
models.architecture.mamba_type=mamba
training.mode=gml_rollout
models.out_dim=13    avg_loss: 0.000005296340  time_per_window : 0.000828   progress : 0.579
name: models.architecture.block_type=simple
models.architecture.mamba_type=mamba
training.mode=gml_rollout
models.out_dim=13    avg_loss: 0.000005320081  time_per_window : 0.000793   progress : 0.590
name: models.architecture.block_type=simple
models.architecture.mamba_type=mamba
training.mode=gml_rollout
models.out_dim=13    avg_loss: 0.000005160650  time_per_window : 0.000817   progress : 0.601
name: models.architecture.block_type=simple
models.architecture.mamba_type=mamba
training.mode=gml_rollout
models.out_dim=13    avg_loss: 0.000005193063  time_per_window : 0.000823   progress : 0.612
name: models.architecture.block_type=simple
models.architecture.mamba_type=mamba
training.mode=gml_rollout
models.out_dim=13    avg_loss: 0.000005215114  time_per_window : 0.000868   progress : 0.623
name: models.architecture.block_type=simple
models.architecture.mamba_type=mamba
training.mode=gml_rollout
models.out_dim=13    avg_loss: 0.000005254133  time_per_window : 0.000695   progress : 0.634
name: models.architecture.block_type=simple
models.architecture.mamba_type=mamba
training.mode=gml_rollout
models.out_dim=13    avg_loss: 0.000005227627  time_per_window : 0.000845   progress : 0.644
name: models.architecture.block_type=simple
models.architecture.mamba_type=mamba
training.mode=gml_rollout
models.out_dim=13    avg_loss: 0.000005245881  time_per_window : 0.000735   progress : 0.655
name: models.architecture.block_type=simple
models.architecture.mamba_type=mamba
training.mode=gml_rollout
models.out_dim=13    avg_loss: 0.000005190377  time_per_window : 0.000842   progress : 0.666
name: models.architecture.block_type=simple
models.architecture.mamba_type=mamba
training.mode=gml_rollout
models.out_dim=13    avg_loss: 0.000005219915  time_per_window : 0.000869   progress : 0.677
name: models.architecture.block_type=simple
models.architecture.mamba_type=mamba
training.mode=gml_rollout
models.out_dim=13    avg_loss: 0.000005138509  time_per_window : 0.000867   progress : 0.688
name: models.architecture.block_type=simple
models.architecture.mamba_type=mamba
training.mode=gml_rollout
models.out_dim=13    avg_loss: 0.000005193104  time_per_window : 0.000828   progress : 0.699
name: models.architecture.block_type=simple
models.architecture.mamba_type=mamba
training.mode=gml_rollout
models.out_dim=13    avg_loss: 0.000005303159  time_per_window : 0.000813   progress : 0.710
name: models.architecture.block_type=simple
models.architecture.mamba_type=mamba
training.mode=gml_rollout
models.out_dim=13    avg_loss: 0.000005173014  time_per_window : 0.000823   progress : 0.721
name: models.architecture.block_type=simple
models.architecture.mamba_type=mamba
training.mode=gml_rollout
models.out_dim=13    avg_loss: 0.000005248000  time_per_window : 0.000827   progress : 0.732
name: models.architecture.block_type=simple
models.architecture.mamba_type=mamba
training.mode=gml_rollout
models.out_dim=13    avg_loss: 0.000005213674  time_per_window : 0.000777   progress : 0.743
name: models.architecture.block_type=simple
models.architecture.mamba_type=mamba
training.mode=gml_rollout
models.out_dim=13    avg_loss: 0.000005235148  time_per_window : 0.000867   progress : 0.754
name: models.architecture.block_type=simple
models.architecture.mamba_type=mamba
training.mode=gml_rollout
models.out_dim=13    avg_loss: 0.000005146670  time_per_window : 0.000836   progress : 0.765
name: models.architecture.block_type=simple
models.architecture.mamba_type=mamba
training.mode=gml_rollout
models.out_dim=13    avg_loss: 0.000005232737  time_per_window : 0.000823   progress : 0.775
name: models.architecture.block_type=simple
models.architecture.mamba_type=mamba
training.mode=gml_rollout
models.out_dim=13    avg_loss: 0.000005205441  time_per_window : 0.000836   progress : 0.786
name: models.architecture.block_type=simple
models.architecture.mamba_type=mamba
training.mode=gml_rollout
models.out_dim=13    avg_loss: 0.000005174038  time_per_window : 0.000833   progress : 0.797
name: models.architecture.block_type=simple
models.architecture.mamba_type=mamba
training.mode=gml_rollout
models.out_dim=13    avg_loss: 0.000005175696  time_per_window : 0.000832   progress : 0.808
name: models.architecture.block_type=simple
models.architecture.mamba_type=mamba
training.mode=gml_rollout
models.out_dim=13    avg_loss: 0.000005160851  time_per_window : 0.000839   progress : 0.819
name: models.architecture.block_type=simple
models.architecture.mamba_type=mamba
training.mode=gml_rollout
models.out_dim=13    avg_loss: 0.000005168558  time_per_window : 0.000827   progress : 0.830
name: models.architecture.block_type=simple
models.architecture.mamba_type=mamba
training.mode=gml_rollout
models.out_dim=13    avg_loss: 0.000005208581  time_per_window : 0.000895   progress : 0.841
name: models.architecture.block_type=simple
models.architecture.mamba_type=mamba
training.mode=gml_rollout
models.out_dim=13    avg_loss: 0.000005201913  time_per_window : 0.000786   progress : 0.852
name: models.architecture.block_type=simple
models.architecture.mamba_type=mamba
training.mode=gml_rollout
models.out_dim=13    avg_loss: 0.000005161938  time_per_window : 0.000869   progress : 0.863
name: models.architecture.block_type=simple
models.architecture.mamba_type=mamba
training.mode=gml_rollout
models.out_dim=13    avg_loss: 0.000005162502  time_per_window : 0.000716   progress : 0.874
name: models.architecture.block_type=simple
models.architecture.mamba_type=mamba
training.mode=gml_rollout
models.out_dim=13    avg_loss: 0.000005213775  time_per_window : 0.000759   progress : 0.885
name: models.architecture.block_type=simple
models.architecture.mamba_type=mamba
training.mode=gml_rollout
models.out_dim=13    avg_loss: 0.000005135994  time_per_window : 0.000864   progress : 0.896/home/jdihardjo/miniconda3/envs/mavenv/lib/python3.11/site-packages/torch/_inductor/cudagraph_trees.py:2622: UserWarning: Unable to hit fast path of CUDAGraphs because outputs from a previous step still require backward. Ensure backward() is invoked or detach outputs. You may also call torch.compiler.cudagraph_mark_step_begin() before each model invocation.
  warnings.warn(
/home/jdihardjo/miniconda3/envs/mavenv/lib/python3.11/site-packages/torch/_inductor/cudagraph_trees.py:2622: UserWarning: Unable to hit fast path of CUDAGraphs because outputs from a previous step still require backward. Ensure backward() is invoked or detach outputs. You may also call torch.compiler.cudagraph_mark_step_begin() before each model invocation.
  warnings.warn(

name: models.architecture.block_type=simple
models.architecture.mamba_type=mamba
training.mode=gml_rollout
models.out_dim=13    avg_loss: 0.000005231802  time_per_window : 0.000815   progress : 0.907
name: models.architecture.block_type=simple
models.architecture.mamba_type=mamba
training.mode=gml_rollout
models.out_dim=13    avg_loss: 0.000005255334  time_per_window : 0.000831   progress : 0.917
name: models.architecture.block_type=simple
models.architecture.mamba_type=mamba
training.mode=gml_rollout
models.out_dim=13    avg_loss: 0.000005219385  time_per_window : 0.000799   progress : 0.928
name: models.architecture.block_type=simple
models.architecture.mamba_type=mamba
training.mode=gml_rollout
models.out_dim=13    avg_loss: 0.000005154131  time_per_window : 0.000823   progress : 0.939
name: models.architecture.block_type=simple
models.architecture.mamba_type=mamba
training.mode=gml_rollout
models.out_dim=13    avg_loss: 0.000005180119  time_per_window : 0.000817   progress : 0.950
name: models.architecture.block_type=simple
models.architecture.mamba_type=mamba
training.mode=gml_rollout
models.out_dim=13    avg_loss: 0.000005193976  time_per_window : 0.000782   progress : 0.961
name: models.architecture.block_type=simple
models.architecture.mamba_type=mamba
training.mode=gml_rollout
models.out_dim=13    avg_loss: 0.000005135130  time_per_window : 0.000891   progress : 0.972
name: models.architecture.block_type=simple
models.architecture.mamba_type=mamba
training.mode=gml_rollout
models.out_dim=13    avg_loss: 0.000005200124  time_per_window : 0.000807   progress : 0.983
name: models.architecture.block_type=simple
models.architecture.mamba_type=mamba
training.mode=gml_rollout
models.out_dim=13    avg_loss: 0.000005176296  time_per_window : 0.000859   progress : 0.994
name: models.architecture.block_type=simple
models.architecture.mamba_type=mamba
training.mode=gml_rollout
models.out_dim=13    avg_loss: 0.000005203672  time_per_window : 0.000930   progress : 0.011
name: models.architecture.block_type=simple
models.architecture.mamba_type=mamba
training.mode=gml_rollout
models.out_dim=13    avg_loss: 0.000005134173  time_per_window : 0.000934   progress : 0.022
name: models.architecture.block_type=simple
models.architecture.mamba_type=mamba
training.mode=gml_rollout
models.out_dim=13    avg_loss: 0.000005112132  time_per_window : 0.000892   progress : 0.033
name: models.architecture.block_type=simple
models.architecture.mamba_type=mamba
training.mode=gml_rollout
models.out_dim=13    avg_loss: 0.000005141159  time_per_window : 0.000838   progress : 0.044
name: models.architecture.block_type=simple
models.architecture.mamba_type=mamba
training.mode=gml_rollout
models.out_dim=13    avg_loss: 0.000005108387  time_per_window : 0.000916   progress : 0.055
name: models.architecture.block_type=simple
models.architecture.mamba_type=mamba
training.mode=gml_rollout
models.out_dim=13    avg_loss: 0.000005180741  time_per_window : 0.000812   progress : 0.066
name: models.architecture.block_type=simple
models.architecture.mamba_type=mamba
training.mode=gml_rollout
models.out_dim=13    avg_loss: 0.000005160408  time_per_window : 0.000936   progress : 0.076
name: models.architecture.block_type=simple
models.architecture.mamba_type=mamba
training.mode=gml_rollout
models.out_dim=13    avg_loss: 0.000005158857  time_per_window : 0.000876   progress : 0.087
name: models.architecture.block_type=simple
models.architecture.mamba_type=mamba
training.mode=gml_rollout
models.out_dim=13    avg_loss: 0.000005097629  time_per_window : 0.000835   progress : 0.098
name: models.architecture.block_type=simple
models.architecture.mamba_type=mamba
training.mode=gml_rollout
models.out_dim=13    avg_loss: 0.000005132205  time_per_window : 0.000895   progress : 0.109
name: models.architecture.block_type=simple
models.architecture.mamba_type=mamba
training.mode=gml_rollout
models.out_dim=13    avg_loss: 0.000005199854  time_per_window : 0.000903   progress : 0.120
name: models.architecture.block_type=simple
models.architecture.mamba_type=mamba
training.mode=gml_rollout
models.out_dim=13    avg_loss: 0.000005155732  time_per_window : 0.000827   progress : 0.131
name: models.architecture.block_type=simple
models.architecture.mamba_type=mamba
training.mode=gml_rollout
models.out_dim=13    avg_loss: 0.000005163046  time_per_window : 0.000786   progress : 0.142
name: models.architecture.block_type=simple
models.architecture.mamba_type=mamba
training.mode=gml_rollout
models.out_dim=13    avg_loss: 0.000005191911  time_per_window : 0.000899   progress : 0.153
name: models.architecture.block_type=simple
models.architecture.mamba_type=mamba
training.mode=gml_rollout
models.out_dim=13    avg_loss: 0.000005175737  time_per_window : 0.000924   progress : 0.164
name: models.architecture.block_type=simple
models.architecture.mamba_type=mamba
training.mode=gml_rollout
models.out_dim=13    avg_loss: 0.000005158564  time_per_window : 0.000880   progress : 0.175
name: models.architecture.block_type=simple
models.architecture.mamba_type=mamba
training.mode=gml_rollout
models.out_dim=13    avg_loss: 0.000005189265  time_per_window : 0.000950   progress : 0.186
name: models.architecture.block_type=simple
models.architecture.mamba_type=mamba
training.mode=gml_rollout
models.out_dim=13    avg_loss: 0.000005149937  time_per_window : 0.000870   progress : 0.197
name: models.architecture.block_type=simple
models.architecture.mamba_type=mamba
training.mode=gml_rollout
models.out_dim=13    avg_loss: 0.000005155925  time_per_window : 0.000886   progress : 0.208
name: models.architecture.block_type=simple
models.architecture.mamba_type=mamba
training.mode=gml_rollout
models.out_dim=13    avg_loss: 0.000005187773  time_per_window : 0.000892   progress : 0.218
name: models.architecture.block_type=simple
models.architecture.mamba_type=mamba
training.mode=gml_rollout
models.out_dim=13    avg_loss: 0.000005184999  time_per_window : 0.000933   progress : 0.229
name: models.architecture.block_type=simple
models.architecture.mamba_type=mamba
training.mode=gml_rollout
models.out_dim=13    avg_loss: 0.000005103045  time_per_window : 0.000951   progress : 0.240
name: models.architecture.block_type=simple
models.architecture.mamba_type=mamba
training.mode=gml_rollout
models.out_dim=13    avg_loss: 0.000005149904  time_per_window : 0.000891   progress : 0.251
name: models.architecture.block_type=simple
models.architecture.mamba_type=mamba
training.mode=gml_rollout
models.out_dim=13    avg_loss: 0.000005163664  time_per_window : 0.000878   progress : 0.262
name: models.architecture.block_type=simple
models.architecture.mamba_type=mamba
training.mode=gml_rollout
models.out_dim=13    avg_loss: 0.000005127487  time_per_window : 0.000774   progress : 0.273
name: models.architecture.block_type=simple
models.architecture.mamba_type=mamba
training.mode=gml_rollout
models.out_dim=13    avg_loss: 0.000005179328  time_per_window : 0.000921   progress : 0.284
name: models.architecture.block_type=simple
models.architecture.mamba_type=mamba
training.mode=gml_rollout
models.out_dim=13    avg_loss: 0.000005114347  time_per_window : 0.000922   progress : 0.295
name: models.architecture.block_type=simple
models.architecture.mamba_type=mamba
training.mode=gml_rollout
models.out_dim=13    avg_loss: 0.000005169542  time_per_window : 0.000853   progress : 0.306
name: models.architecture.block_type=simple
models.architecture.mamba_type=mamba
training.mode=gml_rollout
models.out_dim=13    avg_loss: 0.000005063956  time_per_window : 0.000855   progress : 0.317
name: models.architecture.block_type=simple
models.architecture.mamba_type=mamba
training.mode=gml_rollout
models.out_dim=13    avg_loss: 0.000005170438  time_per_window : 0.000928   progress : 0.328
name: models.architecture.block_type=simple
models.architecture.mamba_type=mamba
training.mode=gml_rollout
models.out_dim=13    avg_loss: 0.000005138259  time_per_window : 0.000870   progress : 0.339
name: models.architecture.block_type=simple
models.architecture.mamba_type=mamba
training.mode=gml_rollout
models.out_dim=13    avg_loss: 0.000005183758  time_per_window : 0.000786   progress : 0.350
name: models.architecture.block_type=simple
models.architecture.mamba_type=mamba
training.mode=gml_rollout
models.out_dim=13    avg_loss: 0.000005147191  time_per_window : 0.000929   progress : 0.360
name: models.architecture.block_type=simple
models.architecture.mamba_type=mamba
training.mode=gml_rollout
models.out_dim=13    avg_loss: 0.000005151899  time_per_window : 0.000877   progress : 0.371
name: models.architecture.block_type=simple
models.architecture.mamba_type=mamba
training.mode=gml_rollout
models.out_dim=13    avg_loss: 0.000005212557  time_per_window : 0.000936   progress : 0.382
name: models.architecture.block_type=simple
models.architecture.mamba_type=mamba
training.mode=gml_rollout
models.out_dim=13    avg_loss: 0.000005163272  time_per_window : 0.000959   progress : 0.393
name: models.architecture.block_type=simple
models.architecture.mamba_type=mamba
training.mode=gml_rollout
models.out_dim=13    avg_loss: 0.000005179746  time_per_window : 0.000919   progress : 0.404
name: models.architecture.block_type=simple
models.architecture.mamba_type=mamba
training.mode=gml_rollout
models.out_dim=13    avg_loss: 0.000005135728  time_per_window : 0.000873   progress : 0.415
name: models.architecture.block_type=simple
models.architecture.mamba_type=mamba
training.mode=gml_rollout
models.out_dim=13    avg_loss: 0.000005161269  time_per_window : 0.000915   progress : 0.426
name: models.architecture.block_type=simple
models.architecture.mamba_type=mamba
training.mode=gml_rollout
models.out_dim=13    avg_loss: 0.000005160058  time_per_window : 0.000922   progress : 0.437
name: models.architecture.block_type=simple
models.architecture.mamba_type=mamba
training.mode=gml_rollout
models.out_dim=13    avg_loss: 0.000005136167  time_per_window : 0.000910   progress : 0.448
name: models.architecture.block_type=simple
models.architecture.mamba_type=mamba
training.mode=gml_rollout
models.out_dim=13    avg_loss: 0.000005150549  time_per_window : 0.000869   progress : 0.459
name: models.architecture.block_type=simple
models.architecture.mamba_type=mamba
training.mode=gml_rollout
models.out_dim=13    avg_loss: 0.000005103010  time_per_window : 0.000922   progress : 0.470
name: models.architecture.block_type=simple
models.architecture.mamba_type=mamba
training.mode=gml_rollout
models.out_dim=13    avg_loss: 0.000005092146  time_per_window : 0.000924   progress : 0.481
name: models.architecture.block_type=simple
models.architecture.mamba_type=mamba
training.mode=gml_rollout
models.out_dim=13    avg_loss: 0.000005169305  time_per_window : 0.000925   progress : 0.492
name: models.architecture.block_type=simple
models.architecture.mamba_type=mamba
training.mode=gml_rollout
models.out_dim=13    avg_loss: 0.000005114794  time_per_window : 0.000854   progress : 0.502
name: models.architecture.block_type=simple
models.architecture.mamba_type=mamba
training.mode=gml_rollout
models.out_dim=13    avg_loss: 0.000005100172  time_per_window : 0.000889   progress : 0.513
name: models.architecture.block_type=simple
models.architecture.mamba_type=mamba
training.mode=gml_rollout
models.out_dim=13    avg_loss: 0.000005173481  time_per_window : 0.000899   progress : 0.524
name: models.architecture.block_type=simple
models.architecture.mamba_type=mamba
training.mode=gml_rollout
models.out_dim=13    avg_loss: 0.000005118887  time_per_window : 0.000893   progress : 0.535
name: models.architecture.block_type=simple
models.architecture.mamba_type=mamba
training.mode=gml_rollout
models.out_dim=13    avg_loss: 0.000005100107  time_per_window : 0.000917   progress : 0.546
name: models.architecture.block_type=simple
models.architecture.mamba_type=mamba
training.mode=gml_rollout
models.out_dim=13    avg_loss: 0.000005156448  time_per_window : 0.000854   progress : 0.557
name: models.architecture.block_type=simple
models.architecture.mamba_type=mamba
training.mode=gml_rollout
models.out_dim=13    avg_loss: 0.000005135197  time_per_window : 0.000760   progress : 0.568
name: models.architecture.block_type=simple
models.architecture.mamba_type=mamba
training.mode=gml_rollout
models.out_dim=13    avg_loss: 0.000005191732  time_per_window : 0.000933   progress : 0.579
name: models.architecture.block_type=simple
models.architecture.mamba_type=mamba
training.mode=gml_rollout
models.out_dim=13    avg_loss: 0.000005207918  time_per_window : 0.000894   progress : 0.590
name: models.architecture.block_type=simple
models.architecture.mamba_type=mamba
training.mode=gml_rollout
models.out_dim=13    avg_loss: 0.000005076161  time_per_window : 0.000870   progress : 0.601
name: models.architecture.block_type=simple
models.architecture.mamba_type=mamba
training.mode=gml_rollout
models.out_dim=13    avg_loss: 0.000005129092  time_per_window : 0.000909   progress : 0.612
name: models.architecture.block_type=simple
models.architecture.mamba_type=mamba
training.mode=gml_rollout
models.out_dim=13    avg_loss: 0.000005114018  time_per_window : 0.000884   progress : 0.623
name: models.architecture.block_type=simple
models.architecture.mamba_type=mamba
training.mode=gml_rollout
models.out_dim=13    avg_loss: 0.000005154831  time_per_window : 0.000909   progress : 0.634
name: models.architecture.block_type=simple
models.architecture.mamba_type=mamba
training.mode=gml_rollout
models.out_dim=13    avg_loss: 0.000005139552  time_per_window : 0.000866   progress : 0.644
name: models.architecture.block_type=simple
models.architecture.mamba_type=mamba
training.mode=gml_rollout
models.out_dim=13    avg_loss: 0.000005166768  time_per_window : 0.000958   progress : 0.655
name: models.architecture.block_type=simple
models.architecture.mamba_type=mamba
training.mode=gml_rollout
models.out_dim=13    avg_loss: 0.000005108615  time_per_window : 0.000908   progress : 0.666
name: models.architecture.block_type=simple
models.architecture.mamba_type=mamba
training.mode=gml_rollout
models.out_dim=13    avg_loss: 0.000005132352  time_per_window : 0.000940   progress : 0.677
name: models.architecture.block_type=simple
models.architecture.mamba_type=mamba
training.mode=gml_rollout
models.out_dim=13    avg_loss: 0.000005061519  time_per_window : 0.000854   progress : 0.688
name: models.architecture.block_type=simple
models.architecture.mamba_type=mamba
training.mode=gml_rollout
models.out_dim=13    avg_loss: 0.000005126714  time_per_window : 0.000891   progress : 0.699
name: models.architecture.block_type=simple
models.architecture.mamba_type=mamba
training.mode=gml_rollout
models.out_dim=13    avg_loss: 0.000005221595  time_per_window : 0.000907   progress : 0.710
name: models.architecture.block_type=simple
models.architecture.mamba_type=mamba
training.mode=gml_rollout
models.out_dim=13    avg_loss: 0.000005099922  time_per_window : 0.000857   progress : 0.721
name: models.architecture.block_type=simple
models.architecture.mamba_type=mamba
training.mode=gml_rollout
models.out_dim=13    avg_loss: 0.000005178013  time_per_window : 0.000960   progress : 0.732
name: models.architecture.block_type=simple
models.architecture.mamba_type=mamba
training.mode=gml_rollout
models.out_dim=13    avg_loss: 0.000005132060  time_per_window : 0.000907   progress : 0.743
name: models.architecture.block_type=simple
models.architecture.mamba_type=mamba
training.mode=gml_rollout
models.out_dim=13    avg_loss: 0.000005163293  time_per_window : 0.000943   progress : 0.754
name: models.architecture.block_type=simple
models.architecture.mamba_type=mamba
training.mode=gml_rollout
models.out_dim=13    avg_loss: 0.000005075766  time_per_window : 0.000948   progress : 0.765
name: models.architecture.block_type=simple
models.architecture.mamba_type=mamba
training.mode=gml_rollout
models.out_dim=13    avg_loss: 0.000005176925  time_per_window : 0.000874   progress : 0.775
name: models.architecture.block_type=simple
models.architecture.mamba_type=mamba
training.mode=gml_rollout
models.out_dim=13    avg_loss: 0.000005137696  time_per_window : 0.000957   progress : 0.786
name: models.architecture.block_type=simple
models.architecture.mamba_type=mamba
training.mode=gml_rollout
models.out_dim=13    avg_loss: 0.000005155327  time_per_window : 0.000846   progress : 0.797
name: models.architecture.block_type=simple
models.architecture.mamba_type=mamba
training.mode=gml_rollout
models.out_dim=13    avg_loss: 0.000005125013  time_per_window : 0.000731   progress : 0.808
name: models.architecture.block_type=simple
models.architecture.mamba_type=mamba
training.mode=gml_rollout
models.out_dim=13    avg_loss: 0.000005107268  time_per_window : 0.000883   progress : 0.819
name: models.architecture.block_type=simple
models.architecture.mamba_type=mamba
training.mode=gml_rollout
models.out_dim=13    avg_loss: 0.000005104444  time_per_window : 0.000947   progress : 0.830
name: models.architecture.block_type=simple
models.architecture.mamba_type=mamba
training.mode=gml_rollout
models.out_dim=13    avg_loss: 0.000005155528  time_per_window : 0.000923   progress : 0.841
name: models.architecture.block_type=simple
models.architecture.mamba_type=mamba
training.mode=gml_rollout
models.out_dim=13    avg_loss: 0.000005149146  time_per_window : 0.000878   progress : 0.852
name: models.architecture.block_type=simple
models.architecture.mamba_type=mamba
training.mode=gml_rollout
models.out_dim=13    avg_loss: 0.000005095730  time_per_window : 0.000914   progress : 0.863
name: models.architecture.block_type=simple
models.architecture.mamba_type=mamba
training.mode=gml_rollout
models.out_dim=13    avg_loss: 0.000005114733  time_per_window : 0.000886   progress : 0.874
name: models.architecture.block_type=simple
models.architecture.mamba_type=mamba
training.mode=gml_rollout
models.out_dim=13    avg_loss: 0.000005168493  time_per_window : 0.000845   progress : 0.885
name: models.architecture.block_type=simple
models.architecture.mamba_type=mamba
training.mode=gml_rollout
models.out_dim=13    avg_loss: 0.000005086748  time_per_window : 0.000880   progress : 0.896
name: models.architecture.block_type=simple
models.architecture.mamba_type=mamba
training.mode=gml_rollout
models.out_dim=13    avg_loss: 0.000005181452  time_per_window : 0.000842   progress : 0.907
name: models.architecture.block_type=simple
models.architecture.mamba_type=mamba
training.mode=gml_rollout
models.out_dim=13    avg_loss: 0.000005215908  time_per_window : 0.000908   progress : 0.917
name: models.architecture.block_type=simple
models.architecture.mamba_type=mamba
training.mode=gml_rollout
models.out_dim=13    avg_loss: 0.000005170748  time_per_window : 0.000883   progress : 0.928
name: models.architecture.block_type=simple
models.architecture.mamba_type=mamba
training.mode=gml_rollout
models.out_dim=13    avg_loss: 0.000005111856  time_per_window : 0.000837   progress : 0.939
name: models.architecture.block_type=simple
models.architecture.mamba_type=mamba
training.mode=gml_rollout
models.out_dim=13    avg_loss: 0.000005129746  time_per_window : 0.000800   progress : 0.950
name: models.architecture.block_type=simple
models.architecture.mamba_type=mamba
training.mode=gml_rollout
models.out_dim=13    avg_loss: 0.000005157303  time_per_window : 0.000823   progress : 0.961
name: models.architecture.block_type=simple
models.architecture.mamba_type=mamba
training.mode=gml_rollout
models.out_dim=13    avg_loss: 0.000005090789  time_per_window : 0.000912   progress : 0.972
name: models.architecture.block_type=simple
models.architecture.mamba_type=mamba
training.mode=gml_rollout
models.out_dim=13    avg_loss: 0.000005149861  time_per_window : 0.000848   progress : 0.983
name: models.architecture.block_type=simple
models.architecture.mamba_type=mamba
training.mode=gml_rollout
models.out_dim=13    avg_loss: 0.000005126580  time_per_window : 0.000862   progress : 0.994
name: models.architecture.block_type=simple
models.architecture.mamba_type=mamba
training.mode=gml_rollout
models.out_dim=13    avg_loss: 0.000005993997  time_per_window : 0.000852   progress : 0.011
name: models.architecture.block_type=simple
models.architecture.mamba_type=mamba
training.mode=gml_rollout
models.out_dim=13    avg_loss: 0.000005204376  time_per_window : 0.000835   progress : 0.022
name: models.architecture.block_type=simple
models.architecture.mamba_type=mamba
training.mode=gml_rollout
models.out_dim=13    avg_loss: 0.000005113605  time_per_window : 0.000836   progress : 0.033
name: models.architecture.block_type=simple
models.architecture.mamba_type=mamba
training.mode=gml_rollout
models.out_dim=13    avg_loss: 0.000005122157  time_per_window : 0.000727   progress : 0.044
name: models.architecture.block_type=simple
models.architecture.mamba_type=mamba
training.mode=gml_rollout
models.out_dim=13    avg_loss: 0.000005086155  time_per_window : 0.000846   progress : 0.055
name: models.architecture.block_type=simple
models.architecture.mamba_type=mamba
training.mode=gml_rollout
models.out_dim=13    avg_loss: 0.000005157853  time_per_window : 0.000744   progress : 0.066
name: models.architecture.block_type=simple
models.architecture.mamba_type=mamba
training.mode=gml_rollout
models.out_dim=13    avg_loss: 0.000005132338  time_per_window : 0.000908   progress : 0.076
name: models.architecture.block_type=simple
models.architecture.mamba_type=mamba
training.mode=gml_rollout
models.out_dim=13    avg_loss: 0.000005138484  time_per_window : 0.000870   progress : 0.087
name: models.architecture.block_type=simple
models.architecture.mamba_type=mamba
training.mode=gml_rollout
models.out_dim=13    avg_loss: 0.000005072861  time_per_window : 0.000916   progress : 0.098
name: models.architecture.block_type=simple
models.architecture.mamba_type=mamba
training.mode=gml_rollout
models.out_dim=13    avg_loss: 0.000005101537  time_per_window : 0.000853   progress : 0.109
name: models.architecture.block_type=simple
models.architecture.mamba_type=mamba
training.mode=gml_rollout
models.out_dim=13    avg_loss: 0.000005172228  time_per_window : 0.000923   progress : 0.120
name: models.architecture.block_type=simple
models.architecture.mamba_type=mamba
training.mode=gml_rollout
models.out_dim=13    avg_loss: 0.000005137577  time_per_window : 0.000894   progress : 0.131
name: models.architecture.block_type=simple
models.architecture.mamba_type=mamba
training.mode=gml_rollout
models.out_dim=13    avg_loss: 0.000005138891  time_per_window : 0.000956   progress : 0.142
name: models.architecture.block_type=simple
models.architecture.mamba_type=mamba
training.mode=gml_rollout
models.out_dim=13    avg_loss: 0.000005168643  time_per_window : 0.000880   progress : 0.153
name: models.architecture.block_type=simple
models.architecture.mamba_type=mamba
training.mode=gml_rollout
models.out_dim=13    avg_loss: 0.000005135907  time_per_window : 0.000850   progress : 0.164
name: models.architecture.block_type=simple
models.architecture.mamba_type=mamba
training.mode=gml_rollout
models.out_dim=13    avg_loss: 0.000005138059  time_per_window : 0.000874   progress : 0.175
name: models.architecture.block_type=simple
models.architecture.mamba_type=mamba
training.mode=gml_rollout
models.out_dim=13    avg_loss: 0.000005160138  time_per_window : 0.000780   progress : 0.186
name: models.architecture.block_type=simple
models.architecture.mamba_type=mamba
training.mode=gml_rollout
models.out_dim=13    avg_loss: 0.000005111185  time_per_window : 0.000740   progress : 0.197
name: models.architecture.block_type=simple
models.architecture.mamba_type=mamba
training.mode=gml_rollout
models.out_dim=13    avg_loss: 0.000005133464  time_per_window : 0.000887   progress : 0.208
name: models.architecture.block_type=simple
models.architecture.mamba_type=mamba
training.mode=gml_rollout
models.out_dim=13    avg_loss: 0.000005172452  time_per_window : 0.000732   progress : 0.218
name: models.architecture.block_type=simple
models.architecture.mamba_type=mamba
training.mode=gml_rollout
models.out_dim=13    avg_loss: 0.000005170135  time_per_window : 0.000866   progress : 0.229
name: models.architecture.block_type=simple
models.architecture.mamba_type=mamba
training.mode=gml_rollout
models.out_dim=13    avg_loss: 0.000005097390  time_per_window : 0.000885   progress : 0.240
name: models.architecture.block_type=simple
models.architecture.mamba_type=mamba
training.mode=gml_rollout
models.out_dim=13    avg_loss: 0.000005128507  time_per_window : 0.000920   progress : 0.251
name: models.architecture.block_type=simple
models.architecture.mamba_type=mamba
training.mode=gml_rollout
models.out_dim=13    avg_loss: 0.000005144557  time_per_window : 0.000825   progress : 0.262
name: models.architecture.block_type=simple
models.architecture.mamba_type=mamba
training.mode=gml_rollout
models.out_dim=13    avg_loss: 0.000005115448  time_per_window : 0.000835   progress : 0.273
name: models.architecture.block_type=simple
models.architecture.mamba_type=mamba
training.mode=gml_rollout
models.out_dim=13    avg_loss: 0.000005169707  time_per_window : 0.000863   progress : 0.284
name: models.architecture.block_type=simple
models.architecture.mamba_type=mamba
training.mode=gml_rollout
models.out_dim=13    avg_loss: 0.000005088294  time_per_window : 0.000854   progress : 0.295
name: models.architecture.block_type=simple
models.architecture.mamba_type=mamba
training.mode=gml_rollout
models.out_dim=13    avg_loss: 0.000005152778  time_per_window : 0.000738   progress : 0.306
name: models.architecture.block_type=simple
models.architecture.mamba_type=mamba
training.mode=gml_rollout
models.out_dim=13    avg_loss: 0.000005053443  time_per_window : 0.000837   progress : 0.317
name: models.architecture.block_type=simple
models.architecture.mamba_type=mamba
training.mode=gml_rollout
models.out_dim=13    avg_loss: 0.000005155247  time_per_window : 0.000834   progress : 0.328
name: models.architecture.block_type=simple
models.architecture.mamba_type=mamba
training.mode=gml_rollout
models.out_dim=13    avg_loss: 0.000005122411  time_per_window : 0.000835   progress : 0.339
name: models.architecture.block_type=simple
models.architecture.mamba_type=mamba
training.mode=gml_rollout
models.out_dim=13    avg_loss: 0.000005178073  time_per_window : 0.000889   progress : 0.350
name: models.architecture.block_type=simple
models.architecture.mamba_type=mamba
training.mode=gml_rollout
models.out_dim=13    avg_loss: 0.000005128215  time_per_window : 0.000856   progress : 0.360
name: models.architecture.block_type=simple
models.architecture.mamba_type=mamba
training.mode=gml_rollout
models.out_dim=13    avg_loss: 0.000005130568  time_per_window : 0.000859   progress : 0.371
name: models.architecture.block_type=simple
models.architecture.mamba_type=mamba
training.mode=gml_rollout
models.out_dim=13    avg_loss: 0.000005197513  time_per_window : 0.000875   progress : 0.382
name: models.architecture.block_type=simple
models.architecture.mamba_type=mamba
training.mode=gml_rollout
models.out_dim=13    avg_loss: 0.000005159083  time_per_window : 0.000909   progress : 0.393
name: models.architecture.block_type=simple
models.architecture.mamba_type=mamba
training.mode=gml_rollout
models.out_dim=13    avg_loss: 0.000005173527  time_per_window : 0.000904   progress : 0.404
name: models.architecture.block_type=simple
models.architecture.mamba_type=mamba
training.mode=gml_rollout
models.out_dim=13    avg_loss: 0.000005125705  time_per_window : 0.000817   progress : 0.415
name: models.architecture.block_type=simple
models.architecture.mamba_type=mamba
training.mode=gml_rollout
models.out_dim=13    avg_loss: 0.000005156866  time_per_window : 0.000852   progress : 0.426
name: models.architecture.block_type=simple
models.architecture.mamba_type=mamba
training.mode=gml_rollout
models.out_dim=13    avg_loss: 0.000005139690  time_per_window : 0.000914   progress : 0.437
name: models.architecture.block_type=simple
models.architecture.mamba_type=mamba
training.mode=gml_rollout
models.out_dim=13    avg_loss: 0.000005125572  time_per_window : 0.000901   progress : 0.448
name: models.architecture.block_type=simple
models.architecture.mamba_type=mamba
training.mode=gml_rollout
models.out_dim=13    avg_loss: 0.000005138396  time_per_window : 0.000824   progress : 0.459
name: models.architecture.block_type=simple
models.architecture.mamba_type=mamba
training.mode=gml_rollout
models.out_dim=13    avg_loss: 0.000005099521  time_per_window : 0.000786   progress : 0.470
name: models.architecture.block_type=simple
models.architecture.mamba_type=mamba
training.mode=gml_rollout
models.out_dim=13    avg_loss: 0.000005086882  time_per_window : 0.000869   progress : 0.481
name: models.architecture.block_type=simple
models.architecture.mamba_type=mamba
training.mode=gml_rollout
models.out_dim=13    avg_loss: 0.000005160809  time_per_window : 0.000916   progress : 0.492
name: models.architecture.block_type=simple
models.architecture.mamba_type=mamba
training.mode=gml_rollout
models.out_dim=13    avg_loss: 0.000005108809  time_per_window : 0.000754   progress : 0.502
name: models.architecture.block_type=simple
models.architecture.mamba_type=mamba
training.mode=gml_rollout
models.out_dim=13    avg_loss: 0.000005106422  time_per_window : 0.000857   progress : 0.513
name: models.architecture.block_type=simple
models.architecture.mamba_type=mamba
training.mode=gml_rollout
models.out_dim=13    avg_loss: 0.000005173393  time_per_window : 0.000785   progress : 0.524
name: models.architecture.block_type=simple
models.architecture.mamba_type=mamba
training.mode=gml_rollout
models.out_dim=13    avg_loss: 0.000005113719  time_per_window : 0.000780   progress : 0.535
name: models.architecture.block_type=simple
models.architecture.mamba_type=mamba
training.mode=gml_rollout
models.out_dim=13    avg_loss: 0.000005100126  time_per_window : 0.000797   progress : 0.546
name: models.architecture.block_type=simple
models.architecture.mamba_type=mamba
training.mode=gml_rollout
models.out_dim=13    avg_loss: 0.000005144875  time_per_window : 0.000853   progress : 0.557
name: models.architecture.block_type=simple
models.architecture.mamba_type=mamba
training.mode=gml_rollout
models.out_dim=13    avg_loss: 0.000005121794  time_per_window : 0.000679   progress : 0.568
name: models.architecture.block_type=simple
models.architecture.mamba_type=mamba
training.mode=gml_rollout
models.out_dim=13    avg_loss: 0.000005181386  time_per_window : 0.000909   progress : 0.579
name: models.architecture.block_type=simple
models.architecture.mamba_type=mamba
training.mode=gml_rollout
models.out_dim=13    avg_loss: 0.000005218550  time_per_window : 0.000834   progress : 0.590
name: models.architecture.block_type=simple
models.architecture.mamba_type=mamba
training.mode=gml_rollout
models.out_dim=13    avg_loss: 0.000005073195  time_per_window : 0.000816   progress : 0.601
name: models.architecture.block_type=simple
models.architecture.mamba_type=mamba
training.mode=gml_rollout
models.out_dim=13    avg_loss: 0.000005121018  time_per_window : 0.000838   progress : 0.612
name: models.architecture.block_type=simple
models.architecture.mamba_type=mamba
training.mode=gml_rollout
models.out_dim=13    avg_loss: 0.000005107385  time_per_window : 0.000878   progress : 0.623
name: models.architecture.block_type=simple
models.architecture.mamba_type=mamba
training.mode=gml_rollout
models.out_dim=13    avg_loss: 0.000005153955  time_per_window : 0.000622   progress : 0.634
name: models.architecture.block_type=simple
models.architecture.mamba_type=mamba
training.mode=gml_rollout
models.out_dim=13    avg_loss: 0.000005137170  time_per_window : 0.000903   progress : 0.644
name: models.architecture.block_type=simple
models.architecture.mamba_type=mamba
training.mode=gml_rollout
models.out_dim=13    avg_loss: 0.000005162385  time_per_window : 0.000892   progress : 0.655
name: models.architecture.block_type=simple
models.architecture.mamba_type=mamba
training.mode=gml_rollout
models.out_dim=13    avg_loss: 0.000005097734  time_per_window : 0.000817   progress : 0.666
name: models.architecture.block_type=simple
models.architecture.mamba_type=mamba
training.mode=gml_rollout
models.out_dim=13    avg_loss: 0.000005126195  time_per_window : 0.000857   progress : 0.677
name: models.architecture.block_type=simple
models.architecture.mamba_type=mamba
training.mode=gml_rollout
models.out_dim=13    avg_loss: 0.000005058942  time_per_window : 0.000801   progress : 0.688
name: models.architecture.block_type=simple
models.architecture.mamba_type=mamba
training.mode=gml_rollout
models.out_dim=13    avg_loss: 0.000005130834  time_per_window : 0.000942   progress : 0.699
name: models.architecture.block_type=simple
models.architecture.mamba_type=mamba
training.mode=gml_rollout
models.out_dim=13    avg_loss: 0.000005224144  time_per_window : 0.000867   progress : 0.710
name: models.architecture.block_type=simple
models.architecture.mamba_type=mamba
training.mode=gml_rollout
models.out_dim=13    avg_loss: 0.000005095596  time_per_window : 0.000935   progress : 0.721
name: models.architecture.block_type=simple
models.architecture.mamba_type=mamba
training.mode=gml_rollout
models.out_dim=13    avg_loss: 0.000005174541  time_per_window : 0.000774   progress : 0.732
name: models.architecture.block_type=simple
models.architecture.mamba_type=mamba
training.mode=gml_rollout
models.out_dim=13    avg_loss: 0.000005131224  time_per_window : 0.000863   progress : 0.743
name: models.architecture.block_type=simple
models.architecture.mamba_type=mamba
training.mode=gml_rollout
models.out_dim=13    avg_loss: 0.000005164497  time_per_window : 0.000874   progress : 0.754
name: models.architecture.block_type=simple
models.architecture.mamba_type=mamba
training.mode=gml_rollout
models.out_dim=13    avg_loss: 0.000005076234  time_per_window : 0.000834   progress : 0.765
name: models.architecture.block_type=simple
models.architecture.mamba_type=mamba
training.mode=gml_rollout
models.out_dim=13    avg_loss: 0.000005177058  time_per_window : 0.000858   progress : 0.775
name: models.architecture.block_type=simple
models.architecture.mamba_type=mamba
training.mode=gml_rollout
models.out_dim=13    avg_loss: 0.000005138546  time_per_window : 0.000818   progress : 0.786
name: models.architecture.block_type=simple
models.architecture.mamba_type=mamba
training.mode=gml_rollout
models.out_dim=13    avg_loss: 0.000005138508  time_per_window : 0.000847   progress : 0.797
name: models.architecture.block_type=simple
models.architecture.mamba_type=mamba
training.mode=gml_rollout
models.out_dim=13    avg_loss: 0.000005127287  time_per_window : 0.000868   progress : 0.808
name: models.architecture.block_type=simple
models.architecture.mamba_type=mamba
training.mode=gml_rollout
models.out_dim=13    avg_loss: 0.000005106952  time_per_window : 0.000714   progress : 0.819
name: models.architecture.block_type=simple
models.architecture.mamba_type=mamba
training.mode=gml_rollout
models.out_dim=13    avg_loss: 0.000005106653  time_per_window : 0.000617   progress : 0.830
name: models.architecture.block_type=simple
models.architecture.mamba_type=mamba
training.mode=gml_rollout
models.out_dim=13    avg_loss: 0.000005152400  time_per_window : 0.000579   progress : 0.841
name: models.architecture.block_type=simple
models.architecture.mamba_type=mamba
training.mode=gml_rollout
models.out_dim=13    avg_loss: 0.000005147104  time_per_window : 0.000554   progress : 0.852
name: models.architecture.block_type=simple
models.architecture.mamba_type=mamba
training.mode=gml_rollout
models.out_dim=13    avg_loss: 0.000005105419  time_per_window : 0.000538   progress : 0.863
name: models.architecture.block_type=simple
models.architecture.mamba_type=mamba
training.mode=gml_rollout
models.out_dim=13    avg_loss: 0.000005112181  time_per_window : 0.000504   progress : 0.874
name: models.architecture.block_type=simple
models.architecture.mamba_type=mamba
training.mode=gml_rollout
models.out_dim=13    avg_loss: 0.000005167219  time_per_window : 0.000575   progress : 0.885
name: models.architecture.block_type=simple
models.architecture.mamba_type=mamba
training.mode=gml_rollout
models.out_dim=13    avg_loss: 0.000005087446  time_per_window : 0.000570   progress : 0.896
name: models.architecture.block_type=simple
models.architecture.mamba_type=mamba
training.mode=gml_rollout
models.out_dim=13    avg_loss: 0.000005189394  time_per_window : 0.000569   progress : 0.907
name: models.architecture.block_type=simple
models.architecture.mamba_type=mamba
training.mode=gml_rollout
models.out_dim=13    avg_loss: 0.000005214196  time_per_window : 0.000577   progress : 0.917
name: models.architecture.block_type=simple
models.architecture.mamba_type=mamba
training.mode=gml_rollout
models.out_dim=13    avg_loss: 0.000005176556  time_per_window : 0.000572   progress : 0.928
name: models.architecture.block_type=simple
models.architecture.mamba_type=mamba
training.mode=gml_rollout
models.out_dim=13    avg_loss: 0.000005113631  time_per_window : 0.000540   progress : 0.939
name: models.architecture.block_type=simple
models.architecture.mamba_type=mamba
training.mode=gml_rollout
models.out_dim=13    avg_loss: 0.000005132552  time_per_window : 0.000514   progress : 0.950
name: models.architecture.block_type=simple
models.architecture.mamba_type=mamba
training.mode=gml_rollout
models.out_dim=13    avg_loss: 0.000005160999  time_per_window : 0.000503   progress : 0.961
name: models.architecture.block_type=simple
models.architecture.mamba_type=mamba
training.mode=gml_rollout
models.out_dim=13    avg_loss: 0.000005087046  time_per_window : 0.000537   progress : 0.972
name: models.architecture.block_type=simple
models.architecture.mamba_type=mamba
training.mode=gml_rollout
models.out_dim=13    avg_loss: 0.000005151408  time_per_window : 0.000514   progress : 0.983
name: models.architecture.block_type=simple
models.architecture.mamba_type=mamba
training.mode=gml_rollout
models.out_dim=13    avg_loss: 0.000005127757  time_per_window : 0.000475   progress : 0.994
name: models.architecture.block_type=simple
models.architecture.mamba_type=mamba
training.mode=gml_rollout
models.out_dim=13    avg_loss: 0.000012509143  time_per_window : 0.000557   progress : 0.011
name: models.architecture.block_type=simple
models.architecture.mamba_type=mamba
training.mode=gml_rollout
models.out_dim=13    avg_loss: 0.000006027546  time_per_window : 0.000576   progress : 0.022
name: models.architecture.block_type=simple
models.architecture.mamba_type=mamba
training.mode=gml_rollout
models.out_dim=13    avg_loss: 0.000005370829  time_per_window : 0.000540   progress : 0.033
name: models.architecture.block_type=simple
models.architecture.mamba_type=mamba
training.mode=gml_rollout
models.out_dim=13    avg_loss: 0.000005303705  time_per_window : 0.000583   progress : 0.044
name: models.architecture.block_type=simple
models.architecture.mamba_type=mamba
training.mode=gml_rollout
models.out_dim=13    avg_loss: 0.000005242109  time_per_window : 0.000490   progress : 0.055
name: models.architecture.block_type=simple
models.architecture.mamba_type=mamba
training.mode=gml_rollout
models.out_dim=13    avg_loss: 0.000005276559  time_per_window : 0.000493   progress : 0.066
name: models.architecture.block_type=simple
models.architecture.mamba_type=mamba
training.mode=gml_rollout
models.out_dim=13    avg_loss: 0.000005230540  time_per_window : 0.000529   progress : 0.076
name: models.architecture.block_type=simple
models.architecture.mamba_type=mamba
training.mode=gml_rollout
models.out_dim=13    avg_loss: 0.000005243203  time_per_window : 0.000562   progress : 0.087
name: models.architecture.block_type=simple
models.architecture.mamba_type=mamba
training.mode=gml_rollout
models.out_dim=13    avg_loss: 0.000005169294  time_per_window : 0.000498   progress : 0.098
name: models.architecture.block_type=simple
models.architecture.mamba_type=mamba
training.mode=gml_rollout
models.out_dim=13    avg_loss: 0.000005190096  time_per_window : 0.000600   progress : 0.109
name: models.architecture.block_type=simple
models.architecture.mamba_type=mamba
training.mode=gml_rollout
models.out_dim=13    avg_loss: 0.000005262283  time_per_window : 0.000506   progress : 0.120
name: models.architecture.block_type=simple
models.architecture.mamba_type=mamba
training.mode=gml_rollout
models.out_dim=13    avg_loss: 0.000005222395  time_per_window : 0.000575   progress : 0.131
name: models.architecture.block_type=simple
models.architecture.mamba_type=mamba
training.mode=gml_rollout
models.out_dim=13    avg_loss: 0.000005229155  time_per_window : 0.000582   progress : 0.142
name: models.architecture.block_type=simple
models.architecture.mamba_type=mamba
training.mode=gml_rollout
models.out_dim=13    avg_loss: 0.000005265071  time_per_window : 0.000523   progress : 0.153
name: models.architecture.block_type=simple
models.architecture.mamba_type=mamba
training.mode=gml_rollout
models.out_dim=13    avg_loss: 0.000005221658  time_per_window : 0.000522   progress : 0.164
name: models.architecture.block_type=simple
models.architecture.mamba_type=mamba
training.mode=gml_rollout
models.out_dim=13    avg_loss: 0.000005229075  time_per_window : 0.000540   progress : 0.175
name: models.architecture.block_type=simple
models.architecture.mamba_type=mamba
training.mode=gml_rollout
models.out_dim=13    avg_loss: 0.000005238321  time_per_window : 0.000620   progress : 0.186
name: models.architecture.block_type=simple
models.architecture.mamba_type=mamba
training.mode=gml_rollout
models.out_dim=13    avg_loss: 0.000005192973  time_per_window : 0.000596   progress : 0.197
name: models.architecture.block_type=simple
models.architecture.mamba_type=mamba
training.mode=gml_rollout
models.out_dim=13    avg_loss: 0.000005218060  time_per_window : 0.000593   progress : 0.208
name: models.architecture.block_type=simple
models.architecture.mamba_type=mamba
training.mode=gml_rollout
models.out_dim=13    avg_loss: 0.000005250458  time_per_window : 0.000578   progress : 0.218
name: models.architecture.block_type=simple
models.architecture.mamba_type=mamba
training.mode=gml_rollout
models.out_dim=13    avg_loss: 0.000005259013  time_per_window : 0.000578   progress : 0.229
name: models.architecture.block_type=simple
models.architecture.mamba_type=mamba
training.mode=gml_rollout
models.out_dim=13    avg_loss: 0.000005167069  time_per_window : 0.000479   progress : 0.240
name: models.architecture.block_type=simple
models.architecture.mamba_type=mamba
training.mode=gml_rollout
models.out_dim=13    avg_loss: 0.000005221939  time_per_window : 0.000506   progress : 0.251
name: models.architecture.block_type=simple
models.architecture.mamba_type=mamba
training.mode=gml_rollout
models.out_dim=13    avg_loss: 0.000005254338  time_per_window : 0.000509   progress : 0.262
name: models.architecture.block_type=simple
models.architecture.mamba_type=mamba
training.mode=gml_rollout
models.out_dim=13    avg_loss: 0.000005233587  time_per_window : 0.000508   progress : 0.273
name: models.architecture.block_type=simple
models.architecture.mamba_type=mamba
training.mode=gml_rollout
models.out_dim=13    avg_loss: 0.000005265849  time_per_window : 0.000567   progress : 0.284
name: models.architecture.block_type=simple
models.architecture.mamba_type=mamba
training.mode=gml_rollout
models.out_dim=13    avg_loss: 0.000005181578  time_per_window : 0.000550   progress : 0.295
name: models.architecture.block_type=simple
models.architecture.mamba_type=mamba
training.mode=gml_rollout
models.out_dim=13    avg_loss: 0.000005242237  time_per_window : 0.000569   progress : 0.306
name: models.architecture.block_type=simple
models.architecture.mamba_type=mamba
training.mode=gml_rollout
models.out_dim=13    avg_loss: 0.000005134349  time_per_window : 0.000575   progress : 0.317
name: models.architecture.block_type=simple
models.architecture.mamba_type=mamba
training.mode=gml_rollout
models.out_dim=13    avg_loss: 0.000005253856  time_per_window : 0.000468   progress : 0.328
name: models.architecture.block_type=simple
models.architecture.mamba_type=mamba
training.mode=gml_rollout
models.out_dim=13    avg_loss: 0.000005209929  time_per_window : 0.000549   progress : 0.339
name: models.architecture.block_type=simple
models.architecture.mamba_type=mamba
training.mode=gml_rollout
models.out_dim=13    avg_loss: 0.000005264060  time_per_window : 0.000487   progress : 0.350
name: models.architecture.block_type=simple
models.architecture.mamba_type=mamba
training.mode=gml_rollout
models.out_dim=13    avg_loss: 0.000005216086  time_per_window : 0.000521   progress : 0.360
name: models.architecture.block_type=simple
models.architecture.mamba_type=mamba
training.mode=gml_rollout
models.out_dim=13    avg_loss: 0.000005198084  time_per_window : 0.000554   progress : 0.371
name: models.architecture.block_type=simple
models.architecture.mamba_type=mamba
training.mode=gml_rollout
models.out_dim=13    avg_loss: 0.000005273924  time_per_window : 0.000526   progress : 0.382
name: models.architecture.block_type=simple
models.architecture.mamba_type=mamba
training.mode=gml_rollout
models.out_dim=13    avg_loss: 0.000005253640  time_per_window : 0.000592   progress : 0.393
name: models.architecture.block_type=simple
models.architecture.mamba_type=mamba
training.mode=gml_rollout
models.out_dim=13    avg_loss: 0.000005261648  time_per_window : 0.000488   progress : 0.404
name: models.architecture.block_type=simple
models.architecture.mamba_type=mamba
training.mode=gml_rollout
models.out_dim=13    avg_loss: 0.000005213625  time_per_window : 0.000493   progress : 0.415
name: models.architecture.block_type=simple
models.architecture.mamba_type=mamba
training.mode=gml_rollout
models.out_dim=13    avg_loss: 0.000005244100  time_per_window : 0.000537   progress : 0.426
name: models.architecture.block_type=simple
models.architecture.mamba_type=mamba
training.mode=gml_rollout
models.out_dim=13    avg_loss: 0.000005236113  time_per_window : 0.000481   progress : 0.437
name: models.architecture.block_type=simple
models.architecture.mamba_type=mamba
training.mode=gml_rollout
models.out_dim=13    avg_loss: 0.000005212644  time_per_window : 0.000505   progress : 0.448
name: models.architecture.block_type=simple
models.architecture.mamba_type=mamba
training.mode=gml_rollout
models.out_dim=13    avg_loss: 0.000005219537  time_per_window : 0.000549   progress : 0.459
name: models.architecture.block_type=simple
models.architecture.mamba_type=mamba
training.mode=gml_rollout
models.out_dim=13    avg_loss: 0.000005194458  time_per_window : 0.000556   progress : 0.470
name: models.architecture.block_type=simple
models.architecture.mamba_type=mamba
training.mode=gml_rollout
models.out_dim=13    avg_loss: 0.000005159665  time_per_window : 0.000573   progress : 0.481
name: models.architecture.block_type=simple
models.architecture.mamba_type=mamba
training.mode=gml_rollout
models.out_dim=13    avg_loss: 0.000005258246  time_per_window : 0.000576   progress : 0.492
name: models.architecture.block_type=simple
models.architecture.mamba_type=mamba
training.mode=gml_rollout
models.out_dim=13    avg_loss: 0.000005196863  time_per_window : 0.000514   progress : 0.502
name: models.architecture.block_type=simple
models.architecture.mamba_type=mamba
training.mode=gml_rollout
models.out_dim=13    avg_loss: 0.000005175385  time_per_window : 0.000498   progress : 0.513
name: models.architecture.block_type=simple
models.architecture.mamba_type=mamba
training.mode=gml_rollout
models.out_dim=13    avg_loss: 0.000005237388  time_per_window : 0.000520   progress : 0.524
name: models.architecture.block_type=simple
models.architecture.mamba_type=mamba
training.mode=gml_rollout
models.out_dim=13    avg_loss: 0.000005290553  time_per_window : 0.000491   progress : 0.535
name: models.architecture.block_type=simple
models.architecture.mamba_type=mamba
training.mode=gml_rollout
models.out_dim=13    avg_loss: 0.000005207502  time_per_window : 0.000501   progress : 0.546
name: models.architecture.block_type=simple
models.architecture.mamba_type=mamba
training.mode=gml_rollout
models.out_dim=13    avg_loss: 0.000005226620  time_per_window : 0.000570   progress : 0.557
name: models.architecture.block_type=simple
models.architecture.mamba_type=mamba
training.mode=gml_rollout
models.out_dim=13    avg_loss: 0.000005220373  time_per_window : 0.000586   progress : 0.568
name: models.architecture.block_type=simple
models.architecture.mamba_type=mamba
training.mode=gml_rollout
models.out_dim=13    avg_loss: 0.000005250334  time_per_window : 0.000489   progress : 0.579
name: models.architecture.block_type=simple
models.architecture.mamba_type=mamba
training.mode=gml_rollout
models.out_dim=13    avg_loss: 0.000005286260  time_per_window : 0.000509   progress : 0.590
name: models.architecture.block_type=simple
models.architecture.mamba_type=mamba
training.mode=gml_rollout
models.out_dim=13    avg_loss: 0.000005147878  time_per_window : 0.000608   progress : 0.601
name: models.architecture.block_type=simple
models.architecture.mamba_type=mamba
training.mode=gml_rollout
models.out_dim=13    avg_loss: 0.000005197266  time_per_window : 0.000560   progress : 0.612
name: models.architecture.block_type=simple
models.architecture.mamba_type=mamba
training.mode=gml_rollout
models.out_dim=13    avg_loss: 0.000005179852  time_per_window : 0.000578   progress : 0.623
name: models.architecture.block_type=simple
models.architecture.mamba_type=mamba
training.mode=gml_rollout
models.out_dim=13    avg_loss: 0.000005229720  time_per_window : 0.000554   progress : 0.634
name: models.architecture.block_type=simple
models.architecture.mamba_type=mamba
training.mode=gml_rollout
models.out_dim=13    avg_loss: 0.000005221605  time_per_window : 0.000581   progress : 0.644
name: models.architecture.block_type=simple
models.architecture.mamba_type=mamba
training.mode=gml_rollout
models.out_dim=13    avg_loss: 0.000005242861  time_per_window : 0.000574   progress : 0.655
name: models.architecture.block_type=simple
models.architecture.mamba_type=mamba
training.mode=gml_rollout
models.out_dim=13    avg_loss: 0.000005184442  time_per_window : 0.000556   progress : 0.666
name: models.architecture.block_type=simple
models.architecture.mamba_type=mamba
training.mode=gml_rollout
models.out_dim=13    avg_loss: 0.000005211852  time_per_window : 0.000579   progress : 0.677
name: models.architecture.block_type=simple
models.architecture.mamba_type=mamba
training.mode=gml_rollout
models.out_dim=13    avg_loss: 0.000005148454  time_per_window : 0.000481   progress : 0.688
name: models.architecture.block_type=simple
models.architecture.mamba_type=mamba
training.mode=gml_rollout
models.out_dim=13    avg_loss: 0.000005230464  time_per_window : 0.000582   progress : 0.699
name: models.architecture.block_type=simple
models.architecture.mamba_type=mamba
training.mode=gml_rollout
models.out_dim=13    avg_loss: 0.000005294489  time_per_window : 0.000502   progress : 0.710
name: models.architecture.block_type=simple
models.architecture.mamba_type=mamba
training.mode=gml_rollout
models.out_dim=13    avg_loss: 0.000005174429  time_per_window : 0.000539   progress : 0.721
name: models.architecture.block_type=simple
models.architecture.mamba_type=mamba
training.mode=gml_rollout
models.out_dim=13    avg_loss: 0.000005269896  time_per_window : 0.000496   progress : 0.732
name: models.architecture.block_type=simple
models.architecture.mamba_type=mamba
training.mode=gml_rollout
models.out_dim=13    avg_loss: 0.000005196552  time_per_window : 0.000537   progress : 0.743
name: models.architecture.block_type=simple
models.architecture.mamba_type=mamba
training.mode=gml_rollout
models.out_dim=13    avg_loss: 0.000005257904  time_per_window : 0.000570   progress : 0.754
name: models.architecture.block_type=simple
models.architecture.mamba_type=mamba
training.mode=gml_rollout
models.out_dim=13    avg_loss: 0.000005154876  time_per_window : 0.000511   progress : 0.765
name: models.architecture.block_type=simple
models.architecture.mamba_type=mamba
training.mode=gml_rollout
models.out_dim=13    avg_loss: 0.000005280203  time_per_window : 0.000500   progress : 0.775
name: models.architecture.block_type=simple
models.architecture.mamba_type=mamba
training.mode=gml_rollout
models.out_dim=13    avg_loss: 0.000005238958  time_per_window : 0.000526   progress : 0.786
name: models.architecture.block_type=simple
models.architecture.mamba_type=mamba
training.mode=gml_rollout
models.out_dim=13    avg_loss: 0.000005194230  time_per_window : 0.000492   progress : 0.797
name: models.architecture.block_type=simple
models.architecture.mamba_type=mamba
training.mode=gml_rollout
models.out_dim=13    avg_loss: 0.000005205629  time_per_window : 0.000515   progress : 0.808
name: models.architecture.block_type=simple
models.architecture.mamba_type=mamba
training.mode=gml_rollout
models.out_dim=13    avg_loss: 0.000005191404  time_per_window : 0.000586   progress : 0.819
name: models.architecture.block_type=simple
models.architecture.mamba_type=mamba
training.mode=gml_rollout
models.out_dim=13    avg_loss: 0.000005185029  time_per_window : 0.000539   progress : 0.830
name: models.architecture.block_type=simple
models.architecture.mamba_type=mamba
training.mode=gml_rollout
models.out_dim=13    avg_loss: 0.000005262071  time_per_window : 0.000572   progress : 0.841
name: models.architecture.block_type=simple
models.architecture.mamba_type=mamba
training.mode=gml_rollout
models.out_dim=13    avg_loss: 0.000005228847  time_per_window : 0.000597   progress : 0.852
name: models.architecture.block_type=simple
models.architecture.mamba_type=mamba
training.mode=gml_rollout
models.out_dim=13    avg_loss: 0.000005175189  time_per_window : 0.000605   progress : 0.863
name: models.architecture.block_type=simple
models.architecture.mamba_type=mamba
training.mode=gml_rollout
models.out_dim=13    avg_loss: 0.000005182090  time_per_window : 0.000589   progress : 0.874
name: models.architecture.block_type=simple
models.architecture.mamba_type=mamba
training.mode=gml_rollout
models.out_dim=13    avg_loss: 0.000005236556  time_per_window : 0.000566   progress : 0.885
name: models.architecture.block_type=simple
models.architecture.mamba_type=mamba
training.mode=gml_rollout
models.out_dim=13    avg_loss: 0.000005169252  time_per_window : 0.000596   progress : 0.896
name: models.architecture.block_type=simple
models.architecture.mamba_type=mamba
training.mode=gml_rollout
models.out_dim=13    avg_loss: 0.000005279078  time_per_window : 0.000492   progress : 0.907
name: models.architecture.block_type=simple
models.architecture.mamba_type=mamba
training.mode=gml_rollout
models.out_dim=13    avg_loss: 0.000005295572  time_per_window : 0.000490   progress : 0.917
name: models.architecture.block_type=simple
models.architecture.mamba_type=mamba
training.mode=gml_rollout
models.out_dim=13    avg_loss: 0.000005255186  time_per_window : 0.000503   progress : 0.928
name: models.architecture.block_type=simple
models.architecture.mamba_type=mamba
training.mode=gml_rollout
models.out_dim=13    avg_loss: 0.000005193336  time_per_window : 0.000491   progress : 0.939
name: models.architecture.block_type=simple
models.architecture.mamba_type=mamba
training.mode=gml_rollout
models.out_dim=13    avg_loss: 0.000005213550  time_per_window : 0.000543   progress : 0.950
name: models.architecture.block_type=simple
models.architecture.mamba_type=mamba
training.mode=gml_rollout
models.out_dim=13    avg_loss: 0.000005246015  time_per_window : 0.000489   progress : 0.961
name: models.architecture.block_type=simple
models.architecture.mamba_type=mamba
training.mode=gml_rollout
models.out_dim=13    avg_loss: 0.000005173579  time_per_window : 0.000495   progress : 0.972
name: models.architecture.block_type=simple
models.architecture.mamba_type=mamba
training.mode=gml_rollout
models.out_dim=13    avg_loss: 0.000005242038  time_per_window : 0.000570   progress : 0.983
name: models.architecture.block_type=simple
models.architecture.mamba_type=mamba
training.mode=gml_rollout
models.out_dim=13    avg_loss: 0.000005208578  time_per_window : 0.000582   progress : 0.994
name: models.architecture.block_type=simple
models.architecture.mamba_type=mamba
training.mode=gml_rollout
models.out_dim=13    avg_loss: -46.750274658203  time_per_window : 0.000587   progress : 0.011
name: models.architecture.block_type=simple
models.architecture.mamba_type=mamba
training.mode=gml_rollout
models.out_dim=13    avg_loss: -55.791015625000  time_per_window : 0.000584   progress : 0.022
name: models.architecture.block_type=simple
models.architecture.mamba_type=mamba
training.mode=gml_rollout
models.out_dim=13    avg_loss: -56.459083557129  time_per_window : 0.000547   progress : 0.033
name: models.architecture.block_type=simple
models.architecture.mamba_type=mamba
training.mode=gml_rollout
models.out_dim=13    avg_loss: -56.412990570068  time_per_window : 0.000638   progress : 0.044
name: models.architecture.block_type=simple
models.architecture.mamba_type=mamba
training.mode=gml_rollout
models.out_dim=13    avg_loss: -56.697540283203  time_per_window : 0.000542   progress : 0.055
name: models.architecture.block_type=simple
models.architecture.mamba_type=mamba
training.mode=gml_rollout
models.out_dim=13    avg_loss: -56.242130279541  time_per_window : 0.000547   progress : 0.066
name: models.architecture.block_type=simple
models.architecture.mamba_type=mamba
training.mode=gml_rollout
models.out_dim=13    avg_loss: -56.434169769287  time_per_window : 0.000538   progress : 0.076
name: models.architecture.block_type=simple
models.architecture.mamba_type=mamba
training.mode=gml_rollout
models.out_dim=13    avg_loss: -56.418849945068  time_per_window : 0.000625   progress : 0.087
name: models.architecture.block_type=simple
models.architecture.mamba_type=mamba
training.mode=gml_rollout
models.out_dim=13    avg_loss: -56.889934539795  time_per_window : 0.000557   progress : 0.098
name: models.architecture.block_type=simple
models.architecture.mamba_type=mamba
training.mode=gml_rollout
models.out_dim=13    avg_loss: -56.681011199951  time_per_window : 0.000575   progress : 0.109
name: models.architecture.block_type=simple
models.architecture.mamba_type=mamba
training.mode=gml_rollout
models.out_dim=13    avg_loss: -56.218795776367  time_per_window : 0.000518   progress : 0.120
name: models.architecture.block_type=simple
models.architecture.mamba_type=mamba
training.mode=gml_rollout
models.out_dim=13    avg_loss: -56.477542877197  time_per_window : 0.000550   progress : 0.131
name: models.architecture.block_type=simple
models.architecture.mamba_type=mamba
training.mode=gml_rollout
models.out_dim=13    avg_loss: -56.482929229736  time_per_window : 0.000621   progress : 0.142
name: models.architecture.block_type=simple
models.architecture.mamba_type=mamba
training.mode=gml_rollout
models.out_dim=13    avg_loss: -56.277954101562  time_per_window : 0.000546   progress : 0.153
name: models.architecture.block_type=simple
models.architecture.mamba_type=mamba
training.mode=gml_rollout
models.out_dim=13    avg_loss: -56.497165679932  time_per_window : 0.000570   progress : 0.164
name: models.architecture.block_type=simple
models.architecture.mamba_type=mamba
training.mode=gml_rollout
models.out_dim=13    avg_loss: -56.491092681885  time_per_window : 0.000605   progress : 0.175
name: models.architecture.block_type=simple
models.architecture.mamba_type=mamba
training.mode=gml_rollout
models.out_dim=13    avg_loss: -56.345409393311  time_per_window : 0.000602   progress : 0.186
name: models.architecture.block_type=simple
models.architecture.mamba_type=mamba
training.mode=gml_rollout
models.out_dim=13    avg_loss: -56.665485382080  time_per_window : 0.000560   progress : 0.197
name: models.architecture.block_type=simple
models.architecture.mamba_type=mamba
training.mode=gml_rollout
models.out_dim=13    avg_loss: -56.577182769775  time_per_window : 0.000546   progress : 0.208
name: models.architecture.block_type=simple
models.architecture.mamba_type=mamba
training.mode=gml_rollout
models.out_dim=13    avg_loss: -56.324634552002  time_per_window : 0.000548   progress : 0.218
name: models.architecture.block_type=simple
models.architecture.mamba_type=mamba
training.mode=gml_rollout
models.out_dim=13    avg_loss: -56.311508178711  time_per_window : 0.000596   progress : 0.229
name: models.architecture.block_type=simple
models.architecture.mamba_type=mamba
training.mode=gml_rollout
models.out_dim=13    avg_loss: -56.868820190430  time_per_window : 0.000559   progress : 0.240
name: models.architecture.block_type=simple
models.architecture.mamba_type=mamba
training.mode=gml_rollout
models.out_dim=13    avg_loss: -56.588390350342  time_per_window : 0.000561   progress : 0.251
name: models.architecture.block_type=simple
models.architecture.mamba_type=mamba
training.mode=gml_rollout
models.out_dim=13    avg_loss: -56.469413757324  time_per_window : 0.000573   progress : 0.262
name: models.architecture.block_type=simple
models.architecture.mamba_type=mamba
training.mode=gml_rollout
models.out_dim=13    avg_loss: -56.681056976318  time_per_window : 0.000564   progress : 0.273
name: models.architecture.block_type=simple
models.architecture.mamba_type=mamba
training.mode=gml_rollout
models.out_dim=13    avg_loss: -56.354969024658  time_per_window : 0.000531   progress : 0.284
name: models.architecture.block_type=simple
models.architecture.mamba_type=mamba
training.mode=gml_rollout
models.out_dim=13    avg_loss: -56.804649353027  time_per_window : 0.000556   progress : 0.295
name: models.architecture.block_type=simple
models.architecture.mamba_type=mamba
training.mode=gml_rollout
models.out_dim=13    avg_loss: -56.468631744385  time_per_window : 0.000555   progress : 0.306
name: models.architecture.block_type=simple
models.architecture.mamba_type=mamba
training.mode=gml_rollout
models.out_dim=13    avg_loss: -57.087268829346  time_per_window : 0.000605   progress : 0.317
name: models.architecture.block_type=simple
models.architecture.mamba_type=mamba
training.mode=gml_rollout
models.out_dim=13    avg_loss: -56.401088714600  time_per_window : 0.000555   progress : 0.328
name: models.architecture.block_type=simple
models.architecture.mamba_type=mamba
training.mode=gml_rollout
models.out_dim=13    avg_loss: -56.627342224121  time_per_window : 0.000550   progress : 0.339
name: models.architecture.block_type=simple
models.architecture.mamba_type=mamba
training.mode=gml_rollout
models.out_dim=13    avg_loss: -56.280391693115  time_per_window : 0.000617   progress : 0.350
name: models.architecture.block_type=simple
models.architecture.mamba_type=mamba
training.mode=gml_rollout
models.out_dim=13    avg_loss: -56.613876342773  time_per_window : 0.000614   progress : 0.360
name: models.architecture.block_type=simple
models.architecture.mamba_type=mamba
training.mode=gml_rollout
models.out_dim=13    avg_loss: -56.578079223633  time_per_window : 0.000625   progress : 0.371
name: models.architecture.block_type=simple
models.architecture.mamba_type=mamba
training.mode=gml_rollout
models.out_dim=13    avg_loss: -56.132316589355  time_per_window : 0.000627   progress : 0.382
name: models.architecture.block_type=simple
models.architecture.mamba_type=mamba
training.mode=gml_rollout
models.out_dim=13    avg_loss: -56.419517517090  time_per_window : 0.000633   progress : 0.393
name: models.architecture.block_type=simple
models.architecture.mamba_type=mamba
training.mode=gml_rollout
models.out_dim=13    avg_loss: -56.317131042480  time_per_window : 0.000554   progress : 0.404
name: models.architecture.block_type=simple
models.architecture.mamba_type=mamba
training.mode=gml_rollout
models.out_dim=13    avg_loss: -56.605731964111  time_per_window : 0.000539   progress : 0.415
name: models.architecture.block_type=simple
models.architecture.mamba_type=mamba
training.mode=gml_rollout
models.out_dim=13    avg_loss: -56.447940826416  time_per_window : 0.000557   progress : 0.426
name: models.architecture.block_type=simple
models.architecture.mamba_type=mamba
training.mode=gml_rollout
models.out_dim=13    avg_loss: -56.524448394775  time_per_window : 0.000610   progress : 0.437
name: models.architecture.block_type=simple
models.architecture.mamba_type=mamba
training.mode=gml_rollout
models.out_dim=13    avg_loss: -56.623481750488  time_per_window : 0.000564   progress : 0.448
name: models.architecture.block_type=simple
models.architecture.mamba_type=mamba
training.mode=gml_rollout
models.out_dim=13    avg_loss: -56.529617309570  time_per_window : 0.000604   progress : 0.459
name: models.architecture.block_type=simple
models.architecture.mamba_type=mamba
training.mode=gml_rollout
models.out_dim=13    avg_loss: -56.788505554199  time_per_window : 0.000547   progress : 0.470
name: models.architecture.block_type=simple
models.architecture.mamba_type=mamba
training.mode=gml_rollout
models.out_dim=13    avg_loss: -56.891391754150  time_per_window : 0.000578   progress : 0.481
name: models.architecture.block_type=simple
models.architecture.mamba_type=mamba
training.mode=gml_rollout
models.out_dim=13    avg_loss: -56.415149688721  time_per_window : 0.000613   progress : 0.492
name: models.architecture.block_type=simple
models.architecture.mamba_type=mamba
training.mode=gml_rollout
models.out_dim=13    avg_loss: -56.723152160645  time_per_window : 0.000610   progress : 0.502
name: models.architecture.block_type=simple
models.architecture.mamba_type=mamba
training.mode=gml_rollout
models.out_dim=13    avg_loss: -56.734424591064  time_per_window : 0.000548   progress : 0.513
name: models.architecture.block_type=simple
models.architecture.mamba_type=mamba
training.mode=gml_rollout
models.out_dim=13    avg_loss: -56.397037506104  time_per_window : 0.000598   progress : 0.524
name: models.architecture.block_type=simple
models.architecture.mamba_type=mamba
training.mode=gml_rollout
models.out_dim=13    avg_loss: -56.653526306152  time_per_window : 0.000616   progress : 0.535
name: models.architecture.block_type=simple
models.architecture.mamba_type=mamba
training.mode=gml_rollout
models.out_dim=13    avg_loss: -56.786071777344  time_per_window : 0.000565   progress : 0.546
name: models.architecture.block_type=simple
models.architecture.mamba_type=mamba
training.mode=gml_rollout
models.out_dim=13    avg_loss: -56.474533081055  time_per_window : 0.000620   progress : 0.557
name: models.architecture.block_type=simple
models.architecture.mamba_type=mamba
training.mode=gml_rollout
models.out_dim=13    avg_loss: -56.626041412354  time_per_window : 0.000550   progress : 0.568
name: models.architecture.block_type=simple
models.architecture.mamba_type=mamba
training.mode=gml_rollout
models.out_dim=13    avg_loss: -56.232078552246  time_per_window : 0.000588   progress : 0.579
name: models.architecture.block_type=simple
models.architecture.mamba_type=mamba
training.mode=gml_rollout
models.out_dim=13    avg_loss: -56.077175140381  time_per_window : 0.000573   progress : 0.590
name: models.architecture.block_type=simple
models.architecture.mamba_type=mamba
training.mode=gml_rollout
models.out_dim=13    avg_loss: -56.979000091553  time_per_window : 0.000564   progress : 0.601
name: models.architecture.block_type=simple
models.architecture.mamba_type=mamba
training.mode=gml_rollout
models.out_dim=13    avg_loss: -56.589599609375  time_per_window : 0.000522   progress : 0.612
name: models.architecture.block_type=simple
models.architecture.mamba_type=mamba
training.mode=gml_rollout
models.out_dim=13    avg_loss: -56.709163665771  time_per_window : 0.000598   progress : 0.623
name: models.architecture.block_type=simple
models.architecture.mamba_type=mamba
training.mode=gml_rollout
models.out_dim=13    avg_loss: -56.433616638184  time_per_window : 0.000634   progress : 0.634
name: models.architecture.block_type=simple
models.architecture.mamba_type=mamba
training.mode=gml_rollout
models.out_dim=13    avg_loss: -56.548564910889  time_per_window : 0.000543   progress : 0.644
name: models.architecture.block_type=simple
models.architecture.mamba_type=mamba
training.mode=gml_rollout
models.out_dim=13    avg_loss: -56.440479278564  time_per_window : 0.000568   progress : 0.655
name: models.architecture.block_type=simple
models.architecture.mamba_type=mamba
training.mode=gml_rollout
models.out_dim=13    avg_loss: -56.782989501953  time_per_window : 0.000601   progress : 0.666
name: models.architecture.block_type=simple
models.architecture.mamba_type=mamba
training.mode=gml_rollout
models.out_dim=13    avg_loss: -56.598339080811  time_per_window : 0.000547   progress : 0.677
name: models.architecture.block_type=simple
models.architecture.mamba_type=mamba
training.mode=gml_rollout
models.out_dim=13    avg_loss: -56.998416900635  time_per_window : 0.003392   progress : 0.688
name: models.architecture.block_type=simple
models.architecture.mamba_type=mamba
training.mode=gml_rollout
models.out_dim=13    avg_loss: -56.578945159912  time_per_window : 0.000557   progress : 0.699
name: models.architecture.block_type=simple
models.architecture.mamba_type=mamba
training.mode=gml_rollout
models.out_dim=13    avg_loss: -55.983219146729  time_per_window : 0.000557   progress : 0.710
name: models.architecture.block_type=simple
models.architecture.mamba_type=mamba
training.mode=gml_rollout
models.out_dim=13    avg_loss: -56.792461395264  time_per_window : 0.000553   progress : 0.721
name: models.architecture.block_type=simple
models.architecture.mamba_type=mamba
training.mode=gml_rollout
models.out_dim=13    avg_loss: -56.284320831299  time_per_window : 0.000576   progress : 0.732
name: models.architecture.block_type=simple
models.architecture.mamba_type=mamba
training.mode=gml_rollout
models.out_dim=13    avg_loss: -56.580509185791  time_per_window : 0.000551   progress : 0.743
name: models.architecture.block_type=simple
models.architecture.mamba_type=mamba
training.mode=gml_rollout
models.out_dim=13    avg_loss: -56.369419097900  time_per_window : 0.000582   progress : 0.754
name: models.architecture.block_type=simple
models.architecture.mamba_type=mamba
training.mode=gml_rollout
models.out_dim=13    avg_loss: -56.916889190674  time_per_window : 0.000581   progress : 0.765
name: models.architecture.block_type=simple
models.architecture.mamba_type=mamba
training.mode=gml_rollout
models.out_dim=13    avg_loss: -56.278789520264  time_per_window : 0.000604   progress : 0.775
name: models.architecture.block_type=simple
models.architecture.mamba_type=mamba
training.mode=gml_rollout
models.out_dim=13    avg_loss: -56.527858734131  time_per_window : 0.000575   progress : 0.786
name: models.architecture.block_type=simple
models.architecture.mamba_type=mamba
training.mode=gml_rollout
models.out_dim=13    avg_loss: -56.500606536865  time_per_window : 0.000555   progress : 0.797
name: models.architecture.block_type=simple
models.architecture.mamba_type=mamba
training.mode=gml_rollout
models.out_dim=13    avg_loss: -56.604099273682  time_per_window : 0.000583   progress : 0.808
name: models.architecture.block_type=simple
models.architecture.mamba_type=mamba
training.mode=gml_rollout
models.out_dim=13    avg_loss: -56.703800201416  time_per_window : 0.000570   progress : 0.819
name: models.architecture.block_type=simple
models.architecture.mamba_type=mamba
training.mode=gml_rollout
models.out_dim=13    avg_loss: -56.723838806152  time_per_window : 0.000593   progress : 0.830
name: models.architecture.block_type=simple
models.architecture.mamba_type=mamba
training.mode=gml_rollout
models.out_dim=13    avg_loss: -56.441452026367  time_per_window : 0.000628   progress : 0.841
name: models.architecture.block_type=simple
models.architecture.mamba_type=mamba
training.mode=gml_rollout
models.out_dim=13    avg_loss: -56.467842102051  time_per_window : 0.000588   progress : 0.852
name: models.architecture.block_type=simple
models.architecture.mamba_type=mamba
training.mode=gml_rollout
models.out_dim=13    avg_loss: -56.801017761230  time_per_window : 0.000618   progress : 0.863
name: models.architecture.block_type=simple
models.architecture.mamba_type=mamba
training.mode=gml_rollout
models.out_dim=13    avg_loss: -56.671962738037  time_per_window : 0.000544   progress : 0.874
name: models.architecture.block_type=simple
models.architecture.mamba_type=mamba
training.mode=gml_rollout
models.out_dim=13    avg_loss: -56.313247680664  time_per_window : 0.000578   progress : 0.885
name: models.architecture.block_type=simple
models.architecture.mamba_type=mamba
training.mode=gml_rollout
models.out_dim=13    avg_loss: -56.856422424316  time_per_window : 0.000612   progress : 0.896
name: models.architecture.block_type=simple
models.architecture.mamba_type=mamba
training.mode=gml_rollout
models.out_dim=13    avg_loss: -56.200271606445  time_per_window : 0.000611   progress : 0.907
name: models.architecture.block_type=simple
models.architecture.mamba_type=mamba
training.mode=gml_rollout
models.out_dim=13    avg_loss: -56.005714416504  time_per_window : 0.000603   progress : 0.917
name: models.architecture.block_type=simple
models.architecture.mamba_type=mamba
training.mode=gml_rollout
models.out_dim=13    avg_loss: -56.272727966309  time_per_window : 0.000695   progress : 0.928
name: models.architecture.block_type=simple
models.architecture.mamba_type=mamba
training.mode=gml_rollout
models.out_dim=13    avg_loss: -56.677600860596  time_per_window : 0.000613   progress : 0.939
name: models.architecture.block_type=simple
models.architecture.mamba_type=mamba
training.mode=gml_rollout
models.out_dim=13    avg_loss: -56.584251403809  time_per_window : 0.000640   progress : 0.950
name: models.architecture.block_type=simple
models.architecture.mamba_type=mamba
training.mode=gml_rollout
models.out_dim=13    avg_loss: -56.411621093750  time_per_window : 0.000560   progress : 0.961
name: models.architecture.block_type=simple
models.architecture.mamba_type=mamba
training.mode=gml_rollout
models.out_dim=13    avg_loss: -56.841358184814  time_per_window : 0.000618   progress : 0.972
name: models.architecture.block_type=simple
models.architecture.mamba_type=mamba
training.mode=gml_rollout
models.out_dim=13    avg_loss: -56.439815521240  time_per_window : 0.000620   progress : 0.983
name: models.architecture.block_type=simple
models.architecture.mamba_type=mamba
training.mode=gml_rollout
models.out_dim=13    avg_loss: -56.591411590576  time_per_window : 0.000596   progress : 0.994
DONE!!!
