/home/jdihardjo/miniconda3/envs/mavenv/lib/python3.11/site-packages/hydra/_internal/defaults_list.py:251: UserWarning: In 'config': Defaults list is missing `_self_`. See https://hydra.cc/docs/1.2/upgrades/1.0_to_1.1/default_composition_order for more information
  warnings.warn(msg, UserWarning)
Using cuda device
[2026-07-23 17:18:51,223][HYDRA] Joblib.Parallel(n_jobs=4,backend=loky,prefer=processes,require=None,verbose=0,timeout=None,pre_dispatch=2*n_jobs,batch_size=auto,temp_folder=None,max_nbytes=None,mmap_mode=r) is launching 1 jobs
[2026-07-23 17:18:51,223][HYDRA] Launching jobs, sweep output dir : ablation_runs/2026-07-23_17-18-45/simple_gml_mamba_out10
[2026-07-23 17:18:51,223][HYDRA] 	#0 : models.architecture.block_type=simple models.architecture.mamba_type=mamba training.mode=gml_rollout models.out_dim=10
/home/jdihardjo/miniconda3/envs/mavenv/lib/python3.11/site-packages/hydra/_internal/defaults_list.py:251: UserWarning: In 'config': Defaults list is missing `_self_`. See https://hydra.cc/docs/1.2/upgrades/1.0_to_1.1/default_composition_order for more information
  warnings.warn(msg, UserWarning)
models:
  n_dim: 23
  out_dim: 10
  architecture:
    d_model: 128
    n_encoder_layers: 2
    n_decoder_layers: 0
    block_type: simple
    time_adapter: last_token
    in_norm: none
    out_norm: none
    layer_scale: 0.0001
    drop_path: 0.05
    mamba_type: mamba
    mamba_kwargs:
      d_state: 16
      d_conv: 2
      expand: 2
      norm: rms
    skip: false
    cls_kwargs:
      n_heads: 2
      n_mlp: 2
      positional_encoding: false
      max_len: 5000
input_len: 32
output_len: 1
batch_size: 128
epochs: 5
seed: 0
dataset:
  path: /home/jdihardjo/simdata/train.zarr/
  training_size: 1500000
evaluation:
  path: /home/jdihardjo/simdata/evaluation.zarr/
  evaluation_size: 50
training:
  mode: gml_rollout
  lr: 0.0002
  weight_decay: 0.1
  rollout_steps: 16
checkpoint:
  save_path: hydra-test.pth
  load: false
  path: hydra-test.pth
compile: true

/home/jdihardjo/miniconda3/envs/mavenv/lib/python3.11/site-packages/torch/_dynamo/variables/functions.py:2311: UserWarning: Dynamo does not know how to trace the builtin `selective_scan_cuda.pybind11_detail_function_record_v1_system_libstdcpp_gxx_abi_1xxx_use_cxx11_abi_1.fwd.` This function is either a Python builtin (e.g. _warnings.warn) or a third-party C/C++ Python extension (perhaps created with pybind).
If it is a Python builtin, please file an issue on GitHub so the PyTorch team can add support for it and see the next case for a workaround.
If it is a third-party C/C++ Python extension, please either wrap it into a PyTorch-understood custom operator (see https://pytorch.org/tutorials/advanced/custom_ops_landing_page.html for more details) or, if it is traceable, use `torch.compiler.allow_in_graph`.
  torch._dynamo.utils.warn_once(explanation + "\n" + "\n".join(hints))
/home/jdihardjo/miniconda3/envs/mavenv/lib/python3.11/site-packages/torch/_inductor/cudagraph_trees.py:2622: UserWarning: Unable to hit fast path of CUDAGraphs because outputs from a previous step still require backward. Ensure backward() is invoked or detach outputs. You may also call torch.compiler.cudagraph_mark_step_begin() before each model invocation.
  warnings.warn(
name: models.architecture.block_type=simple
models.architecture.mamba_type=mamba
training.mode=gml_rollout
models.out_dim=10    avg_loss: 0.000105613428  time_per_window : 0.000525   progress : 0.011
name: models.architecture.block_type=simple
models.architecture.mamba_type=mamba
training.mode=gml_rollout
models.out_dim=10    avg_loss: 0.000000270351  time_per_window : 0.000788   progress : 0.022
name: models.architecture.block_type=simple
models.architecture.mamba_type=mamba
training.mode=gml_rollout
models.out_dim=10    avg_loss: 0.000000239710  time_per_window : 0.000699   progress : 0.033
name: models.architecture.block_type=simple
models.architecture.mamba_type=mamba
training.mode=gml_rollout
models.out_dim=10    avg_loss: 0.000000221924  time_per_window : 0.000791   progress : 0.044
name: models.architecture.block_type=simple
models.architecture.mamba_type=mamba
training.mode=gml_rollout
models.out_dim=10    avg_loss: 0.000000202569  time_per_window : 0.000758   progress : 0.055
name: models.architecture.block_type=simple
models.architecture.mamba_type=mamba
training.mode=gml_rollout
models.out_dim=10    avg_loss: 0.000000189032  time_per_window : 0.000626   progress : 0.066
name: models.architecture.block_type=simple
models.architecture.mamba_type=mamba
training.mode=gml_rollout
models.out_dim=10    avg_loss: 0.000000177635  time_per_window : 0.000820   progress : 0.076
name: models.architecture.block_type=simple
models.architecture.mamba_type=mamba
training.mode=gml_rollout
models.out_dim=10    avg_loss: 0.000000169576  time_per_window : 0.000860   progress : 0.087
name: models.architecture.block_type=simple
models.architecture.mamba_type=mamba
training.mode=gml_rollout
models.out_dim=10    avg_loss: 0.000000161646  time_per_window : 0.000906   progress : 0.098
name: models.architecture.block_type=simple
models.architecture.mamba_type=mamba
training.mode=gml_rollout
models.out_dim=10    avg_loss: 0.000000161404  time_per_window : 0.000909   progress : 0.109
name: models.architecture.block_type=simple
models.architecture.mamba_type=mamba
training.mode=gml_rollout
models.out_dim=10    avg_loss: 0.000000151650  time_per_window : 0.000792   progress : 0.120
name: models.architecture.block_type=simple
models.architecture.mamba_type=mamba
training.mode=gml_rollout
models.out_dim=10    avg_loss: 0.000000145979  time_per_window : 0.000881   progress : 0.131
name: models.architecture.block_type=simple
models.architecture.mamba_type=mamba
training.mode=gml_rollout
models.out_dim=10    avg_loss: 0.000000139771  time_per_window : 0.000898   progress : 0.142
name: models.architecture.block_type=simple
models.architecture.mamba_type=mamba
training.mode=gml_rollout
models.out_dim=10    avg_loss: 0.000000129418  time_per_window : 0.000864   progress : 0.153
name: models.architecture.block_type=simple
models.architecture.mamba_type=mamba
training.mode=gml_rollout
models.out_dim=10    avg_loss: 0.000000123307  time_per_window : 0.000747   progress : 0.164
name: models.architecture.block_type=simple
models.architecture.mamba_type=mamba
training.mode=gml_rollout
models.out_dim=10    avg_loss: 0.000000104858  time_per_window : 0.000957   progress : 0.175
name: models.architecture.block_type=simple
models.architecture.mamba_type=mamba
training.mode=gml_rollout
models.out_dim=10    avg_loss: 0.000000089049  time_per_window : 0.000933   progress : 0.186
name: models.architecture.block_type=simple
models.architecture.mamba_type=mamba
training.mode=gml_rollout
models.out_dim=10    avg_loss: 0.000000076136  time_per_window : 0.000813   progress : 0.197
name: models.architecture.block_type=simple
models.architecture.mamba_type=mamba
training.mode=gml_rollout
models.out_dim=10    avg_loss: 0.000000067399  time_per_window : 0.000931   progress : 0.208
name: models.architecture.block_type=simple
models.architecture.mamba_type=mamba
training.mode=gml_rollout
models.out_dim=10    avg_loss: 0.000000062543  time_per_window : 0.000838   progress : 0.218
name: models.architecture.block_type=simple
models.architecture.mamba_type=mamba
training.mode=gml_rollout
models.out_dim=10    avg_loss: 0.000000059586  time_per_window : 0.000871   progress : 0.229
name: models.architecture.block_type=simple
models.architecture.mamba_type=mamba
training.mode=gml_rollout
models.out_dim=10    avg_loss: 0.000000056826  time_per_window : 0.000912   progress : 0.240
name: models.architecture.block_type=simple
models.architecture.mamba_type=mamba
training.mode=gml_rollout
models.out_dim=10    avg_loss: 0.000000055102  time_per_window : 0.000876   progress : 0.251
name: models.architecture.block_type=simple
models.architecture.mamba_type=mamba
training.mode=gml_rollout
models.out_dim=10    avg_loss: 0.000000048848  time_per_window : 0.000715   progress : 0.262
name: models.architecture.block_type=simple
models.architecture.mamba_type=mamba
training.mode=gml_rollout
models.out_dim=10    avg_loss: 0.000000046757  time_per_window : 0.000863   progress : 0.273
name: models.architecture.block_type=simple
models.architecture.mamba_type=mamba
training.mode=gml_rollout
models.out_dim=10    avg_loss: 0.000000044876  time_per_window : 0.000863   progress : 0.284
name: models.architecture.block_type=simple
models.architecture.mamba_type=mamba
training.mode=gml_rollout
models.out_dim=10    avg_loss: 0.000000045051  time_per_window : 0.000863   progress : 0.295
name: models.architecture.block_type=simple
models.architecture.mamba_type=mamba
training.mode=gml_rollout
models.out_dim=10    avg_loss: 0.000000041493  time_per_window : 0.000816   progress : 0.306
name: models.architecture.block_type=simple
models.architecture.mamba_type=mamba
training.mode=gml_rollout
models.out_dim=10    avg_loss: 0.000000039094  time_per_window : 0.000834   progress : 0.317
name: models.architecture.block_type=simple
models.architecture.mamba_type=mamba
training.mode=gml_rollout
models.out_dim=10    avg_loss: 0.000000040694  time_per_window : 0.000939   progress : 0.328
name: models.architecture.block_type=simple
models.architecture.mamba_type=mamba
training.mode=gml_rollout
models.out_dim=10    avg_loss: 0.000000041388  time_per_window : 0.000783   progress : 0.339
name: models.architecture.block_type=simple
models.architecture.mamba_type=mamba
training.mode=gml_rollout
models.out_dim=10    avg_loss: 0.000000041830  time_per_window : 0.000847   progress : 0.350
name: models.architecture.block_type=simple
models.architecture.mamba_type=mamba
training.mode=gml_rollout
models.out_dim=10    avg_loss: 0.000000037925  time_per_window : 0.000916   progress : 0.360
name: models.architecture.block_type=simple
models.architecture.mamba_type=mamba
training.mode=gml_rollout
models.out_dim=10    avg_loss: 0.000000046081  time_per_window : 0.000769   progress : 0.371
name: models.architecture.block_type=simple
models.architecture.mamba_type=mamba
training.mode=gml_rollout
models.out_dim=10    avg_loss: 0.000000038902  time_per_window : 0.000763   progress : 0.382
name: models.architecture.block_type=simple
models.architecture.mamba_type=mamba
training.mode=gml_rollout
models.out_dim=10    avg_loss: 0.000000047587  time_per_window : 0.000716   progress : 0.393
name: models.architecture.block_type=simple
models.architecture.mamba_type=mamba
training.mode=gml_rollout
models.out_dim=10    avg_loss: 0.000000044774  time_per_window : 0.000855   progress : 0.404
name: models.architecture.block_type=simple
models.architecture.mamba_type=mamba
training.mode=gml_rollout
models.out_dim=10    avg_loss: 0.000000049023  time_per_window : 0.000862   progress : 0.415
name: models.architecture.block_type=simple
models.architecture.mamba_type=mamba
training.mode=gml_rollout
models.out_dim=10    avg_loss: 0.000000042773  time_per_window : 0.000840   progress : 0.426
name: models.architecture.block_type=simple
models.architecture.mamba_type=mamba
training.mode=gml_rollout
models.out_dim=10    avg_loss: 0.000000044836  time_per_window : 0.000845   progress : 0.437
name: models.architecture.block_type=simple
models.architecture.mamba_type=mamba
training.mode=gml_rollout
models.out_dim=10    avg_loss: 0.000000049276  time_per_window : 0.000724   progress : 0.448
name: models.architecture.block_type=simple
models.architecture.mamba_type=mamba
training.mode=gml_rollout
models.out_dim=10    avg_loss: 0.000000041898  time_per_window : 0.000820   progress : 0.459
name: models.architecture.block_type=simple
models.architecture.mamba_type=mamba
training.mode=gml_rollout
models.out_dim=10    avg_loss: 0.000000046718  time_per_window : 0.000842   progress : 0.470
name: models.architecture.block_type=simple
models.architecture.mamba_type=mamba
training.mode=gml_rollout
models.out_dim=10    avg_loss: 0.000000050794  time_per_window : 0.000855   progress : 0.481
name: models.architecture.block_type=simple
models.architecture.mamba_type=mamba
training.mode=gml_rollout
models.out_dim=10    avg_loss: 0.000000045694  time_per_window : 0.000794   progress : 0.492
name: models.architecture.block_type=simple
models.architecture.mamba_type=mamba
training.mode=gml_rollout
models.out_dim=10    avg_loss: 0.000000052766  time_per_window : 0.000890   progress : 0.502
name: models.architecture.block_type=simple
models.architecture.mamba_type=mamba
training.mode=gml_rollout
models.out_dim=10    avg_loss: 0.000000054638  time_per_window : 0.000755   progress : 0.513
name: models.architecture.block_type=simple
models.architecture.mamba_type=mamba
training.mode=gml_rollout
models.out_dim=10    avg_loss: 0.000000042404  time_per_window : 0.000926   progress : 0.524
name: models.architecture.block_type=simple
models.architecture.mamba_type=mamba
training.mode=gml_rollout
models.out_dim=10    avg_loss: 0.000000049872  time_per_window : 0.000832   progress : 0.535
name: models.architecture.block_type=simple
models.architecture.mamba_type=mamba
training.mode=gml_rollout
models.out_dim=10    avg_loss: 0.000000047613  time_per_window : 0.000844   progress : 0.546
name: models.architecture.block_type=simple
models.architecture.mamba_type=mamba
training.mode=gml_rollout
models.out_dim=10    avg_loss: 0.000000047870  time_per_window : 0.000831   progress : 0.557
name: models.architecture.block_type=simple
models.architecture.mamba_type=mamba
training.mode=gml_rollout
models.out_dim=10    avg_loss: 0.000000048701  time_per_window : 0.000710   progress : 0.568
name: models.architecture.block_type=simple
models.architecture.mamba_type=mamba
training.mode=gml_rollout
models.out_dim=10    avg_loss: 0.000000047084  time_per_window : 0.000838   progress : 0.579
name: models.architecture.block_type=simple
models.architecture.mamba_type=mamba
training.mode=gml_rollout
models.out_dim=10    avg_loss: 0.000000042553  time_per_window : 0.000897   progress : 0.590
name: models.architecture.block_type=simple
models.architecture.mamba_type=mamba
training.mode=gml_rollout
models.out_dim=10    avg_loss: 0.000000045514  time_per_window : 0.000743   progress : 0.601
name: models.architecture.block_type=simple
models.architecture.mamba_type=mamba
training.mode=gml_rollout
models.out_dim=10    avg_loss: 0.000000042860  time_per_window : 0.000825   progress : 0.612
name: models.architecture.block_type=simple
models.architecture.mamba_type=mamba
training.mode=gml_rollout
models.out_dim=10    avg_loss: 0.000000045363  time_per_window : 0.000741   progress : 0.623
name: models.architecture.block_type=simple
models.architecture.mamba_type=mamba
training.mode=gml_rollout
models.out_dim=10    avg_loss: 0.000000046287  time_per_window : 0.000886   progress : 0.634
name: models.architecture.block_type=simple
models.architecture.mamba_type=mamba
training.mode=gml_rollout
models.out_dim=10    avg_loss: 0.000000046086  time_per_window : 0.000921   progress : 0.644
name: models.architecture.block_type=simple
models.architecture.mamba_type=mamba
training.mode=gml_rollout
models.out_dim=10    avg_loss: 0.000000045916  time_per_window : 0.000848   progress : 0.655
name: models.architecture.block_type=simple
models.architecture.mamba_type=mamba
training.mode=gml_rollout
models.out_dim=10    avg_loss: 0.000000044144  time_per_window : 0.000880   progress : 0.666
name: models.architecture.block_type=simple
models.architecture.mamba_type=mamba
training.mode=gml_rollout
models.out_dim=10    avg_loss: 0.000000044580  time_per_window : 0.000967   progress : 0.677
name: models.architecture.block_type=simple
models.architecture.mamba_type=mamba
training.mode=gml_rollout
models.out_dim=10    avg_loss: 0.000000046734  time_per_window : 0.000788   progress : 0.688
name: models.architecture.block_type=simple
models.architecture.mamba_type=mamba
training.mode=gml_rollout
models.out_dim=10    avg_loss: 0.000000047307  time_per_window : 0.000853   progress : 0.699
name: models.architecture.block_type=simple
models.architecture.mamba_type=mamba
training.mode=gml_rollout
models.out_dim=10    avg_loss: 0.000000041304  time_per_window : 0.000875   progress : 0.710
name: models.architecture.block_type=simple
models.architecture.mamba_type=mamba
training.mode=gml_rollout
models.out_dim=10    avg_loss: 0.000000035963  time_per_window : 0.000770   progress : 0.721
name: models.architecture.block_type=simple
models.architecture.mamba_type=mamba
training.mode=gml_rollout
models.out_dim=10    avg_loss: 0.000000041613  time_per_window : 0.000783   progress : 0.732
name: models.architecture.block_type=simple
models.architecture.mamba_type=mamba
training.mode=gml_rollout
models.out_dim=10    avg_loss: 0.000000039046  time_per_window : 0.000876   progress : 0.743
name: models.architecture.block_type=simple
models.architecture.mamba_type=mamba
training.mode=gml_rollout
models.out_dim=10    avg_loss: 0.000000040405  time_per_window : 0.000743   progress : 0.754
name: models.architecture.block_type=simple
models.architecture.mamba_type=mamba
training.mode=gml_rollout
models.out_dim=10    avg_loss: 0.000000042827  time_per_window : 0.000788   progress : 0.765
name: models.architecture.block_type=simple
models.architecture.mamba_type=mamba
training.mode=gml_rollout
models.out_dim=10    avg_loss: 0.000000041782  time_per_window : 0.000850   progress : 0.775
name: models.architecture.block_type=simple
models.architecture.mamba_type=mamba
training.mode=gml_rollout
models.out_dim=10    avg_loss: 0.000000041009  time_per_window : 0.000867   progress : 0.786
name: models.architecture.block_type=simple
models.architecture.mamba_type=mamba
training.mode=gml_rollout
models.out_dim=10    avg_loss: 0.000000043188  time_per_window : 0.000816   progress : 0.797
name: models.architecture.block_type=simple
models.architecture.mamba_type=mamba
training.mode=gml_rollout
models.out_dim=10    avg_loss: 0.000000034513  time_per_window : 0.000856   progress : 0.808
name: models.architecture.block_type=simple
models.architecture.mamba_type=mamba
training.mode=gml_rollout
models.out_dim=10    avg_loss: 0.000000035709  time_per_window : 0.000899   progress : 0.819
name: models.architecture.block_type=simple
models.architecture.mamba_type=mamba
training.mode=gml_rollout
models.out_dim=10    avg_loss: 0.000000038443  time_per_window : 0.000903   progress : 0.830
name: models.architecture.block_type=simple
models.architecture.mamba_type=mamba
training.mode=gml_rollout
models.out_dim=10    avg_loss: 0.000000033895  time_per_window : 0.000757   progress : 0.841
name: models.architecture.block_type=simple
models.architecture.mamba_type=mamba
training.mode=gml_rollout
models.out_dim=10    avg_loss: 0.000000037339  time_per_window : 0.000777   progress : 0.852
name: models.architecture.block_type=simple
models.architecture.mamba_type=mamba
training.mode=gml_rollout
models.out_dim=10    avg_loss: 0.000000035301  time_per_window : 0.000822   progress : 0.863
name: models.architecture.block_type=simple
models.architecture.mamba_type=mamba
training.mode=gml_rollout
models.out_dim=10    avg_loss: 0.000000036111  time_per_window : 0.000746   progress : 0.874
name: models.architecture.block_type=simple
models.architecture.mamba_type=mamba
training.mode=gml_rollout
models.out_dim=10    avg_loss: 0.000000036208  time_per_window : 0.000732   progress : 0.885
name: models.architecture.block_type=simple
models.architecture.mamba_type=mamba
training.mode=gml_rollout
models.out_dim=10    avg_loss: 0.000000036434  time_per_window : 0.000925   progress : 0.896/home/jdihardjo/miniconda3/envs/mavenv/lib/python3.11/site-packages/torch/_inductor/cudagraph_trees.py:2622: UserWarning: Unable to hit fast path of CUDAGraphs because outputs from a previous step still require backward. Ensure backward() is invoked or detach outputs. You may also call torch.compiler.cudagraph_mark_step_begin() before each model invocation.
  warnings.warn(
/home/jdihardjo/miniconda3/envs/mavenv/lib/python3.11/site-packages/torch/_inductor/cudagraph_trees.py:2622: UserWarning: Unable to hit fast path of CUDAGraphs because outputs from a previous step still require backward. Ensure backward() is invoked or detach outputs. You may also call torch.compiler.cudagraph_mark_step_begin() before each model invocation.
  warnings.warn(

name: models.architecture.block_type=simple
models.architecture.mamba_type=mamba
training.mode=gml_rollout
models.out_dim=10    avg_loss: 0.000000032951  time_per_window : 0.000812   progress : 0.907
name: models.architecture.block_type=simple
models.architecture.mamba_type=mamba
training.mode=gml_rollout
models.out_dim=10    avg_loss: 0.000000037534  time_per_window : 0.000856   progress : 0.917
name: models.architecture.block_type=simple
models.architecture.mamba_type=mamba
training.mode=gml_rollout
models.out_dim=10    avg_loss: 0.000000033728  time_per_window : 0.000835   progress : 0.928
name: models.architecture.block_type=simple
models.architecture.mamba_type=mamba
training.mode=gml_rollout
models.out_dim=10    avg_loss: 0.000000037950  time_per_window : 0.000830   progress : 0.939
name: models.architecture.block_type=simple
models.architecture.mamba_type=mamba
training.mode=gml_rollout
models.out_dim=10    avg_loss: 0.000000034267  time_per_window : 0.000808   progress : 0.950
name: models.architecture.block_type=simple
models.architecture.mamba_type=mamba
training.mode=gml_rollout
models.out_dim=10    avg_loss: 0.000000036514  time_per_window : 0.000922   progress : 0.961
name: models.architecture.block_type=simple
models.architecture.mamba_type=mamba
training.mode=gml_rollout
models.out_dim=10    avg_loss: 0.000000032887  time_per_window : 0.000764   progress : 0.972
name: models.architecture.block_type=simple
models.architecture.mamba_type=mamba
training.mode=gml_rollout
models.out_dim=10    avg_loss: 0.000000030767  time_per_window : 0.000899   progress : 0.983
name: models.architecture.block_type=simple
models.architecture.mamba_type=mamba
training.mode=gml_rollout
models.out_dim=10    avg_loss: 0.000000030106  time_per_window : 0.000852   progress : 0.994
name: models.architecture.block_type=simple
models.architecture.mamba_type=mamba
training.mode=gml_rollout
models.out_dim=10    avg_loss: 0.000000048033  time_per_window : 0.000815   progress : 0.011
name: models.architecture.block_type=simple
models.architecture.mamba_type=mamba
training.mode=gml_rollout
models.out_dim=10    avg_loss: 0.000000034689  time_per_window : 0.000798   progress : 0.022
name: models.architecture.block_type=simple
models.architecture.mamba_type=mamba
training.mode=gml_rollout
models.out_dim=10    avg_loss: 0.000000036588  time_per_window : 0.001013   progress : 0.033
name: models.architecture.block_type=simple
models.architecture.mamba_type=mamba
training.mode=gml_rollout
models.out_dim=10    avg_loss: 0.000000036630  time_per_window : 0.000896   progress : 0.044
name: models.architecture.block_type=simple
models.architecture.mamba_type=mamba
training.mode=gml_rollout
models.out_dim=10    avg_loss: 0.000000034590  time_per_window : 0.000896   progress : 0.055
name: models.architecture.block_type=simple
models.architecture.mamba_type=mamba
training.mode=gml_rollout
models.out_dim=10    avg_loss: 0.000000035876  time_per_window : 0.000817   progress : 0.066
name: models.architecture.block_type=simple
models.architecture.mamba_type=mamba
training.mode=gml_rollout
models.out_dim=10    avg_loss: 0.000000030495  time_per_window : 0.000893   progress : 0.076
name: models.architecture.block_type=simple
models.architecture.mamba_type=mamba
training.mode=gml_rollout
models.out_dim=10    avg_loss: 0.000000033120  time_per_window : 0.000947   progress : 0.087
name: models.architecture.block_type=simple
models.architecture.mamba_type=mamba
training.mode=gml_rollout
models.out_dim=10    avg_loss: 0.000000033318  time_per_window : 0.000872   progress : 0.098
name: models.architecture.block_type=simple
models.architecture.mamba_type=mamba
training.mode=gml_rollout
models.out_dim=10    avg_loss: 0.000000032583  time_per_window : 0.000792   progress : 0.109
name: models.architecture.block_type=simple
models.architecture.mamba_type=mamba
training.mode=gml_rollout
models.out_dim=10    avg_loss: 0.000000034182  time_per_window : 0.000922   progress : 0.120
name: models.architecture.block_type=simple
models.architecture.mamba_type=mamba
training.mode=gml_rollout
models.out_dim=10    avg_loss: 0.000000030460  time_per_window : 0.000957   progress : 0.131
name: models.architecture.block_type=simple
models.architecture.mamba_type=mamba
training.mode=gml_rollout
models.out_dim=10    avg_loss: 0.000000032201  time_per_window : 0.000968   progress : 0.142
name: models.architecture.block_type=simple
models.architecture.mamba_type=mamba
training.mode=gml_rollout
models.out_dim=10    avg_loss: 0.000000035892  time_per_window : 0.000921   progress : 0.153
name: models.architecture.block_type=simple
models.architecture.mamba_type=mamba
training.mode=gml_rollout
models.out_dim=10    avg_loss: 0.000000032779  time_per_window : 0.000930   progress : 0.164
name: models.architecture.block_type=simple
models.architecture.mamba_type=mamba
training.mode=gml_rollout
models.out_dim=10    avg_loss: 0.000000033284  time_per_window : 0.000915   progress : 0.175
name: models.architecture.block_type=simple
models.architecture.mamba_type=mamba
training.mode=gml_rollout
models.out_dim=10    avg_loss: 0.000000030294  time_per_window : 0.000951   progress : 0.186
name: models.architecture.block_type=simple
models.architecture.mamba_type=mamba
training.mode=gml_rollout
models.out_dim=10    avg_loss: 0.000000034658  time_per_window : 0.000824   progress : 0.197
name: models.architecture.block_type=simple
models.architecture.mamba_type=mamba
training.mode=gml_rollout
models.out_dim=10    avg_loss: 0.000000031403  time_per_window : 0.000977   progress : 0.208
name: models.architecture.block_type=simple
models.architecture.mamba_type=mamba
training.mode=gml_rollout
models.out_dim=10    avg_loss: 0.000000031414  time_per_window : 0.000827   progress : 0.218
name: models.architecture.block_type=simple
models.architecture.mamba_type=mamba
training.mode=gml_rollout
models.out_dim=10    avg_loss: 0.000000027415  time_per_window : 0.000864   progress : 0.229
name: models.architecture.block_type=simple
models.architecture.mamba_type=mamba
training.mode=gml_rollout
models.out_dim=10    avg_loss: 0.000000027746  time_per_window : 0.000879   progress : 0.240
name: models.architecture.block_type=simple
models.architecture.mamba_type=mamba
training.mode=gml_rollout
models.out_dim=10    avg_loss: 0.000000033736  time_per_window : 0.000948   progress : 0.251
name: models.architecture.block_type=simple
models.architecture.mamba_type=mamba
training.mode=gml_rollout
models.out_dim=10    avg_loss: 0.000000027461  time_per_window : 0.000880   progress : 0.262
name: models.architecture.block_type=simple
models.architecture.mamba_type=mamba
training.mode=gml_rollout
models.out_dim=10    avg_loss: 0.000000026215  time_per_window : 0.000888   progress : 0.273
name: models.architecture.block_type=simple
models.architecture.mamba_type=mamba
training.mode=gml_rollout
models.out_dim=10    avg_loss: 0.000000028149  time_per_window : 0.000834   progress : 0.284
name: models.architecture.block_type=simple
models.architecture.mamba_type=mamba
training.mode=gml_rollout
models.out_dim=10    avg_loss: 0.000000025922  time_per_window : 0.000802   progress : 0.295
name: models.architecture.block_type=simple
models.architecture.mamba_type=mamba
training.mode=gml_rollout
models.out_dim=10    avg_loss: 0.000000027407  time_per_window : 0.000994   progress : 0.306
name: models.architecture.block_type=simple
models.architecture.mamba_type=mamba
training.mode=gml_rollout
models.out_dim=10    avg_loss: 0.000000028268  time_per_window : 0.000961   progress : 0.317
name: models.architecture.block_type=simple
models.architecture.mamba_type=mamba
training.mode=gml_rollout
models.out_dim=10    avg_loss: 0.000000026299  time_per_window : 0.000852   progress : 0.328
name: models.architecture.block_type=simple
models.architecture.mamba_type=mamba
training.mode=gml_rollout
models.out_dim=10    avg_loss: 0.000000025281  time_per_window : 0.000994   progress : 0.339
name: models.architecture.block_type=simple
models.architecture.mamba_type=mamba
training.mode=gml_rollout
models.out_dim=10    avg_loss: 0.000000022988  time_per_window : 0.000813   progress : 0.350
name: models.architecture.block_type=simple
models.architecture.mamba_type=mamba
training.mode=gml_rollout
models.out_dim=10    avg_loss: 0.000000021958  time_per_window : 0.000912   progress : 0.360
name: models.architecture.block_type=simple
models.architecture.mamba_type=mamba
training.mode=gml_rollout
models.out_dim=10    avg_loss: 0.000000021550  time_per_window : 0.000948   progress : 0.371
name: models.architecture.block_type=simple
models.architecture.mamba_type=mamba
training.mode=gml_rollout
models.out_dim=10    avg_loss: 0.000000019660  time_per_window : 0.000960   progress : 0.382
name: models.architecture.block_type=simple
models.architecture.mamba_type=mamba
training.mode=gml_rollout
models.out_dim=10    avg_loss: 0.000000019627  time_per_window : 0.000853   progress : 0.393
name: models.architecture.block_type=simple
models.architecture.mamba_type=mamba
training.mode=gml_rollout
models.out_dim=10    avg_loss: 0.000000018715  time_per_window : 0.000821   progress : 0.404
name: models.architecture.block_type=simple
models.architecture.mamba_type=mamba
training.mode=gml_rollout
models.out_dim=10    avg_loss: 0.000000018569  time_per_window : 0.000936   progress : 0.415
name: models.architecture.block_type=simple
models.architecture.mamba_type=mamba
training.mode=gml_rollout
models.out_dim=10    avg_loss: 0.000000018844  time_per_window : 0.000823   progress : 0.426
name: models.architecture.block_type=simple
models.architecture.mamba_type=mamba
training.mode=gml_rollout
models.out_dim=10    avg_loss: 0.000000017988  time_per_window : 0.000956   progress : 0.437
name: models.architecture.block_type=simple
models.architecture.mamba_type=mamba
training.mode=gml_rollout
models.out_dim=10    avg_loss: 0.000000018369  time_per_window : 0.000913   progress : 0.448
name: models.architecture.block_type=simple
models.architecture.mamba_type=mamba
training.mode=gml_rollout
models.out_dim=10    avg_loss: 0.000000018234  time_per_window : 0.000857   progress : 0.459
name: models.architecture.block_type=simple
models.architecture.mamba_type=mamba
training.mode=gml_rollout
models.out_dim=10    avg_loss: 0.000000018596  time_per_window : 0.000910   progress : 0.470
name: models.architecture.block_type=simple
models.architecture.mamba_type=mamba
training.mode=gml_rollout
models.out_dim=10    avg_loss: 0.000000017843  time_per_window : 0.000881   progress : 0.481
name: models.architecture.block_type=simple
models.architecture.mamba_type=mamba
training.mode=gml_rollout
models.out_dim=10    avg_loss: 0.000000019013  time_per_window : 0.000822   progress : 0.492
name: models.architecture.block_type=simple
models.architecture.mamba_type=mamba
training.mode=gml_rollout
models.out_dim=10    avg_loss: 0.000000018942  time_per_window : 0.000828   progress : 0.502
name: models.architecture.block_type=simple
models.architecture.mamba_type=mamba
training.mode=gml_rollout
models.out_dim=10    avg_loss: 0.000000018485  time_per_window : 0.000852   progress : 0.513
name: models.architecture.block_type=simple
models.architecture.mamba_type=mamba
training.mode=gml_rollout
models.out_dim=10    avg_loss: 0.000000018614  time_per_window : 0.000947   progress : 0.524
name: models.architecture.block_type=simple
models.architecture.mamba_type=mamba
training.mode=gml_rollout
models.out_dim=10    avg_loss: 0.000000017260  time_per_window : 0.000968   progress : 0.535
name: models.architecture.block_type=simple
models.architecture.mamba_type=mamba
training.mode=gml_rollout
models.out_dim=10    avg_loss: 0.000000017908  time_per_window : 0.000915   progress : 0.546
name: models.architecture.block_type=simple
models.architecture.mamba_type=mamba
training.mode=gml_rollout
models.out_dim=10    avg_loss: 0.000000016319  time_per_window : 0.000903   progress : 0.557
name: models.architecture.block_type=simple
models.architecture.mamba_type=mamba
training.mode=gml_rollout
models.out_dim=10    avg_loss: 0.000000016799  time_per_window : 0.000913   progress : 0.568
name: models.architecture.block_type=simple
models.architecture.mamba_type=mamba
training.mode=gml_rollout
models.out_dim=10    avg_loss: 0.000000017931  time_per_window : 0.000826   progress : 0.579
name: models.architecture.block_type=simple
models.architecture.mamba_type=mamba
training.mode=gml_rollout
models.out_dim=10    avg_loss: 0.000000017497  time_per_window : 0.001008   progress : 0.590
name: models.architecture.block_type=simple
models.architecture.mamba_type=mamba
training.mode=gml_rollout
models.out_dim=10    avg_loss: 0.000000016565  time_per_window : 0.000785   progress : 0.601
name: models.architecture.block_type=simple
models.architecture.mamba_type=mamba
training.mode=gml_rollout
models.out_dim=10    avg_loss: 0.000000016236  time_per_window : 0.000796   progress : 0.612
name: models.architecture.block_type=simple
models.architecture.mamba_type=mamba
training.mode=gml_rollout
models.out_dim=10    avg_loss: 0.000000016749  time_per_window : 0.000881   progress : 0.623
name: models.architecture.block_type=simple
models.architecture.mamba_type=mamba
training.mode=gml_rollout
models.out_dim=10    avg_loss: 0.000000016047  time_per_window : 0.000884   progress : 0.634
name: models.architecture.block_type=simple
models.architecture.mamba_type=mamba
training.mode=gml_rollout
models.out_dim=10    avg_loss: 0.000000017718  time_per_window : 0.000903   progress : 0.644
name: models.architecture.block_type=simple
models.architecture.mamba_type=mamba
training.mode=gml_rollout
models.out_dim=10    avg_loss: 0.000000017334  time_per_window : 0.000916   progress : 0.655
name: models.architecture.block_type=simple
models.architecture.mamba_type=mamba
training.mode=gml_rollout
models.out_dim=10    avg_loss: 0.000000016396  time_per_window : 0.000930   progress : 0.666
name: models.architecture.block_type=simple
models.architecture.mamba_type=mamba
training.mode=gml_rollout
models.out_dim=10    avg_loss: 0.000000016328  time_per_window : 0.000896   progress : 0.677
name: models.architecture.block_type=simple
models.architecture.mamba_type=mamba
training.mode=gml_rollout
models.out_dim=10    avg_loss: 0.000000016103  time_per_window : 0.000959   progress : 0.688
name: models.architecture.block_type=simple
models.architecture.mamba_type=mamba
training.mode=gml_rollout
models.out_dim=10    avg_loss: 0.000000015726  time_per_window : 0.000960   progress : 0.699
name: models.architecture.block_type=simple
models.architecture.mamba_type=mamba
training.mode=gml_rollout
models.out_dim=10    avg_loss: 0.000000016193  time_per_window : 0.000935   progress : 0.710
name: models.architecture.block_type=simple
models.architecture.mamba_type=mamba
training.mode=gml_rollout
models.out_dim=10    avg_loss: 0.000000015680  time_per_window : 0.000947   progress : 0.721
name: models.architecture.block_type=simple
models.architecture.mamba_type=mamba
training.mode=gml_rollout
models.out_dim=10    avg_loss: 0.000000016094  time_per_window : 0.000964   progress : 0.732
name: models.architecture.block_type=simple
models.architecture.mamba_type=mamba
training.mode=gml_rollout
models.out_dim=10    avg_loss: 0.000000015686  time_per_window : 0.000969   progress : 0.743
name: models.architecture.block_type=simple
models.architecture.mamba_type=mamba
training.mode=gml_rollout
models.out_dim=10    avg_loss: 0.000000016244  time_per_window : 0.000933   progress : 0.754
name: models.architecture.block_type=simple
models.architecture.mamba_type=mamba
training.mode=gml_rollout
models.out_dim=10    avg_loss: 0.000000015759  time_per_window : 0.000911   progress : 0.765
name: models.architecture.block_type=simple
models.architecture.mamba_type=mamba
training.mode=gml_rollout
models.out_dim=10    avg_loss: 0.000000017290  time_per_window : 0.000929   progress : 0.775
name: models.architecture.block_type=simple
models.architecture.mamba_type=mamba
training.mode=gml_rollout
models.out_dim=10    avg_loss: 0.000000016180  time_per_window : 0.000877   progress : 0.786
name: models.architecture.block_type=simple
models.architecture.mamba_type=mamba
training.mode=gml_rollout
models.out_dim=10    avg_loss: 0.000000015722  time_per_window : 0.000763   progress : 0.797
name: models.architecture.block_type=simple
models.architecture.mamba_type=mamba
training.mode=gml_rollout
models.out_dim=10    avg_loss: 0.000000015064  time_per_window : 0.000804   progress : 0.808
name: models.architecture.block_type=simple
models.architecture.mamba_type=mamba
training.mode=gml_rollout
models.out_dim=10    avg_loss: 0.000000015562  time_per_window : 0.000815   progress : 0.819
name: models.architecture.block_type=simple
models.architecture.mamba_type=mamba
training.mode=gml_rollout
models.out_dim=10    avg_loss: 0.000000016036  time_per_window : 0.000841   progress : 0.830
name: models.architecture.block_type=simple
models.architecture.mamba_type=mamba
training.mode=gml_rollout
models.out_dim=10    avg_loss: 0.000000015893  time_per_window : 0.000786   progress : 0.841
name: models.architecture.block_type=simple
models.architecture.mamba_type=mamba
training.mode=gml_rollout
models.out_dim=10    avg_loss: 0.000000016134  time_per_window : 0.000890   progress : 0.852
name: models.architecture.block_type=simple
models.architecture.mamba_type=mamba
training.mode=gml_rollout
models.out_dim=10    avg_loss: 0.000000016250  time_per_window : 0.001008   progress : 0.863
name: models.architecture.block_type=simple
models.architecture.mamba_type=mamba
training.mode=gml_rollout
models.out_dim=10    avg_loss: 0.000000015909  time_per_window : 0.000884   progress : 0.874
name: models.architecture.block_type=simple
models.architecture.mamba_type=mamba
training.mode=gml_rollout
models.out_dim=10    avg_loss: 0.000000016329  time_per_window : 0.000889   progress : 0.885
name: models.architecture.block_type=simple
models.architecture.mamba_type=mamba
training.mode=gml_rollout
models.out_dim=10    avg_loss: 0.000000015097  time_per_window : 0.000983   progress : 0.896
name: models.architecture.block_type=simple
models.architecture.mamba_type=mamba
training.mode=gml_rollout
models.out_dim=10    avg_loss: 0.000000015589  time_per_window : 0.000992   progress : 0.907
name: models.architecture.block_type=simple
models.architecture.mamba_type=mamba
training.mode=gml_rollout
models.out_dim=10    avg_loss: 0.000000015602  time_per_window : 0.000831   progress : 0.917
name: models.architecture.block_type=simple
models.architecture.mamba_type=mamba
training.mode=gml_rollout
models.out_dim=10    avg_loss: 0.000000015640  time_per_window : 0.000885   progress : 0.928
name: models.architecture.block_type=simple
models.architecture.mamba_type=mamba
training.mode=gml_rollout
models.out_dim=10    avg_loss: 0.000000015462  time_per_window : 0.000809   progress : 0.939
name: models.architecture.block_type=simple
models.architecture.mamba_type=mamba
training.mode=gml_rollout
models.out_dim=10    avg_loss: 0.000000015807  time_per_window : 0.000833   progress : 0.950
name: models.architecture.block_type=simple
models.architecture.mamba_type=mamba
training.mode=gml_rollout
models.out_dim=10    avg_loss: 0.000000016557  time_per_window : 0.000982   progress : 0.961
name: models.architecture.block_type=simple
models.architecture.mamba_type=mamba
training.mode=gml_rollout
models.out_dim=10    avg_loss: 0.000000015071  time_per_window : 0.000906   progress : 0.972
name: models.architecture.block_type=simple
models.architecture.mamba_type=mamba
training.mode=gml_rollout
models.out_dim=10    avg_loss: 0.000000016085  time_per_window : 0.000735   progress : 0.983
name: models.architecture.block_type=simple
models.architecture.mamba_type=mamba
training.mode=gml_rollout
models.out_dim=10    avg_loss: 0.000000015115  time_per_window : 0.000944   progress : 0.994
name: models.architecture.block_type=simple
models.architecture.mamba_type=mamba
training.mode=gml_rollout
models.out_dim=10    avg_loss: 0.000001069090  time_per_window : 0.000922   progress : 0.011
name: models.architecture.block_type=simple
models.architecture.mamba_type=mamba
training.mode=gml_rollout
models.out_dim=10    avg_loss: 0.000000084743  time_per_window : 0.000939   progress : 0.022
name: models.architecture.block_type=simple
models.architecture.mamba_type=mamba
training.mode=gml_rollout
models.out_dim=10    avg_loss: 0.000000050579  time_per_window : 0.000983   progress : 0.033
name: models.architecture.block_type=simple
models.architecture.mamba_type=mamba
training.mode=gml_rollout
models.out_dim=10    avg_loss: 0.000000037827  time_per_window : 0.000943   progress : 0.044
name: models.architecture.block_type=simple
models.architecture.mamba_type=mamba
training.mode=gml_rollout
models.out_dim=10    avg_loss: 0.000000037477  time_per_window : 0.000809   progress : 0.055
name: models.architecture.block_type=simple
models.architecture.mamba_type=mamba
training.mode=gml_rollout
models.out_dim=10    avg_loss: 0.000000034967  time_per_window : 0.000970   progress : 0.066
name: models.architecture.block_type=simple
models.architecture.mamba_type=mamba
training.mode=gml_rollout
models.out_dim=10    avg_loss: 0.000000034504  time_per_window : 0.000863   progress : 0.076
name: models.architecture.block_type=simple
models.architecture.mamba_type=mamba
training.mode=gml_rollout
models.out_dim=10    avg_loss: 0.000000031397  time_per_window : 0.000944   progress : 0.087
name: models.architecture.block_type=simple
models.architecture.mamba_type=mamba
training.mode=gml_rollout
models.out_dim=10    avg_loss: 0.000000030200  time_per_window : 0.000941   progress : 0.098
name: models.architecture.block_type=simple
models.architecture.mamba_type=mamba
training.mode=gml_rollout
models.out_dim=10    avg_loss: 0.000000034424  time_per_window : 0.000835   progress : 0.109
name: models.architecture.block_type=simple
models.architecture.mamba_type=mamba
training.mode=gml_rollout
models.out_dim=10    avg_loss: 0.000000036760  time_per_window : 0.000868   progress : 0.120
name: models.architecture.block_type=simple
models.architecture.mamba_type=mamba
training.mode=gml_rollout
models.out_dim=10    avg_loss: 0.000000030118  time_per_window : 0.000803   progress : 0.131
name: models.architecture.block_type=simple
models.architecture.mamba_type=mamba
training.mode=gml_rollout
models.out_dim=10    avg_loss: 0.000000030377  time_per_window : 0.000904   progress : 0.142
name: models.architecture.block_type=simple
models.architecture.mamba_type=mamba
training.mode=gml_rollout
models.out_dim=10    avg_loss: 0.000000031448  time_per_window : 0.000773   progress : 0.153
name: models.architecture.block_type=simple
models.architecture.mamba_type=mamba
training.mode=gml_rollout
models.out_dim=10    avg_loss: 0.000000032088  time_per_window : 0.000928   progress : 0.164
name: models.architecture.block_type=simple
models.architecture.mamba_type=mamba
training.mode=gml_rollout
models.out_dim=10    avg_loss: 0.000000033065  time_per_window : 0.000905   progress : 0.175
name: models.architecture.block_type=simple
models.architecture.mamba_type=mamba
training.mode=gml_rollout
models.out_dim=10    avg_loss: 0.000000038250  time_per_window : 0.000956   progress : 0.186
name: models.architecture.block_type=simple
models.architecture.mamba_type=mamba
training.mode=gml_rollout
models.out_dim=10    avg_loss: 0.000000031121  time_per_window : 0.000890   progress : 0.197
name: models.architecture.block_type=simple
models.architecture.mamba_type=mamba
training.mode=gml_rollout
models.out_dim=10    avg_loss: 0.000000032763  time_per_window : 0.000832   progress : 0.208
name: models.architecture.block_type=simple
models.architecture.mamba_type=mamba
training.mode=gml_rollout
models.out_dim=10    avg_loss: 0.000000033810  time_per_window : 0.000936   progress : 0.218
name: models.architecture.block_type=simple
models.architecture.mamba_type=mamba
training.mode=gml_rollout
models.out_dim=10    avg_loss: 0.000000034179  time_per_window : 0.000948   progress : 0.229
name: models.architecture.block_type=simple
models.architecture.mamba_type=mamba
training.mode=gml_rollout
models.out_dim=10    avg_loss: 0.000000035107  time_per_window : 0.000915   progress : 0.240
name: models.architecture.block_type=simple
models.architecture.mamba_type=mamba
training.mode=gml_rollout
models.out_dim=10    avg_loss: 0.000000031524  time_per_window : 0.000944   progress : 0.251
name: models.architecture.block_type=simple
models.architecture.mamba_type=mamba
training.mode=gml_rollout
models.out_dim=10    avg_loss: 0.000000038512  time_per_window : 0.000765   progress : 0.262
name: models.architecture.block_type=simple
models.architecture.mamba_type=mamba
training.mode=gml_rollout
models.out_dim=10    avg_loss: 0.000000031143  time_per_window : 0.000815   progress : 0.273
name: models.architecture.block_type=simple
models.architecture.mamba_type=mamba
training.mode=gml_rollout
models.out_dim=10    avg_loss: 0.000000032195  time_per_window : 0.000988   progress : 0.284
name: models.architecture.block_type=simple
models.architecture.mamba_type=mamba
training.mode=gml_rollout
models.out_dim=10    avg_loss: 0.000000033280  time_per_window : 0.000916   progress : 0.295
name: models.architecture.block_type=simple
models.architecture.mamba_type=mamba
training.mode=gml_rollout
models.out_dim=10    avg_loss: 0.000000033042  time_per_window : 0.001028   progress : 0.306
name: models.architecture.block_type=simple
models.architecture.mamba_type=mamba
training.mode=gml_rollout
models.out_dim=10    avg_loss: 0.000000034822  time_per_window : 0.000750   progress : 0.317
name: models.architecture.block_type=simple
models.architecture.mamba_type=mamba
training.mode=gml_rollout
models.out_dim=10    avg_loss: 0.000000031662  time_per_window : 0.000945   progress : 0.328
name: models.architecture.block_type=simple
models.architecture.mamba_type=mamba
training.mode=gml_rollout
models.out_dim=10    avg_loss: 0.000000041013  time_per_window : 0.000929   progress : 0.339
name: models.architecture.block_type=simple
models.architecture.mamba_type=mamba
training.mode=gml_rollout
models.out_dim=10    avg_loss: 0.000000035402  time_per_window : 0.000856   progress : 0.350
name: models.architecture.block_type=simple
models.architecture.mamba_type=mamba
training.mode=gml_rollout
models.out_dim=10    avg_loss: 0.000000031712  time_per_window : 0.000978   progress : 0.360
name: models.architecture.block_type=simple
models.architecture.mamba_type=mamba
training.mode=gml_rollout
models.out_dim=10    avg_loss: 0.000000034196  time_per_window : 0.000984   progress : 0.371
name: models.architecture.block_type=simple
models.architecture.mamba_type=mamba
training.mode=gml_rollout
models.out_dim=10    avg_loss: 0.000000032153  time_per_window : 0.000947   progress : 0.382
name: models.architecture.block_type=simple
models.architecture.mamba_type=mamba
training.mode=gml_rollout
models.out_dim=10    avg_loss: 0.000000033024  time_per_window : 0.000892   progress : 0.393
name: models.architecture.block_type=simple
models.architecture.mamba_type=mamba
training.mode=gml_rollout
models.out_dim=10    avg_loss: 0.000000033506  time_per_window : 0.000910   progress : 0.404
name: models.architecture.block_type=simple
models.architecture.mamba_type=mamba
training.mode=gml_rollout
models.out_dim=10    avg_loss: 0.000000032941  time_per_window : 0.000952   progress : 0.415
name: models.architecture.block_type=simple
models.architecture.mamba_type=mamba
training.mode=gml_rollout
models.out_dim=10    avg_loss: 0.000000034168  time_per_window : 0.000868   progress : 0.426
name: models.architecture.block_type=simple
models.architecture.mamba_type=mamba
training.mode=gml_rollout
models.out_dim=10    avg_loss: 0.000000035752  time_per_window : 0.000889   progress : 0.437
name: models.architecture.block_type=simple
models.architecture.mamba_type=mamba
training.mode=gml_rollout
models.out_dim=10    avg_loss: 0.000000036427  time_per_window : 0.000842   progress : 0.448
name: models.architecture.block_type=simple
models.architecture.mamba_type=mamba
training.mode=gml_rollout
models.out_dim=10    avg_loss: 0.000000031271  time_per_window : 0.000871   progress : 0.459
name: models.architecture.block_type=simple
models.architecture.mamba_type=mamba
training.mode=gml_rollout
models.out_dim=10    avg_loss: 0.000000030417  time_per_window : 0.000835   progress : 0.470
name: models.architecture.block_type=simple
models.architecture.mamba_type=mamba
training.mode=gml_rollout
models.out_dim=10    avg_loss: 0.000000033127  time_per_window : 0.000928   progress : 0.481
name: models.architecture.block_type=simple
models.architecture.mamba_type=mamba
training.mode=gml_rollout
models.out_dim=10    avg_loss: 0.000000030918  time_per_window : 0.000934   progress : 0.492
name: models.architecture.block_type=simple
models.architecture.mamba_type=mamba
training.mode=gml_rollout
models.out_dim=10    avg_loss: 0.000000030297  time_per_window : 0.000845   progress : 0.502
name: models.architecture.block_type=simple
models.architecture.mamba_type=mamba
training.mode=gml_rollout
models.out_dim=10    avg_loss: 0.000000035625  time_per_window : 0.000880   progress : 0.513
name: models.architecture.block_type=simple
models.architecture.mamba_type=mamba
training.mode=gml_rollout
models.out_dim=10    avg_loss: 0.000000033378  time_per_window : 0.000837   progress : 0.524
name: models.architecture.block_type=simple
models.architecture.mamba_type=mamba
training.mode=gml_rollout
models.out_dim=10    avg_loss: 0.000000031875  time_per_window : 0.000890   progress : 0.535
name: models.architecture.block_type=simple
models.architecture.mamba_type=mamba
training.mode=gml_rollout
models.out_dim=10    avg_loss: 0.000000030696  time_per_window : 0.000886   progress : 0.546
name: models.architecture.block_type=simple
models.architecture.mamba_type=mamba
training.mode=gml_rollout
models.out_dim=10    avg_loss: 0.000000034610  time_per_window : 0.000899   progress : 0.557
name: models.architecture.block_type=simple
models.architecture.mamba_type=mamba
training.mode=gml_rollout
models.out_dim=10    avg_loss: 0.000000031297  time_per_window : 0.000960   progress : 0.568
name: models.architecture.block_type=simple
models.architecture.mamba_type=mamba
training.mode=gml_rollout
models.out_dim=10    avg_loss: 0.000000032338  time_per_window : 0.000871   progress : 0.579
name: models.architecture.block_type=simple
models.architecture.mamba_type=mamba
training.mode=gml_rollout
models.out_dim=10    avg_loss: 0.000000031532  time_per_window : 0.000822   progress : 0.590
name: models.architecture.block_type=simple
models.architecture.mamba_type=mamba
training.mode=gml_rollout
models.out_dim=10    avg_loss: 0.000000031545  time_per_window : 0.000867   progress : 0.601
name: models.architecture.block_type=simple
models.architecture.mamba_type=mamba
training.mode=gml_rollout
models.out_dim=10    avg_loss: 0.000000032836  time_per_window : 0.000895   progress : 0.612
name: models.architecture.block_type=simple
models.architecture.mamba_type=mamba
training.mode=gml_rollout
models.out_dim=10    avg_loss: 0.000000031869  time_per_window : 0.000879   progress : 0.623
name: models.architecture.block_type=simple
models.architecture.mamba_type=mamba
training.mode=gml_rollout
models.out_dim=10    avg_loss: 0.000000031417  time_per_window : 0.000759   progress : 0.634
name: models.architecture.block_type=simple
models.architecture.mamba_type=mamba
training.mode=gml_rollout
models.out_dim=10    avg_loss: 0.000000034563  time_per_window : 0.000880   progress : 0.644
name: models.architecture.block_type=simple
models.architecture.mamba_type=mamba
training.mode=gml_rollout
models.out_dim=10    avg_loss: 0.000000031880  time_per_window : 0.000856   progress : 0.655
name: models.architecture.block_type=simple
models.architecture.mamba_type=mamba
training.mode=gml_rollout
models.out_dim=10    avg_loss: 0.000000034378  time_per_window : 0.000910   progress : 0.666
name: models.architecture.block_type=simple
models.architecture.mamba_type=mamba
training.mode=gml_rollout
models.out_dim=10    avg_loss: 0.000000029844  time_per_window : 0.000957   progress : 0.677
name: models.architecture.block_type=simple
models.architecture.mamba_type=mamba
training.mode=gml_rollout
models.out_dim=10    avg_loss: 0.000000029061  time_per_window : 0.000867   progress : 0.688
name: models.architecture.block_type=simple
models.architecture.mamba_type=mamba
training.mode=gml_rollout
models.out_dim=10    avg_loss: 0.000000031340  time_per_window : 0.000928   progress : 0.699
name: models.architecture.block_type=simple
models.architecture.mamba_type=mamba
training.mode=gml_rollout
models.out_dim=10    avg_loss: 0.000000030978  time_per_window : 0.000940   progress : 0.710
name: models.architecture.block_type=simple
models.architecture.mamba_type=mamba
training.mode=gml_rollout
models.out_dim=10    avg_loss: 0.000000031337  time_per_window : 0.000914   progress : 0.721
name: models.architecture.block_type=simple
models.architecture.mamba_type=mamba
training.mode=gml_rollout
models.out_dim=10    avg_loss: 0.000000029768  time_per_window : 0.000911   progress : 0.732
name: models.architecture.block_type=simple
models.architecture.mamba_type=mamba
training.mode=gml_rollout
models.out_dim=10    avg_loss: 0.000000030174  time_per_window : 0.000910   progress : 0.743
name: models.architecture.block_type=simple
models.architecture.mamba_type=mamba
training.mode=gml_rollout
models.out_dim=10    avg_loss: 0.000000032766  time_per_window : 0.000888   progress : 0.754
name: models.architecture.block_type=simple
models.architecture.mamba_type=mamba
training.mode=gml_rollout
models.out_dim=10    avg_loss: 0.000000033351  time_per_window : 0.000883   progress : 0.765
name: models.architecture.block_type=simple
models.architecture.mamba_type=mamba
training.mode=gml_rollout
models.out_dim=10    avg_loss: 0.000000031567  time_per_window : 0.000885   progress : 0.775
name: models.architecture.block_type=simple
models.architecture.mamba_type=mamba
training.mode=gml_rollout
models.out_dim=10    avg_loss: 0.000000030948  time_per_window : 0.000851   progress : 0.786
name: models.architecture.block_type=simple
models.architecture.mamba_type=mamba
training.mode=gml_rollout
models.out_dim=10    avg_loss: 0.000000031800  time_per_window : 0.000876   progress : 0.797
name: models.architecture.block_type=simple
models.architecture.mamba_type=mamba
training.mode=gml_rollout
models.out_dim=10    avg_loss: 0.000000030033  time_per_window : 0.000969   progress : 0.808
name: models.architecture.block_type=simple
models.architecture.mamba_type=mamba
training.mode=gml_rollout
models.out_dim=10    avg_loss: 0.000000030561  time_per_window : 0.000868   progress : 0.819
name: models.architecture.block_type=simple
models.architecture.mamba_type=mamba
training.mode=gml_rollout
models.out_dim=10    avg_loss: 0.000000031247  time_per_window : 0.000941   progress : 0.830
name: models.architecture.block_type=simple
models.architecture.mamba_type=mamba
training.mode=gml_rollout
models.out_dim=10    avg_loss: 0.000000030280  time_per_window : 0.000882   progress : 0.841
name: models.architecture.block_type=simple
models.architecture.mamba_type=mamba
training.mode=gml_rollout
models.out_dim=10    avg_loss: 0.000000029967  time_per_window : 0.000917   progress : 0.852
name: models.architecture.block_type=simple
models.architecture.mamba_type=mamba
training.mode=gml_rollout
models.out_dim=10    avg_loss: 0.000000032341  time_per_window : 0.000913   progress : 0.863
name: models.architecture.block_type=simple
models.architecture.mamba_type=mamba
training.mode=gml_rollout
models.out_dim=10    avg_loss: 0.000000031760  time_per_window : 0.000871   progress : 0.874
name: models.architecture.block_type=simple
models.architecture.mamba_type=mamba
training.mode=gml_rollout
models.out_dim=10    avg_loss: 0.000000030923  time_per_window : 0.000811   progress : 0.885
name: models.architecture.block_type=simple
models.architecture.mamba_type=mamba
training.mode=gml_rollout
models.out_dim=10    avg_loss: 0.000000028969  time_per_window : 0.000883   progress : 0.896
name: models.architecture.block_type=simple
models.architecture.mamba_type=mamba
training.mode=gml_rollout
models.out_dim=10    avg_loss: 0.000000030115  time_per_window : 0.000899   progress : 0.907
name: models.architecture.block_type=simple
models.architecture.mamba_type=mamba
training.mode=gml_rollout
models.out_dim=10    avg_loss: 0.000000032249  time_per_window : 0.000882   progress : 0.917
name: models.architecture.block_type=simple
models.architecture.mamba_type=mamba
training.mode=gml_rollout
models.out_dim=10    avg_loss: 0.000000033280  time_per_window : 0.000905   progress : 0.928
name: models.architecture.block_type=simple
models.architecture.mamba_type=mamba
training.mode=gml_rollout
models.out_dim=10    avg_loss: 0.000000030586  time_per_window : 0.000891   progress : 0.939
name: models.architecture.block_type=simple
models.architecture.mamba_type=mamba
training.mode=gml_rollout
models.out_dim=10    avg_loss: 0.000000032567  time_per_window : 0.000902   progress : 0.950
name: models.architecture.block_type=simple
models.architecture.mamba_type=mamba
training.mode=gml_rollout
models.out_dim=10    avg_loss: 0.000000029538  time_per_window : 0.000820   progress : 0.961
name: models.architecture.block_type=simple
models.architecture.mamba_type=mamba
training.mode=gml_rollout
models.out_dim=10    avg_loss: 0.000000029148  time_per_window : 0.000882   progress : 0.972
name: models.architecture.block_type=simple
models.architecture.mamba_type=mamba
training.mode=gml_rollout
models.out_dim=10    avg_loss: 0.000000029427  time_per_window : 0.000870   progress : 0.983
name: models.architecture.block_type=simple
models.architecture.mamba_type=mamba
training.mode=gml_rollout
models.out_dim=10    avg_loss: 0.000000030735  time_per_window : 0.000908   progress : 0.994
name: models.architecture.block_type=simple
models.architecture.mamba_type=mamba
training.mode=gml_rollout
models.out_dim=10    avg_loss: 0.000009662136  time_per_window : 0.000916   progress : 0.011
name: models.architecture.block_type=simple
models.architecture.mamba_type=mamba
training.mode=gml_rollout
models.out_dim=10    avg_loss: 0.000001877196  time_per_window : 0.000863   progress : 0.022
name: models.architecture.block_type=simple
models.architecture.mamba_type=mamba
training.mode=gml_rollout
models.out_dim=10    avg_loss: 0.000000718624  time_per_window : 0.000882   progress : 0.033
name: models.architecture.block_type=simple
models.architecture.mamba_type=mamba
training.mode=gml_rollout
models.out_dim=10    avg_loss: 0.000000276212  time_per_window : 0.000840   progress : 0.044
name: models.architecture.block_type=simple
models.architecture.mamba_type=mamba
training.mode=gml_rollout
models.out_dim=10    avg_loss: 0.000000199786  time_per_window : 0.000858   progress : 0.055
name: models.architecture.block_type=simple
models.architecture.mamba_type=mamba
training.mode=gml_rollout
models.out_dim=10    avg_loss: 0.000000164593  time_per_window : 0.000871   progress : 0.066
name: models.architecture.block_type=simple
models.architecture.mamba_type=mamba
training.mode=gml_rollout
models.out_dim=10    avg_loss: 0.000000154304  time_per_window : 0.000931   progress : 0.076
name: models.architecture.block_type=simple
models.architecture.mamba_type=mamba
training.mode=gml_rollout
models.out_dim=10    avg_loss: 0.000000146658  time_per_window : 0.000881   progress : 0.087
name: models.architecture.block_type=simple
models.architecture.mamba_type=mamba
training.mode=gml_rollout
models.out_dim=10    avg_loss: 0.000000156876  time_per_window : 0.000875   progress : 0.098
name: models.architecture.block_type=simple
models.architecture.mamba_type=mamba
training.mode=gml_rollout
models.out_dim=10    avg_loss: 0.000000136834  time_per_window : 0.000867   progress : 0.109
name: models.architecture.block_type=simple
models.architecture.mamba_type=mamba
training.mode=gml_rollout
models.out_dim=10    avg_loss: 0.000000141545  time_per_window : 0.000870   progress : 0.120
name: models.architecture.block_type=simple
models.architecture.mamba_type=mamba
training.mode=gml_rollout
models.out_dim=10    avg_loss: 0.000000149962  time_per_window : 0.000835   progress : 0.131
name: models.architecture.block_type=simple
models.architecture.mamba_type=mamba
training.mode=gml_rollout
models.out_dim=10    avg_loss: 0.000000144133  time_per_window : 0.000853   progress : 0.142
name: models.architecture.block_type=simple
models.architecture.mamba_type=mamba
training.mode=gml_rollout
models.out_dim=10    avg_loss: 0.000000144339  time_per_window : 0.000919   progress : 0.153
name: models.architecture.block_type=simple
models.architecture.mamba_type=mamba
training.mode=gml_rollout
models.out_dim=10    avg_loss: 0.000000137979  time_per_window : 0.000918   progress : 0.164
name: models.architecture.block_type=simple
models.architecture.mamba_type=mamba
training.mode=gml_rollout
models.out_dim=10    avg_loss: 0.000000154515  time_per_window : 0.000935   progress : 0.175
name: models.architecture.block_type=simple
models.architecture.mamba_type=mamba
training.mode=gml_rollout
models.out_dim=10    avg_loss: 0.000000165720  time_per_window : 0.000943   progress : 0.186
name: models.architecture.block_type=simple
models.architecture.mamba_type=mamba
training.mode=gml_rollout
models.out_dim=10    avg_loss: 0.000000163856  time_per_window : 0.000886   progress : 0.197
name: models.architecture.block_type=simple
models.architecture.mamba_type=mamba
training.mode=gml_rollout
models.out_dim=10    avg_loss: 0.000000150414  time_per_window : 0.000877   progress : 0.208
name: models.architecture.block_type=simple
models.architecture.mamba_type=mamba
training.mode=gml_rollout
models.out_dim=10    avg_loss: 0.000000147502  time_per_window : 0.000662   progress : 0.218
name: models.architecture.block_type=simple
models.architecture.mamba_type=mamba
training.mode=gml_rollout
models.out_dim=10    avg_loss: 0.000000139702  time_per_window : 0.000858   progress : 0.229
name: models.architecture.block_type=simple
models.architecture.mamba_type=mamba
training.mode=gml_rollout
models.out_dim=10    avg_loss: 0.000000174366  time_per_window : 0.000889   progress : 0.240
name: models.architecture.block_type=simple
models.architecture.mamba_type=mamba
training.mode=gml_rollout
models.out_dim=10    avg_loss: 0.000000165632  time_per_window : 0.000943   progress : 0.251
name: models.architecture.block_type=simple
models.architecture.mamba_type=mamba
training.mode=gml_rollout
models.out_dim=10    avg_loss: 0.000000161911  time_per_window : 0.000874   progress : 0.262
name: models.architecture.block_type=simple
models.architecture.mamba_type=mamba
training.mode=gml_rollout
models.out_dim=10    avg_loss: 0.000000161814  time_per_window : 0.000883   progress : 0.273
name: models.architecture.block_type=simple
models.architecture.mamba_type=mamba
training.mode=gml_rollout
models.out_dim=10    avg_loss: 0.000000162716  time_per_window : 0.000883   progress : 0.284
name: models.architecture.block_type=simple
models.architecture.mamba_type=mamba
training.mode=gml_rollout
models.out_dim=10    avg_loss: 0.000000153617  time_per_window : 0.000912   progress : 0.295
name: models.architecture.block_type=simple
models.architecture.mamba_type=mamba
training.mode=gml_rollout
models.out_dim=10    avg_loss: 0.000000196129  time_per_window : 0.000843   progress : 0.306
name: models.architecture.block_type=simple
models.architecture.mamba_type=mamba
training.mode=gml_rollout
models.out_dim=10    avg_loss: 0.000000165726  time_per_window : 0.000978   progress : 0.317
name: models.architecture.block_type=simple
models.architecture.mamba_type=mamba
training.mode=gml_rollout
models.out_dim=10    avg_loss: 0.000000183424  time_per_window : 0.000689   progress : 0.328
name: models.architecture.block_type=simple
models.architecture.mamba_type=mamba
training.mode=gml_rollout
models.out_dim=10    avg_loss: 0.000000160110  time_per_window : 0.000898   progress : 0.339
name: models.architecture.block_type=simple
models.architecture.mamba_type=mamba
training.mode=gml_rollout
models.out_dim=10    avg_loss: 0.000000172376  time_per_window : 0.000944   progress : 0.350
name: models.architecture.block_type=simple
models.architecture.mamba_type=mamba
training.mode=gml_rollout
models.out_dim=10    avg_loss: 0.000000149725  time_per_window : 0.000924   progress : 0.360
name: models.architecture.block_type=simple
models.architecture.mamba_type=mamba
training.mode=gml_rollout
models.out_dim=10    avg_loss: 0.000000144455  time_per_window : 0.000945   progress : 0.371
name: models.architecture.block_type=simple
models.architecture.mamba_type=mamba
training.mode=gml_rollout
models.out_dim=10    avg_loss: 0.000000161264  time_per_window : 0.000825   progress : 0.382
name: models.architecture.block_type=simple
models.architecture.mamba_type=mamba
training.mode=gml_rollout
models.out_dim=10    avg_loss: 0.000000157105  time_per_window : 0.000875   progress : 0.393
name: models.architecture.block_type=simple
models.architecture.mamba_type=mamba
training.mode=gml_rollout
models.out_dim=10    avg_loss: 0.000000168073  time_per_window : 0.000901   progress : 0.404
name: models.architecture.block_type=simple
models.architecture.mamba_type=mamba
training.mode=gml_rollout
models.out_dim=10    avg_loss: 0.000000153307  time_per_window : 0.000882   progress : 0.415
name: models.architecture.block_type=simple
models.architecture.mamba_type=mamba
training.mode=gml_rollout
models.out_dim=10    avg_loss: 0.000000162425  time_per_window : 0.000872   progress : 0.426
name: models.architecture.block_type=simple
models.architecture.mamba_type=mamba
training.mode=gml_rollout
models.out_dim=10    avg_loss: 0.000000167732  time_per_window : 0.000925   progress : 0.437
name: models.architecture.block_type=simple
models.architecture.mamba_type=mamba
training.mode=gml_rollout
models.out_dim=10    avg_loss: 0.000000156413  time_per_window : 0.000902   progress : 0.448
name: models.architecture.block_type=simple
models.architecture.mamba_type=mamba
training.mode=gml_rollout
models.out_dim=10    avg_loss: 0.000000150994  time_per_window : 0.000939   progress : 0.459
name: models.architecture.block_type=simple
models.architecture.mamba_type=mamba
training.mode=gml_rollout
models.out_dim=10    avg_loss: 0.000000174422  time_per_window : 0.000921   progress : 0.470
name: models.architecture.block_type=simple
models.architecture.mamba_type=mamba
training.mode=gml_rollout
models.out_dim=10    avg_loss: 0.000000159666  time_per_window : 0.000907   progress : 0.481
name: models.architecture.block_type=simple
models.architecture.mamba_type=mamba
training.mode=gml_rollout
models.out_dim=10    avg_loss: 0.000000171644  time_per_window : 0.000911   progress : 0.492
name: models.architecture.block_type=simple
models.architecture.mamba_type=mamba
training.mode=gml_rollout
models.out_dim=10    avg_loss: 0.000000150796  time_per_window : 0.000852   progress : 0.502
name: models.architecture.block_type=simple
models.architecture.mamba_type=mamba
training.mode=gml_rollout
models.out_dim=10    avg_loss: 0.000000186570  time_per_window : 0.000746   progress : 0.513
name: models.architecture.block_type=simple
models.architecture.mamba_type=mamba
training.mode=gml_rollout
models.out_dim=10    avg_loss: 0.000000148685  time_per_window : 0.000937   progress : 0.524
name: models.architecture.block_type=simple
models.architecture.mamba_type=mamba
training.mode=gml_rollout
models.out_dim=10    avg_loss: 0.000000161527  time_per_window : 0.000915   progress : 0.535
name: models.architecture.block_type=simple
models.architecture.mamba_type=mamba
training.mode=gml_rollout
models.out_dim=10    avg_loss: 0.000000145951  time_per_window : 0.000932   progress : 0.546
name: models.architecture.block_type=simple
models.architecture.mamba_type=mamba
training.mode=gml_rollout
models.out_dim=10    avg_loss: 0.000000170701  time_per_window : 0.000987   progress : 0.557
name: models.architecture.block_type=simple
models.architecture.mamba_type=mamba
training.mode=gml_rollout
models.out_dim=10    avg_loss: 0.000000165407  time_per_window : 0.000881   progress : 0.568
name: models.architecture.block_type=simple
models.architecture.mamba_type=mamba
training.mode=gml_rollout
models.out_dim=10    avg_loss: 0.000000148441  time_per_window : 0.000899   progress : 0.579
name: models.architecture.block_type=simple
models.architecture.mamba_type=mamba
training.mode=gml_rollout
models.out_dim=10    avg_loss: 0.000000170162  time_per_window : 0.000948   progress : 0.590
name: models.architecture.block_type=simple
models.architecture.mamba_type=mamba
training.mode=gml_rollout
models.out_dim=10    avg_loss: 0.000000144588  time_per_window : 0.000859   progress : 0.601
name: models.architecture.block_type=simple
models.architecture.mamba_type=mamba
training.mode=gml_rollout
models.out_dim=10    avg_loss: 0.000000146594  time_per_window : 0.000894   progress : 0.612
name: models.architecture.block_type=simple
models.architecture.mamba_type=mamba
training.mode=gml_rollout
models.out_dim=10    avg_loss: 0.000000143427  time_per_window : 0.000858   progress : 0.623
name: models.architecture.block_type=simple
models.architecture.mamba_type=mamba
training.mode=gml_rollout
models.out_dim=10    avg_loss: 0.000000136490  time_per_window : 0.000893   progress : 0.634
name: models.architecture.block_type=simple
models.architecture.mamba_type=mamba
training.mode=gml_rollout
models.out_dim=10    avg_loss: 0.000000175337  time_per_window : 0.000922   progress : 0.644
name: models.architecture.block_type=simple
models.architecture.mamba_type=mamba
training.mode=gml_rollout
models.out_dim=10    avg_loss: 0.000000168477  time_per_window : 0.000805   progress : 0.655
name: models.architecture.block_type=simple
models.architecture.mamba_type=mamba
training.mode=gml_rollout
models.out_dim=10    avg_loss: 0.000000151547  time_per_window : 0.000913   progress : 0.666
name: models.architecture.block_type=simple
models.architecture.mamba_type=mamba
training.mode=gml_rollout
models.out_dim=10    avg_loss: 0.000000160888  time_per_window : 0.000859   progress : 0.677
name: models.architecture.block_type=simple
models.architecture.mamba_type=mamba
training.mode=gml_rollout
models.out_dim=10    avg_loss: 0.000000128657  time_per_window : 0.000889   progress : 0.688
name: models.architecture.block_type=simple
models.architecture.mamba_type=mamba
training.mode=gml_rollout
models.out_dim=10    avg_loss: 0.000000165568  time_per_window : 0.000884   progress : 0.699
name: models.architecture.block_type=simple
models.architecture.mamba_type=mamba
training.mode=gml_rollout
models.out_dim=10    avg_loss: 0.000000137441  time_per_window : 0.000916   progress : 0.710
name: models.architecture.block_type=simple
models.architecture.mamba_type=mamba
training.mode=gml_rollout
models.out_dim=10    avg_loss: 0.000000132705  time_per_window : 0.000745   progress : 0.721
name: models.architecture.block_type=simple
models.architecture.mamba_type=mamba
training.mode=gml_rollout
models.out_dim=10    avg_loss: 0.000000164750  time_per_window : 0.000894   progress : 0.732
name: models.architecture.block_type=simple
models.architecture.mamba_type=mamba
training.mode=gml_rollout
models.out_dim=10    avg_loss: 0.000000133848  time_per_window : 0.000928   progress : 0.743
name: models.architecture.block_type=simple
models.architecture.mamba_type=mamba
training.mode=gml_rollout
models.out_dim=10    avg_loss: 0.000000161775  time_per_window : 0.000895   progress : 0.754
name: models.architecture.block_type=simple
models.architecture.mamba_type=mamba
training.mode=gml_rollout
models.out_dim=10    avg_loss: 0.000000154131  time_per_window : 0.000906   progress : 0.765
name: models.architecture.block_type=simple
models.architecture.mamba_type=mamba
training.mode=gml_rollout
models.out_dim=10    avg_loss: 0.000000145359  time_per_window : 0.000922   progress : 0.775
name: models.architecture.block_type=simple
models.architecture.mamba_type=mamba
training.mode=gml_rollout
models.out_dim=10    avg_loss: 0.000000139454  time_per_window : 0.000879   progress : 0.786
name: models.architecture.block_type=simple
models.architecture.mamba_type=mamba
training.mode=gml_rollout
models.out_dim=10    avg_loss: 0.000000155132  time_per_window : 0.000887   progress : 0.797
name: models.architecture.block_type=simple
models.architecture.mamba_type=mamba
training.mode=gml_rollout
models.out_dim=10    avg_loss: 0.000000146928  time_per_window : 0.000916   progress : 0.808
name: models.architecture.block_type=simple
models.architecture.mamba_type=mamba
training.mode=gml_rollout
models.out_dim=10    avg_loss: 0.000000143228  time_per_window : 0.000888   progress : 0.819
name: models.architecture.block_type=simple
models.architecture.mamba_type=mamba
training.mode=gml_rollout
models.out_dim=10    avg_loss: 0.000000140849  time_per_window : 0.000880   progress : 0.830
name: models.architecture.block_type=simple
models.architecture.mamba_type=mamba
training.mode=gml_rollout
models.out_dim=10    avg_loss: 0.000000153816  time_per_window : 0.000921   progress : 0.841
name: models.architecture.block_type=simple
models.architecture.mamba_type=mamba
training.mode=gml_rollout
models.out_dim=10    avg_loss: 0.000000145896  time_per_window : 0.000926   progress : 0.852
name: models.architecture.block_type=simple
models.architecture.mamba_type=mamba
training.mode=gml_rollout
models.out_dim=10    avg_loss: 0.000000139874  time_per_window : 0.000916   progress : 0.863
name: models.architecture.block_type=simple
models.architecture.mamba_type=mamba
training.mode=gml_rollout
models.out_dim=10    avg_loss: 0.000000130982  time_per_window : 0.000733   progress : 0.874
name: models.architecture.block_type=simple
models.architecture.mamba_type=mamba
training.mode=gml_rollout
models.out_dim=10    avg_loss: 0.000000177743  time_per_window : 0.000885   progress : 0.885
name: models.architecture.block_type=simple
models.architecture.mamba_type=mamba
training.mode=gml_rollout
models.out_dim=10    avg_loss: 0.000000137188  time_per_window : 0.000902   progress : 0.896
name: models.architecture.block_type=simple
models.architecture.mamba_type=mamba
training.mode=gml_rollout
models.out_dim=10    avg_loss: 0.000000126648  time_per_window : 0.000939   progress : 0.907
name: models.architecture.block_type=simple
models.architecture.mamba_type=mamba
training.mode=gml_rollout
models.out_dim=10    avg_loss: 0.000000142778  time_per_window : 0.000881   progress : 0.917
name: models.architecture.block_type=simple
models.architecture.mamba_type=mamba
training.mode=gml_rollout
models.out_dim=10    avg_loss: 0.000000138863  time_per_window : 0.000881   progress : 0.928
name: models.architecture.block_type=simple
models.architecture.mamba_type=mamba
training.mode=gml_rollout
models.out_dim=10    avg_loss: 0.000000129727  time_per_window : 0.000876   progress : 0.939
name: models.architecture.block_type=simple
models.architecture.mamba_type=mamba
training.mode=gml_rollout
models.out_dim=10    avg_loss: 0.000000143340  time_per_window : 0.000865   progress : 0.950
name: models.architecture.block_type=simple
models.architecture.mamba_type=mamba
training.mode=gml_rollout
models.out_dim=10    avg_loss: 0.000000136011  time_per_window : 0.000873   progress : 0.961
name: models.architecture.block_type=simple
models.architecture.mamba_type=mamba
training.mode=gml_rollout
models.out_dim=10    avg_loss: 0.000000134495  time_per_window : 0.000844   progress : 0.972
name: models.architecture.block_type=simple
models.architecture.mamba_type=mamba
training.mode=gml_rollout
models.out_dim=10    avg_loss: 0.000000145897  time_per_window : 0.000745   progress : 0.983
name: models.architecture.block_type=simple
models.architecture.mamba_type=mamba
training.mode=gml_rollout
models.out_dim=10    avg_loss: 0.000000155009  time_per_window : 0.000888   progress : 0.994
name: models.architecture.block_type=simple
models.architecture.mamba_type=mamba
training.mode=gml_rollout
models.out_dim=10    avg_loss: -65.543533325195  time_per_window : 0.000947   progress : 0.011
name: models.architecture.block_type=simple
models.architecture.mamba_type=mamba
training.mode=gml_rollout
models.out_dim=10    avg_loss: -68.975654602051  time_per_window : 0.000934   progress : 0.022
name: models.architecture.block_type=simple
models.architecture.mamba_type=mamba
training.mode=gml_rollout
models.out_dim=10    avg_loss: -68.994636535645  time_per_window : 0.000661   progress : 0.033
name: models.architecture.block_type=simple
models.architecture.mamba_type=mamba
training.mode=gml_rollout
models.out_dim=10    avg_loss: -69.000305175781  time_per_window : 0.000943   progress : 0.044
name: models.architecture.block_type=simple
models.architecture.mamba_type=mamba
training.mode=gml_rollout
models.out_dim=10    avg_loss: -69.004280090332  time_per_window : 0.000922   progress : 0.055
name: models.architecture.block_type=simple
models.architecture.mamba_type=mamba
training.mode=gml_rollout
models.out_dim=10    avg_loss: -69.006835937500  time_per_window : 0.000928   progress : 0.066
name: models.architecture.block_type=simple
models.architecture.mamba_type=mamba
training.mode=gml_rollout
models.out_dim=10    avg_loss: -69.008247375488  time_per_window : 0.000953   progress : 0.076
name: models.architecture.block_type=simple
models.architecture.mamba_type=mamba
training.mode=gml_rollout
models.out_dim=10    avg_loss: -69.010551452637  time_per_window : 0.000916   progress : 0.087
name: models.architecture.block_type=simple
models.architecture.mamba_type=mamba
training.mode=gml_rollout
models.out_dim=10    avg_loss: -69.011878967285  time_per_window : 0.000877   progress : 0.098
name: models.architecture.block_type=simple
models.architecture.mamba_type=mamba
training.mode=gml_rollout
models.out_dim=10    avg_loss: -69.012252807617  time_per_window : 0.000851   progress : 0.109
name: models.architecture.block_type=simple
models.architecture.mamba_type=mamba
training.mode=gml_rollout
models.out_dim=10    avg_loss: -69.011688232422  time_per_window : 0.000935   progress : 0.120
name: models.architecture.block_type=simple
models.architecture.mamba_type=mamba
training.mode=gml_rollout
models.out_dim=10    avg_loss: -69.013114929199  time_per_window : 0.000916   progress : 0.131
name: models.architecture.block_type=simple
models.architecture.mamba_type=mamba
training.mode=gml_rollout
models.out_dim=10    avg_loss: -69.013236999512  time_per_window : 0.000914   progress : 0.142
name: models.architecture.block_type=simple
models.architecture.mamba_type=mamba
training.mode=gml_rollout
models.out_dim=10    avg_loss: -69.013038635254  time_per_window : 0.000911   progress : 0.153
name: models.architecture.block_type=simple
models.architecture.mamba_type=mamba
training.mode=gml_rollout
models.out_dim=10    avg_loss: -69.013259887695  time_per_window : 0.000872   progress : 0.164
name: models.architecture.block_type=simple
models.architecture.mamba_type=mamba
training.mode=gml_rollout
models.out_dim=10    avg_loss: -69.013473510742  time_per_window : 0.000837   progress : 0.175
name: models.architecture.block_type=simple
models.architecture.mamba_type=mamba
training.mode=gml_rollout
models.out_dim=10    avg_loss: -69.013160705566  time_per_window : 0.000933   progress : 0.186
name: models.architecture.block_type=simple
models.architecture.mamba_type=mamba
training.mode=gml_rollout
models.out_dim=10    avg_loss: -69.014564514160  time_per_window : 0.000885   progress : 0.197
name: models.architecture.block_type=simple
models.architecture.mamba_type=mamba
training.mode=gml_rollout
models.out_dim=10    avg_loss: -69.013168334961  time_per_window : 0.000949   progress : 0.208
name: models.architecture.block_type=simple
models.architecture.mamba_type=mamba
training.mode=gml_rollout
models.out_dim=10    avg_loss: -69.013412475586  time_per_window : 0.000949   progress : 0.218
name: models.architecture.block_type=simple
models.architecture.mamba_type=mamba
training.mode=gml_rollout
models.out_dim=10    avg_loss: -69.012657165527  time_per_window : 0.000862   progress : 0.229
name: models.architecture.block_type=simple
models.architecture.mamba_type=mamba
training.mode=gml_rollout
models.out_dim=10    avg_loss: -69.013580322266  time_per_window : 0.000908   progress : 0.240
name: models.architecture.block_type=simple
models.architecture.mamba_type=mamba
training.mode=gml_rollout
models.out_dim=10    avg_loss: -69.012825012207  time_per_window : 0.000925   progress : 0.251
name: models.architecture.block_type=simple
models.architecture.mamba_type=mamba
training.mode=gml_rollout
models.out_dim=10    avg_loss: -69.013847351074  time_per_window : 0.000851   progress : 0.262
name: models.architecture.block_type=simple
models.architecture.mamba_type=mamba
training.mode=gml_rollout
models.out_dim=10    avg_loss: -69.013168334961  time_per_window : 0.000866   progress : 0.273
name: models.architecture.block_type=simple
models.architecture.mamba_type=mamba
training.mode=gml_rollout
models.out_dim=10    avg_loss: -69.013404846191  time_per_window : 0.000872   progress : 0.284
name: models.architecture.block_type=simple
models.architecture.mamba_type=mamba
training.mode=gml_rollout
models.out_dim=10    avg_loss: -69.013992309570  time_per_window : 0.000936   progress : 0.295
name: models.architecture.block_type=simple
models.architecture.mamba_type=mamba
training.mode=gml_rollout
models.out_dim=10    avg_loss: -69.011978149414  time_per_window : 0.000939   progress : 0.306
name: models.architecture.block_type=simple
models.architecture.mamba_type=mamba
training.mode=gml_rollout
models.out_dim=10    avg_loss: -69.013595581055  time_per_window : 0.000868   progress : 0.317
name: models.architecture.block_type=simple
models.architecture.mamba_type=mamba
training.mode=gml_rollout
models.out_dim=10    avg_loss: -69.012771606445  time_per_window : 0.000916   progress : 0.328
name: models.architecture.block_type=simple
models.architecture.mamba_type=mamba
training.mode=gml_rollout
models.out_dim=10    avg_loss: -69.012664794922  time_per_window : 0.000920   progress : 0.339
name: models.architecture.block_type=simple
models.architecture.mamba_type=mamba
training.mode=gml_rollout
models.out_dim=10    avg_loss: -69.012474060059  time_per_window : 0.000901   progress : 0.350
name: models.architecture.block_type=simple
models.architecture.mamba_type=mamba
training.mode=gml_rollout
models.out_dim=10    avg_loss: -69.013534545898  time_per_window : 0.000900   progress : 0.360
name: models.architecture.block_type=simple
models.architecture.mamba_type=mamba
training.mode=gml_rollout
models.out_dim=10    avg_loss: -69.013710021973  time_per_window : 0.000879   progress : 0.371
name: models.architecture.block_type=simple
models.architecture.mamba_type=mamba
training.mode=gml_rollout
models.out_dim=10    avg_loss: -69.011962890625  time_per_window : 0.000682   progress : 0.382
name: models.architecture.block_type=simple
models.architecture.mamba_type=mamba
training.mode=gml_rollout
models.out_dim=10    avg_loss: -69.012405395508  time_per_window : 0.000906   progress : 0.393
name: models.architecture.block_type=simple
models.architecture.mamba_type=mamba
training.mode=gml_rollout
models.out_dim=10    avg_loss: -69.012298583984  time_per_window : 0.000947   progress : 0.404
name: models.architecture.block_type=simple
models.architecture.mamba_type=mamba
training.mode=gml_rollout
models.out_dim=10    avg_loss: -69.012832641602  time_per_window : 0.000914   progress : 0.415
name: models.architecture.block_type=simple
models.architecture.mamba_type=mamba
training.mode=gml_rollout
models.out_dim=10    avg_loss: -69.012580871582  time_per_window : 0.000923   progress : 0.426
name: models.architecture.block_type=simple
models.architecture.mamba_type=mamba
training.mode=gml_rollout
models.out_dim=10    avg_loss: -69.013244628906  time_per_window : 0.000962   progress : 0.437
name: models.architecture.block_type=simple
models.architecture.mamba_type=mamba
training.mode=gml_rollout
models.out_dim=10    avg_loss: -69.012420654297  time_per_window : 0.000904   progress : 0.448
name: models.architecture.block_type=simple
models.architecture.mamba_type=mamba
training.mode=gml_rollout
models.out_dim=10    avg_loss: -69.013427734375  time_per_window : 0.000935   progress : 0.459
name: models.architecture.block_type=simple
models.architecture.mamba_type=mamba
training.mode=gml_rollout
models.out_dim=10    avg_loss: -69.013084411621  time_per_window : 0.000937   progress : 0.470
name: models.architecture.block_type=simple
models.architecture.mamba_type=mamba
training.mode=gml_rollout
models.out_dim=10    avg_loss: -69.012985229492  time_per_window : 0.000923   progress : 0.481
name: models.architecture.block_type=simple
models.architecture.mamba_type=mamba
training.mode=gml_rollout
models.out_dim=10    avg_loss: -69.012756347656  time_per_window : 0.000888   progress : 0.492
name: models.architecture.block_type=simple
models.architecture.mamba_type=mamba
training.mode=gml_rollout
models.out_dim=10    avg_loss: -69.014167785645  time_per_window : 0.000963   progress : 0.502
name: models.architecture.block_type=simple
models.architecture.mamba_type=mamba
training.mode=gml_rollout
models.out_dim=10    avg_loss: -69.013305664062  time_per_window : 0.000865   progress : 0.513
name: models.architecture.block_type=simple
models.architecture.mamba_type=mamba
training.mode=gml_rollout
models.out_dim=10    avg_loss: -69.012687683105  time_per_window : 0.000935   progress : 0.524
name: models.architecture.block_type=simple
models.architecture.mamba_type=mamba
training.mode=gml_rollout
models.out_dim=10    avg_loss: -69.013000488281  time_per_window : 0.000911   progress : 0.535
name: models.architecture.block_type=simple
models.architecture.mamba_type=mamba
training.mode=gml_rollout
models.out_dim=10    avg_loss: -69.013122558594  time_per_window : 0.000911   progress : 0.546
name: models.architecture.block_type=simple
models.architecture.mamba_type=mamba
training.mode=gml_rollout
models.out_dim=10    avg_loss: -69.013458251953  time_per_window : 0.000886   progress : 0.557
name: models.architecture.block_type=simple
models.architecture.mamba_type=mamba
training.mode=gml_rollout
models.out_dim=10    avg_loss: -69.013183593750  time_per_window : 0.000954   progress : 0.568
name: models.architecture.block_type=simple
models.architecture.mamba_type=mamba
training.mode=gml_rollout
models.out_dim=10    avg_loss: -69.012870788574  time_per_window : 0.000883   progress : 0.579
name: models.architecture.block_type=simple
models.architecture.mamba_type=mamba
training.mode=gml_rollout
models.out_dim=10    avg_loss: -69.012138366699  time_per_window : 0.000943   progress : 0.590
name: models.architecture.block_type=simple
models.architecture.mamba_type=mamba
training.mode=gml_rollout
models.out_dim=10    avg_loss: -69.014358520508  time_per_window : 0.000944   progress : 0.601
name: models.architecture.block_type=simple
models.architecture.mamba_type=mamba
training.mode=gml_rollout
models.out_dim=10    avg_loss: -69.014015197754  time_per_window : 0.000946   progress : 0.612
name: models.architecture.block_type=simple
models.architecture.mamba_type=mamba
training.mode=gml_rollout
models.out_dim=10    avg_loss: -69.012870788574  time_per_window : 0.000873   progress : 0.623
name: models.architecture.block_type=simple
models.architecture.mamba_type=mamba
training.mode=gml_rollout
models.out_dim=10    avg_loss: -69.012710571289  time_per_window : 0.000941   progress : 0.634
name: models.architecture.block_type=simple
models.architecture.mamba_type=mamba
training.mode=gml_rollout
models.out_dim=10    avg_loss: -69.013107299805  time_per_window : 0.000909   progress : 0.644
name: models.architecture.block_type=simple
models.architecture.mamba_type=mamba
training.mode=gml_rollout
models.out_dim=10    avg_loss: -69.013427734375  time_per_window : 0.000905   progress : 0.655
name: models.architecture.block_type=simple
models.architecture.mamba_type=mamba
training.mode=gml_rollout
models.out_dim=10    avg_loss: -69.013496398926  time_per_window : 0.000927   progress : 0.666
name: models.architecture.block_type=simple
models.architecture.mamba_type=mamba
training.mode=gml_rollout
models.out_dim=10    avg_loss: -69.014251708984  time_per_window : 0.000964   progress : 0.677
name: models.architecture.block_type=simple
models.architecture.mamba_type=mamba
training.mode=gml_rollout
models.out_dim=10    avg_loss: -69.012870788574  time_per_window : 0.000934   progress : 0.688
name: models.architecture.block_type=simple
models.architecture.mamba_type=mamba
training.mode=gml_rollout
models.out_dim=10    avg_loss: -69.013664245605  time_per_window : 0.000930   progress : 0.699
name: models.architecture.block_type=simple
models.architecture.mamba_type=mamba
training.mode=gml_rollout
models.out_dim=10    avg_loss: -69.011642456055  time_per_window : 0.000933   progress : 0.710
name: models.architecture.block_type=simple
models.architecture.mamba_type=mamba
training.mode=gml_rollout
models.out_dim=10    avg_loss: -69.014160156250  time_per_window : 0.000976   progress : 0.721
name: models.architecture.block_type=simple
models.architecture.mamba_type=mamba
training.mode=gml_rollout
models.out_dim=10    avg_loss: -69.013168334961  time_per_window : 0.000899   progress : 0.732
name: models.architecture.block_type=simple
models.architecture.mamba_type=mamba
training.mode=gml_rollout
models.out_dim=10    avg_loss: -69.013244628906  time_per_window : 0.000845   progress : 0.743
name: models.architecture.block_type=simple
models.architecture.mamba_type=mamba
training.mode=gml_rollout
models.out_dim=10    avg_loss: -69.012725830078  time_per_window : 0.000912   progress : 0.754
name: models.architecture.block_type=simple
models.architecture.mamba_type=mamba
training.mode=gml_rollout
models.out_dim=10    avg_loss: -69.014457702637  time_per_window : 0.000917   progress : 0.765
name: models.architecture.block_type=simple
models.architecture.mamba_type=mamba
training.mode=gml_rollout
models.out_dim=10    avg_loss: -69.012130737305  time_per_window : 0.000921   progress : 0.775
name: models.architecture.block_type=simple
models.architecture.mamba_type=mamba
training.mode=gml_rollout
models.out_dim=10    avg_loss: -69.013236999512  time_per_window : 0.000936   progress : 0.786
name: models.architecture.block_type=simple
models.architecture.mamba_type=mamba
training.mode=gml_rollout
models.out_dim=10    avg_loss: -69.013595581055  time_per_window : 0.000964   progress : 0.797
name: models.architecture.block_type=simple
models.architecture.mamba_type=mamba
training.mode=gml_rollout
models.out_dim=10    avg_loss: -69.013763427734  time_per_window : 0.000939   progress : 0.808
name: models.architecture.block_type=simple
models.architecture.mamba_type=mamba
training.mode=gml_rollout
models.out_dim=10    avg_loss: -69.012779235840  time_per_window : 0.000930   progress : 0.819
name: models.architecture.block_type=simple
models.architecture.mamba_type=mamba
training.mode=gml_rollout
models.out_dim=10    avg_loss: -69.013572692871  time_per_window : 0.000913   progress : 0.830
name: models.architecture.block_type=simple
models.architecture.mamba_type=mamba
training.mode=gml_rollout
models.out_dim=10    avg_loss: -69.013336181641  time_per_window : 0.000886   progress : 0.841
name: models.architecture.block_type=simple
models.architecture.mamba_type=mamba
training.mode=gml_rollout
models.out_dim=10    avg_loss: -69.013931274414  time_per_window : 0.000915   progress : 0.852
name: models.architecture.block_type=simple
models.architecture.mamba_type=mamba
training.mode=gml_rollout
models.out_dim=10    avg_loss: -69.013847351074  time_per_window : 0.000906   progress : 0.863
name: models.architecture.block_type=simple
models.architecture.mamba_type=mamba
training.mode=gml_rollout
models.out_dim=10    avg_loss: -69.013816833496  time_per_window : 0.000948   progress : 0.874
name: models.architecture.block_type=simple
models.architecture.mamba_type=mamba
training.mode=gml_rollout
models.out_dim=10    avg_loss: -69.011779785156  time_per_window : 0.000928   progress : 0.885
name: models.architecture.block_type=simple
models.architecture.mamba_type=mamba
training.mode=gml_rollout
models.out_dim=10    avg_loss: -69.013977050781  time_per_window : 0.000887   progress : 0.896
name: models.architecture.block_type=simple
models.architecture.mamba_type=mamba
training.mode=gml_rollout
models.out_dim=10    avg_loss: -69.012802124023  time_per_window : 0.000930   progress : 0.907
name: models.architecture.block_type=simple
models.architecture.mamba_type=mamba
training.mode=gml_rollout
models.out_dim=10    avg_loss: -69.013168334961  time_per_window : 0.000854   progress : 0.917
name: models.architecture.block_type=simple
models.architecture.mamba_type=mamba
training.mode=gml_rollout
models.out_dim=10    avg_loss: -69.012870788574  time_per_window : 0.000867   progress : 0.928
name: models.architecture.block_type=simple
models.architecture.mamba_type=mamba
training.mode=gml_rollout
models.out_dim=10    avg_loss: -69.012893676758  time_per_window : 0.000976   progress : 0.939
name: models.architecture.block_type=simple
models.architecture.mamba_type=mamba
training.mode=gml_rollout
models.out_dim=10    avg_loss: -69.012649536133  time_per_window : 0.000953   progress : 0.950
name: models.architecture.block_type=simple
models.architecture.mamba_type=mamba
training.mode=gml_rollout
models.out_dim=10    avg_loss: -69.014053344727  time_per_window : 0.000940   progress : 0.961
name: models.architecture.block_type=simple
models.architecture.mamba_type=mamba
training.mode=gml_rollout
models.out_dim=10    avg_loss: -69.014198303223  time_per_window : 0.000917   progress : 0.972
name: models.architecture.block_type=simple
models.architecture.mamba_type=mamba
training.mode=gml_rollout
models.out_dim=10    avg_loss: -69.013900756836  time_per_window : 0.000895   progress : 0.983
name: models.architecture.block_type=simple
models.architecture.mamba_type=mamba
training.mode=gml_rollout
models.out_dim=10    avg_loss: -69.012802124023  time_per_window : 0.000817   progress : 0.994
DONE!!!
