/home/jdihardjo/miniconda3/envs/mavenv/lib/python3.11/site-packages/hydra/_internal/defaults_list.py:251: UserWarning: In 'config': Defaults list is missing `_self_`. See https://hydra.cc/docs/1.2/upgrades/1.0_to_1.1/default_composition_order for more information
  warnings.warn(msg, UserWarning)
Using cuda device
[2026-07-23 17:18:51,358][HYDRA] Joblib.Parallel(n_jobs=4,backend=loky,prefer=processes,require=None,verbose=0,timeout=None,pre_dispatch=2*n_jobs,batch_size=auto,temp_folder=None,max_nbytes=None,mmap_mode=r) is launching 1 jobs
[2026-07-23 17:18:51,358][HYDRA] Launching jobs, sweep output dir : ablation_runs/2026-07-23_17-18-45/simple_gml_mamba_out6
[2026-07-23 17:18:51,358][HYDRA] 	#0 : models.architecture.block_type=simple models.architecture.mamba_type=mamba training.mode=gml_rollout models.out_dim=6
/home/jdihardjo/miniconda3/envs/mavenv/lib/python3.11/site-packages/hydra/_internal/defaults_list.py:251: UserWarning: In 'config': Defaults list is missing `_self_`. See https://hydra.cc/docs/1.2/upgrades/1.0_to_1.1/default_composition_order for more information
  warnings.warn(msg, UserWarning)
models:
  n_dim: 23
  out_dim: 6
  architecture:
    d_model: 128
    n_encoder_layers: 2
    n_decoder_layers: 0
    block_type: simple
    time_adapter: last_token
    in_norm: none
    out_norm: none
    layer_scale: 0.0001
    drop_path: 0.05
    mamba_type: mamba
    mamba_kwargs:
      d_state: 16
      d_conv: 2
      expand: 2
      norm: rms
    skip: false
    cls_kwargs:
      n_heads: 2
      n_mlp: 2
      positional_encoding: false
      max_len: 5000
input_len: 32
output_len: 1
batch_size: 128
epochs: 5
seed: 0
dataset:
  path: /home/jdihardjo/simdata/train.zarr/
  training_size: 1500000
evaluation:
  path: /home/jdihardjo/simdata/evaluation.zarr/
  evaluation_size: 50
training:
  mode: gml_rollout
  lr: 0.0002
  weight_decay: 0.1
  rollout_steps: 16
checkpoint:
  save_path: hydra-test.pth
  load: false
  path: hydra-test.pth
compile: true

/home/jdihardjo/miniconda3/envs/mavenv/lib/python3.11/site-packages/torch/_dynamo/variables/functions.py:2311: UserWarning: Dynamo does not know how to trace the builtin `selective_scan_cuda.pybind11_detail_function_record_v1_system_libstdcpp_gxx_abi_1xxx_use_cxx11_abi_1.fwd.` This function is either a Python builtin (e.g. _warnings.warn) or a third-party C/C++ Python extension (perhaps created with pybind).
If it is a Python builtin, please file an issue on GitHub so the PyTorch team can add support for it and see the next case for a workaround.
If it is a third-party C/C++ Python extension, please either wrap it into a PyTorch-understood custom operator (see https://pytorch.org/tutorials/advanced/custom_ops_landing_page.html for more details) or, if it is traceable, use `torch.compiler.allow_in_graph`.
  torch._dynamo.utils.warn_once(explanation + "\n" + "\n".join(hints))
/home/jdihardjo/miniconda3/envs/mavenv/lib/python3.11/site-packages/torch/_inductor/cudagraph_trees.py:2622: UserWarning: Unable to hit fast path of CUDAGraphs because outputs from a previous step still require backward. Ensure backward() is invoked or detach outputs. You may also call torch.compiler.cudagraph_mark_step_begin() before each model invocation.
  warnings.warn(
name: models.architecture.block_type=simple
models.architecture.mamba_type=mamba
training.mode=gml_rollout
models.out_dim=6    avg_loss: 0.000086278378  time_per_window : 0.000718   progress : 0.011
name: models.architecture.block_type=simple
models.architecture.mamba_type=mamba
training.mode=gml_rollout
models.out_dim=6    avg_loss: 0.000000308859  time_per_window : 0.000720   progress : 0.022
name: models.architecture.block_type=simple
models.architecture.mamba_type=mamba
training.mode=gml_rollout
models.out_dim=6    avg_loss: 0.000000295622  time_per_window : 0.000662   progress : 0.033
name: models.architecture.block_type=simple
models.architecture.mamba_type=mamba
training.mode=gml_rollout
models.out_dim=6    avg_loss: 0.000000290221  time_per_window : 0.000716   progress : 0.044
name: models.architecture.block_type=simple
models.architecture.mamba_type=mamba
training.mode=gml_rollout
models.out_dim=6    avg_loss: 0.000000270232  time_per_window : 0.001286   progress : 0.055
name: models.architecture.block_type=simple
models.architecture.mamba_type=mamba
training.mode=gml_rollout
models.out_dim=6    avg_loss: 0.000000255863  time_per_window : 0.000699   progress : 0.066
name: models.architecture.block_type=simple
models.architecture.mamba_type=mamba
training.mode=gml_rollout
models.out_dim=6    avg_loss: 0.000000235547  time_per_window : 0.000761   progress : 0.076
name: models.architecture.block_type=simple
models.architecture.mamba_type=mamba
training.mode=gml_rollout
models.out_dim=6    avg_loss: 0.000000220196  time_per_window : 0.000766   progress : 0.087
name: models.architecture.block_type=simple
models.architecture.mamba_type=mamba
training.mode=gml_rollout
models.out_dim=6    avg_loss: 0.000000195048  time_per_window : 0.000808   progress : 0.098
name: models.architecture.block_type=simple
models.architecture.mamba_type=mamba
training.mode=gml_rollout
models.out_dim=6    avg_loss: 0.000000174053  time_per_window : 0.000783   progress : 0.109
name: models.architecture.block_type=simple
models.architecture.mamba_type=mamba
training.mode=gml_rollout
models.out_dim=6    avg_loss: 0.000000132369  time_per_window : 0.000839   progress : 0.120
name: models.architecture.block_type=simple
models.architecture.mamba_type=mamba
training.mode=gml_rollout
models.out_dim=6    avg_loss: 0.000000097644  time_per_window : 0.003356   progress : 0.131
name: models.architecture.block_type=simple
models.architecture.mamba_type=mamba
training.mode=gml_rollout
models.out_dim=6    avg_loss: 0.000000085441  time_per_window : 0.000911   progress : 0.142
name: models.architecture.block_type=simple
models.architecture.mamba_type=mamba
training.mode=gml_rollout
models.out_dim=6    avg_loss: 0.000000081191  time_per_window : 0.000871   progress : 0.153
name: models.architecture.block_type=simple
models.architecture.mamba_type=mamba
training.mode=gml_rollout
models.out_dim=6    avg_loss: 0.000000073728  time_per_window : 0.000879   progress : 0.164
name: models.architecture.block_type=simple
models.architecture.mamba_type=mamba
training.mode=gml_rollout
models.out_dim=6    avg_loss: 0.000000068080  time_per_window : 0.000697   progress : 0.175
name: models.architecture.block_type=simple
models.architecture.mamba_type=mamba
training.mode=gml_rollout
models.out_dim=6    avg_loss: 0.000000068713  time_per_window : 0.000854   progress : 0.186
name: models.architecture.block_type=simple
models.architecture.mamba_type=mamba
training.mode=gml_rollout
models.out_dim=6    avg_loss: 0.000000068554  time_per_window : 0.000927   progress : 0.197
name: models.architecture.block_type=simple
models.architecture.mamba_type=mamba
training.mode=gml_rollout
models.out_dim=6    avg_loss: 0.000000066851  time_per_window : 0.000779   progress : 0.208
name: models.architecture.block_type=simple
models.architecture.mamba_type=mamba
training.mode=gml_rollout
models.out_dim=6    avg_loss: 0.000000065820  time_per_window : 0.000779   progress : 0.218
name: models.architecture.block_type=simple
models.architecture.mamba_type=mamba
training.mode=gml_rollout
models.out_dim=6    avg_loss: 0.000000064727  time_per_window : 0.000922   progress : 0.229
name: models.architecture.block_type=simple
models.architecture.mamba_type=mamba
training.mode=gml_rollout
models.out_dim=6    avg_loss: 0.000000065419  time_per_window : 0.000755   progress : 0.240
name: models.architecture.block_type=simple
models.architecture.mamba_type=mamba
training.mode=gml_rollout
models.out_dim=6    avg_loss: 0.000000065617  time_per_window : 0.000754   progress : 0.251
name: models.architecture.block_type=simple
models.architecture.mamba_type=mamba
training.mode=gml_rollout
models.out_dim=6    avg_loss: 0.000000062853  time_per_window : 0.000791   progress : 0.262
name: models.architecture.block_type=simple
models.architecture.mamba_type=mamba
training.mode=gml_rollout
models.out_dim=6    avg_loss: 0.000000063870  time_per_window : 0.000836   progress : 0.273
name: models.architecture.block_type=simple
models.architecture.mamba_type=mamba
training.mode=gml_rollout
models.out_dim=6    avg_loss: 0.000000063146  time_per_window : 0.000907   progress : 0.284
name: models.architecture.block_type=simple
models.architecture.mamba_type=mamba
training.mode=gml_rollout
models.out_dim=6    avg_loss: 0.000000067198  time_per_window : 0.000857   progress : 0.295
name: models.architecture.block_type=simple
models.architecture.mamba_type=mamba
training.mode=gml_rollout
models.out_dim=6    avg_loss: 0.000000067557  time_per_window : 0.000865   progress : 0.306
name: models.architecture.block_type=simple
models.architecture.mamba_type=mamba
training.mode=gml_rollout
models.out_dim=6    avg_loss: 0.000000064587  time_per_window : 0.000758   progress : 0.317
name: models.architecture.block_type=simple
models.architecture.mamba_type=mamba
training.mode=gml_rollout
models.out_dim=6    avg_loss: 0.000000065102  time_per_window : 0.000859   progress : 0.328
name: models.architecture.block_type=simple
models.architecture.mamba_type=mamba
training.mode=gml_rollout
models.out_dim=6    avg_loss: 0.000000074252  time_per_window : 0.000859   progress : 0.339
name: models.architecture.block_type=simple
models.architecture.mamba_type=mamba
training.mode=gml_rollout
models.out_dim=6    avg_loss: 0.000000064254  time_per_window : 0.000896   progress : 0.350
name: models.architecture.block_type=simple
models.architecture.mamba_type=mamba
training.mode=gml_rollout
models.out_dim=6    avg_loss: 0.000000069006  time_per_window : 0.000803   progress : 0.360
name: models.architecture.block_type=simple
models.architecture.mamba_type=mamba
training.mode=gml_rollout
models.out_dim=6    avg_loss: 0.000000062751  time_per_window : 0.000783   progress : 0.371
name: models.architecture.block_type=simple
models.architecture.mamba_type=mamba
training.mode=gml_rollout
models.out_dim=6    avg_loss: 0.000000069971  time_per_window : 0.000791   progress : 0.382
name: models.architecture.block_type=simple
models.architecture.mamba_type=mamba
training.mode=gml_rollout
models.out_dim=6    avg_loss: 0.000000067281  time_per_window : 0.000885   progress : 0.393
name: models.architecture.block_type=simple
models.architecture.mamba_type=mamba
training.mode=gml_rollout
models.out_dim=6    avg_loss: 0.000000066209  time_per_window : 0.000763   progress : 0.404
name: models.architecture.block_type=simple
models.architecture.mamba_type=mamba
training.mode=gml_rollout
models.out_dim=6    avg_loss: 0.000000071788  time_per_window : 0.000788   progress : 0.415
name: models.architecture.block_type=simple
models.architecture.mamba_type=mamba
training.mode=gml_rollout
models.out_dim=6    avg_loss: 0.000000065179  time_per_window : 0.000931   progress : 0.426
name: models.architecture.block_type=simple
models.architecture.mamba_type=mamba
training.mode=gml_rollout
models.out_dim=6    avg_loss: 0.000000071185  time_per_window : 0.000874   progress : 0.437
name: models.architecture.block_type=simple
models.architecture.mamba_type=mamba
training.mode=gml_rollout
models.out_dim=6    avg_loss: 0.000000068713  time_per_window : 0.000856   progress : 0.448
name: models.architecture.block_type=simple
models.architecture.mamba_type=mamba
training.mode=gml_rollout
models.out_dim=6    avg_loss: 0.000000065360  time_per_window : 0.000730   progress : 0.459
name: models.architecture.block_type=simple
models.architecture.mamba_type=mamba
training.mode=gml_rollout
models.out_dim=6    avg_loss: 0.000000070074  time_per_window : 0.000892   progress : 0.470
name: models.architecture.block_type=simple
models.architecture.mamba_type=mamba
training.mode=gml_rollout
models.out_dim=6    avg_loss: 0.000000061454  time_per_window : 0.000776   progress : 0.481
name: models.architecture.block_type=simple
models.architecture.mamba_type=mamba
training.mode=gml_rollout
models.out_dim=6    avg_loss: 0.000000068188  time_per_window : 0.000809   progress : 0.492
name: models.architecture.block_type=simple
models.architecture.mamba_type=mamba
training.mode=gml_rollout
models.out_dim=6    avg_loss: 0.000000069027  time_per_window : 0.000860   progress : 0.502
name: models.architecture.block_type=simple
models.architecture.mamba_type=mamba
training.mode=gml_rollout
models.out_dim=6    avg_loss: 0.000000070473  time_per_window : 0.000799   progress : 0.513
name: models.architecture.block_type=simple
models.architecture.mamba_type=mamba
training.mode=gml_rollout
models.out_dim=6    avg_loss: 0.000000061498  time_per_window : 0.000852   progress : 0.524
name: models.architecture.block_type=simple
models.architecture.mamba_type=mamba
training.mode=gml_rollout
models.out_dim=6    avg_loss: 0.000000064875  time_per_window : 0.000899   progress : 0.535
name: models.architecture.block_type=simple
models.architecture.mamba_type=mamba
training.mode=gml_rollout
models.out_dim=6    avg_loss: 0.000000064347  time_per_window : 0.000781   progress : 0.546
name: models.architecture.block_type=simple
models.architecture.mamba_type=mamba
training.mode=gml_rollout
models.out_dim=6    avg_loss: 0.000000064648  time_per_window : 0.000794   progress : 0.557
name: models.architecture.block_type=simple
models.architecture.mamba_type=mamba
training.mode=gml_rollout
models.out_dim=6    avg_loss: 0.000000061092  time_per_window : 0.000763   progress : 0.568
name: models.architecture.block_type=simple
models.architecture.mamba_type=mamba
training.mode=gml_rollout
models.out_dim=6    avg_loss: 0.000000068069  time_per_window : 0.000882   progress : 0.579
name: models.architecture.block_type=simple
models.architecture.mamba_type=mamba
training.mode=gml_rollout
models.out_dim=6    avg_loss: 0.000000056766  time_per_window : 0.000730   progress : 0.590
name: models.architecture.block_type=simple
models.architecture.mamba_type=mamba
training.mode=gml_rollout
models.out_dim=6    avg_loss: 0.000000060603  time_per_window : 0.000860   progress : 0.601
name: models.architecture.block_type=simple
models.architecture.mamba_type=mamba
training.mode=gml_rollout
models.out_dim=6    avg_loss: 0.000000059953  time_per_window : 0.000908   progress : 0.612
name: models.architecture.block_type=simple
models.architecture.mamba_type=mamba
training.mode=gml_rollout
models.out_dim=6    avg_loss: 0.000000063641  time_per_window : 0.000739   progress : 0.623
name: models.architecture.block_type=simple
models.architecture.mamba_type=mamba
training.mode=gml_rollout
models.out_dim=6    avg_loss: 0.000000056922  time_per_window : 0.000864   progress : 0.634
name: models.architecture.block_type=simple
models.architecture.mamba_type=mamba
training.mode=gml_rollout
models.out_dim=6    avg_loss: 0.000000059612  time_per_window : 0.000824   progress : 0.644
name: models.architecture.block_type=simple
models.architecture.mamba_type=mamba
training.mode=gml_rollout
models.out_dim=6    avg_loss: 0.000000058436  time_per_window : 0.000766   progress : 0.655
name: models.architecture.block_type=simple
models.architecture.mamba_type=mamba
training.mode=gml_rollout
models.out_dim=6    avg_loss: 0.000000059701  time_per_window : 0.000906   progress : 0.666
name: models.architecture.block_type=simple
models.architecture.mamba_type=mamba
training.mode=gml_rollout
models.out_dim=6    avg_loss: 0.000000054811  time_per_window : 0.000856   progress : 0.677
name: models.architecture.block_type=simple
models.architecture.mamba_type=mamba
training.mode=gml_rollout
models.out_dim=6    avg_loss: 0.000000057696  time_per_window : 0.000869   progress : 0.688
name: models.architecture.block_type=simple
models.architecture.mamba_type=mamba
training.mode=gml_rollout
models.out_dim=6    avg_loss: 0.000000063496  time_per_window : 0.000777   progress : 0.699
name: models.architecture.block_type=simple
models.architecture.mamba_type=mamba
training.mode=gml_rollout
models.out_dim=6    avg_loss: 0.000000056816  time_per_window : 0.000765   progress : 0.710
name: models.architecture.block_type=simple
models.architecture.mamba_type=mamba
training.mode=gml_rollout
models.out_dim=6    avg_loss: 0.000000051986  time_per_window : 0.000814   progress : 0.721
name: models.architecture.block_type=simple
models.architecture.mamba_type=mamba
training.mode=gml_rollout
models.out_dim=6    avg_loss: 0.000000056150  time_per_window : 0.000791   progress : 0.732
name: models.architecture.block_type=simple
models.architecture.mamba_type=mamba
training.mode=gml_rollout
models.out_dim=6    avg_loss: 0.000000051710  time_per_window : 0.000808   progress : 0.743
name: models.architecture.block_type=simple
models.architecture.mamba_type=mamba
training.mode=gml_rollout
models.out_dim=6    avg_loss: 0.000000053787  time_per_window : 0.000886   progress : 0.754
name: models.architecture.block_type=simple
models.architecture.mamba_type=mamba
training.mode=gml_rollout
models.out_dim=6    avg_loss: 0.000000052181  time_per_window : 0.000802   progress : 0.765
name: models.architecture.block_type=simple
models.architecture.mamba_type=mamba
training.mode=gml_rollout
models.out_dim=6    avg_loss: 0.000000061362  time_per_window : 0.000863   progress : 0.775
name: models.architecture.block_type=simple
models.architecture.mamba_type=mamba
training.mode=gml_rollout
models.out_dim=6    avg_loss: 0.000000050562  time_per_window : 0.000755   progress : 0.786
name: models.architecture.block_type=simple
models.architecture.mamba_type=mamba
training.mode=gml_rollout
models.out_dim=6    avg_loss: 0.000000050276  time_per_window : 0.000796   progress : 0.797
name: models.architecture.block_type=simple
models.architecture.mamba_type=mamba
training.mode=gml_rollout
models.out_dim=6    avg_loss: 0.000000047264  time_per_window : 0.000912   progress : 0.808
name: models.architecture.block_type=simple
models.architecture.mamba_type=mamba
training.mode=gml_rollout
models.out_dim=6    avg_loss: 0.000000049541  time_per_window : 0.000857   progress : 0.819
name: models.architecture.block_type=simple
models.architecture.mamba_type=mamba
training.mode=gml_rollout
models.out_dim=6    avg_loss: 0.000000047663  time_per_window : 0.000852   progress : 0.830
name: models.architecture.block_type=simple
models.architecture.mamba_type=mamba
training.mode=gml_rollout
models.out_dim=6    avg_loss: 0.000000046680  time_per_window : 0.000901   progress : 0.841
name: models.architecture.block_type=simple
models.architecture.mamba_type=mamba
training.mode=gml_rollout
models.out_dim=6    avg_loss: 0.000000051535  time_per_window : 0.000870   progress : 0.852
name: models.architecture.block_type=simple
models.architecture.mamba_type=mamba
training.mode=gml_rollout
models.out_dim=6    avg_loss: 0.000000047599  time_per_window : 0.000897   progress : 0.863
name: models.architecture.block_type=simple
models.architecture.mamba_type=mamba
training.mode=gml_rollout
models.out_dim=6    avg_loss: 0.000000050715  time_per_window : 0.000929   progress : 0.874
name: models.architecture.block_type=simple
models.architecture.mamba_type=mamba
training.mode=gml_rollout
models.out_dim=6    avg_loss: 0.000000047624  time_per_window : 0.000916   progress : 0.885
name: models.architecture.block_type=simple
models.architecture.mamba_type=mamba
training.mode=gml_rollout
models.out_dim=6    avg_loss: 0.000000043760  time_per_window : 0.000868   progress : 0.896
name: models.architecture.block_type=simple
models.architecture.mamba_type=mamba
training.mode=gml_rollout
models.out_dim=6    avg_loss: 0.000000042104  time_per_window : 0.000839   progress : 0.907
name: models.architecture.block_type=simple
models.architecture.mamba_type=mamba
training.mode=gml_rollout
models.out_dim=6    avg_loss: 0.000000051672  time_per_window : 0.000750   progress : 0.917/home/jdihardjo/miniconda3/envs/mavenv/lib/python3.11/site-packages/torch/_inductor/cudagraph_trees.py:2622: UserWarning: Unable to hit fast path of CUDAGraphs because outputs from a previous step still require backward. Ensure backward() is invoked or detach outputs. You may also call torch.compiler.cudagraph_mark_step_begin() before each model invocation.
  warnings.warn(
/home/jdihardjo/miniconda3/envs/mavenv/lib/python3.11/site-packages/torch/_inductor/cudagraph_trees.py:2622: UserWarning: Unable to hit fast path of CUDAGraphs because outputs from a previous step still require backward. Ensure backward() is invoked or detach outputs. You may also call torch.compiler.cudagraph_mark_step_begin() before each model invocation.
  warnings.warn(

name: models.architecture.block_type=simple
models.architecture.mamba_type=mamba
training.mode=gml_rollout
models.out_dim=6    avg_loss: 0.000000045582  time_per_window : 0.000800   progress : 0.928
name: models.architecture.block_type=simple
models.architecture.mamba_type=mamba
training.mode=gml_rollout
models.out_dim=6    avg_loss: 0.000000043517  time_per_window : 0.000950   progress : 0.939
name: models.architecture.block_type=simple
models.architecture.mamba_type=mamba
training.mode=gml_rollout
models.out_dim=6    avg_loss: 0.000000046962  time_per_window : 0.000856   progress : 0.950
name: models.architecture.block_type=simple
models.architecture.mamba_type=mamba
training.mode=gml_rollout
models.out_dim=6    avg_loss: 0.000000044363  time_per_window : 0.000748   progress : 0.961
name: models.architecture.block_type=simple
models.architecture.mamba_type=mamba
training.mode=gml_rollout
models.out_dim=6    avg_loss: 0.000000039135  time_per_window : 0.000803   progress : 0.972
name: models.architecture.block_type=simple
models.architecture.mamba_type=mamba
training.mode=gml_rollout
models.out_dim=6    avg_loss: 0.000000041570  time_per_window : 0.000933   progress : 0.983
name: models.architecture.block_type=simple
models.architecture.mamba_type=mamba
training.mode=gml_rollout
models.out_dim=6    avg_loss: 0.000000038493  time_per_window : 0.000788   progress : 0.994
name: models.architecture.block_type=simple
models.architecture.mamba_type=mamba
training.mode=gml_rollout
models.out_dim=6    avg_loss: 0.000000056795  time_per_window : 0.000875   progress : 0.011
name: models.architecture.block_type=simple
models.architecture.mamba_type=mamba
training.mode=gml_rollout
models.out_dim=6    avg_loss: 0.000000043265  time_per_window : 0.000872   progress : 0.022
name: models.architecture.block_type=simple
models.architecture.mamba_type=mamba
training.mode=gml_rollout
models.out_dim=6    avg_loss: 0.000000044802  time_per_window : 0.000863   progress : 0.033
name: models.architecture.block_type=simple
models.architecture.mamba_type=mamba
training.mode=gml_rollout
models.out_dim=6    avg_loss: 0.000000043151  time_per_window : 0.000940   progress : 0.044
name: models.architecture.block_type=simple
models.architecture.mamba_type=mamba
training.mode=gml_rollout
models.out_dim=6    avg_loss: 0.000000040141  time_per_window : 0.000789   progress : 0.055
name: models.architecture.block_type=simple
models.architecture.mamba_type=mamba
training.mode=gml_rollout
models.out_dim=6    avg_loss: 0.000000041610  time_per_window : 0.000868   progress : 0.066
name: models.architecture.block_type=simple
models.architecture.mamba_type=mamba
training.mode=gml_rollout
models.out_dim=6    avg_loss: 0.000000038470  time_per_window : 0.000797   progress : 0.076
name: models.architecture.block_type=simple
models.architecture.mamba_type=mamba
training.mode=gml_rollout
models.out_dim=6    avg_loss: 0.000000040376  time_per_window : 0.000875   progress : 0.087
name: models.architecture.block_type=simple
models.architecture.mamba_type=mamba
training.mode=gml_rollout
models.out_dim=6    avg_loss: 0.000000042524  time_per_window : 0.000928   progress : 0.098
name: models.architecture.block_type=simple
models.architecture.mamba_type=mamba
training.mode=gml_rollout
models.out_dim=6    avg_loss: 0.000000038502  time_per_window : 0.000923   progress : 0.109
name: models.architecture.block_type=simple
models.architecture.mamba_type=mamba
training.mode=gml_rollout
models.out_dim=6    avg_loss: 0.000000037618  time_per_window : 0.000877   progress : 0.120
name: models.architecture.block_type=simple
models.architecture.mamba_type=mamba
training.mode=gml_rollout
models.out_dim=6    avg_loss: 0.000000036567  time_per_window : 0.000871   progress : 0.131
name: models.architecture.block_type=simple
models.architecture.mamba_type=mamba
training.mode=gml_rollout
models.out_dim=6    avg_loss: 0.000000037353  time_per_window : 0.001008   progress : 0.142
name: models.architecture.block_type=simple
models.architecture.mamba_type=mamba
training.mode=gml_rollout
models.out_dim=6    avg_loss: 0.000000037201  time_per_window : 0.000932   progress : 0.153
name: models.architecture.block_type=simple
models.architecture.mamba_type=mamba
training.mode=gml_rollout
models.out_dim=6    avg_loss: 0.000000033752  time_per_window : 0.000900   progress : 0.164
name: models.architecture.block_type=simple
models.architecture.mamba_type=mamba
training.mode=gml_rollout
models.out_dim=6    avg_loss: 0.000000037482  time_per_window : 0.000875   progress : 0.175
name: models.architecture.block_type=simple
models.architecture.mamba_type=mamba
training.mode=gml_rollout
models.out_dim=6    avg_loss: 0.000000033689  time_per_window : 0.000922   progress : 0.186
name: models.architecture.block_type=simple
models.architecture.mamba_type=mamba
training.mode=gml_rollout
models.out_dim=6    avg_loss: 0.000000033012  time_per_window : 0.000808   progress : 0.197
name: models.architecture.block_type=simple
models.architecture.mamba_type=mamba
training.mode=gml_rollout
models.out_dim=6    avg_loss: 0.000000035998  time_per_window : 0.000902   progress : 0.208
name: models.architecture.block_type=simple
models.architecture.mamba_type=mamba
training.mode=gml_rollout
models.out_dim=6    avg_loss: 0.000000030656  time_per_window : 0.000828   progress : 0.218
name: models.architecture.block_type=simple
models.architecture.mamba_type=mamba
training.mode=gml_rollout
models.out_dim=6    avg_loss: 0.000000032866  time_per_window : 0.000818   progress : 0.229
name: models.architecture.block_type=simple
models.architecture.mamba_type=mamba
training.mode=gml_rollout
models.out_dim=6    avg_loss: 0.000000032046  time_per_window : 0.000788   progress : 0.240
name: models.architecture.block_type=simple
models.architecture.mamba_type=mamba
training.mode=gml_rollout
models.out_dim=6    avg_loss: 0.000000034642  time_per_window : 0.000814   progress : 0.251
name: models.architecture.block_type=simple
models.architecture.mamba_type=mamba
training.mode=gml_rollout
models.out_dim=6    avg_loss: 0.000000030540  time_per_window : 0.000967   progress : 0.262
name: models.architecture.block_type=simple
models.architecture.mamba_type=mamba
training.mode=gml_rollout
models.out_dim=6    avg_loss: 0.000000028233  time_per_window : 0.000800   progress : 0.273
name: models.architecture.block_type=simple
models.architecture.mamba_type=mamba
training.mode=gml_rollout
models.out_dim=6    avg_loss: 0.000000029440  time_per_window : 0.000788   progress : 0.284
name: models.architecture.block_type=simple
models.architecture.mamba_type=mamba
training.mode=gml_rollout
models.out_dim=6    avg_loss: 0.000000028832  time_per_window : 0.000892   progress : 0.295
name: models.architecture.block_type=simple
models.architecture.mamba_type=mamba
training.mode=gml_rollout
models.out_dim=6    avg_loss: 0.000000030937  time_per_window : 0.000875   progress : 0.306
name: models.architecture.block_type=simple
models.architecture.mamba_type=mamba
training.mode=gml_rollout
models.out_dim=6    avg_loss: 0.000000028215  time_per_window : 0.000867   progress : 0.317
name: models.architecture.block_type=simple
models.architecture.mamba_type=mamba
training.mode=gml_rollout
models.out_dim=6    avg_loss: 0.000000028538  time_per_window : 0.000799   progress : 0.328
name: models.architecture.block_type=simple
models.architecture.mamba_type=mamba
training.mode=gml_rollout
models.out_dim=6    avg_loss: 0.000000031084  time_per_window : 0.000821   progress : 0.339
name: models.architecture.block_type=simple
models.architecture.mamba_type=mamba
training.mode=gml_rollout
models.out_dim=6    avg_loss: 0.000000028770  time_per_window : 0.000786   progress : 0.350
name: models.architecture.block_type=simple
models.architecture.mamba_type=mamba
training.mode=gml_rollout
models.out_dim=6    avg_loss: 0.000000027338  time_per_window : 0.000935   progress : 0.360
name: models.architecture.block_type=simple
models.architecture.mamba_type=mamba
training.mode=gml_rollout
models.out_dim=6    avg_loss: 0.000000029793  time_per_window : 0.000994   progress : 0.371
name: models.architecture.block_type=simple
models.architecture.mamba_type=mamba
training.mode=gml_rollout
models.out_dim=6    avg_loss: 0.000000029271  time_per_window : 0.000885   progress : 0.382
name: models.architecture.block_type=simple
models.architecture.mamba_type=mamba
training.mode=gml_rollout
models.out_dim=6    avg_loss: 0.000000027265  time_per_window : 0.000790   progress : 0.393
name: models.architecture.block_type=simple
models.architecture.mamba_type=mamba
training.mode=gml_rollout
models.out_dim=6    avg_loss: 0.000000027450  time_per_window : 0.000801   progress : 0.404
name: models.architecture.block_type=simple
models.architecture.mamba_type=mamba
training.mode=gml_rollout
models.out_dim=6    avg_loss: 0.000000026119  time_per_window : 0.000860   progress : 0.415
name: models.architecture.block_type=simple
models.architecture.mamba_type=mamba
training.mode=gml_rollout
models.out_dim=6    avg_loss: 0.000000027293  time_per_window : 0.000994   progress : 0.426
name: models.architecture.block_type=simple
models.architecture.mamba_type=mamba
training.mode=gml_rollout
models.out_dim=6    avg_loss: 0.000000028485  time_per_window : 0.000866   progress : 0.437
name: models.architecture.block_type=simple
models.architecture.mamba_type=mamba
training.mode=gml_rollout
models.out_dim=6    avg_loss: 0.000000026345  time_per_window : 0.000816   progress : 0.448
name: models.architecture.block_type=simple
models.architecture.mamba_type=mamba
training.mode=gml_rollout
models.out_dim=6    avg_loss: 0.000000028212  time_per_window : 0.000933   progress : 0.459
name: models.architecture.block_type=simple
models.architecture.mamba_type=mamba
training.mode=gml_rollout
models.out_dim=6    avg_loss: 0.000000026293  time_per_window : 0.000803   progress : 0.470
name: models.architecture.block_type=simple
models.architecture.mamba_type=mamba
training.mode=gml_rollout
models.out_dim=6    avg_loss: 0.000000027408  time_per_window : 0.000875   progress : 0.481
name: models.architecture.block_type=simple
models.architecture.mamba_type=mamba
training.mode=gml_rollout
models.out_dim=6    avg_loss: 0.000000027101  time_per_window : 0.000884   progress : 0.492
name: models.architecture.block_type=simple
models.architecture.mamba_type=mamba
training.mode=gml_rollout
models.out_dim=6    avg_loss: 0.000000027657  time_per_window : 0.000852   progress : 0.502
name: models.architecture.block_type=simple
models.architecture.mamba_type=mamba
training.mode=gml_rollout
models.out_dim=6    avg_loss: 0.000000026003  time_per_window : 0.000830   progress : 0.513
name: models.architecture.block_type=simple
models.architecture.mamba_type=mamba
training.mode=gml_rollout
models.out_dim=6    avg_loss: 0.000000026983  time_per_window : 0.000873   progress : 0.524
name: models.architecture.block_type=simple
models.architecture.mamba_type=mamba
training.mode=gml_rollout
models.out_dim=6    avg_loss: 0.000000026703  time_per_window : 0.000790   progress : 0.535
name: models.architecture.block_type=simple
models.architecture.mamba_type=mamba
training.mode=gml_rollout
models.out_dim=6    avg_loss: 0.000000026274  time_per_window : 0.000780   progress : 0.546
name: models.architecture.block_type=simple
models.architecture.mamba_type=mamba
training.mode=gml_rollout
models.out_dim=6    avg_loss: 0.000000027379  time_per_window : 0.000907   progress : 0.557
name: models.architecture.block_type=simple
models.architecture.mamba_type=mamba
training.mode=gml_rollout
models.out_dim=6    avg_loss: 0.000000025434  time_per_window : 0.000892   progress : 0.568
name: models.architecture.block_type=simple
models.architecture.mamba_type=mamba
training.mode=gml_rollout
models.out_dim=6    avg_loss: 0.000000026024  time_per_window : 0.000924   progress : 0.579
name: models.architecture.block_type=simple
models.architecture.mamba_type=mamba
training.mode=gml_rollout
models.out_dim=6    avg_loss: 0.000000026510  time_per_window : 0.000876   progress : 0.590
name: models.architecture.block_type=simple
models.architecture.mamba_type=mamba
training.mode=gml_rollout
models.out_dim=6    avg_loss: 0.000000025267  time_per_window : 0.000858   progress : 0.601
name: models.architecture.block_type=simple
models.architecture.mamba_type=mamba
training.mode=gml_rollout
models.out_dim=6    avg_loss: 0.000000025146  time_per_window : 0.000843   progress : 0.612
name: models.architecture.block_type=simple
models.architecture.mamba_type=mamba
training.mode=gml_rollout
models.out_dim=6    avg_loss: 0.000000025422  time_per_window : 0.000967   progress : 0.623
name: models.architecture.block_type=simple
models.architecture.mamba_type=mamba
training.mode=gml_rollout
models.out_dim=6    avg_loss: 0.000000026477  time_per_window : 0.000908   progress : 0.634
name: models.architecture.block_type=simple
models.architecture.mamba_type=mamba
training.mode=gml_rollout
models.out_dim=6    avg_loss: 0.000000027239  time_per_window : 0.000872   progress : 0.644
name: models.architecture.block_type=simple
models.architecture.mamba_type=mamba
training.mode=gml_rollout
models.out_dim=6    avg_loss: 0.000000025351  time_per_window : 0.000979   progress : 0.655
name: models.architecture.block_type=simple
models.architecture.mamba_type=mamba
training.mode=gml_rollout
models.out_dim=6    avg_loss: 0.000000025148  time_per_window : 0.000889   progress : 0.666
name: models.architecture.block_type=simple
models.architecture.mamba_type=mamba
training.mode=gml_rollout
models.out_dim=6    avg_loss: 0.000000025423  time_per_window : 0.000792   progress : 0.677
name: models.architecture.block_type=simple
models.architecture.mamba_type=mamba
training.mode=gml_rollout
models.out_dim=6    avg_loss: 0.000000026366  time_per_window : 0.000776   progress : 0.688
name: models.architecture.block_type=simple
models.architecture.mamba_type=mamba
training.mode=gml_rollout
models.out_dim=6    avg_loss: 0.000000025136  time_per_window : 0.000897   progress : 0.699
name: models.architecture.block_type=simple
models.architecture.mamba_type=mamba
training.mode=gml_rollout
models.out_dim=6    avg_loss: 0.000000026327  time_per_window : 0.000907   progress : 0.710
name: models.architecture.block_type=simple
models.architecture.mamba_type=mamba
training.mode=gml_rollout
models.out_dim=6    avg_loss: 0.000000024369  time_per_window : 0.000895   progress : 0.721
name: models.architecture.block_type=simple
models.architecture.mamba_type=mamba
training.mode=gml_rollout
models.out_dim=6    avg_loss: 0.000000025187  time_per_window : 0.001013   progress : 0.732
name: models.architecture.block_type=simple
models.architecture.mamba_type=mamba
training.mode=gml_rollout
models.out_dim=6    avg_loss: 0.000000024188  time_per_window : 0.000923   progress : 0.743
name: models.architecture.block_type=simple
models.architecture.mamba_type=mamba
training.mode=gml_rollout
models.out_dim=6    avg_loss: 0.000000026497  time_per_window : 0.000748   progress : 0.754
name: models.architecture.block_type=simple
models.architecture.mamba_type=mamba
training.mode=gml_rollout
models.out_dim=6    avg_loss: 0.000000024603  time_per_window : 0.000806   progress : 0.765
name: models.architecture.block_type=simple
models.architecture.mamba_type=mamba
training.mode=gml_rollout
models.out_dim=6    avg_loss: 0.000000027327  time_per_window : 0.000930   progress : 0.775
name: models.architecture.block_type=simple
models.architecture.mamba_type=mamba
training.mode=gml_rollout
models.out_dim=6    avg_loss: 0.000000024498  time_per_window : 0.001009   progress : 0.786
name: models.architecture.block_type=simple
models.architecture.mamba_type=mamba
training.mode=gml_rollout
models.out_dim=6    avg_loss: 0.000000024090  time_per_window : 0.000913   progress : 0.797
name: models.architecture.block_type=simple
models.architecture.mamba_type=mamba
training.mode=gml_rollout
models.out_dim=6    avg_loss: 0.000000025093  time_per_window : 0.000856   progress : 0.808
name: models.architecture.block_type=simple
models.architecture.mamba_type=mamba
training.mode=gml_rollout
models.out_dim=6    avg_loss: 0.000000025537  time_per_window : 0.000861   progress : 0.819
name: models.architecture.block_type=simple
models.architecture.mamba_type=mamba
training.mode=gml_rollout
models.out_dim=6    avg_loss: 0.000000024140  time_per_window : 0.000819   progress : 0.830
name: models.architecture.block_type=simple
models.architecture.mamba_type=mamba
training.mode=gml_rollout
models.out_dim=6    avg_loss: 0.000000026510  time_per_window : 0.000819   progress : 0.841
name: models.architecture.block_type=simple
models.architecture.mamba_type=mamba
training.mode=gml_rollout
models.out_dim=6    avg_loss: 0.000000023856  time_per_window : 0.000896   progress : 0.852
name: models.architecture.block_type=simple
models.architecture.mamba_type=mamba
training.mode=gml_rollout
models.out_dim=6    avg_loss: 0.000000024190  time_per_window : 0.000928   progress : 0.863
name: models.architecture.block_type=simple
models.architecture.mamba_type=mamba
training.mode=gml_rollout
models.out_dim=6    avg_loss: 0.000000024528  time_per_window : 0.000847   progress : 0.874
name: models.architecture.block_type=simple
models.architecture.mamba_type=mamba
training.mode=gml_rollout
models.out_dim=6    avg_loss: 0.000000024753  time_per_window : 0.000957   progress : 0.885
name: models.architecture.block_type=simple
models.architecture.mamba_type=mamba
training.mode=gml_rollout
models.out_dim=6    avg_loss: 0.000000024140  time_per_window : 0.000840   progress : 0.896
name: models.architecture.block_type=simple
models.architecture.mamba_type=mamba
training.mode=gml_rollout
models.out_dim=6    avg_loss: 0.000000025929  time_per_window : 0.001043   progress : 0.907
name: models.architecture.block_type=simple
models.architecture.mamba_type=mamba
training.mode=gml_rollout
models.out_dim=6    avg_loss: 0.000000023953  time_per_window : 0.000864   progress : 0.917
name: models.architecture.block_type=simple
models.architecture.mamba_type=mamba
training.mode=gml_rollout
models.out_dim=6    avg_loss: 0.000000025252  time_per_window : 0.000899   progress : 0.928
name: models.architecture.block_type=simple
models.architecture.mamba_type=mamba
training.mode=gml_rollout
models.out_dim=6    avg_loss: 0.000000024203  time_per_window : 0.000873   progress : 0.939
name: models.architecture.block_type=simple
models.architecture.mamba_type=mamba
training.mode=gml_rollout
models.out_dim=6    avg_loss: 0.000000025654  time_per_window : 0.000939   progress : 0.950
name: models.architecture.block_type=simple
models.architecture.mamba_type=mamba
training.mode=gml_rollout
models.out_dim=6    avg_loss: 0.000000024908  time_per_window : 0.000919   progress : 0.961
name: models.architecture.block_type=simple
models.architecture.mamba_type=mamba
training.mode=gml_rollout
models.out_dim=6    avg_loss: 0.000000023219  time_per_window : 0.000860   progress : 0.972
name: models.architecture.block_type=simple
models.architecture.mamba_type=mamba
training.mode=gml_rollout
models.out_dim=6    avg_loss: 0.000000023808  time_per_window : 0.000849   progress : 0.983
name: models.architecture.block_type=simple
models.architecture.mamba_type=mamba
training.mode=gml_rollout
models.out_dim=6    avg_loss: 0.000000023868  time_per_window : 0.000990   progress : 0.994
name: models.architecture.block_type=simple
models.architecture.mamba_type=mamba
training.mode=gml_rollout
models.out_dim=6    avg_loss: 0.000002281335  time_per_window : 0.000869   progress : 0.011
name: models.architecture.block_type=simple
models.architecture.mamba_type=mamba
training.mode=gml_rollout
models.out_dim=6    avg_loss: 0.000000853684  time_per_window : 0.000932   progress : 0.022
name: models.architecture.block_type=simple
models.architecture.mamba_type=mamba
training.mode=gml_rollout
models.out_dim=6    avg_loss: 0.000000488057  time_per_window : 0.000877   progress : 0.033
name: models.architecture.block_type=simple
models.architecture.mamba_type=mamba
training.mode=gml_rollout
models.out_dim=6    avg_loss: 0.000000439590  time_per_window : 0.000926   progress : 0.044
name: models.architecture.block_type=simple
models.architecture.mamba_type=mamba
training.mode=gml_rollout
models.out_dim=6    avg_loss: 0.000000349431  time_per_window : 0.000899   progress : 0.055
name: models.architecture.block_type=simple
models.architecture.mamba_type=mamba
training.mode=gml_rollout
models.out_dim=6    avg_loss: 0.000000131442  time_per_window : 0.000904   progress : 0.066
name: models.architecture.block_type=simple
models.architecture.mamba_type=mamba
training.mode=gml_rollout
models.out_dim=6    avg_loss: 0.000000092369  time_per_window : 0.000958   progress : 0.076
name: models.architecture.block_type=simple
models.architecture.mamba_type=mamba
training.mode=gml_rollout
models.out_dim=6    avg_loss: 0.000000073282  time_per_window : 0.000826   progress : 0.087
name: models.architecture.block_type=simple
models.architecture.mamba_type=mamba
training.mode=gml_rollout
models.out_dim=6    avg_loss: 0.000000071146  time_per_window : 0.000802   progress : 0.098
name: models.architecture.block_type=simple
models.architecture.mamba_type=mamba
training.mode=gml_rollout
models.out_dim=6    avg_loss: 0.000000077080  time_per_window : 0.000975   progress : 0.109
name: models.architecture.block_type=simple
models.architecture.mamba_type=mamba
training.mode=gml_rollout
models.out_dim=6    avg_loss: 0.000000088315  time_per_window : 0.000924   progress : 0.120
name: models.architecture.block_type=simple
models.architecture.mamba_type=mamba
training.mode=gml_rollout
models.out_dim=6    avg_loss: 0.000000064937  time_per_window : 0.000941   progress : 0.131
name: models.architecture.block_type=simple
models.architecture.mamba_type=mamba
training.mode=gml_rollout
models.out_dim=6    avg_loss: 0.000000061126  time_per_window : 0.000869   progress : 0.142
name: models.architecture.block_type=simple
models.architecture.mamba_type=mamba
training.mode=gml_rollout
models.out_dim=6    avg_loss: 0.000000069127  time_per_window : 0.000741   progress : 0.153
name: models.architecture.block_type=simple
models.architecture.mamba_type=mamba
training.mode=gml_rollout
models.out_dim=6    avg_loss: 0.000000068188  time_per_window : 0.000858   progress : 0.164
name: models.architecture.block_type=simple
models.architecture.mamba_type=mamba
training.mode=gml_rollout
models.out_dim=6    avg_loss: 0.000000066841  time_per_window : 0.000938   progress : 0.175
name: models.architecture.block_type=simple
models.architecture.mamba_type=mamba
training.mode=gml_rollout
models.out_dim=6    avg_loss: 0.000000079777  time_per_window : 0.000918   progress : 0.186
name: models.architecture.block_type=simple
models.architecture.mamba_type=mamba
training.mode=gml_rollout
models.out_dim=6    avg_loss: 0.000000067606  time_per_window : 0.000884   progress : 0.197
name: models.architecture.block_type=simple
models.architecture.mamba_type=mamba
training.mode=gml_rollout
models.out_dim=6    avg_loss: 0.000000062047  time_per_window : 0.000899   progress : 0.208
name: models.architecture.block_type=simple
models.architecture.mamba_type=mamba
training.mode=gml_rollout
models.out_dim=6    avg_loss: 0.000000062114  time_per_window : 0.000848   progress : 0.218
name: models.architecture.block_type=simple
models.architecture.mamba_type=mamba
training.mode=gml_rollout
models.out_dim=6    avg_loss: 0.000000077859  time_per_window : 0.000819   progress : 0.229
name: models.architecture.block_type=simple
models.architecture.mamba_type=mamba
training.mode=gml_rollout
models.out_dim=6    avg_loss: 0.000000064468  time_per_window : 0.001006   progress : 0.240
name: models.architecture.block_type=simple
models.architecture.mamba_type=mamba
training.mode=gml_rollout
models.out_dim=6    avg_loss: 0.000000063808  time_per_window : 0.000957   progress : 0.251
name: models.architecture.block_type=simple
models.architecture.mamba_type=mamba
training.mode=gml_rollout
models.out_dim=6    avg_loss: 0.000000069151  time_per_window : 0.000769   progress : 0.262
name: models.architecture.block_type=simple
models.architecture.mamba_type=mamba
training.mode=gml_rollout
models.out_dim=6    avg_loss: 0.000000070849  time_per_window : 0.000788   progress : 0.273
name: models.architecture.block_type=simple
models.architecture.mamba_type=mamba
training.mode=gml_rollout
models.out_dim=6    avg_loss: 0.000000067082  time_per_window : 0.000865   progress : 0.284
name: models.architecture.block_type=simple
models.architecture.mamba_type=mamba
training.mode=gml_rollout
models.out_dim=6    avg_loss: 0.000000063581  time_per_window : 0.000910   progress : 0.295
name: models.architecture.block_type=simple
models.architecture.mamba_type=mamba
training.mode=gml_rollout
models.out_dim=6    avg_loss: 0.000000053698  time_per_window : 0.000955   progress : 0.306
name: models.architecture.block_type=simple
models.architecture.mamba_type=mamba
training.mode=gml_rollout
models.out_dim=6    avg_loss: 0.000000065965  time_per_window : 0.001029   progress : 0.317
name: models.architecture.block_type=simple
models.architecture.mamba_type=mamba
training.mode=gml_rollout
models.out_dim=6    avg_loss: 0.000000059136  time_per_window : 0.000926   progress : 0.328
name: models.architecture.block_type=simple
models.architecture.mamba_type=mamba
training.mode=gml_rollout
models.out_dim=6    avg_loss: 0.000000059222  time_per_window : 0.000876   progress : 0.339
name: models.architecture.block_type=simple
models.architecture.mamba_type=mamba
training.mode=gml_rollout
models.out_dim=6    avg_loss: 0.000000067448  time_per_window : 0.000929   progress : 0.350
name: models.architecture.block_type=simple
models.architecture.mamba_type=mamba
training.mode=gml_rollout
models.out_dim=6    avg_loss: 0.000000064103  time_per_window : 0.000894   progress : 0.360
name: models.architecture.block_type=simple
models.architecture.mamba_type=mamba
training.mode=gml_rollout
models.out_dim=6    avg_loss: 0.000000059135  time_per_window : 0.000903   progress : 0.371
name: models.architecture.block_type=simple
models.architecture.mamba_type=mamba
training.mode=gml_rollout
models.out_dim=6    avg_loss: 0.000000062984  time_per_window : 0.000941   progress : 0.382
name: models.architecture.block_type=simple
models.architecture.mamba_type=mamba
training.mode=gml_rollout
models.out_dim=6    avg_loss: 0.000000065813  time_per_window : 0.000770   progress : 0.393
name: models.architecture.block_type=simple
models.architecture.mamba_type=mamba
training.mode=gml_rollout
models.out_dim=6    avg_loss: 0.000000057360  time_per_window : 0.000855   progress : 0.404
name: models.architecture.block_type=simple
models.architecture.mamba_type=mamba
training.mode=gml_rollout
models.out_dim=6    avg_loss: 0.000000055179  time_per_window : 0.000908   progress : 0.415
name: models.architecture.block_type=simple
models.architecture.mamba_type=mamba
training.mode=gml_rollout
models.out_dim=6    avg_loss: 0.000000053946  time_per_window : 0.003831   progress : 0.426
name: models.architecture.block_type=simple
models.architecture.mamba_type=mamba
training.mode=gml_rollout
models.out_dim=6    avg_loss: 0.000000062988  time_per_window : 0.000879   progress : 0.437
name: models.architecture.block_type=simple
models.architecture.mamba_type=mamba
training.mode=gml_rollout
models.out_dim=6    avg_loss: 0.000000063591  time_per_window : 0.000867   progress : 0.448
name: models.architecture.block_type=simple
models.architecture.mamba_type=mamba
training.mode=gml_rollout
models.out_dim=6    avg_loss: 0.000000057346  time_per_window : 0.000937   progress : 0.459
name: models.architecture.block_type=simple
models.architecture.mamba_type=mamba
training.mode=gml_rollout
models.out_dim=6    avg_loss: 0.000000053494  time_per_window : 0.000918   progress : 0.470
name: models.architecture.block_type=simple
models.architecture.mamba_type=mamba
training.mode=gml_rollout
models.out_dim=6    avg_loss: 0.000000055052  time_per_window : 0.000872   progress : 0.481
name: models.architecture.block_type=simple
models.architecture.mamba_type=mamba
training.mode=gml_rollout
models.out_dim=6    avg_loss: 0.000000063773  time_per_window : 0.000927   progress : 0.492
name: models.architecture.block_type=simple
models.architecture.mamba_type=mamba
training.mode=gml_rollout
models.out_dim=6    avg_loss: 0.000000079126  time_per_window : 0.000794   progress : 0.502
name: models.architecture.block_type=simple
models.architecture.mamba_type=mamba
training.mode=gml_rollout
models.out_dim=6    avg_loss: 0.000000058945  time_per_window : 0.000865   progress : 0.513
name: models.architecture.block_type=simple
models.architecture.mamba_type=mamba
training.mode=gml_rollout
models.out_dim=6    avg_loss: 0.000000054939  time_per_window : 0.000650   progress : 0.524
name: models.architecture.block_type=simple
models.architecture.mamba_type=mamba
training.mode=gml_rollout
models.out_dim=6    avg_loss: 0.000000054682  time_per_window : 0.000933   progress : 0.535
name: models.architecture.block_type=simple
models.architecture.mamba_type=mamba
training.mode=gml_rollout
models.out_dim=6    avg_loss: 0.000000057577  time_per_window : 0.000886   progress : 0.546
name: models.architecture.block_type=simple
models.architecture.mamba_type=mamba
training.mode=gml_rollout
models.out_dim=6    avg_loss: 0.000000055943  time_per_window : 0.000862   progress : 0.557
name: models.architecture.block_type=simple
models.architecture.mamba_type=mamba
training.mode=gml_rollout
models.out_dim=6    avg_loss: 0.000000056310  time_per_window : 0.000858   progress : 0.568
name: models.architecture.block_type=simple
models.architecture.mamba_type=mamba
training.mode=gml_rollout
models.out_dim=6    avg_loss: 0.000000052692  time_per_window : 0.000867   progress : 0.579
name: models.architecture.block_type=simple
models.architecture.mamba_type=mamba
training.mode=gml_rollout
models.out_dim=6    avg_loss: 0.000000056517  time_per_window : 0.000842   progress : 0.590
name: models.architecture.block_type=simple
models.architecture.mamba_type=mamba
training.mode=gml_rollout
models.out_dim=6    avg_loss: 0.000000057400  time_per_window : 0.000822   progress : 0.601
name: models.architecture.block_type=simple
models.architecture.mamba_type=mamba
training.mode=gml_rollout
models.out_dim=6    avg_loss: 0.000000060570  time_per_window : 0.000920   progress : 0.612
name: models.architecture.block_type=simple
models.architecture.mamba_type=mamba
training.mode=gml_rollout
models.out_dim=6    avg_loss: 0.000000066428  time_per_window : 0.000875   progress : 0.623
name: models.architecture.block_type=simple
models.architecture.mamba_type=mamba
training.mode=gml_rollout
models.out_dim=6    avg_loss: 0.000000052340  time_per_window : 0.000700   progress : 0.634
name: models.architecture.block_type=simple
models.architecture.mamba_type=mamba
training.mode=gml_rollout
models.out_dim=6    avg_loss: 0.000000059209  time_per_window : 0.000910   progress : 0.644
name: models.architecture.block_type=simple
models.architecture.mamba_type=mamba
training.mode=gml_rollout
models.out_dim=6    avg_loss: 0.000000054731  time_per_window : 0.000912   progress : 0.655
name: models.architecture.block_type=simple
models.architecture.mamba_type=mamba
training.mode=gml_rollout
models.out_dim=6    avg_loss: 0.000000052820  time_per_window : 0.000861   progress : 0.666
name: models.architecture.block_type=simple
models.architecture.mamba_type=mamba
training.mode=gml_rollout
models.out_dim=6    avg_loss: 0.000000055789  time_per_window : 0.000864   progress : 0.677
name: models.architecture.block_type=simple
models.architecture.mamba_type=mamba
training.mode=gml_rollout
models.out_dim=6    avg_loss: 0.000000048482  time_per_window : 0.000905   progress : 0.688
name: models.architecture.block_type=simple
models.architecture.mamba_type=mamba
training.mode=gml_rollout
models.out_dim=6    avg_loss: 0.000000051226  time_per_window : 0.000831   progress : 0.699
name: models.architecture.block_type=simple
models.architecture.mamba_type=mamba
training.mode=gml_rollout
models.out_dim=6    avg_loss: 0.000000070657  time_per_window : 0.000857   progress : 0.710
name: models.architecture.block_type=simple
models.architecture.mamba_type=mamba
training.mode=gml_rollout
models.out_dim=6    avg_loss: 0.000000052530  time_per_window : 0.000932   progress : 0.721
name: models.architecture.block_type=simple
models.architecture.mamba_type=mamba
training.mode=gml_rollout
models.out_dim=6    avg_loss: 0.000000050380  time_per_window : 0.000899   progress : 0.732
name: models.architecture.block_type=simple
models.architecture.mamba_type=mamba
training.mode=gml_rollout
models.out_dim=6    avg_loss: 0.000000055657  time_per_window : 0.000907   progress : 0.743
name: models.architecture.block_type=simple
models.architecture.mamba_type=mamba
training.mode=gml_rollout
models.out_dim=6    avg_loss: 0.000000049889  time_per_window : 0.000853   progress : 0.754
name: models.architecture.block_type=simple
models.architecture.mamba_type=mamba
training.mode=gml_rollout
models.out_dim=6    avg_loss: 0.000000053727  time_per_window : 0.000935   progress : 0.765
name: models.architecture.block_type=simple
models.architecture.mamba_type=mamba
training.mode=gml_rollout
models.out_dim=6    avg_loss: 0.000000054253  time_per_window : 0.000859   progress : 0.775
name: models.architecture.block_type=simple
models.architecture.mamba_type=mamba
training.mode=gml_rollout
models.out_dim=6    avg_loss: 0.000000059281  time_per_window : 0.000823   progress : 0.786
name: models.architecture.block_type=simple
models.architecture.mamba_type=mamba
training.mode=gml_rollout
models.out_dim=6    avg_loss: 0.000000052606  time_per_window : 0.000867   progress : 0.797
name: models.architecture.block_type=simple
models.architecture.mamba_type=mamba
training.mode=gml_rollout
models.out_dim=6    avg_loss: 0.000000054633  time_per_window : 0.000925   progress : 0.808
name: models.architecture.block_type=simple
models.architecture.mamba_type=mamba
training.mode=gml_rollout
models.out_dim=6    avg_loss: 0.000000058698  time_per_window : 0.000924   progress : 0.819
name: models.architecture.block_type=simple
models.architecture.mamba_type=mamba
training.mode=gml_rollout
models.out_dim=6    avg_loss: 0.000000052741  time_per_window : 0.000869   progress : 0.830
name: models.architecture.block_type=simple
models.architecture.mamba_type=mamba
training.mode=gml_rollout
models.out_dim=6    avg_loss: 0.000000055061  time_per_window : 0.000878   progress : 0.841
name: models.architecture.block_type=simple
models.architecture.mamba_type=mamba
training.mode=gml_rollout
models.out_dim=6    avg_loss: 0.000000054182  time_per_window : 0.000881   progress : 0.852
name: models.architecture.block_type=simple
models.architecture.mamba_type=mamba
training.mode=gml_rollout
models.out_dim=6    avg_loss: 0.000000051319  time_per_window : 0.000855   progress : 0.863
name: models.architecture.block_type=simple
models.architecture.mamba_type=mamba
training.mode=gml_rollout
models.out_dim=6    avg_loss: 0.000000049989  time_per_window : 0.000917   progress : 0.874
name: models.architecture.block_type=simple
models.architecture.mamba_type=mamba
training.mode=gml_rollout
models.out_dim=6    avg_loss: 0.000000051906  time_per_window : 0.000938   progress : 0.885
name: models.architecture.block_type=simple
models.architecture.mamba_type=mamba
training.mode=gml_rollout
models.out_dim=6    avg_loss: 0.000000052070  time_per_window : 0.000915   progress : 0.896
name: models.architecture.block_type=simple
models.architecture.mamba_type=mamba
training.mode=gml_rollout
models.out_dim=6    avg_loss: 0.000000049283  time_per_window : 0.000846   progress : 0.907
name: models.architecture.block_type=simple
models.architecture.mamba_type=mamba
training.mode=gml_rollout
models.out_dim=6    avg_loss: 0.000000051167  time_per_window : 0.000845   progress : 0.917
name: models.architecture.block_type=simple
models.architecture.mamba_type=mamba
training.mode=gml_rollout
models.out_dim=6    avg_loss: 0.000000051607  time_per_window : 0.000867   progress : 0.928
name: models.architecture.block_type=simple
models.architecture.mamba_type=mamba
training.mode=gml_rollout
models.out_dim=6    avg_loss: 0.000000048073  time_per_window : 0.000924   progress : 0.939
name: models.architecture.block_type=simple
models.architecture.mamba_type=mamba
training.mode=gml_rollout
models.out_dim=6    avg_loss: 0.000000054469  time_per_window : 0.000871   progress : 0.950
name: models.architecture.block_type=simple
models.architecture.mamba_type=mamba
training.mode=gml_rollout
models.out_dim=6    avg_loss: 0.000000051687  time_per_window : 0.000927   progress : 0.961
name: models.architecture.block_type=simple
models.architecture.mamba_type=mamba
training.mode=gml_rollout
models.out_dim=6    avg_loss: 0.000000051441  time_per_window : 0.000658   progress : 0.972
name: models.architecture.block_type=simple
models.architecture.mamba_type=mamba
training.mode=gml_rollout
models.out_dim=6    avg_loss: 0.000000049596  time_per_window : 0.000833   progress : 0.983
name: models.architecture.block_type=simple
models.architecture.mamba_type=mamba
training.mode=gml_rollout
models.out_dim=6    avg_loss: 0.000000051603  time_per_window : 0.000860   progress : 0.994
name: models.architecture.block_type=simple
models.architecture.mamba_type=mamba
training.mode=gml_rollout
models.out_dim=6    avg_loss: 0.000020225863  time_per_window : 0.000793   progress : 0.011
name: models.architecture.block_type=simple
models.architecture.mamba_type=mamba
training.mode=gml_rollout
models.out_dim=6    avg_loss: 0.000005420931  time_per_window : 0.000879   progress : 0.022
name: models.architecture.block_type=simple
models.architecture.mamba_type=mamba
training.mode=gml_rollout
models.out_dim=6    avg_loss: 0.000004657331  time_per_window : 0.000845   progress : 0.033
name: models.architecture.block_type=simple
models.architecture.mamba_type=mamba
training.mode=gml_rollout
models.out_dim=6    avg_loss: 0.000002210694  time_per_window : 0.000847   progress : 0.044
name: models.architecture.block_type=simple
models.architecture.mamba_type=mamba
training.mode=gml_rollout
models.out_dim=6    avg_loss: 0.000001039681  time_per_window : 0.000854   progress : 0.055
name: models.architecture.block_type=simple
models.architecture.mamba_type=mamba
training.mode=gml_rollout
models.out_dim=6    avg_loss: 0.000000558668  time_per_window : 0.000925   progress : 0.066
name: models.architecture.block_type=simple
models.architecture.mamba_type=mamba
training.mode=gml_rollout
models.out_dim=6    avg_loss: 0.000000413712  time_per_window : 0.000845   progress : 0.076
name: models.architecture.block_type=simple
models.architecture.mamba_type=mamba
training.mode=gml_rollout
models.out_dim=6    avg_loss: 0.000000405237  time_per_window : 0.000840   progress : 0.087
name: models.architecture.block_type=simple
models.architecture.mamba_type=mamba
training.mode=gml_rollout
models.out_dim=6    avg_loss: 0.000000417589  time_per_window : 0.000885   progress : 0.098
name: models.architecture.block_type=simple
models.architecture.mamba_type=mamba
training.mode=gml_rollout
models.out_dim=6    avg_loss: 0.000000428132  time_per_window : 0.000854   progress : 0.109
name: models.architecture.block_type=simple
models.architecture.mamba_type=mamba
training.mode=gml_rollout
models.out_dim=6    avg_loss: 0.000000353729  time_per_window : 0.000887   progress : 0.120
name: models.architecture.block_type=simple
models.architecture.mamba_type=mamba
training.mode=gml_rollout
models.out_dim=6    avg_loss: 0.000000349271  time_per_window : 0.000859   progress : 0.131
name: models.architecture.block_type=simple
models.architecture.mamba_type=mamba
training.mode=gml_rollout
models.out_dim=6    avg_loss: 0.000000351550  time_per_window : 0.000874   progress : 0.142
name: models.architecture.block_type=simple
models.architecture.mamba_type=mamba
training.mode=gml_rollout
models.out_dim=6    avg_loss: 0.000000340063  time_per_window : 0.000879   progress : 0.153
name: models.architecture.block_type=simple
models.architecture.mamba_type=mamba
training.mode=gml_rollout
models.out_dim=6    avg_loss: 0.000000318722  time_per_window : 0.000881   progress : 0.164
name: models.architecture.block_type=simple
models.architecture.mamba_type=mamba
training.mode=gml_rollout
models.out_dim=6    avg_loss: 0.000000333895  time_per_window : 0.000968   progress : 0.175
name: models.architecture.block_type=simple
models.architecture.mamba_type=mamba
training.mode=gml_rollout
models.out_dim=6    avg_loss: 0.000000300698  time_per_window : 0.000896   progress : 0.186
name: models.architecture.block_type=simple
models.architecture.mamba_type=mamba
training.mode=gml_rollout
models.out_dim=6    avg_loss: 0.000000396032  time_per_window : 0.000861   progress : 0.197
name: models.architecture.block_type=simple
models.architecture.mamba_type=mamba
training.mode=gml_rollout
models.out_dim=6    avg_loss: 0.000000272309  time_per_window : 0.000865   progress : 0.208
name: models.architecture.block_type=simple
models.architecture.mamba_type=mamba
training.mode=gml_rollout
models.out_dim=6    avg_loss: 0.000000281734  time_per_window : 0.000859   progress : 0.218
name: models.architecture.block_type=simple
models.architecture.mamba_type=mamba
training.mode=gml_rollout
models.out_dim=6    avg_loss: 0.000000321253  time_per_window : 0.000771   progress : 0.229
name: models.architecture.block_type=simple
models.architecture.mamba_type=mamba
training.mode=gml_rollout
models.out_dim=6    avg_loss: 0.000000291425  time_per_window : 0.000840   progress : 0.240
name: models.architecture.block_type=simple
models.architecture.mamba_type=mamba
training.mode=gml_rollout
models.out_dim=6    avg_loss: 0.000000358042  time_per_window : 0.000820   progress : 0.251
name: models.architecture.block_type=simple
models.architecture.mamba_type=mamba
training.mode=gml_rollout
models.out_dim=6    avg_loss: 0.000000293265  time_per_window : 0.000911   progress : 0.262
name: models.architecture.block_type=simple
models.architecture.mamba_type=mamba
training.mode=gml_rollout
models.out_dim=6    avg_loss: 0.000000287811  time_per_window : 0.000789   progress : 0.273
name: models.architecture.block_type=simple
models.architecture.mamba_type=mamba
training.mode=gml_rollout
models.out_dim=6    avg_loss: 0.000000331524  time_per_window : 0.000914   progress : 0.284
name: models.architecture.block_type=simple
models.architecture.mamba_type=mamba
training.mode=gml_rollout
models.out_dim=6    avg_loss: 0.000000322474  time_per_window : 0.000863   progress : 0.295
name: models.architecture.block_type=simple
models.architecture.mamba_type=mamba
training.mode=gml_rollout
models.out_dim=6    avg_loss: 0.000000293950  time_per_window : 0.000846   progress : 0.306
name: models.architecture.block_type=simple
models.architecture.mamba_type=mamba
training.mode=gml_rollout
models.out_dim=6    avg_loss: 0.000000246919  time_per_window : 0.000907   progress : 0.317
name: models.architecture.block_type=simple
models.architecture.mamba_type=mamba
training.mode=gml_rollout
models.out_dim=6    avg_loss: 0.000000274012  time_per_window : 0.000923   progress : 0.328
name: models.architecture.block_type=simple
models.architecture.mamba_type=mamba
training.mode=gml_rollout
models.out_dim=6    avg_loss: 0.000000283127  time_per_window : 0.000770   progress : 0.339
name: models.architecture.block_type=simple
models.architecture.mamba_type=mamba
training.mode=gml_rollout
models.out_dim=6    avg_loss: 0.000000281610  time_per_window : 0.000922   progress : 0.350
name: models.architecture.block_type=simple
models.architecture.mamba_type=mamba
training.mode=gml_rollout
models.out_dim=6    avg_loss: 0.000000279665  time_per_window : 0.000958   progress : 0.360
name: models.architecture.block_type=simple
models.architecture.mamba_type=mamba
training.mode=gml_rollout
models.out_dim=6    avg_loss: 0.000000291577  time_per_window : 0.000916   progress : 0.371
name: models.architecture.block_type=simple
models.architecture.mamba_type=mamba
training.mode=gml_rollout
models.out_dim=6    avg_loss: 0.000000258669  time_per_window : 0.000860   progress : 0.382
name: models.architecture.block_type=simple
models.architecture.mamba_type=mamba
training.mode=gml_rollout
models.out_dim=6    avg_loss: 0.000000280677  time_per_window : 0.000838   progress : 0.393
name: models.architecture.block_type=simple
models.architecture.mamba_type=mamba
training.mode=gml_rollout
models.out_dim=6    avg_loss: 0.000000311330  time_per_window : 0.000886   progress : 0.404
name: models.architecture.block_type=simple
models.architecture.mamba_type=mamba
training.mode=gml_rollout
models.out_dim=6    avg_loss: 0.000000274390  time_per_window : 0.000858   progress : 0.415
name: models.architecture.block_type=simple
models.architecture.mamba_type=mamba
training.mode=gml_rollout
models.out_dim=6    avg_loss: 0.000000264907  time_per_window : 0.000937   progress : 0.426
name: models.architecture.block_type=simple
models.architecture.mamba_type=mamba
training.mode=gml_rollout
models.out_dim=6    avg_loss: 0.000000251595  time_per_window : 0.000930   progress : 0.437
name: models.architecture.block_type=simple
models.architecture.mamba_type=mamba
training.mode=gml_rollout
models.out_dim=6    avg_loss: 0.000000279400  time_per_window : 0.000921   progress : 0.448
name: models.architecture.block_type=simple
models.architecture.mamba_type=mamba
training.mode=gml_rollout
models.out_dim=6    avg_loss: 0.000000289025  time_per_window : 0.000912   progress : 0.459
name: models.architecture.block_type=simple
models.architecture.mamba_type=mamba
training.mode=gml_rollout
models.out_dim=6    avg_loss: 0.000000333066  time_per_window : 0.000907   progress : 0.470
name: models.architecture.block_type=simple
models.architecture.mamba_type=mamba
training.mode=gml_rollout
models.out_dim=6    avg_loss: 0.000000256793  time_per_window : 0.000902   progress : 0.481
name: models.architecture.block_type=simple
models.architecture.mamba_type=mamba
training.mode=gml_rollout
models.out_dim=6    avg_loss: 0.000000282584  time_per_window : 0.000894   progress : 0.492
name: models.architecture.block_type=simple
models.architecture.mamba_type=mamba
training.mode=gml_rollout
models.out_dim=6    avg_loss: 0.000000250355  time_per_window : 0.000837   progress : 0.502
name: models.architecture.block_type=simple
models.architecture.mamba_type=mamba
training.mode=gml_rollout
models.out_dim=6    avg_loss: 0.000000260258  time_per_window : 0.000923   progress : 0.513
name: models.architecture.block_type=simple
models.architecture.mamba_type=mamba
training.mode=gml_rollout
models.out_dim=6    avg_loss: 0.000000255575  time_per_window : 0.000912   progress : 0.524
name: models.architecture.block_type=simple
models.architecture.mamba_type=mamba
training.mode=gml_rollout
models.out_dim=6    avg_loss: 0.000000269881  time_per_window : 0.000872   progress : 0.535
name: models.architecture.block_type=simple
models.architecture.mamba_type=mamba
training.mode=gml_rollout
models.out_dim=6    avg_loss: 0.000000261646  time_per_window : 0.000919   progress : 0.546
name: models.architecture.block_type=simple
models.architecture.mamba_type=mamba
training.mode=gml_rollout
models.out_dim=6    avg_loss: 0.000000273877  time_per_window : 0.000916   progress : 0.557
name: models.architecture.block_type=simple
models.architecture.mamba_type=mamba
training.mode=gml_rollout
models.out_dim=6    avg_loss: 0.000000330918  time_per_window : 0.000886   progress : 0.568
name: models.architecture.block_type=simple
models.architecture.mamba_type=mamba
training.mode=gml_rollout
models.out_dim=6    avg_loss: 0.000000238028  time_per_window : 0.000944   progress : 0.579
name: models.architecture.block_type=simple
models.architecture.mamba_type=mamba
training.mode=gml_rollout
models.out_dim=6    avg_loss: 0.000000285483  time_per_window : 0.000884   progress : 0.590
name: models.architecture.block_type=simple
models.architecture.mamba_type=mamba
training.mode=gml_rollout
models.out_dim=6    avg_loss: 0.000000257764  time_per_window : 0.000939   progress : 0.601
name: models.architecture.block_type=simple
models.architecture.mamba_type=mamba
training.mode=gml_rollout
models.out_dim=6    avg_loss: 0.000000230966  time_per_window : 0.000859   progress : 0.612
name: models.architecture.block_type=simple
models.architecture.mamba_type=mamba
training.mode=gml_rollout
models.out_dim=6    avg_loss: 0.000000225005  time_per_window : 0.000947   progress : 0.623
name: models.architecture.block_type=simple
models.architecture.mamba_type=mamba
training.mode=gml_rollout
models.out_dim=6    avg_loss: 0.000000251505  time_per_window : 0.000861   progress : 0.634
name: models.architecture.block_type=simple
models.architecture.mamba_type=mamba
training.mode=gml_rollout
models.out_dim=6    avg_loss: 0.000000300527  time_per_window : 0.000929   progress : 0.644
name: models.architecture.block_type=simple
models.architecture.mamba_type=mamba
training.mode=gml_rollout
models.out_dim=6    avg_loss: 0.000000252586  time_per_window : 0.000863   progress : 0.655
name: models.architecture.block_type=simple
models.architecture.mamba_type=mamba
training.mode=gml_rollout
models.out_dim=6    avg_loss: 0.000000250813  time_per_window : 0.000913   progress : 0.666
name: models.architecture.block_type=simple
models.architecture.mamba_type=mamba
training.mode=gml_rollout
models.out_dim=6    avg_loss: 0.000000234953  time_per_window : 0.000888   progress : 0.677
name: models.architecture.block_type=simple
models.architecture.mamba_type=mamba
training.mode=gml_rollout
models.out_dim=6    avg_loss: 0.000000235220  time_per_window : 0.000854   progress : 0.688
name: models.architecture.block_type=simple
models.architecture.mamba_type=mamba
training.mode=gml_rollout
models.out_dim=6    avg_loss: 0.000000312560  time_per_window : 0.000881   progress : 0.699
name: models.architecture.block_type=simple
models.architecture.mamba_type=mamba
training.mode=gml_rollout
models.out_dim=6    avg_loss: 0.000000224407  time_per_window : 0.000843   progress : 0.710
name: models.architecture.block_type=simple
models.architecture.mamba_type=mamba
training.mode=gml_rollout
models.out_dim=6    avg_loss: 0.000000236672  time_per_window : 0.000874   progress : 0.721
name: models.architecture.block_type=simple
models.architecture.mamba_type=mamba
training.mode=gml_rollout
models.out_dim=6    avg_loss: 0.000000270899  time_per_window : 0.000851   progress : 0.732
name: models.architecture.block_type=simple
models.architecture.mamba_type=mamba
training.mode=gml_rollout
models.out_dim=6    avg_loss: 0.000000223270  time_per_window : 0.000940   progress : 0.743
name: models.architecture.block_type=simple
models.architecture.mamba_type=mamba
training.mode=gml_rollout
models.out_dim=6    avg_loss: 0.000000291884  time_per_window : 0.000863   progress : 0.754
name: models.architecture.block_type=simple
models.architecture.mamba_type=mamba
training.mode=gml_rollout
models.out_dim=6    avg_loss: 0.000000224962  time_per_window : 0.000906   progress : 0.765
name: models.architecture.block_type=simple
models.architecture.mamba_type=mamba
training.mode=gml_rollout
models.out_dim=6    avg_loss: 0.000000274475  time_per_window : 0.000842   progress : 0.775
name: models.architecture.block_type=simple
models.architecture.mamba_type=mamba
training.mode=gml_rollout
models.out_dim=6    avg_loss: 0.000000327166  time_per_window : 0.000955   progress : 0.786
name: models.architecture.block_type=simple
models.architecture.mamba_type=mamba
training.mode=gml_rollout
models.out_dim=6    avg_loss: 0.000000205569  time_per_window : 0.000861   progress : 0.797
name: models.architecture.block_type=simple
models.architecture.mamba_type=mamba
training.mode=gml_rollout
models.out_dim=6    avg_loss: 0.000000237006  time_per_window : 0.000903   progress : 0.808
name: models.architecture.block_type=simple
models.architecture.mamba_type=mamba
training.mode=gml_rollout
models.out_dim=6    avg_loss: 0.000000222548  time_per_window : 0.000967   progress : 0.819
name: models.architecture.block_type=simple
models.architecture.mamba_type=mamba
training.mode=gml_rollout
models.out_dim=6    avg_loss: 0.000000223355  time_per_window : 0.000865   progress : 0.830
name: models.architecture.block_type=simple
models.architecture.mamba_type=mamba
training.mode=gml_rollout
models.out_dim=6    avg_loss: 0.000000298765  time_per_window : 0.000921   progress : 0.841
name: models.architecture.block_type=simple
models.architecture.mamba_type=mamba
training.mode=gml_rollout
models.out_dim=6    avg_loss: 0.000000230168  time_per_window : 0.000913   progress : 0.852
name: models.architecture.block_type=simple
models.architecture.mamba_type=mamba
training.mode=gml_rollout
models.out_dim=6    avg_loss: 0.000000244925  time_per_window : 0.000928   progress : 0.863
name: models.architecture.block_type=simple
models.architecture.mamba_type=mamba
training.mode=gml_rollout
models.out_dim=6    avg_loss: 0.000000211330  time_per_window : 0.000896   progress : 0.874
name: models.architecture.block_type=simple
models.architecture.mamba_type=mamba
training.mode=gml_rollout
models.out_dim=6    avg_loss: 0.000000286239  time_per_window : 0.000874   progress : 0.885
name: models.architecture.block_type=simple
models.architecture.mamba_type=mamba
training.mode=gml_rollout
models.out_dim=6    avg_loss: 0.000000215015  time_per_window : 0.000943   progress : 0.896
name: models.architecture.block_type=simple
models.architecture.mamba_type=mamba
training.mode=gml_rollout
models.out_dim=6    avg_loss: 0.000000212244  time_per_window : 0.000883   progress : 0.907
name: models.architecture.block_type=simple
models.architecture.mamba_type=mamba
training.mode=gml_rollout
models.out_dim=6    avg_loss: 0.000000233748  time_per_window : 0.000879   progress : 0.917
name: models.architecture.block_type=simple
models.architecture.mamba_type=mamba
training.mode=gml_rollout
models.out_dim=6    avg_loss: 0.000000268534  time_per_window : 0.000942   progress : 0.928
name: models.architecture.block_type=simple
models.architecture.mamba_type=mamba
training.mode=gml_rollout
models.out_dim=6    avg_loss: 0.000000228755  time_per_window : 0.000953   progress : 0.939
name: models.architecture.block_type=simple
models.architecture.mamba_type=mamba
training.mode=gml_rollout
models.out_dim=6    avg_loss: 0.000000254006  time_per_window : 0.000860   progress : 0.950
name: models.architecture.block_type=simple
models.architecture.mamba_type=mamba
training.mode=gml_rollout
models.out_dim=6    avg_loss: 0.000000254812  time_per_window : 0.000855   progress : 0.961
name: models.architecture.block_type=simple
models.architecture.mamba_type=mamba
training.mode=gml_rollout
models.out_dim=6    avg_loss: 0.000000227024  time_per_window : 0.000880   progress : 0.972
name: models.architecture.block_type=simple
models.architecture.mamba_type=mamba
training.mode=gml_rollout
models.out_dim=6    avg_loss: 0.000000215821  time_per_window : 0.000912   progress : 0.983
name: models.architecture.block_type=simple
models.architecture.mamba_type=mamba
training.mode=gml_rollout
models.out_dim=6    avg_loss: 0.000000229690  time_per_window : 0.000912   progress : 0.994
name: models.architecture.block_type=simple
models.architecture.mamba_type=mamba
training.mode=gml_rollout
models.out_dim=6    avg_loss: -39.691673278809  time_per_window : 0.000926   progress : 0.011
name: models.architecture.block_type=simple
models.architecture.mamba_type=mamba
training.mode=gml_rollout
models.out_dim=6    avg_loss: -41.369804382324  time_per_window : 0.000895   progress : 0.022
name: models.architecture.block_type=simple
models.architecture.mamba_type=mamba
training.mode=gml_rollout
models.out_dim=6    avg_loss: -41.377628326416  time_per_window : 0.000926   progress : 0.033
name: models.architecture.block_type=simple
models.architecture.mamba_type=mamba
training.mode=gml_rollout
models.out_dim=6    avg_loss: -41.379398345947  time_per_window : 0.000912   progress : 0.044
name: models.architecture.block_type=simple
models.architecture.mamba_type=mamba
training.mode=gml_rollout
models.out_dim=6    avg_loss: -41.379421234131  time_per_window : 0.000902   progress : 0.055
name: models.architecture.block_type=simple
models.architecture.mamba_type=mamba
training.mode=gml_rollout
models.out_dim=6    avg_loss: -41.381031036377  time_per_window : 0.000919   progress : 0.066
name: models.architecture.block_type=simple
models.architecture.mamba_type=mamba
training.mode=gml_rollout
models.out_dim=6    avg_loss: -41.381309509277  time_per_window : 0.000883   progress : 0.076
name: models.architecture.block_type=simple
models.architecture.mamba_type=mamba
training.mode=gml_rollout
models.out_dim=6    avg_loss: -41.382701873779  time_per_window : 0.000910   progress : 0.087
name: models.architecture.block_type=simple
models.architecture.mamba_type=mamba
training.mode=gml_rollout
models.out_dim=6    avg_loss: -41.382682800293  time_per_window : 0.000912   progress : 0.098
name: models.architecture.block_type=simple
models.architecture.mamba_type=mamba
training.mode=gml_rollout
models.out_dim=6    avg_loss: -41.382366180420  time_per_window : 0.000878   progress : 0.109
name: models.architecture.block_type=simple
models.architecture.mamba_type=mamba
training.mode=gml_rollout
models.out_dim=6    avg_loss: -41.381053924561  time_per_window : 0.000918   progress : 0.120
name: models.architecture.block_type=simple
models.architecture.mamba_type=mamba
training.mode=gml_rollout
models.out_dim=6    avg_loss: -41.382884979248  time_per_window : 0.000887   progress : 0.131
name: models.architecture.block_type=simple
models.architecture.mamba_type=mamba
training.mode=gml_rollout
models.out_dim=6    avg_loss: -41.381458282471  time_per_window : 0.000875   progress : 0.142
name: models.architecture.block_type=simple
models.architecture.mamba_type=mamba
training.mode=gml_rollout
models.out_dim=6    avg_loss: -41.381954193115  time_per_window : 0.000908   progress : 0.153
name: models.architecture.block_type=simple
models.architecture.mamba_type=mamba
training.mode=gml_rollout
models.out_dim=6    avg_loss: -41.382442474365  time_per_window : 0.000903   progress : 0.164
name: models.architecture.block_type=simple
models.architecture.mamba_type=mamba
training.mode=gml_rollout
models.out_dim=6    avg_loss: -41.382240295410  time_per_window : 0.000901   progress : 0.175
name: models.architecture.block_type=simple
models.architecture.mamba_type=mamba
training.mode=gml_rollout
models.out_dim=6    avg_loss: -41.382198333740  time_per_window : 0.000916   progress : 0.186
name: models.architecture.block_type=simple
models.architecture.mamba_type=mamba
training.mode=gml_rollout
models.out_dim=6    avg_loss: -41.383697509766  time_per_window : 0.000885   progress : 0.197
name: models.architecture.block_type=simple
models.architecture.mamba_type=mamba
training.mode=gml_rollout
models.out_dim=6    avg_loss: -41.383266448975  time_per_window : 0.000933   progress : 0.208
name: models.architecture.block_type=simple
models.architecture.mamba_type=mamba
training.mode=gml_rollout
models.out_dim=6    avg_loss: -41.382362365723  time_per_window : 0.000884   progress : 0.218
name: models.architecture.block_type=simple
models.architecture.mamba_type=mamba
training.mode=gml_rollout
models.out_dim=6    avg_loss: -41.382259368896  time_per_window : 0.000905   progress : 0.229
name: models.architecture.block_type=simple
models.architecture.mamba_type=mamba
training.mode=gml_rollout
models.out_dim=6    avg_loss: -41.383060455322  time_per_window : 0.000896   progress : 0.240
name: models.architecture.block_type=simple
models.architecture.mamba_type=mamba
training.mode=gml_rollout
models.out_dim=6    avg_loss: -41.382629394531  time_per_window : 0.000858   progress : 0.251
name: models.architecture.block_type=simple
models.architecture.mamba_type=mamba
training.mode=gml_rollout
models.out_dim=6    avg_loss: -41.382747650146  time_per_window : 0.000937   progress : 0.262
name: models.architecture.block_type=simple
models.architecture.mamba_type=mamba
training.mode=gml_rollout
models.out_dim=6    avg_loss: -41.382663726807  time_per_window : 0.000920   progress : 0.273
name: models.architecture.block_type=simple
models.architecture.mamba_type=mamba
training.mode=gml_rollout
models.out_dim=6    avg_loss: -41.382633209229  time_per_window : 0.000951   progress : 0.284
name: models.architecture.block_type=simple
models.architecture.mamba_type=mamba
training.mode=gml_rollout
models.out_dim=6    avg_loss: -41.383464813232  time_per_window : 0.000895   progress : 0.295
name: models.architecture.block_type=simple
models.architecture.mamba_type=mamba
training.mode=gml_rollout
models.out_dim=6    avg_loss: -41.382175445557  time_per_window : 0.000912   progress : 0.306
name: models.architecture.block_type=simple
models.architecture.mamba_type=mamba
training.mode=gml_rollout
models.out_dim=6    avg_loss: -41.383777618408  time_per_window : 0.000936   progress : 0.317
name: models.architecture.block_type=simple
models.architecture.mamba_type=mamba
training.mode=gml_rollout
models.out_dim=6    avg_loss: -41.382427215576  time_per_window : 0.000913   progress : 0.328
name: models.architecture.block_type=simple
models.architecture.mamba_type=mamba
training.mode=gml_rollout
models.out_dim=6    avg_loss: -41.381908416748  time_per_window : 0.000944   progress : 0.339
name: models.architecture.block_type=simple
models.architecture.mamba_type=mamba
training.mode=gml_rollout
models.out_dim=6    avg_loss: -41.381977081299  time_per_window : 0.000873   progress : 0.350
name: models.architecture.block_type=simple
models.architecture.mamba_type=mamba
training.mode=gml_rollout
models.out_dim=6    avg_loss: -41.382858276367  time_per_window : 0.000885   progress : 0.360
name: models.architecture.block_type=simple
models.architecture.mamba_type=mamba
training.mode=gml_rollout
models.out_dim=6    avg_loss: -41.383731842041  time_per_window : 0.000909   progress : 0.371
name: models.architecture.block_type=simple
models.architecture.mamba_type=mamba
training.mode=gml_rollout
models.out_dim=6    avg_loss: -41.381790161133  time_per_window : 0.000870   progress : 0.382
name: models.architecture.block_type=simple
models.architecture.mamba_type=mamba
training.mode=gml_rollout
models.out_dim=6    avg_loss: -41.381389617920  time_per_window : 0.000976   progress : 0.393
name: models.architecture.block_type=simple
models.architecture.mamba_type=mamba
training.mode=gml_rollout
models.out_dim=6    avg_loss: -41.381336212158  time_per_window : 0.000858   progress : 0.404
name: models.architecture.block_type=simple
models.architecture.mamba_type=mamba
training.mode=gml_rollout
models.out_dim=6    avg_loss: -41.382503509521  time_per_window : 0.000906   progress : 0.415
name: models.architecture.block_type=simple
models.architecture.mamba_type=mamba
training.mode=gml_rollout
models.out_dim=6    avg_loss: -41.382843017578  time_per_window : 0.000885   progress : 0.426
name: models.architecture.block_type=simple
models.architecture.mamba_type=mamba
training.mode=gml_rollout
models.out_dim=6    avg_loss: -41.382484436035  time_per_window : 0.000899   progress : 0.437
name: models.architecture.block_type=simple
models.architecture.mamba_type=mamba
training.mode=gml_rollout
models.out_dim=6    avg_loss: -41.381977081299  time_per_window : 0.000893   progress : 0.448
name: models.architecture.block_type=simple
models.architecture.mamba_type=mamba
training.mode=gml_rollout
models.out_dim=6    avg_loss: -41.382232666016  time_per_window : 0.000931   progress : 0.459
name: models.architecture.block_type=simple
models.architecture.mamba_type=mamba
training.mode=gml_rollout
models.out_dim=6    avg_loss: -41.383113861084  time_per_window : 0.000908   progress : 0.470
name: models.architecture.block_type=simple
models.architecture.mamba_type=mamba
training.mode=gml_rollout
models.out_dim=6    avg_loss: -41.383350372314  time_per_window : 0.000872   progress : 0.481
name: models.architecture.block_type=simple
models.architecture.mamba_type=mamba
training.mode=gml_rollout
models.out_dim=6    avg_loss: -41.381984710693  time_per_window : 0.000882   progress : 0.492
name: models.architecture.block_type=simple
models.architecture.mamba_type=mamba
training.mode=gml_rollout
models.out_dim=6    avg_loss: -41.383274078369  time_per_window : 0.000692   progress : 0.502
name: models.architecture.block_type=simple
models.architecture.mamba_type=mamba
training.mode=gml_rollout
models.out_dim=6    avg_loss: -41.382942199707  time_per_window : 0.000930   progress : 0.513
name: models.architecture.block_type=simple
models.architecture.mamba_type=mamba
training.mode=gml_rollout
models.out_dim=6    avg_loss: -41.382316589355  time_per_window : 0.000877   progress : 0.524
name: models.architecture.block_type=simple
models.architecture.mamba_type=mamba
training.mode=gml_rollout
models.out_dim=6    avg_loss: -41.382301330566  time_per_window : 0.000884   progress : 0.535
name: models.architecture.block_type=simple
models.architecture.mamba_type=mamba
training.mode=gml_rollout
models.out_dim=6    avg_loss: -41.383289337158  time_per_window : 0.000902   progress : 0.546
name: models.architecture.block_type=simple
models.architecture.mamba_type=mamba
training.mode=gml_rollout
models.out_dim=6    avg_loss: -41.382171630859  time_per_window : 0.000936   progress : 0.557
name: models.architecture.block_type=simple
models.architecture.mamba_type=mamba
training.mode=gml_rollout
models.out_dim=6    avg_loss: -41.382434844971  time_per_window : 0.000938   progress : 0.568
name: models.architecture.block_type=simple
models.architecture.mamba_type=mamba
training.mode=gml_rollout
models.out_dim=6    avg_loss: -41.382549285889  time_per_window : 0.000846   progress : 0.579
name: models.architecture.block_type=simple
models.architecture.mamba_type=mamba
training.mode=gml_rollout
models.out_dim=6    avg_loss: -41.381896972656  time_per_window : 0.000884   progress : 0.590
name: models.architecture.block_type=simple
models.architecture.mamba_type=mamba
training.mode=gml_rollout
models.out_dim=6    avg_loss: -41.383613586426  time_per_window : 0.000744   progress : 0.601
name: models.architecture.block_type=simple
models.architecture.mamba_type=mamba
training.mode=gml_rollout
models.out_dim=6    avg_loss: -41.382137298584  time_per_window : 0.000916   progress : 0.612
name: models.architecture.block_type=simple
models.architecture.mamba_type=mamba
training.mode=gml_rollout
models.out_dim=6    avg_loss: -41.382961273193  time_per_window : 0.000838   progress : 0.623
name: models.architecture.block_type=simple
models.architecture.mamba_type=mamba
training.mode=gml_rollout
models.out_dim=6    avg_loss: -41.381340026855  time_per_window : 0.000914   progress : 0.634
name: models.architecture.block_type=simple
models.architecture.mamba_type=mamba
training.mode=gml_rollout
models.out_dim=6    avg_loss: -41.381790161133  time_per_window : 0.000955   progress : 0.644
name: models.architecture.block_type=simple
models.architecture.mamba_type=mamba
training.mode=gml_rollout
models.out_dim=6    avg_loss: -41.381843566895  time_per_window : 0.000907   progress : 0.655
name: models.architecture.block_type=simple
models.architecture.mamba_type=mamba
training.mode=gml_rollout
models.out_dim=6    avg_loss: -41.383522033691  time_per_window : 0.000868   progress : 0.666
name: models.architecture.block_type=simple
models.architecture.mamba_type=mamba
training.mode=gml_rollout
models.out_dim=6    avg_loss: -41.382617950439  time_per_window : 0.000893   progress : 0.677
name: models.architecture.block_type=simple
models.architecture.mamba_type=mamba
training.mode=gml_rollout
models.out_dim=6    avg_loss: -41.384059906006  time_per_window : 0.000932   progress : 0.688
name: models.architecture.block_type=simple
models.architecture.mamba_type=mamba
training.mode=gml_rollout
models.out_dim=6    avg_loss: -41.383018493652  time_per_window : 0.000924   progress : 0.699
name: models.architecture.block_type=simple
models.architecture.mamba_type=mamba
training.mode=gml_rollout
models.out_dim=6    avg_loss: -41.381664276123  time_per_window : 0.000942   progress : 0.710
name: models.architecture.block_type=simple
models.architecture.mamba_type=mamba
training.mode=gml_rollout
models.out_dim=6    avg_loss: -41.383666992188  time_per_window : 0.000904   progress : 0.721
name: models.architecture.block_type=simple
models.architecture.mamba_type=mamba
training.mode=gml_rollout
models.out_dim=6    avg_loss: -41.382793426514  time_per_window : 0.000979   progress : 0.732
name: models.architecture.block_type=simple
models.architecture.mamba_type=mamba
training.mode=gml_rollout
models.out_dim=6    avg_loss: -41.382827758789  time_per_window : 0.000955   progress : 0.743
name: models.architecture.block_type=simple
models.architecture.mamba_type=mamba
training.mode=gml_rollout
models.out_dim=6    avg_loss: -41.382389068604  time_per_window : 0.000852   progress : 0.754
name: models.architecture.block_type=simple
models.architecture.mamba_type=mamba
training.mode=gml_rollout
models.out_dim=6    avg_loss: -41.383705139160  time_per_window : 0.000949   progress : 0.765
name: models.architecture.block_type=simple
models.architecture.mamba_type=mamba
training.mode=gml_rollout
models.out_dim=6    avg_loss: -41.381641387939  time_per_window : 0.000914   progress : 0.775
name: models.architecture.block_type=simple
models.architecture.mamba_type=mamba
training.mode=gml_rollout
models.out_dim=6    avg_loss: -41.382461547852  time_per_window : 0.000867   progress : 0.786
name: models.architecture.block_type=simple
models.architecture.mamba_type=mamba
training.mode=gml_rollout
models.out_dim=6    avg_loss: -41.382698059082  time_per_window : 0.000924   progress : 0.797
name: models.architecture.block_type=simple
models.architecture.mamba_type=mamba
training.mode=gml_rollout
models.out_dim=6    avg_loss: -41.383144378662  time_per_window : 0.000896   progress : 0.808
name: models.architecture.block_type=simple
models.architecture.mamba_type=mamba
training.mode=gml_rollout
models.out_dim=6    avg_loss: -41.383674621582  time_per_window : 0.000916   progress : 0.819
name: models.architecture.block_type=simple
models.architecture.mamba_type=mamba
training.mode=gml_rollout
models.out_dim=6    avg_loss: -41.383964538574  time_per_window : 0.000879   progress : 0.830
name: models.architecture.block_type=simple
models.architecture.mamba_type=mamba
training.mode=gml_rollout
models.out_dim=6    avg_loss: -41.381969451904  time_per_window : 0.000919   progress : 0.841
name: models.architecture.block_type=simple
models.architecture.mamba_type=mamba
training.mode=gml_rollout
models.out_dim=6    avg_loss: -41.382438659668  time_per_window : 0.000939   progress : 0.852
name: models.architecture.block_type=simple
models.architecture.mamba_type=mamba
training.mode=gml_rollout
models.out_dim=6    avg_loss: -41.383415222168  time_per_window : 0.000885   progress : 0.863
name: models.architecture.block_type=simple
models.architecture.mamba_type=mamba
training.mode=gml_rollout
models.out_dim=6    avg_loss: -41.383178710938  time_per_window : 0.000885   progress : 0.874
name: models.architecture.block_type=simple
models.architecture.mamba_type=mamba
training.mode=gml_rollout
models.out_dim=6    avg_loss: -41.382053375244  time_per_window : 0.000911   progress : 0.885
name: models.architecture.block_type=simple
models.architecture.mamba_type=mamba
training.mode=gml_rollout
models.out_dim=6    avg_loss: -41.383777618408  time_per_window : 0.000914   progress : 0.896
name: models.architecture.block_type=simple
models.architecture.mamba_type=mamba
training.mode=gml_rollout
models.out_dim=6    avg_loss: -41.382865905762  time_per_window : 0.000909   progress : 0.907
name: models.architecture.block_type=simple
models.architecture.mamba_type=mamba
training.mode=gml_rollout
models.out_dim=6    avg_loss: -41.382633209229  time_per_window : 0.000929   progress : 0.917
name: models.architecture.block_type=simple
models.architecture.mamba_type=mamba
training.mode=gml_rollout
models.out_dim=6    avg_loss: -41.382568359375  time_per_window : 0.000928   progress : 0.928
name: models.architecture.block_type=simple
models.architecture.mamba_type=mamba
training.mode=gml_rollout
models.out_dim=6    avg_loss: -41.381717681885  time_per_window : 0.000910   progress : 0.939
name: models.architecture.block_type=simple
models.architecture.mamba_type=mamba
training.mode=gml_rollout
models.out_dim=6    avg_loss: -41.382545471191  time_per_window : 0.000937   progress : 0.950
name: models.architecture.block_type=simple
models.architecture.mamba_type=mamba
training.mode=gml_rollout
models.out_dim=6    avg_loss: -41.382476806641  time_per_window : 0.000938   progress : 0.961
name: models.architecture.block_type=simple
models.architecture.mamba_type=mamba
training.mode=gml_rollout
models.out_dim=6    avg_loss: -41.383724212646  time_per_window : 0.000864   progress : 0.972
name: models.architecture.block_type=simple
models.architecture.mamba_type=mamba
training.mode=gml_rollout
models.out_dim=6    avg_loss: -41.383815765381  time_per_window : 0.000920   progress : 0.983
name: models.architecture.block_type=simple
models.architecture.mamba_type=mamba
training.mode=gml_rollout
models.out_dim=6    avg_loss: -41.382034301758  time_per_window : 0.000934   progress : 0.994
DONE!!!
