/media/egghead/Scratch/joey/Thesis/mavenv/lib/python3.11/site-packages/hydra/_internal/defaults_list.py:251: UserWarning: In 'config': Defaults list is missing `_self_`. See https://hydra.cc/docs/1.2/upgrades/1.0_to_1.1/default_composition_order for more information
  warnings.warn(msg, UserWarning)
Using cuda device
[2026-07-23 12:55:37,257][HYDRA] Joblib.Parallel(n_jobs=4,backend=loky,prefer=processes,require=None,verbose=0,timeout=None,pre_dispatch=2*n_jobs,batch_size=auto,temp_folder=None,max_nbytes=None,mmap_mode=r) is launching 1 jobs
[2026-07-23 12:55:37,257][HYDRA] Launching jobs, sweep output dir : ablation_runs/2026-07-23_10-47-09/cls_block
[2026-07-23 12:55:37,257][HYDRA] 	#0 : models.architecture.block_type=cls training.mode=rollout
/media/egghead/Scratch/joey/Thesis/mavenv/lib/python3.11/site-packages/hydra/_internal/defaults_list.py:251: UserWarning: In 'config': Defaults list is missing `_self_`. See https://hydra.cc/docs/1.2/upgrades/1.0_to_1.1/default_composition_order for more information
  warnings.warn(msg, UserWarning)
models:
  n_dim: 23
  out_dim: 10
  architecture:
    d_model: 128
    n_encoder_layers: 2
    n_decoder_layers: 0
    block_type: cls
    time_adapter: last_token
    in_norm: none
    out_norm: none
    layer_scale: 0.0001
    drop_path: 0.05
    mamba_type: mamba
    mamba_kwargs:
      d_state: 16
      d_conv: 2
      expand: 2
      norm: rms
    skip: false
    cls_kwargs:
      n_heads: 2
      n_mlp: 2
      positional_encoding: false
      max_len: 5000
input_len: 32
output_len: 1
batch_size: 128
epochs: 5
seed: 0
dataset:
  path: /media/egghead/Scratch/joey/simulation_data/patient_one_data.zarr/
  training_size: 1500000
evaluation:
  path: /media/egghead/Scratch/joey/simulation_data/patient_two_data.zarr/
  evaluation_size: 50
training:
  mode: rollout
  lr: 0.0002
  weight_decay: 0.1
  rollout_steps: 16
checkpoint:
  save_path: hydra-test.pth
  load: false
  path: hydra-test.pth
compile: true

/media/egghead/Scratch/joey/Thesis/mavenv/lib/python3.11/site-packages/torch/_inductor/cudagraph_trees.py:2622: UserWarning: Unable to hit fast path of CUDAGraphs because outputs from a previous step still require backward. Ensure backward() is invoked or detach outputs. You may also call torch.compiler.cudagraph_mark_step_begin() before each model invocation.
  warnings.warn(
name: models.architecture.block_type=cls
training.mode=rollout    avg_loss: 0.000146915540  time_per_window : 0.000396   progress : 0.011
name: models.architecture.block_type=cls
training.mode=rollout    avg_loss: 0.000000459441  time_per_window : 0.000322   progress : 0.022
name: models.architecture.block_type=cls
training.mode=rollout    avg_loss: 0.000000284679  time_per_window : 0.000307   progress : 0.033
name: models.architecture.block_type=cls
training.mode=rollout    avg_loss: 0.000000220561  time_per_window : 0.000366   progress : 0.044
name: models.architecture.block_type=cls
training.mode=rollout    avg_loss: 0.000000187456  time_per_window : 0.000367   progress : 0.055
name: models.architecture.block_type=cls
training.mode=rollout    avg_loss: 0.000000169301  time_per_window : 0.000443   progress : 0.066
name: models.architecture.block_type=cls
training.mode=rollout    avg_loss: 0.000000159818  time_per_window : 0.000443   progress : 0.076
name: models.architecture.block_type=cls
training.mode=rollout    avg_loss: 0.000000154876  time_per_window : 0.000454   progress : 0.087
name: models.architecture.block_type=cls
training.mode=rollout    avg_loss: 0.000000138704  time_per_window : 0.000474   progress : 0.098
name: models.architecture.block_type=cls
training.mode=rollout    avg_loss: 0.000000126850  time_per_window : 0.000431   progress : 0.109
name: models.architecture.block_type=cls
training.mode=rollout    avg_loss: 0.000000127533  time_per_window : 0.000345   progress : 0.120
name: models.architecture.block_type=cls
training.mode=rollout    avg_loss: 0.000000120904  time_per_window : 0.000445   progress : 0.131
name: models.architecture.block_type=cls
training.mode=rollout    avg_loss: 0.000000113723  time_per_window : 0.000297   progress : 0.142
name: models.architecture.block_type=cls
training.mode=rollout    avg_loss: 0.000000106938  time_per_window : 0.000410   progress : 0.153
name: models.architecture.block_type=cls
training.mode=rollout    avg_loss: 0.000000102302  time_per_window : 0.000401   progress : 0.164
name: models.architecture.block_type=cls
training.mode=rollout    avg_loss: 0.000000097313  time_per_window : 0.000431   progress : 0.175
name: models.architecture.block_type=cls
training.mode=rollout    avg_loss: 0.000000094149  time_per_window : 0.000426   progress : 0.186
name: models.architecture.block_type=cls
training.mode=rollout    avg_loss: 0.000000094677  time_per_window : 0.000437   progress : 0.197
name: models.architecture.block_type=cls
training.mode=rollout    avg_loss: 0.000000081572  time_per_window : 0.000451   progress : 0.208
name: models.architecture.block_type=cls
training.mode=rollout    avg_loss: 0.000000079265  time_per_window : 0.000452   progress : 0.218
name: models.architecture.block_type=cls
training.mode=rollout    avg_loss: 0.000000082385  time_per_window : 0.000476   progress : 0.229
name: models.architecture.block_type=cls
training.mode=rollout    avg_loss: 0.000000075411  time_per_window : 0.000450   progress : 0.240
name: models.architecture.block_type=cls
training.mode=rollout    avg_loss: 0.000000077959  time_per_window : 0.000344   progress : 0.251
name: models.architecture.block_type=cls
training.mode=rollout    avg_loss: 0.000000068996  time_per_window : 0.000433   progress : 0.262
name: models.architecture.block_type=cls
training.mode=rollout    avg_loss: 0.000000071497  time_per_window : 0.000420   progress : 0.273
name: models.architecture.block_type=cls
training.mode=rollout    avg_loss: 0.000000063621  time_per_window : 0.000436   progress : 0.284
name: models.architecture.block_type=cls
training.mode=rollout    avg_loss: 0.000000082932  time_per_window : 0.000362   progress : 0.295
name: models.architecture.block_type=cls
training.mode=rollout    avg_loss: 0.000000066422  time_per_window : 0.000411   progress : 0.306
name: models.architecture.block_type=cls
training.mode=rollout    avg_loss: 0.000000068015  time_per_window : 0.000477   progress : 0.317
name: models.architecture.block_type=cls
training.mode=rollout    avg_loss: 0.000000083331  time_per_window : 0.000425   progress : 0.328
name: models.architecture.block_type=cls
training.mode=rollout    avg_loss: 0.000000085834  time_per_window : 0.000331   progress : 0.339
name: models.architecture.block_type=cls
training.mode=rollout    avg_loss: 0.000000061940  time_per_window : 0.000415   progress : 0.350
name: models.architecture.block_type=cls
training.mode=rollout    avg_loss: 0.000000101197  time_per_window : 0.000403   progress : 0.360
name: models.architecture.block_type=cls
training.mode=rollout    avg_loss: 0.000000069740  time_per_window : 0.000382   progress : 0.371
name: models.architecture.block_type=cls
training.mode=rollout    avg_loss: 0.000000086722  time_per_window : 0.000446   progress : 0.382
name: models.architecture.block_type=cls
training.mode=rollout    avg_loss: 0.000000073108  time_per_window : 0.000418   progress : 0.393
name: models.architecture.block_type=cls
training.mode=rollout    avg_loss: 0.000000078969  time_per_window : 0.000412   progress : 0.404
name: models.architecture.block_type=cls
training.mode=rollout    avg_loss: 0.000000074900  time_per_window : 0.000363   progress : 0.415
name: models.architecture.block_type=cls
training.mode=rollout    avg_loss: 0.000000085144  time_per_window : 0.000413   progress : 0.426
name: models.architecture.block_type=cls
training.mode=rollout    avg_loss: 0.000000080919  time_per_window : 0.000440   progress : 0.437
name: models.architecture.block_type=cls
training.mode=rollout    avg_loss: 0.000000083247  time_per_window : 0.000424   progress : 0.448
name: models.architecture.block_type=cls
training.mode=rollout    avg_loss: 0.000000071087  time_per_window : 0.000476   progress : 0.459
name: models.architecture.block_type=cls
training.mode=rollout    avg_loss: 0.000000079446  time_per_window : 0.000351   progress : 0.470
name: models.architecture.block_type=cls
training.mode=rollout    avg_loss: 0.000000079950  time_per_window : 0.000463   progress : 0.481
name: models.architecture.block_type=cls
training.mode=rollout    avg_loss: 0.000000088317  time_per_window : 0.000305   progress : 0.492
name: models.architecture.block_type=cls
training.mode=rollout    avg_loss: 0.000000079241  time_per_window : 0.000438   progress : 0.502
name: models.architecture.block_type=cls
training.mode=rollout    avg_loss: 0.000000076525  time_per_window : 0.000407   progress : 0.513
name: models.architecture.block_type=cls
training.mode=rollout    avg_loss: 0.000000081724  time_per_window : 0.000449   progress : 0.524
name: models.architecture.block_type=cls
training.mode=rollout    avg_loss: 0.000000076018  time_per_window : 0.000436   progress : 0.535
name: models.architecture.block_type=cls
training.mode=rollout    avg_loss: 0.000000072382  time_per_window : 0.000427   progress : 0.546
name: models.architecture.block_type=cls
training.mode=rollout    avg_loss: 0.000000079533  time_per_window : 0.000468   progress : 0.557
name: models.architecture.block_type=cls
training.mode=rollout    avg_loss: 0.000000090897  time_per_window : 0.000409   progress : 0.568
name: models.architecture.block_type=cls
training.mode=rollout    avg_loss: 0.000000071453  time_per_window : 0.000434   progress : 0.579
name: models.architecture.block_type=cls
training.mode=rollout    avg_loss: 0.000000071625  time_per_window : 0.000472   progress : 0.590
name: models.architecture.block_type=cls
training.mode=rollout    avg_loss: 0.000000067645  time_per_window : 0.000419   progress : 0.601
name: models.architecture.block_type=cls
training.mode=rollout    avg_loss: 0.000000086398  time_per_window : 0.000439   progress : 0.612
name: models.architecture.block_type=cls
training.mode=rollout    avg_loss: 0.000000070360  time_per_window : 0.000434   progress : 0.623
name: models.architecture.block_type=cls
training.mode=rollout    avg_loss: 0.000000072813  time_per_window : 0.000445   progress : 0.634
name: models.architecture.block_type=cls
training.mode=rollout    avg_loss: 0.000000062371  time_per_window : 0.000438   progress : 0.644
name: models.architecture.block_type=cls
training.mode=rollout    avg_loss: 0.000000074266  time_per_window : 0.000459   progress : 0.655/media/egghead/Scratch/joey/Thesis/mavenv/lib/python3.11/site-packages/torch/_inductor/cudagraph_trees.py:2622: UserWarning: Unable to hit fast path of CUDAGraphs because outputs from a previous step still require backward. Ensure backward() is invoked or detach outputs. You may also call torch.compiler.cudagraph_mark_step_begin() before each model invocation.
  warnings.warn(
/media/egghead/Scratch/joey/Thesis/mavenv/lib/python3.11/site-packages/torch/_inductor/cudagraph_trees.py:2622: UserWarning: Unable to hit fast path of CUDAGraphs because outputs from a previous step still require backward. Ensure backward() is invoked or detach outputs. You may also call torch.compiler.cudagraph_mark_step_begin() before each model invocation.
  warnings.warn(

name: models.architecture.block_type=cls
training.mode=rollout    avg_loss: 0.000000065783  time_per_window : 0.000459   progress : 0.666
name: models.architecture.block_type=cls
training.mode=rollout    avg_loss: 0.000000069091  time_per_window : 0.000419   progress : 0.677
name: models.architecture.block_type=cls
training.mode=rollout    avg_loss: 0.000000064046  time_per_window : 0.000329   progress : 0.688
name: models.architecture.block_type=cls
training.mode=rollout    avg_loss: 0.000000064267  time_per_window : 0.000476   progress : 0.699
name: models.architecture.block_type=cls
training.mode=rollout    avg_loss: 0.000000073691  time_per_window : 0.000417   progress : 0.710
name: models.architecture.block_type=cls
training.mode=rollout    avg_loss: 0.000000057235  time_per_window : 0.000447   progress : 0.721
name: models.architecture.block_type=cls
training.mode=rollout    avg_loss: 0.000000065686  time_per_window : 0.000480   progress : 0.732
name: models.architecture.block_type=cls
training.mode=rollout    avg_loss: 0.000000068583  time_per_window : 0.000443   progress : 0.743
name: models.architecture.block_type=cls
training.mode=rollout    avg_loss: 0.000000058683  time_per_window : 0.000436   progress : 0.754
name: models.architecture.block_type=cls
training.mode=rollout    avg_loss: 0.000000066686  time_per_window : 0.000340   progress : 0.765
name: models.architecture.block_type=cls
training.mode=rollout    avg_loss: 0.000000060754  time_per_window : 0.000391   progress : 0.775
name: models.architecture.block_type=cls
training.mode=rollout    avg_loss: 0.000000064686  time_per_window : 0.000401   progress : 0.786
name: models.architecture.block_type=cls
training.mode=rollout    avg_loss: 0.000000062444  time_per_window : 0.000433   progress : 0.797
name: models.architecture.block_type=cls
training.mode=rollout    avg_loss: 0.000000058250  time_per_window : 0.000347   progress : 0.808
name: models.architecture.block_type=cls
training.mode=rollout    avg_loss: 0.000000054374  time_per_window : 0.000405   progress : 0.819
name: models.architecture.block_type=cls
training.mode=rollout    avg_loss: 0.000000057950  time_per_window : 0.000349   progress : 0.830
name: models.architecture.block_type=cls
training.mode=rollout    avg_loss: 0.000000052137  time_per_window : 0.000432   progress : 0.841
name: models.architecture.block_type=cls
training.mode=rollout    avg_loss: 0.000000060264  time_per_window : 0.000443   progress : 0.852
name: models.architecture.block_type=cls
training.mode=rollout    avg_loss: 0.000000058522  time_per_window : 0.000433   progress : 0.863
name: models.architecture.block_type=cls
training.mode=rollout    avg_loss: 0.000000056916  time_per_window : 0.000439   progress : 0.874
name: models.architecture.block_type=cls
training.mode=rollout    avg_loss: 0.000000048734  time_per_window : 0.000300   progress : 0.885
name: models.architecture.block_type=cls
training.mode=rollout    avg_loss: 0.000000050191  time_per_window : 0.000438   progress : 0.896
name: models.architecture.block_type=cls
training.mode=rollout    avg_loss: 0.000000050784  time_per_window : 0.000422   progress : 0.907
name: models.architecture.block_type=cls
training.mode=rollout    avg_loss: 0.000000050741  time_per_window : 0.000400   progress : 0.917
name: models.architecture.block_type=cls
training.mode=rollout    avg_loss: 0.000000051474  time_per_window : 0.000435   progress : 0.928
name: models.architecture.block_type=cls
training.mode=rollout    avg_loss: 0.000000058929  time_per_window : 0.000396   progress : 0.939
name: models.architecture.block_type=cls
training.mode=rollout    avg_loss: 0.000000050971  time_per_window : 0.000431   progress : 0.950
name: models.architecture.block_type=cls
training.mode=rollout    avg_loss: 0.000000048077  time_per_window : 0.000447   progress : 0.961
name: models.architecture.block_type=cls
training.mode=rollout    avg_loss: 0.000000047636  time_per_window : 0.000308   progress : 0.972
name: models.architecture.block_type=cls
training.mode=rollout    avg_loss: 0.000000053262  time_per_window : 0.000462   progress : 0.983
name: models.architecture.block_type=cls
training.mode=rollout    avg_loss: 0.000000043642  time_per_window : 0.000452   progress : 0.994
name: models.architecture.block_type=cls
training.mode=rollout    avg_loss: 0.000000130485  time_per_window : 0.000392   progress : 0.011
name: models.architecture.block_type=cls
training.mode=rollout    avg_loss: 0.000000046410  time_per_window : 0.000402   progress : 0.022
name: models.architecture.block_type=cls
training.mode=rollout    avg_loss: 0.000000048034  time_per_window : 0.000415   progress : 0.033
name: models.architecture.block_type=cls
training.mode=rollout    avg_loss: 0.000000053662  time_per_window : 0.000368   progress : 0.044
name: models.architecture.block_type=cls
training.mode=rollout    avg_loss: 0.000000045898  time_per_window : 0.000515   progress : 0.055
name: models.architecture.block_type=cls
training.mode=rollout    avg_loss: 0.000000043317  time_per_window : 0.000523   progress : 0.066
name: models.architecture.block_type=cls
training.mode=rollout    avg_loss: 0.000000053857  time_per_window : 0.000513   progress : 0.076
name: models.architecture.block_type=cls
training.mode=rollout    avg_loss: 0.000000044231  time_per_window : 0.000544   progress : 0.087
name: models.architecture.block_type=cls
training.mode=rollout    avg_loss: 0.000000052578  time_per_window : 0.000516   progress : 0.098
name: models.architecture.block_type=cls
training.mode=rollout    avg_loss: 0.000000049628  time_per_window : 0.000553   progress : 0.109
name: models.architecture.block_type=cls
training.mode=rollout    avg_loss: 0.000000045953  time_per_window : 0.000552   progress : 0.120
name: models.architecture.block_type=cls
training.mode=rollout    avg_loss: 0.000000057045  time_per_window : 0.000496   progress : 0.131
name: models.architecture.block_type=cls
training.mode=rollout    avg_loss: 0.000000046463  time_per_window : 0.000534   progress : 0.142
name: models.architecture.block_type=cls
training.mode=rollout    avg_loss: 0.000000050865  time_per_window : 0.000504   progress : 0.153
name: models.architecture.block_type=cls
training.mode=rollout    avg_loss: 0.000000043239  time_per_window : 0.000552   progress : 0.164
name: models.architecture.block_type=cls
training.mode=rollout    avg_loss: 0.000000040937  time_per_window : 0.000557   progress : 0.175
name: models.architecture.block_type=cls
training.mode=rollout    avg_loss: 0.000000045433  time_per_window : 0.000555   progress : 0.186
name: models.architecture.block_type=cls
training.mode=rollout    avg_loss: 0.000000039452  time_per_window : 0.000556   progress : 0.197
name: models.architecture.block_type=cls
training.mode=rollout    avg_loss: 0.000000037541  time_per_window : 0.000521   progress : 0.208
name: models.architecture.block_type=cls
training.mode=rollout    avg_loss: 0.000000040936  time_per_window : 0.000550   progress : 0.218
name: models.architecture.block_type=cls
training.mode=rollout    avg_loss: 0.000000043484  time_per_window : 0.000552   progress : 0.229
name: models.architecture.block_type=cls
training.mode=rollout    avg_loss: 0.000000037452  time_per_window : 0.000543   progress : 0.240
name: models.architecture.block_type=cls
training.mode=rollout    avg_loss: 0.000000046458  time_per_window : 0.000526   progress : 0.251
name: models.architecture.block_type=cls
training.mode=rollout    avg_loss: 0.000000043141  time_per_window : 0.000551   progress : 0.262
name: models.architecture.block_type=cls
training.mode=rollout    avg_loss: 0.000000038321  time_per_window : 0.000527   progress : 0.273
name: models.architecture.block_type=cls
training.mode=rollout    avg_loss: 0.000000042326  time_per_window : 0.000525   progress : 0.284
name: models.architecture.block_type=cls
training.mode=rollout    avg_loss: 0.000000044622  time_per_window : 0.000513   progress : 0.295
name: models.architecture.block_type=cls
training.mode=rollout    avg_loss: 0.000000040450  time_per_window : 0.000547   progress : 0.306
name: models.architecture.block_type=cls
training.mode=rollout    avg_loss: 0.000000037273  time_per_window : 0.000563   progress : 0.317
name: models.architecture.block_type=cls
training.mode=rollout    avg_loss: 0.000000038534  time_per_window : 0.000557   progress : 0.328
name: models.architecture.block_type=cls
training.mode=rollout    avg_loss: 0.000000040249  time_per_window : 0.000564   progress : 0.339
name: models.architecture.block_type=cls
training.mode=rollout    avg_loss: 0.000000038842  time_per_window : 0.000525   progress : 0.350
name: models.architecture.block_type=cls
training.mode=rollout    avg_loss: 0.000000037179  time_per_window : 0.000564   progress : 0.360
name: models.architecture.block_type=cls
training.mode=rollout    avg_loss: 0.000000034400  time_per_window : 0.000559   progress : 0.371
name: models.architecture.block_type=cls
training.mode=rollout    avg_loss: 0.000000037661  time_per_window : 0.000523   progress : 0.382
name: models.architecture.block_type=cls
training.mode=rollout    avg_loss: 0.000000038245  time_per_window : 0.000503   progress : 0.393
name: models.architecture.block_type=cls
training.mode=rollout    avg_loss: 0.000000041124  time_per_window : 0.000511   progress : 0.404
name: models.architecture.block_type=cls
training.mode=rollout    avg_loss: 0.000000037087  time_per_window : 0.000523   progress : 0.415
name: models.architecture.block_type=cls
training.mode=rollout    avg_loss: 0.000000035664  time_per_window : 0.000561   progress : 0.426
name: models.architecture.block_type=cls
training.mode=rollout    avg_loss: 0.000000036540  time_per_window : 0.000559   progress : 0.437
name: models.architecture.block_type=cls
training.mode=rollout    avg_loss: 0.000000038774  time_per_window : 0.000557   progress : 0.448
name: models.architecture.block_type=cls
training.mode=rollout    avg_loss: 0.000000037885  time_per_window : 0.000484   progress : 0.459
name: models.architecture.block_type=cls
training.mode=rollout    avg_loss: 0.000000035078  time_per_window : 0.000550   progress : 0.470
name: models.architecture.block_type=cls
training.mode=rollout    avg_loss: 0.000000035662  time_per_window : 0.000510   progress : 0.481
name: models.architecture.block_type=cls
training.mode=rollout    avg_loss: 0.000000032262  time_per_window : 0.000555   progress : 0.492
name: models.architecture.block_type=cls
training.mode=rollout    avg_loss: 0.000000033824  time_per_window : 0.000556   progress : 0.502
name: models.architecture.block_type=cls
training.mode=rollout    avg_loss: 0.000000032798  time_per_window : 0.000542   progress : 0.513
name: models.architecture.block_type=cls
training.mode=rollout    avg_loss: 0.000000035129  time_per_window : 0.000537   progress : 0.524
name: models.architecture.block_type=cls
training.mode=rollout    avg_loss: 0.000000035205  time_per_window : 0.000557   progress : 0.535
name: models.architecture.block_type=cls
training.mode=rollout    avg_loss: 0.000000032321  time_per_window : 0.000554   progress : 0.546
name: models.architecture.block_type=cls
training.mode=rollout    avg_loss: 0.000000029393  time_per_window : 0.000520   progress : 0.557
name: models.architecture.block_type=cls
training.mode=rollout    avg_loss: 0.000000032012  time_per_window : 0.000557   progress : 0.568
name: models.architecture.block_type=cls
training.mode=rollout    avg_loss: 0.000000027868  time_per_window : 0.000564   progress : 0.579
name: models.architecture.block_type=cls
training.mode=rollout    avg_loss: 0.000000030933  time_per_window : 0.000557   progress : 0.590
name: models.architecture.block_type=cls
training.mode=rollout    avg_loss: 0.000000025927  time_per_window : 0.000555   progress : 0.601
name: models.architecture.block_type=cls
training.mode=rollout    avg_loss: 0.000000031625  time_per_window : 0.000559   progress : 0.612
name: models.architecture.block_type=cls
training.mode=rollout    avg_loss: 0.000000033742  time_per_window : 0.000533   progress : 0.623
name: models.architecture.block_type=cls
training.mode=rollout    avg_loss: 0.000000031608  time_per_window : 0.000546   progress : 0.634
name: models.architecture.block_type=cls
training.mode=rollout    avg_loss: 0.000000027584  time_per_window : 0.000559   progress : 0.644
name: models.architecture.block_type=cls
training.mode=rollout    avg_loss: 0.000000028136  time_per_window : 0.000496   progress : 0.655
name: models.architecture.block_type=cls
training.mode=rollout    avg_loss: 0.000000027305  time_per_window : 0.000577   progress : 0.666
name: models.architecture.block_type=cls
training.mode=rollout    avg_loss: 0.000000030198  time_per_window : 0.000548   progress : 0.677
name: models.architecture.block_type=cls
training.mode=rollout    avg_loss: 0.000000029154  time_per_window : 0.000506   progress : 0.688
name: models.architecture.block_type=cls
training.mode=rollout    avg_loss: 0.000000030021  time_per_window : 0.000561   progress : 0.699
name: models.architecture.block_type=cls
training.mode=rollout    avg_loss: 0.000000029232  time_per_window : 0.000536   progress : 0.710
name: models.architecture.block_type=cls
training.mode=rollout    avg_loss: 0.000000028108  time_per_window : 0.000544   progress : 0.721
name: models.architecture.block_type=cls
training.mode=rollout    avg_loss: 0.000000027978  time_per_window : 0.000555   progress : 0.732
name: models.architecture.block_type=cls
training.mode=rollout    avg_loss: 0.000000033564  time_per_window : 0.000503   progress : 0.743
name: models.architecture.block_type=cls
training.mode=rollout    avg_loss: 0.000000028602  time_per_window : 0.000550   progress : 0.754
name: models.architecture.block_type=cls
training.mode=rollout    avg_loss: 0.000000028029  time_per_window : 0.000538   progress : 0.765
name: models.architecture.block_type=cls
training.mode=rollout    avg_loss: 0.000000025798  time_per_window : 0.000535   progress : 0.775
name: models.architecture.block_type=cls
training.mode=rollout    avg_loss: 0.000000029397  time_per_window : 0.000506   progress : 0.786
name: models.architecture.block_type=cls
training.mode=rollout    avg_loss: 0.000000026966  time_per_window : 0.000549   progress : 0.797
name: models.architecture.block_type=cls
training.mode=rollout    avg_loss: 0.000000025051  time_per_window : 0.000553   progress : 0.808
name: models.architecture.block_type=cls
training.mode=rollout    avg_loss: 0.000000026790  time_per_window : 0.000544   progress : 0.819
name: models.architecture.block_type=cls
training.mode=rollout    avg_loss: 0.000000023628  time_per_window : 0.000525   progress : 0.830
name: models.architecture.block_type=cls
training.mode=rollout    avg_loss: 0.000000029279  time_per_window : 0.000562   progress : 0.841
name: models.architecture.block_type=cls
training.mode=rollout    avg_loss: 0.000000027694  time_per_window : 0.000554   progress : 0.852
name: models.architecture.block_type=cls
training.mode=rollout    avg_loss: 0.000000028142  time_per_window : 0.000539   progress : 0.863
name: models.architecture.block_type=cls
training.mode=rollout    avg_loss: 0.000000025298  time_per_window : 0.000552   progress : 0.874
name: models.architecture.block_type=cls
training.mode=rollout    avg_loss: 0.000000023208  time_per_window : 0.000555   progress : 0.885
name: models.architecture.block_type=cls
training.mode=rollout    avg_loss: 0.000000023359  time_per_window : 0.000555   progress : 0.896
name: models.architecture.block_type=cls
training.mode=rollout    avg_loss: 0.000000025450  time_per_window : 0.000537   progress : 0.907
name: models.architecture.block_type=cls
training.mode=rollout    avg_loss: 0.000000023355  time_per_window : 0.000559   progress : 0.917
name: models.architecture.block_type=cls
training.mode=rollout    avg_loss: 0.000000025395  time_per_window : 0.000562   progress : 0.928
name: models.architecture.block_type=cls
training.mode=rollout    avg_loss: 0.000000027151  time_per_window : 0.000545   progress : 0.939
name: models.architecture.block_type=cls
training.mode=rollout    avg_loss: 0.000000025341  time_per_window : 0.000522   progress : 0.950
name: models.architecture.block_type=cls
training.mode=rollout    avg_loss: 0.000000025167  time_per_window : 0.000547   progress : 0.961
name: models.architecture.block_type=cls
training.mode=rollout    avg_loss: 0.000000025502  time_per_window : 0.000551   progress : 0.972
name: models.architecture.block_type=cls
training.mode=rollout    avg_loss: 0.000000024796  time_per_window : 0.000513   progress : 0.983
name: models.architecture.block_type=cls
training.mode=rollout    avg_loss: 0.000000023706  time_per_window : 0.000535   progress : 0.994
name: models.architecture.block_type=cls
training.mode=rollout    avg_loss: 0.000003736591  time_per_window : 0.000532   progress : 0.011
name: models.architecture.block_type=cls
training.mode=rollout    avg_loss: 0.000000310052  time_per_window : 0.000533   progress : 0.022
name: models.architecture.block_type=cls
training.mode=rollout    avg_loss: 0.000000259181  time_per_window : 0.000554   progress : 0.033
name: models.architecture.block_type=cls
training.mode=rollout    avg_loss: 0.000000239507  time_per_window : 0.000555   progress : 0.044
name: models.architecture.block_type=cls
training.mode=rollout    avg_loss: 0.000000241555  time_per_window : 0.000519   progress : 0.055
name: models.architecture.block_type=cls
training.mode=rollout    avg_loss: 0.000000177289  time_per_window : 0.000548   progress : 0.066
name: models.architecture.block_type=cls
training.mode=rollout    avg_loss: 0.000000227988  time_per_window : 0.000541   progress : 0.076
name: models.architecture.block_type=cls
training.mode=rollout    avg_loss: 0.000000123393  time_per_window : 0.000523   progress : 0.087
name: models.architecture.block_type=cls
training.mode=rollout    avg_loss: 0.000000143752  time_per_window : 0.000560   progress : 0.098
name: models.architecture.block_type=cls
training.mode=rollout    avg_loss: 0.000000151678  time_per_window : 0.000489   progress : 0.109
name: models.architecture.block_type=cls
training.mode=rollout    avg_loss: 0.000000123885  time_per_window : 0.000549   progress : 0.120
name: models.architecture.block_type=cls
training.mode=rollout    avg_loss: 0.000000129203  time_per_window : 0.000535   progress : 0.131
name: models.architecture.block_type=cls
training.mode=rollout    avg_loss: 0.000000110989  time_per_window : 0.000534   progress : 0.142
name: models.architecture.block_type=cls
training.mode=rollout    avg_loss: 0.000000125072  time_per_window : 0.000554   progress : 0.153
name: models.architecture.block_type=cls
training.mode=rollout    avg_loss: 0.000000111309  time_per_window : 0.000503   progress : 0.164
name: models.architecture.block_type=cls
training.mode=rollout    avg_loss: 0.000000096452  time_per_window : 0.000555   progress : 0.175
name: models.architecture.block_type=cls
training.mode=rollout    avg_loss: 0.000000123446  time_per_window : 0.000539   progress : 0.186
name: models.architecture.block_type=cls
training.mode=rollout    avg_loss: 0.000000090654  time_per_window : 0.000555   progress : 0.197
name: models.architecture.block_type=cls
training.mode=rollout    avg_loss: 0.000000102286  time_per_window : 0.000559   progress : 0.208
name: models.architecture.block_type=cls
training.mode=rollout    avg_loss: 0.000000086677  time_per_window : 0.000530   progress : 0.218
name: models.architecture.block_type=cls
training.mode=rollout    avg_loss: 0.000000120647  time_per_window : 0.000557   progress : 0.229
name: models.architecture.block_type=cls
training.mode=rollout    avg_loss: 0.000000101448  time_per_window : 0.000555   progress : 0.240
name: models.architecture.block_type=cls
training.mode=rollout    avg_loss: 0.000000099122  time_per_window : 0.000553   progress : 0.251
name: models.architecture.block_type=cls
training.mode=rollout    avg_loss: 0.000000102447  time_per_window : 0.000515   progress : 0.262
name: models.architecture.block_type=cls
training.mode=rollout    avg_loss: 0.000000116584  time_per_window : 0.000553   progress : 0.273
name: models.architecture.block_type=cls
training.mode=rollout    avg_loss: 0.000000105047  time_per_window : 0.000560   progress : 0.284
name: models.architecture.block_type=cls
training.mode=rollout    avg_loss: 0.000000098091  time_per_window : 0.000535   progress : 0.295
name: models.architecture.block_type=cls
training.mode=rollout    avg_loss: 0.000000099981  time_per_window : 0.000565   progress : 0.306
name: models.architecture.block_type=cls
training.mode=rollout    avg_loss: 0.000000089040  time_per_window : 0.000513   progress : 0.317
name: models.architecture.block_type=cls
training.mode=rollout    avg_loss: 0.000000082723  time_per_window : 0.000552   progress : 0.328
name: models.architecture.block_type=cls
training.mode=rollout    avg_loss: 0.000000096732  time_per_window : 0.000526   progress : 0.339
name: models.architecture.block_type=cls
training.mode=rollout    avg_loss: 0.000000101237  time_per_window : 0.000555   progress : 0.350
name: models.architecture.block_type=cls
training.mode=rollout    avg_loss: 0.000000094412  time_per_window : 0.000554   progress : 0.360
name: models.architecture.block_type=cls
training.mode=rollout    avg_loss: 0.000000080966  time_per_window : 0.000543   progress : 0.371
name: models.architecture.block_type=cls
training.mode=rollout    avg_loss: 0.000000097264  time_per_window : 0.000503   progress : 0.382
name: models.architecture.block_type=cls
training.mode=rollout    avg_loss: 0.000000080736  time_per_window : 0.000556   progress : 0.393
name: models.architecture.block_type=cls
training.mode=rollout    avg_loss: 0.000000094602  time_per_window : 0.000553   progress : 0.404
name: models.architecture.block_type=cls
training.mode=rollout    avg_loss: 0.000000079169  time_per_window : 0.000554   progress : 0.415
name: models.architecture.block_type=cls
training.mode=rollout    avg_loss: 0.000000077809  time_per_window : 0.000558   progress : 0.426
name: models.architecture.block_type=cls
training.mode=rollout    avg_loss: 0.000000064341  time_per_window : 0.000538   progress : 0.437
name: models.architecture.block_type=cls
training.mode=rollout    avg_loss: 0.000000068082  time_per_window : 0.000558   progress : 0.448
name: models.architecture.block_type=cls
training.mode=rollout    avg_loss: 0.000000097756  time_per_window : 0.000536   progress : 0.459
name: models.architecture.block_type=cls
training.mode=rollout    avg_loss: 0.000000064584  time_per_window : 0.000572   progress : 0.470
name: models.architecture.block_type=cls
training.mode=rollout    avg_loss: 0.000000072775  time_per_window : 0.000557   progress : 0.481
name: models.architecture.block_type=cls
training.mode=rollout    avg_loss: 0.000000059602  time_per_window : 0.000540   progress : 0.492
name: models.architecture.block_type=cls
training.mode=rollout    avg_loss: 0.000000070052  time_per_window : 0.000532   progress : 0.502
name: models.architecture.block_type=cls
training.mode=rollout    avg_loss: 0.000000084051  time_per_window : 0.000542   progress : 0.513
name: models.architecture.block_type=cls
training.mode=rollout    avg_loss: 0.000000058847  time_per_window : 0.000529   progress : 0.524
name: models.architecture.block_type=cls
training.mode=rollout    avg_loss: 0.000000075748  time_per_window : 0.000553   progress : 0.535
name: models.architecture.block_type=cls
training.mode=rollout    avg_loss: 0.000000059480  time_per_window : 0.000520   progress : 0.546
name: models.architecture.block_type=cls
training.mode=rollout    avg_loss: 0.000000061339  time_per_window : 0.000520   progress : 0.557
name: models.architecture.block_type=cls
training.mode=rollout    avg_loss: 0.000000064705  time_per_window : 0.000521   progress : 0.568
name: models.architecture.block_type=cls
training.mode=rollout    avg_loss: 0.000000066342  time_per_window : 0.000558   progress : 0.579
name: models.architecture.block_type=cls
training.mode=rollout    avg_loss: 0.000000065170  time_per_window : 0.000508   progress : 0.590
name: models.architecture.block_type=cls
training.mode=rollout    avg_loss: 0.000000069593  time_per_window : 0.000558   progress : 0.601
name: models.architecture.block_type=cls
training.mode=rollout    avg_loss: 0.000000056501  time_per_window : 0.000558   progress : 0.612
name: models.architecture.block_type=cls
training.mode=rollout    avg_loss: 0.000000055422  time_per_window : 0.000553   progress : 0.623
name: models.architecture.block_type=cls
training.mode=rollout    avg_loss: 0.000000052425  time_per_window : 0.000526   progress : 0.634
name: models.architecture.block_type=cls
training.mode=rollout    avg_loss: 0.000000071466  time_per_window : 0.000539   progress : 0.644
name: models.architecture.block_type=cls
training.mode=rollout    avg_loss: 0.000000057934  time_per_window : 0.000525   progress : 0.655
name: models.architecture.block_type=cls
training.mode=rollout    avg_loss: 0.000000049471  time_per_window : 0.000541   progress : 0.666
name: models.architecture.block_type=cls
training.mode=rollout    avg_loss: 0.000000051663  time_per_window : 0.000557   progress : 0.677
name: models.architecture.block_type=cls
training.mode=rollout    avg_loss: 0.000000043828  time_per_window : 0.000521   progress : 0.688
name: models.architecture.block_type=cls
training.mode=rollout    avg_loss: 0.000000048285  time_per_window : 0.000550   progress : 0.699
name: models.architecture.block_type=cls
training.mode=rollout    avg_loss: 0.000000068916  time_per_window : 0.000551   progress : 0.710
name: models.architecture.block_type=cls
training.mode=rollout    avg_loss: 0.000000045720  time_per_window : 0.000537   progress : 0.721
name: models.architecture.block_type=cls
training.mode=rollout    avg_loss: 0.000000050692  time_per_window : 0.000559   progress : 0.732
name: models.architecture.block_type=cls
training.mode=rollout    avg_loss: 0.000000047676  time_per_window : 0.000522   progress : 0.743
name: models.architecture.block_type=cls
training.mode=rollout    avg_loss: 0.000000056203  time_per_window : 0.000534   progress : 0.754
name: models.architecture.block_type=cls
training.mode=rollout    avg_loss: 0.000000057579  time_per_window : 0.000555   progress : 0.765
name: models.architecture.block_type=cls
training.mode=rollout    avg_loss: 0.000000057254  time_per_window : 0.000516   progress : 0.775
name: models.architecture.block_type=cls
training.mode=rollout    avg_loss: 0.000000053763  time_per_window : 0.000531   progress : 0.786
name: models.architecture.block_type=cls
training.mode=rollout    avg_loss: 0.000000043608  time_per_window : 0.000553   progress : 0.797
name: models.architecture.block_type=cls
training.mode=rollout    avg_loss: 0.000000050744  time_per_window : 0.000552   progress : 0.808
name: models.architecture.block_type=cls
training.mode=rollout    avg_loss: 0.000000049500  time_per_window : 0.000533   progress : 0.819
name: models.architecture.block_type=cls
training.mode=rollout    avg_loss: 0.000000048506  time_per_window : 0.000526   progress : 0.830
name: models.architecture.block_type=cls
training.mode=rollout    avg_loss: 0.000000043209  time_per_window : 0.000556   progress : 0.841
name: models.architecture.block_type=cls
training.mode=rollout    avg_loss: 0.000000065207  time_per_window : 0.000553   progress : 0.852
name: models.architecture.block_type=cls
training.mode=rollout    avg_loss: 0.000000039636  time_per_window : 0.000551   progress : 0.863
name: models.architecture.block_type=cls
training.mode=rollout    avg_loss: 0.000000042555  time_per_window : 0.000536   progress : 0.874
name: models.architecture.block_type=cls
training.mode=rollout    avg_loss: 0.000000039928  time_per_window : 0.000563   progress : 0.885
name: models.architecture.block_type=cls
training.mode=rollout    avg_loss: 0.000000048579  time_per_window : 0.000529   progress : 0.896
name: models.architecture.block_type=cls
training.mode=rollout    avg_loss: 0.000000054880  time_per_window : 0.000538   progress : 0.907
name: models.architecture.block_type=cls
training.mode=rollout    avg_loss: 0.000000043997  time_per_window : 0.000559   progress : 0.917
name: models.architecture.block_type=cls
training.mode=rollout    avg_loss: 0.000000045854  time_per_window : 0.000555   progress : 0.928
name: models.architecture.block_type=cls
training.mode=rollout    avg_loss: 0.000000048198  time_per_window : 0.000569   progress : 0.939
name: models.architecture.block_type=cls
training.mode=rollout    avg_loss: 0.000000048857  time_per_window : 0.000530   progress : 0.950
name: models.architecture.block_type=cls
training.mode=rollout    avg_loss: 0.000000044273  time_per_window : 0.000564   progress : 0.961
name: models.architecture.block_type=cls
training.mode=rollout    avg_loss: 0.000000031132  time_per_window : 0.000538   progress : 0.972
name: models.architecture.block_type=cls
training.mode=rollout    avg_loss: 0.000000044949  time_per_window : 0.000557   progress : 0.983
name: models.architecture.block_type=cls
training.mode=rollout    avg_loss: 0.000000037190  time_per_window : 0.000560   progress : 0.994
name: models.architecture.block_type=cls
training.mode=rollout    avg_loss: 0.000015036314  time_per_window : 0.000560   progress : 0.011
name: models.architecture.block_type=cls
training.mode=rollout    avg_loss: 0.000002542123  time_per_window : 0.000521   progress : 0.022
name: models.architecture.block_type=cls
training.mode=rollout    avg_loss: 0.000001921553  time_per_window : 0.000556   progress : 0.033
name: models.architecture.block_type=cls
training.mode=rollout    avg_loss: 0.000001517136  time_per_window : 0.000548   progress : 0.044
name: models.architecture.block_type=cls
training.mode=rollout    avg_loss: 0.000001517057  time_per_window : 0.000536   progress : 0.055
name: models.architecture.block_type=cls
training.mode=rollout    avg_loss: 0.000001193352  time_per_window : 0.000525   progress : 0.066
name: models.architecture.block_type=cls
training.mode=rollout    avg_loss: 0.000001150862  time_per_window : 0.000551   progress : 0.076
name: models.architecture.block_type=cls
training.mode=rollout    avg_loss: 0.000000870352  time_per_window : 0.000559   progress : 0.087
name: models.architecture.block_type=cls
training.mode=rollout    avg_loss: 0.000000929223  time_per_window : 0.000540   progress : 0.098
name: models.architecture.block_type=cls
training.mode=rollout    avg_loss: 0.000000865916  time_per_window : 0.000562   progress : 0.109
name: models.architecture.block_type=cls
training.mode=rollout    avg_loss: 0.000000684720  time_per_window : 0.000551   progress : 0.120
name: models.architecture.block_type=cls
training.mode=rollout    avg_loss: 0.000000606762  time_per_window : 0.000540   progress : 0.131
name: models.architecture.block_type=cls
training.mode=rollout    avg_loss: 0.000000683483  time_per_window : 0.000527   progress : 0.142
name: models.architecture.block_type=cls
training.mode=rollout    avg_loss: 0.000000418440  time_per_window : 0.000555   progress : 0.153
name: models.architecture.block_type=cls
training.mode=rollout    avg_loss: 0.000000636234  time_per_window : 0.000550   progress : 0.164
name: models.architecture.block_type=cls
training.mode=rollout    avg_loss: 0.000000529254  time_per_window : 0.000552   progress : 0.175
name: models.architecture.block_type=cls
training.mode=rollout    avg_loss: 0.000000399594  time_per_window : 0.000557   progress : 0.186
name: models.architecture.block_type=cls
training.mode=rollout    avg_loss: 0.000000474576  time_per_window : 0.000527   progress : 0.197
name: models.architecture.block_type=cls
training.mode=rollout    avg_loss: 0.000000421254  time_per_window : 0.000562   progress : 0.208
name: models.architecture.block_type=cls
training.mode=rollout    avg_loss: 0.000000384603  time_per_window : 0.000521   progress : 0.218
name: models.architecture.block_type=cls
training.mode=rollout    avg_loss: 0.000000519563  time_per_window : 0.000553   progress : 0.229
name: models.architecture.block_type=cls
training.mode=rollout    avg_loss: 0.000000307626  time_per_window : 0.000554   progress : 0.240
name: models.architecture.block_type=cls
training.mode=rollout    avg_loss: 0.000000425268  time_per_window : 0.000528   progress : 0.251
name: models.architecture.block_type=cls
training.mode=rollout    avg_loss: 0.000000340344  time_per_window : 0.000530   progress : 0.262
name: models.architecture.block_type=cls
training.mode=rollout    avg_loss: 0.000000425586  time_per_window : 0.000391   progress : 0.273
name: models.architecture.block_type=cls
training.mode=rollout    avg_loss: 0.000000351494  time_per_window : 0.000551   progress : 0.284
name: models.architecture.block_type=cls
training.mode=rollout    avg_loss: 0.000000465729  time_per_window : 0.000569   progress : 0.295
name: models.architecture.block_type=cls
training.mode=rollout    avg_loss: 0.000000420654  time_per_window : 0.000546   progress : 0.306
name: models.architecture.block_type=cls
training.mode=rollout    avg_loss: 0.000000368584  time_per_window : 0.000531   progress : 0.317
name: models.architecture.block_type=cls
training.mode=rollout    avg_loss: 0.000000456882  time_per_window : 0.000544   progress : 0.328
name: models.architecture.block_type=cls
training.mode=rollout    avg_loss: 0.000000354367  time_per_window : 0.000549   progress : 0.339
name: models.architecture.block_type=cls
training.mode=rollout    avg_loss: 0.000000349039  time_per_window : 0.000549   progress : 0.350
name: models.architecture.block_type=cls
training.mode=rollout    avg_loss: 0.000000417544  time_per_window : 0.000551   progress : 0.360
name: models.architecture.block_type=cls
training.mode=rollout    avg_loss: 0.000000322216  time_per_window : 0.000548   progress : 0.371
name: models.architecture.block_type=cls
training.mode=rollout    avg_loss: 0.000000318401  time_per_window : 0.000551   progress : 0.382
name: models.architecture.block_type=cls
training.mode=rollout    avg_loss: 0.000000436685  time_per_window : 0.000526   progress : 0.393
name: models.architecture.block_type=cls
training.mode=rollout    avg_loss: 0.000000281205  time_per_window : 0.000493   progress : 0.404
name: models.architecture.block_type=cls
training.mode=rollout    avg_loss: 0.000000403440  time_per_window : 0.000524   progress : 0.415
name: models.architecture.block_type=cls
training.mode=rollout    avg_loss: 0.000000341383  time_per_window : 0.000545   progress : 0.426
name: models.architecture.block_type=cls
training.mode=rollout    avg_loss: 0.000000423808  time_per_window : 0.000548   progress : 0.437
name: models.architecture.block_type=cls
training.mode=rollout    avg_loss: 0.000000343550  time_per_window : 0.000549   progress : 0.448
name: models.architecture.block_type=cls
training.mode=rollout    avg_loss: 0.000000364879  time_per_window : 0.000542   progress : 0.459
name: models.architecture.block_type=cls
training.mode=rollout    avg_loss: 0.000000318389  time_per_window : 0.000519   progress : 0.470
name: models.architecture.block_type=cls
training.mode=rollout    avg_loss: 0.000000349006  time_per_window : 0.000553   progress : 0.481
name: models.architecture.block_type=cls
training.mode=rollout    avg_loss: 0.000000366375  time_per_window : 0.000540   progress : 0.492
name: models.architecture.block_type=cls
training.mode=rollout    avg_loss: 0.000000275843  time_per_window : 0.000521   progress : 0.502
name: models.architecture.block_type=cls
training.mode=rollout    avg_loss: 0.000000323897  time_per_window : 0.000555   progress : 0.513
name: models.architecture.block_type=cls
training.mode=rollout    avg_loss: 0.000000387876  time_per_window : 0.000545   progress : 0.524
name: models.architecture.block_type=cls
training.mode=rollout    avg_loss: 0.000000341457  time_per_window : 0.000525   progress : 0.535
name: models.architecture.block_type=cls
training.mode=rollout    avg_loss: 0.000000355911  time_per_window : 0.000538   progress : 0.546
name: models.architecture.block_type=cls
training.mode=rollout    avg_loss: 0.000000293316  time_per_window : 0.000539   progress : 0.557
name: models.architecture.block_type=cls
training.mode=rollout    avg_loss: 0.000000273855  time_per_window : 0.000546   progress : 0.568
name: models.architecture.block_type=cls
training.mode=rollout    avg_loss: 0.000000292412  time_per_window : 0.000498   progress : 0.579
name: models.architecture.block_type=cls
training.mode=rollout    avg_loss: 0.000000352481  time_per_window : 0.000553   progress : 0.590
name: models.architecture.block_type=cls
training.mode=rollout    avg_loss: 0.000000319051  time_per_window : 0.000550   progress : 0.601
name: models.architecture.block_type=cls
training.mode=rollout    avg_loss: 0.000000389887  time_per_window : 0.000548   progress : 0.612
name: models.architecture.block_type=cls
training.mode=rollout    avg_loss: 0.000000404697  time_per_window : 0.000548   progress : 0.623
name: models.architecture.block_type=cls
training.mode=rollout    avg_loss: 0.000000317444  time_per_window : 0.000518   progress : 0.634
name: models.architecture.block_type=cls
training.mode=rollout    avg_loss: 0.000000287138  time_per_window : 0.000507   progress : 0.644
name: models.architecture.block_type=cls
training.mode=rollout    avg_loss: 0.000000261521  time_per_window : 0.000520   progress : 0.655
name: models.architecture.block_type=cls
training.mode=rollout    avg_loss: 0.000000354365  time_per_window : 0.000541   progress : 0.666
name: models.architecture.block_type=cls
training.mode=rollout    avg_loss: 0.000000490779  time_per_window : 0.000547   progress : 0.677
name: models.architecture.block_type=cls
training.mode=rollout    avg_loss: 0.000000291584  time_per_window : 0.000543   progress : 0.688
name: models.architecture.block_type=cls
training.mode=rollout    avg_loss: 0.000000381167  time_per_window : 0.000529   progress : 0.699
name: models.architecture.block_type=cls
training.mode=rollout    avg_loss: 0.000000352795  time_per_window : 0.000506   progress : 0.710
name: models.architecture.block_type=cls
training.mode=rollout    avg_loss: 0.000000302976  time_per_window : 0.000532   progress : 0.721
name: models.architecture.block_type=cls
training.mode=rollout    avg_loss: 0.000000302451  time_per_window : 0.000538   progress : 0.732
name: models.architecture.block_type=cls
training.mode=rollout    avg_loss: 0.000000327487  time_per_window : 0.000513   progress : 0.743
name: models.architecture.block_type=cls
training.mode=rollout    avg_loss: 0.000000282193  time_per_window : 0.000511   progress : 0.754
name: models.architecture.block_type=cls
training.mode=rollout    avg_loss: 0.000000319995  time_per_window : 0.000516   progress : 0.765
name: models.architecture.block_type=cls
training.mode=rollout    avg_loss: 0.000000305702  time_per_window : 0.000552   progress : 0.775
name: models.architecture.block_type=cls
training.mode=rollout    avg_loss: 0.000000324320  time_per_window : 0.000531   progress : 0.786
name: models.architecture.block_type=cls
training.mode=rollout    avg_loss: 0.000000300137  time_per_window : 0.000543   progress : 0.797
name: models.architecture.block_type=cls
training.mode=rollout    avg_loss: 0.000000389049  time_per_window : 0.000525   progress : 0.808
name: models.architecture.block_type=cls
training.mode=rollout    avg_loss: 0.000000250448  time_per_window : 0.000549   progress : 0.819
name: models.architecture.block_type=cls
training.mode=rollout    avg_loss: 0.000000227816  time_per_window : 0.000550   progress : 0.830
name: models.architecture.block_type=cls
training.mode=rollout    avg_loss: 0.000000374863  time_per_window : 0.000511   progress : 0.841
name: models.architecture.block_type=cls
training.mode=rollout    avg_loss: 0.000000236515  time_per_window : 0.000543   progress : 0.852
name: models.architecture.block_type=cls
training.mode=rollout    avg_loss: 0.000000312318  time_per_window : 0.000547   progress : 0.863
name: models.architecture.block_type=cls
training.mode=rollout    avg_loss: 0.000000322530  time_per_window : 0.000503   progress : 0.874
name: models.architecture.block_type=cls
training.mode=rollout    avg_loss: 0.000000274036  time_per_window : 0.000554   progress : 0.885
name: models.architecture.block_type=cls
training.mode=rollout    avg_loss: 0.000000321612  time_per_window : 0.000547   progress : 0.896
name: models.architecture.block_type=cls
training.mode=rollout    avg_loss: 0.000000320335  time_per_window : 0.000546   progress : 0.907
name: models.architecture.block_type=cls
training.mode=rollout    avg_loss: 0.000000276509  time_per_window : 0.000550   progress : 0.917
name: models.architecture.block_type=cls
training.mode=rollout    avg_loss: 0.000000320020  time_per_window : 0.000548   progress : 0.928
name: models.architecture.block_type=cls
training.mode=rollout    avg_loss: 0.000000265510  time_per_window : 0.000540   progress : 0.939
name: models.architecture.block_type=cls
training.mode=rollout    avg_loss: 0.000000285886  time_per_window : 0.000555   progress : 0.950
name: models.architecture.block_type=cls
training.mode=rollout    avg_loss: 0.000000273723  time_per_window : 0.000511   progress : 0.961
name: models.architecture.block_type=cls
training.mode=rollout    avg_loss: 0.000000225391  time_per_window : 0.000558   progress : 0.972
name: models.architecture.block_type=cls
training.mode=rollout    avg_loss: 0.000000272754  time_per_window : 0.000548   progress : 0.983
name: models.architecture.block_type=cls
training.mode=rollout    avg_loss: 0.000000253539  time_per_window : 0.000530   progress : 0.994
name: models.architecture.block_type=cls
training.mode=rollout    avg_loss: 0.000001152015  time_per_window : 0.000555   progress : 0.011
name: models.architecture.block_type=cls
training.mode=rollout    avg_loss: 0.000000402871  time_per_window : 0.000552   progress : 0.022
name: models.architecture.block_type=cls
training.mode=rollout    avg_loss: 0.000000459130  time_per_window : 0.000546   progress : 0.033
name: models.architecture.block_type=cls
training.mode=rollout    avg_loss: 0.000000344532  time_per_window : 0.000550   progress : 0.044
name: models.architecture.block_type=cls
training.mode=rollout    avg_loss: 0.000000391578  time_per_window : 0.000517   progress : 0.055
name: models.architecture.block_type=cls
training.mode=rollout    avg_loss: 0.000000417814  time_per_window : 0.000551   progress : 0.066
name: models.architecture.block_type=cls
training.mode=rollout    avg_loss: 0.000000595397  time_per_window : 0.000500   progress : 0.076
name: models.architecture.block_type=cls
training.mode=rollout    avg_loss: 0.000000352569  time_per_window : 0.000503   progress : 0.087
name: models.architecture.block_type=cls
training.mode=rollout    avg_loss: 0.000000297659  time_per_window : 0.000474   progress : 0.098
name: models.architecture.block_type=cls
training.mode=rollout    avg_loss: 0.000000379536  time_per_window : 0.000508   progress : 0.109
name: models.architecture.block_type=cls
training.mode=rollout    avg_loss: 0.000000280022  time_per_window : 0.000503   progress : 0.120
name: models.architecture.block_type=cls
training.mode=rollout    avg_loss: 0.000000351523  time_per_window : 0.000546   progress : 0.131
name: models.architecture.block_type=cls
training.mode=rollout    avg_loss: 0.000000367037  time_per_window : 0.000497   progress : 0.142
name: models.architecture.block_type=cls
training.mode=rollout    avg_loss: 0.000000362704  time_per_window : 0.000525   progress : 0.153
name: models.architecture.block_type=cls
training.mode=rollout    avg_loss: 0.000000319775  time_per_window : 0.000533   progress : 0.164
name: models.architecture.block_type=cls
training.mode=rollout    avg_loss: 0.000000299537  time_per_window : 0.000518   progress : 0.175
name: models.architecture.block_type=cls
training.mode=rollout    avg_loss: 0.000000365648  time_per_window : 0.000508   progress : 0.186
name: models.architecture.block_type=cls
training.mode=rollout    avg_loss: 0.000000448030  time_per_window : 0.000495   progress : 0.197
name: models.architecture.block_type=cls
training.mode=rollout    avg_loss: 0.000000318706  time_per_window : 0.000527   progress : 0.208
name: models.architecture.block_type=cls
training.mode=rollout    avg_loss: 0.000000396483  time_per_window : 0.000492   progress : 0.218
name: models.architecture.block_type=cls
training.mode=rollout    avg_loss: 0.000000339715  time_per_window : 0.000485   progress : 0.229
name: models.architecture.block_type=cls
training.mode=rollout    avg_loss: 0.000000268984  time_per_window : 0.000502   progress : 0.240
name: models.architecture.block_type=cls
training.mode=rollout    avg_loss: 0.000000313875  time_per_window : 0.000518   progress : 0.251
name: models.architecture.block_type=cls
training.mode=rollout    avg_loss: 0.000000307465  time_per_window : 0.000539   progress : 0.262
name: models.architecture.block_type=cls
training.mode=rollout    avg_loss: 0.000000250002  time_per_window : 0.000503   progress : 0.273
name: models.architecture.block_type=cls
training.mode=rollout    avg_loss: 0.000000354062  time_per_window : 0.000507   progress : 0.284
name: models.architecture.block_type=cls
training.mode=rollout    avg_loss: 0.000000394610  time_per_window : 0.000479   progress : 0.295
name: models.architecture.block_type=cls
training.mode=rollout    avg_loss: 0.000000315517  time_per_window : 0.000487   progress : 0.306
name: models.architecture.block_type=cls
training.mode=rollout    avg_loss: 0.000000258070  time_per_window : 0.000530   progress : 0.317
name: models.architecture.block_type=cls
training.mode=rollout    avg_loss: 0.000000306245  time_per_window : 0.000497   progress : 0.328
name: models.architecture.block_type=cls
training.mode=rollout    avg_loss: 0.000000292543  time_per_window : 0.000448   progress : 0.339
name: models.architecture.block_type=cls
training.mode=rollout    avg_loss: 0.000000357563  time_per_window : 0.000337   progress : 0.350
name: models.architecture.block_type=cls
training.mode=rollout    avg_loss: 0.000000313173  time_per_window : 0.000536   progress : 0.360
name: models.architecture.block_type=cls
training.mode=rollout    avg_loss: 0.000000330731  time_per_window : 0.000496   progress : 0.371
name: models.architecture.block_type=cls
training.mode=rollout    avg_loss: 0.000000294622  time_per_window : 0.000453   progress : 0.382
name: models.architecture.block_type=cls
training.mode=rollout    avg_loss: 0.000000317427  time_per_window : 0.000491   progress : 0.393
name: models.architecture.block_type=cls
training.mode=rollout    avg_loss: 0.000000307981  time_per_window : 0.000516   progress : 0.404
name: models.architecture.block_type=cls
training.mode=rollout    avg_loss: 0.000000503344  time_per_window : 0.000445   progress : 0.415
name: models.architecture.block_type=cls
training.mode=rollout    avg_loss: 0.000000232847  time_per_window : 0.000513   progress : 0.426
name: models.architecture.block_type=cls
training.mode=rollout    avg_loss: 0.000000338894  time_per_window : 0.000551   progress : 0.437
name: models.architecture.block_type=cls
training.mode=rollout    avg_loss: 0.000000375188  time_per_window : 0.000497   progress : 0.448
name: models.architecture.block_type=cls
training.mode=rollout    avg_loss: 0.000000294445  time_per_window : 0.000529   progress : 0.459
name: models.architecture.block_type=cls
training.mode=rollout    avg_loss: 0.000000322721  time_per_window : 0.000502   progress : 0.470
name: models.architecture.block_type=cls
training.mode=rollout    avg_loss: 0.000000306248  time_per_window : 0.000496   progress : 0.481
name: models.architecture.block_type=cls
training.mode=rollout    avg_loss: 0.000000306262  time_per_window : 0.000514   progress : 0.492
name: models.architecture.block_type=cls
training.mode=rollout    avg_loss: 0.000000266744  time_per_window : 0.000534   progress : 0.502
name: models.architecture.block_type=cls
training.mode=rollout    avg_loss: 0.000000440727  time_per_window : 0.000544   progress : 0.513
name: models.architecture.block_type=cls
training.mode=rollout    avg_loss: 0.000000278029  time_per_window : 0.000539   progress : 0.524
name: models.architecture.block_type=cls
training.mode=rollout    avg_loss: 0.000000273349  time_per_window : 0.000504   progress : 0.535
name: models.architecture.block_type=cls
training.mode=rollout    avg_loss: 0.000000313471  time_per_window : 0.000512   progress : 0.546
name: models.architecture.block_type=cls
training.mode=rollout    avg_loss: 0.000000199310  time_per_window : 0.000534   progress : 0.557
name: models.architecture.block_type=cls
training.mode=rollout    avg_loss: 0.000000263887  time_per_window : 0.000554   progress : 0.568
name: models.architecture.block_type=cls
training.mode=rollout    avg_loss: 0.000000272186  time_per_window : 0.000513   progress : 0.579
name: models.architecture.block_type=cls
training.mode=rollout    avg_loss: 0.000000285495  time_per_window : 0.000451   progress : 0.590
name: models.architecture.block_type=cls
training.mode=rollout    avg_loss: 0.000000337960  time_per_window : 0.000518   progress : 0.601
name: models.architecture.block_type=cls
training.mode=rollout    avg_loss: 0.000000314355  time_per_window : 0.000509   progress : 0.612
name: models.architecture.block_type=cls
training.mode=rollout    avg_loss: 0.000000240764  time_per_window : 0.000475   progress : 0.623
name: models.architecture.block_type=cls
training.mode=rollout    avg_loss: 0.000000194149  time_per_window : 0.000512   progress : 0.634
name: models.architecture.block_type=cls
training.mode=rollout    avg_loss: 0.000000199799  time_per_window : 0.000484   progress : 0.644
name: models.architecture.block_type=cls
training.mode=rollout    avg_loss: 0.000000261667  time_per_window : 0.000485   progress : 0.655
name: models.architecture.block_type=cls
training.mode=rollout    avg_loss: 0.000000228807  time_per_window : 0.000504   progress : 0.666
name: models.architecture.block_type=cls
training.mode=rollout    avg_loss: 0.000000336637  time_per_window : 0.000523   progress : 0.677
name: models.architecture.block_type=cls
training.mode=rollout    avg_loss: 0.000000233808  time_per_window : 0.000500   progress : 0.688
name: models.architecture.block_type=cls
training.mode=rollout    avg_loss: 0.000000302727  time_per_window : 0.000508   progress : 0.699
name: models.architecture.block_type=cls
training.mode=rollout    avg_loss: 0.000000234878  time_per_window : 0.000467   progress : 0.710
name: models.architecture.block_type=cls
training.mode=rollout    avg_loss: 0.000000241721  time_per_window : 0.000491   progress : 0.721
name: models.architecture.block_type=cls
training.mode=rollout    avg_loss: 0.000000542349  time_per_window : 0.000505   progress : 0.732
name: models.architecture.block_type=cls
training.mode=rollout    avg_loss: 0.000000196520  time_per_window : 0.000527   progress : 0.743
name: models.architecture.block_type=cls
training.mode=rollout    avg_loss: 0.000000205729  time_per_window : 0.000546   progress : 0.754
name: models.architecture.block_type=cls
training.mode=rollout    avg_loss: 0.000000195096  time_per_window : 0.000536   progress : 0.765
name: models.architecture.block_type=cls
training.mode=rollout    avg_loss: 0.000000145310  time_per_window : 0.000489   progress : 0.775
name: models.architecture.block_type=cls
training.mode=rollout    avg_loss: 0.000000273107  time_per_window : 0.000483   progress : 0.786
name: models.architecture.block_type=cls
training.mode=rollout    avg_loss: 0.000000169552  time_per_window : 0.000500   progress : 0.797
name: models.architecture.block_type=cls
training.mode=rollout    avg_loss: 0.000000193302  time_per_window : 0.000503   progress : 0.808
name: models.architecture.block_type=cls
training.mode=rollout    avg_loss: 0.000000195355  time_per_window : 0.000504   progress : 0.819
name: models.architecture.block_type=cls
training.mode=rollout    avg_loss: 0.000000243050  time_per_window : 0.000507   progress : 0.830
name: models.architecture.block_type=cls
training.mode=rollout    avg_loss: 0.000000216801  time_per_window : 0.000500   progress : 0.841
name: models.architecture.block_type=cls
training.mode=rollout    avg_loss: 0.000000407054  time_per_window : 0.000511   progress : 0.852
name: models.architecture.block_type=cls
training.mode=rollout    avg_loss: 0.000000204125  time_per_window : 0.000447   progress : 0.863
name: models.architecture.block_type=cls
training.mode=rollout    avg_loss: 0.000000186451  time_per_window : 0.000500   progress : 0.874
name: models.architecture.block_type=cls
training.mode=rollout    avg_loss: 0.000000224272  time_per_window : 0.000463   progress : 0.885
name: models.architecture.block_type=cls
training.mode=rollout    avg_loss: 0.000000381643  time_per_window : 0.000494   progress : 0.896
name: models.architecture.block_type=cls
training.mode=rollout    avg_loss: 0.000000172281  time_per_window : 0.000475   progress : 0.907
name: models.architecture.block_type=cls
training.mode=rollout    avg_loss: 0.000000157127  time_per_window : 0.000555   progress : 0.917
name: models.architecture.block_type=cls
training.mode=rollout    avg_loss: 0.000000299240  time_per_window : 0.000531   progress : 0.928
name: models.architecture.block_type=cls
training.mode=rollout    avg_loss: 0.000000234946  time_per_window : 0.000531   progress : 0.939
name: models.architecture.block_type=cls
training.mode=rollout    avg_loss: 0.000000182176  time_per_window : 0.000480   progress : 0.950
name: models.architecture.block_type=cls
training.mode=rollout    avg_loss: 0.000000191887  time_per_window : 0.000520   progress : 0.961
name: models.architecture.block_type=cls
training.mode=rollout    avg_loss: 0.000000130827  time_per_window : 0.000520   progress : 0.972
name: models.architecture.block_type=cls
training.mode=rollout    avg_loss: 0.000000236310  time_per_window : 0.000525   progress : 0.983
name: models.architecture.block_type=cls
training.mode=rollout    avg_loss: 0.000000221883  time_per_window : 0.000495   progress : 0.994
DONE!!!
