/media/egghead/Scratch/joey/Thesis/mavenv/lib/python3.11/site-packages/hydra/_internal/defaults_list.py:251: UserWarning: In 'config': Defaults list is missing `_self_`. See https://hydra.cc/docs/1.2/upgrades/1.0_to_1.1/default_composition_order for more information
  warnings.warn(msg, UserWarning)
Using cuda device
[2026-07-23 11:51:39,405][HYDRA] Joblib.Parallel(n_jobs=4,backend=loky,prefer=processes,require=None,verbose=0,timeout=None,pre_dispatch=2*n_jobs,batch_size=auto,temp_folder=None,max_nbytes=None,mmap_mode=r) is launching 1 jobs
[2026-07-23 11:51:39,405][HYDRA] Launching jobs, sweep output dir : ablation_runs/2026-07-23_10-47-09/simple_cls_block_gml
[2026-07-23 11:51:39,405][HYDRA] 	#0 : models.architecture.block_type=simple_cls training.mode=gml_rollout
/media/egghead/Scratch/joey/Thesis/mavenv/lib/python3.11/site-packages/hydra/_internal/defaults_list.py:251: UserWarning: In 'config': Defaults list is missing `_self_`. See https://hydra.cc/docs/1.2/upgrades/1.0_to_1.1/default_composition_order for more information
  warnings.warn(msg, UserWarning)
models:
  n_dim: 23
  out_dim: 10
  architecture:
    d_model: 128
    n_encoder_layers: 2
    n_decoder_layers: 0
    block_type: simple_cls
    time_adapter: last_token
    in_norm: none
    out_norm: none
    layer_scale: 0.0001
    drop_path: 0.05
    mamba_type: mamba
    mamba_kwargs:
      d_state: 16
      d_conv: 2
      expand: 2
      norm: rms
    skip: false
    cls_kwargs:
      n_heads: 2
      n_mlp: 2
      positional_encoding: false
      max_len: 5000
input_len: 32
output_len: 1
batch_size: 128
epochs: 5
seed: 0
dataset:
  path: /media/egghead/Scratch/joey/simulation_data/patient_one_data.zarr/
  training_size: 1500000
evaluation:
  path: /media/egghead/Scratch/joey/simulation_data/patient_two_data.zarr/
  evaluation_size: 50
training:
  mode: gml_rollout
  lr: 0.0002
  weight_decay: 0.1
  rollout_steps: 16
checkpoint:
  save_path: hydra-test.pth
  load: false
  path: hydra-test.pth
compile: true

/media/egghead/Scratch/joey/Thesis/mavenv/lib/python3.11/site-packages/torch/_inductor/cudagraph_trees.py:2622: UserWarning: Unable to hit fast path of CUDAGraphs because outputs from a previous step still require backward. Ensure backward() is invoked or detach outputs. You may also call torch.compiler.cudagraph_mark_step_begin() before each model invocation.
  warnings.warn(
name: models.architecture.block_type=simple_cls
training.mode=gml_rollout    avg_loss: 0.000049075727  time_per_window : 0.000369   progress : 0.011
name: models.architecture.block_type=simple_cls
training.mode=gml_rollout    avg_loss: 0.000000436160  time_per_window : 0.000320   progress : 0.022
name: models.architecture.block_type=simple_cls
training.mode=gml_rollout    avg_loss: 0.000000265521  time_per_window : 0.000351   progress : 0.033
name: models.architecture.block_type=simple_cls
training.mode=gml_rollout    avg_loss: 0.000000198113  time_per_window : 0.000425   progress : 0.044
name: models.architecture.block_type=simple_cls
training.mode=gml_rollout    avg_loss: 0.000000164525  time_per_window : 0.000366   progress : 0.055
name: models.architecture.block_type=simple_cls
training.mode=gml_rollout    avg_loss: 0.000000135602  time_per_window : 0.000334   progress : 0.066
name: models.architecture.block_type=simple_cls
training.mode=gml_rollout    avg_loss: 0.000000125176  time_per_window : 0.000368   progress : 0.076
name: models.architecture.block_type=simple_cls
training.mode=gml_rollout    avg_loss: 0.000000113340  time_per_window : 0.000274   progress : 0.087
name: models.architecture.block_type=simple_cls
training.mode=gml_rollout    avg_loss: 0.000000098675  time_per_window : 0.000361   progress : 0.098
name: models.architecture.block_type=simple_cls
training.mode=gml_rollout    avg_loss: 0.000000092943  time_per_window : 0.000393   progress : 0.109
name: models.architecture.block_type=simple_cls
training.mode=gml_rollout    avg_loss: 0.000000091375  time_per_window : 0.000347   progress : 0.120
name: models.architecture.block_type=simple_cls
training.mode=gml_rollout    avg_loss: 0.000000091644  time_per_window : 0.000359   progress : 0.131
name: models.architecture.block_type=simple_cls
training.mode=gml_rollout    avg_loss: 0.000000081729  time_per_window : 0.000342   progress : 0.142
name: models.architecture.block_type=simple_cls
training.mode=gml_rollout    avg_loss: 0.000000092110  time_per_window : 0.000325   progress : 0.153
name: models.architecture.block_type=simple_cls
training.mode=gml_rollout    avg_loss: 0.000000133859  time_per_window : 0.000276   progress : 0.164
name: models.architecture.block_type=simple_cls
training.mode=gml_rollout    avg_loss: 0.000000110157  time_per_window : 0.000380   progress : 0.175
name: models.architecture.block_type=simple_cls
training.mode=gml_rollout    avg_loss: 0.000000098984  time_per_window : 0.000398   progress : 0.186
name: models.architecture.block_type=simple_cls
training.mode=gml_rollout    avg_loss: 0.000000129349  time_per_window : 0.000349   progress : 0.197
name: models.architecture.block_type=simple_cls
training.mode=gml_rollout    avg_loss: 0.000000092551  time_per_window : 0.000325   progress : 0.208
name: models.architecture.block_type=simple_cls
training.mode=gml_rollout    avg_loss: 0.000000120554  time_per_window : 0.000332   progress : 0.218
name: models.architecture.block_type=simple_cls
training.mode=gml_rollout    avg_loss: 0.000000134468  time_per_window : 0.000355   progress : 0.229
name: models.architecture.block_type=simple_cls
training.mode=gml_rollout    avg_loss: 0.000000092525  time_per_window : 0.000338   progress : 0.240
name: models.architecture.block_type=simple_cls
training.mode=gml_rollout    avg_loss: 0.000000105419  time_per_window : 0.000329   progress : 0.251
name: models.architecture.block_type=simple_cls
training.mode=gml_rollout    avg_loss: 0.000000112265  time_per_window : 0.000363   progress : 0.262
name: models.architecture.block_type=simple_cls
training.mode=gml_rollout    avg_loss: 0.000000143747  time_per_window : 0.000389   progress : 0.273
name: models.architecture.block_type=simple_cls
training.mode=gml_rollout    avg_loss: 0.000000088484  time_per_window : 0.000332   progress : 0.284
name: models.architecture.block_type=simple_cls
training.mode=gml_rollout    avg_loss: 0.000000111428  time_per_window : 0.000348   progress : 0.295
name: models.architecture.block_type=simple_cls
training.mode=gml_rollout    avg_loss: 0.000000101749  time_per_window : 0.000313   progress : 0.306
name: models.architecture.block_type=simple_cls
training.mode=gml_rollout    avg_loss: 0.000000106298  time_per_window : 0.000306   progress : 0.317
name: models.architecture.block_type=simple_cls
training.mode=gml_rollout    avg_loss: 0.000000098228  time_per_window : 0.000366   progress : 0.328
name: models.architecture.block_type=simple_cls
training.mode=gml_rollout    avg_loss: 0.000000129602  time_per_window : 0.000373   progress : 0.339
name: models.architecture.block_type=simple_cls
training.mode=gml_rollout    avg_loss: 0.000000081800  time_per_window : 0.000367   progress : 0.350
name: models.architecture.block_type=simple_cls
training.mode=gml_rollout    avg_loss: 0.000000114280  time_per_window : 0.000315   progress : 0.360
name: models.architecture.block_type=simple_cls
training.mode=gml_rollout    avg_loss: 0.000000090381  time_per_window : 0.000328   progress : 0.371
name: models.architecture.block_type=simple_cls
training.mode=gml_rollout    avg_loss: 0.000000113681  time_per_window : 0.000357   progress : 0.382
name: models.architecture.block_type=simple_cls
training.mode=gml_rollout    avg_loss: 0.000000110945  time_per_window : 0.000327   progress : 0.393
name: models.architecture.block_type=simple_cls
training.mode=gml_rollout    avg_loss: 0.000000085008  time_per_window : 0.000322   progress : 0.404
name: models.architecture.block_type=simple_cls
training.mode=gml_rollout    avg_loss: 0.000000102516  time_per_window : 0.000342   progress : 0.415
name: models.architecture.block_type=simple_cls
training.mode=gml_rollout    avg_loss: 0.000000085861  time_per_window : 0.000338   progress : 0.426
name: models.architecture.block_type=simple_cls
training.mode=gml_rollout    avg_loss: 0.000000091947  time_per_window : 0.000339   progress : 0.437
name: models.architecture.block_type=simple_cls
training.mode=gml_rollout    avg_loss: 0.000000096415  time_per_window : 0.000370   progress : 0.448
name: models.architecture.block_type=simple_cls
training.mode=gml_rollout    avg_loss: 0.000000085893  time_per_window : 0.000322   progress : 0.459
name: models.architecture.block_type=simple_cls
training.mode=gml_rollout    avg_loss: 0.000000083508  time_per_window : 0.000329   progress : 0.470
name: models.architecture.block_type=simple_cls
training.mode=gml_rollout    avg_loss: 0.000000099266  time_per_window : 0.000366   progress : 0.481
name: models.architecture.block_type=simple_cls
training.mode=gml_rollout    avg_loss: 0.000000098630  time_per_window : 0.000359   progress : 0.492
name: models.architecture.block_type=simple_cls
training.mode=gml_rollout    avg_loss: 0.000000078236  time_per_window : 0.000321   progress : 0.502
name: models.architecture.block_type=simple_cls
training.mode=gml_rollout    avg_loss: 0.000000082300  time_per_window : 0.000328   progress : 0.513
name: models.architecture.block_type=simple_cls
training.mode=gml_rollout    avg_loss: 0.000000089437  time_per_window : 0.000295   progress : 0.524
name: models.architecture.block_type=simple_cls
training.mode=gml_rollout    avg_loss: 0.000000074132  time_per_window : 0.000361   progress : 0.535
name: models.architecture.block_type=simple_cls
training.mode=gml_rollout    avg_loss: 0.000000085992  time_per_window : 0.000364   progress : 0.546
name: models.architecture.block_type=simple_cls
training.mode=gml_rollout    avg_loss: 0.000000075776  time_per_window : 0.000360   progress : 0.557
name: models.architecture.block_type=simple_cls
training.mode=gml_rollout    avg_loss: 0.000000079943  time_per_window : 0.000360   progress : 0.568
name: models.architecture.block_type=simple_cls
training.mode=gml_rollout    avg_loss: 0.000000075722  time_per_window : 0.000366   progress : 0.579
name: models.architecture.block_type=simple_cls
training.mode=gml_rollout    avg_loss: 0.000000071651  time_per_window : 0.000304   progress : 0.590
name: models.architecture.block_type=simple_cls
training.mode=gml_rollout    avg_loss: 0.000000068620  time_per_window : 0.000333   progress : 0.601/media/egghead/Scratch/joey/Thesis/mavenv/lib/python3.11/site-packages/torch/_inductor/cudagraph_trees.py:2622: UserWarning: Unable to hit fast path of CUDAGraphs because outputs from a previous step still require backward. Ensure backward() is invoked or detach outputs. You may also call torch.compiler.cudagraph_mark_step_begin() before each model invocation.
  warnings.warn(
/media/egghead/Scratch/joey/Thesis/mavenv/lib/python3.11/site-packages/torch/_inductor/cudagraph_trees.py:2622: UserWarning: Unable to hit fast path of CUDAGraphs because outputs from a previous step still require backward. Ensure backward() is invoked or detach outputs. You may also call torch.compiler.cudagraph_mark_step_begin() before each model invocation.
  warnings.warn(

name: models.architecture.block_type=simple_cls
training.mode=gml_rollout    avg_loss: 0.000000080044  time_per_window : 0.000355   progress : 0.612
name: models.architecture.block_type=simple_cls
training.mode=gml_rollout    avg_loss: 0.000000077539  time_per_window : 0.000331   progress : 0.623
name: models.architecture.block_type=simple_cls
training.mode=gml_rollout    avg_loss: 0.000000065006  time_per_window : 0.000361   progress : 0.634
name: models.architecture.block_type=simple_cls
training.mode=gml_rollout    avg_loss: 0.000000070917  time_per_window : 0.000351   progress : 0.644
name: models.architecture.block_type=simple_cls
training.mode=gml_rollout    avg_loss: 0.000000072047  time_per_window : 0.000361   progress : 0.655
name: models.architecture.block_type=simple_cls
training.mode=gml_rollout    avg_loss: 0.000000060589  time_per_window : 0.000320   progress : 0.666
name: models.architecture.block_type=simple_cls
training.mode=gml_rollout    avg_loss: 0.000000066159  time_per_window : 0.000321   progress : 0.677
name: models.architecture.block_type=simple_cls
training.mode=gml_rollout    avg_loss: 0.000000071072  time_per_window : 0.000343   progress : 0.688
name: models.architecture.block_type=simple_cls
training.mode=gml_rollout    avg_loss: 0.000000058559  time_per_window : 0.000352   progress : 0.699
name: models.architecture.block_type=simple_cls
training.mode=gml_rollout    avg_loss: 0.000000066310  time_per_window : 0.000359   progress : 0.710
name: models.architecture.block_type=simple_cls
training.mode=gml_rollout    avg_loss: 0.000000059446  time_per_window : 0.000272   progress : 0.721
name: models.architecture.block_type=simple_cls
training.mode=gml_rollout    avg_loss: 0.000000060833  time_per_window : 0.000330   progress : 0.732
name: models.architecture.block_type=simple_cls
training.mode=gml_rollout    avg_loss: 0.000000059451  time_per_window : 0.000326   progress : 0.743
name: models.architecture.block_type=simple_cls
training.mode=gml_rollout    avg_loss: 0.000000062296  time_per_window : 0.000351   progress : 0.754
name: models.architecture.block_type=simple_cls
training.mode=gml_rollout    avg_loss: 0.000000076106  time_per_window : 0.000328   progress : 0.765
name: models.architecture.block_type=simple_cls
training.mode=gml_rollout    avg_loss: 0.000000053779  time_per_window : 0.000334   progress : 0.775
name: models.architecture.block_type=simple_cls
training.mode=gml_rollout    avg_loss: 0.000000069166  time_per_window : 0.000389   progress : 0.786
name: models.architecture.block_type=simple_cls
training.mode=gml_rollout    avg_loss: 0.000000054454  time_per_window : 0.000355   progress : 0.797
name: models.architecture.block_type=simple_cls
training.mode=gml_rollout    avg_loss: 0.000000047005  time_per_window : 0.000363   progress : 0.808
name: models.architecture.block_type=simple_cls
training.mode=gml_rollout    avg_loss: 0.000000053013  time_per_window : 0.000310   progress : 0.819
name: models.architecture.block_type=simple_cls
training.mode=gml_rollout    avg_loss: 0.000000054390  time_per_window : 0.000331   progress : 0.830
name: models.architecture.block_type=simple_cls
training.mode=gml_rollout    avg_loss: 0.000000050218  time_per_window : 0.000356   progress : 0.841
name: models.architecture.block_type=simple_cls
training.mode=gml_rollout    avg_loss: 0.000000059120  time_per_window : 0.000304   progress : 0.852
name: models.architecture.block_type=simple_cls
training.mode=gml_rollout    avg_loss: 0.000000055620  time_per_window : 0.000345   progress : 0.863
name: models.architecture.block_type=simple_cls
training.mode=gml_rollout    avg_loss: 0.000000051685  time_per_window : 0.000335   progress : 0.874
name: models.architecture.block_type=simple_cls
training.mode=gml_rollout    avg_loss: 0.000000050491  time_per_window : 0.000305   progress : 0.885
name: models.architecture.block_type=simple_cls
training.mode=gml_rollout    avg_loss: 0.000000047571  time_per_window : 0.000326   progress : 0.896
name: models.architecture.block_type=simple_cls
training.mode=gml_rollout    avg_loss: 0.000000049128  time_per_window : 0.000322   progress : 0.907
name: models.architecture.block_type=simple_cls
training.mode=gml_rollout    avg_loss: 0.000000048833  time_per_window : 0.000312   progress : 0.917
name: models.architecture.block_type=simple_cls
training.mode=gml_rollout    avg_loss: 0.000000048111  time_per_window : 0.000358   progress : 0.928
name: models.architecture.block_type=simple_cls
training.mode=gml_rollout    avg_loss: 0.000000058503  time_per_window : 0.000305   progress : 0.939
name: models.architecture.block_type=simple_cls
training.mode=gml_rollout    avg_loss: 0.000000043370  time_per_window : 0.000360   progress : 0.950
name: models.architecture.block_type=simple_cls
training.mode=gml_rollout    avg_loss: 0.000000049038  time_per_window : 0.000332   progress : 0.961
name: models.architecture.block_type=simple_cls
training.mode=gml_rollout    avg_loss: 0.000000047276  time_per_window : 0.000327   progress : 0.972
name: models.architecture.block_type=simple_cls
training.mode=gml_rollout    avg_loss: 0.000000049305  time_per_window : 0.000340   progress : 0.983
name: models.architecture.block_type=simple_cls
training.mode=gml_rollout    avg_loss: 0.000000041854  time_per_window : 0.000342   progress : 0.994
name: models.architecture.block_type=simple_cls
training.mode=gml_rollout    avg_loss: 0.000000142305  time_per_window : 0.000414   progress : 0.011
name: models.architecture.block_type=simple_cls
training.mode=gml_rollout    avg_loss: 0.000000044919  time_per_window : 0.000418   progress : 0.022
name: models.architecture.block_type=simple_cls
training.mode=gml_rollout    avg_loss: 0.000000050550  time_per_window : 0.000418   progress : 0.033
name: models.architecture.block_type=simple_cls
training.mode=gml_rollout    avg_loss: 0.000000046718  time_per_window : 0.000420   progress : 0.044
name: models.architecture.block_type=simple_cls
training.mode=gml_rollout    avg_loss: 0.000000045065  time_per_window : 0.000381   progress : 0.055
name: models.architecture.block_type=simple_cls
training.mode=gml_rollout    avg_loss: 0.000000038950  time_per_window : 0.000436   progress : 0.066
name: models.architecture.block_type=simple_cls
training.mode=gml_rollout    avg_loss: 0.000000052041  time_per_window : 0.000392   progress : 0.076
name: models.architecture.block_type=simple_cls
training.mode=gml_rollout    avg_loss: 0.000000051159  time_per_window : 0.000379   progress : 0.087
name: models.architecture.block_type=simple_cls
training.mode=gml_rollout    avg_loss: 0.000000047079  time_per_window : 0.000434   progress : 0.098
name: models.architecture.block_type=simple_cls
training.mode=gml_rollout    avg_loss: 0.000000048237  time_per_window : 0.000413   progress : 0.109
name: models.architecture.block_type=simple_cls
training.mode=gml_rollout    avg_loss: 0.000000044926  time_per_window : 0.000421   progress : 0.120
name: models.architecture.block_type=simple_cls
training.mode=gml_rollout    avg_loss: 0.000000052024  time_per_window : 0.000411   progress : 0.131
name: models.architecture.block_type=simple_cls
training.mode=gml_rollout    avg_loss: 0.000000042604  time_per_window : 0.000432   progress : 0.142
name: models.architecture.block_type=simple_cls
training.mode=gml_rollout    avg_loss: 0.000000045075  time_per_window : 0.000385   progress : 0.153
name: models.architecture.block_type=simple_cls
training.mode=gml_rollout    avg_loss: 0.000000039317  time_per_window : 0.000452   progress : 0.164
name: models.architecture.block_type=simple_cls
training.mode=gml_rollout    avg_loss: 0.000000042848  time_per_window : 0.000408   progress : 0.175
name: models.architecture.block_type=simple_cls
training.mode=gml_rollout    avg_loss: 0.000000044807  time_per_window : 0.000419   progress : 0.186
name: models.architecture.block_type=simple_cls
training.mode=gml_rollout    avg_loss: 0.000000039857  time_per_window : 0.000405   progress : 0.197
name: models.architecture.block_type=simple_cls
training.mode=gml_rollout    avg_loss: 0.000000037735  time_per_window : 0.000376   progress : 0.208
name: models.architecture.block_type=simple_cls
training.mode=gml_rollout    avg_loss: 0.000000038376  time_per_window : 0.000375   progress : 0.218
name: models.architecture.block_type=simple_cls
training.mode=gml_rollout    avg_loss: 0.000000041726  time_per_window : 0.000460   progress : 0.229
name: models.architecture.block_type=simple_cls
training.mode=gml_rollout    avg_loss: 0.000000044386  time_per_window : 0.000455   progress : 0.240
name: models.architecture.block_type=simple_cls
training.mode=gml_rollout    avg_loss: 0.000000043189  time_per_window : 0.000423   progress : 0.251
name: models.architecture.block_type=simple_cls
training.mode=gml_rollout    avg_loss: 0.000000041173  time_per_window : 0.000448   progress : 0.262
name: models.architecture.block_type=simple_cls
training.mode=gml_rollout    avg_loss: 0.000000036196  time_per_window : 0.000400   progress : 0.273
name: models.architecture.block_type=simple_cls
training.mode=gml_rollout    avg_loss: 0.000000040389  time_per_window : 0.000430   progress : 0.284
name: models.architecture.block_type=simple_cls
training.mode=gml_rollout    avg_loss: 0.000000045002  time_per_window : 0.000443   progress : 0.295
name: models.architecture.block_type=simple_cls
training.mode=gml_rollout    avg_loss: 0.000000038056  time_per_window : 0.000462   progress : 0.306
name: models.architecture.block_type=simple_cls
training.mode=gml_rollout    avg_loss: 0.000000034633  time_per_window : 0.000458   progress : 0.317
name: models.architecture.block_type=simple_cls
training.mode=gml_rollout    avg_loss: 0.000000035042  time_per_window : 0.000422   progress : 0.328
name: models.architecture.block_type=simple_cls
training.mode=gml_rollout    avg_loss: 0.000000040826  time_per_window : 0.000385   progress : 0.339
name: models.architecture.block_type=simple_cls
training.mode=gml_rollout    avg_loss: 0.000000042939  time_per_window : 0.000383   progress : 0.350
name: models.architecture.block_type=simple_cls
training.mode=gml_rollout    avg_loss: 0.000000042871  time_per_window : 0.000337   progress : 0.360
name: models.architecture.block_type=simple_cls
training.mode=gml_rollout    avg_loss: 0.000000035395  time_per_window : 0.000417   progress : 0.371
name: models.architecture.block_type=simple_cls
training.mode=gml_rollout    avg_loss: 0.000000039020  time_per_window : 0.000437   progress : 0.382
name: models.architecture.block_type=simple_cls
training.mode=gml_rollout    avg_loss: 0.000000041380  time_per_window : 0.000442   progress : 0.393
name: models.architecture.block_type=simple_cls
training.mode=gml_rollout    avg_loss: 0.000000037033  time_per_window : 0.000419   progress : 0.404
name: models.architecture.block_type=simple_cls
training.mode=gml_rollout    avg_loss: 0.000000035813  time_per_window : 0.000439   progress : 0.415
name: models.architecture.block_type=simple_cls
training.mode=gml_rollout    avg_loss: 0.000000045462  time_per_window : 0.000460   progress : 0.426
name: models.architecture.block_type=simple_cls
training.mode=gml_rollout    avg_loss: 0.000000037482  time_per_window : 0.000399   progress : 0.437
name: models.architecture.block_type=simple_cls
training.mode=gml_rollout    avg_loss: 0.000000039227  time_per_window : 0.000380   progress : 0.448
name: models.architecture.block_type=simple_cls
training.mode=gml_rollout    avg_loss: 0.000000037640  time_per_window : 0.000453   progress : 0.459
name: models.architecture.block_type=simple_cls
training.mode=gml_rollout    avg_loss: 0.000000033616  time_per_window : 0.000390   progress : 0.470
name: models.architecture.block_type=simple_cls
training.mode=gml_rollout    avg_loss: 0.000000034082  time_per_window : 0.000427   progress : 0.481
name: models.architecture.block_type=simple_cls
training.mode=gml_rollout    avg_loss: 0.000000034601  time_per_window : 0.000421   progress : 0.492
name: models.architecture.block_type=simple_cls
training.mode=gml_rollout    avg_loss: 0.000000035506  time_per_window : 0.000467   progress : 0.502
name: models.architecture.block_type=simple_cls
training.mode=gml_rollout    avg_loss: 0.000000033250  time_per_window : 0.000452   progress : 0.513
name: models.architecture.block_type=simple_cls
training.mode=gml_rollout    avg_loss: 0.000000036538  time_per_window : 0.000423   progress : 0.524
name: models.architecture.block_type=simple_cls
training.mode=gml_rollout    avg_loss: 0.000000033803  time_per_window : 0.000442   progress : 0.535
name: models.architecture.block_type=simple_cls
training.mode=gml_rollout    avg_loss: 0.000000030376  time_per_window : 0.000463   progress : 0.546
name: models.architecture.block_type=simple_cls
training.mode=gml_rollout    avg_loss: 0.000000030884  time_per_window : 0.000427   progress : 0.557
name: models.architecture.block_type=simple_cls
training.mode=gml_rollout    avg_loss: 0.000000040226  time_per_window : 0.000422   progress : 0.568
name: models.architecture.block_type=simple_cls
training.mode=gml_rollout    avg_loss: 0.000000031497  time_per_window : 0.000426   progress : 0.579
name: models.architecture.block_type=simple_cls
training.mode=gml_rollout    avg_loss: 0.000000039235  time_per_window : 0.000418   progress : 0.590
name: models.architecture.block_type=simple_cls
training.mode=gml_rollout    avg_loss: 0.000000025958  time_per_window : 0.000455   progress : 0.601
name: models.architecture.block_type=simple_cls
training.mode=gml_rollout    avg_loss: 0.000000031077  time_per_window : 0.000405   progress : 0.612
name: models.architecture.block_type=simple_cls
training.mode=gml_rollout    avg_loss: 0.000000035404  time_per_window : 0.000422   progress : 0.623
name: models.architecture.block_type=simple_cls
training.mode=gml_rollout    avg_loss: 0.000000027578  time_per_window : 0.000422   progress : 0.634
name: models.architecture.block_type=simple_cls
training.mode=gml_rollout    avg_loss: 0.000000025542  time_per_window : 0.000426   progress : 0.644
name: models.architecture.block_type=simple_cls
training.mode=gml_rollout    avg_loss: 0.000000033704  time_per_window : 0.000393   progress : 0.655
name: models.architecture.block_type=simple_cls
training.mode=gml_rollout    avg_loss: 0.000000030692  time_per_window : 0.000428   progress : 0.666
name: models.architecture.block_type=simple_cls
training.mode=gml_rollout    avg_loss: 0.000000035800  time_per_window : 0.000415   progress : 0.677
name: models.architecture.block_type=simple_cls
training.mode=gml_rollout    avg_loss: 0.000000029738  time_per_window : 0.000410   progress : 0.688
name: models.architecture.block_type=simple_cls
training.mode=gml_rollout    avg_loss: 0.000000030666  time_per_window : 0.000397   progress : 0.699
name: models.architecture.block_type=simple_cls
training.mode=gml_rollout    avg_loss: 0.000000028837  time_per_window : 0.000418   progress : 0.710
name: models.architecture.block_type=simple_cls
training.mode=gml_rollout    avg_loss: 0.000000028130  time_per_window : 0.000427   progress : 0.721
name: models.architecture.block_type=simple_cls
training.mode=gml_rollout    avg_loss: 0.000000031752  time_per_window : 0.000344   progress : 0.732
name: models.architecture.block_type=simple_cls
training.mode=gml_rollout    avg_loss: 0.000000030568  time_per_window : 0.000334   progress : 0.743
name: models.architecture.block_type=simple_cls
training.mode=gml_rollout    avg_loss: 0.000000029057  time_per_window : 0.000432   progress : 0.754
name: models.architecture.block_type=simple_cls
training.mode=gml_rollout    avg_loss: 0.000000027038  time_per_window : 0.000383   progress : 0.765
name: models.architecture.block_type=simple_cls
training.mode=gml_rollout    avg_loss: 0.000000029342  time_per_window : 0.000423   progress : 0.775
name: models.architecture.block_type=simple_cls
training.mode=gml_rollout    avg_loss: 0.000000027507  time_per_window : 0.000350   progress : 0.786
name: models.architecture.block_type=simple_cls
training.mode=gml_rollout    avg_loss: 0.000000027675  time_per_window : 0.000400   progress : 0.797
name: models.architecture.block_type=simple_cls
training.mode=gml_rollout    avg_loss: 0.000000031120  time_per_window : 0.000409   progress : 0.808
name: models.architecture.block_type=simple_cls
training.mode=gml_rollout    avg_loss: 0.000000030204  time_per_window : 0.000430   progress : 0.819
name: models.architecture.block_type=simple_cls
training.mode=gml_rollout    avg_loss: 0.000000026175  time_per_window : 0.000384   progress : 0.830
name: models.architecture.block_type=simple_cls
training.mode=gml_rollout    avg_loss: 0.000000025454  time_per_window : 0.000350   progress : 0.841
name: models.architecture.block_type=simple_cls
training.mode=gml_rollout    avg_loss: 0.000000027720  time_per_window : 0.000376   progress : 0.852
name: models.architecture.block_type=simple_cls
training.mode=gml_rollout    avg_loss: 0.000000026837  time_per_window : 0.000435   progress : 0.863
name: models.architecture.block_type=simple_cls
training.mode=gml_rollout    avg_loss: 0.000000033035  time_per_window : 0.000432   progress : 0.874
name: models.architecture.block_type=simple_cls
training.mode=gml_rollout    avg_loss: 0.000000023468  time_per_window : 0.000410   progress : 0.885
name: models.architecture.block_type=simple_cls
training.mode=gml_rollout    avg_loss: 0.000000026651  time_per_window : 0.000433   progress : 0.896
name: models.architecture.block_type=simple_cls
training.mode=gml_rollout    avg_loss: 0.000000026456  time_per_window : 0.000407   progress : 0.907
name: models.architecture.block_type=simple_cls
training.mode=gml_rollout    avg_loss: 0.000000026288  time_per_window : 0.000391   progress : 0.917
name: models.architecture.block_type=simple_cls
training.mode=gml_rollout    avg_loss: 0.000000025658  time_per_window : 0.000431   progress : 0.928
name: models.architecture.block_type=simple_cls
training.mode=gml_rollout    avg_loss: 0.000000026745  time_per_window : 0.000413   progress : 0.939
name: models.architecture.block_type=simple_cls
training.mode=gml_rollout    avg_loss: 0.000000023516  time_per_window : 0.000357   progress : 0.950
name: models.architecture.block_type=simple_cls
training.mode=gml_rollout    avg_loss: 0.000000028931  time_per_window : 0.000394   progress : 0.961
name: models.architecture.block_type=simple_cls
training.mode=gml_rollout    avg_loss: 0.000000030946  time_per_window : 0.000423   progress : 0.972
name: models.architecture.block_type=simple_cls
training.mode=gml_rollout    avg_loss: 0.000000023234  time_per_window : 0.000383   progress : 0.983
name: models.architecture.block_type=simple_cls
training.mode=gml_rollout    avg_loss: 0.000000023908  time_per_window : 0.000423   progress : 0.994
name: models.architecture.block_type=simple_cls
training.mode=gml_rollout    avg_loss: 0.000002183624  time_per_window : 0.000446   progress : 0.011
name: models.architecture.block_type=simple_cls
training.mode=gml_rollout    avg_loss: 0.000000502921  time_per_window : 0.000437   progress : 0.022
name: models.architecture.block_type=simple_cls
training.mode=gml_rollout    avg_loss: 0.000000321408  time_per_window : 0.000404   progress : 0.033
name: models.architecture.block_type=simple_cls
training.mode=gml_rollout    avg_loss: 0.000000248406  time_per_window : 0.000412   progress : 0.044
name: models.architecture.block_type=simple_cls
training.mode=gml_rollout    avg_loss: 0.000000283086  time_per_window : 0.000447   progress : 0.055
name: models.architecture.block_type=simple_cls
training.mode=gml_rollout    avg_loss: 0.000000154037  time_per_window : 0.000392   progress : 0.066
name: models.architecture.block_type=simple_cls
training.mode=gml_rollout    avg_loss: 0.000000208571  time_per_window : 0.000357   progress : 0.076
name: models.architecture.block_type=simple_cls
training.mode=gml_rollout    avg_loss: 0.000000155352  time_per_window : 0.000405   progress : 0.087
name: models.architecture.block_type=simple_cls
training.mode=gml_rollout    avg_loss: 0.000000157116  time_per_window : 0.000391   progress : 0.098
name: models.architecture.block_type=simple_cls
training.mode=gml_rollout    avg_loss: 0.000000136648  time_per_window : 0.000381   progress : 0.109
name: models.architecture.block_type=simple_cls
training.mode=gml_rollout    avg_loss: 0.000000173963  time_per_window : 0.000376   progress : 0.120
name: models.architecture.block_type=simple_cls
training.mode=gml_rollout    avg_loss: 0.000000147763  time_per_window : 0.000418   progress : 0.131
name: models.architecture.block_type=simple_cls
training.mode=gml_rollout    avg_loss: 0.000000138901  time_per_window : 0.000458   progress : 0.142
name: models.architecture.block_type=simple_cls
training.mode=gml_rollout    avg_loss: 0.000000162052  time_per_window : 0.000401   progress : 0.153
name: models.architecture.block_type=simple_cls
training.mode=gml_rollout    avg_loss: 0.000000132890  time_per_window : 0.000428   progress : 0.164
name: models.architecture.block_type=simple_cls
training.mode=gml_rollout    avg_loss: 0.000000141197  time_per_window : 0.000359   progress : 0.175
name: models.architecture.block_type=simple_cls
training.mode=gml_rollout    avg_loss: 0.000000177325  time_per_window : 0.000398   progress : 0.186
name: models.architecture.block_type=simple_cls
training.mode=gml_rollout    avg_loss: 0.000000136376  time_per_window : 0.000419   progress : 0.197
name: models.architecture.block_type=simple_cls
training.mode=gml_rollout    avg_loss: 0.000000132728  time_per_window : 0.000378   progress : 0.208
name: models.architecture.block_type=simple_cls
training.mode=gml_rollout    avg_loss: 0.000000119059  time_per_window : 0.000380   progress : 0.218
name: models.architecture.block_type=simple_cls
training.mode=gml_rollout    avg_loss: 0.000000134340  time_per_window : 0.000441   progress : 0.229
name: models.architecture.block_type=simple_cls
training.mode=gml_rollout    avg_loss: 0.000000142056  time_per_window : 0.000421   progress : 0.240
name: models.architecture.block_type=simple_cls
training.mode=gml_rollout    avg_loss: 0.000000146640  time_per_window : 0.000385   progress : 0.251
name: models.architecture.block_type=simple_cls
training.mode=gml_rollout    avg_loss: 0.000000168271  time_per_window : 0.000419   progress : 0.262
name: models.architecture.block_type=simple_cls
training.mode=gml_rollout    avg_loss: 0.000000159330  time_per_window : 0.000439   progress : 0.273
name: models.architecture.block_type=simple_cls
training.mode=gml_rollout    avg_loss: 0.000000137796  time_per_window : 0.000430   progress : 0.284
name: models.architecture.block_type=simple_cls
training.mode=gml_rollout    avg_loss: 0.000000153129  time_per_window : 0.000455   progress : 0.295
name: models.architecture.block_type=simple_cls
training.mode=gml_rollout    avg_loss: 0.000000128038  time_per_window : 0.000385   progress : 0.306
name: models.architecture.block_type=simple_cls
training.mode=gml_rollout    avg_loss: 0.000000135549  time_per_window : 0.000423   progress : 0.317
name: models.architecture.block_type=simple_cls
training.mode=gml_rollout    avg_loss: 0.000000125005  time_per_window : 0.000417   progress : 0.328
name: models.architecture.block_type=simple_cls
training.mode=gml_rollout    avg_loss: 0.000000133520  time_per_window : 0.000501   progress : 0.339
name: models.architecture.block_type=simple_cls
training.mode=gml_rollout    avg_loss: 0.000000130003  time_per_window : 0.000412   progress : 0.350
name: models.architecture.block_type=simple_cls
training.mode=gml_rollout    avg_loss: 0.000000159861  time_per_window : 0.000422   progress : 0.360
name: models.architecture.block_type=simple_cls
training.mode=gml_rollout    avg_loss: 0.000000109608  time_per_window : 0.000437   progress : 0.371
name: models.architecture.block_type=simple_cls
training.mode=gml_rollout    avg_loss: 0.000000128166  time_per_window : 0.000391   progress : 0.382
name: models.architecture.block_type=simple_cls
training.mode=gml_rollout    avg_loss: 0.000000123331  time_per_window : 0.000413   progress : 0.393
name: models.architecture.block_type=simple_cls
training.mode=gml_rollout    avg_loss: 0.000000147590  time_per_window : 0.000436   progress : 0.404
name: models.architecture.block_type=simple_cls
training.mode=gml_rollout    avg_loss: 0.000000124801  time_per_window : 0.000388   progress : 0.415
name: models.architecture.block_type=simple_cls
training.mode=gml_rollout    avg_loss: 0.000000107248  time_per_window : 0.000422   progress : 0.426
name: models.architecture.block_type=simple_cls
training.mode=gml_rollout    avg_loss: 0.000000106091  time_per_window : 0.000411   progress : 0.437
name: models.architecture.block_type=simple_cls
training.mode=gml_rollout    avg_loss: 0.000000116774  time_per_window : 0.000310   progress : 0.448
name: models.architecture.block_type=simple_cls
training.mode=gml_rollout    avg_loss: 0.000000113356  time_per_window : 0.000383   progress : 0.459
name: models.architecture.block_type=simple_cls
training.mode=gml_rollout    avg_loss: 0.000000113901  time_per_window : 0.000434   progress : 0.470
name: models.architecture.block_type=simple_cls
training.mode=gml_rollout    avg_loss: 0.000000096567  time_per_window : 0.000436   progress : 0.481
name: models.architecture.block_type=simple_cls
training.mode=gml_rollout    avg_loss: 0.000000116200  time_per_window : 0.000392   progress : 0.492
name: models.architecture.block_type=simple_cls
training.mode=gml_rollout    avg_loss: 0.000000123112  time_per_window : 0.000377   progress : 0.502
name: models.architecture.block_type=simple_cls
training.mode=gml_rollout    avg_loss: 0.000000118225  time_per_window : 0.000438   progress : 0.513
name: models.architecture.block_type=simple_cls
training.mode=gml_rollout    avg_loss: 0.000000115722  time_per_window : 0.000398   progress : 0.524
name: models.architecture.block_type=simple_cls
training.mode=gml_rollout    avg_loss: 0.000000109059  time_per_window : 0.000430   progress : 0.535
name: models.architecture.block_type=simple_cls
training.mode=gml_rollout    avg_loss: 0.000000114271  time_per_window : 0.000397   progress : 0.546
name: models.architecture.block_type=simple_cls
training.mode=gml_rollout    avg_loss: 0.000000129625  time_per_window : 0.000389   progress : 0.557
name: models.architecture.block_type=simple_cls
training.mode=gml_rollout    avg_loss: 0.000000145005  time_per_window : 0.000388   progress : 0.568
name: models.architecture.block_type=simple_cls
training.mode=gml_rollout    avg_loss: 0.000000087410  time_per_window : 0.000405   progress : 0.579
name: models.architecture.block_type=simple_cls
training.mode=gml_rollout    avg_loss: 0.000000109774  time_per_window : 0.000373   progress : 0.590
name: models.architecture.block_type=simple_cls
training.mode=gml_rollout    avg_loss: 0.000000106125  time_per_window : 0.000423   progress : 0.601
name: models.architecture.block_type=simple_cls
training.mode=gml_rollout    avg_loss: 0.000000100771  time_per_window : 0.000459   progress : 0.612
name: models.architecture.block_type=simple_cls
training.mode=gml_rollout    avg_loss: 0.000000091594  time_per_window : 0.000324   progress : 0.623
name: models.architecture.block_type=simple_cls
training.mode=gml_rollout    avg_loss: 0.000000101726  time_per_window : 0.000327   progress : 0.634
name: models.architecture.block_type=simple_cls
training.mode=gml_rollout    avg_loss: 0.000000084253  time_per_window : 0.000416   progress : 0.644
name: models.architecture.block_type=simple_cls
training.mode=gml_rollout    avg_loss: 0.000000150168  time_per_window : 0.000419   progress : 0.655
name: models.architecture.block_type=simple_cls
training.mode=gml_rollout    avg_loss: 0.000000105270  time_per_window : 0.000398   progress : 0.666
name: models.architecture.block_type=simple_cls
training.mode=gml_rollout    avg_loss: 0.000000107094  time_per_window : 0.000396   progress : 0.677
name: models.architecture.block_type=simple_cls
training.mode=gml_rollout    avg_loss: 0.000000102451  time_per_window : 0.000420   progress : 0.688
name: models.architecture.block_type=simple_cls
training.mode=gml_rollout    avg_loss: 0.000000109914  time_per_window : 0.000424   progress : 0.699
name: models.architecture.block_type=simple_cls
training.mode=gml_rollout    avg_loss: 0.000000085661  time_per_window : 0.000417   progress : 0.710
name: models.architecture.block_type=simple_cls
training.mode=gml_rollout    avg_loss: 0.000000079971  time_per_window : 0.000374   progress : 0.721
name: models.architecture.block_type=simple_cls
training.mode=gml_rollout    avg_loss: 0.000000082511  time_per_window : 0.000452   progress : 0.732
name: models.architecture.block_type=simple_cls
training.mode=gml_rollout    avg_loss: 0.000000101362  time_per_window : 0.000384   progress : 0.743
name: models.architecture.block_type=simple_cls
training.mode=gml_rollout    avg_loss: 0.000000085685  time_per_window : 0.000434   progress : 0.754
name: models.architecture.block_type=simple_cls
training.mode=gml_rollout    avg_loss: 0.000000096538  time_per_window : 0.000428   progress : 0.765
name: models.architecture.block_type=simple_cls
training.mode=gml_rollout    avg_loss: 0.000000089921  time_per_window : 0.000393   progress : 0.775
name: models.architecture.block_type=simple_cls
training.mode=gml_rollout    avg_loss: 0.000000090291  time_per_window : 0.000424   progress : 0.786
name: models.architecture.block_type=simple_cls
training.mode=gml_rollout    avg_loss: 0.000000105891  time_per_window : 0.000428   progress : 0.797
name: models.architecture.block_type=simple_cls
training.mode=gml_rollout    avg_loss: 0.000000076544  time_per_window : 0.000432   progress : 0.808
name: models.architecture.block_type=simple_cls
training.mode=gml_rollout    avg_loss: 0.000000084583  time_per_window : 0.000377   progress : 0.819
name: models.architecture.block_type=simple_cls
training.mode=gml_rollout    avg_loss: 0.000000080477  time_per_window : 0.000465   progress : 0.830
name: models.architecture.block_type=simple_cls
training.mode=gml_rollout    avg_loss: 0.000000087129  time_per_window : 0.000422   progress : 0.841
name: models.architecture.block_type=simple_cls
training.mode=gml_rollout    avg_loss: 0.000000089701  time_per_window : 0.000425   progress : 0.852
name: models.architecture.block_type=simple_cls
training.mode=gml_rollout    avg_loss: 0.000000082007  time_per_window : 0.000393   progress : 0.863
name: models.architecture.block_type=simple_cls
training.mode=gml_rollout    avg_loss: 0.000000079712  time_per_window : 0.000426   progress : 0.874
name: models.architecture.block_type=simple_cls
training.mode=gml_rollout    avg_loss: 0.000000085577  time_per_window : 0.000443   progress : 0.885
name: models.architecture.block_type=simple_cls
training.mode=gml_rollout    avg_loss: 0.000000078459  time_per_window : 0.000378   progress : 0.896
name: models.architecture.block_type=simple_cls
training.mode=gml_rollout    avg_loss: 0.000000075200  time_per_window : 0.000455   progress : 0.907
name: models.architecture.block_type=simple_cls
training.mode=gml_rollout    avg_loss: 0.000000082234  time_per_window : 0.000415   progress : 0.917
name: models.architecture.block_type=simple_cls
training.mode=gml_rollout    avg_loss: 0.000000101936  time_per_window : 0.000422   progress : 0.928
name: models.architecture.block_type=simple_cls
training.mode=gml_rollout    avg_loss: 0.000000306085  time_per_window : 0.000435   progress : 0.939
name: models.architecture.block_type=simple_cls
training.mode=gml_rollout    avg_loss: 0.000000084336  time_per_window : 0.000424   progress : 0.950
name: models.architecture.block_type=simple_cls
training.mode=gml_rollout    avg_loss: 0.000000082249  time_per_window : 0.000422   progress : 0.961
name: models.architecture.block_type=simple_cls
training.mode=gml_rollout    avg_loss: 0.000000114082  time_per_window : 0.000384   progress : 0.972
name: models.architecture.block_type=simple_cls
training.mode=gml_rollout    avg_loss: 0.000000069723  time_per_window : 0.000431   progress : 0.983
name: models.architecture.block_type=simple_cls
training.mode=gml_rollout    avg_loss: 0.000000077218  time_per_window : 0.000376   progress : 0.994
name: models.architecture.block_type=simple_cls
training.mode=gml_rollout    avg_loss: 0.000021031514  time_per_window : 0.000409   progress : 0.011
name: models.architecture.block_type=simple_cls
training.mode=gml_rollout    avg_loss: 0.000006028913  time_per_window : 0.000392   progress : 0.022
name: models.architecture.block_type=simple_cls
training.mode=gml_rollout    avg_loss: 0.000003128587  time_per_window : 0.000400   progress : 0.033
name: models.architecture.block_type=simple_cls
training.mode=gml_rollout    avg_loss: 0.000002239113  time_per_window : 0.000338   progress : 0.044
name: models.architecture.block_type=simple_cls
training.mode=gml_rollout    avg_loss: 0.000001731600  time_per_window : 0.000418   progress : 0.055
name: models.architecture.block_type=simple_cls
training.mode=gml_rollout    avg_loss: 0.000001235168  time_per_window : 0.000419   progress : 0.066
name: models.architecture.block_type=simple_cls
training.mode=gml_rollout    avg_loss: 0.000001141850  time_per_window : 0.000426   progress : 0.076
name: models.architecture.block_type=simple_cls
training.mode=gml_rollout    avg_loss: 0.000001187860  time_per_window : 0.000382   progress : 0.087
name: models.architecture.block_type=simple_cls
training.mode=gml_rollout    avg_loss: 0.000001259560  time_per_window : 0.000432   progress : 0.098
name: models.architecture.block_type=simple_cls
training.mode=gml_rollout    avg_loss: 0.000000980704  time_per_window : 0.000442   progress : 0.109
name: models.architecture.block_type=simple_cls
training.mode=gml_rollout    avg_loss: 0.000001181449  time_per_window : 0.000424   progress : 0.120
name: models.architecture.block_type=simple_cls
training.mode=gml_rollout    avg_loss: 0.000001282728  time_per_window : 0.000450   progress : 0.131
name: models.architecture.block_type=simple_cls
training.mode=gml_rollout    avg_loss: 0.000001013872  time_per_window : 0.000406   progress : 0.142
name: models.architecture.block_type=simple_cls
training.mode=gml_rollout    avg_loss: 0.000001007863  time_per_window : 0.000417   progress : 0.153
name: models.architecture.block_type=simple_cls
training.mode=gml_rollout    avg_loss: 0.000000857882  time_per_window : 0.000422   progress : 0.164
name: models.architecture.block_type=simple_cls
training.mode=gml_rollout    avg_loss: 0.000000847447  time_per_window : 0.000383   progress : 0.175
name: models.architecture.block_type=simple_cls
training.mode=gml_rollout    avg_loss: 0.000001031343  time_per_window : 0.000416   progress : 0.186
name: models.architecture.block_type=simple_cls
training.mode=gml_rollout    avg_loss: 0.000000951827  time_per_window : 0.000418   progress : 0.197
name: models.architecture.block_type=simple_cls
training.mode=gml_rollout    avg_loss: 0.000000845300  time_per_window : 0.000418   progress : 0.208
name: models.architecture.block_type=simple_cls
training.mode=gml_rollout    avg_loss: 0.000000826797  time_per_window : 0.000408   progress : 0.218
name: models.architecture.block_type=simple_cls
training.mode=gml_rollout    avg_loss: 0.000000959479  time_per_window : 0.000389   progress : 0.229
name: models.architecture.block_type=simple_cls
training.mode=gml_rollout    avg_loss: 0.000000839668  time_per_window : 0.000422   progress : 0.240
name: models.architecture.block_type=simple_cls
training.mode=gml_rollout    avg_loss: 0.000000879264  time_per_window : 0.000338   progress : 0.251
name: models.architecture.block_type=simple_cls
training.mode=gml_rollout    avg_loss: 0.000001026607  time_per_window : 0.000428   progress : 0.262
name: models.architecture.block_type=simple_cls
training.mode=gml_rollout    avg_loss: 0.000000690105  time_per_window : 0.000443   progress : 0.273
name: models.architecture.block_type=simple_cls
training.mode=gml_rollout    avg_loss: 0.000000731513  time_per_window : 0.000407   progress : 0.284
name: models.architecture.block_type=simple_cls
training.mode=gml_rollout    avg_loss: 0.000000811640  time_per_window : 0.000458   progress : 0.295
name: models.architecture.block_type=simple_cls
training.mode=gml_rollout    avg_loss: 0.000000801892  time_per_window : 0.000421   progress : 0.306
name: models.architecture.block_type=simple_cls
training.mode=gml_rollout    avg_loss: 0.000000683115  time_per_window : 0.000394   progress : 0.317
name: models.architecture.block_type=simple_cls
training.mode=gml_rollout    avg_loss: 0.000000742265  time_per_window : 0.000434   progress : 0.328
name: models.architecture.block_type=simple_cls
training.mode=gml_rollout    avg_loss: 0.000000900696  time_per_window : 0.000417   progress : 0.339
name: models.architecture.block_type=simple_cls
training.mode=gml_rollout    avg_loss: 0.000000883183  time_per_window : 0.000383   progress : 0.350
name: models.architecture.block_type=simple_cls
training.mode=gml_rollout    avg_loss: 0.000000930957  time_per_window : 0.000377   progress : 0.360
name: models.architecture.block_type=simple_cls
training.mode=gml_rollout    avg_loss: 0.000000638545  time_per_window : 0.000384   progress : 0.371
name: models.architecture.block_type=simple_cls
training.mode=gml_rollout    avg_loss: 0.000001197006  time_per_window : 0.000389   progress : 0.382
name: models.architecture.block_type=simple_cls
training.mode=gml_rollout    avg_loss: 0.000000690781  time_per_window : 0.000421   progress : 0.393
name: models.architecture.block_type=simple_cls
training.mode=gml_rollout    avg_loss: 0.000000819164  time_per_window : 0.000422   progress : 0.404
name: models.architecture.block_type=simple_cls
training.mode=gml_rollout    avg_loss: 0.000000706702  time_per_window : 0.000381   progress : 0.415
name: models.architecture.block_type=simple_cls
training.mode=gml_rollout    avg_loss: 0.000000652767  time_per_window : 0.000411   progress : 0.426
name: models.architecture.block_type=simple_cls
training.mode=gml_rollout    avg_loss: 0.000000757938  time_per_window : 0.000379   progress : 0.437
name: models.architecture.block_type=simple_cls
training.mode=gml_rollout    avg_loss: 0.000000614709  time_per_window : 0.000405   progress : 0.448
name: models.architecture.block_type=simple_cls
training.mode=gml_rollout    avg_loss: 0.000000717650  time_per_window : 0.000367   progress : 0.459
name: models.architecture.block_type=simple_cls
training.mode=gml_rollout    avg_loss: 0.000000750952  time_per_window : 0.000438   progress : 0.470
name: models.architecture.block_type=simple_cls
training.mode=gml_rollout    avg_loss: 0.000000605031  time_per_window : 0.000388   progress : 0.481
name: models.architecture.block_type=simple_cls
training.mode=gml_rollout    avg_loss: 0.000000889025  time_per_window : 0.000417   progress : 0.492
name: models.architecture.block_type=simple_cls
training.mode=gml_rollout    avg_loss: 0.000000632034  time_per_window : 0.000418   progress : 0.502
name: models.architecture.block_type=simple_cls
training.mode=gml_rollout    avg_loss: 0.000000724481  time_per_window : 0.000377   progress : 0.513
name: models.architecture.block_type=simple_cls
training.mode=gml_rollout    avg_loss: 0.000000697504  time_per_window : 0.000437   progress : 0.524
name: models.architecture.block_type=simple_cls
training.mode=gml_rollout    avg_loss: 0.000000733756  time_per_window : 0.000388   progress : 0.535
name: models.architecture.block_type=simple_cls
training.mode=gml_rollout    avg_loss: 0.000000668046  time_per_window : 0.000404   progress : 0.546
name: models.architecture.block_type=simple_cls
training.mode=gml_rollout    avg_loss: 0.000000672490  time_per_window : 0.000341   progress : 0.557
name: models.architecture.block_type=simple_cls
training.mode=gml_rollout    avg_loss: 0.000000872514  time_per_window : 0.000392   progress : 0.568
name: models.architecture.block_type=simple_cls
training.mode=gml_rollout    avg_loss: 0.000000628640  time_per_window : 0.000406   progress : 0.579
name: models.architecture.block_type=simple_cls
training.mode=gml_rollout    avg_loss: 0.000000752970  time_per_window : 0.000418   progress : 0.590
name: models.architecture.block_type=simple_cls
training.mode=gml_rollout    avg_loss: 0.000000635025  time_per_window : 0.000424   progress : 0.601
name: models.architecture.block_type=simple_cls
training.mode=gml_rollout    avg_loss: 0.000000705265  time_per_window : 0.000440   progress : 0.612
name: models.architecture.block_type=simple_cls
training.mode=gml_rollout    avg_loss: 0.000000703454  time_per_window : 0.000413   progress : 0.623
name: models.architecture.block_type=simple_cls
training.mode=gml_rollout    avg_loss: 0.000000711173  time_per_window : 0.000428   progress : 0.634
name: models.architecture.block_type=simple_cls
training.mode=gml_rollout    avg_loss: 0.000000555710  time_per_window : 0.000441   progress : 0.644
name: models.architecture.block_type=simple_cls
training.mode=gml_rollout    avg_loss: 0.000000654336  time_per_window : 0.000407   progress : 0.655
name: models.architecture.block_type=simple_cls
training.mode=gml_rollout    avg_loss: 0.000000626944  time_per_window : 0.000421   progress : 0.666
name: models.architecture.block_type=simple_cls
training.mode=gml_rollout    avg_loss: 0.000000768813  time_per_window : 0.000408   progress : 0.677
name: models.architecture.block_type=simple_cls
training.mode=gml_rollout    avg_loss: 0.000000697339  time_per_window : 0.000416   progress : 0.688
name: models.architecture.block_type=simple_cls
training.mode=gml_rollout    avg_loss: 0.000000712311  time_per_window : 0.000462   progress : 0.699
name: models.architecture.block_type=simple_cls
training.mode=gml_rollout    avg_loss: 0.000000609091  time_per_window : 0.000467   progress : 0.710
name: models.architecture.block_type=simple_cls
training.mode=gml_rollout    avg_loss: 0.000000489689  time_per_window : 0.000440   progress : 0.721
name: models.architecture.block_type=simple_cls
training.mode=gml_rollout    avg_loss: 0.000000693239  time_per_window : 0.000395   progress : 0.732
name: models.architecture.block_type=simple_cls
training.mode=gml_rollout    avg_loss: 0.000000701076  time_per_window : 0.000393   progress : 0.743
name: models.architecture.block_type=simple_cls
training.mode=gml_rollout    avg_loss: 0.000000603772  time_per_window : 0.000391   progress : 0.754
name: models.architecture.block_type=simple_cls
training.mode=gml_rollout    avg_loss: 0.000000835599  time_per_window : 0.000423   progress : 0.765
name: models.architecture.block_type=simple_cls
training.mode=gml_rollout    avg_loss: 0.000000624667  time_per_window : 0.000395   progress : 0.775
name: models.architecture.block_type=simple_cls
training.mode=gml_rollout    avg_loss: 0.000000637568  time_per_window : 0.000420   progress : 0.786
name: models.architecture.block_type=simple_cls
training.mode=gml_rollout    avg_loss: 0.000000629040  time_per_window : 0.000419   progress : 0.797
name: models.architecture.block_type=simple_cls
training.mode=gml_rollout    avg_loss: 0.000000679611  time_per_window : 0.000403   progress : 0.808
name: models.architecture.block_type=simple_cls
training.mode=gml_rollout    avg_loss: 0.000000533834  time_per_window : 0.000430   progress : 0.819
name: models.architecture.block_type=simple_cls
training.mode=gml_rollout    avg_loss: 0.000000535744  time_per_window : 0.000434   progress : 0.830
name: models.architecture.block_type=simple_cls
training.mode=gml_rollout    avg_loss: 0.000000778082  time_per_window : 0.000408   progress : 0.841
name: models.architecture.block_type=simple_cls
training.mode=gml_rollout    avg_loss: 0.000000671040  time_per_window : 0.000396   progress : 0.852
name: models.architecture.block_type=simple_cls
training.mode=gml_rollout    avg_loss: 0.000000725678  time_per_window : 0.000369   progress : 0.863
name: models.architecture.block_type=simple_cls
training.mode=gml_rollout    avg_loss: 0.000000586569  time_per_window : 0.000385   progress : 0.874
name: models.architecture.block_type=simple_cls
training.mode=gml_rollout    avg_loss: 0.000000563831  time_per_window : 0.000415   progress : 0.885
name: models.architecture.block_type=simple_cls
training.mode=gml_rollout    avg_loss: 0.000000552874  time_per_window : 0.000382   progress : 0.896
name: models.architecture.block_type=simple_cls
training.mode=gml_rollout    avg_loss: 0.000000655988  time_per_window : 0.000377   progress : 0.907
name: models.architecture.block_type=simple_cls
training.mode=gml_rollout    avg_loss: 0.000000648315  time_per_window : 0.000433   progress : 0.917
name: models.architecture.block_type=simple_cls
training.mode=gml_rollout    avg_loss: 0.000000679729  time_per_window : 0.000463   progress : 0.928
name: models.architecture.block_type=simple_cls
training.mode=gml_rollout    avg_loss: 0.000000737234  time_per_window : 0.000337   progress : 0.939
name: models.architecture.block_type=simple_cls
training.mode=gml_rollout    avg_loss: 0.000000585749  time_per_window : 0.000384   progress : 0.950
name: models.architecture.block_type=simple_cls
training.mode=gml_rollout    avg_loss: 0.000000808066  time_per_window : 0.000350   progress : 0.961
name: models.architecture.block_type=simple_cls
training.mode=gml_rollout    avg_loss: 0.000000581762  time_per_window : 0.000420   progress : 0.972
name: models.architecture.block_type=simple_cls
training.mode=gml_rollout    avg_loss: 0.000000561911  time_per_window : 0.000336   progress : 0.983
name: models.architecture.block_type=simple_cls
training.mode=gml_rollout    avg_loss: 0.000000525857  time_per_window : 0.000453   progress : 0.994
name: models.architecture.block_type=simple_cls
training.mode=gml_rollout    avg_loss: -64.284568786621  time_per_window : 0.000467   progress : 0.011
name: models.architecture.block_type=simple_cls
training.mode=gml_rollout    avg_loss: -68.462646484375  time_per_window : 0.000445   progress : 0.022
name: models.architecture.block_type=simple_cls
training.mode=gml_rollout    avg_loss: -68.711059570312  time_per_window : 0.000462   progress : 0.033
name: models.architecture.block_type=simple_cls
training.mode=gml_rollout    avg_loss: -68.790000915527  time_per_window : 0.000449   progress : 0.044
name: models.architecture.block_type=simple_cls
training.mode=gml_rollout    avg_loss: -68.800559997559  time_per_window : 0.000478   progress : 0.055
name: models.architecture.block_type=simple_cls
training.mode=gml_rollout    avg_loss: -68.836883544922  time_per_window : 0.000463   progress : 0.066
name: models.architecture.block_type=simple_cls
training.mode=gml_rollout    avg_loss: -68.868324279785  time_per_window : 0.000462   progress : 0.076
name: models.architecture.block_type=simple_cls
training.mode=gml_rollout    avg_loss: -68.955902099609  time_per_window : 0.000412   progress : 0.087
name: models.architecture.block_type=simple_cls
training.mode=gml_rollout    avg_loss: -68.953880310059  time_per_window : 0.000436   progress : 0.098
name: models.architecture.block_type=simple_cls
training.mode=gml_rollout    avg_loss: -68.975234985352  time_per_window : 0.000500   progress : 0.109
name: models.architecture.block_type=simple_cls
training.mode=gml_rollout    avg_loss: -68.971054077148  time_per_window : 0.000404   progress : 0.120
name: models.architecture.block_type=simple_cls
training.mode=gml_rollout    avg_loss: -68.971984863281  time_per_window : 0.000504   progress : 0.131
name: models.architecture.block_type=simple_cls
training.mode=gml_rollout    avg_loss: -68.977127075195  time_per_window : 0.000466   progress : 0.142
name: models.architecture.block_type=simple_cls
training.mode=gml_rollout    avg_loss: -68.983947753906  time_per_window : 0.000454   progress : 0.153
name: models.architecture.block_type=simple_cls
training.mode=gml_rollout    avg_loss: -68.986816406250  time_per_window : 0.000487   progress : 0.164
name: models.architecture.block_type=simple_cls
training.mode=gml_rollout    avg_loss: -68.988349914551  time_per_window : 0.000493   progress : 0.175
name: models.architecture.block_type=simple_cls
training.mode=gml_rollout    avg_loss: -68.991981506348  time_per_window : 0.000396   progress : 0.186
name: models.architecture.block_type=simple_cls
training.mode=gml_rollout    avg_loss: -68.999443054199  time_per_window : 0.000472   progress : 0.197
name: models.architecture.block_type=simple_cls
training.mode=gml_rollout    avg_loss: -68.993400573730  time_per_window : 0.000424   progress : 0.208
name: models.architecture.block_type=simple_cls
training.mode=gml_rollout    avg_loss: -69.001831054688  time_per_window : 0.000438   progress : 0.218
name: models.architecture.block_type=simple_cls
training.mode=gml_rollout    avg_loss: -68.995315551758  time_per_window : 0.000467   progress : 0.229
name: models.architecture.block_type=simple_cls
training.mode=gml_rollout    avg_loss: -68.999794006348  time_per_window : 0.000464   progress : 0.240
name: models.architecture.block_type=simple_cls
training.mode=gml_rollout    avg_loss: -69.000785827637  time_per_window : 0.000468   progress : 0.251
name: models.architecture.block_type=simple_cls
training.mode=gml_rollout    avg_loss: -69.001663208008  time_per_window : 0.000468   progress : 0.262
name: models.architecture.block_type=simple_cls
training.mode=gml_rollout    avg_loss: -69.003669738770  time_per_window : 0.000492   progress : 0.273
name: models.architecture.block_type=simple_cls
training.mode=gml_rollout    avg_loss: -69.005599975586  time_per_window : 0.000475   progress : 0.284
name: models.architecture.block_type=simple_cls
training.mode=gml_rollout    avg_loss: -68.986740112305  time_per_window : 0.000465   progress : 0.295
name: models.architecture.block_type=simple_cls
training.mode=gml_rollout    avg_loss: -69.003585815430  time_per_window : 0.000486   progress : 0.306
name: models.architecture.block_type=simple_cls
training.mode=gml_rollout    avg_loss: -69.006637573242  time_per_window : 0.000431   progress : 0.317
name: models.architecture.block_type=simple_cls
training.mode=gml_rollout    avg_loss: -69.005874633789  time_per_window : 0.000433   progress : 0.328
name: models.architecture.block_type=simple_cls
training.mode=gml_rollout    avg_loss: -68.989036560059  time_per_window : 0.000403   progress : 0.339
name: models.architecture.block_type=simple_cls
training.mode=gml_rollout    avg_loss: -68.999252319336  time_per_window : 0.000464   progress : 0.350
name: models.architecture.block_type=simple_cls
training.mode=gml_rollout    avg_loss: -68.998321533203  time_per_window : 0.000472   progress : 0.360
name: models.architecture.block_type=simple_cls
training.mode=gml_rollout    avg_loss: -69.016372680664  time_per_window : 0.000483   progress : 0.371
name: models.architecture.block_type=simple_cls
training.mode=gml_rollout    avg_loss: -68.980369567871  time_per_window : 0.000533   progress : 0.382
name: models.architecture.block_type=simple_cls
training.mode=gml_rollout    avg_loss: -68.996200561523  time_per_window : 0.000464   progress : 0.393
name: models.architecture.block_type=simple_cls
training.mode=gml_rollout    avg_loss: -68.995834350586  time_per_window : 0.000405   progress : 0.404
name: models.architecture.block_type=simple_cls
training.mode=gml_rollout    avg_loss: -69.002380371094  time_per_window : 0.000485   progress : 0.415
name: models.architecture.block_type=simple_cls
training.mode=gml_rollout    avg_loss: -69.007751464844  time_per_window : 0.000476   progress : 0.426
name: models.architecture.block_type=simple_cls
training.mode=gml_rollout    avg_loss: -69.002334594727  time_per_window : 0.000512   progress : 0.437
name: models.architecture.block_type=simple_cls
training.mode=gml_rollout    avg_loss: -68.993858337402  time_per_window : 0.000468   progress : 0.448
name: models.architecture.block_type=simple_cls
training.mode=gml_rollout    avg_loss: -69.004631042480  time_per_window : 0.000488   progress : 0.459
name: models.architecture.block_type=simple_cls
training.mode=gml_rollout    avg_loss: -69.004707336426  time_per_window : 0.000466   progress : 0.470
name: models.architecture.block_type=simple_cls
training.mode=gml_rollout    avg_loss: -69.008018493652  time_per_window : 0.000426   progress : 0.481
name: models.architecture.block_type=simple_cls
training.mode=gml_rollout    avg_loss: -68.982017517090  time_per_window : 0.000422   progress : 0.492
name: models.architecture.block_type=simple_cls
training.mode=gml_rollout    avg_loss: -68.994659423828  time_per_window : 0.000444   progress : 0.502
name: models.architecture.block_type=simple_cls
training.mode=gml_rollout    avg_loss: -69.004394531250  time_per_window : 0.000478   progress : 0.513
name: models.architecture.block_type=simple_cls
training.mode=gml_rollout    avg_loss: -69.002662658691  time_per_window : 0.000454   progress : 0.524
name: models.architecture.block_type=simple_cls
training.mode=gml_rollout    avg_loss: -69.002548217773  time_per_window : 0.000401   progress : 0.535
name: models.architecture.block_type=simple_cls
training.mode=gml_rollout    avg_loss: -69.005805969238  time_per_window : 0.000480   progress : 0.546
name: models.architecture.block_type=simple_cls
training.mode=gml_rollout    avg_loss: -69.002029418945  time_per_window : 0.000427   progress : 0.557
name: models.architecture.block_type=simple_cls
training.mode=gml_rollout    avg_loss: -69.000198364258  time_per_window : 0.000469   progress : 0.568
name: models.architecture.block_type=simple_cls
training.mode=gml_rollout    avg_loss: -69.009666442871  time_per_window : 0.000425   progress : 0.579
name: models.architecture.block_type=simple_cls
training.mode=gml_rollout    avg_loss: -69.003150939941  time_per_window : 0.000504   progress : 0.590
name: models.architecture.block_type=simple_cls
training.mode=gml_rollout    avg_loss: -69.010742187500  time_per_window : 0.000417   progress : 0.601
name: models.architecture.block_type=simple_cls
training.mode=gml_rollout    avg_loss: -69.005874633789  time_per_window : 0.000496   progress : 0.612
name: models.architecture.block_type=simple_cls
training.mode=gml_rollout    avg_loss: -69.006820678711  time_per_window : 0.000463   progress : 0.623
name: models.architecture.block_type=simple_cls
training.mode=gml_rollout    avg_loss: -68.999183654785  time_per_window : 0.000434   progress : 0.634
name: models.architecture.block_type=simple_cls
training.mode=gml_rollout    avg_loss: -69.005180358887  time_per_window : 0.000450   progress : 0.644
name: models.architecture.block_type=simple_cls
training.mode=gml_rollout    avg_loss: -69.009338378906  time_per_window : 0.000447   progress : 0.655
name: models.architecture.block_type=simple_cls
training.mode=gml_rollout    avg_loss: -69.013038635254  time_per_window : 0.000464   progress : 0.666
name: models.architecture.block_type=simple_cls
training.mode=gml_rollout    avg_loss: -68.997283935547  time_per_window : 0.000483   progress : 0.677
name: models.architecture.block_type=simple_cls
training.mode=gml_rollout    avg_loss: -69.010398864746  time_per_window : 0.000429   progress : 0.688
name: models.architecture.block_type=simple_cls
training.mode=gml_rollout    avg_loss: -69.008285522461  time_per_window : 0.000452   progress : 0.699
name: models.architecture.block_type=simple_cls
training.mode=gml_rollout    avg_loss: -69.009284973145  time_per_window : 0.000414   progress : 0.710
name: models.architecture.block_type=simple_cls
training.mode=gml_rollout    avg_loss: -69.012046813965  time_per_window : 0.000474   progress : 0.721
name: models.architecture.block_type=simple_cls
training.mode=gml_rollout    avg_loss: -69.013305664062  time_per_window : 0.000453   progress : 0.732
name: models.architecture.block_type=simple_cls
training.mode=gml_rollout    avg_loss: -68.999465942383  time_per_window : 0.000417   progress : 0.743
name: models.architecture.block_type=simple_cls
training.mode=gml_rollout    avg_loss: -69.003929138184  time_per_window : 0.000467   progress : 0.754
name: models.architecture.block_type=simple_cls
training.mode=gml_rollout    avg_loss: -68.999740600586  time_per_window : 0.000490   progress : 0.765
name: models.architecture.block_type=simple_cls
training.mode=gml_rollout    avg_loss: -69.008438110352  time_per_window : 0.000451   progress : 0.775
name: models.architecture.block_type=simple_cls
training.mode=gml_rollout    avg_loss: -69.005386352539  time_per_window : 0.000447   progress : 0.786
name: models.architecture.block_type=simple_cls
training.mode=gml_rollout    avg_loss: -69.012557983398  time_per_window : 0.000467   progress : 0.797
name: models.architecture.block_type=simple_cls
training.mode=gml_rollout    avg_loss: -69.011314392090  time_per_window : 0.000493   progress : 0.808
name: models.architecture.block_type=simple_cls
training.mode=gml_rollout    avg_loss: -69.006156921387  time_per_window : 0.000490   progress : 0.819
name: models.architecture.block_type=simple_cls
training.mode=gml_rollout    avg_loss: -69.016937255859  time_per_window : 0.000444   progress : 0.830
name: models.architecture.block_type=simple_cls
training.mode=gml_rollout    avg_loss: -69.007545471191  time_per_window : 0.000431   progress : 0.841
name: models.architecture.block_type=simple_cls
training.mode=gml_rollout    avg_loss: -69.007316589355  time_per_window : 0.000476   progress : 0.852
name: models.architecture.block_type=simple_cls
training.mode=gml_rollout    avg_loss: -69.006439208984  time_per_window : 0.000486   progress : 0.863
name: models.architecture.block_type=simple_cls
training.mode=gml_rollout    avg_loss: -69.005119323730  time_per_window : 0.000436   progress : 0.874
name: models.architecture.block_type=simple_cls
training.mode=gml_rollout    avg_loss: -69.008613586426  time_per_window : 0.000491   progress : 0.885
name: models.architecture.block_type=simple_cls
training.mode=gml_rollout    avg_loss: -69.010185241699  time_per_window : 0.000438   progress : 0.896
name: models.architecture.block_type=simple_cls
training.mode=gml_rollout    avg_loss: -69.010665893555  time_per_window : 0.000424   progress : 0.907
name: models.architecture.block_type=simple_cls
training.mode=gml_rollout    avg_loss: -69.011718750000  time_per_window : 0.000450   progress : 0.917
name: models.architecture.block_type=simple_cls
training.mode=gml_rollout    avg_loss: -69.005958557129  time_per_window : 0.000474   progress : 0.928
name: models.architecture.block_type=simple_cls
training.mode=gml_rollout    avg_loss: -69.006919860840  time_per_window : 0.000491   progress : 0.939
name: models.architecture.block_type=simple_cls
training.mode=gml_rollout    avg_loss: -69.008674621582  time_per_window : 0.000477   progress : 0.950
name: models.architecture.block_type=simple_cls
training.mode=gml_rollout    avg_loss: -69.001686096191  time_per_window : 0.000461   progress : 0.961
name: models.architecture.block_type=simple_cls
training.mode=gml_rollout    avg_loss: -69.006210327148  time_per_window : 0.000452   progress : 0.972
name: models.architecture.block_type=simple_cls
training.mode=gml_rollout    avg_loss: -69.014167785645  time_per_window : 0.000441   progress : 0.983
name: models.architecture.block_type=simple_cls
training.mode=gml_rollout    avg_loss: -69.013099670410  time_per_window : 0.000455   progress : 0.994
DONE!!!
