/media/egghead/Scratch/joey/Thesis/mavenv/lib/python3.11/site-packages/hydra/_internal/defaults_list.py:251: UserWarning: In 'config': Defaults list is missing `_self_`. See https://hydra.cc/docs/1.2/upgrades/1.0_to_1.1/default_composition_order for more information
  warnings.warn(msg, UserWarning)
Using cuda device
[2026-07-23 10:47:18,625][HYDRA] Joblib.Parallel(n_jobs=4,backend=loky,prefer=processes,require=None,verbose=0,timeout=None,pre_dispatch=2*n_jobs,batch_size=auto,temp_folder=None,max_nbytes=None,mmap_mode=r) is launching 1 jobs
[2026-07-23 10:47:18,625][HYDRA] Launching jobs, sweep output dir : ablation_runs/2026-07-23_10-47-09/simple_cls_block
[2026-07-23 10:47:18,625][HYDRA] 	#0 : models.architecture.block_type=simple_cls training.mode=rollout
/media/egghead/Scratch/joey/Thesis/mavenv/lib/python3.11/site-packages/hydra/_internal/defaults_list.py:251: UserWarning: In 'config': Defaults list is missing `_self_`. See https://hydra.cc/docs/1.2/upgrades/1.0_to_1.1/default_composition_order for more information
  warnings.warn(msg, UserWarning)
models:
  n_dim: 23
  out_dim: 10
  architecture:
    d_model: 128
    n_encoder_layers: 2
    n_decoder_layers: 0
    block_type: simple_cls
    time_adapter: last_token
    in_norm: none
    out_norm: none
    layer_scale: 0.0001
    drop_path: 0.05
    mamba_type: mamba
    mamba_kwargs:
      d_state: 16
      d_conv: 2
      expand: 2
      norm: rms
    skip: false
    cls_kwargs:
      n_heads: 2
      n_mlp: 2
      positional_encoding: false
      max_len: 5000
input_len: 32
output_len: 1
batch_size: 128
epochs: 5
seed: 0
dataset:
  path: /media/egghead/Scratch/joey/simulation_data/patient_one_data.zarr/
  training_size: 1500000
evaluation:
  path: /media/egghead/Scratch/joey/simulation_data/patient_two_data.zarr/
  evaluation_size: 50
training:
  mode: rollout
  lr: 0.0002
  weight_decay: 0.1
  rollout_steps: 16
checkpoint:
  save_path: hydra-test.pth
  load: false
  path: hydra-test.pth
compile: true

/media/egghead/Scratch/joey/Thesis/mavenv/lib/python3.11/site-packages/torch/_inductor/cudagraph_trees.py:2622: UserWarning: Unable to hit fast path of CUDAGraphs because outputs from a previous step still require backward. Ensure backward() is invoked or detach outputs. You may also call torch.compiler.cudagraph_mark_step_begin() before each model invocation.
  warnings.warn(
name: models.architecture.block_type=simple_cls
training.mode=rollout    avg_loss: 0.000176799600  time_per_window : 0.000331   progress : 0.011
name: models.architecture.block_type=simple_cls
training.mode=rollout    avg_loss: 0.000000951054  time_per_window : 0.000367   progress : 0.022
name: models.architecture.block_type=simple_cls
training.mode=rollout    avg_loss: 0.000000442143  time_per_window : 0.000356   progress : 0.033
name: models.architecture.block_type=simple_cls
training.mode=rollout    avg_loss: 0.000000278738  time_per_window : 0.000336   progress : 0.044
name: models.architecture.block_type=simple_cls
training.mode=rollout    avg_loss: 0.000000214191  time_per_window : 0.000322   progress : 0.055
name: models.architecture.block_type=simple_cls
training.mode=rollout    avg_loss: 0.000000176554  time_per_window : 0.000366   progress : 0.066
name: models.architecture.block_type=simple_cls
training.mode=rollout    avg_loss: 0.000000152898  time_per_window : 0.000336   progress : 0.076
name: models.architecture.block_type=simple_cls
training.mode=rollout    avg_loss: 0.000000136326  time_per_window : 0.000469   progress : 0.087
name: models.architecture.block_type=simple_cls
training.mode=rollout    avg_loss: 0.000000118814  time_per_window : 0.000328   progress : 0.098
name: models.architecture.block_type=simple_cls
training.mode=rollout    avg_loss: 0.000000105894  time_per_window : 0.000330   progress : 0.109
name: models.architecture.block_type=simple_cls
training.mode=rollout    avg_loss: 0.000000099133  time_per_window : 0.000390   progress : 0.120
name: models.architecture.block_type=simple_cls
training.mode=rollout    avg_loss: 0.000000090159  time_per_window : 0.000339   progress : 0.131
name: models.architecture.block_type=simple_cls
training.mode=rollout    avg_loss: 0.000000082437  time_per_window : 0.000324   progress : 0.142
name: models.architecture.block_type=simple_cls
training.mode=rollout    avg_loss: 0.000000076398  time_per_window : 0.000325   progress : 0.153
name: models.architecture.block_type=simple_cls
training.mode=rollout    avg_loss: 0.000000070885  time_per_window : 0.000291   progress : 0.164
name: models.architecture.block_type=simple_cls
training.mode=rollout    avg_loss: 0.000000069184  time_per_window : 0.000351   progress : 0.175
name: models.architecture.block_type=simple_cls
training.mode=rollout    avg_loss: 0.000000065075  time_per_window : 0.000340   progress : 0.186
name: models.architecture.block_type=simple_cls
training.mode=rollout    avg_loss: 0.000000059439  time_per_window : 0.000342   progress : 0.197
name: models.architecture.block_type=simple_cls
training.mode=rollout    avg_loss: 0.000000057511  time_per_window : 0.000331   progress : 0.208
name: models.architecture.block_type=simple_cls
training.mode=rollout    avg_loss: 0.000000061045  time_per_window : 0.000322   progress : 0.218
name: models.architecture.block_type=simple_cls
training.mode=rollout    avg_loss: 0.000000066048  time_per_window : 0.000332   progress : 0.229
name: models.architecture.block_type=simple_cls
training.mode=rollout    avg_loss: 0.000000062826  time_per_window : 0.000314   progress : 0.240
name: models.architecture.block_type=simple_cls
training.mode=rollout    avg_loss: 0.000000093458  time_per_window : 0.000353   progress : 0.251
name: models.architecture.block_type=simple_cls
training.mode=rollout    avg_loss: 0.000000087762  time_per_window : 0.000332   progress : 0.262
name: models.architecture.block_type=simple_cls
training.mode=rollout    avg_loss: 0.000000086851  time_per_window : 0.000359   progress : 0.273
name: models.architecture.block_type=simple_cls
training.mode=rollout    avg_loss: 0.000000071765  time_per_window : 0.000358   progress : 0.284
name: models.architecture.block_type=simple_cls
training.mode=rollout    avg_loss: 0.000000096255  time_per_window : 0.000282   progress : 0.295
name: models.architecture.block_type=simple_cls
training.mode=rollout    avg_loss: 0.000000078426  time_per_window : 0.000359   progress : 0.306
name: models.architecture.block_type=simple_cls
training.mode=rollout    avg_loss: 0.000000094130  time_per_window : 0.000320   progress : 0.317
name: models.architecture.block_type=simple_cls
training.mode=rollout    avg_loss: 0.000000100319  time_per_window : 0.000344   progress : 0.328
name: models.architecture.block_type=simple_cls
training.mode=rollout    avg_loss: 0.000000088410  time_per_window : 0.000340   progress : 0.339
name: models.architecture.block_type=simple_cls
training.mode=rollout    avg_loss: 0.000000118575  time_per_window : 0.000365   progress : 0.350
name: models.architecture.block_type=simple_cls
training.mode=rollout    avg_loss: 0.000000080464  time_per_window : 0.000356   progress : 0.360
name: models.architecture.block_type=simple_cls
training.mode=rollout    avg_loss: 0.000000117399  time_per_window : 0.000299   progress : 0.371
name: models.architecture.block_type=simple_cls
training.mode=rollout    avg_loss: 0.000000115714  time_per_window : 0.000357   progress : 0.382
name: models.architecture.block_type=simple_cls
training.mode=rollout    avg_loss: 0.000000104857  time_per_window : 0.000287   progress : 0.393
name: models.architecture.block_type=simple_cls
training.mode=rollout    avg_loss: 0.000000092259  time_per_window : 0.000353   progress : 0.404
name: models.architecture.block_type=simple_cls
training.mode=rollout    avg_loss: 0.000000115834  time_per_window : 0.000326   progress : 0.415
name: models.architecture.block_type=simple_cls
training.mode=rollout    avg_loss: 0.000000087908  time_per_window : 0.000290   progress : 0.426
name: models.architecture.block_type=simple_cls
training.mode=rollout    avg_loss: 0.000000119742  time_per_window : 0.000346   progress : 0.437
name: models.architecture.block_type=simple_cls
training.mode=rollout    avg_loss: 0.000000094205  time_per_window : 0.000343   progress : 0.448
name: models.architecture.block_type=simple_cls
training.mode=rollout    avg_loss: 0.000000096052  time_per_window : 0.000355   progress : 0.459
name: models.architecture.block_type=simple_cls
training.mode=rollout    avg_loss: 0.000000107067  time_per_window : 0.000331   progress : 0.470
name: models.architecture.block_type=simple_cls
training.mode=rollout    avg_loss: 0.000000085409  time_per_window : 0.000359   progress : 0.481
name: models.architecture.block_type=simple_cls
training.mode=rollout    avg_loss: 0.000000105937  time_per_window : 0.000357   progress : 0.492
name: models.architecture.block_type=simple_cls
training.mode=rollout    avg_loss: 0.000000091907  time_per_window : 0.000348   progress : 0.502
name: models.architecture.block_type=simple_cls
training.mode=rollout    avg_loss: 0.000000095903  time_per_window : 0.000358   progress : 0.513
name: models.architecture.block_type=simple_cls
training.mode=rollout    avg_loss: 0.000000088532  time_per_window : 0.000339   progress : 0.524
name: models.architecture.block_type=simple_cls
training.mode=rollout    avg_loss: 0.000000081652  time_per_window : 0.000333   progress : 0.535
name: models.architecture.block_type=simple_cls
training.mode=rollout    avg_loss: 0.000000087527  time_per_window : 0.000319   progress : 0.546
name: models.architecture.block_type=simple_cls
training.mode=rollout    avg_loss: 0.000000097443  time_per_window : 0.000288   progress : 0.557
name: models.architecture.block_type=simple_cls
training.mode=rollout    avg_loss: 0.000000084516  time_per_window : 0.000352   progress : 0.568
name: models.architecture.block_type=simple_cls
training.mode=rollout    avg_loss: 0.000000098261  time_per_window : 0.000332   progress : 0.579
name: models.architecture.block_type=simple_cls
training.mode=rollout    avg_loss: 0.000000079920  time_per_window : 0.000344   progress : 0.590
name: models.architecture.block_type=simple_cls
training.mode=rollout    avg_loss: 0.000000079012  time_per_window : 0.000345   progress : 0.601
name: models.architecture.block_type=simple_cls
training.mode=rollout    avg_loss: 0.000000082713  time_per_window : 0.000324   progress : 0.612
name: models.architecture.block_type=simple_cls
training.mode=rollout    avg_loss: 0.000000079820  time_per_window : 0.000358   progress : 0.623/media/egghead/Scratch/joey/Thesis/mavenv/lib/python3.11/site-packages/torch/_inductor/cudagraph_trees.py:2622: UserWarning: Unable to hit fast path of CUDAGraphs because outputs from a previous step still require backward. Ensure backward() is invoked or detach outputs. You may also call torch.compiler.cudagraph_mark_step_begin() before each model invocation.
  warnings.warn(
/media/egghead/Scratch/joey/Thesis/mavenv/lib/python3.11/site-packages/torch/_inductor/cudagraph_trees.py:2622: UserWarning: Unable to hit fast path of CUDAGraphs because outputs from a previous step still require backward. Ensure backward() is invoked or detach outputs. You may also call torch.compiler.cudagraph_mark_step_begin() before each model invocation.
  warnings.warn(

name: models.architecture.block_type=simple_cls
training.mode=rollout    avg_loss: 0.000000085653  time_per_window : 0.000334   progress : 0.634
name: models.architecture.block_type=simple_cls
training.mode=rollout    avg_loss: 0.000000089566  time_per_window : 0.000357   progress : 0.644
name: models.architecture.block_type=simple_cls
training.mode=rollout    avg_loss: 0.000000062347  time_per_window : 0.000355   progress : 0.655
name: models.architecture.block_type=simple_cls
training.mode=rollout    avg_loss: 0.000000069934  time_per_window : 0.000368   progress : 0.666
name: models.architecture.block_type=simple_cls
training.mode=rollout    avg_loss: 0.000000080875  time_per_window : 0.000326   progress : 0.677
name: models.architecture.block_type=simple_cls
training.mode=rollout    avg_loss: 0.000000075706  time_per_window : 0.000318   progress : 0.688
name: models.architecture.block_type=simple_cls
training.mode=rollout    avg_loss: 0.000000071437  time_per_window : 0.000380   progress : 0.699
name: models.architecture.block_type=simple_cls
training.mode=rollout    avg_loss: 0.000000076268  time_per_window : 0.000359   progress : 0.710
name: models.architecture.block_type=simple_cls
training.mode=rollout    avg_loss: 0.000000073009  time_per_window : 0.000331   progress : 0.721
name: models.architecture.block_type=simple_cls
training.mode=rollout    avg_loss: 0.000000070212  time_per_window : 0.000326   progress : 0.732
name: models.architecture.block_type=simple_cls
training.mode=rollout    avg_loss: 0.000000066453  time_per_window : 0.000308   progress : 0.743
name: models.architecture.block_type=simple_cls
training.mode=rollout    avg_loss: 0.000000069513  time_per_window : 0.000359   progress : 0.754
name: models.architecture.block_type=simple_cls
training.mode=rollout    avg_loss: 0.000000080738  time_per_window : 0.000355   progress : 0.765
name: models.architecture.block_type=simple_cls
training.mode=rollout    avg_loss: 0.000000060040  time_per_window : 0.000330   progress : 0.775
name: models.architecture.block_type=simple_cls
training.mode=rollout    avg_loss: 0.000000072675  time_per_window : 0.000337   progress : 0.786
name: models.architecture.block_type=simple_cls
training.mode=rollout    avg_loss: 0.000000066421  time_per_window : 0.000322   progress : 0.797
name: models.architecture.block_type=simple_cls
training.mode=rollout    avg_loss: 0.000000061542  time_per_window : 0.000357   progress : 0.808
name: models.architecture.block_type=simple_cls
training.mode=rollout    avg_loss: 0.000000060113  time_per_window : 0.000305   progress : 0.819
name: models.architecture.block_type=simple_cls
training.mode=rollout    avg_loss: 0.000000060809  time_per_window : 0.000363   progress : 0.830
name: models.architecture.block_type=simple_cls
training.mode=rollout    avg_loss: 0.000000061348  time_per_window : 0.000365   progress : 0.841
name: models.architecture.block_type=simple_cls
training.mode=rollout    avg_loss: 0.000000064893  time_per_window : 0.000370   progress : 0.852
name: models.architecture.block_type=simple_cls
training.mode=rollout    avg_loss: 0.000000063456  time_per_window : 0.000303   progress : 0.863
name: models.architecture.block_type=simple_cls
training.mode=rollout    avg_loss: 0.000000061001  time_per_window : 0.000359   progress : 0.874
name: models.architecture.block_type=simple_cls
training.mode=rollout    avg_loss: 0.000000056051  time_per_window : 0.000361   progress : 0.885
name: models.architecture.block_type=simple_cls
training.mode=rollout    avg_loss: 0.000000050799  time_per_window : 0.000322   progress : 0.896
name: models.architecture.block_type=simple_cls
training.mode=rollout    avg_loss: 0.000000056413  time_per_window : 0.000342   progress : 0.907
name: models.architecture.block_type=simple_cls
training.mode=rollout    avg_loss: 0.000000062121  time_per_window : 0.000317   progress : 0.917
name: models.architecture.block_type=simple_cls
training.mode=rollout    avg_loss: 0.000000052418  time_per_window : 0.000319   progress : 0.928
name: models.architecture.block_type=simple_cls
training.mode=rollout    avg_loss: 0.000000064062  time_per_window : 0.000314   progress : 0.939
name: models.architecture.block_type=simple_cls
training.mode=rollout    avg_loss: 0.000000053492  time_per_window : 0.000328   progress : 0.950
name: models.architecture.block_type=simple_cls
training.mode=rollout    avg_loss: 0.000000049671  time_per_window : 0.000395   progress : 0.961
name: models.architecture.block_type=simple_cls
training.mode=rollout    avg_loss: 0.000000052756  time_per_window : 0.000342   progress : 0.972
name: models.architecture.block_type=simple_cls
training.mode=rollout    avg_loss: 0.000000051607  time_per_window : 0.000347   progress : 0.983
name: models.architecture.block_type=simple_cls
training.mode=rollout    avg_loss: 0.000000050978  time_per_window : 0.000318   progress : 0.994
name: models.architecture.block_type=simple_cls
training.mode=rollout    avg_loss: 0.000000138582  time_per_window : 0.000387   progress : 0.011
name: models.architecture.block_type=simple_cls
training.mode=rollout    avg_loss: 0.000000051007  time_per_window : 0.000408   progress : 0.022
name: models.architecture.block_type=simple_cls
training.mode=rollout    avg_loss: 0.000000052727  time_per_window : 0.000439   progress : 0.033
name: models.architecture.block_type=simple_cls
training.mode=rollout    avg_loss: 0.000000055247  time_per_window : 0.000440   progress : 0.044
name: models.architecture.block_type=simple_cls
training.mode=rollout    avg_loss: 0.000000049608  time_per_window : 0.000414   progress : 0.055
name: models.architecture.block_type=simple_cls
training.mode=rollout    avg_loss: 0.000000044970  time_per_window : 0.000372   progress : 0.066
name: models.architecture.block_type=simple_cls
training.mode=rollout    avg_loss: 0.000000058168  time_per_window : 0.000437   progress : 0.076
name: models.architecture.block_type=simple_cls
training.mode=rollout    avg_loss: 0.000000050607  time_per_window : 0.000436   progress : 0.087
name: models.architecture.block_type=simple_cls
training.mode=rollout    avg_loss: 0.000000056592  time_per_window : 0.000422   progress : 0.098
name: models.architecture.block_type=simple_cls
training.mode=rollout    avg_loss: 0.000000050979  time_per_window : 0.000381   progress : 0.109
name: models.architecture.block_type=simple_cls
training.mode=rollout    avg_loss: 0.000000045294  time_per_window : 0.000393   progress : 0.120
name: models.architecture.block_type=simple_cls
training.mode=rollout    avg_loss: 0.000000059909  time_per_window : 0.000431   progress : 0.131
name: models.architecture.block_type=simple_cls
training.mode=rollout    avg_loss: 0.000000050021  time_per_window : 0.000422   progress : 0.142
name: models.architecture.block_type=simple_cls
training.mode=rollout    avg_loss: 0.000000050672  time_per_window : 0.000381   progress : 0.153
name: models.architecture.block_type=simple_cls
training.mode=rollout    avg_loss: 0.000000048986  time_per_window : 0.000345   progress : 0.164
name: models.architecture.block_type=simple_cls
training.mode=rollout    avg_loss: 0.000000045727  time_per_window : 0.000379   progress : 0.175
name: models.architecture.block_type=simple_cls
training.mode=rollout    avg_loss: 0.000000047416  time_per_window : 0.000433   progress : 0.186
name: models.architecture.block_type=simple_cls
training.mode=rollout    avg_loss: 0.000000045437  time_per_window : 0.000433   progress : 0.197
name: models.architecture.block_type=simple_cls
training.mode=rollout    avg_loss: 0.000000044558  time_per_window : 0.000422   progress : 0.208
name: models.architecture.block_type=simple_cls
training.mode=rollout    avg_loss: 0.000000038801  time_per_window : 0.000472   progress : 0.218
name: models.architecture.block_type=simple_cls
training.mode=rollout    avg_loss: 0.000000045436  time_per_window : 0.000424   progress : 0.229
name: models.architecture.block_type=simple_cls
training.mode=rollout    avg_loss: 0.000000042942  time_per_window : 0.000398   progress : 0.240
name: models.architecture.block_type=simple_cls
training.mode=rollout    avg_loss: 0.000000046101  time_per_window : 0.000415   progress : 0.251
name: models.architecture.block_type=simple_cls
training.mode=rollout    avg_loss: 0.000000044982  time_per_window : 0.000423   progress : 0.262
name: models.architecture.block_type=simple_cls
training.mode=rollout    avg_loss: 0.000000041595  time_per_window : 0.000446   progress : 0.273
name: models.architecture.block_type=simple_cls
training.mode=rollout    avg_loss: 0.000000048852  time_per_window : 0.000425   progress : 0.284
name: models.architecture.block_type=simple_cls
training.mode=rollout    avg_loss: 0.000000042955  time_per_window : 0.000395   progress : 0.295
name: models.architecture.block_type=simple_cls
training.mode=rollout    avg_loss: 0.000000044002  time_per_window : 0.000405   progress : 0.306
name: models.architecture.block_type=simple_cls
training.mode=rollout    avg_loss: 0.000000040186  time_per_window : 0.000390   progress : 0.317
name: models.architecture.block_type=simple_cls
training.mode=rollout    avg_loss: 0.000000037599  time_per_window : 0.000382   progress : 0.328
name: models.architecture.block_type=simple_cls
training.mode=rollout    avg_loss: 0.000000045809  time_per_window : 0.000428   progress : 0.339
name: models.architecture.block_type=simple_cls
training.mode=rollout    avg_loss: 0.000000043361  time_per_window : 0.000412   progress : 0.350
name: models.architecture.block_type=simple_cls
training.mode=rollout    avg_loss: 0.000000043080  time_per_window : 0.000422   progress : 0.360
name: models.architecture.block_type=simple_cls
training.mode=rollout    avg_loss: 0.000000032913  time_per_window : 0.000388   progress : 0.371
name: models.architecture.block_type=simple_cls
training.mode=rollout    avg_loss: 0.000000044898  time_per_window : 0.000394   progress : 0.382
name: models.architecture.block_type=simple_cls
training.mode=rollout    avg_loss: 0.000000045564  time_per_window : 0.000413   progress : 0.393
name: models.architecture.block_type=simple_cls
training.mode=rollout    avg_loss: 0.000000042426  time_per_window : 0.000456   progress : 0.404
name: models.architecture.block_type=simple_cls
training.mode=rollout    avg_loss: 0.000000035782  time_per_window : 0.000411   progress : 0.415
name: models.architecture.block_type=simple_cls
training.mode=rollout    avg_loss: 0.000000035078  time_per_window : 0.000449   progress : 0.426
name: models.architecture.block_type=simple_cls
training.mode=rollout    avg_loss: 0.000000038167  time_per_window : 0.000434   progress : 0.437
name: models.architecture.block_type=simple_cls
training.mode=rollout    avg_loss: 0.000000042403  time_per_window : 0.000453   progress : 0.448
name: models.architecture.block_type=simple_cls
training.mode=rollout    avg_loss: 0.000000038618  time_per_window : 0.000416   progress : 0.459
name: models.architecture.block_type=simple_cls
training.mode=rollout    avg_loss: 0.000000034177  time_per_window : 0.000401   progress : 0.470
name: models.architecture.block_type=simple_cls
training.mode=rollout    avg_loss: 0.000000037070  time_per_window : 0.000473   progress : 0.481
name: models.architecture.block_type=simple_cls
training.mode=rollout    avg_loss: 0.000000036611  time_per_window : 0.000446   progress : 0.492
name: models.architecture.block_type=simple_cls
training.mode=rollout    avg_loss: 0.000000032108  time_per_window : 0.000461   progress : 0.502
name: models.architecture.block_type=simple_cls
training.mode=rollout    avg_loss: 0.000000038152  time_per_window : 0.000397   progress : 0.513
name: models.architecture.block_type=simple_cls
training.mode=rollout    avg_loss: 0.000000039512  time_per_window : 0.000397   progress : 0.524
name: models.architecture.block_type=simple_cls
training.mode=rollout    avg_loss: 0.000000032686  time_per_window : 0.000417   progress : 0.535
name: models.architecture.block_type=simple_cls
training.mode=rollout    avg_loss: 0.000000036601  time_per_window : 0.000465   progress : 0.546
name: models.architecture.block_type=simple_cls
training.mode=rollout    avg_loss: 0.000000030521  time_per_window : 0.000465   progress : 0.557
name: models.architecture.block_type=simple_cls
training.mode=rollout    avg_loss: 0.000000036376  time_per_window : 0.000383   progress : 0.568
name: models.architecture.block_type=simple_cls
training.mode=rollout    avg_loss: 0.000000030369  time_per_window : 0.000424   progress : 0.579
name: models.architecture.block_type=simple_cls
training.mode=rollout    avg_loss: 0.000000030974  time_per_window : 0.000407   progress : 0.590
name: models.architecture.block_type=simple_cls
training.mode=rollout    avg_loss: 0.000000029553  time_per_window : 0.000419   progress : 0.601
name: models.architecture.block_type=simple_cls
training.mode=rollout    avg_loss: 0.000000036826  time_per_window : 0.000407   progress : 0.612
name: models.architecture.block_type=simple_cls
training.mode=rollout    avg_loss: 0.000000035161  time_per_window : 0.000440   progress : 0.623
name: models.architecture.block_type=simple_cls
training.mode=rollout    avg_loss: 0.000000032544  time_per_window : 0.000399   progress : 0.634
name: models.architecture.block_type=simple_cls
training.mode=rollout    avg_loss: 0.000000030991  time_per_window : 0.000422   progress : 0.644
name: models.architecture.block_type=simple_cls
training.mode=rollout    avg_loss: 0.000000029438  time_per_window : 0.000459   progress : 0.655
name: models.architecture.block_type=simple_cls
training.mode=rollout    avg_loss: 0.000000028669  time_per_window : 0.000440   progress : 0.666
name: models.architecture.block_type=simple_cls
training.mode=rollout    avg_loss: 0.000000033465  time_per_window : 0.000416   progress : 0.677
name: models.architecture.block_type=simple_cls
training.mode=rollout    avg_loss: 0.000000031006  time_per_window : 0.000434   progress : 0.688
name: models.architecture.block_type=simple_cls
training.mode=rollout    avg_loss: 0.000000033869  time_per_window : 0.000419   progress : 0.699
name: models.architecture.block_type=simple_cls
training.mode=rollout    avg_loss: 0.000000027739  time_per_window : 0.000440   progress : 0.710
name: models.architecture.block_type=simple_cls
training.mode=rollout    avg_loss: 0.000000025961  time_per_window : 0.000405   progress : 0.721
name: models.architecture.block_type=simple_cls
training.mode=rollout    avg_loss: 0.000000027548  time_per_window : 0.000451   progress : 0.732
name: models.architecture.block_type=simple_cls
training.mode=rollout    avg_loss: 0.000000031863  time_per_window : 0.000448   progress : 0.743
name: models.architecture.block_type=simple_cls
training.mode=rollout    avg_loss: 0.000000033944  time_per_window : 0.000449   progress : 0.754
name: models.architecture.block_type=simple_cls
training.mode=rollout    avg_loss: 0.000000029669  time_per_window : 0.000424   progress : 0.765
name: models.architecture.block_type=simple_cls
training.mode=rollout    avg_loss: 0.000000027785  time_per_window : 0.000418   progress : 0.775
name: models.architecture.block_type=simple_cls
training.mode=rollout    avg_loss: 0.000000029205  time_per_window : 0.000423   progress : 0.786
name: models.architecture.block_type=simple_cls
training.mode=rollout    avg_loss: 0.000000027399  time_per_window : 0.000420   progress : 0.797
name: models.architecture.block_type=simple_cls
training.mode=rollout    avg_loss: 0.000000024767  time_per_window : 0.000433   progress : 0.808
name: models.architecture.block_type=simple_cls
training.mode=rollout    avg_loss: 0.000000025244  time_per_window : 0.000373   progress : 0.819
name: models.architecture.block_type=simple_cls
training.mode=rollout    avg_loss: 0.000000026424  time_per_window : 0.000432   progress : 0.830
name: models.architecture.block_type=simple_cls
training.mode=rollout    avg_loss: 0.000000026038  time_per_window : 0.000419   progress : 0.841
name: models.architecture.block_type=simple_cls
training.mode=rollout    avg_loss: 0.000000028522  time_per_window : 0.000411   progress : 0.852
name: models.architecture.block_type=simple_cls
training.mode=rollout    avg_loss: 0.000000030409  time_per_window : 0.000294   progress : 0.863
name: models.architecture.block_type=simple_cls
training.mode=rollout    avg_loss: 0.000000025461  time_per_window : 0.000336   progress : 0.874
name: models.architecture.block_type=simple_cls
training.mode=rollout    avg_loss: 0.000000030414  time_per_window : 0.000379   progress : 0.885
name: models.architecture.block_type=simple_cls
training.mode=rollout    avg_loss: 0.000000024077  time_per_window : 0.000349   progress : 0.896
name: models.architecture.block_type=simple_cls
training.mode=rollout    avg_loss: 0.000000027125  time_per_window : 0.000413   progress : 0.907
name: models.architecture.block_type=simple_cls
training.mode=rollout    avg_loss: 0.000000023660  time_per_window : 0.000422   progress : 0.917
name: models.architecture.block_type=simple_cls
training.mode=rollout    avg_loss: 0.000000026277  time_per_window : 0.000449   progress : 0.928
name: models.architecture.block_type=simple_cls
training.mode=rollout    avg_loss: 0.000000027688  time_per_window : 0.000415   progress : 0.939
name: models.architecture.block_type=simple_cls
training.mode=rollout    avg_loss: 0.000000023902  time_per_window : 0.000435   progress : 0.950
name: models.architecture.block_type=simple_cls
training.mode=rollout    avg_loss: 0.000000029148  time_per_window : 0.000460   progress : 0.961
name: models.architecture.block_type=simple_cls
training.mode=rollout    avg_loss: 0.000000028247  time_per_window : 0.000406   progress : 0.972
name: models.architecture.block_type=simple_cls
training.mode=rollout    avg_loss: 0.000000024604  time_per_window : 0.000412   progress : 0.983
name: models.architecture.block_type=simple_cls
training.mode=rollout    avg_loss: 0.000000024805  time_per_window : 0.000390   progress : 0.994
name: models.architecture.block_type=simple_cls
training.mode=rollout    avg_loss: 0.000002218766  time_per_window : 0.000404   progress : 0.011
name: models.architecture.block_type=simple_cls
training.mode=rollout    avg_loss: 0.000000462463  time_per_window : 0.000422   progress : 0.022
name: models.architecture.block_type=simple_cls
training.mode=rollout    avg_loss: 0.000000299553  time_per_window : 0.000447   progress : 0.033
name: models.architecture.block_type=simple_cls
training.mode=rollout    avg_loss: 0.000000230084  time_per_window : 0.000444   progress : 0.044
name: models.architecture.block_type=simple_cls
training.mode=rollout    avg_loss: 0.000000233190  time_per_window : 0.000393   progress : 0.055
name: models.architecture.block_type=simple_cls
training.mode=rollout    avg_loss: 0.000000126412  time_per_window : 0.000469   progress : 0.066
name: models.architecture.block_type=simple_cls
training.mode=rollout    avg_loss: 0.000000152746  time_per_window : 0.000474   progress : 0.076
name: models.architecture.block_type=simple_cls
training.mode=rollout    avg_loss: 0.000000115165  time_per_window : 0.000436   progress : 0.087
name: models.architecture.block_type=simple_cls
training.mode=rollout    avg_loss: 0.000000129249  time_per_window : 0.000383   progress : 0.098
name: models.architecture.block_type=simple_cls
training.mode=rollout    avg_loss: 0.000000136536  time_per_window : 0.000437   progress : 0.109
name: models.architecture.block_type=simple_cls
training.mode=rollout    avg_loss: 0.000000123416  time_per_window : 0.000424   progress : 0.120
name: models.architecture.block_type=simple_cls
training.mode=rollout    avg_loss: 0.000000114081  time_per_window : 0.000426   progress : 0.131
name: models.architecture.block_type=simple_cls
training.mode=rollout    avg_loss: 0.000000121217  time_per_window : 0.000379   progress : 0.142
name: models.architecture.block_type=simple_cls
training.mode=rollout    avg_loss: 0.000000126722  time_per_window : 0.000397   progress : 0.153
name: models.architecture.block_type=simple_cls
training.mode=rollout    avg_loss: 0.000000103011  time_per_window : 0.000420   progress : 0.164
name: models.architecture.block_type=simple_cls
training.mode=rollout    avg_loss: 0.000000101212  time_per_window : 0.000391   progress : 0.175
name: models.architecture.block_type=simple_cls
training.mode=rollout    avg_loss: 0.000000140697  time_per_window : 0.000355   progress : 0.186
name: models.architecture.block_type=simple_cls
training.mode=rollout    avg_loss: 0.000000100268  time_per_window : 0.000417   progress : 0.197
name: models.architecture.block_type=simple_cls
training.mode=rollout    avg_loss: 0.000000102018  time_per_window : 0.000402   progress : 0.208
name: models.architecture.block_type=simple_cls
training.mode=rollout    avg_loss: 0.000000093039  time_per_window : 0.000396   progress : 0.218
name: models.architecture.block_type=simple_cls
training.mode=rollout    avg_loss: 0.000000121077  time_per_window : 0.000439   progress : 0.229
name: models.architecture.block_type=simple_cls
training.mode=rollout    avg_loss: 0.000000114317  time_per_window : 0.000336   progress : 0.240
name: models.architecture.block_type=simple_cls
training.mode=rollout    avg_loss: 0.000000123076  time_per_window : 0.000465   progress : 0.251
name: models.architecture.block_type=simple_cls
training.mode=rollout    avg_loss: 0.000000104959  time_per_window : 0.000399   progress : 0.262
name: models.architecture.block_type=simple_cls
training.mode=rollout    avg_loss: 0.000000113504  time_per_window : 0.000411   progress : 0.273
name: models.architecture.block_type=simple_cls
training.mode=rollout    avg_loss: 0.000000120431  time_per_window : 0.000443   progress : 0.284
name: models.architecture.block_type=simple_cls
training.mode=rollout    avg_loss: 0.000000115162  time_per_window : 0.000393   progress : 0.295
name: models.architecture.block_type=simple_cls
training.mode=rollout    avg_loss: 0.000000095766  time_per_window : 0.000327   progress : 0.306
name: models.architecture.block_type=simple_cls
training.mode=rollout    avg_loss: 0.000000085284  time_per_window : 0.000399   progress : 0.317
name: models.architecture.block_type=simple_cls
training.mode=rollout    avg_loss: 0.000000099221  time_per_window : 0.000411   progress : 0.328
name: models.architecture.block_type=simple_cls
training.mode=rollout    avg_loss: 0.000000097846  time_per_window : 0.000379   progress : 0.339
name: models.architecture.block_type=simple_cls
training.mode=rollout    avg_loss: 0.000000111245  time_per_window : 0.000424   progress : 0.350
name: models.architecture.block_type=simple_cls
training.mode=rollout    avg_loss: 0.000000121831  time_per_window : 0.000358   progress : 0.360
name: models.architecture.block_type=simple_cls
training.mode=rollout    avg_loss: 0.000000092624  time_per_window : 0.000414   progress : 0.371
name: models.architecture.block_type=simple_cls
training.mode=rollout    avg_loss: 0.000000112729  time_per_window : 0.000418   progress : 0.382
name: models.architecture.block_type=simple_cls
training.mode=rollout    avg_loss: 0.000000085324  time_per_window : 0.000388   progress : 0.393
name: models.architecture.block_type=simple_cls
training.mode=rollout    avg_loss: 0.000000111438  time_per_window : 0.000405   progress : 0.404
name: models.architecture.block_type=simple_cls
training.mode=rollout    avg_loss: 0.000000108135  time_per_window : 0.000402   progress : 0.415
name: models.architecture.block_type=simple_cls
training.mode=rollout    avg_loss: 0.000000091618  time_per_window : 0.000417   progress : 0.426
name: models.architecture.block_type=simple_cls
training.mode=rollout    avg_loss: 0.000000101631  time_per_window : 0.000388   progress : 0.437
name: models.architecture.block_type=simple_cls
training.mode=rollout    avg_loss: 0.000000091335  time_per_window : 0.000428   progress : 0.448
name: models.architecture.block_type=simple_cls
training.mode=rollout    avg_loss: 0.000000087550  time_per_window : 0.000386   progress : 0.459
name: models.architecture.block_type=simple_cls
training.mode=rollout    avg_loss: 0.000000080796  time_per_window : 0.000423   progress : 0.470
name: models.architecture.block_type=simple_cls
training.mode=rollout    avg_loss: 0.000000093060  time_per_window : 0.000406   progress : 0.481
name: models.architecture.block_type=simple_cls
training.mode=rollout    avg_loss: 0.000000094992  time_per_window : 0.000423   progress : 0.492
name: models.architecture.block_type=simple_cls
training.mode=rollout    avg_loss: 0.000000096904  time_per_window : 0.000419   progress : 0.502
name: models.architecture.block_type=simple_cls
training.mode=rollout    avg_loss: 0.000000091997  time_per_window : 0.000395   progress : 0.513
name: models.architecture.block_type=simple_cls
training.mode=rollout    avg_loss: 0.000000112338  time_per_window : 0.000413   progress : 0.524
name: models.architecture.block_type=simple_cls
training.mode=rollout    avg_loss: 0.000000076560  time_per_window : 0.000397   progress : 0.535
name: models.architecture.block_type=simple_cls
training.mode=rollout    avg_loss: 0.000000090647  time_per_window : 0.000411   progress : 0.546
name: models.architecture.block_type=simple_cls
training.mode=rollout    avg_loss: 0.000000105509  time_per_window : 0.000420   progress : 0.557
name: models.architecture.block_type=simple_cls
training.mode=rollout    avg_loss: 0.000000100431  time_per_window : 0.000412   progress : 0.568
name: models.architecture.block_type=simple_cls
training.mode=rollout    avg_loss: 0.000000075280  time_per_window : 0.000477   progress : 0.579
name: models.architecture.block_type=simple_cls
training.mode=rollout    avg_loss: 0.000000092450  time_per_window : 0.000383   progress : 0.590
name: models.architecture.block_type=simple_cls
training.mode=rollout    avg_loss: 0.000000083554  time_per_window : 0.000398   progress : 0.601
name: models.architecture.block_type=simple_cls
training.mode=rollout    avg_loss: 0.000000084821  time_per_window : 0.000401   progress : 0.612
name: models.architecture.block_type=simple_cls
training.mode=rollout    avg_loss: 0.000000080999  time_per_window : 0.000398   progress : 0.623
name: models.architecture.block_type=simple_cls
training.mode=rollout    avg_loss: 0.000000100126  time_per_window : 0.000440   progress : 0.634
name: models.architecture.block_type=simple_cls
training.mode=rollout    avg_loss: 0.000000067156  time_per_window : 0.000422   progress : 0.644
name: models.architecture.block_type=simple_cls
training.mode=rollout    avg_loss: 0.000000092393  time_per_window : 0.000409   progress : 0.655
name: models.architecture.block_type=simple_cls
training.mode=rollout    avg_loss: 0.000000089461  time_per_window : 0.000377   progress : 0.666
name: models.architecture.block_type=simple_cls
training.mode=rollout    avg_loss: 0.000000078381  time_per_window : 0.000411   progress : 0.677
name: models.architecture.block_type=simple_cls
training.mode=rollout    avg_loss: 0.000000081142  time_per_window : 0.000404   progress : 0.688
name: models.architecture.block_type=simple_cls
training.mode=rollout    avg_loss: 0.000000084299  time_per_window : 0.000457   progress : 0.699
name: models.architecture.block_type=simple_cls
training.mode=rollout    avg_loss: 0.000000079446  time_per_window : 0.000422   progress : 0.710
name: models.architecture.block_type=simple_cls
training.mode=rollout    avg_loss: 0.000000072446  time_per_window : 0.000449   progress : 0.721
name: models.architecture.block_type=simple_cls
training.mode=rollout    avg_loss: 0.000000072250  time_per_window : 0.000430   progress : 0.732
name: models.architecture.block_type=simple_cls
training.mode=rollout    avg_loss: 0.000000083645  time_per_window : 0.000420   progress : 0.743
name: models.architecture.block_type=simple_cls
training.mode=rollout    avg_loss: 0.000000100265  time_per_window : 0.000428   progress : 0.754
name: models.architecture.block_type=simple_cls
training.mode=rollout    avg_loss: 0.000000080048  time_per_window : 0.000361   progress : 0.765
name: models.architecture.block_type=simple_cls
training.mode=rollout    avg_loss: 0.000000078192  time_per_window : 0.000457   progress : 0.775
name: models.architecture.block_type=simple_cls
training.mode=rollout    avg_loss: 0.000000066484  time_per_window : 0.000370   progress : 0.786
name: models.architecture.block_type=simple_cls
training.mode=rollout    avg_loss: 0.000000097957  time_per_window : 0.000447   progress : 0.797
name: models.architecture.block_type=simple_cls
training.mode=rollout    avg_loss: 0.000000091287  time_per_window : 0.000399   progress : 0.808
name: models.architecture.block_type=simple_cls
training.mode=rollout    avg_loss: 0.000000071450  time_per_window : 0.000441   progress : 0.819
name: models.architecture.block_type=simple_cls
training.mode=rollout    avg_loss: 0.000000075255  time_per_window : 0.000424   progress : 0.830
name: models.architecture.block_type=simple_cls
training.mode=rollout    avg_loss: 0.000000079498  time_per_window : 0.000438   progress : 0.841
name: models.architecture.block_type=simple_cls
training.mode=rollout    avg_loss: 0.000000081682  time_per_window : 0.000445   progress : 0.852
name: models.architecture.block_type=simple_cls
training.mode=rollout    avg_loss: 0.000000083067  time_per_window : 0.000417   progress : 0.863
name: models.architecture.block_type=simple_cls
training.mode=rollout    avg_loss: 0.000000065578  time_per_window : 0.000413   progress : 0.874
name: models.architecture.block_type=simple_cls
training.mode=rollout    avg_loss: 0.000000070403  time_per_window : 0.000428   progress : 0.885
name: models.architecture.block_type=simple_cls
training.mode=rollout    avg_loss: 0.000000075669  time_per_window : 0.000436   progress : 0.896
name: models.architecture.block_type=simple_cls
training.mode=rollout    avg_loss: 0.000000063221  time_per_window : 0.000435   progress : 0.907
name: models.architecture.block_type=simple_cls
training.mode=rollout    avg_loss: 0.000000083964  time_per_window : 0.000395   progress : 0.917
name: models.architecture.block_type=simple_cls
training.mode=rollout    avg_loss: 0.000000105349  time_per_window : 0.000426   progress : 0.928
name: models.architecture.block_type=simple_cls
training.mode=rollout    avg_loss: 0.000000219147  time_per_window : 0.000440   progress : 0.939
name: models.architecture.block_type=simple_cls
training.mode=rollout    avg_loss: 0.000000079655  time_per_window : 0.000379   progress : 0.950
name: models.architecture.block_type=simple_cls
training.mode=rollout    avg_loss: 0.000000078330  time_per_window : 0.000416   progress : 0.961
name: models.architecture.block_type=simple_cls
training.mode=rollout    avg_loss: 0.000000086626  time_per_window : 0.000424   progress : 0.972
name: models.architecture.block_type=simple_cls
training.mode=rollout    avg_loss: 0.000000061240  time_per_window : 0.000438   progress : 0.983
name: models.architecture.block_type=simple_cls
training.mode=rollout    avg_loss: 0.000000075800  time_per_window : 0.000415   progress : 0.994
name: models.architecture.block_type=simple_cls
training.mode=rollout    avg_loss: 0.000020744854  time_per_window : 0.000345   progress : 0.011
name: models.architecture.block_type=simple_cls
training.mode=rollout    avg_loss: 0.000003356749  time_per_window : 0.000407   progress : 0.022
name: models.architecture.block_type=simple_cls
training.mode=rollout    avg_loss: 0.000003080400  time_per_window : 0.000414   progress : 0.033
name: models.architecture.block_type=simple_cls
training.mode=rollout    avg_loss: 0.000003607489  time_per_window : 0.000447   progress : 0.044
name: models.architecture.block_type=simple_cls
training.mode=rollout    avg_loss: 0.000002065049  time_per_window : 0.000370   progress : 0.055
name: models.architecture.block_type=simple_cls
training.mode=rollout    avg_loss: 0.000001589391  time_per_window : 0.000461   progress : 0.066
name: models.architecture.block_type=simple_cls
training.mode=rollout    avg_loss: 0.000001388146  time_per_window : 0.000417   progress : 0.076
name: models.architecture.block_type=simple_cls
training.mode=rollout    avg_loss: 0.000001475735  time_per_window : 0.000459   progress : 0.087
name: models.architecture.block_type=simple_cls
training.mode=rollout    avg_loss: 0.000001544805  time_per_window : 0.000393   progress : 0.098
name: models.architecture.block_type=simple_cls
training.mode=rollout    avg_loss: 0.000001394025  time_per_window : 0.000427   progress : 0.109
name: models.architecture.block_type=simple_cls
training.mode=rollout    avg_loss: 0.000001311742  time_per_window : 0.000391   progress : 0.120
name: models.architecture.block_type=simple_cls
training.mode=rollout    avg_loss: 0.000001465299  time_per_window : 0.000419   progress : 0.131
name: models.architecture.block_type=simple_cls
training.mode=rollout    avg_loss: 0.000001216151  time_per_window : 0.000307   progress : 0.142
name: models.architecture.block_type=simple_cls
training.mode=rollout    avg_loss: 0.000001430085  time_per_window : 0.000337   progress : 0.153
name: models.architecture.block_type=simple_cls
training.mode=rollout    avg_loss: 0.000001239208  time_per_window : 0.000417   progress : 0.164
name: models.architecture.block_type=simple_cls
training.mode=rollout    avg_loss: 0.000001153751  time_per_window : 0.000372   progress : 0.175
name: models.architecture.block_type=simple_cls
training.mode=rollout    avg_loss: 0.000001297335  time_per_window : 0.000444   progress : 0.186
name: models.architecture.block_type=simple_cls
training.mode=rollout    avg_loss: 0.000000973903  time_per_window : 0.000405   progress : 0.197
name: models.architecture.block_type=simple_cls
training.mode=rollout    avg_loss: 0.000000935042  time_per_window : 0.000405   progress : 0.208
name: models.architecture.block_type=simple_cls
training.mode=rollout    avg_loss: 0.000000947938  time_per_window : 0.000445   progress : 0.218
name: models.architecture.block_type=simple_cls
training.mode=rollout    avg_loss: 0.000001309682  time_per_window : 0.000389   progress : 0.229
name: models.architecture.block_type=simple_cls
training.mode=rollout    avg_loss: 0.000001161647  time_per_window : 0.000423   progress : 0.240
name: models.architecture.block_type=simple_cls
training.mode=rollout    avg_loss: 0.000001238223  time_per_window : 0.000343   progress : 0.251
name: models.architecture.block_type=simple_cls
training.mode=rollout    avg_loss: 0.000000891547  time_per_window : 0.000413   progress : 0.262
name: models.architecture.block_type=simple_cls
training.mode=rollout    avg_loss: 0.000000977780  time_per_window : 0.000445   progress : 0.273
name: models.architecture.block_type=simple_cls
training.mode=rollout    avg_loss: 0.000000860508  time_per_window : 0.000381   progress : 0.284
name: models.architecture.block_type=simple_cls
training.mode=rollout    avg_loss: 0.000001025104  time_per_window : 0.000442   progress : 0.295
name: models.architecture.block_type=simple_cls
training.mode=rollout    avg_loss: 0.000000875177  time_per_window : 0.000421   progress : 0.306
name: models.architecture.block_type=simple_cls
training.mode=rollout    avg_loss: 0.000001023114  time_per_window : 0.000424   progress : 0.317
name: models.architecture.block_type=simple_cls
training.mode=rollout    avg_loss: 0.000000934131  time_per_window : 0.000379   progress : 0.328
name: models.architecture.block_type=simple_cls
training.mode=rollout    avg_loss: 0.000000977441  time_per_window : 0.000430   progress : 0.339
name: models.architecture.block_type=simple_cls
training.mode=rollout    avg_loss: 0.000000939659  time_per_window : 0.000478   progress : 0.350
name: models.architecture.block_type=simple_cls
training.mode=rollout    avg_loss: 0.000001098930  time_per_window : 0.000435   progress : 0.360
name: models.architecture.block_type=simple_cls
training.mode=rollout    avg_loss: 0.000000787110  time_per_window : 0.000398   progress : 0.371
name: models.architecture.block_type=simple_cls
training.mode=rollout    avg_loss: 0.000001062171  time_per_window : 0.000409   progress : 0.382
name: models.architecture.block_type=simple_cls
training.mode=rollout    avg_loss: 0.000000900699  time_per_window : 0.000418   progress : 0.393
name: models.architecture.block_type=simple_cls
training.mode=rollout    avg_loss: 0.000000858577  time_per_window : 0.000413   progress : 0.404
name: models.architecture.block_type=simple_cls
training.mode=rollout    avg_loss: 0.000000808292  time_per_window : 0.000418   progress : 0.415
name: models.architecture.block_type=simple_cls
training.mode=rollout    avg_loss: 0.000000810459  time_per_window : 0.000449   progress : 0.426
name: models.architecture.block_type=simple_cls
training.mode=rollout    avg_loss: 0.000000751045  time_per_window : 0.000370   progress : 0.437
name: models.architecture.block_type=simple_cls
training.mode=rollout    avg_loss: 0.000000880013  time_per_window : 0.000434   progress : 0.448
name: models.architecture.block_type=simple_cls
training.mode=rollout    avg_loss: 0.000000711380  time_per_window : 0.000427   progress : 0.459
name: models.architecture.block_type=simple_cls
training.mode=rollout    avg_loss: 0.000000703967  time_per_window : 0.000462   progress : 0.470
name: models.architecture.block_type=simple_cls
training.mode=rollout    avg_loss: 0.000000717477  time_per_window : 0.000371   progress : 0.481
name: models.architecture.block_type=simple_cls
training.mode=rollout    avg_loss: 0.000000743255  time_per_window : 0.000415   progress : 0.492
name: models.architecture.block_type=simple_cls
training.mode=rollout    avg_loss: 0.000000824557  time_per_window : 0.000399   progress : 0.502
name: models.architecture.block_type=simple_cls
training.mode=rollout    avg_loss: 0.000000825702  time_per_window : 0.000409   progress : 0.513
name: models.architecture.block_type=simple_cls
training.mode=rollout    avg_loss: 0.000000812298  time_per_window : 0.000376   progress : 0.524
name: models.architecture.block_type=simple_cls
training.mode=rollout    avg_loss: 0.000000782301  time_per_window : 0.000437   progress : 0.535
name: models.architecture.block_type=simple_cls
training.mode=rollout    avg_loss: 0.000000895917  time_per_window : 0.000364   progress : 0.546
name: models.architecture.block_type=simple_cls
training.mode=rollout    avg_loss: 0.000000689791  time_per_window : 0.000436   progress : 0.557
name: models.architecture.block_type=simple_cls
training.mode=rollout    avg_loss: 0.000000822289  time_per_window : 0.000428   progress : 0.568
name: models.architecture.block_type=simple_cls
training.mode=rollout    avg_loss: 0.000000739418  time_per_window : 0.000443   progress : 0.579
name: models.architecture.block_type=simple_cls
training.mode=rollout    avg_loss: 0.000000704969  time_per_window : 0.000433   progress : 0.590
name: models.architecture.block_type=simple_cls
training.mode=rollout    avg_loss: 0.000000702191  time_per_window : 0.000440   progress : 0.601
name: models.architecture.block_type=simple_cls
training.mode=rollout    avg_loss: 0.000000754493  time_per_window : 0.000460   progress : 0.612
name: models.architecture.block_type=simple_cls
training.mode=rollout    avg_loss: 0.000000730320  time_per_window : 0.000395   progress : 0.623
name: models.architecture.block_type=simple_cls
training.mode=rollout    avg_loss: 0.000000845394  time_per_window : 0.000420   progress : 0.634
name: models.architecture.block_type=simple_cls
training.mode=rollout    avg_loss: 0.000000631733  time_per_window : 0.000424   progress : 0.644
name: models.architecture.block_type=simple_cls
training.mode=rollout    avg_loss: 0.000000748472  time_per_window : 0.000476   progress : 0.655
name: models.architecture.block_type=simple_cls
training.mode=rollout    avg_loss: 0.000000737664  time_per_window : 0.000485   progress : 0.666
name: models.architecture.block_type=simple_cls
training.mode=rollout    avg_loss: 0.000000846166  time_per_window : 0.000377   progress : 0.677
name: models.architecture.block_type=simple_cls
training.mode=rollout    avg_loss: 0.000000650933  time_per_window : 0.000403   progress : 0.688
name: models.architecture.block_type=simple_cls
training.mode=rollout    avg_loss: 0.000000762408  time_per_window : 0.000398   progress : 0.699
name: models.architecture.block_type=simple_cls
training.mode=rollout    avg_loss: 0.000000671208  time_per_window : 0.000358   progress : 0.710
name: models.architecture.block_type=simple_cls
training.mode=rollout    avg_loss: 0.000000596088  time_per_window : 0.000366   progress : 0.721
name: models.architecture.block_type=simple_cls
training.mode=rollout    avg_loss: 0.000000725191  time_per_window : 0.000419   progress : 0.732
name: models.architecture.block_type=simple_cls
training.mode=rollout    avg_loss: 0.000000703565  time_per_window : 0.000466   progress : 0.743
name: models.architecture.block_type=simple_cls
training.mode=rollout    avg_loss: 0.000000776651  time_per_window : 0.000395   progress : 0.754
name: models.architecture.block_type=simple_cls
training.mode=rollout    avg_loss: 0.000000863875  time_per_window : 0.000381   progress : 0.765
name: models.architecture.block_type=simple_cls
training.mode=rollout    avg_loss: 0.000000750822  time_per_window : 0.000396   progress : 0.775
name: models.architecture.block_type=simple_cls
training.mode=rollout    avg_loss: 0.000000664482  time_per_window : 0.000434   progress : 0.786
name: models.architecture.block_type=simple_cls
training.mode=rollout    avg_loss: 0.000000675907  time_per_window : 0.000403   progress : 0.797
name: models.architecture.block_type=simple_cls
training.mode=rollout    avg_loss: 0.000000729259  time_per_window : 0.000383   progress : 0.808
name: models.architecture.block_type=simple_cls
training.mode=rollout    avg_loss: 0.000000745531  time_per_window : 0.000410   progress : 0.819
name: models.architecture.block_type=simple_cls
training.mode=rollout    avg_loss: 0.000000534533  time_per_window : 0.000446   progress : 0.830
name: models.architecture.block_type=simple_cls
training.mode=rollout    avg_loss: 0.000000770461  time_per_window : 0.000389   progress : 0.841
name: models.architecture.block_type=simple_cls
training.mode=rollout    avg_loss: 0.000000644464  time_per_window : 0.000412   progress : 0.852
name: models.architecture.block_type=simple_cls
training.mode=rollout    avg_loss: 0.000000683652  time_per_window : 0.000421   progress : 0.863
name: models.architecture.block_type=simple_cls
training.mode=rollout    avg_loss: 0.000000678815  time_per_window : 0.000413   progress : 0.874
name: models.architecture.block_type=simple_cls
training.mode=rollout    avg_loss: 0.000000611739  time_per_window : 0.000392   progress : 0.885
name: models.architecture.block_type=simple_cls
training.mode=rollout    avg_loss: 0.000000672381  time_per_window : 0.000451   progress : 0.896
name: models.architecture.block_type=simple_cls
training.mode=rollout    avg_loss: 0.000000651374  time_per_window : 0.000408   progress : 0.907
name: models.architecture.block_type=simple_cls
training.mode=rollout    avg_loss: 0.000000569986  time_per_window : 0.000403   progress : 0.917
name: models.architecture.block_type=simple_cls
training.mode=rollout    avg_loss: 0.000000697491  time_per_window : 0.000409   progress : 0.928
name: models.architecture.block_type=simple_cls
training.mode=rollout    avg_loss: 0.000000679791  time_per_window : 0.000420   progress : 0.939
name: models.architecture.block_type=simple_cls
training.mode=rollout    avg_loss: 0.000000642406  time_per_window : 0.000405   progress : 0.950
name: models.architecture.block_type=simple_cls
training.mode=rollout    avg_loss: 0.000000715316  time_per_window : 0.000389   progress : 0.961
name: models.architecture.block_type=simple_cls
training.mode=rollout    avg_loss: 0.000000702702  time_per_window : 0.000455   progress : 0.972
name: models.architecture.block_type=simple_cls
training.mode=rollout    avg_loss: 0.000000430857  time_per_window : 0.000408   progress : 0.983
name: models.architecture.block_type=simple_cls
training.mode=rollout    avg_loss: 0.000000673503  time_per_window : 0.000364   progress : 0.994
name: models.architecture.block_type=simple_cls
training.mode=rollout    avg_loss: 0.000001492329  time_per_window : 0.000427   progress : 0.011
name: models.architecture.block_type=simple_cls
training.mode=rollout    avg_loss: 0.000001087311  time_per_window : 0.000400   progress : 0.022
name: models.architecture.block_type=simple_cls
training.mode=rollout    avg_loss: 0.000001132271  time_per_window : 0.000386   progress : 0.033
name: models.architecture.block_type=simple_cls
training.mode=rollout    avg_loss: 0.000000884785  time_per_window : 0.000356   progress : 0.044
name: models.architecture.block_type=simple_cls
training.mode=rollout    avg_loss: 0.000001035378  time_per_window : 0.000388   progress : 0.055
name: models.architecture.block_type=simple_cls
training.mode=rollout    avg_loss: 0.000000769440  time_per_window : 0.000420   progress : 0.066
name: models.architecture.block_type=simple_cls
training.mode=rollout    avg_loss: 0.000000890628  time_per_window : 0.000422   progress : 0.076
name: models.architecture.block_type=simple_cls
training.mode=rollout    avg_loss: 0.000000746471  time_per_window : 0.000382   progress : 0.087
name: models.architecture.block_type=simple_cls
training.mode=rollout    avg_loss: 0.000000838361  time_per_window : 0.000407   progress : 0.098
name: models.architecture.block_type=simple_cls
training.mode=rollout    avg_loss: 0.000000854966  time_per_window : 0.000407   progress : 0.109
name: models.architecture.block_type=simple_cls
training.mode=rollout    avg_loss: 0.000000707173  time_per_window : 0.000434   progress : 0.120
name: models.architecture.block_type=simple_cls
training.mode=rollout    avg_loss: 0.000001099283  time_per_window : 0.000412   progress : 0.131
name: models.architecture.block_type=simple_cls
training.mode=rollout    avg_loss: 0.000000809876  time_per_window : 0.000389   progress : 0.142
name: models.architecture.block_type=simple_cls
training.mode=rollout    avg_loss: 0.000000927116  time_per_window : 0.000355   progress : 0.153
name: models.architecture.block_type=simple_cls
training.mode=rollout    avg_loss: 0.000000798994  time_per_window : 0.000437   progress : 0.164
name: models.architecture.block_type=simple_cls
training.mode=rollout    avg_loss: 0.000000705273  time_per_window : 0.000382   progress : 0.175
name: models.architecture.block_type=simple_cls
training.mode=rollout    avg_loss: 0.000000863751  time_per_window : 0.000413   progress : 0.186
name: models.architecture.block_type=simple_cls
training.mode=rollout    avg_loss: 0.000000675628  time_per_window : 0.000413   progress : 0.197
name: models.architecture.block_type=simple_cls
training.mode=rollout    avg_loss: 0.000000763959  time_per_window : 0.000452   progress : 0.208
name: models.architecture.block_type=simple_cls
training.mode=rollout    avg_loss: 0.000000718828  time_per_window : 0.000425   progress : 0.218
name: models.architecture.block_type=simple_cls
training.mode=rollout    avg_loss: 0.000000878767  time_per_window : 0.000427   progress : 0.229
name: models.architecture.block_type=simple_cls
training.mode=rollout    avg_loss: 0.000000821873  time_per_window : 0.000421   progress : 0.240
name: models.architecture.block_type=simple_cls
training.mode=rollout    avg_loss: 0.000000720060  time_per_window : 0.000357   progress : 0.251
name: models.architecture.block_type=simple_cls
training.mode=rollout    avg_loss: 0.000000786091  time_per_window : 0.000427   progress : 0.262
name: models.architecture.block_type=simple_cls
training.mode=rollout    avg_loss: 0.000000843215  time_per_window : 0.000455   progress : 0.273
name: models.architecture.block_type=simple_cls
training.mode=rollout    avg_loss: 0.000000626295  time_per_window : 0.000369   progress : 0.284
name: models.architecture.block_type=simple_cls
training.mode=rollout    avg_loss: 0.000000776693  time_per_window : 0.000447   progress : 0.295
name: models.architecture.block_type=simple_cls
training.mode=rollout    avg_loss: 0.000000663630  time_per_window : 0.000348   progress : 0.306
name: models.architecture.block_type=simple_cls
training.mode=rollout    avg_loss: 0.000000753821  time_per_window : 0.000397   progress : 0.317
name: models.architecture.block_type=simple_cls
training.mode=rollout    avg_loss: 0.000000679790  time_per_window : 0.000355   progress : 0.328
name: models.architecture.block_type=simple_cls
training.mode=rollout    avg_loss: 0.000000741635  time_per_window : 0.000445   progress : 0.339
name: models.architecture.block_type=simple_cls
training.mode=rollout    avg_loss: 0.000000829924  time_per_window : 0.000387   progress : 0.350
name: models.architecture.block_type=simple_cls
training.mode=rollout    avg_loss: 0.000000928947  time_per_window : 0.000409   progress : 0.360
name: models.architecture.block_type=simple_cls
training.mode=rollout    avg_loss: 0.000000607950  time_per_window : 0.000397   progress : 0.371
name: models.architecture.block_type=simple_cls
training.mode=rollout    avg_loss: 0.000000968102  time_per_window : 0.000384   progress : 0.382
name: models.architecture.block_type=simple_cls
training.mode=rollout    avg_loss: 0.000000672580  time_per_window : 0.000420   progress : 0.393
name: models.architecture.block_type=simple_cls
training.mode=rollout    avg_loss: 0.000000827872  time_per_window : 0.000455   progress : 0.404
name: models.architecture.block_type=simple_cls
training.mode=rollout    avg_loss: 0.000000734531  time_per_window : 0.000405   progress : 0.415
name: models.architecture.block_type=simple_cls
training.mode=rollout    avg_loss: 0.000000702415  time_per_window : 0.000391   progress : 0.426
name: models.architecture.block_type=simple_cls
training.mode=rollout    avg_loss: 0.000000775398  time_per_window : 0.000458   progress : 0.437
name: models.architecture.block_type=simple_cls
training.mode=rollout    avg_loss: 0.000000770493  time_per_window : 0.000410   progress : 0.448
name: models.architecture.block_type=simple_cls
training.mode=rollout    avg_loss: 0.000000689076  time_per_window : 0.000431   progress : 0.459
name: models.architecture.block_type=simple_cls
training.mode=rollout    avg_loss: 0.000000665815  time_per_window : 0.000423   progress : 0.470
name: models.architecture.block_type=simple_cls
training.mode=rollout    avg_loss: 0.000000575549  time_per_window : 0.000421   progress : 0.481
name: models.architecture.block_type=simple_cls
training.mode=rollout    avg_loss: 0.000000693216  time_per_window : 0.000442   progress : 0.492
name: models.architecture.block_type=simple_cls
training.mode=rollout    avg_loss: 0.000000701428  time_per_window : 0.000382   progress : 0.502
name: models.architecture.block_type=simple_cls
training.mode=rollout    avg_loss: 0.000000664940  time_per_window : 0.000393   progress : 0.513
name: models.architecture.block_type=simple_cls
training.mode=rollout    avg_loss: 0.000000750047  time_per_window : 0.000471   progress : 0.524
name: models.architecture.block_type=simple_cls
training.mode=rollout    avg_loss: 0.000000867855  time_per_window : 0.000440   progress : 0.535
name: models.architecture.block_type=simple_cls
training.mode=rollout    avg_loss: 0.000000602714  time_per_window : 0.000415   progress : 0.546
name: models.architecture.block_type=simple_cls
training.mode=rollout    avg_loss: 0.000000664054  time_per_window : 0.000404   progress : 0.557
name: models.architecture.block_type=simple_cls
training.mode=rollout    avg_loss: 0.000000780303  time_per_window : 0.000393   progress : 0.568
name: models.architecture.block_type=simple_cls
training.mode=rollout    avg_loss: 0.000000566556  time_per_window : 0.000419   progress : 0.579
name: models.architecture.block_type=simple_cls
training.mode=rollout    avg_loss: 0.000000775587  time_per_window : 0.000380   progress : 0.590
name: models.architecture.block_type=simple_cls
training.mode=rollout    avg_loss: 0.000000589655  time_per_window : 0.000402   progress : 0.601
name: models.architecture.block_type=simple_cls
training.mode=rollout    avg_loss: 0.000000687104  time_per_window : 0.000395   progress : 0.612
name: models.architecture.block_type=simple_cls
training.mode=rollout    avg_loss: 0.000000641705  time_per_window : 0.000399   progress : 0.623
name: models.architecture.block_type=simple_cls
training.mode=rollout    avg_loss: 0.000000750617  time_per_window : 0.000392   progress : 0.634
name: models.architecture.block_type=simple_cls
training.mode=rollout    avg_loss: 0.000000640169  time_per_window : 0.000434   progress : 0.644
name: models.architecture.block_type=simple_cls
training.mode=rollout    avg_loss: 0.000000640484  time_per_window : 0.000392   progress : 0.655
name: models.architecture.block_type=simple_cls
training.mode=rollout    avg_loss: 0.000000670042  time_per_window : 0.000367   progress : 0.666
name: models.architecture.block_type=simple_cls
training.mode=rollout    avg_loss: 0.000000627932  time_per_window : 0.000436   progress : 0.677
name: models.architecture.block_type=simple_cls
training.mode=rollout    avg_loss: 0.000000620660  time_per_window : 0.000378   progress : 0.688
name: models.architecture.block_type=simple_cls
training.mode=rollout    avg_loss: 0.000000608439  time_per_window : 0.000406   progress : 0.699
name: models.architecture.block_type=simple_cls
training.mode=rollout    avg_loss: 0.000000601534  time_per_window : 0.000429   progress : 0.710
name: models.architecture.block_type=simple_cls
training.mode=rollout    avg_loss: 0.000000548780  time_per_window : 0.000352   progress : 0.721
name: models.architecture.block_type=simple_cls
training.mode=rollout    avg_loss: 0.000000681099  time_per_window : 0.000459   progress : 0.732
name: models.architecture.block_type=simple_cls
training.mode=rollout    avg_loss: 0.000000665359  time_per_window : 0.000414   progress : 0.743
name: models.architecture.block_type=simple_cls
training.mode=rollout    avg_loss: 0.000000584298  time_per_window : 0.000413   progress : 0.754
name: models.architecture.block_type=simple_cls
training.mode=rollout    avg_loss: 0.000000810353  time_per_window : 0.000405   progress : 0.765
name: models.architecture.block_type=simple_cls
training.mode=rollout    avg_loss: 0.000000563985  time_per_window : 0.000400   progress : 0.775
name: models.architecture.block_type=simple_cls
training.mode=rollout    avg_loss: 0.000000551773  time_per_window : 0.000454   progress : 0.786
name: models.architecture.block_type=simple_cls
training.mode=rollout    avg_loss: 0.000000662619  time_per_window : 0.000424   progress : 0.797
name: models.architecture.block_type=simple_cls
training.mode=rollout    avg_loss: 0.000000622349  time_per_window : 0.000395   progress : 0.808
name: models.architecture.block_type=simple_cls
training.mode=rollout    avg_loss: 0.000000671373  time_per_window : 0.000383   progress : 0.819
name: models.architecture.block_type=simple_cls
training.mode=rollout    avg_loss: 0.000000622811  time_per_window : 0.000356   progress : 0.830
name: models.architecture.block_type=simple_cls
training.mode=rollout    avg_loss: 0.000000631407  time_per_window : 0.000411   progress : 0.841
name: models.architecture.block_type=simple_cls
training.mode=rollout    avg_loss: 0.000000688038  time_per_window : 0.000423   progress : 0.852
name: models.architecture.block_type=simple_cls
training.mode=rollout    avg_loss: 0.000000677743  time_per_window : 0.000436   progress : 0.863
name: models.architecture.block_type=simple_cls
training.mode=rollout    avg_loss: 0.000000570096  time_per_window : 0.000448   progress : 0.874
name: models.architecture.block_type=simple_cls
training.mode=rollout    avg_loss: 0.000000551503  time_per_window : 0.000391   progress : 0.885
name: models.architecture.block_type=simple_cls
training.mode=rollout    avg_loss: 0.000000523543  time_per_window : 0.000356   progress : 0.896
name: models.architecture.block_type=simple_cls
training.mode=rollout    avg_loss: 0.000000582127  time_per_window : 0.000382   progress : 0.907
name: models.architecture.block_type=simple_cls
training.mode=rollout    avg_loss: 0.000000515047  time_per_window : 0.000426   progress : 0.917
name: models.architecture.block_type=simple_cls
training.mode=rollout    avg_loss: 0.000000547381  time_per_window : 0.000405   progress : 0.928
name: models.architecture.block_type=simple_cls
training.mode=rollout    avg_loss: 0.000000700607  time_per_window : 0.000433   progress : 0.939
name: models.architecture.block_type=simple_cls
training.mode=rollout    avg_loss: 0.000000561295  time_per_window : 0.000391   progress : 0.950
name: models.architecture.block_type=simple_cls
training.mode=rollout    avg_loss: 0.000000611264  time_per_window : 0.000362   progress : 0.961
name: models.architecture.block_type=simple_cls
training.mode=rollout    avg_loss: 0.000000585861  time_per_window : 0.000417   progress : 0.972
name: models.architecture.block_type=simple_cls
training.mode=rollout    avg_loss: 0.000000492447  time_per_window : 0.000371   progress : 0.983
name: models.architecture.block_type=simple_cls
training.mode=rollout    avg_loss: 0.000000614580  time_per_window : 0.000448   progress : 0.994
DONE!!!
