/home/jdihardjo/miniconda3/envs/mavenv/lib/python3.11/site-packages/hydra/_internal/defaults_list.py:251: UserWarning: In 'config': Defaults list is missing `_self_`. See https://hydra.cc/docs/1.2/upgrades/1.0_to_1.1/default_composition_order for more information
  warnings.warn(msg, UserWarning)
Using cuda device
[2026-07-27 13:41:03,786][HYDRA] Joblib.Parallel(n_jobs=6,backend=loky,prefer=processes,require=None,verbose=0,timeout=None,pre_dispatch=2*n_jobs,batch_size=auto,temp_folder=None,max_nbytes=None,mmap_mode=r) is launching 1 jobs
[2026-07-27 13:41:03,786][HYDRA] Launching jobs, sweep output dir : ablation_logvar/runs/2026-07-27_13-40-54/cls_gml_out10
[2026-07-27 13:41:03,786][HYDRA] 	#0 : models.architecture.block_type=cls training.mode=gml_rollout models.out_dim=10 seed=0
/home/jdihardjo/miniconda3/envs/mavenv/lib/python3.11/site-packages/hydra/_internal/defaults_list.py:251: UserWarning: In 'config': Defaults list is missing `_self_`. See https://hydra.cc/docs/1.2/upgrades/1.0_to_1.1/default_composition_order for more information
  warnings.warn(msg, UserWarning)
models:
  n_dim: 23
  out_dim: 10
  architecture:
    d_model: 128
    n_encoder_layers: 2
    n_decoder_layers: 0
    block_type: cls
    time_adapter: last_token
    in_norm: none
    out_norm: none
    layer_scale: 0.0001
    drop_path: 0.05
    mamba_type: mamba
    mamba_kwargs:
      d_state: 16
      d_conv: 2
      expand: 2
      norm: rms
    skip: false
    cls_kwargs:
      n_heads: 2
      n_mlp: 2
      positional_encoding: false
      max_len: 5000
input_len: 32
output_len: 1
batch_size: 128
epochs: 5
seed: 0
dataset:
  path: /home/jdihardjo/simdata/train.zarr/
  training_size: 1500000
evaluation:
  path: /home/jdihardjo/simdata/evaluation.zarr/
  evaluation_size: 50
training:
  mode: gml_rollout
  lr: 0.0002
  weight_decay: 0.1
  rollout_steps: 16
checkpoint:
  save_path: hydra-test.pth
  load: false
  path: hydra-test.pth
compile: true

/home/jdihardjo/miniconda3/envs/mavenv/lib/python3.11/site-packages/torch/_inductor/cudagraph_trees.py:2622: UserWarning: Unable to hit fast path of CUDAGraphs because outputs from a previous step still require backward. Ensure backward() is invoked or detach outputs. You may also call torch.compiler.cudagraph_mark_step_begin() before each model invocation.
  warnings.warn(
name: models.architecture.block_type=cls
training.mode=gml_rollout
models.out_dim=10
seed=0    avg_loss: 0.000073028787  time_per_window : 0.000295   progress : 0.011
name: models.architecture.block_type=cls
training.mode=gml_rollout
models.out_dim=10
seed=0    avg_loss: 0.000000461820  time_per_window : 0.000547   progress : 0.022
name: models.architecture.block_type=cls
training.mode=gml_rollout
models.out_dim=10
seed=0    avg_loss: 0.000000270613  time_per_window : 0.000339   progress : 0.033
name: models.architecture.block_type=cls
training.mode=gml_rollout
models.out_dim=10
seed=0    avg_loss: 0.000000222241  time_per_window : 0.000521   progress : 0.044
name: models.architecture.block_type=cls
training.mode=gml_rollout
models.out_dim=10
seed=0    avg_loss: 0.000000189005  time_per_window : 0.000414   progress : 0.055
name: models.architecture.block_type=cls
training.mode=gml_rollout
models.out_dim=10
seed=0    avg_loss: 0.000000165581  time_per_window : 0.000490   progress : 0.066
name: models.architecture.block_type=cls
training.mode=gml_rollout
models.out_dim=10
seed=0    avg_loss: 0.000000144842  time_per_window : 0.000395   progress : 0.076
name: models.architecture.block_type=cls
training.mode=gml_rollout
models.out_dim=10
seed=0    avg_loss: 0.000000131614  time_per_window : 0.000283   progress : 0.087
name: models.architecture.block_type=cls
training.mode=gml_rollout
models.out_dim=10
seed=0    avg_loss: 0.000000119749  time_per_window : 0.000476   progress : 0.098
name: models.architecture.block_type=cls
training.mode=gml_rollout
models.out_dim=10
seed=0    avg_loss: 0.000000113156  time_per_window : 0.000522   progress : 0.109
name: models.architecture.block_type=cls
training.mode=gml_rollout
models.out_dim=10
seed=0    avg_loss: 0.000000102387  time_per_window : 0.000474   progress : 0.120
name: models.architecture.block_type=cls
training.mode=gml_rollout
models.out_dim=10
seed=0    avg_loss: 0.000000091948  time_per_window : 0.000509   progress : 0.131
name: models.architecture.block_type=cls
training.mode=gml_rollout
models.out_dim=10
seed=0    avg_loss: 0.000000094740  time_per_window : 0.000334   progress : 0.142
name: models.architecture.block_type=cls
training.mode=gml_rollout
models.out_dim=10
seed=0    avg_loss: 0.000000091567  time_per_window : 0.000501   progress : 0.153
name: models.architecture.block_type=cls
training.mode=gml_rollout
models.out_dim=10
seed=0    avg_loss: 0.000000078339  time_per_window : 0.000471   progress : 0.164
name: models.architecture.block_type=cls
training.mode=gml_rollout
models.out_dim=10
seed=0    avg_loss: 0.000000080564  time_per_window : 0.000381   progress : 0.175
name: models.architecture.block_type=cls
training.mode=gml_rollout
models.out_dim=10
seed=0    avg_loss: 0.000000080849  time_per_window : 0.000479   progress : 0.186
name: models.architecture.block_type=cls
training.mode=gml_rollout
models.out_dim=10
seed=0    avg_loss: 0.000000102990  time_per_window : 0.000505   progress : 0.197
name: models.architecture.block_type=cls
training.mode=gml_rollout
models.out_dim=10
seed=0    avg_loss: 0.000000109026  time_per_window : 0.000360   progress : 0.208
name: models.architecture.block_type=cls
training.mode=gml_rollout
models.out_dim=10
seed=0    avg_loss: 0.000000096739  time_per_window : 0.000309   progress : 0.218
name: models.architecture.block_type=cls
training.mode=gml_rollout
models.out_dim=10
seed=0    avg_loss: 0.000000112138  time_per_window : 0.000550   progress : 0.229
name: models.architecture.block_type=cls
training.mode=gml_rollout
models.out_dim=10
seed=0    avg_loss: 0.000000092704  time_per_window : 0.000331   progress : 0.240
name: models.architecture.block_type=cls
training.mode=gml_rollout
models.out_dim=10
seed=0    avg_loss: 0.000000123391  time_per_window : 0.000488   progress : 0.251
name: models.architecture.block_type=cls
training.mode=gml_rollout
models.out_dim=10
seed=0    avg_loss: 0.000000103457  time_per_window : 0.000309   progress : 0.262
name: models.architecture.block_type=cls
training.mode=gml_rollout
models.out_dim=10
seed=0    avg_loss: 0.000000116607  time_per_window : 0.000361   progress : 0.273
name: models.architecture.block_type=cls
training.mode=gml_rollout
models.out_dim=10
seed=0    avg_loss: 0.000000106955  time_per_window : 0.000513   progress : 0.284
name: models.architecture.block_type=cls
training.mode=gml_rollout
models.out_dim=10
seed=0    avg_loss: 0.000000139563  time_per_window : 0.000273   progress : 0.295
name: models.architecture.block_type=cls
training.mode=gml_rollout
models.out_dim=10
seed=0    avg_loss: 0.000000085257  time_per_window : 0.000384   progress : 0.306
name: models.architecture.block_type=cls
training.mode=gml_rollout
models.out_dim=10
seed=0    avg_loss: 0.000000135154  time_per_window : 0.000449   progress : 0.317
name: models.architecture.block_type=cls
training.mode=gml_rollout
models.out_dim=10
seed=0    avg_loss: 0.000000101944  time_per_window : 0.000384   progress : 0.328
name: models.architecture.block_type=cls
training.mode=gml_rollout
models.out_dim=10
seed=0    avg_loss: 0.000000140272  time_per_window : 0.000510   progress : 0.339
name: models.architecture.block_type=cls
training.mode=gml_rollout
models.out_dim=10
seed=0    avg_loss: 0.000000102285  time_per_window : 0.000491   progress : 0.350
name: models.architecture.block_type=cls
training.mode=gml_rollout
models.out_dim=10
seed=0    avg_loss: 0.000000096836  time_per_window : 0.000369   progress : 0.360
name: models.architecture.block_type=cls
training.mode=gml_rollout
models.out_dim=10
seed=0    avg_loss: 0.000000116048  time_per_window : 0.000527   progress : 0.371
name: models.architecture.block_type=cls
training.mode=gml_rollout
models.out_dim=10
seed=0    avg_loss: 0.000000100934  time_per_window : 0.000517   progress : 0.382
name: models.architecture.block_type=cls
training.mode=gml_rollout
models.out_dim=10
seed=0    avg_loss: 0.000000114839  time_per_window : 0.000413   progress : 0.393
name: models.architecture.block_type=cls
training.mode=gml_rollout
models.out_dim=10
seed=0    avg_loss: 0.000000108241  time_per_window : 0.000492   progress : 0.404
name: models.architecture.block_type=cls
training.mode=gml_rollout
models.out_dim=10
seed=0    avg_loss: 0.000000105411  time_per_window : 0.000327   progress : 0.415
name: models.architecture.block_type=cls
training.mode=gml_rollout
models.out_dim=10
seed=0    avg_loss: 0.000000095418  time_per_window : 0.000488   progress : 0.426
name: models.architecture.block_type=cls
training.mode=gml_rollout
models.out_dim=10
seed=0    avg_loss: 0.000000113168  time_per_window : 0.000483   progress : 0.437
name: models.architecture.block_type=cls
training.mode=gml_rollout
models.out_dim=10
seed=0    avg_loss: 0.000000118693  time_per_window : 0.000455   progress : 0.448
name: models.architecture.block_type=cls
training.mode=gml_rollout
models.out_dim=10
seed=0    avg_loss: 0.000000089418  time_per_window : 0.000518   progress : 0.459
name: models.architecture.block_type=cls
training.mode=gml_rollout
models.out_dim=10
seed=0    avg_loss: 0.000000113111  time_per_window : 0.000343   progress : 0.470
name: models.architecture.block_type=cls
training.mode=gml_rollout
models.out_dim=10
seed=0    avg_loss: 0.000000086398  time_per_window : 0.000628   progress : 0.481
name: models.architecture.block_type=cls
training.mode=gml_rollout
models.out_dim=10
seed=0    avg_loss: 0.000000103531  time_per_window : 0.000313   progress : 0.492
name: models.architecture.block_type=cls
training.mode=gml_rollout
models.out_dim=10
seed=0    avg_loss: 0.000000097481  time_per_window : 0.000519   progress : 0.502
name: models.architecture.block_type=cls
training.mode=gml_rollout
models.out_dim=10
seed=0    avg_loss: 0.000000109964  time_per_window : 0.000320   progress : 0.513
name: models.architecture.block_type=cls
training.mode=gml_rollout
models.out_dim=10
seed=0    avg_loss: 0.000000093401  time_per_window : 0.000350   progress : 0.524
name: models.architecture.block_type=cls
training.mode=gml_rollout
models.out_dim=10
seed=0    avg_loss: 0.000000096015  time_per_window : 0.000503   progress : 0.535
name: models.architecture.block_type=cls
training.mode=gml_rollout
models.out_dim=10
seed=0    avg_loss: 0.000000091979  time_per_window : 0.000453   progress : 0.546/home/jdihardjo/miniconda3/envs/mavenv/lib/python3.11/site-packages/torch/_inductor/cudagraph_trees.py:2622: UserWarning: Unable to hit fast path of CUDAGraphs because outputs from a previous step still require backward. Ensure backward() is invoked or detach outputs. You may also call torch.compiler.cudagraph_mark_step_begin() before each model invocation.
  warnings.warn(
/home/jdihardjo/miniconda3/envs/mavenv/lib/python3.11/site-packages/torch/_inductor/cudagraph_trees.py:2622: UserWarning: Unable to hit fast path of CUDAGraphs because outputs from a previous step still require backward. Ensure backward() is invoked or detach outputs. You may also call torch.compiler.cudagraph_mark_step_begin() before each model invocation.
  warnings.warn(

name: models.architecture.block_type=cls
training.mode=gml_rollout
models.out_dim=10
seed=0    avg_loss: 0.000000085239  time_per_window : 0.000459   progress : 0.557
name: models.architecture.block_type=cls
training.mode=gml_rollout
models.out_dim=10
seed=0    avg_loss: 0.000000100620  time_per_window : 0.000527   progress : 0.568
name: models.architecture.block_type=cls
training.mode=gml_rollout
models.out_dim=10
seed=0    avg_loss: 0.000000089232  time_per_window : 0.000510   progress : 0.579
name: models.architecture.block_type=cls
training.mode=gml_rollout
models.out_dim=10
seed=0    avg_loss: 0.000000085242  time_per_window : 0.000330   progress : 0.590
name: models.architecture.block_type=cls
training.mode=gml_rollout
models.out_dim=10
seed=0    avg_loss: 0.000000086691  time_per_window : 0.000481   progress : 0.601
name: models.architecture.block_type=cls
training.mode=gml_rollout
models.out_dim=10
seed=0    avg_loss: 0.000000080554  time_per_window : 0.000499   progress : 0.612
name: models.architecture.block_type=cls
training.mode=gml_rollout
models.out_dim=10
seed=0    avg_loss: 0.000000084887  time_per_window : 0.000375   progress : 0.623
name: models.architecture.block_type=cls
training.mode=gml_rollout
models.out_dim=10
seed=0    avg_loss: 0.000000078856  time_per_window : 0.000321   progress : 0.634
name: models.architecture.block_type=cls
training.mode=gml_rollout
models.out_dim=10
seed=0    avg_loss: 0.000000079537  time_per_window : 0.000385   progress : 0.644
name: models.architecture.block_type=cls
training.mode=gml_rollout
models.out_dim=10
seed=0    avg_loss: 0.000000087868  time_per_window : 0.000576   progress : 0.655
name: models.architecture.block_type=cls
training.mode=gml_rollout
models.out_dim=10
seed=0    avg_loss: 0.000000075813  time_per_window : 0.000315   progress : 0.666
name: models.architecture.block_type=cls
training.mode=gml_rollout
models.out_dim=10
seed=0    avg_loss: 0.000000084081  time_per_window : 0.000345   progress : 0.677
name: models.architecture.block_type=cls
training.mode=gml_rollout
models.out_dim=10
seed=0    avg_loss: 0.000000075522  time_per_window : 0.000366   progress : 0.688
name: models.architecture.block_type=cls
training.mode=gml_rollout
models.out_dim=10
seed=0    avg_loss: 0.000000087751  time_per_window : 0.000461   progress : 0.699
name: models.architecture.block_type=cls
training.mode=gml_rollout
models.out_dim=10
seed=0    avg_loss: 0.000000075836  time_per_window : 0.000517   progress : 0.710
name: models.architecture.block_type=cls
training.mode=gml_rollout
models.out_dim=10
seed=0    avg_loss: 0.000000073411  time_per_window : 0.000465   progress : 0.721
name: models.architecture.block_type=cls
training.mode=gml_rollout
models.out_dim=10
seed=0    avg_loss: 0.000000075721  time_per_window : 0.000340   progress : 0.732
name: models.architecture.block_type=cls
training.mode=gml_rollout
models.out_dim=10
seed=0    avg_loss: 0.000000076436  time_per_window : 0.000421   progress : 0.743
name: models.architecture.block_type=cls
training.mode=gml_rollout
models.out_dim=10
seed=0    avg_loss: 0.000000068720  time_per_window : 0.000479   progress : 0.754
name: models.architecture.block_type=cls
training.mode=gml_rollout
models.out_dim=10
seed=0    avg_loss: 0.000000071840  time_per_window : 0.000525   progress : 0.765
name: models.architecture.block_type=cls
training.mode=gml_rollout
models.out_dim=10
seed=0    avg_loss: 0.000000079440  time_per_window : 0.000307   progress : 0.775
name: models.architecture.block_type=cls
training.mode=gml_rollout
models.out_dim=10
seed=0    avg_loss: 0.000000076153  time_per_window : 0.000488   progress : 0.786
name: models.architecture.block_type=cls
training.mode=gml_rollout
models.out_dim=10
seed=0    avg_loss: 0.000000062803  time_per_window : 0.000293   progress : 0.797
name: models.architecture.block_type=cls
training.mode=gml_rollout
models.out_dim=10
seed=0    avg_loss: 0.000000064150  time_per_window : 0.000517   progress : 0.808
name: models.architecture.block_type=cls
training.mode=gml_rollout
models.out_dim=10
seed=0    avg_loss: 0.000000068202  time_per_window : 0.000317   progress : 0.819
name: models.architecture.block_type=cls
training.mode=gml_rollout
models.out_dim=10
seed=0    avg_loss: 0.000000065558  time_per_window : 0.000451   progress : 0.830
name: models.architecture.block_type=cls
training.mode=gml_rollout
models.out_dim=10
seed=0    avg_loss: 0.000000057350  time_per_window : 0.000524   progress : 0.841
name: models.architecture.block_type=cls
training.mode=gml_rollout
models.out_dim=10
seed=0    avg_loss: 0.000000075078  time_per_window : 0.000493   progress : 0.852
name: models.architecture.block_type=cls
training.mode=gml_rollout
models.out_dim=10
seed=0    avg_loss: 0.000000068048  time_per_window : 0.000462   progress : 0.863
name: models.architecture.block_type=cls
training.mode=gml_rollout
models.out_dim=10
seed=0    avg_loss: 0.000000063635  time_per_window : 0.000303   progress : 0.874
name: models.architecture.block_type=cls
training.mode=gml_rollout
models.out_dim=10
seed=0    avg_loss: 0.000000065567  time_per_window : 0.000471   progress : 0.885
name: models.architecture.block_type=cls
training.mode=gml_rollout
models.out_dim=10
seed=0    avg_loss: 0.000000054931  time_per_window : 0.000522   progress : 0.896
name: models.architecture.block_type=cls
training.mode=gml_rollout
models.out_dim=10
seed=0    avg_loss: 0.000000058666  time_per_window : 0.000403   progress : 0.907
name: models.architecture.block_type=cls
training.mode=gml_rollout
models.out_dim=10
seed=0    avg_loss: 0.000000069002  time_per_window : 0.000317   progress : 0.917
name: models.architecture.block_type=cls
training.mode=gml_rollout
models.out_dim=10
seed=0    avg_loss: 0.000000059597  time_per_window : 0.000310   progress : 0.928
name: models.architecture.block_type=cls
training.mode=gml_rollout
models.out_dim=10
seed=0    avg_loss: 0.000000064979  time_per_window : 0.000308   progress : 0.939
name: models.architecture.block_type=cls
training.mode=gml_rollout
models.out_dim=10
seed=0    avg_loss: 0.000000060467  time_per_window : 0.000522   progress : 0.950
name: models.architecture.block_type=cls
training.mode=gml_rollout
models.out_dim=10
seed=0    avg_loss: 0.000000051504  time_per_window : 0.000369   progress : 0.961
name: models.architecture.block_type=cls
training.mode=gml_rollout
models.out_dim=10
seed=0    avg_loss: 0.000000062176  time_per_window : 0.000532   progress : 0.972
name: models.architecture.block_type=cls
training.mode=gml_rollout
models.out_dim=10
seed=0    avg_loss: 0.000000053992  time_per_window : 0.000462   progress : 0.983
name: models.architecture.block_type=cls
training.mode=gml_rollout
models.out_dim=10
seed=0    avg_loss: 0.000000058488  time_per_window : 0.000488   progress : 0.994
name: models.architecture.block_type=cls
training.mode=gml_rollout
models.out_dim=10
seed=0    avg_loss: 0.000000149147  time_per_window : 0.000640   progress : 0.011
name: models.architecture.block_type=cls
training.mode=gml_rollout
models.out_dim=10
seed=0    avg_loss: 0.000000052989  time_per_window : 0.000498   progress : 0.022
name: models.architecture.block_type=cls
training.mode=gml_rollout
models.out_dim=10
seed=0    avg_loss: 0.000000050740  time_per_window : 0.000486   progress : 0.033
name: models.architecture.block_type=cls
training.mode=gml_rollout
models.out_dim=10
seed=0    avg_loss: 0.000000062352  time_per_window : 0.000660   progress : 0.044
name: models.architecture.block_type=cls
training.mode=gml_rollout
models.out_dim=10
seed=0    avg_loss: 0.000000058557  time_per_window : 0.000453   progress : 0.055
name: models.architecture.block_type=cls
training.mode=gml_rollout
models.out_dim=10
seed=0    avg_loss: 0.000000055704  time_per_window : 0.000647   progress : 0.066
name: models.architecture.block_type=cls
training.mode=gml_rollout
models.out_dim=10
seed=0    avg_loss: 0.000000057464  time_per_window : 0.000441   progress : 0.076
name: models.architecture.block_type=cls
training.mode=gml_rollout
models.out_dim=10
seed=0    avg_loss: 0.000000056175  time_per_window : 0.000415   progress : 0.087
name: models.architecture.block_type=cls
training.mode=gml_rollout
models.out_dim=10
seed=0    avg_loss: 0.000000051610  time_per_window : 0.000651   progress : 0.098
name: models.architecture.block_type=cls
training.mode=gml_rollout
models.out_dim=10
seed=0    avg_loss: 0.000000062021  time_per_window : 0.000366   progress : 0.109
name: models.architecture.block_type=cls
training.mode=gml_rollout
models.out_dim=10
seed=0    avg_loss: 0.000000053895  time_per_window : 0.000384   progress : 0.120
name: models.architecture.block_type=cls
training.mode=gml_rollout
models.out_dim=10
seed=0    avg_loss: 0.000000052174  time_per_window : 0.000361   progress : 0.131
name: models.architecture.block_type=cls
training.mode=gml_rollout
models.out_dim=10
seed=0    avg_loss: 0.000000054087  time_per_window : 0.000382   progress : 0.142
name: models.architecture.block_type=cls
training.mode=gml_rollout
models.out_dim=10
seed=0    avg_loss: 0.000000065029  time_per_window : 0.000577   progress : 0.153
name: models.architecture.block_type=cls
training.mode=gml_rollout
models.out_dim=10
seed=0    avg_loss: 0.000000055382  time_per_window : 0.000480   progress : 0.164
name: models.architecture.block_type=cls
training.mode=gml_rollout
models.out_dim=10
seed=0    avg_loss: 0.000000048091  time_per_window : 0.000584   progress : 0.175
name: models.architecture.block_type=cls
training.mode=gml_rollout
models.out_dim=10
seed=0    avg_loss: 0.000000057096  time_per_window : 0.000435   progress : 0.186
name: models.architecture.block_type=cls
training.mode=gml_rollout
models.out_dim=10
seed=0    avg_loss: 0.000000049158  time_per_window : 0.000327   progress : 0.197
name: models.architecture.block_type=cls
training.mode=gml_rollout
models.out_dim=10
seed=0    avg_loss: 0.000000052456  time_per_window : 0.000309   progress : 0.208
name: models.architecture.block_type=cls
training.mode=gml_rollout
models.out_dim=10
seed=0    avg_loss: 0.000000051686  time_per_window : 0.000366   progress : 0.218
name: models.architecture.block_type=cls
training.mode=gml_rollout
models.out_dim=10
seed=0    avg_loss: 0.000000048591  time_per_window : 0.000287   progress : 0.229
name: models.architecture.block_type=cls
training.mode=gml_rollout
models.out_dim=10
seed=0    avg_loss: 0.000000044959  time_per_window : 0.000318   progress : 0.240
name: models.architecture.block_type=cls
training.mode=gml_rollout
models.out_dim=10
seed=0    avg_loss: 0.000000058926  time_per_window : 0.000330   progress : 0.251
name: models.architecture.block_type=cls
training.mode=gml_rollout
models.out_dim=10
seed=0    avg_loss: 0.000000050847  time_per_window : 0.000428   progress : 0.262
name: models.architecture.block_type=cls
training.mode=gml_rollout
models.out_dim=10
seed=0    avg_loss: 0.000000048163  time_per_window : 0.000549   progress : 0.273
name: models.architecture.block_type=cls
training.mode=gml_rollout
models.out_dim=10
seed=0    avg_loss: 0.000000044965  time_per_window : 0.000295   progress : 0.284
name: models.architecture.block_type=cls
training.mode=gml_rollout
models.out_dim=10
seed=0    avg_loss: 0.000000049615  time_per_window : 0.000493   progress : 0.295
name: models.architecture.block_type=cls
training.mode=gml_rollout
models.out_dim=10
seed=0    avg_loss: 0.000000047936  time_per_window : 0.000312   progress : 0.306
name: models.architecture.block_type=cls
training.mode=gml_rollout
models.out_dim=10
seed=0    avg_loss: 0.000000045959  time_per_window : 0.000499   progress : 0.317
name: models.architecture.block_type=cls
training.mode=gml_rollout
models.out_dim=10
seed=0    avg_loss: 0.000000043571  time_per_window : 0.000448   progress : 0.328
name: models.architecture.block_type=cls
training.mode=gml_rollout
models.out_dim=10
seed=0    avg_loss: 0.000000046543  time_per_window : 0.000531   progress : 0.339
name: models.architecture.block_type=cls
training.mode=gml_rollout
models.out_dim=10
seed=0    avg_loss: 0.000000051436  time_per_window : 0.000388   progress : 0.350
name: models.architecture.block_type=cls
training.mode=gml_rollout
models.out_dim=10
seed=0    avg_loss: 0.000000042721  time_per_window : 0.000298   progress : 0.360
name: models.architecture.block_type=cls
training.mode=gml_rollout
models.out_dim=10
seed=0    avg_loss: 0.000000045139  time_per_window : 0.000280   progress : 0.371
name: models.architecture.block_type=cls
training.mode=gml_rollout
models.out_dim=10
seed=0    avg_loss: 0.000000045282  time_per_window : 0.000269   progress : 0.382
name: models.architecture.block_type=cls
training.mode=gml_rollout
models.out_dim=10
seed=0    avg_loss: 0.000000047227  time_per_window : 0.000242   progress : 0.393
name: models.architecture.block_type=cls
training.mode=gml_rollout
models.out_dim=10
seed=0    avg_loss: 0.000000051134  time_per_window : 0.000254   progress : 0.404
name: models.architecture.block_type=cls
training.mode=gml_rollout
models.out_dim=10
seed=0    avg_loss: 0.000000044155  time_per_window : 0.000256   progress : 0.415
name: models.architecture.block_type=cls
training.mode=gml_rollout
models.out_dim=10
seed=0    avg_loss: 0.000000041823  time_per_window : 0.000253   progress : 0.426
name: models.architecture.block_type=cls
training.mode=gml_rollout
models.out_dim=10
seed=0    avg_loss: 0.000000046131  time_per_window : 0.000284   progress : 0.437
name: models.architecture.block_type=cls
training.mode=gml_rollout
models.out_dim=10
seed=0    avg_loss: 0.000000047133  time_per_window : 0.000244   progress : 0.448
name: models.architecture.block_type=cls
training.mode=gml_rollout
models.out_dim=10
seed=0    avg_loss: 0.000000045058  time_per_window : 0.000253   progress : 0.459
name: models.architecture.block_type=cls
training.mode=gml_rollout
models.out_dim=10
seed=0    avg_loss: 0.000000044771  time_per_window : 0.000255   progress : 0.470
name: models.architecture.block_type=cls
training.mode=gml_rollout
models.out_dim=10
seed=0    avg_loss: 0.000000039529  time_per_window : 0.000280   progress : 0.481
name: models.architecture.block_type=cls
training.mode=gml_rollout
models.out_dim=10
seed=0    avg_loss: 0.000000039325  time_per_window : 0.000254   progress : 0.492
name: models.architecture.block_type=cls
training.mode=gml_rollout
models.out_dim=10
seed=0    avg_loss: 0.000000044979  time_per_window : 0.000238   progress : 0.502
name: models.architecture.block_type=cls
training.mode=gml_rollout
models.out_dim=10
seed=0    avg_loss: 0.000000043252  time_per_window : 0.000289   progress : 0.513
name: models.architecture.block_type=cls
training.mode=gml_rollout
models.out_dim=10
seed=0    avg_loss: 0.000000043830  time_per_window : 0.000267   progress : 0.524
name: models.architecture.block_type=cls
training.mode=gml_rollout
models.out_dim=10
seed=0    avg_loss: 0.000000040362  time_per_window : 0.000252   progress : 0.535
name: models.architecture.block_type=cls
training.mode=gml_rollout
models.out_dim=10
seed=0    avg_loss: 0.000000039315  time_per_window : 0.000256   progress : 0.546
name: models.architecture.block_type=cls
training.mode=gml_rollout
models.out_dim=10
seed=0    avg_loss: 0.000000041172  time_per_window : 0.000255   progress : 0.557
name: models.architecture.block_type=cls
training.mode=gml_rollout
models.out_dim=10
seed=0    avg_loss: 0.000000040251  time_per_window : 0.000267   progress : 0.568
name: models.architecture.block_type=cls
training.mode=gml_rollout
models.out_dim=10
seed=0    avg_loss: 0.000000043728  time_per_window : 0.000251   progress : 0.579
name: models.architecture.block_type=cls
training.mode=gml_rollout
models.out_dim=10
seed=0    avg_loss: 0.000000037524  time_per_window : 0.000261   progress : 0.590
name: models.architecture.block_type=cls
training.mode=gml_rollout
models.out_dim=10
seed=0    avg_loss: 0.000000037427  time_per_window : 0.000264   progress : 0.601
name: models.architecture.block_type=cls
training.mode=gml_rollout
models.out_dim=10
seed=0    avg_loss: 0.000000038098  time_per_window : 0.000291   progress : 0.612
name: models.architecture.block_type=cls
training.mode=gml_rollout
models.out_dim=10
seed=0    avg_loss: 0.000000036045  time_per_window : 0.000252   progress : 0.623
name: models.architecture.block_type=cls
training.mode=gml_rollout
models.out_dim=10
seed=0    avg_loss: 0.000000041680  time_per_window : 0.000261   progress : 0.634
name: models.architecture.block_type=cls
training.mode=gml_rollout
models.out_dim=10
seed=0    avg_loss: 0.000000039172  time_per_window : 0.000246   progress : 0.644
name: models.architecture.block_type=cls
training.mode=gml_rollout
models.out_dim=10
seed=0    avg_loss: 0.000000037064  time_per_window : 0.000267   progress : 0.655
name: models.architecture.block_type=cls
training.mode=gml_rollout
models.out_dim=10
seed=0    avg_loss: 0.000000037432  time_per_window : 0.000261   progress : 0.666
name: models.architecture.block_type=cls
training.mode=gml_rollout
models.out_dim=10
seed=0    avg_loss: 0.000000042718  time_per_window : 0.000226   progress : 0.677
name: models.architecture.block_type=cls
training.mode=gml_rollout
models.out_dim=10
seed=0    avg_loss: 0.000000035402  time_per_window : 0.000261   progress : 0.688
name: models.architecture.block_type=cls
training.mode=gml_rollout
models.out_dim=10
seed=0    avg_loss: 0.000000034860  time_per_window : 0.000265   progress : 0.699
name: models.architecture.block_type=cls
training.mode=gml_rollout
models.out_dim=10
seed=0    avg_loss: 0.000000038473  time_per_window : 0.000282   progress : 0.710
name: models.architecture.block_type=cls
training.mode=gml_rollout
models.out_dim=10
seed=0    avg_loss: 0.000000036858  time_per_window : 0.000226   progress : 0.721
name: models.architecture.block_type=cls
training.mode=gml_rollout
models.out_dim=10
seed=0    avg_loss: 0.000000038168  time_per_window : 0.000225   progress : 0.732
name: models.architecture.block_type=cls
training.mode=gml_rollout
models.out_dim=10
seed=0    avg_loss: 0.000000036148  time_per_window : 0.000255   progress : 0.743
name: models.architecture.block_type=cls
training.mode=gml_rollout
models.out_dim=10
seed=0    avg_loss: 0.000000034604  time_per_window : 0.000274   progress : 0.754
name: models.architecture.block_type=cls
training.mode=gml_rollout
models.out_dim=10
seed=0    avg_loss: 0.000000037050  time_per_window : 0.000271   progress : 0.765
name: models.architecture.block_type=cls
training.mode=gml_rollout
models.out_dim=10
seed=0    avg_loss: 0.000000037395  time_per_window : 0.000249   progress : 0.775
name: models.architecture.block_type=cls
training.mode=gml_rollout
models.out_dim=10
seed=0    avg_loss: 0.000000037258  time_per_window : 0.000254   progress : 0.786
name: models.architecture.block_type=cls
training.mode=gml_rollout
models.out_dim=10
seed=0    avg_loss: 0.000000034236  time_per_window : 0.000255   progress : 0.797
name: models.architecture.block_type=cls
training.mode=gml_rollout
models.out_dim=10
seed=0    avg_loss: 0.000000035572  time_per_window : 0.000263   progress : 0.808
name: models.architecture.block_type=cls
training.mode=gml_rollout
models.out_dim=10
seed=0    avg_loss: 0.000000034671  time_per_window : 0.000262   progress : 0.819
name: models.architecture.block_type=cls
training.mode=gml_rollout
models.out_dim=10
seed=0    avg_loss: 0.000000032945  time_per_window : 0.000261   progress : 0.830
name: models.architecture.block_type=cls
training.mode=gml_rollout
models.out_dim=10
seed=0    avg_loss: 0.000000034454  time_per_window : 0.000276   progress : 0.841
name: models.architecture.block_type=cls
training.mode=gml_rollout
models.out_dim=10
seed=0    avg_loss: 0.000000034709  time_per_window : 0.000288   progress : 0.852
name: models.architecture.block_type=cls
training.mode=gml_rollout
models.out_dim=10
seed=0    avg_loss: 0.000000035473  time_per_window : 0.000254   progress : 0.863
name: models.architecture.block_type=cls
training.mode=gml_rollout
models.out_dim=10
seed=0    avg_loss: 0.000000035267  time_per_window : 0.000239   progress : 0.874
name: models.architecture.block_type=cls
training.mode=gml_rollout
models.out_dim=10
seed=0    avg_loss: 0.000000037805  time_per_window : 0.000227   progress : 0.885
name: models.architecture.block_type=cls
training.mode=gml_rollout
models.out_dim=10
seed=0    avg_loss: 0.000000029173  time_per_window : 0.000245   progress : 0.896
name: models.architecture.block_type=cls
training.mode=gml_rollout
models.out_dim=10
seed=0    avg_loss: 0.000000034122  time_per_window : 0.000250   progress : 0.907
name: models.architecture.block_type=cls
training.mode=gml_rollout
models.out_dim=10
seed=0    avg_loss: 0.000000035752  time_per_window : 0.000251   progress : 0.917
name: models.architecture.block_type=cls
training.mode=gml_rollout
models.out_dim=10
seed=0    avg_loss: 0.000000035948  time_per_window : 0.000261   progress : 0.928
name: models.architecture.block_type=cls
training.mode=gml_rollout
models.out_dim=10
seed=0    avg_loss: 0.000000031337  time_per_window : 0.000252   progress : 0.939
name: models.architecture.block_type=cls
training.mode=gml_rollout
models.out_dim=10
seed=0    avg_loss: 0.000000034073  time_per_window : 0.000268   progress : 0.950
name: models.architecture.block_type=cls
training.mode=gml_rollout
models.out_dim=10
seed=0    avg_loss: 0.000000030855  time_per_window : 0.000257   progress : 0.961
name: models.architecture.block_type=cls
training.mode=gml_rollout
models.out_dim=10
seed=0    avg_loss: 0.000000030815  time_per_window : 0.000229   progress : 0.972
name: models.architecture.block_type=cls
training.mode=gml_rollout
models.out_dim=10
seed=0    avg_loss: 0.000000030797  time_per_window : 0.000252   progress : 0.983
name: models.architecture.block_type=cls
training.mode=gml_rollout
models.out_dim=10
seed=0    avg_loss: 0.000000032312  time_per_window : 0.000224   progress : 0.994
name: models.architecture.block_type=cls
training.mode=gml_rollout
models.out_dim=10
seed=0    avg_loss: 0.000002952550  time_per_window : 0.000267   progress : 0.011
name: models.architecture.block_type=cls
training.mode=gml_rollout
models.out_dim=10
seed=0    avg_loss: 0.000000265208  time_per_window : 0.000231   progress : 0.022
name: models.architecture.block_type=cls
training.mode=gml_rollout
models.out_dim=10
seed=0    avg_loss: 0.000000222370  time_per_window : 0.000257   progress : 0.033
name: models.architecture.block_type=cls
training.mode=gml_rollout
models.out_dim=10
seed=0    avg_loss: 0.000000183533  time_per_window : 0.000291   progress : 0.044
name: models.architecture.block_type=cls
training.mode=gml_rollout
models.out_dim=10
seed=0    avg_loss: 0.000000153364  time_per_window : 0.000288   progress : 0.055
name: models.architecture.block_type=cls
training.mode=gml_rollout
models.out_dim=10
seed=0    avg_loss: 0.000000134569  time_per_window : 0.000248   progress : 0.066
name: models.architecture.block_type=cls
training.mode=gml_rollout
models.out_dim=10
seed=0    avg_loss: 0.000000132974  time_per_window : 0.000274   progress : 0.076
name: models.architecture.block_type=cls
training.mode=gml_rollout
models.out_dim=10
seed=0    avg_loss: 0.000000129385  time_per_window : 0.000256   progress : 0.087
name: models.architecture.block_type=cls
training.mode=gml_rollout
models.out_dim=10
seed=0    avg_loss: 0.000000113473  time_per_window : 0.000271   progress : 0.098
name: models.architecture.block_type=cls
training.mode=gml_rollout
models.out_dim=10
seed=0    avg_loss: 0.000000110628  time_per_window : 0.000251   progress : 0.109
name: models.architecture.block_type=cls
training.mode=gml_rollout
models.out_dim=10
seed=0    avg_loss: 0.000000117427  time_per_window : 0.000233   progress : 0.120
name: models.architecture.block_type=cls
training.mode=gml_rollout
models.out_dim=10
seed=0    avg_loss: 0.000000108917  time_per_window : 0.000270   progress : 0.131
name: models.architecture.block_type=cls
training.mode=gml_rollout
models.out_dim=10
seed=0    avg_loss: 0.000000105631  time_per_window : 0.000249   progress : 0.142
name: models.architecture.block_type=cls
training.mode=gml_rollout
models.out_dim=10
seed=0    avg_loss: 0.000000109040  time_per_window : 0.000297   progress : 0.153
name: models.architecture.block_type=cls
training.mode=gml_rollout
models.out_dim=10
seed=0    avg_loss: 0.000000119743  time_per_window : 0.000244   progress : 0.164
name: models.architecture.block_type=cls
training.mode=gml_rollout
models.out_dim=10
seed=0    avg_loss: 0.000000134489  time_per_window : 0.000220   progress : 0.175
name: models.architecture.block_type=cls
training.mode=gml_rollout
models.out_dim=10
seed=0    avg_loss: 0.000000093097  time_per_window : 0.000248   progress : 0.186
name: models.architecture.block_type=cls
training.mode=gml_rollout
models.out_dim=10
seed=0    avg_loss: 0.000000089839  time_per_window : 0.000240   progress : 0.197
name: models.architecture.block_type=cls
training.mode=gml_rollout
models.out_dim=10
seed=0    avg_loss: 0.000000139940  time_per_window : 0.000250   progress : 0.208
name: models.architecture.block_type=cls
training.mode=gml_rollout
models.out_dim=10
seed=0    avg_loss: 0.000000099023  time_per_window : 0.000265   progress : 0.218
name: models.architecture.block_type=cls
training.mode=gml_rollout
models.out_dim=10
seed=0    avg_loss: 0.000000083207  time_per_window : 0.000229   progress : 0.229
name: models.architecture.block_type=cls
training.mode=gml_rollout
models.out_dim=10
seed=0    avg_loss: 0.000000093073  time_per_window : 0.000221   progress : 0.240
name: models.architecture.block_type=cls
training.mode=gml_rollout
models.out_dim=10
seed=0    avg_loss: 0.000000080546  time_per_window : 0.000280   progress : 0.251
name: models.architecture.block_type=cls
training.mode=gml_rollout
models.out_dim=10
seed=0    avg_loss: 0.000000135662  time_per_window : 0.000234   progress : 0.262
name: models.architecture.block_type=cls
training.mode=gml_rollout
models.out_dim=10
seed=0    avg_loss: 0.000000087892  time_per_window : 0.000284   progress : 0.273
name: models.architecture.block_type=cls
training.mode=gml_rollout
models.out_dim=10
seed=0    avg_loss: 0.000000087049  time_per_window : 0.000262   progress : 0.284
name: models.architecture.block_type=cls
training.mode=gml_rollout
models.out_dim=10
seed=0    avg_loss: 0.000000083305  time_per_window : 0.000246   progress : 0.295
name: models.architecture.block_type=cls
training.mode=gml_rollout
models.out_dim=10
seed=0    avg_loss: 0.000000105212  time_per_window : 0.000249   progress : 0.306
name: models.architecture.block_type=cls
training.mode=gml_rollout
models.out_dim=10
seed=0    avg_loss: 0.000000089913  time_per_window : 0.000260   progress : 0.317
name: models.architecture.block_type=cls
training.mode=gml_rollout
models.out_dim=10
seed=0    avg_loss: 0.000000085244  time_per_window : 0.000289   progress : 0.328
name: models.architecture.block_type=cls
training.mode=gml_rollout
models.out_dim=10
seed=0    avg_loss: 0.000000100799  time_per_window : 0.000259   progress : 0.339
name: models.architecture.block_type=cls
training.mode=gml_rollout
models.out_dim=10
seed=0    avg_loss: 0.000000087389  time_per_window : 0.000264   progress : 0.350
name: models.architecture.block_type=cls
training.mode=gml_rollout
models.out_dim=10
seed=0    avg_loss: 0.000000069762  time_per_window : 0.000245   progress : 0.360
name: models.architecture.block_type=cls
training.mode=gml_rollout
models.out_dim=10
seed=0    avg_loss: 0.000000100309  time_per_window : 0.000264   progress : 0.371
name: models.architecture.block_type=cls
training.mode=gml_rollout
models.out_dim=10
seed=0    avg_loss: 0.000000088041  time_per_window : 0.000248   progress : 0.382
name: models.architecture.block_type=cls
training.mode=gml_rollout
models.out_dim=10
seed=0    avg_loss: 0.000000078701  time_per_window : 0.000243   progress : 0.393
name: models.architecture.block_type=cls
training.mode=gml_rollout
models.out_dim=10
seed=0    avg_loss: 0.000000087659  time_per_window : 0.000261   progress : 0.404
name: models.architecture.block_type=cls
training.mode=gml_rollout
models.out_dim=10
seed=0    avg_loss: 0.000000080324  time_per_window : 0.000225   progress : 0.415
name: models.architecture.block_type=cls
training.mode=gml_rollout
models.out_dim=10
seed=0    avg_loss: 0.000000071108  time_per_window : 0.000243   progress : 0.426
name: models.architecture.block_type=cls
training.mode=gml_rollout
models.out_dim=10
seed=0    avg_loss: 0.000000075785  time_per_window : 0.000261   progress : 0.437
name: models.architecture.block_type=cls
training.mode=gml_rollout
models.out_dim=10
seed=0    avg_loss: 0.000000082972  time_per_window : 0.000263   progress : 0.448
name: models.architecture.block_type=cls
training.mode=gml_rollout
models.out_dim=10
seed=0    avg_loss: 0.000000079318  time_per_window : 0.000263   progress : 0.459
name: models.architecture.block_type=cls
training.mode=gml_rollout
models.out_dim=10
seed=0    avg_loss: 0.000000072126  time_per_window : 0.000273   progress : 0.470
name: models.architecture.block_type=cls
training.mode=gml_rollout
models.out_dim=10
seed=0    avg_loss: 0.000000065302  time_per_window : 0.000267   progress : 0.481
name: models.architecture.block_type=cls
training.mode=gml_rollout
models.out_dim=10
seed=0    avg_loss: 0.000000076995  time_per_window : 0.000250   progress : 0.492
name: models.architecture.block_type=cls
training.mode=gml_rollout
models.out_dim=10
seed=0    avg_loss: 0.000000094103  time_per_window : 0.000242   progress : 0.502
name: models.architecture.block_type=cls
training.mode=gml_rollout
models.out_dim=10
seed=0    avg_loss: 0.000000073776  time_per_window : 0.000250   progress : 0.513
name: models.architecture.block_type=cls
training.mode=gml_rollout
models.out_dim=10
seed=0    avg_loss: 0.000000075105  time_per_window : 0.000229   progress : 0.524
name: models.architecture.block_type=cls
training.mode=gml_rollout
models.out_dim=10
seed=0    avg_loss: 0.000000070107  time_per_window : 0.000253   progress : 0.535
name: models.architecture.block_type=cls
training.mode=gml_rollout
models.out_dim=10
seed=0    avg_loss: 0.000000073032  time_per_window : 0.000232   progress : 0.546
name: models.architecture.block_type=cls
training.mode=gml_rollout
models.out_dim=10
seed=0    avg_loss: 0.000000076413  time_per_window : 0.000230   progress : 0.557
name: models.architecture.block_type=cls
training.mode=gml_rollout
models.out_dim=10
seed=0    avg_loss: 0.000000065125  time_per_window : 0.000243   progress : 0.568
name: models.architecture.block_type=cls
training.mode=gml_rollout
models.out_dim=10
seed=0    avg_loss: 0.000000088469  time_per_window : 0.000252   progress : 0.579
name: models.architecture.block_type=cls
training.mode=gml_rollout
models.out_dim=10
seed=0    avg_loss: 0.000000092399  time_per_window : 0.000292   progress : 0.590
name: models.architecture.block_type=cls
training.mode=gml_rollout
models.out_dim=10
seed=0    avg_loss: 0.000000068961  time_per_window : 0.000223   progress : 0.601
name: models.architecture.block_type=cls
training.mode=gml_rollout
models.out_dim=10
seed=0    avg_loss: 0.000000071072  time_per_window : 0.000247   progress : 0.612
name: models.architecture.block_type=cls
training.mode=gml_rollout
models.out_dim=10
seed=0    avg_loss: 0.000000089237  time_per_window : 0.000232   progress : 0.623
name: models.architecture.block_type=cls
training.mode=gml_rollout
models.out_dim=10
seed=0    avg_loss: 0.000000069026  time_per_window : 0.000247   progress : 0.634
name: models.architecture.block_type=cls
training.mode=gml_rollout
models.out_dim=10
seed=0    avg_loss: 0.000000070063  time_per_window : 0.000271   progress : 0.644
name: models.architecture.block_type=cls
training.mode=gml_rollout
models.out_dim=10
seed=0    avg_loss: 0.000000068422  time_per_window : 0.000248   progress : 0.655
name: models.architecture.block_type=cls
training.mode=gml_rollout
models.out_dim=10
seed=0    avg_loss: 0.000000068417  time_per_window : 0.000214   progress : 0.666
name: models.architecture.block_type=cls
training.mode=gml_rollout
models.out_dim=10
seed=0    avg_loss: 0.000000063057  time_per_window : 0.000249   progress : 0.677
name: models.architecture.block_type=cls
training.mode=gml_rollout
models.out_dim=10
seed=0    avg_loss: 0.000000073260  time_per_window : 0.000232   progress : 0.688
name: models.architecture.block_type=cls
training.mode=gml_rollout
models.out_dim=10
seed=0    avg_loss: 0.000000067015  time_per_window : 0.000246   progress : 0.699
name: models.architecture.block_type=cls
training.mode=gml_rollout
models.out_dim=10
seed=0    avg_loss: 0.000000075091  time_per_window : 0.000280   progress : 0.710
name: models.architecture.block_type=cls
training.mode=gml_rollout
models.out_dim=10
seed=0    avg_loss: 0.000000072076  time_per_window : 0.000249   progress : 0.721
name: models.architecture.block_type=cls
training.mode=gml_rollout
models.out_dim=10
seed=0    avg_loss: 0.000000065407  time_per_window : 0.000237   progress : 0.732
name: models.architecture.block_type=cls
training.mode=gml_rollout
models.out_dim=10
seed=0    avg_loss: 0.000000063418  time_per_window : 0.000249   progress : 0.743
name: models.architecture.block_type=cls
training.mode=gml_rollout
models.out_dim=10
seed=0    avg_loss: 0.000000067142  time_per_window : 0.000247   progress : 0.754
name: models.architecture.block_type=cls
training.mode=gml_rollout
models.out_dim=10
seed=0    avg_loss: 0.000000087002  time_per_window : 0.000253   progress : 0.765
name: models.architecture.block_type=cls
training.mode=gml_rollout
models.out_dim=10
seed=0    avg_loss: 0.000000061899  time_per_window : 0.000269   progress : 0.775
name: models.architecture.block_type=cls
training.mode=gml_rollout
models.out_dim=10
seed=0    avg_loss: 0.000000080230  time_per_window : 0.000248   progress : 0.786
name: models.architecture.block_type=cls
training.mode=gml_rollout
models.out_dim=10
seed=0    avg_loss: 0.000000064375  time_per_window : 0.000274   progress : 0.797
name: models.architecture.block_type=cls
training.mode=gml_rollout
models.out_dim=10
seed=0    avg_loss: 0.000000059663  time_per_window : 0.000265   progress : 0.808
name: models.architecture.block_type=cls
training.mode=gml_rollout
models.out_dim=10
seed=0    avg_loss: 0.000000065627  time_per_window : 0.000215   progress : 0.819
name: models.architecture.block_type=cls
training.mode=gml_rollout
models.out_dim=10
seed=0    avg_loss: 0.000000060709  time_per_window : 0.000275   progress : 0.830
name: models.architecture.block_type=cls
training.mode=gml_rollout
models.out_dim=10
seed=0    avg_loss: 0.000000057557  time_per_window : 0.000221   progress : 0.841
name: models.architecture.block_type=cls
training.mode=gml_rollout
models.out_dim=10
seed=0    avg_loss: 0.000000064629  time_per_window : 0.000250   progress : 0.852
name: models.architecture.block_type=cls
training.mode=gml_rollout
models.out_dim=10
seed=0    avg_loss: 0.000000067609  time_per_window : 0.000238   progress : 0.863
name: models.architecture.block_type=cls
training.mode=gml_rollout
models.out_dim=10
seed=0    avg_loss: 0.000000061531  time_per_window : 0.000244   progress : 0.874
name: models.architecture.block_type=cls
training.mode=gml_rollout
models.out_dim=10
seed=0    avg_loss: 0.000000071879  time_per_window : 0.000251   progress : 0.885
name: models.architecture.block_type=cls
training.mode=gml_rollout
models.out_dim=10
seed=0    avg_loss: 0.000000067688  time_per_window : 0.000232   progress : 0.896
name: models.architecture.block_type=cls
training.mode=gml_rollout
models.out_dim=10
seed=0    avg_loss: 0.000000065082  time_per_window : 0.000230   progress : 0.907
name: models.architecture.block_type=cls
training.mode=gml_rollout
models.out_dim=10
seed=0    avg_loss: 0.000000062098  time_per_window : 0.000257   progress : 0.917
name: models.architecture.block_type=cls
training.mode=gml_rollout
models.out_dim=10
seed=0    avg_loss: 0.000000057899  time_per_window : 0.000257   progress : 0.928
name: models.architecture.block_type=cls
training.mode=gml_rollout
models.out_dim=10
seed=0    avg_loss: 0.000000057192  time_per_window : 0.000250   progress : 0.939
name: models.architecture.block_type=cls
training.mode=gml_rollout
models.out_dim=10
seed=0    avg_loss: 0.000000070070  time_per_window : 0.000248   progress : 0.950
name: models.architecture.block_type=cls
training.mode=gml_rollout
models.out_dim=10
seed=0    avg_loss: 0.000000060751  time_per_window : 0.000254   progress : 0.961
name: models.architecture.block_type=cls
training.mode=gml_rollout
models.out_dim=10
seed=0    avg_loss: 0.000000071393  time_per_window : 0.000299   progress : 0.972
name: models.architecture.block_type=cls
training.mode=gml_rollout
models.out_dim=10
seed=0    avg_loss: 0.000000060855  time_per_window : 0.000321   progress : 0.983
name: models.architecture.block_type=cls
training.mode=gml_rollout
models.out_dim=10
seed=0    avg_loss: 0.000000074339  time_per_window : 0.000259   progress : 0.994
name: models.architecture.block_type=cls
training.mode=gml_rollout
models.out_dim=10
seed=0    avg_loss: 0.000021145301  time_per_window : 0.000224   progress : 0.011
name: models.architecture.block_type=cls
training.mode=gml_rollout
models.out_dim=10
seed=0    avg_loss: 0.000004369983  time_per_window : 0.000247   progress : 0.022
name: models.architecture.block_type=cls
training.mode=gml_rollout
models.out_dim=10
seed=0    avg_loss: 0.000002014966  time_per_window : 0.000238   progress : 0.033
name: models.architecture.block_type=cls
training.mode=gml_rollout
models.out_dim=10
seed=0    avg_loss: 0.000001647773  time_per_window : 0.000249   progress : 0.044
name: models.architecture.block_type=cls
training.mode=gml_rollout
models.out_dim=10
seed=0    avg_loss: 0.000001467420  time_per_window : 0.000244   progress : 0.055
name: models.architecture.block_type=cls
training.mode=gml_rollout
models.out_dim=10
seed=0    avg_loss: 0.000001293655  time_per_window : 0.000282   progress : 0.066
name: models.architecture.block_type=cls
training.mode=gml_rollout
models.out_dim=10
seed=0    avg_loss: 0.000001102911  time_per_window : 0.000270   progress : 0.076
name: models.architecture.block_type=cls
training.mode=gml_rollout
models.out_dim=10
seed=0    avg_loss: 0.000001003070  time_per_window : 0.000256   progress : 0.087
name: models.architecture.block_type=cls
training.mode=gml_rollout
models.out_dim=10
seed=0    avg_loss: 0.000000970864  time_per_window : 0.000252   progress : 0.098
name: models.architecture.block_type=cls
training.mode=gml_rollout
models.out_dim=10
seed=0    avg_loss: 0.000000807554  time_per_window : 0.000246   progress : 0.109
name: models.architecture.block_type=cls
training.mode=gml_rollout
models.out_dim=10
seed=0    avg_loss: 0.000000753941  time_per_window : 0.000259   progress : 0.120
name: models.architecture.block_type=cls
training.mode=gml_rollout
models.out_dim=10
seed=0    avg_loss: 0.000000666853  time_per_window : 0.000244   progress : 0.131
name: models.architecture.block_type=cls
training.mode=gml_rollout
models.out_dim=10
seed=0    avg_loss: 0.000000671929  time_per_window : 0.000256   progress : 0.142
name: models.architecture.block_type=cls
training.mode=gml_rollout
models.out_dim=10
seed=0    avg_loss: 0.000000760165  time_per_window : 0.000272   progress : 0.153
name: models.architecture.block_type=cls
training.mode=gml_rollout
models.out_dim=10
seed=0    avg_loss: 0.000000660935  time_per_window : 0.000253   progress : 0.164
name: models.architecture.block_type=cls
training.mode=gml_rollout
models.out_dim=10
seed=0    avg_loss: 0.000000525017  time_per_window : 0.000241   progress : 0.175
name: models.architecture.block_type=cls
training.mode=gml_rollout
models.out_dim=10
seed=0    avg_loss: 0.000000567885  time_per_window : 0.000252   progress : 0.186
name: models.architecture.block_type=cls
training.mode=gml_rollout
models.out_dim=10
seed=0    avg_loss: 0.000000675142  time_per_window : 0.000252   progress : 0.197
name: models.architecture.block_type=cls
training.mode=gml_rollout
models.out_dim=10
seed=0    avg_loss: 0.000000528996  time_per_window : 0.000267   progress : 0.208
name: models.architecture.block_type=cls
training.mode=gml_rollout
models.out_dim=10
seed=0    avg_loss: 0.000000609113  time_per_window : 0.000251   progress : 0.218
name: models.architecture.block_type=cls
training.mode=gml_rollout
models.out_dim=10
seed=0    avg_loss: 0.000000603691  time_per_window : 0.000255   progress : 0.229
name: models.architecture.block_type=cls
training.mode=gml_rollout
models.out_dim=10
seed=0    avg_loss: 0.000000448101  time_per_window : 0.000252   progress : 0.240
name: models.architecture.block_type=cls
training.mode=gml_rollout
models.out_dim=10
seed=0    avg_loss: 0.000000467351  time_per_window : 0.000254   progress : 0.251
name: models.architecture.block_type=cls
training.mode=gml_rollout
models.out_dim=10
seed=0    avg_loss: 0.000000480625  time_per_window : 0.000248   progress : 0.262
name: models.architecture.block_type=cls
training.mode=gml_rollout
models.out_dim=10
seed=0    avg_loss: 0.000000451301  time_per_window : 0.000243   progress : 0.273
name: models.architecture.block_type=cls
training.mode=gml_rollout
models.out_dim=10
seed=0    avg_loss: 0.000000517232  time_per_window : 0.000264   progress : 0.284
name: models.architecture.block_type=cls
training.mode=gml_rollout
models.out_dim=10
seed=0    avg_loss: 0.000000571418  time_per_window : 0.000258   progress : 0.295
name: models.architecture.block_type=cls
training.mode=gml_rollout
models.out_dim=10
seed=0    avg_loss: 0.000000456144  time_per_window : 0.000312   progress : 0.306
name: models.architecture.block_type=cls
training.mode=gml_rollout
models.out_dim=10
seed=0    avg_loss: 0.000000413561  time_per_window : 0.000249   progress : 0.317
name: models.architecture.block_type=cls
training.mode=gml_rollout
models.out_dim=10
seed=0    avg_loss: 0.000000461528  time_per_window : 0.000258   progress : 0.328
name: models.architecture.block_type=cls
training.mode=gml_rollout
models.out_dim=10
seed=0    avg_loss: 0.000000552356  time_per_window : 0.000251   progress : 0.339
name: models.architecture.block_type=cls
training.mode=gml_rollout
models.out_dim=10
seed=0    avg_loss: 0.000000442027  time_per_window : 0.000241   progress : 0.350
name: models.architecture.block_type=cls
training.mode=gml_rollout
models.out_dim=10
seed=0    avg_loss: 0.000000515378  time_per_window : 0.000250   progress : 0.360
name: models.architecture.block_type=cls
training.mode=gml_rollout
models.out_dim=10
seed=0    avg_loss: 0.000000466799  time_per_window : 0.000248   progress : 0.371
name: models.architecture.block_type=cls
training.mode=gml_rollout
models.out_dim=10
seed=0    avg_loss: 0.000000464136  time_per_window : 0.000291   progress : 0.382
name: models.architecture.block_type=cls
training.mode=gml_rollout
models.out_dim=10
seed=0    avg_loss: 0.000000541349  time_per_window : 0.000245   progress : 0.393
name: models.architecture.block_type=cls
training.mode=gml_rollout
models.out_dim=10
seed=0    avg_loss: 0.000000411365  time_per_window : 0.000246   progress : 0.404
name: models.architecture.block_type=cls
training.mode=gml_rollout
models.out_dim=10
seed=0    avg_loss: 0.000000487956  time_per_window : 0.000223   progress : 0.415
name: models.architecture.block_type=cls
training.mode=gml_rollout
models.out_dim=10
seed=0    avg_loss: 0.000000486387  time_per_window : 0.000262   progress : 0.426
name: models.architecture.block_type=cls
training.mode=gml_rollout
models.out_dim=10
seed=0    avg_loss: 0.000000485620  time_per_window : 0.000260   progress : 0.437
name: models.architecture.block_type=cls
training.mode=gml_rollout
models.out_dim=10
seed=0    avg_loss: 0.000000539842  time_per_window : 0.000235   progress : 0.448
name: models.architecture.block_type=cls
training.mode=gml_rollout
models.out_dim=10
seed=0    avg_loss: 0.000000385922  time_per_window : 0.000251   progress : 0.459
name: models.architecture.block_type=cls
training.mode=gml_rollout
models.out_dim=10
seed=0    avg_loss: 0.000000474451  time_per_window : 0.000261   progress : 0.470
name: models.architecture.block_type=cls
training.mode=gml_rollout
models.out_dim=10
seed=0    avg_loss: 0.000000471166  time_per_window : 0.000264   progress : 0.481
name: models.architecture.block_type=cls
training.mode=gml_rollout
models.out_dim=10
seed=0    avg_loss: 0.000000394530  time_per_window : 0.000248   progress : 0.492
name: models.architecture.block_type=cls
training.mode=gml_rollout
models.out_dim=10
seed=0    avg_loss: 0.000000439400  time_per_window : 0.000265   progress : 0.502
name: models.architecture.block_type=cls
training.mode=gml_rollout
models.out_dim=10
seed=0    avg_loss: 0.000000515743  time_per_window : 0.000234   progress : 0.513
name: models.architecture.block_type=cls
training.mode=gml_rollout
models.out_dim=10
seed=0    avg_loss: 0.000000488035  time_per_window : 0.000264   progress : 0.524
name: models.architecture.block_type=cls
training.mode=gml_rollout
models.out_dim=10
seed=0    avg_loss: 0.000000460122  time_per_window : 0.000308   progress : 0.535
name: models.architecture.block_type=cls
training.mode=gml_rollout
models.out_dim=10
seed=0    avg_loss: 0.000000492456  time_per_window : 0.000249   progress : 0.546
name: models.architecture.block_type=cls
training.mode=gml_rollout
models.out_dim=10
seed=0    avg_loss: 0.000000463659  time_per_window : 0.000267   progress : 0.557
name: models.architecture.block_type=cls
training.mode=gml_rollout
models.out_dim=10
seed=0    avg_loss: 0.000000501236  time_per_window : 0.000246   progress : 0.568
name: models.architecture.block_type=cls
training.mode=gml_rollout
models.out_dim=10
seed=0    avg_loss: 0.000000566092  time_per_window : 0.000300   progress : 0.579
name: models.architecture.block_type=cls
training.mode=gml_rollout
models.out_dim=10
seed=0    avg_loss: 0.000000460166  time_per_window : 0.000264   progress : 0.590
name: models.architecture.block_type=cls
training.mode=gml_rollout
models.out_dim=10
seed=0    avg_loss: 0.000000419175  time_per_window : 0.000253   progress : 0.601
name: models.architecture.block_type=cls
training.mode=gml_rollout
models.out_dim=10
seed=0    avg_loss: 0.000000508084  time_per_window : 0.000258   progress : 0.612
name: models.architecture.block_type=cls
training.mode=gml_rollout
models.out_dim=10
seed=0    avg_loss: 0.000000404102  time_per_window : 0.000235   progress : 0.623
name: models.architecture.block_type=cls
training.mode=gml_rollout
models.out_dim=10
seed=0    avg_loss: 0.000000396660  time_per_window : 0.000255   progress : 0.634
name: models.architecture.block_type=cls
training.mode=gml_rollout
models.out_dim=10
seed=0    avg_loss: 0.000000419779  time_per_window : 0.000289   progress : 0.644
name: models.architecture.block_type=cls
training.mode=gml_rollout
models.out_dim=10
seed=0    avg_loss: 0.000000471117  time_per_window : 0.000251   progress : 0.655
name: models.architecture.block_type=cls
training.mode=gml_rollout
models.out_dim=10
seed=0    avg_loss: 0.000000431578  time_per_window : 0.000272   progress : 0.666
name: models.architecture.block_type=cls
training.mode=gml_rollout
models.out_dim=10
seed=0    avg_loss: 0.000000526354  time_per_window : 0.000247   progress : 0.677
name: models.architecture.block_type=cls
training.mode=gml_rollout
models.out_dim=10
seed=0    avg_loss: 0.000000466154  time_per_window : 0.000251   progress : 0.688
name: models.architecture.block_type=cls
training.mode=gml_rollout
models.out_dim=10
seed=0    avg_loss: 0.000000603692  time_per_window : 0.000275   progress : 0.699
name: models.architecture.block_type=cls
training.mode=gml_rollout
models.out_dim=10
seed=0    avg_loss: 0.000000373260  time_per_window : 0.000239   progress : 0.710
name: models.architecture.block_type=cls
training.mode=gml_rollout
models.out_dim=10
seed=0    avg_loss: 0.000000422572  time_per_window : 0.000238   progress : 0.721
name: models.architecture.block_type=cls
training.mode=gml_rollout
models.out_dim=10
seed=0    avg_loss: 0.000000341854  time_per_window : 0.000267   progress : 0.732
name: models.architecture.block_type=cls
training.mode=gml_rollout
models.out_dim=10
seed=0    avg_loss: 0.000000480977  time_per_window : 0.000270   progress : 0.743
name: models.architecture.block_type=cls
training.mode=gml_rollout
models.out_dim=10
seed=0    avg_loss: 0.000000430375  time_per_window : 0.000249   progress : 0.754
name: models.architecture.block_type=cls
training.mode=gml_rollout
models.out_dim=10
seed=0    avg_loss: 0.000000422671  time_per_window : 0.000247   progress : 0.765
name: models.architecture.block_type=cls
training.mode=gml_rollout
models.out_dim=10
seed=0    avg_loss: 0.000000394709  time_per_window : 0.000250   progress : 0.775
name: models.architecture.block_type=cls
training.mode=gml_rollout
models.out_dim=10
seed=0    avg_loss: 0.000000407256  time_per_window : 0.000243   progress : 0.786
name: models.architecture.block_type=cls
training.mode=gml_rollout
models.out_dim=10
seed=0    avg_loss: 0.000000353905  time_per_window : 0.000237   progress : 0.797
name: models.architecture.block_type=cls
training.mode=gml_rollout
models.out_dim=10
seed=0    avg_loss: 0.000000444294  time_per_window : 0.000261   progress : 0.808
name: models.architecture.block_type=cls
training.mode=gml_rollout
models.out_dim=10
seed=0    avg_loss: 0.000000518245  time_per_window : 0.000278   progress : 0.819
name: models.architecture.block_type=cls
training.mode=gml_rollout
models.out_dim=10
seed=0    avg_loss: 0.000000394066  time_per_window : 0.000249   progress : 0.830
name: models.architecture.block_type=cls
training.mode=gml_rollout
models.out_dim=10
seed=0    avg_loss: 0.000000484799  time_per_window : 0.000215   progress : 0.841
name: models.architecture.block_type=cls
training.mode=gml_rollout
models.out_dim=10
seed=0    avg_loss: 0.000000467435  time_per_window : 0.000289   progress : 0.852
name: models.architecture.block_type=cls
training.mode=gml_rollout
models.out_dim=10
seed=0    avg_loss: 0.000000357209  time_per_window : 0.000249   progress : 0.863
name: models.architecture.block_type=cls
training.mode=gml_rollout
models.out_dim=10
seed=0    avg_loss: 0.000000379174  time_per_window : 0.000242   progress : 0.874
name: models.architecture.block_type=cls
training.mode=gml_rollout
models.out_dim=10
seed=0    avg_loss: 0.000000413818  time_per_window : 0.000207   progress : 0.885
name: models.architecture.block_type=cls
training.mode=gml_rollout
models.out_dim=10
seed=0    avg_loss: 0.000000441542  time_per_window : 0.000246   progress : 0.896
name: models.architecture.block_type=cls
training.mode=gml_rollout
models.out_dim=10
seed=0    avg_loss: 0.000000361548  time_per_window : 0.000261   progress : 0.907
name: models.architecture.block_type=cls
training.mode=gml_rollout
models.out_dim=10
seed=0    avg_loss: 0.000000406966  time_per_window : 0.000250   progress : 0.917
name: models.architecture.block_type=cls
training.mode=gml_rollout
models.out_dim=10
seed=0    avg_loss: 0.000000437439  time_per_window : 0.000276   progress : 0.928
name: models.architecture.block_type=cls
training.mode=gml_rollout
models.out_dim=10
seed=0    avg_loss: 0.000000425637  time_per_window : 0.000276   progress : 0.939
name: models.architecture.block_type=cls
training.mode=gml_rollout
models.out_dim=10
seed=0    avg_loss: 0.000000458158  time_per_window : 0.000246   progress : 0.950
name: models.architecture.block_type=cls
training.mode=gml_rollout
models.out_dim=10
seed=0    avg_loss: 0.000000404215  time_per_window : 0.000255   progress : 0.961
name: models.architecture.block_type=cls
training.mode=gml_rollout
models.out_dim=10
seed=0    avg_loss: 0.000000347335  time_per_window : 0.000264   progress : 0.972
name: models.architecture.block_type=cls
training.mode=gml_rollout
models.out_dim=10
seed=0    avg_loss: 0.000000386829  time_per_window : 0.000261   progress : 0.983
name: models.architecture.block_type=cls
training.mode=gml_rollout
models.out_dim=10
seed=0    avg_loss: 0.000000371340  time_per_window : 0.000264   progress : 0.994
name: models.architecture.block_type=cls
training.mode=gml_rollout
models.out_dim=10
seed=0    avg_loss: -64.227912902832  time_per_window : 0.000335   progress : 0.011
name: models.architecture.block_type=cls
training.mode=gml_rollout
models.out_dim=10
seed=0    avg_loss: -68.811470031738  time_per_window : 0.000342   progress : 0.022
name: models.architecture.block_type=cls
training.mode=gml_rollout
models.out_dim=10
seed=0    avg_loss: -68.866783142090  time_per_window : 0.000327   progress : 0.033
name: models.architecture.block_type=cls
training.mode=gml_rollout
models.out_dim=10
seed=0    avg_loss: -68.900032043457  time_per_window : 0.000335   progress : 0.044
name: models.architecture.block_type=cls
training.mode=gml_rollout
models.out_dim=10
seed=0    avg_loss: -68.901275634766  time_per_window : 0.000367   progress : 0.055
name: models.architecture.block_type=cls
training.mode=gml_rollout
models.out_dim=10
seed=0    avg_loss: -68.917846679688  time_per_window : 0.000384   progress : 0.066
name: models.architecture.block_type=cls
training.mode=gml_rollout
models.out_dim=10
seed=0    avg_loss: -68.913635253906  time_per_window : 0.000401   progress : 0.076
name: models.architecture.block_type=cls
training.mode=gml_rollout
models.out_dim=10
seed=0    avg_loss: -68.928909301758  time_per_window : 0.000421   progress : 0.087
name: models.architecture.block_type=cls
training.mode=gml_rollout
models.out_dim=10
seed=0    avg_loss: -68.943893432617  time_per_window : 0.000334   progress : 0.098
name: models.architecture.block_type=cls
training.mode=gml_rollout
models.out_dim=10
seed=0    avg_loss: -68.925201416016  time_per_window : 0.000321   progress : 0.109
name: models.architecture.block_type=cls
training.mode=gml_rollout
models.out_dim=10
seed=0    avg_loss: -68.953704833984  time_per_window : 0.000370   progress : 0.120
name: models.architecture.block_type=cls
training.mode=gml_rollout
models.out_dim=10
seed=0    avg_loss: -68.947296142578  time_per_window : 0.000341   progress : 0.131
name: models.architecture.block_type=cls
training.mode=gml_rollout
models.out_dim=10
seed=0    avg_loss: -68.955230712891  time_per_window : 0.000357   progress : 0.142
name: models.architecture.block_type=cls
training.mode=gml_rollout
models.out_dim=10
seed=0    avg_loss: -68.950843811035  time_per_window : 0.000350   progress : 0.153
name: models.architecture.block_type=cls
training.mode=gml_rollout
models.out_dim=10
seed=0    avg_loss: -68.956474304199  time_per_window : 0.000328   progress : 0.164
name: models.architecture.block_type=cls
training.mode=gml_rollout
models.out_dim=10
seed=0    avg_loss: -68.961883544922  time_per_window : 0.000314   progress : 0.175
name: models.architecture.block_type=cls
training.mode=gml_rollout
models.out_dim=10
seed=0    avg_loss: -68.963066101074  time_per_window : 0.000365   progress : 0.186
name: models.architecture.block_type=cls
training.mode=gml_rollout
models.out_dim=10
seed=0    avg_loss: -68.970520019531  time_per_window : 0.000325   progress : 0.197
name: models.architecture.block_type=cls
training.mode=gml_rollout
models.out_dim=10
seed=0    avg_loss: -68.970321655273  time_per_window : 0.000341   progress : 0.208
name: models.architecture.block_type=cls
training.mode=gml_rollout
models.out_dim=10
seed=0    avg_loss: -68.969963073730  time_per_window : 0.000393   progress : 0.218
name: models.architecture.block_type=cls
training.mode=gml_rollout
models.out_dim=10
seed=0    avg_loss: -68.976409912109  time_per_window : 0.000346   progress : 0.229
name: models.architecture.block_type=cls
training.mode=gml_rollout
models.out_dim=10
seed=0    avg_loss: -68.976333618164  time_per_window : 0.000281   progress : 0.240
name: models.architecture.block_type=cls
training.mode=gml_rollout
models.out_dim=10
seed=0    avg_loss: -68.976760864258  time_per_window : 0.000335   progress : 0.251
name: models.architecture.block_type=cls
training.mode=gml_rollout
models.out_dim=10
seed=0    avg_loss: -68.974731445312  time_per_window : 0.000367   progress : 0.262
name: models.architecture.block_type=cls
training.mode=gml_rollout
models.out_dim=10
seed=0    avg_loss: -68.985954284668  time_per_window : 0.000355   progress : 0.273
name: models.architecture.block_type=cls
training.mode=gml_rollout
models.out_dim=10
seed=0    avg_loss: -68.981239318848  time_per_window : 0.000284   progress : 0.284
name: models.architecture.block_type=cls
training.mode=gml_rollout
models.out_dim=10
seed=0    avg_loss: -68.987525939941  time_per_window : 0.000321   progress : 0.295
name: models.architecture.block_type=cls
training.mode=gml_rollout
models.out_dim=10
seed=0    avg_loss: -68.979454040527  time_per_window : 0.000303   progress : 0.306
name: models.architecture.block_type=cls
training.mode=gml_rollout
models.out_dim=10
seed=0    avg_loss: -68.983741760254  time_per_window : 0.000340   progress : 0.317
name: models.architecture.block_type=cls
training.mode=gml_rollout
models.out_dim=10
seed=0    avg_loss: -68.989730834961  time_per_window : 0.000296   progress : 0.328
name: models.architecture.block_type=cls
training.mode=gml_rollout
models.out_dim=10
seed=0    avg_loss: -68.983299255371  time_per_window : 0.000319   progress : 0.339
name: models.architecture.block_type=cls
training.mode=gml_rollout
models.out_dim=10
seed=0    avg_loss: -68.986747741699  time_per_window : 0.000324   progress : 0.350
name: models.architecture.block_type=cls
training.mode=gml_rollout
models.out_dim=10
seed=0    avg_loss: -68.987884521484  time_per_window : 0.000324   progress : 0.360
name: models.architecture.block_type=cls
training.mode=gml_rollout
models.out_dim=10
seed=0    avg_loss: -68.985755920410  time_per_window : 0.000289   progress : 0.371
name: models.architecture.block_type=cls
training.mode=gml_rollout
models.out_dim=10
seed=0    avg_loss: -68.983055114746  time_per_window : 0.000315   progress : 0.382
name: models.architecture.block_type=cls
training.mode=gml_rollout
models.out_dim=10
seed=0    avg_loss: -68.985939025879  time_per_window : 0.000307   progress : 0.393
name: models.architecture.block_type=cls
training.mode=gml_rollout
models.out_dim=10
seed=0    avg_loss: -68.983650207520  time_per_window : 0.000344   progress : 0.404
name: models.architecture.block_type=cls
training.mode=gml_rollout
models.out_dim=10
seed=0    avg_loss: -68.988990783691  time_per_window : 0.000310   progress : 0.415
name: models.architecture.block_type=cls
training.mode=gml_rollout
models.out_dim=10
seed=0    avg_loss: -68.986389160156  time_per_window : 0.000267   progress : 0.426
name: models.architecture.block_type=cls
training.mode=gml_rollout
models.out_dim=10
seed=0    avg_loss: -68.986534118652  time_per_window : 0.000317   progress : 0.437
name: models.architecture.block_type=cls
training.mode=gml_rollout
models.out_dim=10
seed=0    avg_loss: -68.978736877441  time_per_window : 0.000334   progress : 0.448
name: models.architecture.block_type=cls
training.mode=gml_rollout
models.out_dim=10
seed=0    avg_loss: -68.989746093750  time_per_window : 0.000342   progress : 0.459
name: models.architecture.block_type=cls
training.mode=gml_rollout
models.out_dim=10
seed=0    avg_loss: -68.988250732422  time_per_window : 0.000350   progress : 0.470
name: models.architecture.block_type=cls
training.mode=gml_rollout
models.out_dim=10
seed=0    avg_loss: -68.990257263184  time_per_window : 0.000323   progress : 0.481
name: models.architecture.block_type=cls
training.mode=gml_rollout
models.out_dim=10
seed=0    avg_loss: -68.987419128418  time_per_window : 0.000316   progress : 0.492
name: models.architecture.block_type=cls
training.mode=gml_rollout
models.out_dim=10
seed=0    avg_loss: -68.988395690918  time_per_window : 0.000325   progress : 0.502
name: models.architecture.block_type=cls
training.mode=gml_rollout
models.out_dim=10
seed=0    avg_loss: -68.988632202148  time_per_window : 0.000316   progress : 0.513
name: models.architecture.block_type=cls
training.mode=gml_rollout
models.out_dim=10
seed=0    avg_loss: -68.987312316895  time_per_window : 0.000307   progress : 0.524
name: models.architecture.block_type=cls
training.mode=gml_rollout
models.out_dim=10
seed=0    avg_loss: -68.990959167480  time_per_window : 0.000310   progress : 0.535
name: models.architecture.block_type=cls
training.mode=gml_rollout
models.out_dim=10
seed=0    avg_loss: -68.989952087402  time_per_window : 0.000323   progress : 0.546
name: models.architecture.block_type=cls
training.mode=gml_rollout
models.out_dim=10
seed=0    avg_loss: -68.981124877930  time_per_window : 0.000329   progress : 0.557
name: models.architecture.block_type=cls
training.mode=gml_rollout
models.out_dim=10
seed=0    avg_loss: -68.991638183594  time_per_window : 0.000323   progress : 0.568
name: models.architecture.block_type=cls
training.mode=gml_rollout
models.out_dim=10
seed=0    avg_loss: -68.993110656738  time_per_window : 0.000309   progress : 0.579
name: models.architecture.block_type=cls
training.mode=gml_rollout
models.out_dim=10
seed=0    avg_loss: -68.984619140625  time_per_window : 0.000395   progress : 0.590
name: models.architecture.block_type=cls
training.mode=gml_rollout
models.out_dim=10
seed=0    avg_loss: -68.989868164062  time_per_window : 0.000302   progress : 0.601
name: models.architecture.block_type=cls
training.mode=gml_rollout
models.out_dim=10
seed=0    avg_loss: -68.991493225098  time_per_window : 0.000320   progress : 0.612
name: models.architecture.block_type=cls
training.mode=gml_rollout
models.out_dim=10
seed=0    avg_loss: -68.992881774902  time_per_window : 0.000321   progress : 0.623
name: models.architecture.block_type=cls
training.mode=gml_rollout
models.out_dim=10
seed=0    avg_loss: -68.991630554199  time_per_window : 0.000326   progress : 0.634
name: models.architecture.block_type=cls
training.mode=gml_rollout
models.out_dim=10
seed=0    avg_loss: -68.988075256348  time_per_window : 0.000332   progress : 0.644
name: models.architecture.block_type=cls
training.mode=gml_rollout
models.out_dim=10
seed=0    avg_loss: -68.986976623535  time_per_window : 0.000332   progress : 0.655
name: models.architecture.block_type=cls
training.mode=gml_rollout
models.out_dim=10
seed=0    avg_loss: -68.994987487793  time_per_window : 0.000293   progress : 0.666
name: models.architecture.block_type=cls
training.mode=gml_rollout
models.out_dim=10
seed=0    avg_loss: -68.992866516113  time_per_window : 0.000357   progress : 0.677
name: models.architecture.block_type=cls
training.mode=gml_rollout
models.out_dim=10
seed=0    avg_loss: -68.989547729492  time_per_window : 0.000359   progress : 0.688
name: models.architecture.block_type=cls
training.mode=gml_rollout
models.out_dim=10
seed=0    avg_loss: -68.986503601074  time_per_window : 0.000337   progress : 0.699
name: models.architecture.block_type=cls
training.mode=gml_rollout
models.out_dim=10
seed=0    avg_loss: -68.992187500000  time_per_window : 0.000330   progress : 0.710
name: models.architecture.block_type=cls
training.mode=gml_rollout
models.out_dim=10
seed=0    avg_loss: -68.994918823242  time_per_window : 0.000333   progress : 0.721
name: models.architecture.block_type=cls
training.mode=gml_rollout
models.out_dim=10
seed=0    avg_loss: -68.994110107422  time_per_window : 0.000345   progress : 0.732
name: models.architecture.block_type=cls
training.mode=gml_rollout
models.out_dim=10
seed=0    avg_loss: -68.995117187500  time_per_window : 0.000333   progress : 0.743
name: models.architecture.block_type=cls
training.mode=gml_rollout
models.out_dim=10
seed=0    avg_loss: -68.991027832031  time_per_window : 0.000325   progress : 0.754
name: models.architecture.block_type=cls
training.mode=gml_rollout
models.out_dim=10
seed=0    avg_loss: -68.988586425781  time_per_window : 0.000317   progress : 0.765
name: models.architecture.block_type=cls
training.mode=gml_rollout
models.out_dim=10
seed=0    avg_loss: -68.988182067871  time_per_window : 0.000342   progress : 0.775
name: models.architecture.block_type=cls
training.mode=gml_rollout
models.out_dim=10
seed=0    avg_loss: -68.992691040039  time_per_window : 0.000339   progress : 0.786
name: models.architecture.block_type=cls
training.mode=gml_rollout
models.out_dim=10
seed=0    avg_loss: -68.998184204102  time_per_window : 0.000374   progress : 0.797
name: models.architecture.block_type=cls
training.mode=gml_rollout
models.out_dim=10
seed=0    avg_loss: -68.994712829590  time_per_window : 0.000328   progress : 0.808
name: models.architecture.block_type=cls
training.mode=gml_rollout
models.out_dim=10
seed=0    avg_loss: -68.989250183105  time_per_window : 0.000302   progress : 0.819
name: models.architecture.block_type=cls
training.mode=gml_rollout
models.out_dim=10
seed=0    avg_loss: -68.996978759766  time_per_window : 0.000332   progress : 0.830
name: models.architecture.block_type=cls
training.mode=gml_rollout
models.out_dim=10
seed=0    avg_loss: -68.986183166504  time_per_window : 0.000286   progress : 0.841
name: models.architecture.block_type=cls
training.mode=gml_rollout
models.out_dim=10
seed=0    avg_loss: -68.994560241699  time_per_window : 0.000326   progress : 0.852
name: models.architecture.block_type=cls
training.mode=gml_rollout
models.out_dim=10
seed=0    avg_loss: -68.985725402832  time_per_window : 0.000315   progress : 0.863
name: models.architecture.block_type=cls
training.mode=gml_rollout
models.out_dim=10
seed=0    avg_loss: -68.988830566406  time_per_window : 0.000328   progress : 0.874
name: models.architecture.block_type=cls
training.mode=gml_rollout
models.out_dim=10
seed=0    avg_loss: -68.994972229004  time_per_window : 0.000348   progress : 0.885
name: models.architecture.block_type=cls
training.mode=gml_rollout
models.out_dim=10
seed=0    avg_loss: -68.995277404785  time_per_window : 0.000333   progress : 0.896
name: models.architecture.block_type=cls
training.mode=gml_rollout
models.out_dim=10
seed=0    avg_loss: -68.999176025391  time_per_window : 0.000295   progress : 0.907
name: models.architecture.block_type=cls
training.mode=gml_rollout
models.out_dim=10
seed=0    avg_loss: -68.996566772461  time_per_window : 0.000349   progress : 0.917
name: models.architecture.block_type=cls
training.mode=gml_rollout
models.out_dim=10
seed=0    avg_loss: -68.988098144531  time_per_window : 0.000294   progress : 0.928
name: models.architecture.block_type=cls
training.mode=gml_rollout
models.out_dim=10
seed=0    avg_loss: -68.994537353516  time_per_window : 0.000286   progress : 0.939
name: models.architecture.block_type=cls
training.mode=gml_rollout
models.out_dim=10
seed=0    avg_loss: -68.998641967773  time_per_window : 0.000268   progress : 0.950
name: models.architecture.block_type=cls
training.mode=gml_rollout
models.out_dim=10
seed=0    avg_loss: -68.995880126953  time_per_window : 0.000293   progress : 0.961
name: models.architecture.block_type=cls
training.mode=gml_rollout
models.out_dim=10
seed=0    avg_loss: -68.978958129883  time_per_window : 0.000293   progress : 0.972
name: models.architecture.block_type=cls
training.mode=gml_rollout
models.out_dim=10
seed=0    avg_loss: -68.997253417969  time_per_window : 0.000300   progress : 0.983
name: models.architecture.block_type=cls
training.mode=gml_rollout
models.out_dim=10
seed=0    avg_loss: -69.000457763672  time_per_window : 0.000298   progress : 0.994
DONE!!!
