/home/jdihardjo/miniconda3/envs/mavenv/lib/python3.11/site-packages/hydra/_internal/defaults_list.py:251: UserWarning: In 'config': Defaults list is missing `_self_`. See https://hydra.cc/docs/1.2/upgrades/1.0_to_1.1/default_composition_order for more information
  warnings.warn(msg, UserWarning)
Using cuda device
[2026-07-27 13:41:03,600][HYDRA] Joblib.Parallel(n_jobs=6,backend=loky,prefer=processes,require=None,verbose=0,timeout=None,pre_dispatch=2*n_jobs,batch_size=auto,temp_folder=None,max_nbytes=None,mmap_mode=r) is launching 1 jobs
[2026-07-27 13:41:03,601][HYDRA] Launching jobs, sweep output dir : ablation_logvar/runs/2026-07-27_13-40-54/simple_mamba_gml_rollout
[2026-07-27 13:41:03,601][HYDRA] 	#0 : models.architecture.block_type=simple models.architecture.mamba_type=mamba training.mode=gml_rollout models.out_dim=10 seed=0
/home/jdihardjo/miniconda3/envs/mavenv/lib/python3.11/site-packages/hydra/_internal/defaults_list.py:251: UserWarning: In 'config': Defaults list is missing `_self_`. See https://hydra.cc/docs/1.2/upgrades/1.0_to_1.1/default_composition_order for more information
  warnings.warn(msg, UserWarning)
models:
  n_dim: 23
  out_dim: 10
  architecture:
    d_model: 128
    n_encoder_layers: 2
    n_decoder_layers: 0
    block_type: simple
    time_adapter: last_token
    in_norm: none
    out_norm: none
    layer_scale: 0.0001
    drop_path: 0.05
    mamba_type: mamba
    mamba_kwargs:
      d_state: 16
      d_conv: 2
      expand: 2
      norm: rms
    skip: false
    cls_kwargs:
      n_heads: 2
      n_mlp: 2
      positional_encoding: false
      max_len: 5000
input_len: 32
output_len: 1
batch_size: 128
epochs: 5
seed: 0
dataset:
  path: /home/jdihardjo/simdata/train.zarr/
  training_size: 1500000
evaluation:
  path: /home/jdihardjo/simdata/evaluation.zarr/
  evaluation_size: 50
training:
  mode: gml_rollout
  lr: 0.0002
  weight_decay: 0.1
  rollout_steps: 16
checkpoint:
  save_path: hydra-test.pth
  load: false
  path: hydra-test.pth
compile: true

/home/jdihardjo/miniconda3/envs/mavenv/lib/python3.11/site-packages/torch/_dynamo/variables/functions.py:2311: UserWarning: Dynamo does not know how to trace the builtin `selective_scan_cuda.pybind11_detail_function_record_v1_system_libstdcpp_gxx_abi_1xxx_use_cxx11_abi_1.fwd.` This function is either a Python builtin (e.g. _warnings.warn) or a third-party C/C++ Python extension (perhaps created with pybind).
If it is a Python builtin, please file an issue on GitHub so the PyTorch team can add support for it and see the next case for a workaround.
If it is a third-party C/C++ Python extension, please either wrap it into a PyTorch-understood custom operator (see https://pytorch.org/tutorials/advanced/custom_ops_landing_page.html for more details) or, if it is traceable, use `torch.compiler.allow_in_graph`.
  torch._dynamo.utils.warn_once(explanation + "\n" + "\n".join(hints))
/home/jdihardjo/miniconda3/envs/mavenv/lib/python3.11/site-packages/torch/_inductor/cudagraph_trees.py:2622: UserWarning: Unable to hit fast path of CUDAGraphs because outputs from a previous step still require backward. Ensure backward() is invoked or detach outputs. You may also call torch.compiler.cudagraph_mark_step_begin() before each model invocation.
  warnings.warn(
name: models.architecture.block_type=simple
models.architecture.mamba_type=mamba
training.mode=gml_rollout
models.out_dim=10
seed=0    avg_loss: 0.000138770323  time_per_window : 0.001595   progress : 0.011
name: models.architecture.block_type=simple
models.architecture.mamba_type=mamba
training.mode=gml_rollout
models.out_dim=10
seed=0    avg_loss: 0.000000274687  time_per_window : 0.001163   progress : 0.022
name: models.architecture.block_type=simple
models.architecture.mamba_type=mamba
training.mode=gml_rollout
models.out_dim=10
seed=0    avg_loss: 0.000000231648  time_per_window : 0.001080   progress : 0.033
name: models.architecture.block_type=simple
models.architecture.mamba_type=mamba
training.mode=gml_rollout
models.out_dim=10
seed=0    avg_loss: 0.000000216680  time_per_window : 0.001491   progress : 0.044
name: models.architecture.block_type=simple
models.architecture.mamba_type=mamba
training.mode=gml_rollout
models.out_dim=10
seed=0    avg_loss: 0.000000196247  time_per_window : 0.001100   progress : 0.055
name: models.architecture.block_type=simple
models.architecture.mamba_type=mamba
training.mode=gml_rollout
models.out_dim=10
seed=0    avg_loss: 0.000000189384  time_per_window : 0.001211   progress : 0.066
name: models.architecture.block_type=simple
models.architecture.mamba_type=mamba
training.mode=gml_rollout
models.out_dim=10
seed=0    avg_loss: 0.000000176297  time_per_window : 0.001401   progress : 0.076
name: models.architecture.block_type=simple
models.architecture.mamba_type=mamba
training.mode=gml_rollout
models.out_dim=10
seed=0    avg_loss: 0.000000170539  time_per_window : 0.001544   progress : 0.087
name: models.architecture.block_type=simple
models.architecture.mamba_type=mamba
training.mode=gml_rollout
models.out_dim=10
seed=0    avg_loss: 0.000000164435  time_per_window : 0.001434   progress : 0.098
name: models.architecture.block_type=simple
models.architecture.mamba_type=mamba
training.mode=gml_rollout
models.out_dim=10
seed=0    avg_loss: 0.000000165789  time_per_window : 0.001495   progress : 0.109
name: models.architecture.block_type=simple
models.architecture.mamba_type=mamba
training.mode=gml_rollout
models.out_dim=10
seed=0    avg_loss: 0.000000158064  time_per_window : 0.001591   progress : 0.120
name: models.architecture.block_type=simple
models.architecture.mamba_type=mamba
training.mode=gml_rollout
models.out_dim=10
seed=0    avg_loss: 0.000000155109  time_per_window : 0.001006   progress : 0.131
name: models.architecture.block_type=simple
models.architecture.mamba_type=mamba
training.mode=gml_rollout
models.out_dim=10
seed=0    avg_loss: 0.000000151857  time_per_window : 0.001558   progress : 0.142
name: models.architecture.block_type=simple
models.architecture.mamba_type=mamba
training.mode=gml_rollout
models.out_dim=10
seed=0    avg_loss: 0.000000145039  time_per_window : 0.001467   progress : 0.153
name: models.architecture.block_type=simple
models.architecture.mamba_type=mamba
training.mode=gml_rollout
models.out_dim=10
seed=0    avg_loss: 0.000000141389  time_per_window : 0.001393   progress : 0.164
name: models.architecture.block_type=simple
models.architecture.mamba_type=mamba
training.mode=gml_rollout
models.out_dim=10
seed=0    avg_loss: 0.000000131799  time_per_window : 0.001510   progress : 0.175
name: models.architecture.block_type=simple
models.architecture.mamba_type=mamba
training.mode=gml_rollout
models.out_dim=10
seed=0    avg_loss: 0.000000129225  time_per_window : 0.001365   progress : 0.186
name: models.architecture.block_type=simple
models.architecture.mamba_type=mamba
training.mode=gml_rollout
models.out_dim=10
seed=0    avg_loss: 0.000000122369  time_per_window : 0.001541   progress : 0.197
name: models.architecture.block_type=simple
models.architecture.mamba_type=mamba
training.mode=gml_rollout
models.out_dim=10
seed=0    avg_loss: 0.000000111133  time_per_window : 0.001321   progress : 0.208
name: models.architecture.block_type=simple
models.architecture.mamba_type=mamba
training.mode=gml_rollout
models.out_dim=10
seed=0    avg_loss: 0.000000094884  time_per_window : 0.001384   progress : 0.218
name: models.architecture.block_type=simple
models.architecture.mamba_type=mamba
training.mode=gml_rollout
models.out_dim=10
seed=0    avg_loss: 0.000000084385  time_per_window : 0.001561   progress : 0.229
name: models.architecture.block_type=simple
models.architecture.mamba_type=mamba
training.mode=gml_rollout
models.out_dim=10
seed=0    avg_loss: 0.000000077498  time_per_window : 0.001070   progress : 0.240
name: models.architecture.block_type=simple
models.architecture.mamba_type=mamba
training.mode=gml_rollout
models.out_dim=10
seed=0    avg_loss: 0.000000066875  time_per_window : 0.001414   progress : 0.251
name: models.architecture.block_type=simple
models.architecture.mamba_type=mamba
training.mode=gml_rollout
models.out_dim=10
seed=0    avg_loss: 0.000000060221  time_per_window : 0.001255   progress : 0.262
name: models.architecture.block_type=simple
models.architecture.mamba_type=mamba
training.mode=gml_rollout
models.out_dim=10
seed=0    avg_loss: 0.000000053073  time_per_window : 0.001429   progress : 0.273
name: models.architecture.block_type=simple
models.architecture.mamba_type=mamba
training.mode=gml_rollout
models.out_dim=10
seed=0    avg_loss: 0.000000050897  time_per_window : 0.001248   progress : 0.284
name: models.architecture.block_type=simple
models.architecture.mamba_type=mamba
training.mode=gml_rollout
models.out_dim=10
seed=0    avg_loss: 0.000000054089  time_per_window : 0.001352   progress : 0.295
name: models.architecture.block_type=simple
models.architecture.mamba_type=mamba
training.mode=gml_rollout
models.out_dim=10
seed=0    avg_loss: 0.000000048705  time_per_window : 0.001257   progress : 0.306
name: models.architecture.block_type=simple
models.architecture.mamba_type=mamba
training.mode=gml_rollout
models.out_dim=10
seed=0    avg_loss: 0.000000049409  time_per_window : 0.001325   progress : 0.317
name: models.architecture.block_type=simple
models.architecture.mamba_type=mamba
training.mode=gml_rollout
models.out_dim=10
seed=0    avg_loss: 0.000000047130  time_per_window : 0.001138   progress : 0.328
name: models.architecture.block_type=simple
models.architecture.mamba_type=mamba
training.mode=gml_rollout
models.out_dim=10
seed=0    avg_loss: 0.000000049972  time_per_window : 0.001484   progress : 0.339
name: models.architecture.block_type=simple
models.architecture.mamba_type=mamba
training.mode=gml_rollout
models.out_dim=10
seed=0    avg_loss: 0.000000048787  time_per_window : 0.001210   progress : 0.350
name: models.architecture.block_type=simple
models.architecture.mamba_type=mamba
training.mode=gml_rollout
models.out_dim=10
seed=0    avg_loss: 0.000000047726  time_per_window : 0.001417   progress : 0.360
name: models.architecture.block_type=simple
models.architecture.mamba_type=mamba
training.mode=gml_rollout
models.out_dim=10
seed=0    avg_loss: 0.000000046900  time_per_window : 0.001024   progress : 0.371
name: models.architecture.block_type=simple
models.architecture.mamba_type=mamba
training.mode=gml_rollout
models.out_dim=10
seed=0    avg_loss: 0.000000046467  time_per_window : 0.001450   progress : 0.382
name: models.architecture.block_type=simple
models.architecture.mamba_type=mamba
training.mode=gml_rollout
models.out_dim=10
seed=0    avg_loss: 0.000000057161  time_per_window : 0.001318   progress : 0.393
name: models.architecture.block_type=simple
models.architecture.mamba_type=mamba
training.mode=gml_rollout
models.out_dim=10
seed=0    avg_loss: 0.000000057857  time_per_window : 0.001109   progress : 0.404
name: models.architecture.block_type=simple
models.architecture.mamba_type=mamba
training.mode=gml_rollout
models.out_dim=10
seed=0    avg_loss: 0.000000048302  time_per_window : 0.001346   progress : 0.415
name: models.architecture.block_type=simple
models.architecture.mamba_type=mamba
training.mode=gml_rollout
models.out_dim=10
seed=0    avg_loss: 0.000000049998  time_per_window : 0.001025   progress : 0.426
name: models.architecture.block_type=simple
models.architecture.mamba_type=mamba
training.mode=gml_rollout
models.out_dim=10
seed=0    avg_loss: 0.000000051696  time_per_window : 0.001274   progress : 0.437
name: models.architecture.block_type=simple
models.architecture.mamba_type=mamba
training.mode=gml_rollout
models.out_dim=10
seed=0    avg_loss: 0.000000052449  time_per_window : 0.001260   progress : 0.448
name: models.architecture.block_type=simple
models.architecture.mamba_type=mamba
training.mode=gml_rollout
models.out_dim=10
seed=0    avg_loss: 0.000000049981  time_per_window : 0.001511   progress : 0.459
name: models.architecture.block_type=simple
models.architecture.mamba_type=mamba
training.mode=gml_rollout
models.out_dim=10
seed=0    avg_loss: 0.000000058292  time_per_window : 0.001287   progress : 0.470
name: models.architecture.block_type=simple
models.architecture.mamba_type=mamba
training.mode=gml_rollout
models.out_dim=10
seed=0    avg_loss: 0.000000052392  time_per_window : 0.001154   progress : 0.481
name: models.architecture.block_type=simple
models.architecture.mamba_type=mamba
training.mode=gml_rollout
models.out_dim=10
seed=0    avg_loss: 0.000000045864  time_per_window : 0.001446   progress : 0.492
name: models.architecture.block_type=simple
models.architecture.mamba_type=mamba
training.mode=gml_rollout
models.out_dim=10
seed=0    avg_loss: 0.000000058168  time_per_window : 0.001111   progress : 0.502
name: models.architecture.block_type=simple
models.architecture.mamba_type=mamba
training.mode=gml_rollout
models.out_dim=10
seed=0    avg_loss: 0.000000060307  time_per_window : 0.001206   progress : 0.513
name: models.architecture.block_type=simple
models.architecture.mamba_type=mamba
training.mode=gml_rollout
models.out_dim=10
seed=0    avg_loss: 0.000000044420  time_per_window : 0.001365   progress : 0.524
name: models.architecture.block_type=simple
models.architecture.mamba_type=mamba
training.mode=gml_rollout
models.out_dim=10
seed=0    avg_loss: 0.000000047535  time_per_window : 0.001126   progress : 0.535
name: models.architecture.block_type=simple
models.architecture.mamba_type=mamba
training.mode=gml_rollout
models.out_dim=10
seed=0    avg_loss: 0.000000056312  time_per_window : 0.001010   progress : 0.546
name: models.architecture.block_type=simple
models.architecture.mamba_type=mamba
training.mode=gml_rollout
models.out_dim=10
seed=0    avg_loss: 0.000000048539  time_per_window : 0.000967   progress : 0.557
name: models.architecture.block_type=simple
models.architecture.mamba_type=mamba
training.mode=gml_rollout
models.out_dim=10
seed=0    avg_loss: 0.000000050130  time_per_window : 0.001142   progress : 0.568
name: models.architecture.block_type=simple
models.architecture.mamba_type=mamba
training.mode=gml_rollout
models.out_dim=10
seed=0    avg_loss: 0.000000052099  time_per_window : 0.000962   progress : 0.579
name: models.architecture.block_type=simple
models.architecture.mamba_type=mamba
training.mode=gml_rollout
models.out_dim=10
seed=0    avg_loss: 0.000000046983  time_per_window : 0.001009   progress : 0.590
name: models.architecture.block_type=simple
models.architecture.mamba_type=mamba
training.mode=gml_rollout
models.out_dim=10
seed=0    avg_loss: 0.000000048074  time_per_window : 0.000875   progress : 0.601
name: models.architecture.block_type=simple
models.architecture.mamba_type=mamba
training.mode=gml_rollout
models.out_dim=10
seed=0    avg_loss: 0.000000051258  time_per_window : 0.000752   progress : 0.612
name: models.architecture.block_type=simple
models.architecture.mamba_type=mamba
training.mode=gml_rollout
models.out_dim=10
seed=0    avg_loss: 0.000000048609  time_per_window : 0.000722   progress : 0.623
name: models.architecture.block_type=simple
models.architecture.mamba_type=mamba
training.mode=gml_rollout
models.out_dim=10
seed=0    avg_loss: 0.000000047765  time_per_window : 0.000732   progress : 0.634
name: models.architecture.block_type=simple
models.architecture.mamba_type=mamba
training.mode=gml_rollout
models.out_dim=10
seed=0    avg_loss: 0.000000051021  time_per_window : 0.000700   progress : 0.644
name: models.architecture.block_type=simple
models.architecture.mamba_type=mamba
training.mode=gml_rollout
models.out_dim=10
seed=0    avg_loss: 0.000000048799  time_per_window : 0.000700   progress : 0.655
name: models.architecture.block_type=simple
models.architecture.mamba_type=mamba
training.mode=gml_rollout
models.out_dim=10
seed=0    avg_loss: 0.000000043325  time_per_window : 0.000785   progress : 0.666
name: models.architecture.block_type=simple
models.architecture.mamba_type=mamba
training.mode=gml_rollout
models.out_dim=10
seed=0    avg_loss: 0.000000049144  time_per_window : 0.000777   progress : 0.677
name: models.architecture.block_type=simple
models.architecture.mamba_type=mamba
training.mode=gml_rollout
models.out_dim=10
seed=0    avg_loss: 0.000000049196  time_per_window : 0.000703   progress : 0.688
name: models.architecture.block_type=simple
models.architecture.mamba_type=mamba
training.mode=gml_rollout
models.out_dim=10
seed=0    avg_loss: 0.000000046411  time_per_window : 0.000750   progress : 0.699
name: models.architecture.block_type=simple
models.architecture.mamba_type=mamba
training.mode=gml_rollout
models.out_dim=10
seed=0    avg_loss: 0.000000046412  time_per_window : 0.000793   progress : 0.710
name: models.architecture.block_type=simple
models.architecture.mamba_type=mamba
training.mode=gml_rollout
models.out_dim=10
seed=0    avg_loss: 0.000000043748  time_per_window : 0.000774   progress : 0.721
name: models.architecture.block_type=simple
models.architecture.mamba_type=mamba
training.mode=gml_rollout
models.out_dim=10
seed=0    avg_loss: 0.000000051242  time_per_window : 0.000742   progress : 0.732
name: models.architecture.block_type=simple
models.architecture.mamba_type=mamba
training.mode=gml_rollout
models.out_dim=10
seed=0    avg_loss: 0.000000043179  time_per_window : 0.000721   progress : 0.743
name: models.architecture.block_type=simple
models.architecture.mamba_type=mamba
training.mode=gml_rollout
models.out_dim=10
seed=0    avg_loss: 0.000000042613  time_per_window : 0.000757   progress : 0.754
name: models.architecture.block_type=simple
models.architecture.mamba_type=mamba
training.mode=gml_rollout
models.out_dim=10
seed=0    avg_loss: 0.000000042221  time_per_window : 0.000719   progress : 0.765
name: models.architecture.block_type=simple
models.architecture.mamba_type=mamba
training.mode=gml_rollout
models.out_dim=10
seed=0    avg_loss: 0.000000046046  time_per_window : 0.000735   progress : 0.775
name: models.architecture.block_type=simple
models.architecture.mamba_type=mamba
training.mode=gml_rollout
models.out_dim=10
seed=0    avg_loss: 0.000000043750  time_per_window : 0.000742   progress : 0.786
name: models.architecture.block_type=simple
models.architecture.mamba_type=mamba
training.mode=gml_rollout
models.out_dim=10
seed=0    avg_loss: 0.000000041249  time_per_window : 0.000738   progress : 0.797
name: models.architecture.block_type=simple
models.architecture.mamba_type=mamba
training.mode=gml_rollout
models.out_dim=10
seed=0    avg_loss: 0.000000035874  time_per_window : 0.000733   progress : 0.808
name: models.architecture.block_type=simple
models.architecture.mamba_type=mamba
training.mode=gml_rollout
models.out_dim=10
seed=0    avg_loss: 0.000000041592  time_per_window : 0.000694   progress : 0.819
name: models.architecture.block_type=simple
models.architecture.mamba_type=mamba
training.mode=gml_rollout
models.out_dim=10
seed=0    avg_loss: 0.000000035437  time_per_window : 0.000762   progress : 0.830
name: models.architecture.block_type=simple
models.architecture.mamba_type=mamba
training.mode=gml_rollout
models.out_dim=10
seed=0    avg_loss: 0.000000035935  time_per_window : 0.000712   progress : 0.841
name: models.architecture.block_type=simple
models.architecture.mamba_type=mamba
training.mode=gml_rollout
models.out_dim=10
seed=0    avg_loss: 0.000000039106  time_per_window : 0.000714   progress : 0.852
name: models.architecture.block_type=simple
models.architecture.mamba_type=mamba
training.mode=gml_rollout
models.out_dim=10
seed=0    avg_loss: 0.000000039839  time_per_window : 0.000765   progress : 0.863
name: models.architecture.block_type=simple
models.architecture.mamba_type=mamba
training.mode=gml_rollout
models.out_dim=10
seed=0    avg_loss: 0.000000033301  time_per_window : 0.000705   progress : 0.874/home/jdihardjo/miniconda3/envs/mavenv/lib/python3.11/site-packages/torch/_inductor/cudagraph_trees.py:2622: UserWarning: Unable to hit fast path of CUDAGraphs because outputs from a previous step still require backward. Ensure backward() is invoked or detach outputs. You may also call torch.compiler.cudagraph_mark_step_begin() before each model invocation.
  warnings.warn(
/home/jdihardjo/miniconda3/envs/mavenv/lib/python3.11/site-packages/torch/_inductor/cudagraph_trees.py:2622: UserWarning: Unable to hit fast path of CUDAGraphs because outputs from a previous step still require backward. Ensure backward() is invoked or detach outputs. You may also call torch.compiler.cudagraph_mark_step_begin() before each model invocation.
  warnings.warn(

name: models.architecture.block_type=simple
models.architecture.mamba_type=mamba
training.mode=gml_rollout
models.out_dim=10
seed=0    avg_loss: 0.000000041787  time_per_window : 0.000691   progress : 0.885
name: models.architecture.block_type=simple
models.architecture.mamba_type=mamba
training.mode=gml_rollout
models.out_dim=10
seed=0    avg_loss: 0.000000030326  time_per_window : 0.000738   progress : 0.896
name: models.architecture.block_type=simple
models.architecture.mamba_type=mamba
training.mode=gml_rollout
models.out_dim=10
seed=0    avg_loss: 0.000000032882  time_per_window : 0.000740   progress : 0.907
name: models.architecture.block_type=simple
models.architecture.mamba_type=mamba
training.mode=gml_rollout
models.out_dim=10
seed=0    avg_loss: 0.000000036111  time_per_window : 0.000739   progress : 0.917
name: models.architecture.block_type=simple
models.architecture.mamba_type=mamba
training.mode=gml_rollout
models.out_dim=10
seed=0    avg_loss: 0.000000031333  time_per_window : 0.000773   progress : 0.928
name: models.architecture.block_type=simple
models.architecture.mamba_type=mamba
training.mode=gml_rollout
models.out_dim=10
seed=0    avg_loss: 0.000000032342  time_per_window : 0.000775   progress : 0.939
name: models.architecture.block_type=simple
models.architecture.mamba_type=mamba
training.mode=gml_rollout
models.out_dim=10
seed=0    avg_loss: 0.000000029479  time_per_window : 0.000756   progress : 0.950
name: models.architecture.block_type=simple
models.architecture.mamba_type=mamba
training.mode=gml_rollout
models.out_dim=10
seed=0    avg_loss: 0.000000030960  time_per_window : 0.000739   progress : 0.961
name: models.architecture.block_type=simple
models.architecture.mamba_type=mamba
training.mode=gml_rollout
models.out_dim=10
seed=0    avg_loss: 0.000000027363  time_per_window : 0.000756   progress : 0.972
name: models.architecture.block_type=simple
models.architecture.mamba_type=mamba
training.mode=gml_rollout
models.out_dim=10
seed=0    avg_loss: 0.000000031425  time_per_window : 0.000701   progress : 0.983
name: models.architecture.block_type=simple
models.architecture.mamba_type=mamba
training.mode=gml_rollout
models.out_dim=10
seed=0    avg_loss: 0.000000025522  time_per_window : 0.000734   progress : 0.994
name: models.architecture.block_type=simple
models.architecture.mamba_type=mamba
training.mode=gml_rollout
models.out_dim=10
seed=0    avg_loss: 0.000000059245  time_per_window : 0.000813   progress : 0.011
name: models.architecture.block_type=simple
models.architecture.mamba_type=mamba
training.mode=gml_rollout
models.out_dim=10
seed=0    avg_loss: 0.000000029264  time_per_window : 0.000831   progress : 0.022
name: models.architecture.block_type=simple
models.architecture.mamba_type=mamba
training.mode=gml_rollout
models.out_dim=10
seed=0    avg_loss: 0.000000026999  time_per_window : 0.000783   progress : 0.033
name: models.architecture.block_type=simple
models.architecture.mamba_type=mamba
training.mode=gml_rollout
models.out_dim=10
seed=0    avg_loss: 0.000000027552  time_per_window : 0.000756   progress : 0.044
name: models.architecture.block_type=simple
models.architecture.mamba_type=mamba
training.mode=gml_rollout
models.out_dim=10
seed=0    avg_loss: 0.000000026326  time_per_window : 0.000784   progress : 0.055
name: models.architecture.block_type=simple
models.architecture.mamba_type=mamba
training.mode=gml_rollout
models.out_dim=10
seed=0    avg_loss: 0.000000026542  time_per_window : 0.000686   progress : 0.066
name: models.architecture.block_type=simple
models.architecture.mamba_type=mamba
training.mode=gml_rollout
models.out_dim=10
seed=0    avg_loss: 0.000000030615  time_per_window : 0.000782   progress : 0.076
name: models.architecture.block_type=simple
models.architecture.mamba_type=mamba
training.mode=gml_rollout
models.out_dim=10
seed=0    avg_loss: 0.000000027053  time_per_window : 0.000778   progress : 0.087
name: models.architecture.block_type=simple
models.architecture.mamba_type=mamba
training.mode=gml_rollout
models.out_dim=10
seed=0    avg_loss: 0.000000027655  time_per_window : 0.000805   progress : 0.098
name: models.architecture.block_type=simple
models.architecture.mamba_type=mamba
training.mode=gml_rollout
models.out_dim=10
seed=0    avg_loss: 0.000000027842  time_per_window : 0.000788   progress : 0.109
name: models.architecture.block_type=simple
models.architecture.mamba_type=mamba
training.mode=gml_rollout
models.out_dim=10
seed=0    avg_loss: 0.000000026900  time_per_window : 0.000827   progress : 0.120
name: models.architecture.block_type=simple
models.architecture.mamba_type=mamba
training.mode=gml_rollout
models.out_dim=10
seed=0    avg_loss: 0.000000023990  time_per_window : 0.000815   progress : 0.131
name: models.architecture.block_type=simple
models.architecture.mamba_type=mamba
training.mode=gml_rollout
models.out_dim=10
seed=0    avg_loss: 0.000000023510  time_per_window : 0.000762   progress : 0.142
name: models.architecture.block_type=simple
models.architecture.mamba_type=mamba
training.mode=gml_rollout
models.out_dim=10
seed=0    avg_loss: 0.000000026150  time_per_window : 0.000773   progress : 0.153
name: models.architecture.block_type=simple
models.architecture.mamba_type=mamba
training.mode=gml_rollout
models.out_dim=10
seed=0    avg_loss: 0.000000026798  time_per_window : 0.000804   progress : 0.164
name: models.architecture.block_type=simple
models.architecture.mamba_type=mamba
training.mode=gml_rollout
models.out_dim=10
seed=0    avg_loss: 0.000000028186  time_per_window : 0.000737   progress : 0.175
name: models.architecture.block_type=simple
models.architecture.mamba_type=mamba
training.mode=gml_rollout
models.out_dim=10
seed=0    avg_loss: 0.000000022018  time_per_window : 0.000818   progress : 0.186
name: models.architecture.block_type=simple
models.architecture.mamba_type=mamba
training.mode=gml_rollout
models.out_dim=10
seed=0    avg_loss: 0.000000024338  time_per_window : 0.000820   progress : 0.197
name: models.architecture.block_type=simple
models.architecture.mamba_type=mamba
training.mode=gml_rollout
models.out_dim=10
seed=0    avg_loss: 0.000000026473  time_per_window : 0.000801   progress : 0.208
name: models.architecture.block_type=simple
models.architecture.mamba_type=mamba
training.mode=gml_rollout
models.out_dim=10
seed=0    avg_loss: 0.000000021774  time_per_window : 0.000823   progress : 0.218
name: models.architecture.block_type=simple
models.architecture.mamba_type=mamba
training.mode=gml_rollout
models.out_dim=10
seed=0    avg_loss: 0.000000025876  time_per_window : 0.000885   progress : 0.229
name: models.architecture.block_type=simple
models.architecture.mamba_type=mamba
training.mode=gml_rollout
models.out_dim=10
seed=0    avg_loss: 0.000000023174  time_per_window : 0.000715   progress : 0.240
name: models.architecture.block_type=simple
models.architecture.mamba_type=mamba
training.mode=gml_rollout
models.out_dim=10
seed=0    avg_loss: 0.000000022672  time_per_window : 0.000844   progress : 0.251
name: models.architecture.block_type=simple
models.architecture.mamba_type=mamba
training.mode=gml_rollout
models.out_dim=10
seed=0    avg_loss: 0.000000025406  time_per_window : 0.000775   progress : 0.262
name: models.architecture.block_type=simple
models.architecture.mamba_type=mamba
training.mode=gml_rollout
models.out_dim=10
seed=0    avg_loss: 0.000000022410  time_per_window : 0.000798   progress : 0.273
name: models.architecture.block_type=simple
models.architecture.mamba_type=mamba
training.mode=gml_rollout
models.out_dim=10
seed=0    avg_loss: 0.000000023295  time_per_window : 0.000842   progress : 0.284
name: models.architecture.block_type=simple
models.architecture.mamba_type=mamba
training.mode=gml_rollout
models.out_dim=10
seed=0    avg_loss: 0.000000023598  time_per_window : 0.000769   progress : 0.295
name: models.architecture.block_type=simple
models.architecture.mamba_type=mamba
training.mode=gml_rollout
models.out_dim=10
seed=0    avg_loss: 0.000000021792  time_per_window : 0.000796   progress : 0.306
name: models.architecture.block_type=simple
models.architecture.mamba_type=mamba
training.mode=gml_rollout
models.out_dim=10
seed=0    avg_loss: 0.000000022942  time_per_window : 0.000770   progress : 0.317
name: models.architecture.block_type=simple
models.architecture.mamba_type=mamba
training.mode=gml_rollout
models.out_dim=10
seed=0    avg_loss: 0.000000021414  time_per_window : 0.000795   progress : 0.328
name: models.architecture.block_type=simple
models.architecture.mamba_type=mamba
training.mode=gml_rollout
models.out_dim=10
seed=0    avg_loss: 0.000000021746  time_per_window : 0.000789   progress : 0.339
name: models.architecture.block_type=simple
models.architecture.mamba_type=mamba
training.mode=gml_rollout
models.out_dim=10
seed=0    avg_loss: 0.000000022496  time_per_window : 0.000738   progress : 0.350
name: models.architecture.block_type=simple
models.architecture.mamba_type=mamba
training.mode=gml_rollout
models.out_dim=10
seed=0    avg_loss: 0.000000019558  time_per_window : 0.000713   progress : 0.360
name: models.architecture.block_type=simple
models.architecture.mamba_type=mamba
training.mode=gml_rollout
models.out_dim=10
seed=0    avg_loss: 0.000000023865  time_per_window : 0.000782   progress : 0.371
name: models.architecture.block_type=simple
models.architecture.mamba_type=mamba
training.mode=gml_rollout
models.out_dim=10
seed=0    avg_loss: 0.000000021430  time_per_window : 0.000694   progress : 0.382
name: models.architecture.block_type=simple
models.architecture.mamba_type=mamba
training.mode=gml_rollout
models.out_dim=10
seed=0    avg_loss: 0.000000020077  time_per_window : 0.000774   progress : 0.393
name: models.architecture.block_type=simple
models.architecture.mamba_type=mamba
training.mode=gml_rollout
models.out_dim=10
seed=0    avg_loss: 0.000000022845  time_per_window : 0.000845   progress : 0.404
name: models.architecture.block_type=simple
models.architecture.mamba_type=mamba
training.mode=gml_rollout
models.out_dim=10
seed=0    avg_loss: 0.000000020560  time_per_window : 0.000811   progress : 0.415
name: models.architecture.block_type=simple
models.architecture.mamba_type=mamba
training.mode=gml_rollout
models.out_dim=10
seed=0    avg_loss: 0.000000020869  time_per_window : 0.000801   progress : 0.426
name: models.architecture.block_type=simple
models.architecture.mamba_type=mamba
training.mode=gml_rollout
models.out_dim=10
seed=0    avg_loss: 0.000000022493  time_per_window : 0.000825   progress : 0.437
name: models.architecture.block_type=simple
models.architecture.mamba_type=mamba
training.mode=gml_rollout
models.out_dim=10
seed=0    avg_loss: 0.000000022053  time_per_window : 0.000813   progress : 0.448
name: models.architecture.block_type=simple
models.architecture.mamba_type=mamba
training.mode=gml_rollout
models.out_dim=10
seed=0    avg_loss: 0.000000019952  time_per_window : 0.000822   progress : 0.459
name: models.architecture.block_type=simple
models.architecture.mamba_type=mamba
training.mode=gml_rollout
models.out_dim=10
seed=0    avg_loss: 0.000000018193  time_per_window : 0.000815   progress : 0.470
name: models.architecture.block_type=simple
models.architecture.mamba_type=mamba
training.mode=gml_rollout
models.out_dim=10
seed=0    avg_loss: 0.000000019724  time_per_window : 0.000780   progress : 0.481
name: models.architecture.block_type=simple
models.architecture.mamba_type=mamba
training.mode=gml_rollout
models.out_dim=10
seed=0    avg_loss: 0.000000020405  time_per_window : 0.000773   progress : 0.492
name: models.architecture.block_type=simple
models.architecture.mamba_type=mamba
training.mode=gml_rollout
models.out_dim=10
seed=0    avg_loss: 0.000000019694  time_per_window : 0.000796   progress : 0.502
name: models.architecture.block_type=simple
models.architecture.mamba_type=mamba
training.mode=gml_rollout
models.out_dim=10
seed=0    avg_loss: 0.000000019838  time_per_window : 0.000840   progress : 0.513
name: models.architecture.block_type=simple
models.architecture.mamba_type=mamba
training.mode=gml_rollout
models.out_dim=10
seed=0    avg_loss: 0.000000019966  time_per_window : 0.000756   progress : 0.524
name: models.architecture.block_type=simple
models.architecture.mamba_type=mamba
training.mode=gml_rollout
models.out_dim=10
seed=0    avg_loss: 0.000000020881  time_per_window : 0.000786   progress : 0.535
name: models.architecture.block_type=simple
models.architecture.mamba_type=mamba
training.mode=gml_rollout
models.out_dim=10
seed=0    avg_loss: 0.000000019639  time_per_window : 0.000809   progress : 0.546
name: models.architecture.block_type=simple
models.architecture.mamba_type=mamba
training.mode=gml_rollout
models.out_dim=10
seed=0    avg_loss: 0.000000019250  time_per_window : 0.000784   progress : 0.557
name: models.architecture.block_type=simple
models.architecture.mamba_type=mamba
training.mode=gml_rollout
models.out_dim=10
seed=0    avg_loss: 0.000000018416  time_per_window : 0.000797   progress : 0.568
name: models.architecture.block_type=simple
models.architecture.mamba_type=mamba
training.mode=gml_rollout
models.out_dim=10
seed=0    avg_loss: 0.000000018574  time_per_window : 0.000727   progress : 0.579
name: models.architecture.block_type=simple
models.architecture.mamba_type=mamba
training.mode=gml_rollout
models.out_dim=10
seed=0    avg_loss: 0.000000019778  time_per_window : 0.000757   progress : 0.590
name: models.architecture.block_type=simple
models.architecture.mamba_type=mamba
training.mode=gml_rollout
models.out_dim=10
seed=0    avg_loss: 0.000000018125  time_per_window : 0.000782   progress : 0.601
name: models.architecture.block_type=simple
models.architecture.mamba_type=mamba
training.mode=gml_rollout
models.out_dim=10
seed=0    avg_loss: 0.000000017676  time_per_window : 0.000794   progress : 0.612
name: models.architecture.block_type=simple
models.architecture.mamba_type=mamba
training.mode=gml_rollout
models.out_dim=10
seed=0    avg_loss: 0.000000019406  time_per_window : 0.000799   progress : 0.623
name: models.architecture.block_type=simple
models.architecture.mamba_type=mamba
training.mode=gml_rollout
models.out_dim=10
seed=0    avg_loss: 0.000000019051  time_per_window : 0.000822   progress : 0.634
name: models.architecture.block_type=simple
models.architecture.mamba_type=mamba
training.mode=gml_rollout
models.out_dim=10
seed=0    avg_loss: 0.000000019335  time_per_window : 0.000770   progress : 0.644
name: models.architecture.block_type=simple
models.architecture.mamba_type=mamba
training.mode=gml_rollout
models.out_dim=10
seed=0    avg_loss: 0.000000017589  time_per_window : 0.000735   progress : 0.655
name: models.architecture.block_type=simple
models.architecture.mamba_type=mamba
training.mode=gml_rollout
models.out_dim=10
seed=0    avg_loss: 0.000000017430  time_per_window : 0.000801   progress : 0.666
name: models.architecture.block_type=simple
models.architecture.mamba_type=mamba
training.mode=gml_rollout
models.out_dim=10
seed=0    avg_loss: 0.000000018900  time_per_window : 0.000796   progress : 0.677
name: models.architecture.block_type=simple
models.architecture.mamba_type=mamba
training.mode=gml_rollout
models.out_dim=10
seed=0    avg_loss: 0.000000017388  time_per_window : 0.000750   progress : 0.688
name: models.architecture.block_type=simple
models.architecture.mamba_type=mamba
training.mode=gml_rollout
models.out_dim=10
seed=0    avg_loss: 0.000000016844  time_per_window : 0.000807   progress : 0.699
name: models.architecture.block_type=simple
models.architecture.mamba_type=mamba
training.mode=gml_rollout
models.out_dim=10
seed=0    avg_loss: 0.000000018438  time_per_window : 0.000755   progress : 0.710
name: models.architecture.block_type=simple
models.architecture.mamba_type=mamba
training.mode=gml_rollout
models.out_dim=10
seed=0    avg_loss: 0.000000017246  time_per_window : 0.000758   progress : 0.721
name: models.architecture.block_type=simple
models.architecture.mamba_type=mamba
training.mode=gml_rollout
models.out_dim=10
seed=0    avg_loss: 0.000000017815  time_per_window : 0.000696   progress : 0.732
name: models.architecture.block_type=simple
models.architecture.mamba_type=mamba
training.mode=gml_rollout
models.out_dim=10
seed=0    avg_loss: 0.000000018580  time_per_window : 0.000812   progress : 0.743
name: models.architecture.block_type=simple
models.architecture.mamba_type=mamba
training.mode=gml_rollout
models.out_dim=10
seed=0    avg_loss: 0.000000016786  time_per_window : 0.000755   progress : 0.754
name: models.architecture.block_type=simple
models.architecture.mamba_type=mamba
training.mode=gml_rollout
models.out_dim=10
seed=0    avg_loss: 0.000000016491  time_per_window : 0.000790   progress : 0.765
name: models.architecture.block_type=simple
models.architecture.mamba_type=mamba
training.mode=gml_rollout
models.out_dim=10
seed=0    avg_loss: 0.000000017397  time_per_window : 0.000816   progress : 0.775
name: models.architecture.block_type=simple
models.architecture.mamba_type=mamba
training.mode=gml_rollout
models.out_dim=10
seed=0    avg_loss: 0.000000017692  time_per_window : 0.000784   progress : 0.786
name: models.architecture.block_type=simple
models.architecture.mamba_type=mamba
training.mode=gml_rollout
models.out_dim=10
seed=0    avg_loss: 0.000000017412  time_per_window : 0.000858   progress : 0.797
name: models.architecture.block_type=simple
models.architecture.mamba_type=mamba
training.mode=gml_rollout
models.out_dim=10
seed=0    avg_loss: 0.000000017132  time_per_window : 0.000801   progress : 0.808
name: models.architecture.block_type=simple
models.architecture.mamba_type=mamba
training.mode=gml_rollout
models.out_dim=10
seed=0    avg_loss: 0.000000017088  time_per_window : 0.000723   progress : 0.819
name: models.architecture.block_type=simple
models.architecture.mamba_type=mamba
training.mode=gml_rollout
models.out_dim=10
seed=0    avg_loss: 0.000000015973  time_per_window : 0.000795   progress : 0.830
name: models.architecture.block_type=simple
models.architecture.mamba_type=mamba
training.mode=gml_rollout
models.out_dim=10
seed=0    avg_loss: 0.000000016692  time_per_window : 0.000773   progress : 0.841
name: models.architecture.block_type=simple
models.architecture.mamba_type=mamba
training.mode=gml_rollout
models.out_dim=10
seed=0    avg_loss: 0.000000017104  time_per_window : 0.000820   progress : 0.852
name: models.architecture.block_type=simple
models.architecture.mamba_type=mamba
training.mode=gml_rollout
models.out_dim=10
seed=0    avg_loss: 0.000000015863  time_per_window : 0.000790   progress : 0.863
name: models.architecture.block_type=simple
models.architecture.mamba_type=mamba
training.mode=gml_rollout
models.out_dim=10
seed=0    avg_loss: 0.000000016961  time_per_window : 0.000748   progress : 0.874
name: models.architecture.block_type=simple
models.architecture.mamba_type=mamba
training.mode=gml_rollout
models.out_dim=10
seed=0    avg_loss: 0.000000016425  time_per_window : 0.000751   progress : 0.885
name: models.architecture.block_type=simple
models.architecture.mamba_type=mamba
training.mode=gml_rollout
models.out_dim=10
seed=0    avg_loss: 0.000000015961  time_per_window : 0.000766   progress : 0.896
name: models.architecture.block_type=simple
models.architecture.mamba_type=mamba
training.mode=gml_rollout
models.out_dim=10
seed=0    avg_loss: 0.000000016878  time_per_window : 0.000786   progress : 0.907
name: models.architecture.block_type=simple
models.architecture.mamba_type=mamba
training.mode=gml_rollout
models.out_dim=10
seed=0    avg_loss: 0.000000016642  time_per_window : 0.000794   progress : 0.917
name: models.architecture.block_type=simple
models.architecture.mamba_type=mamba
training.mode=gml_rollout
models.out_dim=10
seed=0    avg_loss: 0.000000016274  time_per_window : 0.000754   progress : 0.928
name: models.architecture.block_type=simple
models.architecture.mamba_type=mamba
training.mode=gml_rollout
models.out_dim=10
seed=0    avg_loss: 0.000000016366  time_per_window : 0.000812   progress : 0.939
name: models.architecture.block_type=simple
models.architecture.mamba_type=mamba
training.mode=gml_rollout
models.out_dim=10
seed=0    avg_loss: 0.000000016930  time_per_window : 0.000771   progress : 0.950
name: models.architecture.block_type=simple
models.architecture.mamba_type=mamba
training.mode=gml_rollout
models.out_dim=10
seed=0    avg_loss: 0.000000015969  time_per_window : 0.000772   progress : 0.961
name: models.architecture.block_type=simple
models.architecture.mamba_type=mamba
training.mode=gml_rollout
models.out_dim=10
seed=0    avg_loss: 0.000000016216  time_per_window : 0.000831   progress : 0.972
name: models.architecture.block_type=simple
models.architecture.mamba_type=mamba
training.mode=gml_rollout
models.out_dim=10
seed=0    avg_loss: 0.000000015983  time_per_window : 0.000831   progress : 0.983
name: models.architecture.block_type=simple
models.architecture.mamba_type=mamba
training.mode=gml_rollout
models.out_dim=10
seed=0    avg_loss: 0.000000015870  time_per_window : 0.000786   progress : 0.994
name: models.architecture.block_type=simple
models.architecture.mamba_type=mamba
training.mode=gml_rollout
models.out_dim=10
seed=0    avg_loss: 0.000001511899  time_per_window : 0.000785   progress : 0.011
name: models.architecture.block_type=simple
models.architecture.mamba_type=mamba
training.mode=gml_rollout
models.out_dim=10
seed=0    avg_loss: 0.000000091522  time_per_window : 0.000762   progress : 0.022
name: models.architecture.block_type=simple
models.architecture.mamba_type=mamba
training.mode=gml_rollout
models.out_dim=10
seed=0    avg_loss: 0.000000062577  time_per_window : 0.000779   progress : 0.033
name: models.architecture.block_type=simple
models.architecture.mamba_type=mamba
training.mode=gml_rollout
models.out_dim=10
seed=0    avg_loss: 0.000000048259  time_per_window : 0.000780   progress : 0.044
name: models.architecture.block_type=simple
models.architecture.mamba_type=mamba
training.mode=gml_rollout
models.out_dim=10
seed=0    avg_loss: 0.000000050482  time_per_window : 0.000755   progress : 0.055
name: models.architecture.block_type=simple
models.architecture.mamba_type=mamba
training.mode=gml_rollout
models.out_dim=10
seed=0    avg_loss: 0.000000047694  time_per_window : 0.000816   progress : 0.066
name: models.architecture.block_type=simple
models.architecture.mamba_type=mamba
training.mode=gml_rollout
models.out_dim=10
seed=0    avg_loss: 0.000000042095  time_per_window : 0.000797   progress : 0.076
name: models.architecture.block_type=simple
models.architecture.mamba_type=mamba
training.mode=gml_rollout
models.out_dim=10
seed=0    avg_loss: 0.000000040687  time_per_window : 0.000790   progress : 0.087
name: models.architecture.block_type=simple
models.architecture.mamba_type=mamba
training.mode=gml_rollout
models.out_dim=10
seed=0    avg_loss: 0.000000034895  time_per_window : 0.000765   progress : 0.098
name: models.architecture.block_type=simple
models.architecture.mamba_type=mamba
training.mode=gml_rollout
models.out_dim=10
seed=0    avg_loss: 0.000000036230  time_per_window : 0.000794   progress : 0.109
name: models.architecture.block_type=simple
models.architecture.mamba_type=mamba
training.mode=gml_rollout
models.out_dim=10
seed=0    avg_loss: 0.000000046877  time_per_window : 0.000772   progress : 0.120
name: models.architecture.block_type=simple
models.architecture.mamba_type=mamba
training.mode=gml_rollout
models.out_dim=10
seed=0    avg_loss: 0.000000035423  time_per_window : 0.000768   progress : 0.131
name: models.architecture.block_type=simple
models.architecture.mamba_type=mamba
training.mode=gml_rollout
models.out_dim=10
seed=0    avg_loss: 0.000000036896  time_per_window : 0.000770   progress : 0.142
name: models.architecture.block_type=simple
models.architecture.mamba_type=mamba
training.mode=gml_rollout
models.out_dim=10
seed=0    avg_loss: 0.000000036802  time_per_window : 0.000870   progress : 0.153
name: models.architecture.block_type=simple
models.architecture.mamba_type=mamba
training.mode=gml_rollout
models.out_dim=10
seed=0    avg_loss: 0.000000035852  time_per_window : 0.000791   progress : 0.164
name: models.architecture.block_type=simple
models.architecture.mamba_type=mamba
training.mode=gml_rollout
models.out_dim=10
seed=0    avg_loss: 0.000000041178  time_per_window : 0.000817   progress : 0.175
name: models.architecture.block_type=simple
models.architecture.mamba_type=mamba
training.mode=gml_rollout
models.out_dim=10
seed=0    avg_loss: 0.000000038420  time_per_window : 0.000793   progress : 0.186
name: models.architecture.block_type=simple
models.architecture.mamba_type=mamba
training.mode=gml_rollout
models.out_dim=10
seed=0    avg_loss: 0.000000036210  time_per_window : 0.000800   progress : 0.197
name: models.architecture.block_type=simple
models.architecture.mamba_type=mamba
training.mode=gml_rollout
models.out_dim=10
seed=0    avg_loss: 0.000000035931  time_per_window : 0.000770   progress : 0.208
name: models.architecture.block_type=simple
models.architecture.mamba_type=mamba
training.mode=gml_rollout
models.out_dim=10
seed=0    avg_loss: 0.000000036488  time_per_window : 0.000817   progress : 0.218
name: models.architecture.block_type=simple
models.architecture.mamba_type=mamba
training.mode=gml_rollout
models.out_dim=10
seed=0    avg_loss: 0.000000037638  time_per_window : 0.000794   progress : 0.229
name: models.architecture.block_type=simple
models.architecture.mamba_type=mamba
training.mode=gml_rollout
models.out_dim=10
seed=0    avg_loss: 0.000000044799  time_per_window : 0.000825   progress : 0.240
name: models.architecture.block_type=simple
models.architecture.mamba_type=mamba
training.mode=gml_rollout
models.out_dim=10
seed=0    avg_loss: 0.000000042392  time_per_window : 0.000820   progress : 0.251
name: models.architecture.block_type=simple
models.architecture.mamba_type=mamba
training.mode=gml_rollout
models.out_dim=10
seed=0    avg_loss: 0.000000031734  time_per_window : 0.000762   progress : 0.262
name: models.architecture.block_type=simple
models.architecture.mamba_type=mamba
training.mode=gml_rollout
models.out_dim=10
seed=0    avg_loss: 0.000000035801  time_per_window : 0.000768   progress : 0.273
name: models.architecture.block_type=simple
models.architecture.mamba_type=mamba
training.mode=gml_rollout
models.out_dim=10
seed=0    avg_loss: 0.000000035680  time_per_window : 0.000794   progress : 0.284
name: models.architecture.block_type=simple
models.architecture.mamba_type=mamba
training.mode=gml_rollout
models.out_dim=10
seed=0    avg_loss: 0.000000039973  time_per_window : 0.000785   progress : 0.295
name: models.architecture.block_type=simple
models.architecture.mamba_type=mamba
training.mode=gml_rollout
models.out_dim=10
seed=0    avg_loss: 0.000000031960  time_per_window : 0.000752   progress : 0.306
name: models.architecture.block_type=simple
models.architecture.mamba_type=mamba
training.mode=gml_rollout
models.out_dim=10
seed=0    avg_loss: 0.000000034821  time_per_window : 0.000769   progress : 0.317
name: models.architecture.block_type=simple
models.architecture.mamba_type=mamba
training.mode=gml_rollout
models.out_dim=10
seed=0    avg_loss: 0.000000035639  time_per_window : 0.000798   progress : 0.328
name: models.architecture.block_type=simple
models.architecture.mamba_type=mamba
training.mode=gml_rollout
models.out_dim=10
seed=0    avg_loss: 0.000000039550  time_per_window : 0.000843   progress : 0.339
name: models.architecture.block_type=simple
models.architecture.mamba_type=mamba
training.mode=gml_rollout
models.out_dim=10
seed=0    avg_loss: 0.000000041462  time_per_window : 0.000754   progress : 0.350
name: models.architecture.block_type=simple
models.architecture.mamba_type=mamba
training.mode=gml_rollout
models.out_dim=10
seed=0    avg_loss: 0.000000035827  time_per_window : 0.000787   progress : 0.360
name: models.architecture.block_type=simple
models.architecture.mamba_type=mamba
training.mode=gml_rollout
models.out_dim=10
seed=0    avg_loss: 0.000000034231  time_per_window : 0.000787   progress : 0.371
name: models.architecture.block_type=simple
models.architecture.mamba_type=mamba
training.mode=gml_rollout
models.out_dim=10
seed=0    avg_loss: 0.000000035245  time_per_window : 0.000702   progress : 0.382
name: models.architecture.block_type=simple
models.architecture.mamba_type=mamba
training.mode=gml_rollout
models.out_dim=10
seed=0    avg_loss: 0.000000034844  time_per_window : 0.000719   progress : 0.393
name: models.architecture.block_type=simple
models.architecture.mamba_type=mamba
training.mode=gml_rollout
models.out_dim=10
seed=0    avg_loss: 0.000000036321  time_per_window : 0.000691   progress : 0.404
name: models.architecture.block_type=simple
models.architecture.mamba_type=mamba
training.mode=gml_rollout
models.out_dim=10
seed=0    avg_loss: 0.000000034170  time_per_window : 0.000710   progress : 0.415
name: models.architecture.block_type=simple
models.architecture.mamba_type=mamba
training.mode=gml_rollout
models.out_dim=10
seed=0    avg_loss: 0.000000032371  time_per_window : 0.000719   progress : 0.426
name: models.architecture.block_type=simple
models.architecture.mamba_type=mamba
training.mode=gml_rollout
models.out_dim=10
seed=0    avg_loss: 0.000000033253  time_per_window : 0.000647   progress : 0.437
name: models.architecture.block_type=simple
models.architecture.mamba_type=mamba
training.mode=gml_rollout
models.out_dim=10
seed=0    avg_loss: 0.000000038956  time_per_window : 0.000622   progress : 0.448
name: models.architecture.block_type=simple
models.architecture.mamba_type=mamba
training.mode=gml_rollout
models.out_dim=10
seed=0    avg_loss: 0.000000031729  time_per_window : 0.000603   progress : 0.459
name: models.architecture.block_type=simple
models.architecture.mamba_type=mamba
training.mode=gml_rollout
models.out_dim=10
seed=0    avg_loss: 0.000000033651  time_per_window : 0.000635   progress : 0.470
name: models.architecture.block_type=simple
models.architecture.mamba_type=mamba
training.mode=gml_rollout
models.out_dim=10
seed=0    avg_loss: 0.000000033787  time_per_window : 0.000615   progress : 0.481
name: models.architecture.block_type=simple
models.architecture.mamba_type=mamba
training.mode=gml_rollout
models.out_dim=10
seed=0    avg_loss: 0.000000032611  time_per_window : 0.000591   progress : 0.492
name: models.architecture.block_type=simple
models.architecture.mamba_type=mamba
training.mode=gml_rollout
models.out_dim=10
seed=0    avg_loss: 0.000000033771  time_per_window : 0.000612   progress : 0.502
name: models.architecture.block_type=simple
models.architecture.mamba_type=mamba
training.mode=gml_rollout
models.out_dim=10
seed=0    avg_loss: 0.000000032126  time_per_window : 0.000655   progress : 0.513
name: models.architecture.block_type=simple
models.architecture.mamba_type=mamba
training.mode=gml_rollout
models.out_dim=10
seed=0    avg_loss: 0.000000032613  time_per_window : 0.000645   progress : 0.524
name: models.architecture.block_type=simple
models.architecture.mamba_type=mamba
training.mode=gml_rollout
models.out_dim=10
seed=0    avg_loss: 0.000000032107  time_per_window : 0.000639   progress : 0.535
name: models.architecture.block_type=simple
models.architecture.mamba_type=mamba
training.mode=gml_rollout
models.out_dim=10
seed=0    avg_loss: 0.000000031710  time_per_window : 0.000598   progress : 0.546
name: models.architecture.block_type=simple
models.architecture.mamba_type=mamba
training.mode=gml_rollout
models.out_dim=10
seed=0    avg_loss: 0.000000034059  time_per_window : 0.000604   progress : 0.557
name: models.architecture.block_type=simple
models.architecture.mamba_type=mamba
training.mode=gml_rollout
models.out_dim=10
seed=0    avg_loss: 0.000000030532  time_per_window : 0.000645   progress : 0.568
name: models.architecture.block_type=simple
models.architecture.mamba_type=mamba
training.mode=gml_rollout
models.out_dim=10
seed=0    avg_loss: 0.000000031673  time_per_window : 0.000689   progress : 0.579
name: models.architecture.block_type=simple
models.architecture.mamba_type=mamba
training.mode=gml_rollout
models.out_dim=10
seed=0    avg_loss: 0.000000031243  time_per_window : 0.000642   progress : 0.590
name: models.architecture.block_type=simple
models.architecture.mamba_type=mamba
training.mode=gml_rollout
models.out_dim=10
seed=0    avg_loss: 0.000000029651  time_per_window : 0.000625   progress : 0.601
name: models.architecture.block_type=simple
models.architecture.mamba_type=mamba
training.mode=gml_rollout
models.out_dim=10
seed=0    avg_loss: 0.000000031122  time_per_window : 0.000628   progress : 0.612
name: models.architecture.block_type=simple
models.architecture.mamba_type=mamba
training.mode=gml_rollout
models.out_dim=10
seed=0    avg_loss: 0.000000031196  time_per_window : 0.000634   progress : 0.623
name: models.architecture.block_type=simple
models.architecture.mamba_type=mamba
training.mode=gml_rollout
models.out_dim=10
seed=0    avg_loss: 0.000000033936  time_per_window : 0.000557   progress : 0.634
name: models.architecture.block_type=simple
models.architecture.mamba_type=mamba
training.mode=gml_rollout
models.out_dim=10
seed=0    avg_loss: 0.000000033335  time_per_window : 0.000599   progress : 0.644
name: models.architecture.block_type=simple
models.architecture.mamba_type=mamba
training.mode=gml_rollout
models.out_dim=10
seed=0    avg_loss: 0.000000029438  time_per_window : 0.000656   progress : 0.655
name: models.architecture.block_type=simple
models.architecture.mamba_type=mamba
training.mode=gml_rollout
models.out_dim=10
seed=0    avg_loss: 0.000000031944  time_per_window : 0.000638   progress : 0.666
name: models.architecture.block_type=simple
models.architecture.mamba_type=mamba
training.mode=gml_rollout
models.out_dim=10
seed=0    avg_loss: 0.000000029360  time_per_window : 0.000661   progress : 0.677
name: models.architecture.block_type=simple
models.architecture.mamba_type=mamba
training.mode=gml_rollout
models.out_dim=10
seed=0    avg_loss: 0.000000028812  time_per_window : 0.000600   progress : 0.688
name: models.architecture.block_type=simple
models.architecture.mamba_type=mamba
training.mode=gml_rollout
models.out_dim=10
seed=0    avg_loss: 0.000000029308  time_per_window : 0.000607   progress : 0.699
name: models.architecture.block_type=simple
models.architecture.mamba_type=mamba
training.mode=gml_rollout
models.out_dim=10
seed=0    avg_loss: 0.000000031150  time_per_window : 0.000607   progress : 0.710
name: models.architecture.block_type=simple
models.architecture.mamba_type=mamba
training.mode=gml_rollout
models.out_dim=10
seed=0    avg_loss: 0.000000031393  time_per_window : 0.000596   progress : 0.721
name: models.architecture.block_type=simple
models.architecture.mamba_type=mamba
training.mode=gml_rollout
models.out_dim=10
seed=0    avg_loss: 0.000000029144  time_per_window : 0.000653   progress : 0.732
name: models.architecture.block_type=simple
models.architecture.mamba_type=mamba
training.mode=gml_rollout
models.out_dim=10
seed=0    avg_loss: 0.000000031127  time_per_window : 0.000638   progress : 0.743
name: models.architecture.block_type=simple
models.architecture.mamba_type=mamba
training.mode=gml_rollout
models.out_dim=10
seed=0    avg_loss: 0.000000028929  time_per_window : 0.000621   progress : 0.754
name: models.architecture.block_type=simple
models.architecture.mamba_type=mamba
training.mode=gml_rollout
models.out_dim=10
seed=0    avg_loss: 0.000000032725  time_per_window : 0.000619   progress : 0.765
name: models.architecture.block_type=simple
models.architecture.mamba_type=mamba
training.mode=gml_rollout
models.out_dim=10
seed=0    avg_loss: 0.000000031513  time_per_window : 0.000566   progress : 0.775
name: models.architecture.block_type=simple
models.architecture.mamba_type=mamba
training.mode=gml_rollout
models.out_dim=10
seed=0    avg_loss: 0.000000029342  time_per_window : 0.000509   progress : 0.786
name: models.architecture.block_type=simple
models.architecture.mamba_type=mamba
training.mode=gml_rollout
models.out_dim=10
seed=0    avg_loss: 0.000000029691  time_per_window : 0.000483   progress : 0.797
name: models.architecture.block_type=simple
models.architecture.mamba_type=mamba
training.mode=gml_rollout
models.out_dim=10
seed=0    avg_loss: 0.000000029454  time_per_window : 0.000556   progress : 0.808
name: models.architecture.block_type=simple
models.architecture.mamba_type=mamba
training.mode=gml_rollout
models.out_dim=10
seed=0    avg_loss: 0.000000031308  time_per_window : 0.000532   progress : 0.819
name: models.architecture.block_type=simple
models.architecture.mamba_type=mamba
training.mode=gml_rollout
models.out_dim=10
seed=0    avg_loss: 0.000000030502  time_per_window : 0.000540   progress : 0.830
name: models.architecture.block_type=simple
models.architecture.mamba_type=mamba
training.mode=gml_rollout
models.out_dim=10
seed=0    avg_loss: 0.000000029657  time_per_window : 0.000538   progress : 0.841
name: models.architecture.block_type=simple
models.architecture.mamba_type=mamba
training.mode=gml_rollout
models.out_dim=10
seed=0    avg_loss: 0.000000030517  time_per_window : 0.000584   progress : 0.852
name: models.architecture.block_type=simple
models.architecture.mamba_type=mamba
training.mode=gml_rollout
models.out_dim=10
seed=0    avg_loss: 0.000000030164  time_per_window : 0.000526   progress : 0.863
name: models.architecture.block_type=simple
models.architecture.mamba_type=mamba
training.mode=gml_rollout
models.out_dim=10
seed=0    avg_loss: 0.000000029389  time_per_window : 0.000542   progress : 0.874
name: models.architecture.block_type=simple
models.architecture.mamba_type=mamba
training.mode=gml_rollout
models.out_dim=10
seed=0    avg_loss: 0.000000030199  time_per_window : 0.000513   progress : 0.885
name: models.architecture.block_type=simple
models.architecture.mamba_type=mamba
training.mode=gml_rollout
models.out_dim=10
seed=0    avg_loss: 0.000000030293  time_per_window : 0.000551   progress : 0.896
name: models.architecture.block_type=simple
models.architecture.mamba_type=mamba
training.mode=gml_rollout
models.out_dim=10
seed=0    avg_loss: 0.000000030952  time_per_window : 0.000477   progress : 0.907
name: models.architecture.block_type=simple
models.architecture.mamba_type=mamba
training.mode=gml_rollout
models.out_dim=10
seed=0    avg_loss: 0.000000031161  time_per_window : 0.000497   progress : 0.917
name: models.architecture.block_type=simple
models.architecture.mamba_type=mamba
training.mode=gml_rollout
models.out_dim=10
seed=0    avg_loss: 0.000000029296  time_per_window : 0.000510   progress : 0.928
name: models.architecture.block_type=simple
models.architecture.mamba_type=mamba
training.mode=gml_rollout
models.out_dim=10
seed=0    avg_loss: 0.000000028293  time_per_window : 0.000564   progress : 0.939
name: models.architecture.block_type=simple
models.architecture.mamba_type=mamba
training.mode=gml_rollout
models.out_dim=10
seed=0    avg_loss: 0.000000034315  time_per_window : 0.000519   progress : 0.950
name: models.architecture.block_type=simple
models.architecture.mamba_type=mamba
training.mode=gml_rollout
models.out_dim=10
seed=0    avg_loss: 0.000000029843  time_per_window : 0.000480   progress : 0.961
name: models.architecture.block_type=simple
models.architecture.mamba_type=mamba
training.mode=gml_rollout
models.out_dim=10
seed=0    avg_loss: 0.000000028229  time_per_window : 0.000544   progress : 0.972
name: models.architecture.block_type=simple
models.architecture.mamba_type=mamba
training.mode=gml_rollout
models.out_dim=10
seed=0    avg_loss: 0.000000029840  time_per_window : 0.000518   progress : 0.983
name: models.architecture.block_type=simple
models.architecture.mamba_type=mamba
training.mode=gml_rollout
models.out_dim=10
seed=0    avg_loss: 0.000000031679  time_per_window : 0.000478   progress : 0.994
name: models.architecture.block_type=simple
models.architecture.mamba_type=mamba
training.mode=gml_rollout
models.out_dim=10
seed=0    avg_loss: 0.000013847755  time_per_window : 0.000497   progress : 0.011
name: models.architecture.block_type=simple
models.architecture.mamba_type=mamba
training.mode=gml_rollout
models.out_dim=10
seed=0    avg_loss: 0.000001985541  time_per_window : 0.000491   progress : 0.022
name: models.architecture.block_type=simple
models.architecture.mamba_type=mamba
training.mode=gml_rollout
models.out_dim=10
seed=0    avg_loss: 0.000000670157  time_per_window : 0.000507   progress : 0.033
name: models.architecture.block_type=simple
models.architecture.mamba_type=mamba
training.mode=gml_rollout
models.out_dim=10
seed=0    avg_loss: 0.000000483478  time_per_window : 0.000568   progress : 0.044
name: models.architecture.block_type=simple
models.architecture.mamba_type=mamba
training.mode=gml_rollout
models.out_dim=10
seed=0    avg_loss: 0.000000416284  time_per_window : 0.000543   progress : 0.055
name: models.architecture.block_type=simple
models.architecture.mamba_type=mamba
training.mode=gml_rollout
models.out_dim=10
seed=0    avg_loss: 0.000000299511  time_per_window : 0.000516   progress : 0.066
name: models.architecture.block_type=simple
models.architecture.mamba_type=mamba
training.mode=gml_rollout
models.out_dim=10
seed=0    avg_loss: 0.000000277735  time_per_window : 0.000493   progress : 0.076
name: models.architecture.block_type=simple
models.architecture.mamba_type=mamba
training.mode=gml_rollout
models.out_dim=10
seed=0    avg_loss: 0.000000247410  time_per_window : 0.000544   progress : 0.087
name: models.architecture.block_type=simple
models.architecture.mamba_type=mamba
training.mode=gml_rollout
models.out_dim=10
seed=0    avg_loss: 0.000000252233  time_per_window : 0.000512   progress : 0.098
name: models.architecture.block_type=simple
models.architecture.mamba_type=mamba
training.mode=gml_rollout
models.out_dim=10
seed=0    avg_loss: 0.000000237991  time_per_window : 0.000492   progress : 0.109
name: models.architecture.block_type=simple
models.architecture.mamba_type=mamba
training.mode=gml_rollout
models.out_dim=10
seed=0    avg_loss: 0.000000262686  time_per_window : 0.000539   progress : 0.120
name: models.architecture.block_type=simple
models.architecture.mamba_type=mamba
training.mode=gml_rollout
models.out_dim=10
seed=0    avg_loss: 0.000000232100  time_per_window : 0.000509   progress : 0.131
name: models.architecture.block_type=simple
models.architecture.mamba_type=mamba
training.mode=gml_rollout
models.out_dim=10
seed=0    avg_loss: 0.000000186762  time_per_window : 0.000570   progress : 0.142
name: models.architecture.block_type=simple
models.architecture.mamba_type=mamba
training.mode=gml_rollout
models.out_dim=10
seed=0    avg_loss: 0.000000216238  time_per_window : 0.000496   progress : 0.153
name: models.architecture.block_type=simple
models.architecture.mamba_type=mamba
training.mode=gml_rollout
models.out_dim=10
seed=0    avg_loss: 0.000000161779  time_per_window : 0.000535   progress : 0.164
name: models.architecture.block_type=simple
models.architecture.mamba_type=mamba
training.mode=gml_rollout
models.out_dim=10
seed=0    avg_loss: 0.000000173958  time_per_window : 0.000545   progress : 0.175
name: models.architecture.block_type=simple
models.architecture.mamba_type=mamba
training.mode=gml_rollout
models.out_dim=10
seed=0    avg_loss: 0.000000158522  time_per_window : 0.000555   progress : 0.186
name: models.architecture.block_type=simple
models.architecture.mamba_type=mamba
training.mode=gml_rollout
models.out_dim=10
seed=0    avg_loss: 0.000000187782  time_per_window : 0.000566   progress : 0.197
name: models.architecture.block_type=simple
models.architecture.mamba_type=mamba
training.mode=gml_rollout
models.out_dim=10
seed=0    avg_loss: 0.000000147977  time_per_window : 0.000548   progress : 0.208
name: models.architecture.block_type=simple
models.architecture.mamba_type=mamba
training.mode=gml_rollout
models.out_dim=10
seed=0    avg_loss: 0.000000164308  time_per_window : 0.000505   progress : 0.218
name: models.architecture.block_type=simple
models.architecture.mamba_type=mamba
training.mode=gml_rollout
models.out_dim=10
seed=0    avg_loss: 0.000000158869  time_per_window : 0.000562   progress : 0.229
name: models.architecture.block_type=simple
models.architecture.mamba_type=mamba
training.mode=gml_rollout
models.out_dim=10
seed=0    avg_loss: 0.000000157629  time_per_window : 0.000526   progress : 0.240
name: models.architecture.block_type=simple
models.architecture.mamba_type=mamba
training.mode=gml_rollout
models.out_dim=10
seed=0    avg_loss: 0.000000188209  time_per_window : 0.000524   progress : 0.251
name: models.architecture.block_type=simple
models.architecture.mamba_type=mamba
training.mode=gml_rollout
models.out_dim=10
seed=0    avg_loss: 0.000000166772  time_per_window : 0.000507   progress : 0.262
name: models.architecture.block_type=simple
models.architecture.mamba_type=mamba
training.mode=gml_rollout
models.out_dim=10
seed=0    avg_loss: 0.000000147709  time_per_window : 0.000518   progress : 0.273
name: models.architecture.block_type=simple
models.architecture.mamba_type=mamba
training.mode=gml_rollout
models.out_dim=10
seed=0    avg_loss: 0.000000162960  time_per_window : 0.000526   progress : 0.284
name: models.architecture.block_type=simple
models.architecture.mamba_type=mamba
training.mode=gml_rollout
models.out_dim=10
seed=0    avg_loss: 0.000000183028  time_per_window : 0.000511   progress : 0.295
name: models.architecture.block_type=simple
models.architecture.mamba_type=mamba
training.mode=gml_rollout
models.out_dim=10
seed=0    avg_loss: 0.000000182343  time_per_window : 0.000531   progress : 0.306
name: models.architecture.block_type=simple
models.architecture.mamba_type=mamba
training.mode=gml_rollout
models.out_dim=10
seed=0    avg_loss: 0.000000151671  time_per_window : 0.000617   progress : 0.317
name: models.architecture.block_type=simple
models.architecture.mamba_type=mamba
training.mode=gml_rollout
models.out_dim=10
seed=0    avg_loss: 0.000000143975  time_per_window : 0.000556   progress : 0.328
name: models.architecture.block_type=simple
models.architecture.mamba_type=mamba
training.mode=gml_rollout
models.out_dim=10
seed=0    avg_loss: 0.000000152596  time_per_window : 0.000560   progress : 0.339
name: models.architecture.block_type=simple
models.architecture.mamba_type=mamba
training.mode=gml_rollout
models.out_dim=10
seed=0    avg_loss: 0.000000169960  time_per_window : 0.000523   progress : 0.350
name: models.architecture.block_type=simple
models.architecture.mamba_type=mamba
training.mode=gml_rollout
models.out_dim=10
seed=0    avg_loss: 0.000000142341  time_per_window : 0.000539   progress : 0.360
name: models.architecture.block_type=simple
models.architecture.mamba_type=mamba
training.mode=gml_rollout
models.out_dim=10
seed=0    avg_loss: 0.000000151441  time_per_window : 0.000592   progress : 0.371
name: models.architecture.block_type=simple
models.architecture.mamba_type=mamba
training.mode=gml_rollout
models.out_dim=10
seed=0    avg_loss: 0.000000175339  time_per_window : 0.000499   progress : 0.382
name: models.architecture.block_type=simple
models.architecture.mamba_type=mamba
training.mode=gml_rollout
models.out_dim=10
seed=0    avg_loss: 0.000000165743  time_per_window : 0.000515   progress : 0.393
name: models.architecture.block_type=simple
models.architecture.mamba_type=mamba
training.mode=gml_rollout
models.out_dim=10
seed=0    avg_loss: 0.000000166400  time_per_window : 0.000527   progress : 0.404
name: models.architecture.block_type=simple
models.architecture.mamba_type=mamba
training.mode=gml_rollout
models.out_dim=10
seed=0    avg_loss: 0.000000140822  time_per_window : 0.000516   progress : 0.415
name: models.architecture.block_type=simple
models.architecture.mamba_type=mamba
training.mode=gml_rollout
models.out_dim=10
seed=0    avg_loss: 0.000000169968  time_per_window : 0.000524   progress : 0.426
name: models.architecture.block_type=simple
models.architecture.mamba_type=mamba
training.mode=gml_rollout
models.out_dim=10
seed=0    avg_loss: 0.000000179001  time_per_window : 0.000570   progress : 0.437
name: models.architecture.block_type=simple
models.architecture.mamba_type=mamba
training.mode=gml_rollout
models.out_dim=10
seed=0    avg_loss: 0.000000140829  time_per_window : 0.000506   progress : 0.448
name: models.architecture.block_type=simple
models.architecture.mamba_type=mamba
training.mode=gml_rollout
models.out_dim=10
seed=0    avg_loss: 0.000000149336  time_per_window : 0.000526   progress : 0.459
name: models.architecture.block_type=simple
models.architecture.mamba_type=mamba
training.mode=gml_rollout
models.out_dim=10
seed=0    avg_loss: 0.000000212168  time_per_window : 0.000564   progress : 0.470
name: models.architecture.block_type=simple
models.architecture.mamba_type=mamba
training.mode=gml_rollout
models.out_dim=10
seed=0    avg_loss: 0.000000148734  time_per_window : 0.000486   progress : 0.481
name: models.architecture.block_type=simple
models.architecture.mamba_type=mamba
training.mode=gml_rollout
models.out_dim=10
seed=0    avg_loss: 0.000000145640  time_per_window : 0.000519   progress : 0.492
name: models.architecture.block_type=simple
models.architecture.mamba_type=mamba
training.mode=gml_rollout
models.out_dim=10
seed=0    avg_loss: 0.000000147102  time_per_window : 0.000477   progress : 0.502
name: models.architecture.block_type=simple
models.architecture.mamba_type=mamba
training.mode=gml_rollout
models.out_dim=10
seed=0    avg_loss: 0.000000144534  time_per_window : 0.000497   progress : 0.513
name: models.architecture.block_type=simple
models.architecture.mamba_type=mamba
training.mode=gml_rollout
models.out_dim=10
seed=0    avg_loss: 0.000000151365  time_per_window : 0.000520   progress : 0.524
name: models.architecture.block_type=simple
models.architecture.mamba_type=mamba
training.mode=gml_rollout
models.out_dim=10
seed=0    avg_loss: 0.000000159575  time_per_window : 0.000502   progress : 0.535
name: models.architecture.block_type=simple
models.architecture.mamba_type=mamba
training.mode=gml_rollout
models.out_dim=10
seed=0    avg_loss: 0.000000148735  time_per_window : 0.000545   progress : 0.546
name: models.architecture.block_type=simple
models.architecture.mamba_type=mamba
training.mode=gml_rollout
models.out_dim=10
seed=0    avg_loss: 0.000000164065  time_per_window : 0.000550   progress : 0.557
name: models.architecture.block_type=simple
models.architecture.mamba_type=mamba
training.mode=gml_rollout
models.out_dim=10
seed=0    avg_loss: 0.000000169031  time_per_window : 0.000541   progress : 0.568
name: models.architecture.block_type=simple
models.architecture.mamba_type=mamba
training.mode=gml_rollout
models.out_dim=10
seed=0    avg_loss: 0.000000129600  time_per_window : 0.000554   progress : 0.579
name: models.architecture.block_type=simple
models.architecture.mamba_type=mamba
training.mode=gml_rollout
models.out_dim=10
seed=0    avg_loss: 0.000000155564  time_per_window : 0.000507   progress : 0.590
name: models.architecture.block_type=simple
models.architecture.mamba_type=mamba
training.mode=gml_rollout
models.out_dim=10
seed=0    avg_loss: 0.000000159505  time_per_window : 0.000474   progress : 0.601
name: models.architecture.block_type=simple
models.architecture.mamba_type=mamba
training.mode=gml_rollout
models.out_dim=10
seed=0    avg_loss: 0.000000149265  time_per_window : 0.000479   progress : 0.612
name: models.architecture.block_type=simple
models.architecture.mamba_type=mamba
training.mode=gml_rollout
models.out_dim=10
seed=0    avg_loss: 0.000000159289  time_per_window : 0.000515   progress : 0.623
name: models.architecture.block_type=simple
models.architecture.mamba_type=mamba
training.mode=gml_rollout
models.out_dim=10
seed=0    avg_loss: 0.000000156808  time_per_window : 0.000516   progress : 0.634
name: models.architecture.block_type=simple
models.architecture.mamba_type=mamba
training.mode=gml_rollout
models.out_dim=10
seed=0    avg_loss: 0.000000169780  time_per_window : 0.000556   progress : 0.644
name: models.architecture.block_type=simple
models.architecture.mamba_type=mamba
training.mode=gml_rollout
models.out_dim=10
seed=0    avg_loss: 0.000000132170  time_per_window : 0.000532   progress : 0.655
name: models.architecture.block_type=simple
models.architecture.mamba_type=mamba
training.mode=gml_rollout
models.out_dim=10
seed=0    avg_loss: 0.000000160564  time_per_window : 0.000503   progress : 0.666
name: models.architecture.block_type=simple
models.architecture.mamba_type=mamba
training.mode=gml_rollout
models.out_dim=10
seed=0    avg_loss: 0.000000155996  time_per_window : 0.000549   progress : 0.677
name: models.architecture.block_type=simple
models.architecture.mamba_type=mamba
training.mode=gml_rollout
models.out_dim=10
seed=0    avg_loss: 0.000000141406  time_per_window : 0.000507   progress : 0.688
name: models.architecture.block_type=simple
models.architecture.mamba_type=mamba
training.mode=gml_rollout
models.out_dim=10
seed=0    avg_loss: 0.000000163534  time_per_window : 0.000543   progress : 0.699
name: models.architecture.block_type=simple
models.architecture.mamba_type=mamba
training.mode=gml_rollout
models.out_dim=10
seed=0    avg_loss: 0.000000155223  time_per_window : 0.000495   progress : 0.710
name: models.architecture.block_type=simple
models.architecture.mamba_type=mamba
training.mode=gml_rollout
models.out_dim=10
seed=0    avg_loss: 0.000000137748  time_per_window : 0.000525   progress : 0.721
name: models.architecture.block_type=simple
models.architecture.mamba_type=mamba
training.mode=gml_rollout
models.out_dim=10
seed=0    avg_loss: 0.000000149108  time_per_window : 0.000509   progress : 0.732
name: models.architecture.block_type=simple
models.architecture.mamba_type=mamba
training.mode=gml_rollout
models.out_dim=10
seed=0    avg_loss: 0.000000149712  time_per_window : 0.000502   progress : 0.743
name: models.architecture.block_type=simple
models.architecture.mamba_type=mamba
training.mode=gml_rollout
models.out_dim=10
seed=0    avg_loss: 0.000000170803  time_per_window : 0.000527   progress : 0.754
name: models.architecture.block_type=simple
models.architecture.mamba_type=mamba
training.mode=gml_rollout
models.out_dim=10
seed=0    avg_loss: 0.000000137218  time_per_window : 0.000499   progress : 0.765
name: models.architecture.block_type=simple
models.architecture.mamba_type=mamba
training.mode=gml_rollout
models.out_dim=10
seed=0    avg_loss: 0.000000156271  time_per_window : 0.000507   progress : 0.775
name: models.architecture.block_type=simple
models.architecture.mamba_type=mamba
training.mode=gml_rollout
models.out_dim=10
seed=0    avg_loss: 0.000000177306  time_per_window : 0.000539   progress : 0.786
name: models.architecture.block_type=simple
models.architecture.mamba_type=mamba
training.mode=gml_rollout
models.out_dim=10
seed=0    avg_loss: 0.000000155634  time_per_window : 0.000476   progress : 0.797
name: models.architecture.block_type=simple
models.architecture.mamba_type=mamba
training.mode=gml_rollout
models.out_dim=10
seed=0    avg_loss: 0.000000143842  time_per_window : 0.000505   progress : 0.808
name: models.architecture.block_type=simple
models.architecture.mamba_type=mamba
training.mode=gml_rollout
models.out_dim=10
seed=0    avg_loss: 0.000000131232  time_per_window : 0.000511   progress : 0.819
name: models.architecture.block_type=simple
models.architecture.mamba_type=mamba
training.mode=gml_rollout
models.out_dim=10
seed=0    avg_loss: 0.000000141599  time_per_window : 0.000487   progress : 0.830
name: models.architecture.block_type=simple
models.architecture.mamba_type=mamba
training.mode=gml_rollout
models.out_dim=10
seed=0    avg_loss: 0.000000152162  time_per_window : 0.000497   progress : 0.841
name: models.architecture.block_type=simple
models.architecture.mamba_type=mamba
training.mode=gml_rollout
models.out_dim=10
seed=0    avg_loss: 0.000000152601  time_per_window : 0.000507   progress : 0.852
name: models.architecture.block_type=simple
models.architecture.mamba_type=mamba
training.mode=gml_rollout
models.out_dim=10
seed=0    avg_loss: 0.000000147298  time_per_window : 0.000528   progress : 0.863
name: models.architecture.block_type=simple
models.architecture.mamba_type=mamba
training.mode=gml_rollout
models.out_dim=10
seed=0    avg_loss: 0.000000133798  time_per_window : 0.000518   progress : 0.874
name: models.architecture.block_type=simple
models.architecture.mamba_type=mamba
training.mode=gml_rollout
models.out_dim=10
seed=0    avg_loss: 0.000000147944  time_per_window : 0.000518   progress : 0.885
name: models.architecture.block_type=simple
models.architecture.mamba_type=mamba
training.mode=gml_rollout
models.out_dim=10
seed=0    avg_loss: 0.000000157980  time_per_window : 0.000562   progress : 0.896
name: models.architecture.block_type=simple
models.architecture.mamba_type=mamba
training.mode=gml_rollout
models.out_dim=10
seed=0    avg_loss: 0.000000148825  time_per_window : 0.000569   progress : 0.907
name: models.architecture.block_type=simple
models.architecture.mamba_type=mamba
training.mode=gml_rollout
models.out_dim=10
seed=0    avg_loss: 0.000000128960  time_per_window : 0.000519   progress : 0.917
name: models.architecture.block_type=simple
models.architecture.mamba_type=mamba
training.mode=gml_rollout
models.out_dim=10
seed=0    avg_loss: 0.000000155549  time_per_window : 0.000510   progress : 0.928
name: models.architecture.block_type=simple
models.architecture.mamba_type=mamba
training.mode=gml_rollout
models.out_dim=10
seed=0    avg_loss: 0.000000131377  time_per_window : 0.000522   progress : 0.939
name: models.architecture.block_type=simple
models.architecture.mamba_type=mamba
training.mode=gml_rollout
models.out_dim=10
seed=0    avg_loss: 0.000000149822  time_per_window : 0.000526   progress : 0.950
name: models.architecture.block_type=simple
models.architecture.mamba_type=mamba
training.mode=gml_rollout
models.out_dim=10
seed=0    avg_loss: 0.000000150103  time_per_window : 0.000503   progress : 0.961
name: models.architecture.block_type=simple
models.architecture.mamba_type=mamba
training.mode=gml_rollout
models.out_dim=10
seed=0    avg_loss: 0.000000145735  time_per_window : 0.000513   progress : 0.972
name: models.architecture.block_type=simple
models.architecture.mamba_type=mamba
training.mode=gml_rollout
models.out_dim=10
seed=0    avg_loss: 0.000000145517  time_per_window : 0.000511   progress : 0.983
name: models.architecture.block_type=simple
models.architecture.mamba_type=mamba
training.mode=gml_rollout
models.out_dim=10
seed=0    avg_loss: 0.000000143904  time_per_window : 0.000555   progress : 0.994
name: models.architecture.block_type=simple
models.architecture.mamba_type=mamba
training.mode=gml_rollout
models.out_dim=10
seed=0    avg_loss: -64.305366516113  time_per_window : 0.000603   progress : 0.011
name: models.architecture.block_type=simple
models.architecture.mamba_type=mamba
training.mode=gml_rollout
models.out_dim=10
seed=0    avg_loss: -68.884887695312  time_per_window : 0.000557   progress : 0.022
name: models.architecture.block_type=simple
models.architecture.mamba_type=mamba
training.mode=gml_rollout
models.out_dim=10
seed=0    avg_loss: -68.986030578613  time_per_window : 0.000580   progress : 0.033
name: models.architecture.block_type=simple
models.architecture.mamba_type=mamba
training.mode=gml_rollout
models.out_dim=10
seed=0    avg_loss: -68.990844726562  time_per_window : 0.000561   progress : 0.044
name: models.architecture.block_type=simple
models.architecture.mamba_type=mamba
training.mode=gml_rollout
models.out_dim=10
seed=0    avg_loss: -68.997383117676  time_per_window : 0.000542   progress : 0.055
name: models.architecture.block_type=simple
models.architecture.mamba_type=mamba
training.mode=gml_rollout
models.out_dim=10
seed=0    avg_loss: -68.998916625977  time_per_window : 0.000556   progress : 0.066
name: models.architecture.block_type=simple
models.architecture.mamba_type=mamba
training.mode=gml_rollout
models.out_dim=10
seed=0    avg_loss: -69.002052307129  time_per_window : 0.000557   progress : 0.076
name: models.architecture.block_type=simple
models.architecture.mamba_type=mamba
training.mode=gml_rollout
models.out_dim=10
seed=0    avg_loss: -69.004325866699  time_per_window : 0.000591   progress : 0.087
name: models.architecture.block_type=simple
models.architecture.mamba_type=mamba
training.mode=gml_rollout
models.out_dim=10
seed=0    avg_loss: -69.005241394043  time_per_window : 0.000526   progress : 0.098
name: models.architecture.block_type=simple
models.architecture.mamba_type=mamba
training.mode=gml_rollout
models.out_dim=10
seed=0    avg_loss: -69.005226135254  time_per_window : 0.000554   progress : 0.109
name: models.architecture.block_type=simple
models.architecture.mamba_type=mamba
training.mode=gml_rollout
models.out_dim=10
seed=0    avg_loss: -69.003158569336  time_per_window : 0.000564   progress : 0.120
name: models.architecture.block_type=simple
models.architecture.mamba_type=mamba
training.mode=gml_rollout
models.out_dim=10
seed=0    avg_loss: -69.005828857422  time_per_window : 0.000563   progress : 0.131
name: models.architecture.block_type=simple
models.architecture.mamba_type=mamba
training.mode=gml_rollout
models.out_dim=10
seed=0    avg_loss: -69.004577636719  time_per_window : 0.000546   progress : 0.142
name: models.architecture.block_type=simple
models.architecture.mamba_type=mamba
training.mode=gml_rollout
models.out_dim=10
seed=0    avg_loss: -69.005912780762  time_per_window : 0.000595   progress : 0.153
name: models.architecture.block_type=simple
models.architecture.mamba_type=mamba
training.mode=gml_rollout
models.out_dim=10
seed=0    avg_loss: -69.005195617676  time_per_window : 0.000638   progress : 0.164
name: models.architecture.block_type=simple
models.architecture.mamba_type=mamba
training.mode=gml_rollout
models.out_dim=10
seed=0    avg_loss: -69.007301330566  time_per_window : 0.000564   progress : 0.175
name: models.architecture.block_type=simple
models.architecture.mamba_type=mamba
training.mode=gml_rollout
models.out_dim=10
seed=0    avg_loss: -69.005653381348  time_per_window : 0.000542   progress : 0.186
name: models.architecture.block_type=simple
models.architecture.mamba_type=mamba
training.mode=gml_rollout
models.out_dim=10
seed=0    avg_loss: -69.006484985352  time_per_window : 0.000589   progress : 0.197
name: models.architecture.block_type=simple
models.architecture.mamba_type=mamba
training.mode=gml_rollout
models.out_dim=10
seed=0    avg_loss: -69.005683898926  time_per_window : 0.000584   progress : 0.208
name: models.architecture.block_type=simple
models.architecture.mamba_type=mamba
training.mode=gml_rollout
models.out_dim=10
seed=0    avg_loss: -69.006591796875  time_per_window : 0.000597   progress : 0.218
name: models.architecture.block_type=simple
models.architecture.mamba_type=mamba
training.mode=gml_rollout
models.out_dim=10
seed=0    avg_loss: -69.007690429688  time_per_window : 0.000581   progress : 0.229
name: models.architecture.block_type=simple
models.architecture.mamba_type=mamba
training.mode=gml_rollout
models.out_dim=10
seed=0    avg_loss: -69.006149291992  time_per_window : 0.000616   progress : 0.240
name: models.architecture.block_type=simple
models.architecture.mamba_type=mamba
training.mode=gml_rollout
models.out_dim=10
seed=0    avg_loss: -69.005378723145  time_per_window : 0.000602   progress : 0.251
name: models.architecture.block_type=simple
models.architecture.mamba_type=mamba
training.mode=gml_rollout
models.out_dim=10
seed=0    avg_loss: -69.007362365723  time_per_window : 0.000567   progress : 0.262
name: models.architecture.block_type=simple
models.architecture.mamba_type=mamba
training.mode=gml_rollout
models.out_dim=10
seed=0    avg_loss: -69.008247375488  time_per_window : 0.000625   progress : 0.273
name: models.architecture.block_type=simple
models.architecture.mamba_type=mamba
training.mode=gml_rollout
models.out_dim=10
seed=0    avg_loss: -69.004394531250  time_per_window : 0.000583   progress : 0.284
name: models.architecture.block_type=simple
models.architecture.mamba_type=mamba
training.mode=gml_rollout
models.out_dim=10
seed=0    avg_loss: -69.006248474121  time_per_window : 0.000574   progress : 0.295
name: models.architecture.block_type=simple
models.architecture.mamba_type=mamba
training.mode=gml_rollout
models.out_dim=10
seed=0    avg_loss: -69.007476806641  time_per_window : 0.000529   progress : 0.306
name: models.architecture.block_type=simple
models.architecture.mamba_type=mamba
training.mode=gml_rollout
models.out_dim=10
seed=0    avg_loss: -69.008583068848  time_per_window : 0.000606   progress : 0.317
name: models.architecture.block_type=simple
models.architecture.mamba_type=mamba
training.mode=gml_rollout
models.out_dim=10
seed=0    avg_loss: -69.009246826172  time_per_window : 0.000621   progress : 0.328
name: models.architecture.block_type=simple
models.architecture.mamba_type=mamba
training.mode=gml_rollout
models.out_dim=10
seed=0    avg_loss: -69.006217956543  time_per_window : 0.000608   progress : 0.339
name: models.architecture.block_type=simple
models.architecture.mamba_type=mamba
training.mode=gml_rollout
models.out_dim=10
seed=0    avg_loss: -69.006912231445  time_per_window : 0.000595   progress : 0.350
name: models.architecture.block_type=simple
models.architecture.mamba_type=mamba
training.mode=gml_rollout
models.out_dim=10
seed=0    avg_loss: -69.010765075684  time_per_window : 0.000547   progress : 0.360
name: models.architecture.block_type=simple
models.architecture.mamba_type=mamba
training.mode=gml_rollout
models.out_dim=10
seed=0    avg_loss: -69.009223937988  time_per_window : 0.000524   progress : 0.371
name: models.architecture.block_type=simple
models.architecture.mamba_type=mamba
training.mode=gml_rollout
models.out_dim=10
seed=0    avg_loss: -69.006484985352  time_per_window : 0.000566   progress : 0.382
name: models.architecture.block_type=simple
models.architecture.mamba_type=mamba
training.mode=gml_rollout
models.out_dim=10
seed=0    avg_loss: -69.008666992188  time_per_window : 0.000603   progress : 0.393
name: models.architecture.block_type=simple
models.architecture.mamba_type=mamba
training.mode=gml_rollout
models.out_dim=10
seed=0    avg_loss: -69.009597778320  time_per_window : 0.000534   progress : 0.404
name: models.architecture.block_type=simple
models.architecture.mamba_type=mamba
training.mode=gml_rollout
models.out_dim=10
seed=0    avg_loss: -69.008621215820  time_per_window : 0.000624   progress : 0.415
name: models.architecture.block_type=simple
models.architecture.mamba_type=mamba
training.mode=gml_rollout
models.out_dim=10
seed=0    avg_loss: -69.010185241699  time_per_window : 0.000615   progress : 0.426
name: models.architecture.block_type=simple
models.architecture.mamba_type=mamba
training.mode=gml_rollout
models.out_dim=10
seed=0    avg_loss: -69.010429382324  time_per_window : 0.000691   progress : 0.437
name: models.architecture.block_type=simple
models.architecture.mamba_type=mamba
training.mode=gml_rollout
models.out_dim=10
seed=0    avg_loss: -69.009857177734  time_per_window : 0.000559   progress : 0.448
name: models.architecture.block_type=simple
models.architecture.mamba_type=mamba
training.mode=gml_rollout
models.out_dim=10
seed=0    avg_loss: -69.011474609375  time_per_window : 0.000582   progress : 0.459
name: models.architecture.block_type=simple
models.architecture.mamba_type=mamba
training.mode=gml_rollout
models.out_dim=10
seed=0    avg_loss: -69.009994506836  time_per_window : 0.000617   progress : 0.470
name: models.architecture.block_type=simple
models.architecture.mamba_type=mamba
training.mode=gml_rollout
models.out_dim=10
seed=0    avg_loss: -69.011161804199  time_per_window : 0.000563   progress : 0.481
name: models.architecture.block_type=simple
models.architecture.mamba_type=mamba
training.mode=gml_rollout
models.out_dim=10
seed=0    avg_loss: -69.010589599609  time_per_window : 0.000552   progress : 0.492
name: models.architecture.block_type=simple
models.architecture.mamba_type=mamba
training.mode=gml_rollout
models.out_dim=10
seed=0    avg_loss: -69.011444091797  time_per_window : 0.000544   progress : 0.502
name: models.architecture.block_type=simple
models.architecture.mamba_type=mamba
training.mode=gml_rollout
models.out_dim=10
seed=0    avg_loss: -69.012779235840  time_per_window : 0.000603   progress : 0.513
name: models.architecture.block_type=simple
models.architecture.mamba_type=mamba
training.mode=gml_rollout
models.out_dim=10
seed=0    avg_loss: -69.012290954590  time_per_window : 0.000566   progress : 0.524
name: models.architecture.block_type=simple
models.architecture.mamba_type=mamba
training.mode=gml_rollout
models.out_dim=10
seed=0    avg_loss: -69.011993408203  time_per_window : 0.000593   progress : 0.535
name: models.architecture.block_type=simple
models.architecture.mamba_type=mamba
training.mode=gml_rollout
models.out_dim=10
seed=0    avg_loss: -69.012847900391  time_per_window : 0.000596   progress : 0.546
name: models.architecture.block_type=simple
models.architecture.mamba_type=mamba
training.mode=gml_rollout
models.out_dim=10
seed=0    avg_loss: -69.012092590332  time_per_window : 0.000641   progress : 0.557
name: models.architecture.block_type=simple
models.architecture.mamba_type=mamba
training.mode=gml_rollout
models.out_dim=10
seed=0    avg_loss: -69.012741088867  time_per_window : 0.000557   progress : 0.568
name: models.architecture.block_type=simple
models.architecture.mamba_type=mamba
training.mode=gml_rollout
models.out_dim=10
seed=0    avg_loss: -69.012466430664  time_per_window : 0.000560   progress : 0.579
name: models.architecture.block_type=simple
models.architecture.mamba_type=mamba
training.mode=gml_rollout
models.out_dim=10
seed=0    avg_loss: -69.011291503906  time_per_window : 0.000602   progress : 0.590
name: models.architecture.block_type=simple
models.architecture.mamba_type=mamba
training.mode=gml_rollout
models.out_dim=10
seed=0    avg_loss: -69.012718200684  time_per_window : 0.000542   progress : 0.601
name: models.architecture.block_type=simple
models.architecture.mamba_type=mamba
training.mode=gml_rollout
models.out_dim=10
seed=0    avg_loss: -69.013183593750  time_per_window : 0.000569   progress : 0.612
name: models.architecture.block_type=simple
models.architecture.mamba_type=mamba
training.mode=gml_rollout
models.out_dim=10
seed=0    avg_loss: -69.013153076172  time_per_window : 0.000565   progress : 0.623
name: models.architecture.block_type=simple
models.architecture.mamba_type=mamba
training.mode=gml_rollout
models.out_dim=10
seed=0    avg_loss: -69.011894226074  time_per_window : 0.000546   progress : 0.634
name: models.architecture.block_type=simple
models.architecture.mamba_type=mamba
training.mode=gml_rollout
models.out_dim=10
seed=0    avg_loss: -69.011810302734  time_per_window : 0.000586   progress : 0.644
name: models.architecture.block_type=simple
models.architecture.mamba_type=mamba
training.mode=gml_rollout
models.out_dim=10
seed=0    avg_loss: -69.013343811035  time_per_window : 0.000567   progress : 0.655
name: models.architecture.block_type=simple
models.architecture.mamba_type=mamba
training.mode=gml_rollout
models.out_dim=10
seed=0    avg_loss: -69.012611389160  time_per_window : 0.000563   progress : 0.666
name: models.architecture.block_type=simple
models.architecture.mamba_type=mamba
training.mode=gml_rollout
models.out_dim=10
seed=0    avg_loss: -69.013191223145  time_per_window : 0.000590   progress : 0.677
name: models.architecture.block_type=simple
models.architecture.mamba_type=mamba
training.mode=gml_rollout
models.out_dim=10
seed=0    avg_loss: -69.013687133789  time_per_window : 0.000598   progress : 0.688
name: models.architecture.block_type=simple
models.architecture.mamba_type=mamba
training.mode=gml_rollout
models.out_dim=10
seed=0    avg_loss: -69.013771057129  time_per_window : 0.000602   progress : 0.699
name: models.architecture.block_type=simple
models.architecture.mamba_type=mamba
training.mode=gml_rollout
models.out_dim=10
seed=0    avg_loss: -69.011672973633  time_per_window : 0.000541   progress : 0.710
name: models.architecture.block_type=simple
models.architecture.mamba_type=mamba
training.mode=gml_rollout
models.out_dim=10
seed=0    avg_loss: -69.013740539551  time_per_window : 0.000589   progress : 0.721
name: models.architecture.block_type=simple
models.architecture.mamba_type=mamba
training.mode=gml_rollout
models.out_dim=10
seed=0    avg_loss: -69.012001037598  time_per_window : 0.000588   progress : 0.732
name: models.architecture.block_type=simple
models.architecture.mamba_type=mamba
training.mode=gml_rollout
models.out_dim=10
seed=0    avg_loss: -69.012283325195  time_per_window : 0.000550   progress : 0.743
name: models.architecture.block_type=simple
models.architecture.mamba_type=mamba
training.mode=gml_rollout
models.out_dim=10
seed=0    avg_loss: -69.012062072754  time_per_window : 0.000575   progress : 0.754
name: models.architecture.block_type=simple
models.architecture.mamba_type=mamba
training.mode=gml_rollout
models.out_dim=10
seed=0    avg_loss: -69.013992309570  time_per_window : 0.000559   progress : 0.765
name: models.architecture.block_type=simple
models.architecture.mamba_type=mamba
training.mode=gml_rollout
models.out_dim=10
seed=0    avg_loss: -69.011802673340  time_per_window : 0.000556   progress : 0.775
name: models.architecture.block_type=simple
models.architecture.mamba_type=mamba
training.mode=gml_rollout
models.out_dim=10
seed=0    avg_loss: -69.012672424316  time_per_window : 0.000593   progress : 0.786
name: models.architecture.block_type=simple
models.architecture.mamba_type=mamba
training.mode=gml_rollout
models.out_dim=10
seed=0    avg_loss: -69.013473510742  time_per_window : 0.000549   progress : 0.797
name: models.architecture.block_type=simple
models.architecture.mamba_type=mamba
training.mode=gml_rollout
models.out_dim=10
seed=0    avg_loss: -69.012748718262  time_per_window : 0.000541   progress : 0.808
name: models.architecture.block_type=simple
models.architecture.mamba_type=mamba
training.mode=gml_rollout
models.out_dim=10
seed=0    avg_loss: -69.012901306152  time_per_window : 0.000562   progress : 0.819
name: models.architecture.block_type=simple
models.architecture.mamba_type=mamba
training.mode=gml_rollout
models.out_dim=10
seed=0    avg_loss: -69.013160705566  time_per_window : 0.000523   progress : 0.830
name: models.architecture.block_type=simple
models.architecture.mamba_type=mamba
training.mode=gml_rollout
models.out_dim=10
seed=0    avg_loss: -69.012855529785  time_per_window : 0.000594   progress : 0.841
name: models.architecture.block_type=simple
models.architecture.mamba_type=mamba
training.mode=gml_rollout
models.out_dim=10
seed=0    avg_loss: -69.012550354004  time_per_window : 0.000570   progress : 0.852
name: models.architecture.block_type=simple
models.architecture.mamba_type=mamba
training.mode=gml_rollout
models.out_dim=10
seed=0    avg_loss: -69.013076782227  time_per_window : 0.000555   progress : 0.863
name: models.architecture.block_type=simple
models.architecture.mamba_type=mamba
training.mode=gml_rollout
models.out_dim=10
seed=0    avg_loss: -69.013488769531  time_per_window : 0.000588   progress : 0.874
name: models.architecture.block_type=simple
models.architecture.mamba_type=mamba
training.mode=gml_rollout
models.out_dim=10
seed=0    avg_loss: -69.011940002441  time_per_window : 0.000561   progress : 0.885
name: models.architecture.block_type=simple
models.architecture.mamba_type=mamba
training.mode=gml_rollout
models.out_dim=10
seed=0    avg_loss: -69.013282775879  time_per_window : 0.000651   progress : 0.896
name: models.architecture.block_type=simple
models.architecture.mamba_type=mamba
training.mode=gml_rollout
models.out_dim=10
seed=0    avg_loss: -69.012969970703  time_per_window : 0.000624   progress : 0.907
name: models.architecture.block_type=simple
models.architecture.mamba_type=mamba
training.mode=gml_rollout
models.out_dim=10
seed=0    avg_loss: -69.012496948242  time_per_window : 0.000588   progress : 0.917
name: models.architecture.block_type=simple
models.architecture.mamba_type=mamba
training.mode=gml_rollout
models.out_dim=10
seed=0    avg_loss: -69.012451171875  time_per_window : 0.000551   progress : 0.928
name: models.architecture.block_type=simple
models.architecture.mamba_type=mamba
training.mode=gml_rollout
models.out_dim=10
seed=0    avg_loss: -69.013801574707  time_per_window : 0.000558   progress : 0.939
name: models.architecture.block_type=simple
models.architecture.mamba_type=mamba
training.mode=gml_rollout
models.out_dim=10
seed=0    avg_loss: -69.012451171875  time_per_window : 0.000564   progress : 0.950
name: models.architecture.block_type=simple
models.architecture.mamba_type=mamba
training.mode=gml_rollout
models.out_dim=10
seed=0    avg_loss: -69.012359619141  time_per_window : 0.000603   progress : 0.961
name: models.architecture.block_type=simple
models.architecture.mamba_type=mamba
training.mode=gml_rollout
models.out_dim=10
seed=0    avg_loss: -69.013839721680  time_per_window : 0.000548   progress : 0.972
name: models.architecture.block_type=simple
models.architecture.mamba_type=mamba
training.mode=gml_rollout
models.out_dim=10
seed=0    avg_loss: -69.013572692871  time_per_window : 0.000567   progress : 0.983
name: models.architecture.block_type=simple
models.architecture.mamba_type=mamba
training.mode=gml_rollout
models.out_dim=10
seed=0    avg_loss: -69.011329650879  time_per_window : 0.000585   progress : 0.994
DONE!!!
