/home/jdihardjo/miniconda3/envs/mavenv/lib/python3.11/site-packages/hydra/_internal/defaults_list.py:251: UserWarning: In 'config': Defaults list is missing `_self_`. See https://hydra.cc/docs/1.2/upgrades/1.0_to_1.1/default_composition_order for more information
  warnings.warn(msg, UserWarning)
Using cuda:1 device
[2026-07-22 20:01:08,264][HYDRA] Joblib.Parallel(n_jobs=4,backend=loky,prefer=processes,require=None,verbose=0,timeout=None,pre_dispatch=2*n_jobs,batch_size=auto,temp_folder=None,max_nbytes=None,mmap_mode=r) is launching 1 jobs
[2026-07-22 20:01:08,264][HYDRA] Launching jobs, sweep output dir : ablation_runs/2026-07-22_20-01-02/cls_mamba_out6
[2026-07-22 20:01:08,264][HYDRA] 	#0 : models.architecture.block_type=cls training.mode=rollout models.out_dim=6
/home/jdihardjo/miniconda3/envs/mavenv/lib/python3.11/site-packages/hydra/_internal/defaults_list.py:251: UserWarning: In 'config': Defaults list is missing `_self_`. See https://hydra.cc/docs/1.2/upgrades/1.0_to_1.1/default_composition_order for more information
  warnings.warn(msg, UserWarning)
models:
  n_dim: 23
  out_dim: 6
  architecture:
    d_model: 128
    n_encoder_layers: 2
    n_decoder_layers: 0
    block_type: cls
    time_adapter: last_token
    in_norm: none
    out_norm: none
    layer_scale: 0.0001
    drop_path: 0.05
    mamba_type: mamba
    mamba_kwargs:
      d_state: 16
      d_conv: 2
      expand: 2
      norm: rms
    skip: false
    cls_kwargs:
      n_heads: 2
      n_mlp: 2
      positional_encoding: false
      max_len: 5000
input_len: 64
output_len: 1
batch_size: 128
epochs: 5
seed: 0
dataset:
  path: /home/jdihardjo/simdata/train.zarr/
  training_size: 1500000
evaluation:
  path: /home/jdihardjo/simdata/evaluation.zarr/
  evaluation_size: 50
training:
  mode: rollout
  lr: 0.0002
  weight_decay: 0.1
  rollout_steps: 32
checkpoint:
  save_path: hydra-test.pth
  load: false
  path: hydra-test.pth
compile: true

/home/jdihardjo/miniconda3/envs/mavenv/lib/python3.11/site-packages/torch/_inductor/cudagraph_trees.py:2622: UserWarning: Unable to hit fast path of CUDAGraphs because outputs from a previous step still require backward. Ensure backward() is invoked or detach outputs. You may also call torch.compiler.cudagraph_mark_step_begin() before each model invocation.
  warnings.warn(
name: models.architecture.block_type=cls
training.mode=rollout
models.out_dim=6    avg_loss: 0.000185384619  time_per_window : 0.000703   progress : 0.011
name: models.architecture.block_type=cls
training.mode=rollout
models.out_dim=6    avg_loss: 0.000000601648  time_per_window : 0.000698   progress : 0.022
name: models.architecture.block_type=cls
training.mode=rollout
models.out_dim=6    avg_loss: 0.000000357270  time_per_window : 0.000737   progress : 0.033
name: models.architecture.block_type=cls
training.mode=rollout
models.out_dim=6    avg_loss: 0.000000280889  time_per_window : 0.000681   progress : 0.044
name: models.architecture.block_type=cls
training.mode=rollout
models.out_dim=6    avg_loss: 0.000000242415  time_per_window : 0.000690   progress : 0.055
name: models.architecture.block_type=cls
training.mode=rollout
models.out_dim=6    avg_loss: 0.000000216664  time_per_window : 0.000671   progress : 0.066
name: models.architecture.block_type=cls
training.mode=rollout
models.out_dim=6    avg_loss: 0.000000198552  time_per_window : 0.000659   progress : 0.076
name: models.architecture.block_type=cls
training.mode=rollout
models.out_dim=6    avg_loss: 0.000000184678  time_per_window : 0.000715   progress : 0.087
name: models.architecture.block_type=cls
training.mode=rollout
models.out_dim=6    avg_loss: 0.000000166245  time_per_window : 0.000668   progress : 0.098
name: models.architecture.block_type=cls
training.mode=rollout
models.out_dim=6    avg_loss: 0.000000160912  time_per_window : 0.000669   progress : 0.109
name: models.architecture.block_type=cls
training.mode=rollout
models.out_dim=6    avg_loss: 0.000000150175  time_per_window : 0.000702   progress : 0.120
name: models.architecture.block_type=cls
training.mode=rollout
models.out_dim=6    avg_loss: 0.000000134994  time_per_window : 0.000672   progress : 0.131
name: models.architecture.block_type=cls
training.mode=rollout
models.out_dim=6    avg_loss: 0.000000130264  time_per_window : 0.000693   progress : 0.142
name: models.architecture.block_type=cls
training.mode=rollout
models.out_dim=6    avg_loss: 0.000000122301  time_per_window : 0.000704   progress : 0.153
name: models.architecture.block_type=cls
training.mode=rollout
models.out_dim=6    avg_loss: 0.000000114037  time_per_window : 0.000665   progress : 0.164
name: models.architecture.block_type=cls
training.mode=rollout
models.out_dim=6    avg_loss: 0.000000109532  time_per_window : 0.000656   progress : 0.175
name: models.architecture.block_type=cls
training.mode=rollout
models.out_dim=6    avg_loss: 0.000000104628  time_per_window : 0.000682   progress : 0.186
name: models.architecture.block_type=cls
training.mode=rollout
models.out_dim=6    avg_loss: 0.000000099847  time_per_window : 0.000652   progress : 0.197
name: models.architecture.block_type=cls
training.mode=rollout
models.out_dim=6    avg_loss: 0.000000090844  time_per_window : 0.000692   progress : 0.208
name: models.architecture.block_type=cls
training.mode=rollout
models.out_dim=6    avg_loss: 0.000000089447  time_per_window : 0.000644   progress : 0.218
name: models.architecture.block_type=cls
training.mode=rollout
models.out_dim=6    avg_loss: 0.000000089017  time_per_window : 0.000694   progress : 0.229
name: models.architecture.block_type=cls
training.mode=rollout
models.out_dim=6    avg_loss: 0.000000093340  time_per_window : 0.000673   progress : 0.240
name: models.architecture.block_type=cls
training.mode=rollout
models.out_dim=6    avg_loss: 0.000000090569  time_per_window : 0.000690   progress : 0.251
name: models.architecture.block_type=cls
training.mode=rollout
models.out_dim=6    avg_loss: 0.000000085999  time_per_window : 0.000678   progress : 0.262
name: models.architecture.block_type=cls
training.mode=rollout
models.out_dim=6    avg_loss: 0.000000086244  time_per_window : 0.000673   progress : 0.273
name: models.architecture.block_type=cls
training.mode=rollout
models.out_dim=6    avg_loss: 0.000000089702  time_per_window : 0.000642   progress : 0.284
name: models.architecture.block_type=cls
training.mode=rollout
models.out_dim=6    avg_loss: 0.000000113306  time_per_window : 0.000678   progress : 0.295
name: models.architecture.block_type=cls
training.mode=rollout
models.out_dim=6    avg_loss: 0.000000102875  time_per_window : 0.000643   progress : 0.306
name: models.architecture.block_type=cls
training.mode=rollout
models.out_dim=6    avg_loss: 0.000000132992  time_per_window : 0.000673   progress : 0.317
name: models.architecture.block_type=cls
training.mode=rollout
models.out_dim=6    avg_loss: 0.000000122928  time_per_window : 0.000657   progress : 0.328
name: models.architecture.block_type=cls
training.mode=rollout
models.out_dim=6    avg_loss: 0.000000134042  time_per_window : 0.000663   progress : 0.339
name: models.architecture.block_type=cls
training.mode=rollout
models.out_dim=6    avg_loss: 0.000000149794  time_per_window : 0.000654   progress : 0.350
name: models.architecture.block_type=cls
training.mode=rollout
models.out_dim=6    avg_loss: 0.000000136934  time_per_window : 0.000660   progress : 0.360
name: models.architecture.block_type=cls
training.mode=rollout
models.out_dim=6    avg_loss: 0.000000144693  time_per_window : 0.000677   progress : 0.371
name: models.architecture.block_type=cls
training.mode=rollout
models.out_dim=6    avg_loss: 0.000000135555  time_per_window : 0.000658   progress : 0.382
name: models.architecture.block_type=cls
training.mode=rollout
models.out_dim=6    avg_loss: 0.000000145618  time_per_window : 0.000653   progress : 0.393
name: models.architecture.block_type=cls
training.mode=rollout
models.out_dim=6    avg_loss: 0.000000164414  time_per_window : 0.000657   progress : 0.404
name: models.architecture.block_type=cls
training.mode=rollout
models.out_dim=6    avg_loss: 0.000000122385  time_per_window : 0.000662   progress : 0.415
name: models.architecture.block_type=cls
training.mode=rollout
models.out_dim=6    avg_loss: 0.000000142245  time_per_window : 0.000678   progress : 0.426
name: models.architecture.block_type=cls
training.mode=rollout
models.out_dim=6    avg_loss: 0.000000134932  time_per_window : 0.000701   progress : 0.437
name: models.architecture.block_type=cls
training.mode=rollout
models.out_dim=6    avg_loss: 0.000000193659  time_per_window : 0.000651   progress : 0.448
name: models.architecture.block_type=cls
training.mode=rollout
models.out_dim=6    avg_loss: 0.000000128427  time_per_window : 0.000682   progress : 0.459
name: models.architecture.block_type=cls
training.mode=rollout
models.out_dim=6    avg_loss: 0.000000145974  time_per_window : 0.000689   progress : 0.470
name: models.architecture.block_type=cls
training.mode=rollout
models.out_dim=6    avg_loss: 0.000000143030  time_per_window : 0.000690   progress : 0.481
name: models.architecture.block_type=cls
training.mode=rollout
models.out_dim=6    avg_loss: 0.000000129130  time_per_window : 0.000677   progress : 0.492
name: models.architecture.block_type=cls
training.mode=rollout
models.out_dim=6    avg_loss: 0.000000142081  time_per_window : 0.000713   progress : 0.502
name: models.architecture.block_type=cls
training.mode=rollout
models.out_dim=6    avg_loss: 0.000000157172  time_per_window : 0.000707   progress : 0.513
name: models.architecture.block_type=cls
training.mode=rollout
models.out_dim=6    avg_loss: 0.000000130647  time_per_window : 0.000685   progress : 0.524
name: models.architecture.block_type=cls
training.mode=rollout
models.out_dim=6    avg_loss: 0.000000139068  time_per_window : 0.000659   progress : 0.535
name: models.architecture.block_type=cls
training.mode=rollout
models.out_dim=6    avg_loss: 0.000000140787  time_per_window : 0.000722   progress : 0.546
name: models.architecture.block_type=cls
training.mode=rollout
models.out_dim=6    avg_loss: 0.000000113357  time_per_window : 0.000697   progress : 0.557
name: models.architecture.block_type=cls
training.mode=rollout
models.out_dim=6    avg_loss: 0.000000139621  time_per_window : 0.000664   progress : 0.568
name: models.architecture.block_type=cls
training.mode=rollout
models.out_dim=6    avg_loss: 0.000000140648  time_per_window : 0.000532   progress : 0.579/home/jdihardjo/miniconda3/envs/mavenv/lib/python3.11/site-packages/torch/_inductor/cudagraph_trees.py:2622: UserWarning: Unable to hit fast path of CUDAGraphs because outputs from a previous step still require backward. Ensure backward() is invoked or detach outputs. You may also call torch.compiler.cudagraph_mark_step_begin() before each model invocation.
  warnings.warn(
/home/jdihardjo/miniconda3/envs/mavenv/lib/python3.11/site-packages/torch/_inductor/cudagraph_trees.py:2622: UserWarning: Unable to hit fast path of CUDAGraphs because outputs from a previous step still require backward. Ensure backward() is invoked or detach outputs. You may also call torch.compiler.cudagraph_mark_step_begin() before each model invocation.
  warnings.warn(

name: models.architecture.block_type=cls
training.mode=rollout
models.out_dim=6    avg_loss: 0.000000111168  time_per_window : 0.000560   progress : 0.590
name: models.architecture.block_type=cls
training.mode=rollout
models.out_dim=6    avg_loss: 0.000000144698  time_per_window : 0.000556   progress : 0.601
name: models.architecture.block_type=cls
training.mode=rollout
models.out_dim=6    avg_loss: 0.000000135535  time_per_window : 0.000573   progress : 0.612
name: models.architecture.block_type=cls
training.mode=rollout
models.out_dim=6    avg_loss: 0.000000112205  time_per_window : 0.000663   progress : 0.623
name: models.architecture.block_type=cls
training.mode=rollout
models.out_dim=6    avg_loss: 0.000000125862  time_per_window : 0.000691   progress : 0.634
name: models.architecture.block_type=cls
training.mode=rollout
models.out_dim=6    avg_loss: 0.000000140348  time_per_window : 0.000671   progress : 0.644
name: models.architecture.block_type=cls
training.mode=rollout
models.out_dim=6    avg_loss: 0.000000128804  time_per_window : 0.000672   progress : 0.655
name: models.architecture.block_type=cls
training.mode=rollout
models.out_dim=6    avg_loss: 0.000000107941  time_per_window : 0.000676   progress : 0.666
name: models.architecture.block_type=cls
training.mode=rollout
models.out_dim=6    avg_loss: 0.000000124062  time_per_window : 0.000669   progress : 0.677
name: models.architecture.block_type=cls
training.mode=rollout
models.out_dim=6    avg_loss: 0.000000108448  time_per_window : 0.000675   progress : 0.688
name: models.architecture.block_type=cls
training.mode=rollout
models.out_dim=6    avg_loss: 0.000000150801  time_per_window : 0.000667   progress : 0.699
name: models.architecture.block_type=cls
training.mode=rollout
models.out_dim=6    avg_loss: 0.000000115156  time_per_window : 0.000697   progress : 0.710
name: models.architecture.block_type=cls
training.mode=rollout
models.out_dim=6    avg_loss: 0.000000119722  time_per_window : 0.000722   progress : 0.721
name: models.architecture.block_type=cls
training.mode=rollout
models.out_dim=6    avg_loss: 0.000000118983  time_per_window : 0.000696   progress : 0.732
name: models.architecture.block_type=cls
training.mode=rollout
models.out_dim=6    avg_loss: 0.000000100763  time_per_window : 0.000675   progress : 0.743
name: models.architecture.block_type=cls
training.mode=rollout
models.out_dim=6    avg_loss: 0.000000105756  time_per_window : 0.000744   progress : 0.754
name: models.architecture.block_type=cls
training.mode=rollout
models.out_dim=6    avg_loss: 0.000000118843  time_per_window : 0.000685   progress : 0.765
name: models.architecture.block_type=cls
training.mode=rollout
models.out_dim=6    avg_loss: 0.000000111457  time_per_window : 0.000682   progress : 0.775
name: models.architecture.block_type=cls
training.mode=rollout
models.out_dim=6    avg_loss: 0.000000113588  time_per_window : 0.000740   progress : 0.786
name: models.architecture.block_type=cls
training.mode=rollout
models.out_dim=6    avg_loss: 0.000000109300  time_per_window : 0.000698   progress : 0.797
name: models.architecture.block_type=cls
training.mode=rollout
models.out_dim=6    avg_loss: 0.000000091482  time_per_window : 0.000691   progress : 0.808
name: models.architecture.block_type=cls
training.mode=rollout
models.out_dim=6    avg_loss: 0.000000111663  time_per_window : 0.000701   progress : 0.819
name: models.architecture.block_type=cls
training.mode=rollout
models.out_dim=6    avg_loss: 0.000000099309  time_per_window : 0.000715   progress : 0.830
name: models.architecture.block_type=cls
training.mode=rollout
models.out_dim=6    avg_loss: 0.000000096989  time_per_window : 0.000694   progress : 0.841
name: models.architecture.block_type=cls
training.mode=rollout
models.out_dim=6    avg_loss: 0.000000109646  time_per_window : 0.000674   progress : 0.852
name: models.architecture.block_type=cls
training.mode=rollout
models.out_dim=6    avg_loss: 0.000000101515  time_per_window : 0.000711   progress : 0.863
name: models.architecture.block_type=cls
training.mode=rollout
models.out_dim=6    avg_loss: 0.000000102825  time_per_window : 0.000714   progress : 0.874
name: models.architecture.block_type=cls
training.mode=rollout
models.out_dim=6    avg_loss: 0.000000101242  time_per_window : 0.000666   progress : 0.885
name: models.architecture.block_type=cls
training.mode=rollout
models.out_dim=6    avg_loss: 0.000000097842  time_per_window : 0.000738   progress : 0.896
name: models.architecture.block_type=cls
training.mode=rollout
models.out_dim=6    avg_loss: 0.000000095202  time_per_window : 0.000709   progress : 0.907
name: models.architecture.block_type=cls
training.mode=rollout
models.out_dim=6    avg_loss: 0.000000111720  time_per_window : 0.000699   progress : 0.917
name: models.architecture.block_type=cls
training.mode=rollout
models.out_dim=6    avg_loss: 0.000000094894  time_per_window : 0.000714   progress : 0.928
name: models.architecture.block_type=cls
training.mode=rollout
models.out_dim=6    avg_loss: 0.000000104938  time_per_window : 0.000665   progress : 0.939
name: models.architecture.block_type=cls
training.mode=rollout
models.out_dim=6    avg_loss: 0.000000090776  time_per_window : 0.000702   progress : 0.950
name: models.architecture.block_type=cls
training.mode=rollout
models.out_dim=6    avg_loss: 0.000000097092  time_per_window : 0.000694   progress : 0.961
name: models.architecture.block_type=cls
training.mode=rollout
models.out_dim=6    avg_loss: 0.000000102958  time_per_window : 0.000695   progress : 0.972
name: models.architecture.block_type=cls
training.mode=rollout
models.out_dim=6    avg_loss: 0.000000090783  time_per_window : 0.000699   progress : 0.983
name: models.architecture.block_type=cls
training.mode=rollout
models.out_dim=6    avg_loss: 0.000000089149  time_per_window : 0.000724   progress : 0.994
name: models.architecture.block_type=cls
training.mode=rollout
models.out_dim=6    avg_loss: 0.000000187353  time_per_window : 0.000881   progress : 0.011
name: models.architecture.block_type=cls
training.mode=rollout
models.out_dim=6    avg_loss: 0.000000100509  time_per_window : 0.000861   progress : 0.022
name: models.architecture.block_type=cls
training.mode=rollout
models.out_dim=6    avg_loss: 0.000000099494  time_per_window : 0.000854   progress : 0.033
name: models.architecture.block_type=cls
training.mode=rollout
models.out_dim=6    avg_loss: 0.000000140821  time_per_window : 0.000869   progress : 0.044
name: models.architecture.block_type=cls
training.mode=rollout
models.out_dim=6    avg_loss: 0.000000117110  time_per_window : 0.000864   progress : 0.055
name: models.architecture.block_type=cls
training.mode=rollout
models.out_dim=6    avg_loss: 0.000000121428  time_per_window : 0.000859   progress : 0.066
name: models.architecture.block_type=cls
training.mode=rollout
models.out_dim=6    avg_loss: 0.000000134864  time_per_window : 0.000859   progress : 0.076
name: models.architecture.block_type=cls
training.mode=rollout
models.out_dim=6    avg_loss: 0.000000141857  time_per_window : 0.000871   progress : 0.087
name: models.architecture.block_type=cls
training.mode=rollout
models.out_dim=6    avg_loss: 0.000000136934  time_per_window : 0.000866   progress : 0.098
name: models.architecture.block_type=cls
training.mode=rollout
models.out_dim=6    avg_loss: 0.000000125561  time_per_window : 0.000883   progress : 0.109
name: models.architecture.block_type=cls
training.mode=rollout
models.out_dim=6    avg_loss: 0.000000138087  time_per_window : 0.000865   progress : 0.120
name: models.architecture.block_type=cls
training.mode=rollout
models.out_dim=6    avg_loss: 0.000000201862  time_per_window : 0.000867   progress : 0.131
name: models.architecture.block_type=cls
training.mode=rollout
models.out_dim=6    avg_loss: 0.000000107265  time_per_window : 0.000879   progress : 0.142
name: models.architecture.block_type=cls
training.mode=rollout
models.out_dim=6    avg_loss: 0.000000139080  time_per_window : 0.000850   progress : 0.153
name: models.architecture.block_type=cls
training.mode=rollout
models.out_dim=6    avg_loss: 0.000000119495  time_per_window : 0.000881   progress : 0.164
name: models.architecture.block_type=cls
training.mode=rollout
models.out_dim=6    avg_loss: 0.000000146824  time_per_window : 0.000848   progress : 0.175
name: models.architecture.block_type=cls
training.mode=rollout
models.out_dim=6    avg_loss: 0.000000118875  time_per_window : 0.000873   progress : 0.186
name: models.architecture.block_type=cls
training.mode=rollout
models.out_dim=6    avg_loss: 0.000000108389  time_per_window : 0.000856   progress : 0.197
name: models.architecture.block_type=cls
training.mode=rollout
models.out_dim=6    avg_loss: 0.000000114664  time_per_window : 0.000900   progress : 0.208
name: models.architecture.block_type=cls
training.mode=rollout
models.out_dim=6    avg_loss: 0.000000115574  time_per_window : 0.000859   progress : 0.218
name: models.architecture.block_type=cls
training.mode=rollout
models.out_dim=6    avg_loss: 0.000000106926  time_per_window : 0.000875   progress : 0.229
name: models.architecture.block_type=cls
training.mode=rollout
models.out_dim=6    avg_loss: 0.000000119002  time_per_window : 0.000860   progress : 0.240
name: models.architecture.block_type=cls
training.mode=rollout
models.out_dim=6    avg_loss: 0.000000118843  time_per_window : 0.000861   progress : 0.251
name: models.architecture.block_type=cls
training.mode=rollout
models.out_dim=6    avg_loss: 0.000000110202  time_per_window : 0.000861   progress : 0.262
name: models.architecture.block_type=cls
training.mode=rollout
models.out_dim=6    avg_loss: 0.000000170547  time_per_window : 0.000886   progress : 0.273
name: models.architecture.block_type=cls
training.mode=rollout
models.out_dim=6    avg_loss: 0.000000104385  time_per_window : 0.000900   progress : 0.284
name: models.architecture.block_type=cls
training.mode=rollout
models.out_dim=6    avg_loss: 0.000000110992  time_per_window : 0.000917   progress : 0.295
name: models.architecture.block_type=cls
training.mode=rollout
models.out_dim=6    avg_loss: 0.000000103449  time_per_window : 0.000870   progress : 0.306
name: models.architecture.block_type=cls
training.mode=rollout
models.out_dim=6    avg_loss: 0.000000112019  time_per_window : 0.000875   progress : 0.317
name: models.architecture.block_type=cls
training.mode=rollout
models.out_dim=6    avg_loss: 0.000000127946  time_per_window : 0.000651   progress : 0.328
name: models.architecture.block_type=cls
training.mode=rollout
models.out_dim=6    avg_loss: 0.000000120017  time_per_window : 0.000681   progress : 0.339
name: models.architecture.block_type=cls
training.mode=rollout
models.out_dim=6    avg_loss: 0.000000105863  time_per_window : 0.000868   progress : 0.350
name: models.architecture.block_type=cls
training.mode=rollout
models.out_dim=6    avg_loss: 0.000000097973  time_per_window : 0.000896   progress : 0.360
name: models.architecture.block_type=cls
training.mode=rollout
models.out_dim=6    avg_loss: 0.000000099528  time_per_window : 0.000860   progress : 0.371
name: models.architecture.block_type=cls
training.mode=rollout
models.out_dim=6    avg_loss: 0.000000097935  time_per_window : 0.000862   progress : 0.382
name: models.architecture.block_type=cls
training.mode=rollout
models.out_dim=6    avg_loss: 0.000000103744  time_per_window : 0.000875   progress : 0.393
name: models.architecture.block_type=cls
training.mode=rollout
models.out_dim=6    avg_loss: 0.000000094330  time_per_window : 0.000897   progress : 0.404
name: models.architecture.block_type=cls
training.mode=rollout
models.out_dim=6    avg_loss: 0.000000111103  time_per_window : 0.000872   progress : 0.415
name: models.architecture.block_type=cls
training.mode=rollout
models.out_dim=6    avg_loss: 0.000000096079  time_per_window : 0.000891   progress : 0.426
name: models.architecture.block_type=cls
training.mode=rollout
models.out_dim=6    avg_loss: 0.000000087896  time_per_window : 0.000891   progress : 0.437
name: models.architecture.block_type=cls
training.mode=rollout
models.out_dim=6    avg_loss: 0.000000090135  time_per_window : 0.000884   progress : 0.448
name: models.architecture.block_type=cls
training.mode=rollout
models.out_dim=6    avg_loss: 0.000000090163  time_per_window : 0.000869   progress : 0.459
name: models.architecture.block_type=cls
training.mode=rollout
models.out_dim=6    avg_loss: 0.000000089981  time_per_window : 0.000903   progress : 0.470
name: models.architecture.block_type=cls
training.mode=rollout
models.out_dim=6    avg_loss: 0.000000089794  time_per_window : 0.000885   progress : 0.481
name: models.architecture.block_type=cls
training.mode=rollout
models.out_dim=6    avg_loss: 0.000000092941  time_per_window : 0.000916   progress : 0.492
name: models.architecture.block_type=cls
training.mode=rollout
models.out_dim=6    avg_loss: 0.000000093289  time_per_window : 0.000894   progress : 0.502
name: models.architecture.block_type=cls
training.mode=rollout
models.out_dim=6    avg_loss: 0.000000097567  time_per_window : 0.000890   progress : 0.513
name: models.architecture.block_type=cls
training.mode=rollout
models.out_dim=6    avg_loss: 0.000000085455  time_per_window : 0.000888   progress : 0.524
name: models.architecture.block_type=cls
training.mode=rollout
models.out_dim=6    avg_loss: 0.000000087813  time_per_window : 0.000872   progress : 0.535
name: models.architecture.block_type=cls
training.mode=rollout
models.out_dim=6    avg_loss: 0.000000085769  time_per_window : 0.000870   progress : 0.546
name: models.architecture.block_type=cls
training.mode=rollout
models.out_dim=6    avg_loss: 0.000000088540  time_per_window : 0.000866   progress : 0.557
name: models.architecture.block_type=cls
training.mode=rollout
models.out_dim=6    avg_loss: 0.000000083687  time_per_window : 0.000864   progress : 0.568
name: models.architecture.block_type=cls
training.mode=rollout
models.out_dim=6    avg_loss: 0.000000077921  time_per_window : 0.000864   progress : 0.579
name: models.architecture.block_type=cls
training.mode=rollout
models.out_dim=6    avg_loss: 0.000000080577  time_per_window : 0.000868   progress : 0.590
name: models.architecture.block_type=cls
training.mode=rollout
models.out_dim=6    avg_loss: 0.000000080165  time_per_window : 0.000854   progress : 0.601
name: models.architecture.block_type=cls
training.mode=rollout
models.out_dim=6    avg_loss: 0.000000080544  time_per_window : 0.000897   progress : 0.612
name: models.architecture.block_type=cls
training.mode=rollout
models.out_dim=6    avg_loss: 0.000000082366  time_per_window : 0.000887   progress : 0.623
name: models.architecture.block_type=cls
training.mode=rollout
models.out_dim=6    avg_loss: 0.000000078964  time_per_window : 0.000883   progress : 0.634
name: models.architecture.block_type=cls
training.mode=rollout
models.out_dim=6    avg_loss: 0.000000077140  time_per_window : 0.000875   progress : 0.644
name: models.architecture.block_type=cls
training.mode=rollout
models.out_dim=6    avg_loss: 0.000000075203  time_per_window : 0.000896   progress : 0.655
name: models.architecture.block_type=cls
training.mode=rollout
models.out_dim=6    avg_loss: 0.000000075376  time_per_window : 0.000866   progress : 0.666
name: models.architecture.block_type=cls
training.mode=rollout
models.out_dim=6    avg_loss: 0.000000074786  time_per_window : 0.000894   progress : 0.677
name: models.architecture.block_type=cls
training.mode=rollout
models.out_dim=6    avg_loss: 0.000000075410  time_per_window : 0.000862   progress : 0.688
name: models.architecture.block_type=cls
training.mode=rollout
models.out_dim=6    avg_loss: 0.000000074856  time_per_window : 0.000860   progress : 0.699
name: models.architecture.block_type=cls
training.mode=rollout
models.out_dim=6    avg_loss: 0.000000074751  time_per_window : 0.000876   progress : 0.710
name: models.architecture.block_type=cls
training.mode=rollout
models.out_dim=6    avg_loss: 0.000000070028  time_per_window : 0.000871   progress : 0.721
name: models.architecture.block_type=cls
training.mode=rollout
models.out_dim=6    avg_loss: 0.000000073342  time_per_window : 0.000858   progress : 0.732
name: models.architecture.block_type=cls
training.mode=rollout
models.out_dim=6    avg_loss: 0.000000067259  time_per_window : 0.000867   progress : 0.743
name: models.architecture.block_type=cls
training.mode=rollout
models.out_dim=6    avg_loss: 0.000000065055  time_per_window : 0.000865   progress : 0.754
name: models.architecture.block_type=cls
training.mode=rollout
models.out_dim=6    avg_loss: 0.000000067825  time_per_window : 0.000871   progress : 0.765
name: models.architecture.block_type=cls
training.mode=rollout
models.out_dim=6    avg_loss: 0.000000064275  time_per_window : 0.000855   progress : 0.775
name: models.architecture.block_type=cls
training.mode=rollout
models.out_dim=6    avg_loss: 0.000000065123  time_per_window : 0.000881   progress : 0.786
name: models.architecture.block_type=cls
training.mode=rollout
models.out_dim=6    avg_loss: 0.000000067340  time_per_window : 0.000881   progress : 0.797
name: models.architecture.block_type=cls
training.mode=rollout
models.out_dim=6    avg_loss: 0.000000056072  time_per_window : 0.000879   progress : 0.808
name: models.architecture.block_type=cls
training.mode=rollout
models.out_dim=6    avg_loss: 0.000000052368  time_per_window : 0.000885   progress : 0.819
name: models.architecture.block_type=cls
training.mode=rollout
models.out_dim=6    avg_loss: 0.000000052128  time_per_window : 0.000863   progress : 0.830
name: models.architecture.block_type=cls
training.mode=rollout
models.out_dim=6    avg_loss: 0.000000053189  time_per_window : 0.000876   progress : 0.841
name: models.architecture.block_type=cls
training.mode=rollout
models.out_dim=6    avg_loss: 0.000000052848  time_per_window : 0.000844   progress : 0.852
name: models.architecture.block_type=cls
training.mode=rollout
models.out_dim=6    avg_loss: 0.000000051989  time_per_window : 0.000873   progress : 0.863
name: models.architecture.block_type=cls
training.mode=rollout
models.out_dim=6    avg_loss: 0.000000048175  time_per_window : 0.000857   progress : 0.874
name: models.architecture.block_type=cls
training.mode=rollout
models.out_dim=6    avg_loss: 0.000000052798  time_per_window : 0.000880   progress : 0.885
name: models.architecture.block_type=cls
training.mode=rollout
models.out_dim=6    avg_loss: 0.000000048147  time_per_window : 0.000862   progress : 0.896
name: models.architecture.block_type=cls
training.mode=rollout
models.out_dim=6    avg_loss: 0.000000051741  time_per_window : 0.000887   progress : 0.907
name: models.architecture.block_type=cls
training.mode=rollout
models.out_dim=6    avg_loss: 0.000000049880  time_per_window : 0.000880   progress : 0.917
name: models.architecture.block_type=cls
training.mode=rollout
models.out_dim=6    avg_loss: 0.000000049918  time_per_window : 0.000852   progress : 0.928
name: models.architecture.block_type=cls
training.mode=rollout
models.out_dim=6    avg_loss: 0.000000044621  time_per_window : 0.000881   progress : 0.939
name: models.architecture.block_type=cls
training.mode=rollout
models.out_dim=6    avg_loss: 0.000000048896  time_per_window : 0.000873   progress : 0.950
name: models.architecture.block_type=cls
training.mode=rollout
models.out_dim=6    avg_loss: 0.000000051140  time_per_window : 0.000873   progress : 0.961
name: models.architecture.block_type=cls
training.mode=rollout
models.out_dim=6    avg_loss: 0.000000043668  time_per_window : 0.000876   progress : 0.972
name: models.architecture.block_type=cls
training.mode=rollout
models.out_dim=6    avg_loss: 0.000000044935  time_per_window : 0.000870   progress : 0.983
name: models.architecture.block_type=cls
training.mode=rollout
models.out_dim=6    avg_loss: 0.000000051161  time_per_window : 0.000884   progress : 0.994
name: models.architecture.block_type=cls
training.mode=rollout
models.out_dim=6    avg_loss: 0.000003793127  time_per_window : 0.000902   progress : 0.011
name: models.architecture.block_type=cls
training.mode=rollout
models.out_dim=6    avg_loss: 0.000000370050  time_per_window : 0.000884   progress : 0.022
name: models.architecture.block_type=cls
training.mode=rollout
models.out_dim=6    avg_loss: 0.000000300781  time_per_window : 0.000907   progress : 0.033
name: models.architecture.block_type=cls
training.mode=rollout
models.out_dim=6    avg_loss: 0.000000269739  time_per_window : 0.000855   progress : 0.044
name: models.architecture.block_type=cls
training.mode=rollout
models.out_dim=6    avg_loss: 0.000000288405  time_per_window : 0.000899   progress : 0.055
name: models.architecture.block_type=cls
training.mode=rollout
models.out_dim=6    avg_loss: 0.000000272805  time_per_window : 0.000860   progress : 0.066
name: models.architecture.block_type=cls
training.mode=rollout
models.out_dim=6    avg_loss: 0.000000261134  time_per_window : 0.000867   progress : 0.076
name: models.architecture.block_type=cls
training.mode=rollout
models.out_dim=6    avg_loss: 0.000000248717  time_per_window : 0.000898   progress : 0.087
name: models.architecture.block_type=cls
training.mode=rollout
models.out_dim=6    avg_loss: 0.000000232020  time_per_window : 0.000863   progress : 0.098
name: models.architecture.block_type=cls
training.mode=rollout
models.out_dim=6    avg_loss: 0.000000232006  time_per_window : 0.000872   progress : 0.109
name: models.architecture.block_type=cls
training.mode=rollout
models.out_dim=6    avg_loss: 0.000000263831  time_per_window : 0.000866   progress : 0.120
name: models.architecture.block_type=cls
training.mode=rollout
models.out_dim=6    avg_loss: 0.000000206826  time_per_window : 0.000886   progress : 0.131
name: models.architecture.block_type=cls
training.mode=rollout
models.out_dim=6    avg_loss: 0.000000230646  time_per_window : 0.000916   progress : 0.142
name: models.architecture.block_type=cls
training.mode=rollout
models.out_dim=6    avg_loss: 0.000000213142  time_per_window : 0.000860   progress : 0.153
name: models.architecture.block_type=cls
training.mode=rollout
models.out_dim=6    avg_loss: 0.000000229379  time_per_window : 0.000896   progress : 0.164
name: models.architecture.block_type=cls
training.mode=rollout
models.out_dim=6    avg_loss: 0.000000221028  time_per_window : 0.000852   progress : 0.175
name: models.architecture.block_type=cls
training.mode=rollout
models.out_dim=6    avg_loss: 0.000000218289  time_per_window : 0.000880   progress : 0.186
name: models.architecture.block_type=cls
training.mode=rollout
models.out_dim=6    avg_loss: 0.000000201792  time_per_window : 0.000876   progress : 0.197
name: models.architecture.block_type=cls
training.mode=rollout
models.out_dim=6    avg_loss: 0.000000186449  time_per_window : 0.000863   progress : 0.208
name: models.architecture.block_type=cls
training.mode=rollout
models.out_dim=6    avg_loss: 0.000000194882  time_per_window : 0.000902   progress : 0.218
name: models.architecture.block_type=cls
training.mode=rollout
models.out_dim=6    avg_loss: 0.000000186268  time_per_window : 0.000875   progress : 0.229
name: models.architecture.block_type=cls
training.mode=rollout
models.out_dim=6    avg_loss: 0.000000181827  time_per_window : 0.000892   progress : 0.240
name: models.architecture.block_type=cls
training.mode=rollout
models.out_dim=6    avg_loss: 0.000000192547  time_per_window : 0.000872   progress : 0.251
name: models.architecture.block_type=cls
training.mode=rollout
models.out_dim=6    avg_loss: 0.000000153591  time_per_window : 0.000882   progress : 0.262
name: models.architecture.block_type=cls
training.mode=rollout
models.out_dim=6    avg_loss: 0.000000169123  time_per_window : 0.000849   progress : 0.273
name: models.architecture.block_type=cls
training.mode=rollout
models.out_dim=6    avg_loss: 0.000000178173  time_per_window : 0.000862   progress : 0.284
name: models.architecture.block_type=cls
training.mode=rollout
models.out_dim=6    avg_loss: 0.000000175372  time_per_window : 0.000862   progress : 0.295
name: models.architecture.block_type=cls
training.mode=rollout
models.out_dim=6    avg_loss: 0.000000181554  time_per_window : 0.000867   progress : 0.306
name: models.architecture.block_type=cls
training.mode=rollout
models.out_dim=6    avg_loss: 0.000000197398  time_per_window : 0.000886   progress : 0.317
name: models.architecture.block_type=cls
training.mode=rollout
models.out_dim=6    avg_loss: 0.000000170891  time_per_window : 0.000855   progress : 0.328
name: models.architecture.block_type=cls
training.mode=rollout
models.out_dim=6    avg_loss: 0.000000168265  time_per_window : 0.000859   progress : 0.339
name: models.architecture.block_type=cls
training.mode=rollout
models.out_dim=6    avg_loss: 0.000000137786  time_per_window : 0.000893   progress : 0.350
name: models.architecture.block_type=cls
training.mode=rollout
models.out_dim=6    avg_loss: 0.000000180011  time_per_window : 0.000865   progress : 0.360
name: models.architecture.block_type=cls
training.mode=rollout
models.out_dim=6    avg_loss: 0.000000150978  time_per_window : 0.000852   progress : 0.371
name: models.architecture.block_type=cls
training.mode=rollout
models.out_dim=6    avg_loss: 0.000000141790  time_per_window : 0.000836   progress : 0.382
name: models.architecture.block_type=cls
training.mode=rollout
models.out_dim=6    avg_loss: 0.000000173750  time_per_window : 0.000851   progress : 0.393
name: models.architecture.block_type=cls
training.mode=rollout
models.out_dim=6    avg_loss: 0.000000143612  time_per_window : 0.000892   progress : 0.404
name: models.architecture.block_type=cls
training.mode=rollout
models.out_dim=6    avg_loss: 0.000000142678  time_per_window : 0.000880   progress : 0.415
name: models.architecture.block_type=cls
training.mode=rollout
models.out_dim=6    avg_loss: 0.000000159828  time_per_window : 0.000895   progress : 0.426
name: models.architecture.block_type=cls
training.mode=rollout
models.out_dim=6    avg_loss: 0.000000137528  time_per_window : 0.000851   progress : 0.437
name: models.architecture.block_type=cls
training.mode=rollout
models.out_dim=6    avg_loss: 0.000000172212  time_per_window : 0.000864   progress : 0.448
name: models.architecture.block_type=cls
training.mode=rollout
models.out_dim=6    avg_loss: 0.000000122798  time_per_window : 0.000874   progress : 0.459
name: models.architecture.block_type=cls
training.mode=rollout
models.out_dim=6    avg_loss: 0.000000124669  time_per_window : 0.000875   progress : 0.470
name: models.architecture.block_type=cls
training.mode=rollout
models.out_dim=6    avg_loss: 0.000000147179  time_per_window : 0.000854   progress : 0.481
name: models.architecture.block_type=cls
training.mode=rollout
models.out_dim=6    avg_loss: 0.000000143962  time_per_window : 0.000872   progress : 0.492
name: models.architecture.block_type=cls
training.mode=rollout
models.out_dim=6    avg_loss: 0.000000156611  time_per_window : 0.000874   progress : 0.502
name: models.architecture.block_type=cls
training.mode=rollout
models.out_dim=6    avg_loss: 0.000000144144  time_per_window : 0.000869   progress : 0.513
name: models.architecture.block_type=cls
training.mode=rollout
models.out_dim=6    avg_loss: 0.000000190169  time_per_window : 0.000887   progress : 0.524
name: models.architecture.block_type=cls
training.mode=rollout
models.out_dim=6    avg_loss: 0.000000145284  time_per_window : 0.000894   progress : 0.535
name: models.architecture.block_type=cls
training.mode=rollout
models.out_dim=6    avg_loss: 0.000000145321  time_per_window : 0.000620   progress : 0.546
name: models.architecture.block_type=cls
training.mode=rollout
models.out_dim=6    avg_loss: 0.000000130005  time_per_window : 0.000897   progress : 0.557
name: models.architecture.block_type=cls
training.mode=rollout
models.out_dim=6    avg_loss: 0.000000134979  time_per_window : 0.000892   progress : 0.568
name: models.architecture.block_type=cls
training.mode=rollout
models.out_dim=6    avg_loss: 0.000000127513  time_per_window : 0.000893   progress : 0.579
name: models.architecture.block_type=cls
training.mode=rollout
models.out_dim=6    avg_loss: 0.000000152772  time_per_window : 0.000891   progress : 0.590
name: models.architecture.block_type=cls
training.mode=rollout
models.out_dim=6    avg_loss: 0.000000125257  time_per_window : 0.000879   progress : 0.601
name: models.architecture.block_type=cls
training.mode=rollout
models.out_dim=6    avg_loss: 0.000000136944  time_per_window : 0.000878   progress : 0.612
name: models.architecture.block_type=cls
training.mode=rollout
models.out_dim=6    avg_loss: 0.000000149839  time_per_window : 0.004179   progress : 0.623
name: models.architecture.block_type=cls
training.mode=rollout
models.out_dim=6    avg_loss: 0.000000124624  time_per_window : 0.000878   progress : 0.634
name: models.architecture.block_type=cls
training.mode=rollout
models.out_dim=6    avg_loss: 0.000000126224  time_per_window : 0.000875   progress : 0.644
name: models.architecture.block_type=cls
training.mode=rollout
models.out_dim=6    avg_loss: 0.000000124251  time_per_window : 0.000858   progress : 0.655
name: models.architecture.block_type=cls
training.mode=rollout
models.out_dim=6    avg_loss: 0.000000123306  time_per_window : 0.000915   progress : 0.666
name: models.architecture.block_type=cls
training.mode=rollout
models.out_dim=6    avg_loss: 0.000000156377  time_per_window : 0.000865   progress : 0.677
name: models.architecture.block_type=cls
training.mode=rollout
models.out_dim=6    avg_loss: 0.000000111282  time_per_window : 0.000885   progress : 0.688
name: models.architecture.block_type=cls
training.mode=rollout
models.out_dim=6    avg_loss: 0.000000175658  time_per_window : 0.000870   progress : 0.699
name: models.architecture.block_type=cls
training.mode=rollout
models.out_dim=6    avg_loss: 0.000000128532  time_per_window : 0.000868   progress : 0.710
name: models.architecture.block_type=cls
training.mode=rollout
models.out_dim=6    avg_loss: 0.000000119327  time_per_window : 0.000881   progress : 0.721
name: models.architecture.block_type=cls
training.mode=rollout
models.out_dim=6    avg_loss: 0.000000122400  time_per_window : 0.000893   progress : 0.732
name: models.architecture.block_type=cls
training.mode=rollout
models.out_dim=6    avg_loss: 0.000000118742  time_per_window : 0.000881   progress : 0.743
name: models.architecture.block_type=cls
training.mode=rollout
models.out_dim=6    avg_loss: 0.000000116915  time_per_window : 0.000848   progress : 0.754
name: models.architecture.block_type=cls
training.mode=rollout
models.out_dim=6    avg_loss: 0.000000114537  time_per_window : 0.000898   progress : 0.765
name: models.architecture.block_type=cls
training.mode=rollout
models.out_dim=6    avg_loss: 0.000000124022  time_per_window : 0.000889   progress : 0.775
name: models.architecture.block_type=cls
training.mode=rollout
models.out_dim=6    avg_loss: 0.000000113254  time_per_window : 0.000880   progress : 0.786
name: models.architecture.block_type=cls
training.mode=rollout
models.out_dim=6    avg_loss: 0.000000124227  time_per_window : 0.000655   progress : 0.797
name: models.architecture.block_type=cls
training.mode=rollout
models.out_dim=6    avg_loss: 0.000000111859  time_per_window : 0.000682   progress : 0.808
name: models.architecture.block_type=cls
training.mode=rollout
models.out_dim=6    avg_loss: 0.000000116862  time_per_window : 0.000909   progress : 0.819
name: models.architecture.block_type=cls
training.mode=rollout
models.out_dim=6    avg_loss: 0.000000129650  time_per_window : 0.000880   progress : 0.830
name: models.architecture.block_type=cls
training.mode=rollout
models.out_dim=6    avg_loss: 0.000000146866  time_per_window : 0.000865   progress : 0.841
name: models.architecture.block_type=cls
training.mode=rollout
models.out_dim=6    avg_loss: 0.000000120162  time_per_window : 0.000922   progress : 0.852
name: models.architecture.block_type=cls
training.mode=rollout
models.out_dim=6    avg_loss: 0.000000106365  time_per_window : 0.000886   progress : 0.863
name: models.architecture.block_type=cls
training.mode=rollout
models.out_dim=6    avg_loss: 0.000000133924  time_per_window : 0.000911   progress : 0.874
name: models.architecture.block_type=cls
training.mode=rollout
models.out_dim=6    avg_loss: 0.000000112896  time_per_window : 0.000900   progress : 0.885
name: models.architecture.block_type=cls
training.mode=rollout
models.out_dim=6    avg_loss: 0.000000130101  time_per_window : 0.000862   progress : 0.896
name: models.architecture.block_type=cls
training.mode=rollout
models.out_dim=6    avg_loss: 0.000000112212  time_per_window : 0.000883   progress : 0.907
name: models.architecture.block_type=cls
training.mode=rollout
models.out_dim=6    avg_loss: 0.000000110038  time_per_window : 0.000892   progress : 0.917
name: models.architecture.block_type=cls
training.mode=rollout
models.out_dim=6    avg_loss: 0.000000112014  time_per_window : 0.000904   progress : 0.928
name: models.architecture.block_type=cls
training.mode=rollout
models.out_dim=6    avg_loss: 0.000000123405  time_per_window : 0.000873   progress : 0.939
name: models.architecture.block_type=cls
training.mode=rollout
models.out_dim=6    avg_loss: 0.000000114429  time_per_window : 0.000906   progress : 0.950
name: models.architecture.block_type=cls
training.mode=rollout
models.out_dim=6    avg_loss: 0.000000119167  time_per_window : 0.000878   progress : 0.961
name: models.architecture.block_type=cls
training.mode=rollout
models.out_dim=6    avg_loss: 0.000000149194  time_per_window : 0.000885   progress : 0.972
name: models.architecture.block_type=cls
training.mode=rollout
models.out_dim=6    avg_loss: 0.000000222313  time_per_window : 0.000878   progress : 0.983
name: models.architecture.block_type=cls
training.mode=rollout
models.out_dim=6    avg_loss: 0.000000105311  time_per_window : 0.000893   progress : 0.994
name: models.architecture.block_type=cls
training.mode=rollout
models.out_dim=6    avg_loss: 0.000095176598  time_per_window : 0.000871   progress : 0.011
name: models.architecture.block_type=cls
training.mode=rollout
models.out_dim=6    avg_loss: 0.000011457428  time_per_window : 0.000891   progress : 0.022
name: models.architecture.block_type=cls
training.mode=rollout
models.out_dim=6    avg_loss: 0.000007333853  time_per_window : 0.000897   progress : 0.033
name: models.architecture.block_type=cls
training.mode=rollout
models.out_dim=6    avg_loss: 0.000006553303  time_per_window : 0.000855   progress : 0.044
name: models.architecture.block_type=cls
training.mode=rollout
models.out_dim=6    avg_loss: 0.000005610502  time_per_window : 0.000911   progress : 0.055
name: models.architecture.block_type=cls
training.mode=rollout
models.out_dim=6    avg_loss: 0.000005020019  time_per_window : 0.000888   progress : 0.066
name: models.architecture.block_type=cls
training.mode=rollout
models.out_dim=6    avg_loss: 0.000004483094  time_per_window : 0.000902   progress : 0.076
name: models.architecture.block_type=cls
training.mode=rollout
models.out_dim=6    avg_loss: 0.000003590960  time_per_window : 0.000875   progress : 0.087
name: models.architecture.block_type=cls
training.mode=rollout
models.out_dim=6    avg_loss: 0.000003354635  time_per_window : 0.000895   progress : 0.098
name: models.architecture.block_type=cls
training.mode=rollout
models.out_dim=6    avg_loss: 0.000003142420  time_per_window : 0.000886   progress : 0.109
name: models.architecture.block_type=cls
training.mode=rollout
models.out_dim=6    avg_loss: 0.000003714155  time_per_window : 0.000886   progress : 0.120
name: models.architecture.block_type=cls
training.mode=rollout
models.out_dim=6    avg_loss: 0.000002621486  time_per_window : 0.000889   progress : 0.131
name: models.architecture.block_type=cls
training.mode=rollout
models.out_dim=6    avg_loss: 0.000003553588  time_per_window : 0.000850   progress : 0.142
name: models.architecture.block_type=cls
training.mode=rollout
models.out_dim=6    avg_loss: 0.000003122931  time_per_window : 0.000878   progress : 0.153
name: models.architecture.block_type=cls
training.mode=rollout
models.out_dim=6    avg_loss: 0.000003253142  time_per_window : 0.000875   progress : 0.164
name: models.architecture.block_type=cls
training.mode=rollout
models.out_dim=6    avg_loss: 0.000002722811  time_per_window : 0.000878   progress : 0.175
name: models.architecture.block_type=cls
training.mode=rollout
models.out_dim=6    avg_loss: 0.000002557527  time_per_window : 0.000889   progress : 0.186
name: models.architecture.block_type=cls
training.mode=rollout
models.out_dim=6    avg_loss: 0.000002634114  time_per_window : 0.000885   progress : 0.197
name: models.architecture.block_type=cls
training.mode=rollout
models.out_dim=6    avg_loss: 0.000002783147  time_per_window : 0.000861   progress : 0.208
name: models.architecture.block_type=cls
training.mode=rollout
models.out_dim=6    avg_loss: 0.000002704318  time_per_window : 0.000885   progress : 0.218
name: models.architecture.block_type=cls
training.mode=rollout
models.out_dim=6    avg_loss: 0.000002778662  time_per_window : 0.000871   progress : 0.229
name: models.architecture.block_type=cls
training.mode=rollout
models.out_dim=6    avg_loss: 0.000002516576  time_per_window : 0.000884   progress : 0.240
name: models.architecture.block_type=cls
training.mode=rollout
models.out_dim=6    avg_loss: 0.000002564601  time_per_window : 0.000901   progress : 0.251
name: models.architecture.block_type=cls
training.mode=rollout
models.out_dim=6    avg_loss: 0.000002624678  time_per_window : 0.000904   progress : 0.262
name: models.architecture.block_type=cls
training.mode=rollout
models.out_dim=6    avg_loss: 0.000002322257  time_per_window : 0.000873   progress : 0.273
name: models.architecture.block_type=cls
training.mode=rollout
models.out_dim=6    avg_loss: 0.000002844916  time_per_window : 0.000873   progress : 0.284
name: models.architecture.block_type=cls
training.mode=rollout
models.out_dim=6    avg_loss: 0.000003261899  time_per_window : 0.000890   progress : 0.295
name: models.architecture.block_type=cls
training.mode=rollout
models.out_dim=6    avg_loss: 0.000008170081  time_per_window : 0.000872   progress : 0.306
name: models.architecture.block_type=cls
training.mode=rollout
models.out_dim=6    avg_loss: 0.000003098751  time_per_window : 0.000852   progress : 0.317
name: models.architecture.block_type=cls
training.mode=rollout
models.out_dim=6    avg_loss: 0.000002430967  time_per_window : 0.000889   progress : 0.328
name: models.architecture.block_type=cls
training.mode=rollout
models.out_dim=6    avg_loss: 0.000002846312  time_per_window : 0.000869   progress : 0.339
name: models.architecture.block_type=cls
training.mode=rollout
models.out_dim=6    avg_loss: 0.000002907376  time_per_window : 0.000875   progress : 0.350
name: models.architecture.block_type=cls
training.mode=rollout
models.out_dim=6    avg_loss: 0.000002451569  time_per_window : 0.000884   progress : 0.360
name: models.architecture.block_type=cls
training.mode=rollout
models.out_dim=6    avg_loss: 0.000002031152  time_per_window : 0.000913   progress : 0.371
name: models.architecture.block_type=cls
training.mode=rollout
models.out_dim=6    avg_loss: 0.000001947705  time_per_window : 0.000894   progress : 0.382
name: models.architecture.block_type=cls
training.mode=rollout
models.out_dim=6    avg_loss: 0.000002589515  time_per_window : 0.000873   progress : 0.393
name: models.architecture.block_type=cls
training.mode=rollout
models.out_dim=6    avg_loss: 0.000002440446  time_per_window : 0.000872   progress : 0.404
name: models.architecture.block_type=cls
training.mode=rollout
models.out_dim=6    avg_loss: 0.000002459332  time_per_window : 0.000914   progress : 0.415
name: models.architecture.block_type=cls
training.mode=rollout
models.out_dim=6    avg_loss: 0.000002112951  time_per_window : 0.000903   progress : 0.426
name: models.architecture.block_type=cls
training.mode=rollout
models.out_dim=6    avg_loss: 0.000001975585  time_per_window : 0.000845   progress : 0.437
name: models.architecture.block_type=cls
training.mode=rollout
models.out_dim=6    avg_loss: 0.000002422742  time_per_window : 0.000900   progress : 0.448
name: models.architecture.block_type=cls
training.mode=rollout
models.out_dim=6    avg_loss: 0.000002068259  time_per_window : 0.000905   progress : 0.459
name: models.architecture.block_type=cls
training.mode=rollout
models.out_dim=6    avg_loss: 0.000002054959  time_per_window : 0.000899   progress : 0.470
name: models.architecture.block_type=cls
training.mode=rollout
models.out_dim=6    avg_loss: 0.000001776324  time_per_window : 0.000884   progress : 0.481
name: models.architecture.block_type=cls
training.mode=rollout
models.out_dim=6    avg_loss: 0.000001996703  time_per_window : 0.000871   progress : 0.492
name: models.architecture.block_type=cls
training.mode=rollout
models.out_dim=6    avg_loss: 0.000002349926  time_per_window : 0.000865   progress : 0.502
name: models.architecture.block_type=cls
training.mode=rollout
models.out_dim=6    avg_loss: 0.000002092924  time_per_window : 0.000902   progress : 0.513
name: models.architecture.block_type=cls
training.mode=rollout
models.out_dim=6    avg_loss: 0.000002106116  time_per_window : 0.000879   progress : 0.524
name: models.architecture.block_type=cls
training.mode=rollout
models.out_dim=6    avg_loss: 0.000002200365  time_per_window : 0.000897   progress : 0.535
name: models.architecture.block_type=cls
training.mode=rollout
models.out_dim=6    avg_loss: 0.000002234301  time_per_window : 0.000905   progress : 0.546
name: models.architecture.block_type=cls
training.mode=rollout
models.out_dim=6    avg_loss: 0.000003664625  time_per_window : 0.000913   progress : 0.557
name: models.architecture.block_type=cls
training.mode=rollout
models.out_dim=6    avg_loss: 0.000003890580  time_per_window : 0.000889   progress : 0.568
name: models.architecture.block_type=cls
training.mode=rollout
models.out_dim=6    avg_loss: 0.000002048759  time_per_window : 0.000885   progress : 0.579
name: models.architecture.block_type=cls
training.mode=rollout
models.out_dim=6    avg_loss: 0.000002033539  time_per_window : 0.000873   progress : 0.590
name: models.architecture.block_type=cls
training.mode=rollout
models.out_dim=6    avg_loss: 0.000001583516  time_per_window : 0.000886   progress : 0.601
name: models.architecture.block_type=cls
training.mode=rollout
models.out_dim=6    avg_loss: 0.000002444251  time_per_window : 0.000902   progress : 0.612
name: models.architecture.block_type=cls
training.mode=rollout
models.out_dim=6    avg_loss: 0.000003043073  time_per_window : 0.000659   progress : 0.623
name: models.architecture.block_type=cls
training.mode=rollout
models.out_dim=6    avg_loss: 0.000001690157  time_per_window : 0.000882   progress : 0.634
name: models.architecture.block_type=cls
training.mode=rollout
models.out_dim=6    avg_loss: 0.000001894731  time_per_window : 0.000886   progress : 0.644
name: models.architecture.block_type=cls
training.mode=rollout
models.out_dim=6    avg_loss: 0.000002018135  time_per_window : 0.000888   progress : 0.655
name: models.architecture.block_type=cls
training.mode=rollout
models.out_dim=6    avg_loss: 0.000002249831  time_per_window : 0.000888   progress : 0.666
name: models.architecture.block_type=cls
training.mode=rollout
models.out_dim=6    avg_loss: 0.000002115277  time_per_window : 0.000897   progress : 0.677
name: models.architecture.block_type=cls
training.mode=rollout
models.out_dim=6    avg_loss: 0.000002129559  time_per_window : 0.000890   progress : 0.688
name: models.architecture.block_type=cls
training.mode=rollout
models.out_dim=6    avg_loss: 0.000002152017  time_per_window : 0.000909   progress : 0.699
name: models.architecture.block_type=cls
training.mode=rollout
models.out_dim=6    avg_loss: 0.000001893808  time_per_window : 0.000888   progress : 0.710
name: models.architecture.block_type=cls
training.mode=rollout
models.out_dim=6    avg_loss: 0.000001712007  time_per_window : 0.000890   progress : 0.721
name: models.architecture.block_type=cls
training.mode=rollout
models.out_dim=6    avg_loss: 0.000002108198  time_per_window : 0.000881   progress : 0.732
name: models.architecture.block_type=cls
training.mode=rollout
models.out_dim=6    avg_loss: 0.000001656121  time_per_window : 0.000902   progress : 0.743
name: models.architecture.block_type=cls
training.mode=rollout
models.out_dim=6    avg_loss: 0.000001850371  time_per_window : 0.000893   progress : 0.754
name: models.architecture.block_type=cls
training.mode=rollout
models.out_dim=6    avg_loss: 0.000001674147  time_per_window : 0.000882   progress : 0.765
name: models.architecture.block_type=cls
training.mode=rollout
models.out_dim=6    avg_loss: 0.000002236118  time_per_window : 0.000907   progress : 0.775
name: models.architecture.block_type=cls
training.mode=rollout
models.out_dim=6    avg_loss: 0.000001735770  time_per_window : 0.000904   progress : 0.786
name: models.architecture.block_type=cls
training.mode=rollout
models.out_dim=6    avg_loss: 0.000001562395  time_per_window : 0.000913   progress : 0.797
name: models.architecture.block_type=cls
training.mode=rollout
models.out_dim=6    avg_loss: 0.000001589705  time_per_window : 0.000916   progress : 0.808
name: models.architecture.block_type=cls
training.mode=rollout
models.out_dim=6    avg_loss: 0.000001948802  time_per_window : 0.000922   progress : 0.819
name: models.architecture.block_type=cls
training.mode=rollout
models.out_dim=6    avg_loss: 0.000001467596  time_per_window : 0.000893   progress : 0.830
name: models.architecture.block_type=cls
training.mode=rollout
models.out_dim=6    avg_loss: 0.000001728107  time_per_window : 0.000901   progress : 0.841
name: models.architecture.block_type=cls
training.mode=rollout
models.out_dim=6    avg_loss: 0.000001941650  time_per_window : 0.000902   progress : 0.852
name: models.architecture.block_type=cls
training.mode=rollout
models.out_dim=6    avg_loss: 0.000001509659  time_per_window : 0.000914   progress : 0.863
name: models.architecture.block_type=cls
training.mode=rollout
models.out_dim=6    avg_loss: 0.000001521657  time_per_window : 0.000907   progress : 0.874
name: models.architecture.block_type=cls
training.mode=rollout
models.out_dim=6    avg_loss: 0.000001456175  time_per_window : 0.000880   progress : 0.885
name: models.architecture.block_type=cls
training.mode=rollout
models.out_dim=6    avg_loss: 0.000002381854  time_per_window : 0.000879   progress : 0.896
name: models.architecture.block_type=cls
training.mode=rollout
models.out_dim=6    avg_loss: 0.000001722028  time_per_window : 0.000902   progress : 0.907
name: models.architecture.block_type=cls
training.mode=rollout
models.out_dim=6    avg_loss: 0.000001694155  time_per_window : 0.000911   progress : 0.917
name: models.architecture.block_type=cls
training.mode=rollout
models.out_dim=6    avg_loss: 0.000001291278  time_per_window : 0.000897   progress : 0.928
name: models.architecture.block_type=cls
training.mode=rollout
models.out_dim=6    avg_loss: 0.000001411405  time_per_window : 0.000901   progress : 0.939
name: models.architecture.block_type=cls
training.mode=rollout
models.out_dim=6    avg_loss: 0.000001812845  time_per_window : 0.000892   progress : 0.950
name: models.architecture.block_type=cls
training.mode=rollout
models.out_dim=6    avg_loss: 0.000001578988  time_per_window : 0.000902   progress : 0.961
name: models.architecture.block_type=cls
training.mode=rollout
models.out_dim=6    avg_loss: 0.000001854678  time_per_window : 0.000904   progress : 0.972
name: models.architecture.block_type=cls
training.mode=rollout
models.out_dim=6    avg_loss: 0.000001296119  time_per_window : 0.000893   progress : 0.983
name: models.architecture.block_type=cls
training.mode=rollout
models.out_dim=6    avg_loss: 0.000001564995  time_per_window : 0.000901   progress : 0.994
name: models.architecture.block_type=cls
training.mode=rollout
models.out_dim=6    avg_loss: 0.000028338351  time_per_window : 0.000864   progress : 0.011
name: models.architecture.block_type=cls
training.mode=rollout
models.out_dim=6    avg_loss: 0.000002142701  time_per_window : 0.000895   progress : 0.022
name: models.architecture.block_type=cls
training.mode=rollout
models.out_dim=6    avg_loss: 0.000001978873  time_per_window : 0.000901   progress : 0.033
name: models.architecture.block_type=cls
training.mode=rollout
models.out_dim=6    avg_loss: 0.000002460155  time_per_window : 0.000863   progress : 0.044
name: models.architecture.block_type=cls
training.mode=rollout
models.out_dim=6    avg_loss: 0.000001497052  time_per_window : 0.000883   progress : 0.055
name: models.architecture.block_type=cls
training.mode=rollout
models.out_dim=6    avg_loss: 0.000002284758  time_per_window : 0.000904   progress : 0.066
name: models.architecture.block_type=cls
training.mode=rollout
models.out_dim=6    avg_loss: 0.000001834048  time_per_window : 0.000877   progress : 0.076
name: models.architecture.block_type=cls
training.mode=rollout
models.out_dim=6    avg_loss: 0.000002374409  time_per_window : 0.000905   progress : 0.087
name: models.architecture.block_type=cls
training.mode=rollout
models.out_dim=6    avg_loss: 0.000001626486  time_per_window : 0.000889   progress : 0.098
name: models.architecture.block_type=cls
training.mode=rollout
models.out_dim=6    avg_loss: 0.000001921944  time_per_window : 0.000878   progress : 0.109
name: models.architecture.block_type=cls
training.mode=rollout
models.out_dim=6    avg_loss: 0.000004018552  time_per_window : 0.000908   progress : 0.120
name: models.architecture.block_type=cls
training.mode=rollout
models.out_dim=6    avg_loss: 0.000001461679  time_per_window : 0.000893   progress : 0.131
name: models.architecture.block_type=cls
training.mode=rollout
models.out_dim=6    avg_loss: 0.000001685034  time_per_window : 0.000890   progress : 0.142
name: models.architecture.block_type=cls
training.mode=rollout
models.out_dim=6    avg_loss: 0.000001765050  time_per_window : 0.000878   progress : 0.153
name: models.architecture.block_type=cls
training.mode=rollout
models.out_dim=6    avg_loss: 0.000005365402  time_per_window : 0.000897   progress : 0.164
name: models.architecture.block_type=cls
training.mode=rollout
models.out_dim=6    avg_loss: 0.000002447033  time_per_window : 0.000928   progress : 0.175
name: models.architecture.block_type=cls
training.mode=rollout
models.out_dim=6    avg_loss: 0.000001863313  time_per_window : 0.000890   progress : 0.186
name: models.architecture.block_type=cls
training.mode=rollout
models.out_dim=6    avg_loss: 0.000016798862  time_per_window : 0.000683   progress : 0.197
name: models.architecture.block_type=cls
training.mode=rollout
models.out_dim=6    avg_loss: 0.000004730889  time_per_window : 0.000879   progress : 0.208
name: models.architecture.block_type=cls
training.mode=rollout
models.out_dim=6    avg_loss: 0.000002316589  time_per_window : 0.000867   progress : 0.218
name: models.architecture.block_type=cls
training.mode=rollout
models.out_dim=6    avg_loss: 0.000001733657  time_per_window : 0.000865   progress : 0.229
name: models.architecture.block_type=cls
training.mode=rollout
models.out_dim=6    avg_loss: 0.000001892108  time_per_window : 0.000896   progress : 0.240
name: models.architecture.block_type=cls
training.mode=rollout
models.out_dim=6    avg_loss: 0.000001897969  time_per_window : 0.000880   progress : 0.251
name: models.architecture.block_type=cls
training.mode=rollout
models.out_dim=6    avg_loss: 0.000001533365  time_per_window : 0.000903   progress : 0.262
name: models.architecture.block_type=cls
training.mode=rollout
models.out_dim=6    avg_loss: 0.000005407585  time_per_window : 0.000905   progress : 0.273
name: models.architecture.block_type=cls
training.mode=rollout
models.out_dim=6    avg_loss: 0.000001825393  time_per_window : 0.000899   progress : 0.284
name: models.architecture.block_type=cls
training.mode=rollout
models.out_dim=6    avg_loss: 0.000001668366  time_per_window : 0.000913   progress : 0.295
name: models.architecture.block_type=cls
training.mode=rollout
models.out_dim=6    avg_loss: 0.000044615605  time_per_window : 0.000882   progress : 0.306
name: models.architecture.block_type=cls
training.mode=rollout
models.out_dim=6    avg_loss: 0.000021698266  time_per_window : 0.000906   progress : 0.317
name: models.architecture.block_type=cls
training.mode=rollout
models.out_dim=6    avg_loss: 0.000019284538  time_per_window : 0.000880   progress : 0.328
name: models.architecture.block_type=cls
training.mode=rollout
models.out_dim=6    avg_loss: 0.000015110203  time_per_window : 0.000891   progress : 0.339
name: models.architecture.block_type=cls
training.mode=rollout
models.out_dim=6    avg_loss: 0.000006966127  time_per_window : 0.000894   progress : 0.350
name: models.architecture.block_type=cls
training.mode=rollout
models.out_dim=6    avg_loss: 0.000005751609  time_per_window : 0.001097   progress : 0.360
name: models.architecture.block_type=cls
training.mode=rollout
models.out_dim=6    avg_loss: 0.000003383281  time_per_window : 0.001106   progress : 0.371
name: models.architecture.block_type=cls
training.mode=rollout
models.out_dim=6    avg_loss: 0.000002852244  time_per_window : 0.001103   progress : 0.382
name: models.architecture.block_type=cls
training.mode=rollout
models.out_dim=6    avg_loss: 0.000002608556  time_per_window : 0.001105   progress : 0.393
name: models.architecture.block_type=cls
training.mode=rollout
models.out_dim=6    avg_loss: 0.000002292894  time_per_window : 0.001098   progress : 0.404
name: models.architecture.block_type=cls
training.mode=rollout
models.out_dim=6    avg_loss: 0.000002129307  time_per_window : 0.001121   progress : 0.415
name: models.architecture.block_type=cls
training.mode=rollout
models.out_dim=6    avg_loss: 0.000002281459  time_per_window : 0.001139   progress : 0.426
name: models.architecture.block_type=cls
training.mode=rollout
models.out_dim=6    avg_loss: 0.000003506436  time_per_window : 0.001120   progress : 0.437
name: models.architecture.block_type=cls
training.mode=rollout
models.out_dim=6    avg_loss: 0.000001768248  time_per_window : 0.001153   progress : 0.448
name: models.architecture.block_type=cls
training.mode=rollout
models.out_dim=6    avg_loss: 0.000001567454  time_per_window : 0.001123   progress : 0.459
name: models.architecture.block_type=cls
training.mode=rollout
models.out_dim=6    avg_loss: 0.000001654621  time_per_window : 0.001098   progress : 0.470
name: models.architecture.block_type=cls
training.mode=rollout
models.out_dim=6    avg_loss: 0.000001503746  time_per_window : 0.001087   progress : 0.481
name: models.architecture.block_type=cls
training.mode=rollout
models.out_dim=6    avg_loss: 0.000001545719  time_per_window : 0.001126   progress : 0.492
name: models.architecture.block_type=cls
training.mode=rollout
models.out_dim=6    avg_loss: 0.000001495187  time_per_window : 0.001116   progress : 0.502
name: models.architecture.block_type=cls
training.mode=rollout
models.out_dim=6    avg_loss: 0.000002016437  time_per_window : 0.001138   progress : 0.513
name: models.architecture.block_type=cls
training.mode=rollout
models.out_dim=6    avg_loss: 0.000002127696  time_per_window : 0.001120   progress : 0.524
name: models.architecture.block_type=cls
training.mode=rollout
models.out_dim=6    avg_loss: 0.000001872584  time_per_window : 0.001104   progress : 0.535
name: models.architecture.block_type=cls
training.mode=rollout
models.out_dim=6    avg_loss: 0.000003287973  time_per_window : 0.000865   progress : 0.546
name: models.architecture.block_type=cls
training.mode=rollout
models.out_dim=6    avg_loss: 0.000002726921  time_per_window : 0.001102   progress : 0.557
name: models.architecture.block_type=cls
training.mode=rollout
models.out_dim=6    avg_loss: 0.000001601530  time_per_window : 0.001121   progress : 0.568
name: models.architecture.block_type=cls
training.mode=rollout
models.out_dim=6    avg_loss: 0.000001606638  time_per_window : 0.001119   progress : 0.579
name: models.architecture.block_type=cls
training.mode=rollout
models.out_dim=6    avg_loss: 0.000001468246  time_per_window : 0.001122   progress : 0.590
name: models.architecture.block_type=cls
training.mode=rollout
models.out_dim=6    avg_loss: 0.000001440881  time_per_window : 0.001132   progress : 0.601
name: models.architecture.block_type=cls
training.mode=rollout
models.out_dim=6    avg_loss: 0.000008740288  time_per_window : 0.001105   progress : 0.612
name: models.architecture.block_type=cls
training.mode=rollout
models.out_dim=6    avg_loss: 0.000028148348  time_per_window : 0.001113   progress : 0.623
name: models.architecture.block_type=cls
training.mode=rollout
models.out_dim=6    avg_loss: 0.000011370188  time_per_window : 0.001128   progress : 0.634
name: models.architecture.block_type=cls
training.mode=rollout
models.out_dim=6    avg_loss: 0.000003024132  time_per_window : 0.001144   progress : 0.644
name: models.architecture.block_type=cls
training.mode=rollout
models.out_dim=6    avg_loss: 0.000001779340  time_per_window : 0.001154   progress : 0.655
name: models.architecture.block_type=cls
training.mode=rollout
models.out_dim=6    avg_loss: 0.000001851997  time_per_window : 0.001135   progress : 0.666
name: models.architecture.block_type=cls
training.mode=rollout
models.out_dim=6    avg_loss: 0.000002433155  time_per_window : 0.001140   progress : 0.677
name: models.architecture.block_type=cls
training.mode=rollout
models.out_dim=6    avg_loss: 0.000001568273  time_per_window : 0.001122   progress : 0.688
name: models.architecture.block_type=cls
training.mode=rollout
models.out_dim=6    avg_loss: 0.000001586059  time_per_window : 0.001098   progress : 0.699
name: models.architecture.block_type=cls
training.mode=rollout
models.out_dim=6    avg_loss: 0.000003897762  time_per_window : 0.001096   progress : 0.710
name: models.architecture.block_type=cls
training.mode=rollout
models.out_dim=6    avg_loss: 0.000001968364  time_per_window : 0.001095   progress : 0.721
name: models.architecture.block_type=cls
training.mode=rollout
models.out_dim=6    avg_loss: 0.000001388222  time_per_window : 0.001121   progress : 0.732
name: models.architecture.block_type=cls
training.mode=rollout
models.out_dim=6    avg_loss: 0.000001388878  time_per_window : 0.001116   progress : 0.743
name: models.architecture.block_type=cls
training.mode=rollout
models.out_dim=6    avg_loss: 0.000001623873  time_per_window : 0.001131   progress : 0.754
name: models.architecture.block_type=cls
training.mode=rollout
models.out_dim=6    avg_loss: 0.000001319492  time_per_window : 0.001135   progress : 0.765
name: models.architecture.block_type=cls
training.mode=rollout
models.out_dim=6    avg_loss: 0.000001453949  time_per_window : 0.001106   progress : 0.775
name: models.architecture.block_type=cls
training.mode=rollout
models.out_dim=6    avg_loss: 0.000001233357  time_per_window : 0.001110   progress : 0.786
name: models.architecture.block_type=cls
training.mode=rollout
models.out_dim=6    avg_loss: 0.000003944951  time_per_window : 0.001137   progress : 0.797
name: models.architecture.block_type=cls
training.mode=rollout
models.out_dim=6    avg_loss: 0.000002480916  time_per_window : 0.001104   progress : 0.808
name: models.architecture.block_type=cls
training.mode=rollout
models.out_dim=6    avg_loss: 0.000001788965  time_per_window : 0.001136   progress : 0.819
name: models.architecture.block_type=cls
training.mode=rollout
models.out_dim=6    avg_loss: 0.000001547158  time_per_window : 0.001135   progress : 0.830
name: models.architecture.block_type=cls
training.mode=rollout
models.out_dim=6    avg_loss: 0.000001361715  time_per_window : 0.001117   progress : 0.841
name: models.architecture.block_type=cls
training.mode=rollout
models.out_dim=6    avg_loss: 0.000002627789  time_per_window : 0.000897   progress : 0.852
name: models.architecture.block_type=cls
training.mode=rollout
models.out_dim=6    avg_loss: 0.000001234180  time_per_window : 0.001138   progress : 0.863
name: models.architecture.block_type=cls
training.mode=rollout
models.out_dim=6    avg_loss: 0.000001904366  time_per_window : 0.001114   progress : 0.874
name: models.architecture.block_type=cls
training.mode=rollout
models.out_dim=6    avg_loss: 0.000001475286  time_per_window : 0.001118   progress : 0.885
name: models.architecture.block_type=cls
training.mode=rollout
models.out_dim=6    avg_loss: 0.000001809028  time_per_window : 0.001118   progress : 0.896
name: models.architecture.block_type=cls
training.mode=rollout
models.out_dim=6    avg_loss: 0.000002650155  time_per_window : 0.001118   progress : 0.907
name: models.architecture.block_type=cls
training.mode=rollout
models.out_dim=6    avg_loss: 0.000001866298  time_per_window : 0.001140   progress : 0.917
name: models.architecture.block_type=cls
training.mode=rollout
models.out_dim=6    avg_loss: 0.000014960658  time_per_window : 0.001133   progress : 0.928
name: models.architecture.block_type=cls
training.mode=rollout
models.out_dim=6    avg_loss: 0.000003084618  time_per_window : 0.001118   progress : 0.939
name: models.architecture.block_type=cls
training.mode=rollout
models.out_dim=6    avg_loss: 0.000001406863  time_per_window : 0.001122   progress : 0.950
name: models.architecture.block_type=cls
training.mode=rollout
models.out_dim=6    avg_loss: 0.000001233533  time_per_window : 0.001141   progress : 0.961
name: models.architecture.block_type=cls
training.mode=rollout
models.out_dim=6    avg_loss: 0.000001697055  time_per_window : 0.001119   progress : 0.972
name: models.architecture.block_type=cls
training.mode=rollout
models.out_dim=6    avg_loss: 0.000001876192  time_per_window : 0.001104   progress : 0.983
name: models.architecture.block_type=cls
training.mode=rollout
models.out_dim=6    avg_loss: 0.000001316485  time_per_window : 0.001122   progress : 0.994
DONE!!!
