/home/jdihardjo/miniconda3/envs/mavenv/lib/python3.11/site-packages/hydra/_internal/defaults_list.py:251: UserWarning: In 'config': Defaults list is missing `_self_`. See https://hydra.cc/docs/1.2/upgrades/1.0_to_1.1/default_composition_order for more information
  warnings.warn(msg, UserWarning)
Using cuda:1 device
[2026-07-22 21:00:47,989][HYDRA] Joblib.Parallel(n_jobs=4,backend=loky,prefer=processes,require=None,verbose=0,timeout=None,pre_dispatch=2*n_jobs,batch_size=auto,temp_folder=None,max_nbytes=None,mmap_mode=r) is launching 1 jobs
[2026-07-22 21:00:47,989][HYDRA] Launching jobs, sweep output dir : ablation_runs/2026-07-22_20-01-02/cls_mamba_out10
[2026-07-22 21:00:47,989][HYDRA] 	#0 : models.architecture.block_type=cls training.mode=rollout models.out_dim=10
/home/jdihardjo/miniconda3/envs/mavenv/lib/python3.11/site-packages/hydra/_internal/defaults_list.py:251: UserWarning: In 'config': Defaults list is missing `_self_`. See https://hydra.cc/docs/1.2/upgrades/1.0_to_1.1/default_composition_order for more information
  warnings.warn(msg, UserWarning)
models:
  n_dim: 23
  out_dim: 10
  architecture:
    d_model: 128
    n_encoder_layers: 2
    n_decoder_layers: 0
    block_type: cls
    time_adapter: last_token
    in_norm: none
    out_norm: none
    layer_scale: 0.0001
    drop_path: 0.05
    mamba_type: mamba
    mamba_kwargs:
      d_state: 16
      d_conv: 2
      expand: 2
      norm: rms
    skip: false
    cls_kwargs:
      n_heads: 2
      n_mlp: 2
      positional_encoding: false
      max_len: 5000
input_len: 64
output_len: 1
batch_size: 128
epochs: 5
seed: 0
dataset:
  path: /home/jdihardjo/simdata/train.zarr/
  training_size: 1500000
evaluation:
  path: /home/jdihardjo/simdata/evaluation.zarr/
  evaluation_size: 50
training:
  mode: rollout
  lr: 0.0002
  weight_decay: 0.1
  rollout_steps: 32
checkpoint:
  save_path: hydra-test.pth
  load: false
  path: hydra-test.pth
compile: true

/home/jdihardjo/miniconda3/envs/mavenv/lib/python3.11/site-packages/torch/_inductor/cudagraph_trees.py:2622: UserWarning: Unable to hit fast path of CUDAGraphs because outputs from a previous step still require backward. Ensure backward() is invoked or detach outputs. You may also call torch.compiler.cudagraph_mark_step_begin() before each model invocation.
  warnings.warn(
name: models.architecture.block_type=cls
training.mode=rollout
models.out_dim=10    avg_loss: 0.000069607624  time_per_window : 0.000682   progress : 0.011
name: models.architecture.block_type=cls
training.mode=rollout
models.out_dim=10    avg_loss: 0.000000318486  time_per_window : 0.000682   progress : 0.022
name: models.architecture.block_type=cls
training.mode=rollout
models.out_dim=10    avg_loss: 0.000000195843  time_per_window : 0.000681   progress : 0.033
name: models.architecture.block_type=cls
training.mode=rollout
models.out_dim=10    avg_loss: 0.000000160655  time_per_window : 0.000669   progress : 0.044
name: models.architecture.block_type=cls
training.mode=rollout
models.out_dim=10    avg_loss: 0.000000141446  time_per_window : 0.000697   progress : 0.055
name: models.architecture.block_type=cls
training.mode=rollout
models.out_dim=10    avg_loss: 0.000000124815  time_per_window : 0.000738   progress : 0.066
name: models.architecture.block_type=cls
training.mode=rollout
models.out_dim=10    avg_loss: 0.000000114991  time_per_window : 0.000679   progress : 0.076
name: models.architecture.block_type=cls
training.mode=rollout
models.out_dim=10    avg_loss: 0.000000105669  time_per_window : 0.000691   progress : 0.087
name: models.architecture.block_type=cls
training.mode=rollout
models.out_dim=10    avg_loss: 0.000000098002  time_per_window : 0.000727   progress : 0.098
name: models.architecture.block_type=cls
training.mode=rollout
models.out_dim=10    avg_loss: 0.000000094035  time_per_window : 0.000727   progress : 0.109
name: models.architecture.block_type=cls
training.mode=rollout
models.out_dim=10    avg_loss: 0.000000088143  time_per_window : 0.000709   progress : 0.120
name: models.architecture.block_type=cls
training.mode=rollout
models.out_dim=10    avg_loss: 0.000000079508  time_per_window : 0.000664   progress : 0.131
name: models.architecture.block_type=cls
training.mode=rollout
models.out_dim=10    avg_loss: 0.000000075407  time_per_window : 0.000700   progress : 0.142
name: models.architecture.block_type=cls
training.mode=rollout
models.out_dim=10    avg_loss: 0.000000072933  time_per_window : 0.000527   progress : 0.153
name: models.architecture.block_type=cls
training.mode=rollout
models.out_dim=10    avg_loss: 0.000000071407  time_per_window : 0.000697   progress : 0.164
name: models.architecture.block_type=cls
training.mode=rollout
models.out_dim=10    avg_loss: 0.000000067312  time_per_window : 0.000692   progress : 0.175
name: models.architecture.block_type=cls
training.mode=rollout
models.out_dim=10    avg_loss: 0.000000067437  time_per_window : 0.000716   progress : 0.186
name: models.architecture.block_type=cls
training.mode=rollout
models.out_dim=10    avg_loss: 0.000000077347  time_per_window : 0.000714   progress : 0.197
name: models.architecture.block_type=cls
training.mode=rollout
models.out_dim=10    avg_loss: 0.000000077952  time_per_window : 0.000697   progress : 0.208
name: models.architecture.block_type=cls
training.mode=rollout
models.out_dim=10    avg_loss: 0.000000091577  time_per_window : 0.000720   progress : 0.218
name: models.architecture.block_type=cls
training.mode=rollout
models.out_dim=10    avg_loss: 0.000000086258  time_per_window : 0.000679   progress : 0.229
name: models.architecture.block_type=cls
training.mode=rollout
models.out_dim=10    avg_loss: 0.000000092064  time_per_window : 0.000722   progress : 0.240
name: models.architecture.block_type=cls
training.mode=rollout
models.out_dim=10    avg_loss: 0.000000084882  time_per_window : 0.000675   progress : 0.251
name: models.architecture.block_type=cls
training.mode=rollout
models.out_dim=10    avg_loss: 0.000000087322  time_per_window : 0.000678   progress : 0.262
name: models.architecture.block_type=cls
training.mode=rollout
models.out_dim=10    avg_loss: 0.000000085243  time_per_window : 0.000700   progress : 0.273
name: models.architecture.block_type=cls
training.mode=rollout
models.out_dim=10    avg_loss: 0.000000116494  time_per_window : 0.000726   progress : 0.284
name: models.architecture.block_type=cls
training.mode=rollout
models.out_dim=10    avg_loss: 0.000000088030  time_per_window : 0.000698   progress : 0.295
name: models.architecture.block_type=cls
training.mode=rollout
models.out_dim=10    avg_loss: 0.000000110068  time_per_window : 0.000693   progress : 0.306
name: models.architecture.block_type=cls
training.mode=rollout
models.out_dim=10    avg_loss: 0.000000088855  time_per_window : 0.000667   progress : 0.317
name: models.architecture.block_type=cls
training.mode=rollout
models.out_dim=10    avg_loss: 0.000000108824  time_per_window : 0.000731   progress : 0.328
name: models.architecture.block_type=cls
training.mode=rollout
models.out_dim=10    avg_loss: 0.000000101585  time_per_window : 0.000668   progress : 0.339
name: models.architecture.block_type=cls
training.mode=rollout
models.out_dim=10    avg_loss: 0.000000098126  time_per_window : 0.000644   progress : 0.350
name: models.architecture.block_type=cls
training.mode=rollout
models.out_dim=10    avg_loss: 0.000000097192  time_per_window : 0.000677   progress : 0.360
name: models.architecture.block_type=cls
training.mode=rollout
models.out_dim=10    avg_loss: 0.000000097550  time_per_window : 0.000694   progress : 0.371
name: models.architecture.block_type=cls
training.mode=rollout
models.out_dim=10    avg_loss: 0.000000113919  time_per_window : 0.000685   progress : 0.382
name: models.architecture.block_type=cls
training.mode=rollout
models.out_dim=10    avg_loss: 0.000000117740  time_per_window : 0.000709   progress : 0.393
name: models.architecture.block_type=cls
training.mode=rollout
models.out_dim=10    avg_loss: 0.000000096124  time_per_window : 0.000702   progress : 0.404
name: models.architecture.block_type=cls
training.mode=rollout
models.out_dim=10    avg_loss: 0.000000109030  time_per_window : 0.000681   progress : 0.415
name: models.architecture.block_type=cls
training.mode=rollout
models.out_dim=10    avg_loss: 0.000000099698  time_per_window : 0.000690   progress : 0.426
name: models.architecture.block_type=cls
training.mode=rollout
models.out_dim=10    avg_loss: 0.000000097088  time_per_window : 0.000705   progress : 0.437
name: models.architecture.block_type=cls
training.mode=rollout
models.out_dim=10    avg_loss: 0.000000106412  time_per_window : 0.000709   progress : 0.448
name: models.architecture.block_type=cls
training.mode=rollout
models.out_dim=10    avg_loss: 0.000000091200  time_per_window : 0.000705   progress : 0.459
name: models.architecture.block_type=cls
training.mode=rollout
models.out_dim=10    avg_loss: 0.000000094070  time_per_window : 0.000679   progress : 0.470
name: models.architecture.block_type=cls
training.mode=rollout
models.out_dim=10    avg_loss: 0.000000111716  time_per_window : 0.000697   progress : 0.481
name: models.architecture.block_type=cls
training.mode=rollout
models.out_dim=10    avg_loss: 0.000000077898  time_per_window : 0.000708   progress : 0.492
name: models.architecture.block_type=cls
training.mode=rollout
models.out_dim=10    avg_loss: 0.000000105905  time_per_window : 0.000722   progress : 0.502
name: models.architecture.block_type=cls
training.mode=rollout
models.out_dim=10    avg_loss: 0.000000104538  time_per_window : 0.000729   progress : 0.513
name: models.architecture.block_type=cls
training.mode=rollout
models.out_dim=10    avg_loss: 0.000000086617  time_per_window : 0.000695   progress : 0.524
name: models.architecture.block_type=cls
training.mode=rollout
models.out_dim=10    avg_loss: 0.000000094639  time_per_window : 0.000714   progress : 0.535
name: models.architecture.block_type=cls
training.mode=rollout
models.out_dim=10    avg_loss: 0.000000099711  time_per_window : 0.000681   progress : 0.546
name: models.architecture.block_type=cls
training.mode=rollout
models.out_dim=10    avg_loss: 0.000000088202  time_per_window : 0.000696   progress : 0.557
name: models.architecture.block_type=cls
training.mode=rollout
models.out_dim=10    avg_loss: 0.000000089060  time_per_window : 0.000722   progress : 0.568
name: models.architecture.block_type=cls
training.mode=rollout
models.out_dim=10    avg_loss: 0.000000088750  time_per_window : 0.000701   progress : 0.579/home/jdihardjo/miniconda3/envs/mavenv/lib/python3.11/site-packages/torch/_inductor/cudagraph_trees.py:2622: UserWarning: Unable to hit fast path of CUDAGraphs because outputs from a previous step still require backward. Ensure backward() is invoked or detach outputs. You may also call torch.compiler.cudagraph_mark_step_begin() before each model invocation.
  warnings.warn(
/home/jdihardjo/miniconda3/envs/mavenv/lib/python3.11/site-packages/torch/_inductor/cudagraph_trees.py:2622: UserWarning: Unable to hit fast path of CUDAGraphs because outputs from a previous step still require backward. Ensure backward() is invoked or detach outputs. You may also call torch.compiler.cudagraph_mark_step_begin() before each model invocation.
  warnings.warn(

name: models.architecture.block_type=cls
training.mode=rollout
models.out_dim=10    avg_loss: 0.000000079664  time_per_window : 0.000726   progress : 0.590
name: models.architecture.block_type=cls
training.mode=rollout
models.out_dim=10    avg_loss: 0.000000080839  time_per_window : 0.000691   progress : 0.601
name: models.architecture.block_type=cls
training.mode=rollout
models.out_dim=10    avg_loss: 0.000000097322  time_per_window : 0.000683   progress : 0.612
name: models.architecture.block_type=cls
training.mode=rollout
models.out_dim=10    avg_loss: 0.000000073215  time_per_window : 0.000680   progress : 0.623
name: models.architecture.block_type=cls
training.mode=rollout
models.out_dim=10    avg_loss: 0.000000089298  time_per_window : 0.000685   progress : 0.634
name: models.architecture.block_type=cls
training.mode=rollout
models.out_dim=10    avg_loss: 0.000000084112  time_per_window : 0.000708   progress : 0.644
name: models.architecture.block_type=cls
training.mode=rollout
models.out_dim=10    avg_loss: 0.000000080735  time_per_window : 0.000709   progress : 0.655
name: models.architecture.block_type=cls
training.mode=rollout
models.out_dim=10    avg_loss: 0.000000077763  time_per_window : 0.000723   progress : 0.666
name: models.architecture.block_type=cls
training.mode=rollout
models.out_dim=10    avg_loss: 0.000000084248  time_per_window : 0.000695   progress : 0.677
name: models.architecture.block_type=cls
training.mode=rollout
models.out_dim=10    avg_loss: 0.000000079132  time_per_window : 0.000694   progress : 0.688
name: models.architecture.block_type=cls
training.mode=rollout
models.out_dim=10    avg_loss: 0.000000091759  time_per_window : 0.000712   progress : 0.699
name: models.architecture.block_type=cls
training.mode=rollout
models.out_dim=10    avg_loss: 0.000000074769  time_per_window : 0.000736   progress : 0.710
name: models.architecture.block_type=cls
training.mode=rollout
models.out_dim=10    avg_loss: 0.000000071690  time_per_window : 0.000699   progress : 0.721
name: models.architecture.block_type=cls
training.mode=rollout
models.out_dim=10    avg_loss: 0.000000081416  time_per_window : 0.000681   progress : 0.732
name: models.architecture.block_type=cls
training.mode=rollout
models.out_dim=10    avg_loss: 0.000000069702  time_per_window : 0.000684   progress : 0.743
name: models.architecture.block_type=cls
training.mode=rollout
models.out_dim=10    avg_loss: 0.000000068685  time_per_window : 0.000683   progress : 0.754
name: models.architecture.block_type=cls
training.mode=rollout
models.out_dim=10    avg_loss: 0.000000070504  time_per_window : 0.000734   progress : 0.765
name: models.architecture.block_type=cls
training.mode=rollout
models.out_dim=10    avg_loss: 0.000000082916  time_per_window : 0.000709   progress : 0.775
name: models.architecture.block_type=cls
training.mode=rollout
models.out_dim=10    avg_loss: 0.000000078913  time_per_window : 0.000696   progress : 0.786
name: models.architecture.block_type=cls
training.mode=rollout
models.out_dim=10    avg_loss: 0.000000068091  time_per_window : 0.000723   progress : 0.797
name: models.architecture.block_type=cls
training.mode=rollout
models.out_dim=10    avg_loss: 0.000000059100  time_per_window : 0.000709   progress : 0.808
name: models.architecture.block_type=cls
training.mode=rollout
models.out_dim=10    avg_loss: 0.000000064225  time_per_window : 0.000696   progress : 0.819
name: models.architecture.block_type=cls
training.mode=rollout
models.out_dim=10    avg_loss: 0.000000066625  time_per_window : 0.000725   progress : 0.830
name: models.architecture.block_type=cls
training.mode=rollout
models.out_dim=10    avg_loss: 0.000000061389  time_per_window : 0.000722   progress : 0.841
name: models.architecture.block_type=cls
training.mode=rollout
models.out_dim=10    avg_loss: 0.000000071007  time_per_window : 0.000714   progress : 0.852
name: models.architecture.block_type=cls
training.mode=rollout
models.out_dim=10    avg_loss: 0.000000075044  time_per_window : 0.000735   progress : 0.863
name: models.architecture.block_type=cls
training.mode=rollout
models.out_dim=10    avg_loss: 0.000000065531  time_per_window : 0.000735   progress : 0.874
name: models.architecture.block_type=cls
training.mode=rollout
models.out_dim=10    avg_loss: 0.000000064001  time_per_window : 0.000697   progress : 0.885
name: models.architecture.block_type=cls
training.mode=rollout
models.out_dim=10    avg_loss: 0.000000059195  time_per_window : 0.000694   progress : 0.896
name: models.architecture.block_type=cls
training.mode=rollout
models.out_dim=10    avg_loss: 0.000000058933  time_per_window : 0.000711   progress : 0.907
name: models.architecture.block_type=cls
training.mode=rollout
models.out_dim=10    avg_loss: 0.000000068394  time_per_window : 0.000731   progress : 0.917
name: models.architecture.block_type=cls
training.mode=rollout
models.out_dim=10    avg_loss: 0.000000060763  time_per_window : 0.000675   progress : 0.928
name: models.architecture.block_type=cls
training.mode=rollout
models.out_dim=10    avg_loss: 0.000000064045  time_per_window : 0.000711   progress : 0.939
name: models.architecture.block_type=cls
training.mode=rollout
models.out_dim=10    avg_loss: 0.000000067061  time_per_window : 0.000709   progress : 0.950
name: models.architecture.block_type=cls
training.mode=rollout
models.out_dim=10    avg_loss: 0.000000064726  time_per_window : 0.000724   progress : 0.961
name: models.architecture.block_type=cls
training.mode=rollout
models.out_dim=10    avg_loss: 0.000000060304  time_per_window : 0.000705   progress : 0.972
name: models.architecture.block_type=cls
training.mode=rollout
models.out_dim=10    avg_loss: 0.000000058446  time_per_window : 0.000707   progress : 0.983
name: models.architecture.block_type=cls
training.mode=rollout
models.out_dim=10    avg_loss: 0.000000056206  time_per_window : 0.000691   progress : 0.994
name: models.architecture.block_type=cls
training.mode=rollout
models.out_dim=10    avg_loss: 0.000000156633  time_per_window : 0.000838   progress : 0.011
name: models.architecture.block_type=cls
training.mode=rollout
models.out_dim=10    avg_loss: 0.000000120949  time_per_window : 0.000900   progress : 0.022
name: models.architecture.block_type=cls
training.mode=rollout
models.out_dim=10    avg_loss: 0.000000079222  time_per_window : 0.000867   progress : 0.033
name: models.architecture.block_type=cls
training.mode=rollout
models.out_dim=10    avg_loss: 0.000000146080  time_per_window : 0.000879   progress : 0.044
name: models.architecture.block_type=cls
training.mode=rollout
models.out_dim=10    avg_loss: 0.000000108970  time_per_window : 0.000881   progress : 0.055
name: models.architecture.block_type=cls
training.mode=rollout
models.out_dim=10    avg_loss: 0.000000084239  time_per_window : 0.000861   progress : 0.066
name: models.architecture.block_type=cls
training.mode=rollout
models.out_dim=10    avg_loss: 0.000000087196  time_per_window : 0.000906   progress : 0.076
name: models.architecture.block_type=cls
training.mode=rollout
models.out_dim=10    avg_loss: 0.000000134640  time_per_window : 0.000902   progress : 0.087
name: models.architecture.block_type=cls
training.mode=rollout
models.out_dim=10    avg_loss: 0.000000066453  time_per_window : 0.000885   progress : 0.098
name: models.architecture.block_type=cls
training.mode=rollout
models.out_dim=10    avg_loss: 0.000000104987  time_per_window : 0.000879   progress : 0.109
name: models.architecture.block_type=cls
training.mode=rollout
models.out_dim=10    avg_loss: 0.000000074583  time_per_window : 0.000936   progress : 0.120
name: models.architecture.block_type=cls
training.mode=rollout
models.out_dim=10    avg_loss: 0.000000074472  time_per_window : 0.000887   progress : 0.131
name: models.architecture.block_type=cls
training.mode=rollout
models.out_dim=10    avg_loss: 0.000000083317  time_per_window : 0.000932   progress : 0.142
name: models.architecture.block_type=cls
training.mode=rollout
models.out_dim=10    avg_loss: 0.000000137498  time_per_window : 0.000915   progress : 0.153
name: models.architecture.block_type=cls
training.mode=rollout
models.out_dim=10    avg_loss: 0.000000067314  time_per_window : 0.000919   progress : 0.164
name: models.architecture.block_type=cls
training.mode=rollout
models.out_dim=10    avg_loss: 0.000000076261  time_per_window : 0.000931   progress : 0.175
name: models.architecture.block_type=cls
training.mode=rollout
models.out_dim=10    avg_loss: 0.000000074701  time_per_window : 0.000889   progress : 0.186
name: models.architecture.block_type=cls
training.mode=rollout
models.out_dim=10    avg_loss: 0.000000071469  time_per_window : 0.000897   progress : 0.197
name: models.architecture.block_type=cls
training.mode=rollout
models.out_dim=10    avg_loss: 0.000000077944  time_per_window : 0.000906   progress : 0.208
name: models.architecture.block_type=cls
training.mode=rollout
models.out_dim=10    avg_loss: 0.000000073669  time_per_window : 0.000923   progress : 0.218
name: models.architecture.block_type=cls
training.mode=rollout
models.out_dim=10    avg_loss: 0.000000086917  time_per_window : 0.000892   progress : 0.229
name: models.architecture.block_type=cls
training.mode=rollout
models.out_dim=10    avg_loss: 0.000000074536  time_per_window : 0.000912   progress : 0.240
name: models.architecture.block_type=cls
training.mode=rollout
models.out_dim=10    avg_loss: 0.000000086038  time_per_window : 0.000877   progress : 0.251
name: models.architecture.block_type=cls
training.mode=rollout
models.out_dim=10    avg_loss: 0.000000077929  time_per_window : 0.000880   progress : 0.262
name: models.architecture.block_type=cls
training.mode=rollout
models.out_dim=10    avg_loss: 0.000000110240  time_per_window : 0.000922   progress : 0.273
name: models.architecture.block_type=cls
training.mode=rollout
models.out_dim=10    avg_loss: 0.000000073702  time_per_window : 0.000918   progress : 0.284
name: models.architecture.block_type=cls
training.mode=rollout
models.out_dim=10    avg_loss: 0.000000091027  time_per_window : 0.000896   progress : 0.295
name: models.architecture.block_type=cls
training.mode=rollout
models.out_dim=10    avg_loss: 0.000000089078  time_per_window : 0.000908   progress : 0.306
name: models.architecture.block_type=cls
training.mode=rollout
models.out_dim=10    avg_loss: 0.000000094894  time_per_window : 0.000905   progress : 0.317
name: models.architecture.block_type=cls
training.mode=rollout
models.out_dim=10    avg_loss: 0.000000089813  time_per_window : 0.000878   progress : 0.328
name: models.architecture.block_type=cls
training.mode=rollout
models.out_dim=10    avg_loss: 0.000000113464  time_per_window : 0.000903   progress : 0.339
name: models.architecture.block_type=cls
training.mode=rollout
models.out_dim=10    avg_loss: 0.000000079340  time_per_window : 0.000897   progress : 0.350
name: models.architecture.block_type=cls
training.mode=rollout
models.out_dim=10    avg_loss: 0.000000070758  time_per_window : 0.000903   progress : 0.360
name: models.architecture.block_type=cls
training.mode=rollout
models.out_dim=10    avg_loss: 0.000000067643  time_per_window : 0.000907   progress : 0.371
name: models.architecture.block_type=cls
training.mode=rollout
models.out_dim=10    avg_loss: 0.000000072247  time_per_window : 0.000895   progress : 0.382
name: models.architecture.block_type=cls
training.mode=rollout
models.out_dim=10    avg_loss: 0.000000067285  time_per_window : 0.000895   progress : 0.393
name: models.architecture.block_type=cls
training.mode=rollout
models.out_dim=10    avg_loss: 0.000000066551  time_per_window : 0.000893   progress : 0.404
name: models.architecture.block_type=cls
training.mode=rollout
models.out_dim=10    avg_loss: 0.000000067817  time_per_window : 0.000893   progress : 0.415
name: models.architecture.block_type=cls
training.mode=rollout
models.out_dim=10    avg_loss: 0.000000063041  time_per_window : 0.000903   progress : 0.426
name: models.architecture.block_type=cls
training.mode=rollout
models.out_dim=10    avg_loss: 0.000000057671  time_per_window : 0.000929   progress : 0.437
name: models.architecture.block_type=cls
training.mode=rollout
models.out_dim=10    avg_loss: 0.000000060249  time_per_window : 0.000888   progress : 0.448
name: models.architecture.block_type=cls
training.mode=rollout
models.out_dim=10    avg_loss: 0.000000059841  time_per_window : 0.000927   progress : 0.459
name: models.architecture.block_type=cls
training.mode=rollout
models.out_dim=10    avg_loss: 0.000000059177  time_per_window : 0.000884   progress : 0.470
name: models.architecture.block_type=cls
training.mode=rollout
models.out_dim=10    avg_loss: 0.000000061918  time_per_window : 0.000888   progress : 0.481
name: models.architecture.block_type=cls
training.mode=rollout
models.out_dim=10    avg_loss: 0.000000056377  time_per_window : 0.000878   progress : 0.492
name: models.architecture.block_type=cls
training.mode=rollout
models.out_dim=10    avg_loss: 0.000000060818  time_per_window : 0.000888   progress : 0.502
name: models.architecture.block_type=cls
training.mode=rollout
models.out_dim=10    avg_loss: 0.000000057227  time_per_window : 0.000908   progress : 0.513
name: models.architecture.block_type=cls
training.mode=rollout
models.out_dim=10    avg_loss: 0.000000057375  time_per_window : 0.000891   progress : 0.524
name: models.architecture.block_type=cls
training.mode=rollout
models.out_dim=10    avg_loss: 0.000000051074  time_per_window : 0.000873   progress : 0.535
name: models.architecture.block_type=cls
training.mode=rollout
models.out_dim=10    avg_loss: 0.000000049356  time_per_window : 0.000898   progress : 0.546
name: models.architecture.block_type=cls
training.mode=rollout
models.out_dim=10    avg_loss: 0.000000054349  time_per_window : 0.000898   progress : 0.557
name: models.architecture.block_type=cls
training.mode=rollout
models.out_dim=10    avg_loss: 0.000000050151  time_per_window : 0.000908   progress : 0.568
name: models.architecture.block_type=cls
training.mode=rollout
models.out_dim=10    avg_loss: 0.000000048308  time_per_window : 0.000890   progress : 0.579
name: models.architecture.block_type=cls
training.mode=rollout
models.out_dim=10    avg_loss: 0.000000049793  time_per_window : 0.000895   progress : 0.590
name: models.architecture.block_type=cls
training.mode=rollout
models.out_dim=10    avg_loss: 0.000000044547  time_per_window : 0.000874   progress : 0.601
name: models.architecture.block_type=cls
training.mode=rollout
models.out_dim=10    avg_loss: 0.000000044879  time_per_window : 0.000876   progress : 0.612
name: models.architecture.block_type=cls
training.mode=rollout
models.out_dim=10    avg_loss: 0.000000045099  time_per_window : 0.000908   progress : 0.623
name: models.architecture.block_type=cls
training.mode=rollout
models.out_dim=10    avg_loss: 0.000000046058  time_per_window : 0.000858   progress : 0.634
name: models.architecture.block_type=cls
training.mode=rollout
models.out_dim=10    avg_loss: 0.000000042711  time_per_window : 0.000891   progress : 0.644
name: models.architecture.block_type=cls
training.mode=rollout
models.out_dim=10    avg_loss: 0.000000042943  time_per_window : 0.000894   progress : 0.655
name: models.architecture.block_type=cls
training.mode=rollout
models.out_dim=10    avg_loss: 0.000000041859  time_per_window : 0.000903   progress : 0.666
name: models.architecture.block_type=cls
training.mode=rollout
models.out_dim=10    avg_loss: 0.000000040313  time_per_window : 0.000892   progress : 0.677
name: models.architecture.block_type=cls
training.mode=rollout
models.out_dim=10    avg_loss: 0.000000040486  time_per_window : 0.000901   progress : 0.688
name: models.architecture.block_type=cls
training.mode=rollout
models.out_dim=10    avg_loss: 0.000000039228  time_per_window : 0.000880   progress : 0.699
name: models.architecture.block_type=cls
training.mode=rollout
models.out_dim=10    avg_loss: 0.000000041534  time_per_window : 0.000960   progress : 0.710
name: models.architecture.block_type=cls
training.mode=rollout
models.out_dim=10    avg_loss: 0.000000033525  time_per_window : 0.000889   progress : 0.721
name: models.architecture.block_type=cls
training.mode=rollout
models.out_dim=10    avg_loss: 0.000000037253  time_per_window : 0.001119   progress : 0.732
name: models.architecture.block_type=cls
training.mode=rollout
models.out_dim=10    avg_loss: 0.000000033597  time_per_window : 0.001133   progress : 0.743
name: models.architecture.block_type=cls
training.mode=rollout
models.out_dim=10    avg_loss: 0.000000034401  time_per_window : 0.001115   progress : 0.754
name: models.architecture.block_type=cls
training.mode=rollout
models.out_dim=10    avg_loss: 0.000000045766  time_per_window : 0.001109   progress : 0.765
name: models.architecture.block_type=cls
training.mode=rollout
models.out_dim=10    avg_loss: 0.000000039389  time_per_window : 0.001133   progress : 0.775
name: models.architecture.block_type=cls
training.mode=rollout
models.out_dim=10    avg_loss: 0.000000036694  time_per_window : 0.001120   progress : 0.786
name: models.architecture.block_type=cls
training.mode=rollout
models.out_dim=10    avg_loss: 0.000000035194  time_per_window : 0.001114   progress : 0.797
name: models.architecture.block_type=cls
training.mode=rollout
models.out_dim=10    avg_loss: 0.000000030674  time_per_window : 0.001118   progress : 0.808
name: models.architecture.block_type=cls
training.mode=rollout
models.out_dim=10    avg_loss: 0.000000034863  time_per_window : 0.001135   progress : 0.819
name: models.architecture.block_type=cls
training.mode=rollout
models.out_dim=10    avg_loss: 0.000000031867  time_per_window : 0.001128   progress : 0.830
name: models.architecture.block_type=cls
training.mode=rollout
models.out_dim=10    avg_loss: 0.000000031269  time_per_window : 0.001115   progress : 0.841
name: models.architecture.block_type=cls
training.mode=rollout
models.out_dim=10    avg_loss: 0.000000033325  time_per_window : 0.001102   progress : 0.852
name: models.architecture.block_type=cls
training.mode=rollout
models.out_dim=10    avg_loss: 0.000000034511  time_per_window : 0.001109   progress : 0.863
name: models.architecture.block_type=cls
training.mode=rollout
models.out_dim=10    avg_loss: 0.000000035244  time_per_window : 0.001112   progress : 0.874
name: models.architecture.block_type=cls
training.mode=rollout
models.out_dim=10    avg_loss: 0.000000030938  time_per_window : 0.001132   progress : 0.885
name: models.architecture.block_type=cls
training.mode=rollout
models.out_dim=10    avg_loss: 0.000000030121  time_per_window : 0.001146   progress : 0.896
name: models.architecture.block_type=cls
training.mode=rollout
models.out_dim=10    avg_loss: 0.000000028937  time_per_window : 0.001122   progress : 0.907
name: models.architecture.block_type=cls
training.mode=rollout
models.out_dim=10    avg_loss: 0.000000031498  time_per_window : 0.001133   progress : 0.917
name: models.architecture.block_type=cls
training.mode=rollout
models.out_dim=10    avg_loss: 0.000000031537  time_per_window : 0.001090   progress : 0.928
name: models.architecture.block_type=cls
training.mode=rollout
models.out_dim=10    avg_loss: 0.000000031852  time_per_window : 0.001123   progress : 0.939
name: models.architecture.block_type=cls
training.mode=rollout
models.out_dim=10    avg_loss: 0.000000030416  time_per_window : 0.001128   progress : 0.950
name: models.architecture.block_type=cls
training.mode=rollout
models.out_dim=10    avg_loss: 0.000000031469  time_per_window : 0.001111   progress : 0.961
name: models.architecture.block_type=cls
training.mode=rollout
models.out_dim=10    avg_loss: 0.000000028955  time_per_window : 0.001094   progress : 0.972
name: models.architecture.block_type=cls
training.mode=rollout
models.out_dim=10    avg_loss: 0.000000028907  time_per_window : 0.001105   progress : 0.983
name: models.architecture.block_type=cls
training.mode=rollout
models.out_dim=10    avg_loss: 0.000000028914  time_per_window : 0.001117   progress : 0.994
name: models.architecture.block_type=cls
training.mode=rollout
models.out_dim=10    avg_loss: 0.000002640153  time_per_window : 0.001097   progress : 0.011
name: models.architecture.block_type=cls
training.mode=rollout
models.out_dim=10    avg_loss: 0.000000272108  time_per_window : 0.001119   progress : 0.022
name: models.architecture.block_type=cls
training.mode=rollout
models.out_dim=10    avg_loss: 0.000000245531  time_per_window : 0.001118   progress : 0.033
name: models.architecture.block_type=cls
training.mode=rollout
models.out_dim=10    avg_loss: 0.000000224701  time_per_window : 0.001136   progress : 0.044
name: models.architecture.block_type=cls
training.mode=rollout
models.out_dim=10    avg_loss: 0.000000193253  time_per_window : 0.001138   progress : 0.055
name: models.architecture.block_type=cls
training.mode=rollout
models.out_dim=10    avg_loss: 0.000000182068  time_per_window : 0.001134   progress : 0.066
name: models.architecture.block_type=cls
training.mode=rollout
models.out_dim=10    avg_loss: 0.000000167961  time_per_window : 0.001091   progress : 0.076
name: models.architecture.block_type=cls
training.mode=rollout
models.out_dim=10    avg_loss: 0.000000171551  time_per_window : 0.001111   progress : 0.087
name: models.architecture.block_type=cls
training.mode=rollout
models.out_dim=10    avg_loss: 0.000000147015  time_per_window : 0.001097   progress : 0.098
name: models.architecture.block_type=cls
training.mode=rollout
models.out_dim=10    avg_loss: 0.000000129036  time_per_window : 0.001108   progress : 0.109
name: models.architecture.block_type=cls
training.mode=rollout
models.out_dim=10    avg_loss: 0.000000150505  time_per_window : 0.001136   progress : 0.120
name: models.architecture.block_type=cls
training.mode=rollout
models.out_dim=10    avg_loss: 0.000000140619  time_per_window : 0.001140   progress : 0.131
name: models.architecture.block_type=cls
training.mode=rollout
models.out_dim=10    avg_loss: 0.000000132604  time_per_window : 0.001131   progress : 0.142
name: models.architecture.block_type=cls
training.mode=rollout
models.out_dim=10    avg_loss: 0.000000115076  time_per_window : 0.001134   progress : 0.153
name: models.architecture.block_type=cls
training.mode=rollout
models.out_dim=10    avg_loss: 0.000000113078  time_per_window : 0.001119   progress : 0.164
name: models.architecture.block_type=cls
training.mode=rollout
models.out_dim=10    avg_loss: 0.000000123184  time_per_window : 0.001094   progress : 0.175
name: models.architecture.block_type=cls
training.mode=rollout
models.out_dim=10    avg_loss: 0.000000114705  time_per_window : 0.001099   progress : 0.186
name: models.architecture.block_type=cls
training.mode=rollout
models.out_dim=10    avg_loss: 0.000000104190  time_per_window : 0.001115   progress : 0.197
name: models.architecture.block_type=cls
training.mode=rollout
models.out_dim=10    avg_loss: 0.000000113326  time_per_window : 0.001099   progress : 0.208
name: models.architecture.block_type=cls
training.mode=rollout
models.out_dim=10    avg_loss: 0.000000107945  time_per_window : 0.000868   progress : 0.218
name: models.architecture.block_type=cls
training.mode=rollout
models.out_dim=10    avg_loss: 0.000000107956  time_per_window : 0.001136   progress : 0.229
name: models.architecture.block_type=cls
training.mode=rollout
models.out_dim=10    avg_loss: 0.000000109719  time_per_window : 0.001136   progress : 0.240
name: models.architecture.block_type=cls
training.mode=rollout
models.out_dim=10    avg_loss: 0.000000095283  time_per_window : 0.001101   progress : 0.251
name: models.architecture.block_type=cls
training.mode=rollout
models.out_dim=10    avg_loss: 0.000000099096  time_per_window : 0.001121   progress : 0.262
name: models.architecture.block_type=cls
training.mode=rollout
models.out_dim=10    avg_loss: 0.000000086848  time_per_window : 0.001103   progress : 0.273
name: models.architecture.block_type=cls
training.mode=rollout
models.out_dim=10    avg_loss: 0.000000097563  time_per_window : 0.001119   progress : 0.284
name: models.architecture.block_type=cls
training.mode=rollout
models.out_dim=10    avg_loss: 0.000000118752  time_per_window : 0.001100   progress : 0.295
name: models.architecture.block_type=cls
training.mode=rollout
models.out_dim=10    avg_loss: 0.000000088822  time_per_window : 0.001089   progress : 0.306
name: models.architecture.block_type=cls
training.mode=rollout
models.out_dim=10    avg_loss: 0.000000092146  time_per_window : 0.001098   progress : 0.317
name: models.architecture.block_type=cls
training.mode=rollout
models.out_dim=10    avg_loss: 0.000000095098  time_per_window : 0.001104   progress : 0.328
name: models.architecture.block_type=cls
training.mode=rollout
models.out_dim=10    avg_loss: 0.000000100678  time_per_window : 0.001155   progress : 0.339
name: models.architecture.block_type=cls
training.mode=rollout
models.out_dim=10    avg_loss: 0.000000088293  time_per_window : 0.001134   progress : 0.350
name: models.architecture.block_type=cls
training.mode=rollout
models.out_dim=10    avg_loss: 0.000000091692  time_per_window : 0.001137   progress : 0.360
name: models.architecture.block_type=cls
training.mode=rollout
models.out_dim=10    avg_loss: 0.000000086406  time_per_window : 0.001106   progress : 0.371
name: models.architecture.block_type=cls
training.mode=rollout
models.out_dim=10    avg_loss: 0.000000100151  time_per_window : 0.000880   progress : 0.382
name: models.architecture.block_type=cls
training.mode=rollout
models.out_dim=10    avg_loss: 0.000000080336  time_per_window : 0.000889   progress : 0.393
name: models.architecture.block_type=cls
training.mode=rollout
models.out_dim=10    avg_loss: 0.000000088934  time_per_window : 0.001085   progress : 0.404
name: models.architecture.block_type=cls
training.mode=rollout
models.out_dim=10    avg_loss: 0.000000082447  time_per_window : 0.001138   progress : 0.415
name: models.architecture.block_type=cls
training.mode=rollout
models.out_dim=10    avg_loss: 0.000000072341  time_per_window : 0.001119   progress : 0.426
name: models.architecture.block_type=cls
training.mode=rollout
models.out_dim=10    avg_loss: 0.000000086210  time_per_window : 0.001093   progress : 0.437
name: models.architecture.block_type=cls
training.mode=rollout
models.out_dim=10    avg_loss: 0.000000102108  time_per_window : 0.000894   progress : 0.448
name: models.architecture.block_type=cls
training.mode=rollout
models.out_dim=10    avg_loss: 0.000000080441  time_per_window : 0.000906   progress : 0.459
name: models.architecture.block_type=cls
training.mode=rollout
models.out_dim=10    avg_loss: 0.000000084437  time_per_window : 0.000858   progress : 0.470
name: models.architecture.block_type=cls
training.mode=rollout
models.out_dim=10    avg_loss: 0.000000085476  time_per_window : 0.000894   progress : 0.481
name: models.architecture.block_type=cls
training.mode=rollout
models.out_dim=10    avg_loss: 0.000000106767  time_per_window : 0.000919   progress : 0.492
name: models.architecture.block_type=cls
training.mode=rollout
models.out_dim=10    avg_loss: 0.000000084538  time_per_window : 0.000893   progress : 0.502
name: models.architecture.block_type=cls
training.mode=rollout
models.out_dim=10    avg_loss: 0.000000076709  time_per_window : 0.000892   progress : 0.513
name: models.architecture.block_type=cls
training.mode=rollout
models.out_dim=10    avg_loss: 0.000000077721  time_per_window : 0.000919   progress : 0.524
name: models.architecture.block_type=cls
training.mode=rollout
models.out_dim=10    avg_loss: 0.000000093064  time_per_window : 0.000911   progress : 0.535
name: models.architecture.block_type=cls
training.mode=rollout
models.out_dim=10    avg_loss: 0.000000203781  time_per_window : 0.000930   progress : 0.546
name: models.architecture.block_type=cls
training.mode=rollout
models.out_dim=10    avg_loss: 0.000000134197  time_per_window : 0.000899   progress : 0.557
name: models.architecture.block_type=cls
training.mode=rollout
models.out_dim=10    avg_loss: 0.000000080867  time_per_window : 0.000932   progress : 0.568
name: models.architecture.block_type=cls
training.mode=rollout
models.out_dim=10    avg_loss: 0.000000077856  time_per_window : 0.000882   progress : 0.579
name: models.architecture.block_type=cls
training.mode=rollout
models.out_dim=10    avg_loss: 0.000000066995  time_per_window : 0.000912   progress : 0.590
name: models.architecture.block_type=cls
training.mode=rollout
models.out_dim=10    avg_loss: 0.000000068402  time_per_window : 0.000854   progress : 0.601
name: models.architecture.block_type=cls
training.mode=rollout
models.out_dim=10    avg_loss: 0.000000068423  time_per_window : 0.000926   progress : 0.612
name: models.architecture.block_type=cls
training.mode=rollout
models.out_dim=10    avg_loss: 0.000000086530  time_per_window : 0.000916   progress : 0.623
name: models.architecture.block_type=cls
training.mode=rollout
models.out_dim=10    avg_loss: 0.000000077681  time_per_window : 0.000903   progress : 0.634
name: models.architecture.block_type=cls
training.mode=rollout
models.out_dim=10    avg_loss: 0.000000086546  time_per_window : 0.000859   progress : 0.644
name: models.architecture.block_type=cls
training.mode=rollout
models.out_dim=10    avg_loss: 0.000000066183  time_per_window : 0.000928   progress : 0.655
name: models.architecture.block_type=cls
training.mode=rollout
models.out_dim=10    avg_loss: 0.000000071058  time_per_window : 0.000889   progress : 0.666
name: models.architecture.block_type=cls
training.mode=rollout
models.out_dim=10    avg_loss: 0.000000106681  time_per_window : 0.000890   progress : 0.677
name: models.architecture.block_type=cls
training.mode=rollout
models.out_dim=10    avg_loss: 0.000000074088  time_per_window : 0.000876   progress : 0.688
name: models.architecture.block_type=cls
training.mode=rollout
models.out_dim=10    avg_loss: 0.000000071904  time_per_window : 0.000905   progress : 0.699
name: models.architecture.block_type=cls
training.mode=rollout
models.out_dim=10    avg_loss: 0.000000068034  time_per_window : 0.000901   progress : 0.710
name: models.architecture.block_type=cls
training.mode=rollout
models.out_dim=10    avg_loss: 0.000000065323  time_per_window : 0.000908   progress : 0.721
name: models.architecture.block_type=cls
training.mode=rollout
models.out_dim=10    avg_loss: 0.000000059834  time_per_window : 0.000898   progress : 0.732
name: models.architecture.block_type=cls
training.mode=rollout
models.out_dim=10    avg_loss: 0.000000059712  time_per_window : 0.000865   progress : 0.743
name: models.architecture.block_type=cls
training.mode=rollout
models.out_dim=10    avg_loss: 0.000000062887  time_per_window : 0.000883   progress : 0.754
name: models.architecture.block_type=cls
training.mode=rollout
models.out_dim=10    avg_loss: 0.000000050436  time_per_window : 0.000884   progress : 0.765
name: models.architecture.block_type=cls
training.mode=rollout
models.out_dim=10    avg_loss: 0.000000060011  time_per_window : 0.000917   progress : 0.775
name: models.architecture.block_type=cls
training.mode=rollout
models.out_dim=10    avg_loss: 0.000000059757  time_per_window : 0.000862   progress : 0.786
name: models.architecture.block_type=cls
training.mode=rollout
models.out_dim=10    avg_loss: 0.000000062379  time_per_window : 0.000907   progress : 0.797
name: models.architecture.block_type=cls
training.mode=rollout
models.out_dim=10    avg_loss: 0.000000057033  time_per_window : 0.000914   progress : 0.808
name: models.architecture.block_type=cls
training.mode=rollout
models.out_dim=10    avg_loss: 0.000000057793  time_per_window : 0.000858   progress : 0.819
name: models.architecture.block_type=cls
training.mode=rollout
models.out_dim=10    avg_loss: 0.000000065378  time_per_window : 0.000898   progress : 0.830
name: models.architecture.block_type=cls
training.mode=rollout
models.out_dim=10    avg_loss: 0.000000068186  time_per_window : 0.000911   progress : 0.841
name: models.architecture.block_type=cls
training.mode=rollout
models.out_dim=10    avg_loss: 0.000000055814  time_per_window : 0.000874   progress : 0.852
name: models.architecture.block_type=cls
training.mode=rollout
models.out_dim=10    avg_loss: 0.000000047382  time_per_window : 0.000898   progress : 0.863
name: models.architecture.block_type=cls
training.mode=rollout
models.out_dim=10    avg_loss: 0.000000058212  time_per_window : 0.000901   progress : 0.874
name: models.architecture.block_type=cls
training.mode=rollout
models.out_dim=10    avg_loss: 0.000000100672  time_per_window : 0.000897   progress : 0.885
name: models.architecture.block_type=cls
training.mode=rollout
models.out_dim=10    avg_loss: 0.000000083057  time_per_window : 0.000855   progress : 0.896
name: models.architecture.block_type=cls
training.mode=rollout
models.out_dim=10    avg_loss: 0.000000152866  time_per_window : 0.000910   progress : 0.907
name: models.architecture.block_type=cls
training.mode=rollout
models.out_dim=10    avg_loss: 0.000000215451  time_per_window : 0.000903   progress : 0.917
name: models.architecture.block_type=cls
training.mode=rollout
models.out_dim=10    avg_loss: 0.000000145754  time_per_window : 0.000905   progress : 0.928
name: models.architecture.block_type=cls
training.mode=rollout
models.out_dim=10    avg_loss: 0.000000073963  time_per_window : 0.000913   progress : 0.939
name: models.architecture.block_type=cls
training.mode=rollout
models.out_dim=10    avg_loss: 0.000000057424  time_per_window : 0.000877   progress : 0.950
name: models.architecture.block_type=cls
training.mode=rollout
models.out_dim=10    avg_loss: 0.000000055331  time_per_window : 0.000901   progress : 0.961
name: models.architecture.block_type=cls
training.mode=rollout
models.out_dim=10    avg_loss: 0.000000042778  time_per_window : 0.000882   progress : 0.972
name: models.architecture.block_type=cls
training.mode=rollout
models.out_dim=10    avg_loss: 0.000000048479  time_per_window : 0.000890   progress : 0.983
name: models.architecture.block_type=cls
training.mode=rollout
models.out_dim=10    avg_loss: 0.000000116223  time_per_window : 0.000905   progress : 0.994
name: models.architecture.block_type=cls
training.mode=rollout
models.out_dim=10    avg_loss: 0.000070991191  time_per_window : 0.000876   progress : 0.011
name: models.architecture.block_type=cls
training.mode=rollout
models.out_dim=10    avg_loss: 0.000006069200  time_per_window : 0.000897   progress : 0.022
name: models.architecture.block_type=cls
training.mode=rollout
models.out_dim=10    avg_loss: 0.000005865996  time_per_window : 0.000872   progress : 0.033
name: models.architecture.block_type=cls
training.mode=rollout
models.out_dim=10    avg_loss: 0.000005259475  time_per_window : 0.000889   progress : 0.044
name: models.architecture.block_type=cls
training.mode=rollout
models.out_dim=10    avg_loss: 0.000004976913  time_per_window : 0.000882   progress : 0.055
name: models.architecture.block_type=cls
training.mode=rollout
models.out_dim=10    avg_loss: 0.000004168171  time_per_window : 0.000905   progress : 0.066
name: models.architecture.block_type=cls
training.mode=rollout
models.out_dim=10    avg_loss: 0.000004061545  time_per_window : 0.000905   progress : 0.076
name: models.architecture.block_type=cls
training.mode=rollout
models.out_dim=10    avg_loss: 0.000003161918  time_per_window : 0.000911   progress : 0.087
name: models.architecture.block_type=cls
training.mode=rollout
models.out_dim=10    avg_loss: 0.000002703769  time_per_window : 0.000874   progress : 0.098
name: models.architecture.block_type=cls
training.mode=rollout
models.out_dim=10    avg_loss: 0.000002376324  time_per_window : 0.000872   progress : 0.109
name: models.architecture.block_type=cls
training.mode=rollout
models.out_dim=10    avg_loss: 0.000001863590  time_per_window : 0.000893   progress : 0.120
name: models.architecture.block_type=cls
training.mode=rollout
models.out_dim=10    avg_loss: 0.000001727914  time_per_window : 0.000911   progress : 0.131
name: models.architecture.block_type=cls
training.mode=rollout
models.out_dim=10    avg_loss: 0.000001788294  time_per_window : 0.000893   progress : 0.142
name: models.architecture.block_type=cls
training.mode=rollout
models.out_dim=10    avg_loss: 0.000001482849  time_per_window : 0.000885   progress : 0.153
name: models.architecture.block_type=cls
training.mode=rollout
models.out_dim=10    avg_loss: 0.000001327578  time_per_window : 0.000904   progress : 0.164
name: models.architecture.block_type=cls
training.mode=rollout
models.out_dim=10    avg_loss: 0.000001029798  time_per_window : 0.000912   progress : 0.175
name: models.architecture.block_type=cls
training.mode=rollout
models.out_dim=10    avg_loss: 0.000001521430  time_per_window : 0.000930   progress : 0.186
name: models.architecture.block_type=cls
training.mode=rollout
models.out_dim=10    avg_loss: 0.000000931624  time_per_window : 0.000863   progress : 0.197
name: models.architecture.block_type=cls
training.mode=rollout
models.out_dim=10    avg_loss: 0.000001308892  time_per_window : 0.000672   progress : 0.208
name: models.architecture.block_type=cls
training.mode=rollout
models.out_dim=10    avg_loss: 0.000000898996  time_per_window : 0.000626   progress : 0.218
name: models.architecture.block_type=cls
training.mode=rollout
models.out_dim=10    avg_loss: 0.000001022985  time_per_window : 0.000674   progress : 0.229
name: models.architecture.block_type=cls
training.mode=rollout
models.out_dim=10    avg_loss: 0.000001329254  time_per_window : 0.000840   progress : 0.240
name: models.architecture.block_type=cls
training.mode=rollout
models.out_dim=10    avg_loss: 0.000001058727  time_per_window : 0.000910   progress : 0.251
name: models.architecture.block_type=cls
training.mode=rollout
models.out_dim=10    avg_loss: 0.000001054705  time_per_window : 0.000911   progress : 0.262
name: models.architecture.block_type=cls
training.mode=rollout
models.out_dim=10    avg_loss: 0.000001056669  time_per_window : 0.000872   progress : 0.273
name: models.architecture.block_type=cls
training.mode=rollout
models.out_dim=10    avg_loss: 0.000001376100  time_per_window : 0.000912   progress : 0.284
name: models.architecture.block_type=cls
training.mode=rollout
models.out_dim=10    avg_loss: 0.000001664708  time_per_window : 0.000903   progress : 0.295
name: models.architecture.block_type=cls
training.mode=rollout
models.out_dim=10    avg_loss: 0.000000770738  time_per_window : 0.000910   progress : 0.306
name: models.architecture.block_type=cls
training.mode=rollout
models.out_dim=10    avg_loss: 0.000001038182  time_per_window : 0.000882   progress : 0.317
name: models.architecture.block_type=cls
training.mode=rollout
models.out_dim=10    avg_loss: 0.000001103706  time_per_window : 0.000929   progress : 0.328
name: models.architecture.block_type=cls
training.mode=rollout
models.out_dim=10    avg_loss: 0.000000881923  time_per_window : 0.000910   progress : 0.339
name: models.architecture.block_type=cls
training.mode=rollout
models.out_dim=10    avg_loss: 0.000001739761  time_per_window : 0.000907   progress : 0.350
name: models.architecture.block_type=cls
training.mode=rollout
models.out_dim=10    avg_loss: 0.000004056237  time_per_window : 0.000930   progress : 0.360
name: models.architecture.block_type=cls
training.mode=rollout
models.out_dim=10    avg_loss: 0.000002899566  time_per_window : 0.000912   progress : 0.371
name: models.architecture.block_type=cls
training.mode=rollout
models.out_dim=10    avg_loss: 0.000001700312  time_per_window : 0.000877   progress : 0.382
name: models.architecture.block_type=cls
training.mode=rollout
models.out_dim=10    avg_loss: 0.000001072439  time_per_window : 0.000893   progress : 0.393
name: models.architecture.block_type=cls
training.mode=rollout
models.out_dim=10    avg_loss: 0.000000996403  time_per_window : 0.000899   progress : 0.404
name: models.architecture.block_type=cls
training.mode=rollout
models.out_dim=10    avg_loss: 0.000000842895  time_per_window : 0.000921   progress : 0.415
name: models.architecture.block_type=cls
training.mode=rollout
models.out_dim=10    avg_loss: 0.000000874638  time_per_window : 0.000682   progress : 0.426
name: models.architecture.block_type=cls
training.mode=rollout
models.out_dim=10    avg_loss: 0.000001036573  time_per_window : 0.000927   progress : 0.437
name: models.architecture.block_type=cls
training.mode=rollout
models.out_dim=10    avg_loss: 0.000001477748  time_per_window : 0.000885   progress : 0.448
name: models.architecture.block_type=cls
training.mode=rollout
models.out_dim=10    avg_loss: 0.000000758750  time_per_window : 0.000926   progress : 0.459
name: models.architecture.block_type=cls
training.mode=rollout
models.out_dim=10    avg_loss: 0.000000946730  time_per_window : 0.000907   progress : 0.470
name: models.architecture.block_type=cls
training.mode=rollout
models.out_dim=10    avg_loss: 0.000000812699  time_per_window : 0.000858   progress : 0.481
name: models.architecture.block_type=cls
training.mode=rollout
models.out_dim=10    avg_loss: 0.000000857404  time_per_window : 0.000906   progress : 0.492
name: models.architecture.block_type=cls
training.mode=rollout
models.out_dim=10    avg_loss: 0.000000915022  time_per_window : 0.000886   progress : 0.502
name: models.architecture.block_type=cls
training.mode=rollout
models.out_dim=10    avg_loss: 0.000000711424  time_per_window : 0.000884   progress : 0.513
name: models.architecture.block_type=cls
training.mode=rollout
models.out_dim=10    avg_loss: 0.000000820892  time_per_window : 0.000926   progress : 0.524
name: models.architecture.block_type=cls
training.mode=rollout
models.out_dim=10    avg_loss: 0.000000739113  time_per_window : 0.000940   progress : 0.535
name: models.architecture.block_type=cls
training.mode=rollout
models.out_dim=10    avg_loss: 0.000000744400  time_per_window : 0.000895   progress : 0.546
name: models.architecture.block_type=cls
training.mode=rollout
models.out_dim=10    avg_loss: 0.000001221488  time_per_window : 0.000881   progress : 0.557
name: models.architecture.block_type=cls
training.mode=rollout
models.out_dim=10    avg_loss: 0.000000932706  time_per_window : 0.000892   progress : 0.568
name: models.architecture.block_type=cls
training.mode=rollout
models.out_dim=10    avg_loss: 0.000000865390  time_per_window : 0.000923   progress : 0.579
name: models.architecture.block_type=cls
training.mode=rollout
models.out_dim=10    avg_loss: 0.000002514573  time_per_window : 0.000907   progress : 0.590
name: models.architecture.block_type=cls
training.mode=rollout
models.out_dim=10    avg_loss: 0.000000711669  time_per_window : 0.000885   progress : 0.601
name: models.architecture.block_type=cls
training.mode=rollout
models.out_dim=10    avg_loss: 0.000000633621  time_per_window : 0.000908   progress : 0.612
name: models.architecture.block_type=cls
training.mode=rollout
models.out_dim=10    avg_loss: 0.000000654731  time_per_window : 0.000903   progress : 0.623
name: models.architecture.block_type=cls
training.mode=rollout
models.out_dim=10    avg_loss: 0.000000845036  time_per_window : 0.000885   progress : 0.634
name: models.architecture.block_type=cls
training.mode=rollout
models.out_dim=10    avg_loss: 0.000001025030  time_per_window : 0.000880   progress : 0.644
name: models.architecture.block_type=cls
training.mode=rollout
models.out_dim=10    avg_loss: 0.000000761312  time_per_window : 0.000908   progress : 0.655
name: models.architecture.block_type=cls
training.mode=rollout
models.out_dim=10    avg_loss: 0.000001058801  time_per_window : 0.000930   progress : 0.666
name: models.architecture.block_type=cls
training.mode=rollout
models.out_dim=10    avg_loss: 0.000000827257  time_per_window : 0.000912   progress : 0.677
name: models.architecture.block_type=cls
training.mode=rollout
models.out_dim=10    avg_loss: 0.000000626923  time_per_window : 0.000887   progress : 0.688
name: models.architecture.block_type=cls
training.mode=rollout
models.out_dim=10    avg_loss: 0.000001581906  time_per_window : 0.000898   progress : 0.699
name: models.architecture.block_type=cls
training.mode=rollout
models.out_dim=10    avg_loss: 0.000002025412  time_per_window : 0.000903   progress : 0.710
name: models.architecture.block_type=cls
training.mode=rollout
models.out_dim=10    avg_loss: 0.000000720665  time_per_window : 0.000895   progress : 0.721
name: models.architecture.block_type=cls
training.mode=rollout
models.out_dim=10    avg_loss: 0.000001650578  time_per_window : 0.000908   progress : 0.732
name: models.architecture.block_type=cls
training.mode=rollout
models.out_dim=10    avg_loss: 0.000001268493  time_per_window : 0.000884   progress : 0.743
name: models.architecture.block_type=cls
training.mode=rollout
models.out_dim=10    avg_loss: 0.000000600414  time_per_window : 0.000693   progress : 0.754
name: models.architecture.block_type=cls
training.mode=rollout
models.out_dim=10    avg_loss: 0.000000814163  time_per_window : 0.000693   progress : 0.765
name: models.architecture.block_type=cls
training.mode=rollout
models.out_dim=10    avg_loss: 0.000000616291  time_per_window : 0.000639   progress : 0.775
name: models.architecture.block_type=cls
training.mode=rollout
models.out_dim=10    avg_loss: 0.000000778886  time_per_window : 0.000696   progress : 0.786
name: models.architecture.block_type=cls
training.mode=rollout
models.out_dim=10    avg_loss: 0.000000540631  time_per_window : 0.000676   progress : 0.797
name: models.architecture.block_type=cls
training.mode=rollout
models.out_dim=10    avg_loss: 0.000000552207  time_per_window : 0.000927   progress : 0.808
name: models.architecture.block_type=cls
training.mode=rollout
models.out_dim=10    avg_loss: 0.000001401330  time_per_window : 0.000877   progress : 0.819
name: models.architecture.block_type=cls
training.mode=rollout
models.out_dim=10    avg_loss: 0.000001953043  time_per_window : 0.000924   progress : 0.830
name: models.architecture.block_type=cls
training.mode=rollout
models.out_dim=10    avg_loss: 0.000000892377  time_per_window : 0.000835   progress : 0.841
name: models.architecture.block_type=cls
training.mode=rollout
models.out_dim=10    avg_loss: 0.000000759335  time_per_window : 0.000917   progress : 0.852
name: models.architecture.block_type=cls
training.mode=rollout
models.out_dim=10    avg_loss: 0.000000562394  time_per_window : 0.000857   progress : 0.863
name: models.architecture.block_type=cls
training.mode=rollout
models.out_dim=10    avg_loss: 0.000000821594  time_per_window : 0.000909   progress : 0.874
name: models.architecture.block_type=cls
training.mode=rollout
models.out_dim=10    avg_loss: 0.000000586855  time_per_window : 0.000906   progress : 0.885
name: models.architecture.block_type=cls
training.mode=rollout
models.out_dim=10    avg_loss: 0.000000662119  time_per_window : 0.000933   progress : 0.896
name: models.architecture.block_type=cls
training.mode=rollout
models.out_dim=10    avg_loss: 0.000000559704  time_per_window : 0.000867   progress : 0.907
name: models.architecture.block_type=cls
training.mode=rollout
models.out_dim=10    avg_loss: 0.000000715379  time_per_window : 0.000902   progress : 0.917
name: models.architecture.block_type=cls
training.mode=rollout
models.out_dim=10    avg_loss: 0.000000774284  time_per_window : 0.000863   progress : 0.928
name: models.architecture.block_type=cls
training.mode=rollout
models.out_dim=10    avg_loss: 0.000000642889  time_per_window : 0.000873   progress : 0.939
name: models.architecture.block_type=cls
training.mode=rollout
models.out_dim=10    avg_loss: 0.000001634743  time_per_window : 0.000894   progress : 0.950
name: models.architecture.block_type=cls
training.mode=rollout
models.out_dim=10    avg_loss: 0.000000799149  time_per_window : 0.000870   progress : 0.961
name: models.architecture.block_type=cls
training.mode=rollout
models.out_dim=10    avg_loss: 0.000000817043  time_per_window : 0.000929   progress : 0.972
name: models.architecture.block_type=cls
training.mode=rollout
models.out_dim=10    avg_loss: 0.000000542270  time_per_window : 0.000879   progress : 0.983
name: models.architecture.block_type=cls
training.mode=rollout
models.out_dim=10    avg_loss: 0.000000478534  time_per_window : 0.000884   progress : 0.994
name: models.architecture.block_type=cls
training.mode=rollout
models.out_dim=10    avg_loss: 0.000014386886  time_per_window : 0.000903   progress : 0.011
name: models.architecture.block_type=cls
training.mode=rollout
models.out_dim=10    avg_loss: 0.000001202040  time_per_window : 0.000844   progress : 0.022
name: models.architecture.block_type=cls
training.mode=rollout
models.out_dim=10    avg_loss: 0.000001682802  time_per_window : 0.000893   progress : 0.033
name: models.architecture.block_type=cls
training.mode=rollout
models.out_dim=10    avg_loss: 0.000001290265  time_per_window : 0.000895   progress : 0.044
name: models.architecture.block_type=cls
training.mode=rollout
models.out_dim=10    avg_loss: 0.000001241324  time_per_window : 0.000922   progress : 0.055
name: models.architecture.block_type=cls
training.mode=rollout
models.out_dim=10    avg_loss: 0.000001196057  time_per_window : 0.000917   progress : 0.066
name: models.architecture.block_type=cls
training.mode=rollout
models.out_dim=10    avg_loss: 0.000001160238  time_per_window : 0.000925   progress : 0.076
name: models.architecture.block_type=cls
training.mode=rollout
models.out_dim=10    avg_loss: 0.000001528501  time_per_window : 0.000879   progress : 0.087
name: models.architecture.block_type=cls
training.mode=rollout
models.out_dim=10    avg_loss: 0.000001067048  time_per_window : 0.000894   progress : 0.098
name: models.architecture.block_type=cls
training.mode=rollout
models.out_dim=10    avg_loss: 0.000001054070  time_per_window : 0.000902   progress : 0.109
name: models.architecture.block_type=cls
training.mode=rollout
models.out_dim=10    avg_loss: 0.000001294374  time_per_window : 0.000894   progress : 0.120
name: models.architecture.block_type=cls
training.mode=rollout
models.out_dim=10    avg_loss: 0.000000916767  time_per_window : 0.000867   progress : 0.131
name: models.architecture.block_type=cls
training.mode=rollout
models.out_dim=10    avg_loss: 0.000000789683  time_per_window : 0.000893   progress : 0.142
name: models.architecture.block_type=cls
training.mode=rollout
models.out_dim=10    avg_loss: 0.000000844955  time_per_window : 0.000921   progress : 0.153
name: models.architecture.block_type=cls
training.mode=rollout
models.out_dim=10    avg_loss: 0.000000915634  time_per_window : 0.000844   progress : 0.164
name: models.architecture.block_type=cls
training.mode=rollout
models.out_dim=10    avg_loss: 0.000001984848  time_per_window : 0.000871   progress : 0.175
name: models.architecture.block_type=cls
training.mode=rollout
models.out_dim=10    avg_loss: 0.000003472295  time_per_window : 0.000895   progress : 0.186
name: models.architecture.block_type=cls
training.mode=rollout
models.out_dim=10    avg_loss: 0.000001102414  time_per_window : 0.000901   progress : 0.197
name: models.architecture.block_type=cls
training.mode=rollout
models.out_dim=10    avg_loss: 0.000001091876  time_per_window : 0.000928   progress : 0.208
name: models.architecture.block_type=cls
training.mode=rollout
models.out_dim=10    avg_loss: 0.000000941548  time_per_window : 0.000886   progress : 0.218
name: models.architecture.block_type=cls
training.mode=rollout
models.out_dim=10    avg_loss: 0.000000742561  time_per_window : 0.000911   progress : 0.229
name: models.architecture.block_type=cls
training.mode=rollout
models.out_dim=10    avg_loss: 0.000000810174  time_per_window : 0.000909   progress : 0.240
name: models.architecture.block_type=cls
training.mode=rollout
models.out_dim=10    avg_loss: 0.000000998648  time_per_window : 0.000900   progress : 0.251
name: models.architecture.block_type=cls
training.mode=rollout
models.out_dim=10    avg_loss: 0.000000798727  time_per_window : 0.000871   progress : 0.262
name: models.architecture.block_type=cls
training.mode=rollout
models.out_dim=10    avg_loss: 0.000000874127  time_per_window : 0.000891   progress : 0.273
name: models.architecture.block_type=cls
training.mode=rollout
models.out_dim=10    avg_loss: 0.000001563339  time_per_window : 0.000913   progress : 0.284
name: models.architecture.block_type=cls
training.mode=rollout
models.out_dim=10    avg_loss: 0.000001006638  time_per_window : 0.000923   progress : 0.295
name: models.architecture.block_type=cls
training.mode=rollout
models.out_dim=10    avg_loss: 0.000000780928  time_per_window : 0.000867   progress : 0.306
name: models.architecture.block_type=cls
training.mode=rollout
models.out_dim=10    avg_loss: 0.000000863939  time_per_window : 0.000858   progress : 0.317
name: models.architecture.block_type=cls
training.mode=rollout
models.out_dim=10    avg_loss: 0.000000698738  time_per_window : 0.000899   progress : 0.328
name: models.architecture.block_type=cls
training.mode=rollout
models.out_dim=10    avg_loss: 0.000001077646  time_per_window : 0.000863   progress : 0.339
name: models.architecture.block_type=cls
training.mode=rollout
models.out_dim=10    avg_loss: 0.000000910675  time_per_window : 0.000914   progress : 0.350
name: models.architecture.block_type=cls
training.mode=rollout
models.out_dim=10    avg_loss: 0.000000728739  time_per_window : 0.000865   progress : 0.360
name: models.architecture.block_type=cls
training.mode=rollout
models.out_dim=10    avg_loss: 0.000000844341  time_per_window : 0.000877   progress : 0.371
name: models.architecture.block_type=cls
training.mode=rollout
models.out_dim=10    avg_loss: 0.000000854061  time_per_window : 0.000895   progress : 0.382
name: models.architecture.block_type=cls
training.mode=rollout
models.out_dim=10    avg_loss: 0.000001145246  time_per_window : 0.000928   progress : 0.393
name: models.architecture.block_type=cls
training.mode=rollout
models.out_dim=10    avg_loss: 0.000000936456  time_per_window : 0.000874   progress : 0.404
name: models.architecture.block_type=cls
training.mode=rollout
models.out_dim=10    avg_loss: 0.000001116255  time_per_window : 0.000847   progress : 0.415
name: models.architecture.block_type=cls
training.mode=rollout
models.out_dim=10    avg_loss: 0.000000774996  time_per_window : 0.000573   progress : 0.426
name: models.architecture.block_type=cls
training.mode=rollout
models.out_dim=10    avg_loss: 0.000000861036  time_per_window : 0.000719   progress : 0.437
name: models.architecture.block_type=cls
training.mode=rollout
models.out_dim=10    avg_loss: 0.000000823829  time_per_window : 0.000705   progress : 0.448
name: models.architecture.block_type=cls
training.mode=rollout
models.out_dim=10    avg_loss: 0.000001624632  time_per_window : 0.000698   progress : 0.459
name: models.architecture.block_type=cls
training.mode=rollout
models.out_dim=10    avg_loss: 0.000001642021  time_per_window : 0.000692   progress : 0.470
name: models.architecture.block_type=cls
training.mode=rollout
models.out_dim=10    avg_loss: 0.000000915666  time_per_window : 0.000578   progress : 0.481
name: models.architecture.block_type=cls
training.mode=rollout
models.out_dim=10    avg_loss: 0.000000771646  time_per_window : 0.000705   progress : 0.492
name: models.architecture.block_type=cls
training.mode=rollout
models.out_dim=10    avg_loss: 0.000001370731  time_per_window : 0.000644   progress : 0.502
name: models.architecture.block_type=cls
training.mode=rollout
models.out_dim=10    avg_loss: 0.000000654204  time_per_window : 0.000667   progress : 0.513
name: models.architecture.block_type=cls
training.mode=rollout
models.out_dim=10    avg_loss: 0.000000900328  time_per_window : 0.000679   progress : 0.524
name: models.architecture.block_type=cls
training.mode=rollout
models.out_dim=10    avg_loss: 0.000000791684  time_per_window : 0.000650   progress : 0.535
name: models.architecture.block_type=cls
training.mode=rollout
models.out_dim=10    avg_loss: 0.000000964292  time_per_window : 0.000623   progress : 0.546
name: models.architecture.block_type=cls
training.mode=rollout
models.out_dim=10    avg_loss: 0.000001118254  time_per_window : 0.000693   progress : 0.557
name: models.architecture.block_type=cls
training.mode=rollout
models.out_dim=10    avg_loss: 0.000000732540  time_per_window : 0.000678   progress : 0.568
name: models.architecture.block_type=cls
training.mode=rollout
models.out_dim=10    avg_loss: 0.000000804582  time_per_window : 0.000620   progress : 0.579
name: models.architecture.block_type=cls
training.mode=rollout
models.out_dim=10    avg_loss: 0.000001029008  time_per_window : 0.000707   progress : 0.590
name: models.architecture.block_type=cls
training.mode=rollout
models.out_dim=10    avg_loss: 0.000000891462  time_per_window : 0.000698   progress : 0.601
name: models.architecture.block_type=cls
training.mode=rollout
models.out_dim=10    avg_loss: 0.000001273353  time_per_window : 0.000704   progress : 0.612
name: models.architecture.block_type=cls
training.mode=rollout
models.out_dim=10    avg_loss: 0.000000742837  time_per_window : 0.000637   progress : 0.623
name: models.architecture.block_type=cls
training.mode=rollout
models.out_dim=10    avg_loss: 0.000000653166  time_per_window : 0.000682   progress : 0.634
name: models.architecture.block_type=cls
training.mode=rollout
models.out_dim=10    avg_loss: 0.000001180175  time_per_window : 0.000670   progress : 0.644
name: models.architecture.block_type=cls
training.mode=rollout
models.out_dim=10    avg_loss: 0.000000886654  time_per_window : 0.000632   progress : 0.655
name: models.architecture.block_type=cls
training.mode=rollout
models.out_dim=10    avg_loss: 0.000001155835  time_per_window : 0.000637   progress : 0.666
name: models.architecture.block_type=cls
training.mode=rollout
models.out_dim=10    avg_loss: 0.000005298295  time_per_window : 0.000636   progress : 0.677
name: models.architecture.block_type=cls
training.mode=rollout
models.out_dim=10    avg_loss: 0.000002474733  time_per_window : 0.000657   progress : 0.688
name: models.architecture.block_type=cls
training.mode=rollout
models.out_dim=10    avg_loss: 0.000003974750  time_per_window : 0.000703   progress : 0.699
name: models.architecture.block_type=cls
training.mode=rollout
models.out_dim=10    avg_loss: 0.000001238050  time_per_window : 0.000679   progress : 0.710
name: models.architecture.block_type=cls
training.mode=rollout
models.out_dim=10    avg_loss: 0.000000882757  time_per_window : 0.000652   progress : 0.721
name: models.architecture.block_type=cls
training.mode=rollout
models.out_dim=10    avg_loss: 0.000000677002  time_per_window : 0.000617   progress : 0.732
name: models.architecture.block_type=cls
training.mode=rollout
models.out_dim=10    avg_loss: 0.000000628792  time_per_window : 0.000640   progress : 0.743
name: models.architecture.block_type=cls
training.mode=rollout
models.out_dim=10    avg_loss: 0.000000627097  time_per_window : 0.000615   progress : 0.754
name: models.architecture.block_type=cls
training.mode=rollout
models.out_dim=10    avg_loss: 0.000000685889  time_per_window : 0.000618   progress : 0.765
name: models.architecture.block_type=cls
training.mode=rollout
models.out_dim=10    avg_loss: 0.000001015424  time_per_window : 0.000716   progress : 0.775
name: models.architecture.block_type=cls
training.mode=rollout
models.out_dim=10    avg_loss: 0.000000915851  time_per_window : 0.000632   progress : 0.786
name: models.architecture.block_type=cls
training.mode=rollout
models.out_dim=10    avg_loss: 0.000000713082  time_per_window : 0.000662   progress : 0.797
name: models.architecture.block_type=cls
training.mode=rollout
models.out_dim=10    avg_loss: 0.000000926469  time_per_window : 0.000669   progress : 0.808
name: models.architecture.block_type=cls
training.mode=rollout
models.out_dim=10    avg_loss: 0.000000671531  time_per_window : 0.000653   progress : 0.819
name: models.architecture.block_type=cls
training.mode=rollout
models.out_dim=10    avg_loss: 0.000000645906  time_per_window : 0.000706   progress : 0.830
name: models.architecture.block_type=cls
training.mode=rollout
models.out_dim=10    avg_loss: 0.000000782666  time_per_window : 0.000693   progress : 0.841
name: models.architecture.block_type=cls
training.mode=rollout
models.out_dim=10    avg_loss: 0.000000634495  time_per_window : 0.000681   progress : 0.852
name: models.architecture.block_type=cls
training.mode=rollout
models.out_dim=10    avg_loss: 0.000000864960  time_per_window : 0.000609   progress : 0.863
name: models.architecture.block_type=cls
training.mode=rollout
models.out_dim=10    avg_loss: 0.000000541240  time_per_window : 0.000631   progress : 0.874
name: models.architecture.block_type=cls
training.mode=rollout
models.out_dim=10    avg_loss: 0.000000649075  time_per_window : 0.000703   progress : 0.885
name: models.architecture.block_type=cls
training.mode=rollout
models.out_dim=10    avg_loss: 0.000000744056  time_per_window : 0.000683   progress : 0.896
name: models.architecture.block_type=cls
training.mode=rollout
models.out_dim=10    avg_loss: 0.000000670055  time_per_window : 0.000662   progress : 0.907
name: models.architecture.block_type=cls
training.mode=rollout
models.out_dim=10    avg_loss: 0.000001062329  time_per_window : 0.000602   progress : 0.917
name: models.architecture.block_type=cls
training.mode=rollout
models.out_dim=10    avg_loss: 0.000001145808  time_per_window : 0.000691   progress : 0.928
name: models.architecture.block_type=cls
training.mode=rollout
models.out_dim=10    avg_loss: 0.000001389935  time_per_window : 0.000668   progress : 0.939
name: models.architecture.block_type=cls
training.mode=rollout
models.out_dim=10    avg_loss: 0.000002054191  time_per_window : 0.000643   progress : 0.950
name: models.architecture.block_type=cls
training.mode=rollout
models.out_dim=10    avg_loss: 0.000000678143  time_per_window : 0.000646   progress : 0.961
name: models.architecture.block_type=cls
training.mode=rollout
models.out_dim=10    avg_loss: 0.000000518962  time_per_window : 0.000669   progress : 0.972
name: models.architecture.block_type=cls
training.mode=rollout
models.out_dim=10    avg_loss: 0.000000596529  time_per_window : 0.000628   progress : 0.983
name: models.architecture.block_type=cls
training.mode=rollout
models.out_dim=10    avg_loss: 0.000000615199  time_per_window : 0.000671   progress : 0.994
DONE!!!
