/home/jdihardjo/miniconda3/envs/mavenv/lib/python3.11/site-packages/hydra/_internal/defaults_list.py:251: UserWarning: In 'config': Defaults list is missing `_self_`. See https://hydra.cc/docs/1.2/upgrades/1.0_to_1.1/default_composition_order for more information
  warnings.warn(msg, UserWarning)
Using cuda:1 device
[2026-07-22 20:01:08,327][HYDRA] Joblib.Parallel(n_jobs=4,backend=loky,prefer=processes,require=None,verbose=0,timeout=None,pre_dispatch=2*n_jobs,batch_size=auto,temp_folder=None,max_nbytes=None,mmap_mode=r) is launching 1 jobs
[2026-07-22 20:01:08,327][HYDRA] Launching jobs, sweep output dir : ablation_runs/2026-07-22_20-01-02/cls_mamba_long_rollout
[2026-07-22 20:01:08,327][HYDRA] 	#0 : models.architecture.block_type=cls training.mode=rollout training.rollout_steps=48
/home/jdihardjo/miniconda3/envs/mavenv/lib/python3.11/site-packages/hydra/_internal/defaults_list.py:251: UserWarning: In 'config': Defaults list is missing `_self_`. See https://hydra.cc/docs/1.2/upgrades/1.0_to_1.1/default_composition_order for more information
  warnings.warn(msg, UserWarning)
models:
  n_dim: 23
  out_dim: 10
  architecture:
    d_model: 128
    n_encoder_layers: 2
    n_decoder_layers: 0
    block_type: cls
    time_adapter: last_token
    in_norm: none
    out_norm: none
    layer_scale: 0.0001
    drop_path: 0.05
    mamba_type: mamba
    mamba_kwargs:
      d_state: 16
      d_conv: 2
      expand: 2
      norm: rms
    skip: false
    cls_kwargs:
      n_heads: 2
      n_mlp: 2
      positional_encoding: false
      max_len: 5000
input_len: 64
output_len: 1
batch_size: 128
epochs: 5
seed: 0
dataset:
  path: /home/jdihardjo/simdata/train.zarr/
  training_size: 1500000
evaluation:
  path: /home/jdihardjo/simdata/evaluation.zarr/
  evaluation_size: 50
training:
  mode: rollout
  lr: 0.0002
  weight_decay: 0.1
  rollout_steps: 48
checkpoint:
  save_path: hydra-test.pth
  load: false
  path: hydra-test.pth
compile: true

/home/jdihardjo/miniconda3/envs/mavenv/lib/python3.11/site-packages/torch/_inductor/cudagraph_trees.py:2622: UserWarning: Unable to hit fast path of CUDAGraphs because outputs from a previous step still require backward. Ensure backward() is invoked or detach outputs. You may also call torch.compiler.cudagraph_mark_step_begin() before each model invocation.
  warnings.warn(
name: models.architecture.block_type=cls
training.mode=rollout
training.rollout_steps=48    avg_loss: 0.000084248262  time_per_window : 0.000939   progress : 0.011
name: models.architecture.block_type=cls
training.mode=rollout
training.rollout_steps=48    avg_loss: 0.000000357121  time_per_window : 0.000998   progress : 0.022
name: models.architecture.block_type=cls
training.mode=rollout
training.rollout_steps=48    avg_loss: 0.000000210498  time_per_window : 0.000989   progress : 0.033
name: models.architecture.block_type=cls
training.mode=rollout
training.rollout_steps=48    avg_loss: 0.000000168488  time_per_window : 0.000995   progress : 0.044
name: models.architecture.block_type=cls
training.mode=rollout
training.rollout_steps=48    avg_loss: 0.000000148212  time_per_window : 0.000984   progress : 0.055
name: models.architecture.block_type=cls
training.mode=rollout
training.rollout_steps=48    avg_loss: 0.000000131695  time_per_window : 0.000980   progress : 0.066
name: models.architecture.block_type=cls
training.mode=rollout
training.rollout_steps=48    avg_loss: 0.000000119997  time_per_window : 0.001011   progress : 0.076
name: models.architecture.block_type=cls
training.mode=rollout
training.rollout_steps=48    avg_loss: 0.000000109722  time_per_window : 0.000975   progress : 0.087
name: models.architecture.block_type=cls
training.mode=rollout
training.rollout_steps=48    avg_loss: 0.000000103930  time_per_window : 0.000970   progress : 0.098
name: models.architecture.block_type=cls
training.mode=rollout
training.rollout_steps=48    avg_loss: 0.000000100257  time_per_window : 0.000992   progress : 0.109
name: models.architecture.block_type=cls
training.mode=rollout
training.rollout_steps=48    avg_loss: 0.000000096333  time_per_window : 0.001007   progress : 0.120
name: models.architecture.block_type=cls
training.mode=rollout
training.rollout_steps=48    avg_loss: 0.000000084787  time_per_window : 0.000998   progress : 0.131
name: models.architecture.block_type=cls
training.mode=rollout
training.rollout_steps=48    avg_loss: 0.000000081476  time_per_window : 0.000966   progress : 0.142
name: models.architecture.block_type=cls
training.mode=rollout
training.rollout_steps=48    avg_loss: 0.000000078309  time_per_window : 0.001007   progress : 0.153
name: models.architecture.block_type=cls
training.mode=rollout
training.rollout_steps=48    avg_loss: 0.000000076250  time_per_window : 0.001010   progress : 0.164
name: models.architecture.block_type=cls
training.mode=rollout
training.rollout_steps=48    avg_loss: 0.000000073642  time_per_window : 0.000983   progress : 0.175
name: models.architecture.block_type=cls
training.mode=rollout
training.rollout_steps=48    avg_loss: 0.000000071654  time_per_window : 0.000993   progress : 0.186
name: models.architecture.block_type=cls
training.mode=rollout
training.rollout_steps=48    avg_loss: 0.000000069305  time_per_window : 0.001022   progress : 0.197
name: models.architecture.block_type=cls
training.mode=rollout
training.rollout_steps=48    avg_loss: 0.000000067918  time_per_window : 0.001037   progress : 0.208
name: models.architecture.block_type=cls
training.mode=rollout
training.rollout_steps=48    avg_loss: 0.000000077213  time_per_window : 0.000985   progress : 0.218
name: models.architecture.block_type=cls
training.mode=rollout
training.rollout_steps=48    avg_loss: 0.000000083941  time_per_window : 0.001015   progress : 0.229
name: models.architecture.block_type=cls
training.mode=rollout
training.rollout_steps=48    avg_loss: 0.000000087393  time_per_window : 0.000991   progress : 0.240
name: models.architecture.block_type=cls
training.mode=rollout
training.rollout_steps=48    avg_loss: 0.000000102070  time_per_window : 0.000992   progress : 0.251
name: models.architecture.block_type=cls
training.mode=rollout
training.rollout_steps=48    avg_loss: 0.000000106479  time_per_window : 0.000991   progress : 0.262
name: models.architecture.block_type=cls
training.mode=rollout
training.rollout_steps=48    avg_loss: 0.000000085097  time_per_window : 0.001025   progress : 0.273
name: models.architecture.block_type=cls
training.mode=rollout
training.rollout_steps=48    avg_loss: 0.000000090095  time_per_window : 0.000999   progress : 0.284
name: models.architecture.block_type=cls
training.mode=rollout
training.rollout_steps=48    avg_loss: 0.000000107083  time_per_window : 0.000960   progress : 0.295
name: models.architecture.block_type=cls
training.mode=rollout
training.rollout_steps=48    avg_loss: 0.000000102732  time_per_window : 0.000973   progress : 0.306
name: models.architecture.block_type=cls
training.mode=rollout
training.rollout_steps=48    avg_loss: 0.000000116266  time_per_window : 0.000976   progress : 0.317
name: models.architecture.block_type=cls
training.mode=rollout
training.rollout_steps=48    avg_loss: 0.000000096965  time_per_window : 0.001012   progress : 0.328
name: models.architecture.block_type=cls
training.mode=rollout
training.rollout_steps=48    avg_loss: 0.000000118385  time_per_window : 0.001025   progress : 0.339
name: models.architecture.block_type=cls
training.mode=rollout
training.rollout_steps=48    avg_loss: 0.000000080211  time_per_window : 0.000941   progress : 0.350
name: models.architecture.block_type=cls
training.mode=rollout
training.rollout_steps=48    avg_loss: 0.000000112555  time_per_window : 0.001011   progress : 0.360
name: models.architecture.block_type=cls
training.mode=rollout
training.rollout_steps=48    avg_loss: 0.000000088568  time_per_window : 0.000954   progress : 0.371
name: models.architecture.block_type=cls
training.mode=rollout
training.rollout_steps=48    avg_loss: 0.000000102600  time_per_window : 0.000987   progress : 0.382
name: models.architecture.block_type=cls
training.mode=rollout
training.rollout_steps=48    avg_loss: 0.000000104807  time_per_window : 0.000730   progress : 0.393
name: models.architecture.block_type=cls
training.mode=rollout
training.rollout_steps=48    avg_loss: 0.000000113530  time_per_window : 0.000948   progress : 0.404
name: models.architecture.block_type=cls
training.mode=rollout
training.rollout_steps=48    avg_loss: 0.000000095669  time_per_window : 0.001035   progress : 0.415
name: models.architecture.block_type=cls
training.mode=rollout
training.rollout_steps=48    avg_loss: 0.000000101871  time_per_window : 0.000996   progress : 0.426
name: models.architecture.block_type=cls
training.mode=rollout
training.rollout_steps=48    avg_loss: 0.000000095517  time_per_window : 0.000985   progress : 0.437
name: models.architecture.block_type=cls
training.mode=rollout
training.rollout_steps=48    avg_loss: 0.000000110887  time_per_window : 0.000987   progress : 0.448
name: models.architecture.block_type=cls
training.mode=rollout
training.rollout_steps=48    avg_loss: 0.000000089573  time_per_window : 0.001042   progress : 0.459
name: models.architecture.block_type=cls
training.mode=rollout
training.rollout_steps=48    avg_loss: 0.000000099624  time_per_window : 0.001047   progress : 0.470
name: models.architecture.block_type=cls
training.mode=rollout
training.rollout_steps=48    avg_loss: 0.000000110384  time_per_window : 0.001007   progress : 0.481
name: models.architecture.block_type=cls
training.mode=rollout
training.rollout_steps=48    avg_loss: 0.000000082428  time_per_window : 0.001003   progress : 0.492
name: models.architecture.block_type=cls
training.mode=rollout
training.rollout_steps=48    avg_loss: 0.000000112494  time_per_window : 0.000963   progress : 0.502
name: models.architecture.block_type=cls
training.mode=rollout
training.rollout_steps=48    avg_loss: 0.000000095317  time_per_window : 0.000986   progress : 0.513
name: models.architecture.block_type=cls
training.mode=rollout
training.rollout_steps=48    avg_loss: 0.000000079678  time_per_window : 0.001008   progress : 0.524
name: models.architecture.block_type=cls
training.mode=rollout
training.rollout_steps=48    avg_loss: 0.000000096235  time_per_window : 0.000981   progress : 0.535
name: models.architecture.block_type=cls
training.mode=rollout
training.rollout_steps=48    avg_loss: 0.000000093135  time_per_window : 0.000985   progress : 0.546/home/jdihardjo/miniconda3/envs/mavenv/lib/python3.11/site-packages/torch/_inductor/cudagraph_trees.py:2622: UserWarning: Unable to hit fast path of CUDAGraphs because outputs from a previous step still require backward. Ensure backward() is invoked or detach outputs. You may also call torch.compiler.cudagraph_mark_step_begin() before each model invocation.
  warnings.warn(
/home/jdihardjo/miniconda3/envs/mavenv/lib/python3.11/site-packages/torch/_inductor/cudagraph_trees.py:2622: UserWarning: Unable to hit fast path of CUDAGraphs because outputs from a previous step still require backward. Ensure backward() is invoked or detach outputs. You may also call torch.compiler.cudagraph_mark_step_begin() before each model invocation.
  warnings.warn(

name: models.architecture.block_type=cls
training.mode=rollout
training.rollout_steps=48    avg_loss: 0.000000087872  time_per_window : 0.000967   progress : 0.557
name: models.architecture.block_type=cls
training.mode=rollout
training.rollout_steps=48    avg_loss: 0.000000088591  time_per_window : 0.001011   progress : 0.568
name: models.architecture.block_type=cls
training.mode=rollout
training.rollout_steps=48    avg_loss: 0.000000091493  time_per_window : 0.001021   progress : 0.579
name: models.architecture.block_type=cls
training.mode=rollout
training.rollout_steps=48    avg_loss: 0.000000084467  time_per_window : 0.001022   progress : 0.590
name: models.architecture.block_type=cls
training.mode=rollout
training.rollout_steps=48    avg_loss: 0.000000087468  time_per_window : 0.000982   progress : 0.601
name: models.architecture.block_type=cls
training.mode=rollout
training.rollout_steps=48    avg_loss: 0.000000085146  time_per_window : 0.001033   progress : 0.612
name: models.architecture.block_type=cls
training.mode=rollout
training.rollout_steps=48    avg_loss: 0.000000087527  time_per_window : 0.001006   progress : 0.623
name: models.architecture.block_type=cls
training.mode=rollout
training.rollout_steps=48    avg_loss: 0.000000085299  time_per_window : 0.001073   progress : 0.634
name: models.architecture.block_type=cls
training.mode=rollout
training.rollout_steps=48    avg_loss: 0.000000085924  time_per_window : 0.001066   progress : 0.644
name: models.architecture.block_type=cls
training.mode=rollout
training.rollout_steps=48    avg_loss: 0.000000080843  time_per_window : 0.001005   progress : 0.655
name: models.architecture.block_type=cls
training.mode=rollout
training.rollout_steps=48    avg_loss: 0.000000083140  time_per_window : 0.001039   progress : 0.666
name: models.architecture.block_type=cls
training.mode=rollout
training.rollout_steps=48    avg_loss: 0.000000083436  time_per_window : 0.000992   progress : 0.677
name: models.architecture.block_type=cls
training.mode=rollout
training.rollout_steps=48    avg_loss: 0.000000075781  time_per_window : 0.001026   progress : 0.688
name: models.architecture.block_type=cls
training.mode=rollout
training.rollout_steps=48    avg_loss: 0.000000089959  time_per_window : 0.000534   progress : 0.699
name: models.architecture.block_type=cls
training.mode=rollout
training.rollout_steps=48    avg_loss: 0.000000083731  time_per_window : 0.000450   progress : 0.710
name: models.architecture.block_type=cls
training.mode=rollout
training.rollout_steps=48    avg_loss: 0.000000073679  time_per_window : 0.000874   progress : 0.721
name: models.architecture.block_type=cls
training.mode=rollout
training.rollout_steps=48    avg_loss: 0.000000081435  time_per_window : 0.001059   progress : 0.732
name: models.architecture.block_type=cls
training.mode=rollout
training.rollout_steps=48    avg_loss: 0.000000069840  time_per_window : 0.001032   progress : 0.743
name: models.architecture.block_type=cls
training.mode=rollout
training.rollout_steps=48    avg_loss: 0.000000074581  time_per_window : 0.001040   progress : 0.754
name: models.architecture.block_type=cls
training.mode=rollout
training.rollout_steps=48    avg_loss: 0.000000078858  time_per_window : 0.001008   progress : 0.765
name: models.architecture.block_type=cls
training.mode=rollout
training.rollout_steps=48    avg_loss: 0.000000077859  time_per_window : 0.001054   progress : 0.775
name: models.architecture.block_type=cls
training.mode=rollout
training.rollout_steps=48    avg_loss: 0.000000070144  time_per_window : 0.000991   progress : 0.786
name: models.architecture.block_type=cls
training.mode=rollout
training.rollout_steps=48    avg_loss: 0.000000073007  time_per_window : 0.001006   progress : 0.797
name: models.architecture.block_type=cls
training.mode=rollout
training.rollout_steps=48    avg_loss: 0.000000067119  time_per_window : 0.001041   progress : 0.808
name: models.architecture.block_type=cls
training.mode=rollout
training.rollout_steps=48    avg_loss: 0.000000070907  time_per_window : 0.001046   progress : 0.819
name: models.architecture.block_type=cls
training.mode=rollout
training.rollout_steps=48    avg_loss: 0.000000065686  time_per_window : 0.000999   progress : 0.830
name: models.architecture.block_type=cls
training.mode=rollout
training.rollout_steps=48    avg_loss: 0.000000069491  time_per_window : 0.001018   progress : 0.841
name: models.architecture.block_type=cls
training.mode=rollout
training.rollout_steps=48    avg_loss: 0.000000068954  time_per_window : 0.000992   progress : 0.852
name: models.architecture.block_type=cls
training.mode=rollout
training.rollout_steps=48    avg_loss: 0.000000069491  time_per_window : 0.001000   progress : 0.863
name: models.architecture.block_type=cls
training.mode=rollout
training.rollout_steps=48    avg_loss: 0.000000069957  time_per_window : 0.001024   progress : 0.874
name: models.architecture.block_type=cls
training.mode=rollout
training.rollout_steps=48    avg_loss: 0.000000066397  time_per_window : 0.001039   progress : 0.885
name: models.architecture.block_type=cls
training.mode=rollout
training.rollout_steps=48    avg_loss: 0.000000070149  time_per_window : 0.001038   progress : 0.896
name: models.architecture.block_type=cls
training.mode=rollout
training.rollout_steps=48    avg_loss: 0.000000056093  time_per_window : 0.000997   progress : 0.907
name: models.architecture.block_type=cls
training.mode=rollout
training.rollout_steps=48    avg_loss: 0.000000078249  time_per_window : 0.001056   progress : 0.917
name: models.architecture.block_type=cls
training.mode=rollout
training.rollout_steps=48    avg_loss: 0.000000060929  time_per_window : 0.001000   progress : 0.928
name: models.architecture.block_type=cls
training.mode=rollout
training.rollout_steps=48    avg_loss: 0.000000069369  time_per_window : 0.001003   progress : 0.939
name: models.architecture.block_type=cls
training.mode=rollout
training.rollout_steps=48    avg_loss: 0.000000065387  time_per_window : 0.001008   progress : 0.950
name: models.architecture.block_type=cls
training.mode=rollout
training.rollout_steps=48    avg_loss: 0.000000067372  time_per_window : 0.001019   progress : 0.961
name: models.architecture.block_type=cls
training.mode=rollout
training.rollout_steps=48    avg_loss: 0.000000059871  time_per_window : 0.001008   progress : 0.972
name: models.architecture.block_type=cls
training.mode=rollout
training.rollout_steps=48    avg_loss: 0.000000060051  time_per_window : 0.001050   progress : 0.983
name: models.architecture.block_type=cls
training.mode=rollout
training.rollout_steps=48    avg_loss: 0.000000060128  time_per_window : 0.000991   progress : 0.994
name: models.architecture.block_type=cls
training.mode=rollout
training.rollout_steps=48    avg_loss: 0.000000141621  time_per_window : 0.001216   progress : 0.011
name: models.architecture.block_type=cls
training.mode=rollout
training.rollout_steps=48    avg_loss: 0.000000097074  time_per_window : 0.001332   progress : 0.022
name: models.architecture.block_type=cls
training.mode=rollout
training.rollout_steps=48    avg_loss: 0.000000268220  time_per_window : 0.001258   progress : 0.033
name: models.architecture.block_type=cls
training.mode=rollout
training.rollout_steps=48    avg_loss: 0.000000067195  time_per_window : 0.001265   progress : 0.044
name: models.architecture.block_type=cls
training.mode=rollout
training.rollout_steps=48    avg_loss: 0.000000243580  time_per_window : 0.001264   progress : 0.055
name: models.architecture.block_type=cls
training.mode=rollout
training.rollout_steps=48    avg_loss: 0.000000058572  time_per_window : 0.001275   progress : 0.066
name: models.architecture.block_type=cls
training.mode=rollout
training.rollout_steps=48    avg_loss: 0.000000132265  time_per_window : 0.001282   progress : 0.076
name: models.architecture.block_type=cls
training.mode=rollout
training.rollout_steps=48    avg_loss: 0.000000116723  time_per_window : 0.001240   progress : 0.087
name: models.architecture.block_type=cls
training.mode=rollout
training.rollout_steps=48    avg_loss: 0.000000065807  time_per_window : 0.001250   progress : 0.098
name: models.architecture.block_type=cls
training.mode=rollout
training.rollout_steps=48    avg_loss: 0.000000196414  time_per_window : 0.001309   progress : 0.109
name: models.architecture.block_type=cls
training.mode=rollout
training.rollout_steps=48    avg_loss: 0.000000073041  time_per_window : 0.001258   progress : 0.120
name: models.architecture.block_type=cls
training.mode=rollout
training.rollout_steps=48    avg_loss: 0.000000070539  time_per_window : 0.001313   progress : 0.131
name: models.architecture.block_type=cls
training.mode=rollout
training.rollout_steps=48    avg_loss: 0.000000074889  time_per_window : 0.001272   progress : 0.142
name: models.architecture.block_type=cls
training.mode=rollout
training.rollout_steps=48    avg_loss: 0.000000084109  time_per_window : 0.001278   progress : 0.153
name: models.architecture.block_type=cls
training.mode=rollout
training.rollout_steps=48    avg_loss: 0.000000076546  time_per_window : 0.001300   progress : 0.164
name: models.architecture.block_type=cls
training.mode=rollout
training.rollout_steps=48    avg_loss: 0.000000113948  time_per_window : 0.001239   progress : 0.175
name: models.architecture.block_type=cls
training.mode=rollout
training.rollout_steps=48    avg_loss: 0.000000068216  time_per_window : 0.001280   progress : 0.186
name: models.architecture.block_type=cls
training.mode=rollout
training.rollout_steps=48    avg_loss: 0.000000076232  time_per_window : 0.001293   progress : 0.197
name: models.architecture.block_type=cls
training.mode=rollout
training.rollout_steps=48    avg_loss: 0.000000067547  time_per_window : 0.001244   progress : 0.208
name: models.architecture.block_type=cls
training.mode=rollout
training.rollout_steps=48    avg_loss: 0.000000097961  time_per_window : 0.001228   progress : 0.218
name: models.architecture.block_type=cls
training.mode=rollout
training.rollout_steps=48    avg_loss: 0.000000066223  time_per_window : 0.001220   progress : 0.229
name: models.architecture.block_type=cls
training.mode=rollout
training.rollout_steps=48    avg_loss: 0.000000075246  time_per_window : 0.000968   progress : 0.240
name: models.architecture.block_type=cls
training.mode=rollout
training.rollout_steps=48    avg_loss: 0.000000072867  time_per_window : 0.001316   progress : 0.251
name: models.architecture.block_type=cls
training.mode=rollout
training.rollout_steps=48    avg_loss: 0.000000073057  time_per_window : 0.001275   progress : 0.262
name: models.architecture.block_type=cls
training.mode=rollout
training.rollout_steps=48    avg_loss: 0.000000073624  time_per_window : 0.001273   progress : 0.273
name: models.architecture.block_type=cls
training.mode=rollout
training.rollout_steps=48    avg_loss: 0.000000127457  time_per_window : 0.001227   progress : 0.284
name: models.architecture.block_type=cls
training.mode=rollout
training.rollout_steps=48    avg_loss: 0.000000068878  time_per_window : 0.001246   progress : 0.295
name: models.architecture.block_type=cls
training.mode=rollout
training.rollout_steps=48    avg_loss: 0.000000066434  time_per_window : 0.001288   progress : 0.306
name: models.architecture.block_type=cls
training.mode=rollout
training.rollout_steps=48    avg_loss: 0.000000070080  time_per_window : 0.001244   progress : 0.317
name: models.architecture.block_type=cls
training.mode=rollout
training.rollout_steps=48    avg_loss: 0.000000073178  time_per_window : 0.000978   progress : 0.328
name: models.architecture.block_type=cls
training.mode=rollout
training.rollout_steps=48    avg_loss: 0.000000092359  time_per_window : 0.001228   progress : 0.339
name: models.architecture.block_type=cls
training.mode=rollout
training.rollout_steps=48    avg_loss: 0.000000071304  time_per_window : 0.001242   progress : 0.350
name: models.architecture.block_type=cls
training.mode=rollout
training.rollout_steps=48    avg_loss: 0.000000092608  time_per_window : 0.001292   progress : 0.360
name: models.architecture.block_type=cls
training.mode=rollout
training.rollout_steps=48    avg_loss: 0.000000080208  time_per_window : 0.001250   progress : 0.371
name: models.architecture.block_type=cls
training.mode=rollout
training.rollout_steps=48    avg_loss: 0.000000097474  time_per_window : 0.001279   progress : 0.382
name: models.architecture.block_type=cls
training.mode=rollout
training.rollout_steps=48    avg_loss: 0.000000081537  time_per_window : 0.001194   progress : 0.393
name: models.architecture.block_type=cls
training.mode=rollout
training.rollout_steps=48    avg_loss: 0.000000113162  time_per_window : 0.001277   progress : 0.404
name: models.architecture.block_type=cls
training.mode=rollout
training.rollout_steps=48    avg_loss: 0.000000090195  time_per_window : 0.001281   progress : 0.415
name: models.architecture.block_type=cls
training.mode=rollout
training.rollout_steps=48    avg_loss: 0.000000084333  time_per_window : 0.001248   progress : 0.426
name: models.architecture.block_type=cls
training.mode=rollout
training.rollout_steps=48    avg_loss: 0.000000102352  time_per_window : 0.001265   progress : 0.437
name: models.architecture.block_type=cls
training.mode=rollout
training.rollout_steps=48    avg_loss: 0.000000083765  time_per_window : 0.001208   progress : 0.448
name: models.architecture.block_type=cls
training.mode=rollout
training.rollout_steps=48    avg_loss: 0.000000076931  time_per_window : 0.001274   progress : 0.459
name: models.architecture.block_type=cls
training.mode=rollout
training.rollout_steps=48    avg_loss: 0.000000079516  time_per_window : 0.001289   progress : 0.470
name: models.architecture.block_type=cls
training.mode=rollout
training.rollout_steps=48    avg_loss: 0.000000078813  time_per_window : 0.001229   progress : 0.481
name: models.architecture.block_type=cls
training.mode=rollout
training.rollout_steps=48    avg_loss: 0.000000078538  time_per_window : 0.001226   progress : 0.492
name: models.architecture.block_type=cls
training.mode=rollout
training.rollout_steps=48    avg_loss: 0.000000079049  time_per_window : 0.001215   progress : 0.502
name: models.architecture.block_type=cls
training.mode=rollout
training.rollout_steps=48    avg_loss: 0.000000078902  time_per_window : 0.001259   progress : 0.513
name: models.architecture.block_type=cls
training.mode=rollout
training.rollout_steps=48    avg_loss: 0.000000070996  time_per_window : 0.001305   progress : 0.524
name: models.architecture.block_type=cls
training.mode=rollout
training.rollout_steps=48    avg_loss: 0.000000069088  time_per_window : 0.001248   progress : 0.535
name: models.architecture.block_type=cls
training.mode=rollout
training.rollout_steps=48    avg_loss: 0.000000071352  time_per_window : 0.001320   progress : 0.546
name: models.architecture.block_type=cls
training.mode=rollout
training.rollout_steps=48    avg_loss: 0.000000066139  time_per_window : 0.001245   progress : 0.557
name: models.architecture.block_type=cls
training.mode=rollout
training.rollout_steps=48    avg_loss: 0.000000067765  time_per_window : 0.001252   progress : 0.568
name: models.architecture.block_type=cls
training.mode=rollout
training.rollout_steps=48    avg_loss: 0.000000064586  time_per_window : 0.001227   progress : 0.579
name: models.architecture.block_type=cls
training.mode=rollout
training.rollout_steps=48    avg_loss: 0.000000077101  time_per_window : 0.001234   progress : 0.590
name: models.architecture.block_type=cls
training.mode=rollout
training.rollout_steps=48    avg_loss: 0.000000061891  time_per_window : 0.001226   progress : 0.601
name: models.architecture.block_type=cls
training.mode=rollout
training.rollout_steps=48    avg_loss: 0.000000067873  time_per_window : 0.001283   progress : 0.612
name: models.architecture.block_type=cls
training.mode=rollout
training.rollout_steps=48    avg_loss: 0.000000065145  time_per_window : 0.001317   progress : 0.623
name: models.architecture.block_type=cls
training.mode=rollout
training.rollout_steps=48    avg_loss: 0.000000063781  time_per_window : 0.001276   progress : 0.634
name: models.architecture.block_type=cls
training.mode=rollout
training.rollout_steps=48    avg_loss: 0.000000063194  time_per_window : 0.001246   progress : 0.644
name: models.architecture.block_type=cls
training.mode=rollout
training.rollout_steps=48    avg_loss: 0.000000061615  time_per_window : 0.001218   progress : 0.655
name: models.architecture.block_type=cls
training.mode=rollout
training.rollout_steps=48    avg_loss: 0.000000064394  time_per_window : 0.001311   progress : 0.666
name: models.architecture.block_type=cls
training.mode=rollout
training.rollout_steps=48    avg_loss: 0.000000061086  time_per_window : 0.001239   progress : 0.677
name: models.architecture.block_type=cls
training.mode=rollout
training.rollout_steps=48    avg_loss: 0.000000096563  time_per_window : 0.001213   progress : 0.688
name: models.architecture.block_type=cls
training.mode=rollout
training.rollout_steps=48    avg_loss: 0.000000054600  time_per_window : 0.001233   progress : 0.699
name: models.architecture.block_type=cls
training.mode=rollout
training.rollout_steps=48    avg_loss: 0.000000054367  time_per_window : 0.001313   progress : 0.710
name: models.architecture.block_type=cls
training.mode=rollout
training.rollout_steps=48    avg_loss: 0.000000054550  time_per_window : 0.001250   progress : 0.721
name: models.architecture.block_type=cls
training.mode=rollout
training.rollout_steps=48    avg_loss: 0.000000055808  time_per_window : 0.001270   progress : 0.732
name: models.architecture.block_type=cls
training.mode=rollout
training.rollout_steps=48    avg_loss: 0.000000053021  time_per_window : 0.001251   progress : 0.743
name: models.architecture.block_type=cls
training.mode=rollout
training.rollout_steps=48    avg_loss: 0.000000054952  time_per_window : 0.001284   progress : 0.754
name: models.architecture.block_type=cls
training.mode=rollout
training.rollout_steps=48    avg_loss: 0.000000052547  time_per_window : 0.001218   progress : 0.765
name: models.architecture.block_type=cls
training.mode=rollout
training.rollout_steps=48    avg_loss: 0.000000056898  time_per_window : 0.001306   progress : 0.775
name: models.architecture.block_type=cls
training.mode=rollout
training.rollout_steps=48    avg_loss: 0.000000054359  time_per_window : 0.001310   progress : 0.786
name: models.architecture.block_type=cls
training.mode=rollout
training.rollout_steps=48    avg_loss: 0.000000056592  time_per_window : 0.001241   progress : 0.797
name: models.architecture.block_type=cls
training.mode=rollout
training.rollout_steps=48    avg_loss: 0.000000050738  time_per_window : 0.001276   progress : 0.808
name: models.architecture.block_type=cls
training.mode=rollout
training.rollout_steps=48    avg_loss: 0.000000049538  time_per_window : 0.001263   progress : 0.819
name: models.architecture.block_type=cls
training.mode=rollout
training.rollout_steps=48    avg_loss: 0.000000049858  time_per_window : 0.001324   progress : 0.830
name: models.architecture.block_type=cls
training.mode=rollout
training.rollout_steps=48    avg_loss: 0.000000051864  time_per_window : 0.001328   progress : 0.841
name: models.architecture.block_type=cls
training.mode=rollout
training.rollout_steps=48    avg_loss: 0.000000055520  time_per_window : 0.001245   progress : 0.852
name: models.architecture.block_type=cls
training.mode=rollout
training.rollout_steps=48    avg_loss: 0.000000054471  time_per_window : 0.001274   progress : 0.863
name: models.architecture.block_type=cls
training.mode=rollout
training.rollout_steps=48    avg_loss: 0.000000049369  time_per_window : 0.001262   progress : 0.874
name: models.architecture.block_type=cls
training.mode=rollout
training.rollout_steps=48    avg_loss: 0.000000049484  time_per_window : 0.001262   progress : 0.885
name: models.architecture.block_type=cls
training.mode=rollout
training.rollout_steps=48    avg_loss: 0.000000046110  time_per_window : 0.001265   progress : 0.896
name: models.architecture.block_type=cls
training.mode=rollout
training.rollout_steps=48    avg_loss: 0.000000046711  time_per_window : 0.001303   progress : 0.907
name: models.architecture.block_type=cls
training.mode=rollout
training.rollout_steps=48    avg_loss: 0.000000049896  time_per_window : 0.001183   progress : 0.917
name: models.architecture.block_type=cls
training.mode=rollout
training.rollout_steps=48    avg_loss: 0.000000045486  time_per_window : 0.001250   progress : 0.928
name: models.architecture.block_type=cls
training.mode=rollout
training.rollout_steps=48    avg_loss: 0.000000046739  time_per_window : 0.001285   progress : 0.939
name: models.architecture.block_type=cls
training.mode=rollout
training.rollout_steps=48    avg_loss: 0.000000045169  time_per_window : 0.001219   progress : 0.950
name: models.architecture.block_type=cls
training.mode=rollout
training.rollout_steps=48    avg_loss: 0.000000045848  time_per_window : 0.001227   progress : 0.961
name: models.architecture.block_type=cls
training.mode=rollout
training.rollout_steps=48    avg_loss: 0.000000042496  time_per_window : 0.001235   progress : 0.972
name: models.architecture.block_type=cls
training.mode=rollout
training.rollout_steps=48    avg_loss: 0.000000045238  time_per_window : 0.001247   progress : 0.983
name: models.architecture.block_type=cls
training.mode=rollout
training.rollout_steps=48    avg_loss: 0.000000041288  time_per_window : 0.001235   progress : 0.994
name: models.architecture.block_type=cls
training.mode=rollout
training.rollout_steps=48    avg_loss: 0.000002556835  time_per_window : 0.001224   progress : 0.011
name: models.architecture.block_type=cls
training.mode=rollout
training.rollout_steps=48    avg_loss: 0.000000261622  time_per_window : 0.001004   progress : 0.022
name: models.architecture.block_type=cls
training.mode=rollout
training.rollout_steps=48    avg_loss: 0.000000245139  time_per_window : 0.001220   progress : 0.033
name: models.architecture.block_type=cls
training.mode=rollout
training.rollout_steps=48    avg_loss: 0.000000238827  time_per_window : 0.001269   progress : 0.044
name: models.architecture.block_type=cls
training.mode=rollout
training.rollout_steps=48    avg_loss: 0.000000221132  time_per_window : 0.001323   progress : 0.055
name: models.architecture.block_type=cls
training.mode=rollout
training.rollout_steps=48    avg_loss: 0.000000233388  time_per_window : 0.001273   progress : 0.066
name: models.architecture.block_type=cls
training.mode=rollout
training.rollout_steps=48    avg_loss: 0.000000212394  time_per_window : 0.001277   progress : 0.076
name: models.architecture.block_type=cls
training.mode=rollout
training.rollout_steps=48    avg_loss: 0.000000178056  time_per_window : 0.001302   progress : 0.087
name: models.architecture.block_type=cls
training.mode=rollout
training.rollout_steps=48    avg_loss: 0.000000200405  time_per_window : 0.001239   progress : 0.098
name: models.architecture.block_type=cls
training.mode=rollout
training.rollout_steps=48    avg_loss: 0.000000184227  time_per_window : 0.001265   progress : 0.109
name: models.architecture.block_type=cls
training.mode=rollout
training.rollout_steps=48    avg_loss: 0.000000261203  time_per_window : 0.001246   progress : 0.120
name: models.architecture.block_type=cls
training.mode=rollout
training.rollout_steps=48    avg_loss: 0.000000171109  time_per_window : 0.001293   progress : 0.131
name: models.architecture.block_type=cls
training.mode=rollout
training.rollout_steps=48    avg_loss: 0.000000173667  time_per_window : 0.000987   progress : 0.142
name: models.architecture.block_type=cls
training.mode=rollout
training.rollout_steps=48    avg_loss: 0.000000178690  time_per_window : 0.001306   progress : 0.153
name: models.architecture.block_type=cls
training.mode=rollout
training.rollout_steps=48    avg_loss: 0.000000171059  time_per_window : 0.001307   progress : 0.164
name: models.architecture.block_type=cls
training.mode=rollout
training.rollout_steps=48    avg_loss: 0.000000150549  time_per_window : 0.001272   progress : 0.175
name: models.architecture.block_type=cls
training.mode=rollout
training.rollout_steps=48    avg_loss: 0.000000154526  time_per_window : 0.001223   progress : 0.186
name: models.architecture.block_type=cls
training.mode=rollout
training.rollout_steps=48    avg_loss: 0.000000168900  time_per_window : 0.001279   progress : 0.197
name: models.architecture.block_type=cls
training.mode=rollout
training.rollout_steps=48    avg_loss: 0.000000165207  time_per_window : 0.001336   progress : 0.208
name: models.architecture.block_type=cls
training.mode=rollout
training.rollout_steps=48    avg_loss: 0.000000152438  time_per_window : 0.001242   progress : 0.218
name: models.architecture.block_type=cls
training.mode=rollout
training.rollout_steps=48    avg_loss: 0.000000150416  time_per_window : 0.001287   progress : 0.229
name: models.architecture.block_type=cls
training.mode=rollout
training.rollout_steps=48    avg_loss: 0.000000161982  time_per_window : 0.001288   progress : 0.240
name: models.architecture.block_type=cls
training.mode=rollout
training.rollout_steps=48    avg_loss: 0.000000149309  time_per_window : 0.001250   progress : 0.251
name: models.architecture.block_type=cls
training.mode=rollout
training.rollout_steps=48    avg_loss: 0.000000147633  time_per_window : 0.001242   progress : 0.262
name: models.architecture.block_type=cls
training.mode=rollout
training.rollout_steps=48    avg_loss: 0.000000144167  time_per_window : 0.001274   progress : 0.273
name: models.architecture.block_type=cls
training.mode=rollout
training.rollout_steps=48    avg_loss: 0.000000139313  time_per_window : 0.001228   progress : 0.284
name: models.architecture.block_type=cls
training.mode=rollout
training.rollout_steps=48    avg_loss: 0.000000146991  time_per_window : 0.001336   progress : 0.295
name: models.architecture.block_type=cls
training.mode=rollout
training.rollout_steps=48    avg_loss: 0.000000144195  time_per_window : 0.001314   progress : 0.306
name: models.architecture.block_type=cls
training.mode=rollout
training.rollout_steps=48    avg_loss: 0.000000142833  time_per_window : 0.001299   progress : 0.317
name: models.architecture.block_type=cls
training.mode=rollout
training.rollout_steps=48    avg_loss: 0.000000141308  time_per_window : 0.001275   progress : 0.328
name: models.architecture.block_type=cls
training.mode=rollout
training.rollout_steps=48    avg_loss: 0.000000150890  time_per_window : 0.001332   progress : 0.339
name: models.architecture.block_type=cls
training.mode=rollout
training.rollout_steps=48    avg_loss: 0.000000142256  time_per_window : 0.001321   progress : 0.350
name: models.architecture.block_type=cls
training.mode=rollout
training.rollout_steps=48    avg_loss: 0.000000140485  time_per_window : 0.001285   progress : 0.360
name: models.architecture.block_type=cls
training.mode=rollout
training.rollout_steps=48    avg_loss: 0.000000133745  time_per_window : 0.001322   progress : 0.371
name: models.architecture.block_type=cls
training.mode=rollout
training.rollout_steps=48    avg_loss: 0.000000136991  time_per_window : 0.001302   progress : 0.382
name: models.architecture.block_type=cls
training.mode=rollout
training.rollout_steps=48    avg_loss: 0.000000137657  time_per_window : 0.001262   progress : 0.393
name: models.architecture.block_type=cls
training.mode=rollout
training.rollout_steps=48    avg_loss: 0.000000135652  time_per_window : 0.001300   progress : 0.404
name: models.architecture.block_type=cls
training.mode=rollout
training.rollout_steps=48    avg_loss: 0.000000129809  time_per_window : 0.001303   progress : 0.415
name: models.architecture.block_type=cls
training.mode=rollout
training.rollout_steps=48    avg_loss: 0.000000137878  time_per_window : 0.001272   progress : 0.426
name: models.architecture.block_type=cls
training.mode=rollout
training.rollout_steps=48    avg_loss: 0.000000134453  time_per_window : 0.001324   progress : 0.437
name: models.architecture.block_type=cls
training.mode=rollout
training.rollout_steps=48    avg_loss: 0.000000138425  time_per_window : 0.001220   progress : 0.448
name: models.architecture.block_type=cls
training.mode=rollout
training.rollout_steps=48    avg_loss: 0.000000146095  time_per_window : 0.001324   progress : 0.459
name: models.architecture.block_type=cls
training.mode=rollout
training.rollout_steps=48    avg_loss: 0.000000124506  time_per_window : 0.001270   progress : 0.470
name: models.architecture.block_type=cls
training.mode=rollout
training.rollout_steps=48    avg_loss: 0.000000122686  time_per_window : 0.001271   progress : 0.481
name: models.architecture.block_type=cls
training.mode=rollout
training.rollout_steps=48    avg_loss: 0.000000152201  time_per_window : 0.001271   progress : 0.492
name: models.architecture.block_type=cls
training.mode=rollout
training.rollout_steps=48    avg_loss: 0.000000152945  time_per_window : 0.001280   progress : 0.502
name: models.architecture.block_type=cls
training.mode=rollout
training.rollout_steps=48    avg_loss: 0.000000149591  time_per_window : 0.001325   progress : 0.513
name: models.architecture.block_type=cls
training.mode=rollout
training.rollout_steps=48    avg_loss: 0.000000130072  time_per_window : 0.001297   progress : 0.524
name: models.architecture.block_type=cls
training.mode=rollout
training.rollout_steps=48    avg_loss: 0.000000138997  time_per_window : 0.001335   progress : 0.535
name: models.architecture.block_type=cls
training.mode=rollout
training.rollout_steps=48    avg_loss: 0.000000141500  time_per_window : 0.001307   progress : 0.546
name: models.architecture.block_type=cls
training.mode=rollout
training.rollout_steps=48    avg_loss: 0.000000147426  time_per_window : 0.001283   progress : 0.557
name: models.architecture.block_type=cls
training.mode=rollout
training.rollout_steps=48    avg_loss: 0.000000140632  time_per_window : 0.001275   progress : 0.568
name: models.architecture.block_type=cls
training.mode=rollout
training.rollout_steps=48    avg_loss: 0.000000141840  time_per_window : 0.001245   progress : 0.579
name: models.architecture.block_type=cls
training.mode=rollout
training.rollout_steps=48    avg_loss: 0.000000141298  time_per_window : 0.001242   progress : 0.590
name: models.architecture.block_type=cls
training.mode=rollout
training.rollout_steps=48    avg_loss: 0.000000131009  time_per_window : 0.001266   progress : 0.601
name: models.architecture.block_type=cls
training.mode=rollout
training.rollout_steps=48    avg_loss: 0.000000136036  time_per_window : 0.001330   progress : 0.612
name: models.architecture.block_type=cls
training.mode=rollout
training.rollout_steps=48    avg_loss: 0.000000139371  time_per_window : 0.001320   progress : 0.623
name: models.architecture.block_type=cls
training.mode=rollout
training.rollout_steps=48    avg_loss: 0.000000148923  time_per_window : 0.001280   progress : 0.634
name: models.architecture.block_type=cls
training.mode=rollout
training.rollout_steps=48    avg_loss: 0.000000152853  time_per_window : 0.001235   progress : 0.644
name: models.architecture.block_type=cls
training.mode=rollout
training.rollout_steps=48    avg_loss: 0.000000131410  time_per_window : 0.001277   progress : 0.655
name: models.architecture.block_type=cls
training.mode=rollout
training.rollout_steps=48    avg_loss: 0.000000139986  time_per_window : 0.001282   progress : 0.666
name: models.architecture.block_type=cls
training.mode=rollout
training.rollout_steps=48    avg_loss: 0.000000127334  time_per_window : 0.001287   progress : 0.677
name: models.architecture.block_type=cls
training.mode=rollout
training.rollout_steps=48    avg_loss: 0.000000136794  time_per_window : 0.001287   progress : 0.688
name: models.architecture.block_type=cls
training.mode=rollout
training.rollout_steps=48    avg_loss: 0.000000168475  time_per_window : 0.001222   progress : 0.699
name: models.architecture.block_type=cls
training.mode=rollout
training.rollout_steps=48    avg_loss: 0.000000129687  time_per_window : 0.001279   progress : 0.710
name: models.architecture.block_type=cls
training.mode=rollout
training.rollout_steps=48    avg_loss: 0.000000124096  time_per_window : 0.001209   progress : 0.721
name: models.architecture.block_type=cls
training.mode=rollout
training.rollout_steps=48    avg_loss: 0.000000158909  time_per_window : 0.001285   progress : 0.732
name: models.architecture.block_type=cls
training.mode=rollout
training.rollout_steps=48    avg_loss: 0.000000117711  time_per_window : 0.001290   progress : 0.743
name: models.architecture.block_type=cls
training.mode=rollout
training.rollout_steps=48    avg_loss: 0.000000130259  time_per_window : 0.001210   progress : 0.754
name: models.architecture.block_type=cls
training.mode=rollout
training.rollout_steps=48    avg_loss: 0.000000147420  time_per_window : 0.001268   progress : 0.765
name: models.architecture.block_type=cls
training.mode=rollout
training.rollout_steps=48    avg_loss: 0.000000137871  time_per_window : 0.001286   progress : 0.775
name: models.architecture.block_type=cls
training.mode=rollout
training.rollout_steps=48    avg_loss: 0.000000145038  time_per_window : 0.001287   progress : 0.786
name: models.architecture.block_type=cls
training.mode=rollout
training.rollout_steps=48    avg_loss: 0.000000136169  time_per_window : 0.001178   progress : 0.797
name: models.architecture.block_type=cls
training.mode=rollout
training.rollout_steps=48    avg_loss: 0.000000124496  time_per_window : 0.001280   progress : 0.808
name: models.architecture.block_type=cls
training.mode=rollout
training.rollout_steps=48    avg_loss: 0.000000125418  time_per_window : 0.001283   progress : 0.819
name: models.architecture.block_type=cls
training.mode=rollout
training.rollout_steps=48    avg_loss: 0.000000126187  time_per_window : 0.001288   progress : 0.830
name: models.architecture.block_type=cls
training.mode=rollout
training.rollout_steps=48    avg_loss: 0.000000145991  time_per_window : 0.001248   progress : 0.841
name: models.architecture.block_type=cls
training.mode=rollout
training.rollout_steps=48    avg_loss: 0.000000128954  time_per_window : 0.001218   progress : 0.852
name: models.architecture.block_type=cls
training.mode=rollout
training.rollout_steps=48    avg_loss: 0.000000138183  time_per_window : 0.001291   progress : 0.863
name: models.architecture.block_type=cls
training.mode=rollout
training.rollout_steps=48    avg_loss: 0.000000145755  time_per_window : 0.001280   progress : 0.874
name: models.architecture.block_type=cls
training.mode=rollout
training.rollout_steps=48    avg_loss: 0.000000125083  time_per_window : 0.001255   progress : 0.885
name: models.architecture.block_type=cls
training.mode=rollout
training.rollout_steps=48    avg_loss: 0.000000120702  time_per_window : 0.001241   progress : 0.896
name: models.architecture.block_type=cls
training.mode=rollout
training.rollout_steps=48    avg_loss: 0.000000116062  time_per_window : 0.004157   progress : 0.907
name: models.architecture.block_type=cls
training.mode=rollout
training.rollout_steps=48    avg_loss: 0.000000126647  time_per_window : 0.001342   progress : 0.917
name: models.architecture.block_type=cls
training.mode=rollout
training.rollout_steps=48    avg_loss: 0.000000122869  time_per_window : 0.001271   progress : 0.928
name: models.architecture.block_type=cls
training.mode=rollout
training.rollout_steps=48    avg_loss: 0.000000129060  time_per_window : 0.001361   progress : 0.939
name: models.architecture.block_type=cls
training.mode=rollout
training.rollout_steps=48    avg_loss: 0.000000191558  time_per_window : 0.001306   progress : 0.950
name: models.architecture.block_type=cls
training.mode=rollout
training.rollout_steps=48    avg_loss: 0.000000134083  time_per_window : 0.001315   progress : 0.961
name: models.architecture.block_type=cls
training.mode=rollout
training.rollout_steps=48    avg_loss: 0.000000128220  time_per_window : 0.001305   progress : 0.972
name: models.architecture.block_type=cls
training.mode=rollout
training.rollout_steps=48    avg_loss: 0.000000114047  time_per_window : 0.001250   progress : 0.983
name: models.architecture.block_type=cls
training.mode=rollout
training.rollout_steps=48    avg_loss: 0.000000114567  time_per_window : 0.001260   progress : 0.994
name: models.architecture.block_type=cls
training.mode=rollout
training.rollout_steps=48    avg_loss: 0.000097258875  time_per_window : 0.001333   progress : 0.011
name: models.architecture.block_type=cls
training.mode=rollout
training.rollout_steps=48    avg_loss: 0.000035757505  time_per_window : 0.001283   progress : 0.022
name: models.architecture.block_type=cls
training.mode=rollout
training.rollout_steps=48    avg_loss: 0.000027899923  time_per_window : 0.001280   progress : 0.033
name: models.architecture.block_type=cls
training.mode=rollout
training.rollout_steps=48    avg_loss: 0.000019835554  time_per_window : 0.001312   progress : 0.044
name: models.architecture.block_type=cls
training.mode=rollout
training.rollout_steps=48    avg_loss: 0.000015623127  time_per_window : 0.001273   progress : 0.055
name: models.architecture.block_type=cls
training.mode=rollout
training.rollout_steps=48    avg_loss: 0.000011085051  time_per_window : 0.001267   progress : 0.066
name: models.architecture.block_type=cls
training.mode=rollout
training.rollout_steps=48    avg_loss: 0.000010751360  time_per_window : 0.001273   progress : 0.076
name: models.architecture.block_type=cls
training.mode=rollout
training.rollout_steps=48    avg_loss: 0.000009620832  time_per_window : 0.001290   progress : 0.087
name: models.architecture.block_type=cls
training.mode=rollout
training.rollout_steps=48    avg_loss: 0.000009421450  time_per_window : 0.001318   progress : 0.098
name: models.architecture.block_type=cls
training.mode=rollout
training.rollout_steps=48    avg_loss: 0.000008355186  time_per_window : 0.001614   progress : 0.109
name: models.architecture.block_type=cls
training.mode=rollout
training.rollout_steps=48    avg_loss: 0.000007920437  time_per_window : 0.001613   progress : 0.120
name: models.architecture.block_type=cls
training.mode=rollout
training.rollout_steps=48    avg_loss: 0.000007399801  time_per_window : 0.001588   progress : 0.131
name: models.architecture.block_type=cls
training.mode=rollout
training.rollout_steps=48    avg_loss: 0.000008032280  time_per_window : 0.001652   progress : 0.142
name: models.architecture.block_type=cls
training.mode=rollout
training.rollout_steps=48    avg_loss: 0.000006868067  time_per_window : 0.001598   progress : 0.153
name: models.architecture.block_type=cls
training.mode=rollout
training.rollout_steps=48    avg_loss: 0.000006074922  time_per_window : 0.001601   progress : 0.164
name: models.architecture.block_type=cls
training.mode=rollout
training.rollout_steps=48    avg_loss: 0.000005671392  time_per_window : 0.001531   progress : 0.175
name: models.architecture.block_type=cls
training.mode=rollout
training.rollout_steps=48    avg_loss: 0.000006030924  time_per_window : 0.001672   progress : 0.186
name: models.architecture.block_type=cls
training.mode=rollout
training.rollout_steps=48    avg_loss: 0.000005821817  time_per_window : 0.001575   progress : 0.197
name: models.architecture.block_type=cls
training.mode=rollout
training.rollout_steps=48    avg_loss: 0.000005730289  time_per_window : 0.001594   progress : 0.208
name: models.architecture.block_type=cls
training.mode=rollout
training.rollout_steps=48    avg_loss: 0.000005295954  time_per_window : 0.001541   progress : 0.218
name: models.architecture.block_type=cls
training.mode=rollout
training.rollout_steps=48    avg_loss: 0.000005445818  time_per_window : 0.001552   progress : 0.229
name: models.architecture.block_type=cls
training.mode=rollout
training.rollout_steps=48    avg_loss: 0.000005529837  time_per_window : 0.001677   progress : 0.240
name: models.architecture.block_type=cls
training.mode=rollout
training.rollout_steps=48    avg_loss: 0.000004438184  time_per_window : 0.001581   progress : 0.251
name: models.architecture.block_type=cls
training.mode=rollout
training.rollout_steps=48    avg_loss: 0.000004736367  time_per_window : 0.001630   progress : 0.262
name: models.architecture.block_type=cls
training.mode=rollout
training.rollout_steps=48    avg_loss: 0.000004530052  time_per_window : 0.001606   progress : 0.273
name: models.architecture.block_type=cls
training.mode=rollout
training.rollout_steps=48    avg_loss: 0.000005192625  time_per_window : 0.001609   progress : 0.284
name: models.architecture.block_type=cls
training.mode=rollout
training.rollout_steps=48    avg_loss: 0.000005108904  time_per_window : 0.001604   progress : 0.295
name: models.architecture.block_type=cls
training.mode=rollout
training.rollout_steps=48    avg_loss: 0.000004206041  time_per_window : 0.001593   progress : 0.306
name: models.architecture.block_type=cls
training.mode=rollout
training.rollout_steps=48    avg_loss: 0.000004532834  time_per_window : 0.001592   progress : 0.317
name: models.architecture.block_type=cls
training.mode=rollout
training.rollout_steps=48    avg_loss: 0.000004375289  time_per_window : 0.001623   progress : 0.328
name: models.architecture.block_type=cls
training.mode=rollout
training.rollout_steps=48    avg_loss: 0.000004113811  time_per_window : 0.001575   progress : 0.339
name: models.architecture.block_type=cls
training.mode=rollout
training.rollout_steps=48    avg_loss: 0.000004072655  time_per_window : 0.001600   progress : 0.350
name: models.architecture.block_type=cls
training.mode=rollout
training.rollout_steps=48    avg_loss: 0.000003881125  time_per_window : 0.001655   progress : 0.360
name: models.architecture.block_type=cls
training.mode=rollout
training.rollout_steps=48    avg_loss: 0.000004415123  time_per_window : 0.001560   progress : 0.371
name: models.architecture.block_type=cls
training.mode=rollout
training.rollout_steps=48    avg_loss: 0.000003911807  time_per_window : 0.001630   progress : 0.382
name: models.architecture.block_type=cls
training.mode=rollout
training.rollout_steps=48    avg_loss: 0.000004182396  time_per_window : 0.001611   progress : 0.393
name: models.architecture.block_type=cls
training.mode=rollout
training.rollout_steps=48    avg_loss: 0.000004631034  time_per_window : 0.001516   progress : 0.404
name: models.architecture.block_type=cls
training.mode=rollout
training.rollout_steps=48    avg_loss: 0.000004140633  time_per_window : 0.001581   progress : 0.415
name: models.architecture.block_type=cls
training.mode=rollout
training.rollout_steps=48    avg_loss: 0.000003911196  time_per_window : 0.001582   progress : 0.426
name: models.architecture.block_type=cls
training.mode=rollout
training.rollout_steps=48    avg_loss: 0.000003916499  time_per_window : 0.001693   progress : 0.437
name: models.architecture.block_type=cls
training.mode=rollout
training.rollout_steps=48    avg_loss: 0.000003949928  time_per_window : 0.001605   progress : 0.448
name: models.architecture.block_type=cls
training.mode=rollout
training.rollout_steps=48    avg_loss: 0.000004160095  time_per_window : 0.001570   progress : 0.459
name: models.architecture.block_type=cls
training.mode=rollout
training.rollout_steps=48    avg_loss: 0.000003605478  time_per_window : 0.001599   progress : 0.470
name: models.architecture.block_type=cls
training.mode=rollout
training.rollout_steps=48    avg_loss: 0.000004300822  time_per_window : 0.001582   progress : 0.481
name: models.architecture.block_type=cls
training.mode=rollout
training.rollout_steps=48    avg_loss: 0.000003633997  time_per_window : 0.001660   progress : 0.492
name: models.architecture.block_type=cls
training.mode=rollout
training.rollout_steps=48    avg_loss: 0.000003789476  time_per_window : 0.001630   progress : 0.502
name: models.architecture.block_type=cls
training.mode=rollout
training.rollout_steps=48    avg_loss: 0.000003496676  time_per_window : 0.001630   progress : 0.513
name: models.architecture.block_type=cls
training.mode=rollout
training.rollout_steps=48    avg_loss: 0.000003912346  time_per_window : 0.001577   progress : 0.524
name: models.architecture.block_type=cls
training.mode=rollout
training.rollout_steps=48    avg_loss: 0.000003566815  time_per_window : 0.001574   progress : 0.535
name: models.architecture.block_type=cls
training.mode=rollout
training.rollout_steps=48    avg_loss: 0.000003978111  time_per_window : 0.001588   progress : 0.546
name: models.architecture.block_type=cls
training.mode=rollout
training.rollout_steps=48    avg_loss: 0.000004744812  time_per_window : 0.001296   progress : 0.557
name: models.architecture.block_type=cls
training.mode=rollout
training.rollout_steps=48    avg_loss: 0.000003495444  time_per_window : 0.001304   progress : 0.568
name: models.architecture.block_type=cls
training.mode=rollout
training.rollout_steps=48    avg_loss: 0.000003533482  time_per_window : 0.001366   progress : 0.579
name: models.architecture.block_type=cls
training.mode=rollout
training.rollout_steps=48    avg_loss: 0.000003838340  time_per_window : 0.001655   progress : 0.590
name: models.architecture.block_type=cls
training.mode=rollout
training.rollout_steps=48    avg_loss: 0.000005081667  time_per_window : 0.001582   progress : 0.601
name: models.architecture.block_type=cls
training.mode=rollout
training.rollout_steps=48    avg_loss: 0.000012258941  time_per_window : 0.001585   progress : 0.612
name: models.architecture.block_type=cls
training.mode=rollout
training.rollout_steps=48    avg_loss: 0.000008692975  time_per_window : 0.001315   progress : 0.623
name: models.architecture.block_type=cls
training.mode=rollout
training.rollout_steps=48    avg_loss: 0.000006363890  time_per_window : 0.001307   progress : 0.634
name: models.architecture.block_type=cls
training.mode=rollout
training.rollout_steps=48    avg_loss: 0.000006231913  time_per_window : 0.001357   progress : 0.644
name: models.architecture.block_type=cls
training.mode=rollout
training.rollout_steps=48    avg_loss: 0.000005129215  time_per_window : 0.001052   progress : 0.655
name: models.architecture.block_type=cls
training.mode=rollout
training.rollout_steps=48    avg_loss: 0.000005664783  time_per_window : 0.001308   progress : 0.666
name: models.architecture.block_type=cls
training.mode=rollout
training.rollout_steps=48    avg_loss: 0.000005969289  time_per_window : 0.001333   progress : 0.677
name: models.architecture.block_type=cls
training.mode=rollout
training.rollout_steps=48    avg_loss: 0.000004786723  time_per_window : 0.001316   progress : 0.688
name: models.architecture.block_type=cls
training.mode=rollout
training.rollout_steps=48    avg_loss: 0.000004127342  time_per_window : 0.001300   progress : 0.699
name: models.architecture.block_type=cls
training.mode=rollout
training.rollout_steps=48    avg_loss: 0.000003551771  time_per_window : 0.001312   progress : 0.710
name: models.architecture.block_type=cls
training.mode=rollout
training.rollout_steps=48    avg_loss: 0.000003226809  time_per_window : 0.001277   progress : 0.721
name: models.architecture.block_type=cls
training.mode=rollout
training.rollout_steps=48    avg_loss: 0.000003828546  time_per_window : 0.001317   progress : 0.732
name: models.architecture.block_type=cls
training.mode=rollout
training.rollout_steps=48    avg_loss: 0.000003001012  time_per_window : 0.001295   progress : 0.743
name: models.architecture.block_type=cls
training.mode=rollout
training.rollout_steps=48    avg_loss: 0.000003352692  time_per_window : 0.001259   progress : 0.754
name: models.architecture.block_type=cls
training.mode=rollout
training.rollout_steps=48    avg_loss: 0.000003704600  time_per_window : 0.001269   progress : 0.765
name: models.architecture.block_type=cls
training.mode=rollout
training.rollout_steps=48    avg_loss: 0.000003263425  time_per_window : 0.001317   progress : 0.775
name: models.architecture.block_type=cls
training.mode=rollout
training.rollout_steps=48    avg_loss: 0.000003618627  time_per_window : 0.001271   progress : 0.786
name: models.architecture.block_type=cls
training.mode=rollout
training.rollout_steps=48    avg_loss: 0.000003257579  time_per_window : 0.001306   progress : 0.797
name: models.architecture.block_type=cls
training.mode=rollout
training.rollout_steps=48    avg_loss: 0.000003186292  time_per_window : 0.001344   progress : 0.808
name: models.architecture.block_type=cls
training.mode=rollout
training.rollout_steps=48    avg_loss: 0.000003222518  time_per_window : 0.001272   progress : 0.819
name: models.architecture.block_type=cls
training.mode=rollout
training.rollout_steps=48    avg_loss: 0.000003299592  time_per_window : 0.001254   progress : 0.830
name: models.architecture.block_type=cls
training.mode=rollout
training.rollout_steps=48    avg_loss: 0.000002724632  time_per_window : 0.001310   progress : 0.841
name: models.architecture.block_type=cls
training.mode=rollout
training.rollout_steps=48    avg_loss: 0.000004144676  time_per_window : 0.001274   progress : 0.852
name: models.architecture.block_type=cls
training.mode=rollout
training.rollout_steps=48    avg_loss: 0.000002694348  time_per_window : 0.001277   progress : 0.863
name: models.architecture.block_type=cls
training.mode=rollout
training.rollout_steps=48    avg_loss: 0.000002544789  time_per_window : 0.001272   progress : 0.874
name: models.architecture.block_type=cls
training.mode=rollout
training.rollout_steps=48    avg_loss: 0.000002715464  time_per_window : 0.001261   progress : 0.885
name: models.architecture.block_type=cls
training.mode=rollout
training.rollout_steps=48    avg_loss: 0.000002515693  time_per_window : 0.001297   progress : 0.896
name: models.architecture.block_type=cls
training.mode=rollout
training.rollout_steps=48    avg_loss: 0.000003027575  time_per_window : 0.001298   progress : 0.907
name: models.architecture.block_type=cls
training.mode=rollout
training.rollout_steps=48    avg_loss: 0.000002370683  time_per_window : 0.001301   progress : 0.917
name: models.architecture.block_type=cls
training.mode=rollout
training.rollout_steps=48    avg_loss: 0.000003018435  time_per_window : 0.001305   progress : 0.928
name: models.architecture.block_type=cls
training.mode=rollout
training.rollout_steps=48    avg_loss: 0.000003056376  time_per_window : 0.001290   progress : 0.939
name: models.architecture.block_type=cls
training.mode=rollout
training.rollout_steps=48    avg_loss: 0.000002759062  time_per_window : 0.001235   progress : 0.950
name: models.architecture.block_type=cls
training.mode=rollout
training.rollout_steps=48    avg_loss: 0.000002230443  time_per_window : 0.001318   progress : 0.961
name: models.architecture.block_type=cls
training.mode=rollout
training.rollout_steps=48    avg_loss: 0.000002490282  time_per_window : 0.001272   progress : 0.972
name: models.architecture.block_type=cls
training.mode=rollout
training.rollout_steps=48    avg_loss: 0.000002494533  time_per_window : 0.001304   progress : 0.983
name: models.architecture.block_type=cls
training.mode=rollout
training.rollout_steps=48    avg_loss: 0.000002217413  time_per_window : 0.001268   progress : 0.994
name: models.architecture.block_type=cls
training.mode=rollout
training.rollout_steps=48    avg_loss: 0.000065759559  time_per_window : 0.001301   progress : 0.011
name: models.architecture.block_type=cls
training.mode=rollout
training.rollout_steps=48    avg_loss: 0.000022758975  time_per_window : 0.001001   progress : 0.022
name: models.architecture.block_type=cls
training.mode=rollout
training.rollout_steps=48    avg_loss: 0.000017301354  time_per_window : 0.001255   progress : 0.033
name: models.architecture.block_type=cls
training.mode=rollout
training.rollout_steps=48    avg_loss: 0.000012113179  time_per_window : 0.001257   progress : 0.044
name: models.architecture.block_type=cls
training.mode=rollout
training.rollout_steps=48    avg_loss: 0.000010988816  time_per_window : 0.001272   progress : 0.055
name: models.architecture.block_type=cls
training.mode=rollout
training.rollout_steps=48    avg_loss: 0.000010524316  time_per_window : 0.001297   progress : 0.066
name: models.architecture.block_type=cls
training.mode=rollout
training.rollout_steps=48    avg_loss: 0.000007578303  time_per_window : 0.001315   progress : 0.076
name: models.architecture.block_type=cls
training.mode=rollout
training.rollout_steps=48    avg_loss: 0.000007174471  time_per_window : 0.001283   progress : 0.087
name: models.architecture.block_type=cls
training.mode=rollout
training.rollout_steps=48    avg_loss: 0.000006080622  time_per_window : 0.001271   progress : 0.098
name: models.architecture.block_type=cls
training.mode=rollout
training.rollout_steps=48    avg_loss: 0.000005712975  time_per_window : 0.001287   progress : 0.109
name: models.architecture.block_type=cls
training.mode=rollout
training.rollout_steps=48    avg_loss: 0.000006043195  time_per_window : 0.001332   progress : 0.120
name: models.architecture.block_type=cls
training.mode=rollout
training.rollout_steps=48    avg_loss: 0.000004786613  time_per_window : 0.001299   progress : 0.131
name: models.architecture.block_type=cls
training.mode=rollout
training.rollout_steps=48    avg_loss: 0.000006303983  time_per_window : 0.001328   progress : 0.142
name: models.architecture.block_type=cls
training.mode=rollout
training.rollout_steps=48    avg_loss: 0.000005990627  time_per_window : 0.000915   progress : 0.153
name: models.architecture.block_type=cls
training.mode=rollout
training.rollout_steps=48    avg_loss: 0.000004954729  time_per_window : 0.000867   progress : 0.164
name: models.architecture.block_type=cls
training.mode=rollout
training.rollout_steps=48    avg_loss: 0.000004959330  time_per_window : 0.001318   progress : 0.175
name: models.architecture.block_type=cls
training.mode=rollout
training.rollout_steps=48    avg_loss: 0.000005294470  time_per_window : 0.001331   progress : 0.186
name: models.architecture.block_type=cls
training.mode=rollout
training.rollout_steps=48    avg_loss: 0.000005138816  time_per_window : 0.001354   progress : 0.197
name: models.architecture.block_type=cls
training.mode=rollout
training.rollout_steps=48    avg_loss: 0.000004601981  time_per_window : 0.001261   progress : 0.208
name: models.architecture.block_type=cls
training.mode=rollout
training.rollout_steps=48    avg_loss: 0.000004416890  time_per_window : 0.001250   progress : 0.218
name: models.architecture.block_type=cls
training.mode=rollout
training.rollout_steps=48    avg_loss: 0.000004141275  time_per_window : 0.001272   progress : 0.229
name: models.architecture.block_type=cls
training.mode=rollout
training.rollout_steps=48    avg_loss: 0.000004720391  time_per_window : 0.001291   progress : 0.240
name: models.architecture.block_type=cls
training.mode=rollout
training.rollout_steps=48    avg_loss: 0.000004045069  time_per_window : 0.001283   progress : 0.251
name: models.architecture.block_type=cls
training.mode=rollout
training.rollout_steps=48    avg_loss: 0.000003896680  time_per_window : 0.001262   progress : 0.262
name: models.architecture.block_type=cls
training.mode=rollout
training.rollout_steps=48    avg_loss: 0.000004908954  time_per_window : 0.001273   progress : 0.273
name: models.architecture.block_type=cls
training.mode=rollout
training.rollout_steps=48    avg_loss: 0.000003991780  time_per_window : 0.001336   progress : 0.284
name: models.architecture.block_type=cls
training.mode=rollout
training.rollout_steps=48    avg_loss: 0.000004357672  time_per_window : 0.001301   progress : 0.295
name: models.architecture.block_type=cls
training.mode=rollout
training.rollout_steps=48    avg_loss: 0.000003146753  time_per_window : 0.001305   progress : 0.306
name: models.architecture.block_type=cls
training.mode=rollout
training.rollout_steps=48    avg_loss: 0.000003655461  time_per_window : 0.001284   progress : 0.317
name: models.architecture.block_type=cls
training.mode=rollout
training.rollout_steps=48    avg_loss: 0.000003344060  time_per_window : 0.001296   progress : 0.328
name: models.architecture.block_type=cls
training.mode=rollout
training.rollout_steps=48    avg_loss: 0.000004091070  time_per_window : 0.001346   progress : 0.339
name: models.architecture.block_type=cls
training.mode=rollout
training.rollout_steps=48    avg_loss: 0.000003910844  time_per_window : 0.001270   progress : 0.350
name: models.architecture.block_type=cls
training.mode=rollout
training.rollout_steps=48    avg_loss: 0.000003273722  time_per_window : 0.001279   progress : 0.360
name: models.architecture.block_type=cls
training.mode=rollout
training.rollout_steps=48    avg_loss: 0.000003556644  time_per_window : 0.001294   progress : 0.371
name: models.architecture.block_type=cls
training.mode=rollout
training.rollout_steps=48    avg_loss: 0.000003531383  time_per_window : 0.001300   progress : 0.382
name: models.architecture.block_type=cls
training.mode=rollout
training.rollout_steps=48    avg_loss: 0.000004340670  time_per_window : 0.001332   progress : 0.393
name: models.architecture.block_type=cls
training.mode=rollout
training.rollout_steps=48    avg_loss: 0.000003377885  time_per_window : 0.001288   progress : 0.404
name: models.architecture.block_type=cls
training.mode=rollout
training.rollout_steps=48    avg_loss: 0.000003616354  time_per_window : 0.001335   progress : 0.415
name: models.architecture.block_type=cls
training.mode=rollout
training.rollout_steps=48    avg_loss: 0.000004556487  time_per_window : 0.001317   progress : 0.426
name: models.architecture.block_type=cls
training.mode=rollout
training.rollout_steps=48    avg_loss: 0.000003259310  time_per_window : 0.001301   progress : 0.437
name: models.architecture.block_type=cls
training.mode=rollout
training.rollout_steps=48    avg_loss: 0.000004398834  time_per_window : 0.001301   progress : 0.448
name: models.architecture.block_type=cls
training.mode=rollout
training.rollout_steps=48    avg_loss: 0.000002787367  time_per_window : 0.001273   progress : 0.459
name: models.architecture.block_type=cls
training.mode=rollout
training.rollout_steps=48    avg_loss: 0.000002919544  time_per_window : 0.001261   progress : 0.470
name: models.architecture.block_type=cls
training.mode=rollout
training.rollout_steps=48    avg_loss: 0.000002523375  time_per_window : 0.001324   progress : 0.481
name: models.architecture.block_type=cls
training.mode=rollout
training.rollout_steps=48    avg_loss: 0.000002946554  time_per_window : 0.001294   progress : 0.492
name: models.architecture.block_type=cls
training.mode=rollout
training.rollout_steps=48    avg_loss: 0.000003478526  time_per_window : 0.001290   progress : 0.502
name: models.architecture.block_type=cls
training.mode=rollout
training.rollout_steps=48    avg_loss: 0.000002567236  time_per_window : 0.001320   progress : 0.513
name: models.architecture.block_type=cls
training.mode=rollout
training.rollout_steps=48    avg_loss: 0.000008866635  time_per_window : 0.001271   progress : 0.524
name: models.architecture.block_type=cls
training.mode=rollout
training.rollout_steps=48    avg_loss: 0.000003338629  time_per_window : 0.001296   progress : 0.535
name: models.architecture.block_type=cls
training.mode=rollout
training.rollout_steps=48    avg_loss: 0.000003077087  time_per_window : 0.001272   progress : 0.546
name: models.architecture.block_type=cls
training.mode=rollout
training.rollout_steps=48    avg_loss: 0.000003044074  time_per_window : 0.000982   progress : 0.557
name: models.architecture.block_type=cls
training.mode=rollout
training.rollout_steps=48    avg_loss: 0.000002425340  time_per_window : 0.000994   progress : 0.568
name: models.architecture.block_type=cls
training.mode=rollout
training.rollout_steps=48    avg_loss: 0.000002489172  time_per_window : 0.001348   progress : 0.579
name: models.architecture.block_type=cls
training.mode=rollout
training.rollout_steps=48    avg_loss: 0.000003055920  time_per_window : 0.001301   progress : 0.590
name: models.architecture.block_type=cls
training.mode=rollout
training.rollout_steps=48    avg_loss: 0.000002693130  time_per_window : 0.001334   progress : 0.601
name: models.architecture.block_type=cls
training.mode=rollout
training.rollout_steps=48    avg_loss: 0.000002932115  time_per_window : 0.001267   progress : 0.612
name: models.architecture.block_type=cls
training.mode=rollout
training.rollout_steps=48    avg_loss: 0.000002380842  time_per_window : 0.001337   progress : 0.623
name: models.architecture.block_type=cls
training.mode=rollout
training.rollout_steps=48    avg_loss: 0.000004046581  time_per_window : 0.001357   progress : 0.634
name: models.architecture.block_type=cls
training.mode=rollout
training.rollout_steps=48    avg_loss: 0.000003493468  time_per_window : 0.001324   progress : 0.644
name: models.architecture.block_type=cls
training.mode=rollout
training.rollout_steps=48    avg_loss: 0.000002358889  time_per_window : 0.001299   progress : 0.655
name: models.architecture.block_type=cls
training.mode=rollout
training.rollout_steps=48    avg_loss: 0.000003195860  time_per_window : 0.001306   progress : 0.666
name: models.architecture.block_type=cls
training.mode=rollout
training.rollout_steps=48    avg_loss: 0.000002525002  time_per_window : 0.001330   progress : 0.677
name: models.architecture.block_type=cls
training.mode=rollout
training.rollout_steps=48    avg_loss: 0.000004191707  time_per_window : 0.001347   progress : 0.688
name: models.architecture.block_type=cls
training.mode=rollout
training.rollout_steps=48    avg_loss: 0.000002605515  time_per_window : 0.001332   progress : 0.699
name: models.architecture.block_type=cls
training.mode=rollout
training.rollout_steps=48    avg_loss: 0.000002558436  time_per_window : 0.001342   progress : 0.710
name: models.architecture.block_type=cls
training.mode=rollout
training.rollout_steps=48    avg_loss: 0.000002360119  time_per_window : 0.001260   progress : 0.721
name: models.architecture.block_type=cls
training.mode=rollout
training.rollout_steps=48    avg_loss: 0.000002498298  time_per_window : 0.001297   progress : 0.732
name: models.architecture.block_type=cls
training.mode=rollout
training.rollout_steps=48    avg_loss: 0.000002603058  time_per_window : 0.001340   progress : 0.743
name: models.architecture.block_type=cls
training.mode=rollout
training.rollout_steps=48    avg_loss: 0.000002519393  time_per_window : 0.001312   progress : 0.754
name: models.architecture.block_type=cls
training.mode=rollout
training.rollout_steps=48    avg_loss: 0.000006641143  time_per_window : 0.001346   progress : 0.765
name: models.architecture.block_type=cls
training.mode=rollout
training.rollout_steps=48    avg_loss: 0.000002934922  time_per_window : 0.001283   progress : 0.775
name: models.architecture.block_type=cls
training.mode=rollout
training.rollout_steps=48    avg_loss: 0.000002295771  time_per_window : 0.001255   progress : 0.786
name: models.architecture.block_type=cls
training.mode=rollout
training.rollout_steps=48    avg_loss: 0.000002286274  time_per_window : 0.001320   progress : 0.797
name: models.architecture.block_type=cls
training.mode=rollout
training.rollout_steps=48    avg_loss: 0.000002207058  time_per_window : 0.001359   progress : 0.808
name: models.architecture.block_type=cls
training.mode=rollout
training.rollout_steps=48    avg_loss: 0.000002437505  time_per_window : 0.001273   progress : 0.819
name: models.architecture.block_type=cls
training.mode=rollout
training.rollout_steps=48    avg_loss: 0.000001942824  time_per_window : 0.001348   progress : 0.830
name: models.architecture.block_type=cls
training.mode=rollout
training.rollout_steps=48    avg_loss: 0.000002078069  time_per_window : 0.001324   progress : 0.841
name: models.architecture.block_type=cls
training.mode=rollout
training.rollout_steps=48    avg_loss: 0.000002297471  time_per_window : 0.001365   progress : 0.852
name: models.architecture.block_type=cls
training.mode=rollout
training.rollout_steps=48    avg_loss: 0.000002497373  time_per_window : 0.001340   progress : 0.863
name: models.architecture.block_type=cls
training.mode=rollout
training.rollout_steps=48    avg_loss: 0.000001870437  time_per_window : 0.001321   progress : 0.874
name: models.architecture.block_type=cls
training.mode=rollout
training.rollout_steps=48    avg_loss: 0.000004007201  time_per_window : 0.001275   progress : 0.885
name: models.architecture.block_type=cls
training.mode=rollout
training.rollout_steps=48    avg_loss: 0.000002163960  time_per_window : 0.001345   progress : 0.896
name: models.architecture.block_type=cls
training.mode=rollout
training.rollout_steps=48    avg_loss: 0.000001932587  time_per_window : 0.001344   progress : 0.907
name: models.architecture.block_type=cls
training.mode=rollout
training.rollout_steps=48    avg_loss: 0.000002464424  time_per_window : 0.001320   progress : 0.917
name: models.architecture.block_type=cls
training.mode=rollout
training.rollout_steps=48    avg_loss: 0.000002055390  time_per_window : 0.001297   progress : 0.928
name: models.architecture.block_type=cls
training.mode=rollout
training.rollout_steps=48    avg_loss: 0.000002020594  time_per_window : 0.001335   progress : 0.939
name: models.architecture.block_type=cls
training.mode=rollout
training.rollout_steps=48    avg_loss: 0.000003441101  time_per_window : 0.001344   progress : 0.950
name: models.architecture.block_type=cls
training.mode=rollout
training.rollout_steps=48    avg_loss: 0.000002235859  time_per_window : 0.001332   progress : 0.961
name: models.architecture.block_type=cls
training.mode=rollout
training.rollout_steps=48    avg_loss: 0.000002040081  time_per_window : 0.001341   progress : 0.972
name: models.architecture.block_type=cls
training.mode=rollout
training.rollout_steps=48    avg_loss: 0.000002948798  time_per_window : 0.001337   progress : 0.983
name: models.architecture.block_type=cls
training.mode=rollout
training.rollout_steps=48    avg_loss: 0.000001817344  time_per_window : 0.001275   progress : 0.994
DONE!!!
