/home/jdihardjo/miniconda3/envs/mavenv/lib/python3.11/site-packages/hydra/_internal/defaults_list.py:251: UserWarning: In 'config': Defaults list is missing `_self_`. See https://hydra.cc/docs/1.2/upgrades/1.0_to_1.1/default_composition_order for more information
  warnings.warn(msg, UserWarning)
Using cuda:1 device
[2026-07-22 20:01:08,568][HYDRA] Joblib.Parallel(n_jobs=4,backend=loky,prefer=processes,require=None,verbose=0,timeout=None,pre_dispatch=2*n_jobs,batch_size=auto,temp_folder=None,max_nbytes=None,mmap_mode=r) is launching 1 jobs
[2026-07-22 20:01:08,568][HYDRA] Launching jobs, sweep output dir : ablation_runs/2026-07-22_20-01-02/cls_mamba_short_rollout
[2026-07-22 20:01:08,568][HYDRA] 	#0 : models.architecture.block_type=cls training.mode=rollout training.rollout_steps=16
/home/jdihardjo/miniconda3/envs/mavenv/lib/python3.11/site-packages/hydra/_internal/defaults_list.py:251: UserWarning: In 'config': Defaults list is missing `_self_`. See https://hydra.cc/docs/1.2/upgrades/1.0_to_1.1/default_composition_order for more information
  warnings.warn(msg, UserWarning)
models:
  n_dim: 23
  out_dim: 10
  architecture:
    d_model: 128
    n_encoder_layers: 2
    n_decoder_layers: 0
    block_type: cls
    time_adapter: last_token
    in_norm: none
    out_norm: none
    layer_scale: 0.0001
    drop_path: 0.05
    mamba_type: mamba
    mamba_kwargs:
      d_state: 16
      d_conv: 2
      expand: 2
      norm: rms
    skip: false
    cls_kwargs:
      n_heads: 2
      n_mlp: 2
      positional_encoding: false
      max_len: 5000
input_len: 64
output_len: 1
batch_size: 128
epochs: 5
seed: 0
dataset:
  path: /home/jdihardjo/simdata/train.zarr/
  training_size: 1500000
evaluation:
  path: /home/jdihardjo/simdata/evaluation.zarr/
  evaluation_size: 50
training:
  mode: rollout
  lr: 0.0002
  weight_decay: 0.1
  rollout_steps: 16
checkpoint:
  save_path: hydra-test.pth
  load: false
  path: hydra-test.pth
compile: true

/home/jdihardjo/miniconda3/envs/mavenv/lib/python3.11/site-packages/torch/_inductor/cudagraph_trees.py:2622: UserWarning: Unable to hit fast path of CUDAGraphs because outputs from a previous step still require backward. Ensure backward() is invoked or detach outputs. You may also call torch.compiler.cudagraph_mark_step_begin() before each model invocation.
  warnings.warn(
name: models.architecture.block_type=cls
training.mode=rollout
training.rollout_steps=16    avg_loss: 0.000291258184  time_per_window : 0.000233   progress : 0.011
name: models.architecture.block_type=cls
training.mode=rollout
training.rollout_steps=16    avg_loss: 0.000000694449  time_per_window : 0.000379   progress : 0.022
name: models.architecture.block_type=cls
training.mode=rollout
training.rollout_steps=16    avg_loss: 0.000000384256  time_per_window : 0.000362   progress : 0.033
name: models.architecture.block_type=cls
training.mode=rollout
training.rollout_steps=16    avg_loss: 0.000000262391  time_per_window : 0.000377   progress : 0.044
name: models.architecture.block_type=cls
training.mode=rollout
training.rollout_steps=16    avg_loss: 0.000000198493  time_per_window : 0.000383   progress : 0.055
name: models.architecture.block_type=cls
training.mode=rollout
training.rollout_steps=16    avg_loss: 0.000000165695  time_per_window : 0.000384   progress : 0.066
name: models.architecture.block_type=cls
training.mode=rollout
training.rollout_steps=16    avg_loss: 0.000000144903  time_per_window : 0.000373   progress : 0.076
name: models.architecture.block_type=cls
training.mode=rollout
training.rollout_steps=16    avg_loss: 0.000000132490  time_per_window : 0.000392   progress : 0.087
name: models.architecture.block_type=cls
training.mode=rollout
training.rollout_steps=16    avg_loss: 0.000000122594  time_per_window : 0.000362   progress : 0.098
name: models.architecture.block_type=cls
training.mode=rollout
training.rollout_steps=16    avg_loss: 0.000000119706  time_per_window : 0.000388   progress : 0.109
name: models.architecture.block_type=cls
training.mode=rollout
training.rollout_steps=16    avg_loss: 0.000000112300  time_per_window : 0.000406   progress : 0.120
name: models.architecture.block_type=cls
training.mode=rollout
training.rollout_steps=16    avg_loss: 0.000000105623  time_per_window : 0.000405   progress : 0.131
name: models.architecture.block_type=cls
training.mode=rollout
training.rollout_steps=16    avg_loss: 0.000000100161  time_per_window : 0.000388   progress : 0.142
name: models.architecture.block_type=cls
training.mode=rollout
training.rollout_steps=16    avg_loss: 0.000000097229  time_per_window : 0.000390   progress : 0.153
name: models.architecture.block_type=cls
training.mode=rollout
training.rollout_steps=16    avg_loss: 0.000000092387  time_per_window : 0.000388   progress : 0.164
name: models.architecture.block_type=cls
training.mode=rollout
training.rollout_steps=16    avg_loss: 0.000000088716  time_per_window : 0.000370   progress : 0.175
name: models.architecture.block_type=cls
training.mode=rollout
training.rollout_steps=16    avg_loss: 0.000000086156  time_per_window : 0.000382   progress : 0.186
name: models.architecture.block_type=cls
training.mode=rollout
training.rollout_steps=16    avg_loss: 0.000000081971  time_per_window : 0.000380   progress : 0.197
name: models.architecture.block_type=cls
training.mode=rollout
training.rollout_steps=16    avg_loss: 0.000000077308  time_per_window : 0.000339   progress : 0.208
name: models.architecture.block_type=cls
training.mode=rollout
training.rollout_steps=16    avg_loss: 0.000000074487  time_per_window : 0.000389   progress : 0.218
name: models.architecture.block_type=cls
training.mode=rollout
training.rollout_steps=16    avg_loss: 0.000000073307  time_per_window : 0.000360   progress : 0.229
name: models.architecture.block_type=cls
training.mode=rollout
training.rollout_steps=16    avg_loss: 0.000000072003  time_per_window : 0.000379   progress : 0.240
name: models.architecture.block_type=cls
training.mode=rollout
training.rollout_steps=16    avg_loss: 0.000000069439  time_per_window : 0.000363   progress : 0.251
name: models.architecture.block_type=cls
training.mode=rollout
training.rollout_steps=16    avg_loss: 0.000000064199  time_per_window : 0.000382   progress : 0.262
name: models.architecture.block_type=cls
training.mode=rollout
training.rollout_steps=16    avg_loss: 0.000000063542  time_per_window : 0.000407   progress : 0.273
name: models.architecture.block_type=cls
training.mode=rollout
training.rollout_steps=16    avg_loss: 0.000000063190  time_per_window : 0.000367   progress : 0.284
name: models.architecture.block_type=cls
training.mode=rollout
training.rollout_steps=16    avg_loss: 0.000000062987  time_per_window : 0.000368   progress : 0.295
name: models.architecture.block_type=cls
training.mode=rollout
training.rollout_steps=16    avg_loss: 0.000000060559  time_per_window : 0.000308   progress : 0.306
name: models.architecture.block_type=cls
training.mode=rollout
training.rollout_steps=16    avg_loss: 0.000000058968  time_per_window : 0.000361   progress : 0.317
name: models.architecture.block_type=cls
training.mode=rollout
training.rollout_steps=16    avg_loss: 0.000000058725  time_per_window : 0.000344   progress : 0.328
name: models.architecture.block_type=cls
training.mode=rollout
training.rollout_steps=16    avg_loss: 0.000000061352  time_per_window : 0.000403   progress : 0.339
name: models.architecture.block_type=cls
training.mode=rollout
training.rollout_steps=16    avg_loss: 0.000000077892  time_per_window : 0.000382   progress : 0.350
name: models.architecture.block_type=cls
training.mode=rollout
training.rollout_steps=16    avg_loss: 0.000000068241  time_per_window : 0.000384   progress : 0.360
name: models.architecture.block_type=cls
training.mode=rollout
training.rollout_steps=16    avg_loss: 0.000000075527  time_per_window : 0.000344   progress : 0.371
name: models.architecture.block_type=cls
training.mode=rollout
training.rollout_steps=16    avg_loss: 0.000000076730  time_per_window : 0.000355   progress : 0.382
name: models.architecture.block_type=cls
training.mode=rollout
training.rollout_steps=16    avg_loss: 0.000000072665  time_per_window : 0.000403   progress : 0.393
name: models.architecture.block_type=cls
training.mode=rollout
training.rollout_steps=16    avg_loss: 0.000000094047  time_per_window : 0.000368   progress : 0.404
name: models.architecture.block_type=cls
training.mode=rollout
training.rollout_steps=16    avg_loss: 0.000000071321  time_per_window : 0.000357   progress : 0.415
name: models.architecture.block_type=cls
training.mode=rollout
training.rollout_steps=16    avg_loss: 0.000000085221  time_per_window : 0.000405   progress : 0.426
name: models.architecture.block_type=cls
training.mode=rollout
training.rollout_steps=16    avg_loss: 0.000000077128  time_per_window : 0.000340   progress : 0.437
name: models.architecture.block_type=cls
training.mode=rollout
training.rollout_steps=16    avg_loss: 0.000000095456  time_per_window : 0.000406   progress : 0.448
name: models.architecture.block_type=cls
training.mode=rollout
training.rollout_steps=16    avg_loss: 0.000000078478  time_per_window : 0.000405   progress : 0.459
name: models.architecture.block_type=cls
training.mode=rollout
training.rollout_steps=16    avg_loss: 0.000000079748  time_per_window : 0.000353   progress : 0.470
name: models.architecture.block_type=cls
training.mode=rollout
training.rollout_steps=16    avg_loss: 0.000000082258  time_per_window : 0.000405   progress : 0.481
name: models.architecture.block_type=cls
training.mode=rollout
training.rollout_steps=16    avg_loss: 0.000000096369  time_per_window : 0.000384   progress : 0.492
name: models.architecture.block_type=cls
training.mode=rollout
training.rollout_steps=16    avg_loss: 0.000000099375  time_per_window : 0.000359   progress : 0.502
name: models.architecture.block_type=cls
training.mode=rollout
training.rollout_steps=16    avg_loss: 0.000000093517  time_per_window : 0.000342   progress : 0.513
name: models.architecture.block_type=cls
training.mode=rollout
training.rollout_steps=16    avg_loss: 0.000000085301  time_per_window : 0.000384   progress : 0.524
name: models.architecture.block_type=cls
training.mode=rollout
training.rollout_steps=16    avg_loss: 0.000000077388  time_per_window : 0.000389   progress : 0.535
name: models.architecture.block_type=cls
training.mode=rollout
training.rollout_steps=16    avg_loss: 0.000000091723  time_per_window : 0.000368   progress : 0.546/home/jdihardjo/miniconda3/envs/mavenv/lib/python3.11/site-packages/torch/_inductor/cudagraph_trees.py:2622: UserWarning: Unable to hit fast path of CUDAGraphs because outputs from a previous step still require backward. Ensure backward() is invoked or detach outputs. You may also call torch.compiler.cudagraph_mark_step_begin() before each model invocation.
  warnings.warn(
/home/jdihardjo/miniconda3/envs/mavenv/lib/python3.11/site-packages/torch/_inductor/cudagraph_trees.py:2622: UserWarning: Unable to hit fast path of CUDAGraphs because outputs from a previous step still require backward. Ensure backward() is invoked or detach outputs. You may also call torch.compiler.cudagraph_mark_step_begin() before each model invocation.
  warnings.warn(

name: models.architecture.block_type=cls
training.mode=rollout
training.rollout_steps=16    avg_loss: 0.000000097180  time_per_window : 0.000389   progress : 0.557
name: models.architecture.block_type=cls
training.mode=rollout
training.rollout_steps=16    avg_loss: 0.000000085003  time_per_window : 0.000347   progress : 0.568
name: models.architecture.block_type=cls
training.mode=rollout
training.rollout_steps=16    avg_loss: 0.000000087821  time_per_window : 0.000352   progress : 0.579
name: models.architecture.block_type=cls
training.mode=rollout
training.rollout_steps=16    avg_loss: 0.000000081474  time_per_window : 0.000399   progress : 0.590
name: models.architecture.block_type=cls
training.mode=rollout
training.rollout_steps=16    avg_loss: 0.000000083607  time_per_window : 0.000355   progress : 0.601
name: models.architecture.block_type=cls
training.mode=rollout
training.rollout_steps=16    avg_loss: 0.000000089626  time_per_window : 0.000376   progress : 0.612
name: models.architecture.block_type=cls
training.mode=rollout
training.rollout_steps=16    avg_loss: 0.000000085077  time_per_window : 0.000369   progress : 0.623
name: models.architecture.block_type=cls
training.mode=rollout
training.rollout_steps=16    avg_loss: 0.000000085742  time_per_window : 0.000407   progress : 0.634
name: models.architecture.block_type=cls
training.mode=rollout
training.rollout_steps=16    avg_loss: 0.000000091689  time_per_window : 0.000388   progress : 0.644
name: models.architecture.block_type=cls
training.mode=rollout
training.rollout_steps=16    avg_loss: 0.000000076815  time_per_window : 0.000340   progress : 0.655
name: models.architecture.block_type=cls
training.mode=rollout
training.rollout_steps=16    avg_loss: 0.000000076666  time_per_window : 0.000353   progress : 0.666
name: models.architecture.block_type=cls
training.mode=rollout
training.rollout_steps=16    avg_loss: 0.000000088486  time_per_window : 0.000353   progress : 0.677
name: models.architecture.block_type=cls
training.mode=rollout
training.rollout_steps=16    avg_loss: 0.000000089387  time_per_window : 0.000403   progress : 0.688
name: models.architecture.block_type=cls
training.mode=rollout
training.rollout_steps=16    avg_loss: 0.000000099737  time_per_window : 0.000343   progress : 0.699
name: models.architecture.block_type=cls
training.mode=rollout
training.rollout_steps=16    avg_loss: 0.000000084125  time_per_window : 0.000341   progress : 0.710
name: models.architecture.block_type=cls
training.mode=rollout
training.rollout_steps=16    avg_loss: 0.000000075834  time_per_window : 0.000365   progress : 0.721
name: models.architecture.block_type=cls
training.mode=rollout
training.rollout_steps=16    avg_loss: 0.000000081055  time_per_window : 0.000342   progress : 0.732
name: models.architecture.block_type=cls
training.mode=rollout
training.rollout_steps=16    avg_loss: 0.000000073240  time_per_window : 0.000381   progress : 0.743
name: models.architecture.block_type=cls
training.mode=rollout
training.rollout_steps=16    avg_loss: 0.000000075447  time_per_window : 0.000350   progress : 0.754
name: models.architecture.block_type=cls
training.mode=rollout
training.rollout_steps=16    avg_loss: 0.000000080250  time_per_window : 0.000324   progress : 0.765
name: models.architecture.block_type=cls
training.mode=rollout
training.rollout_steps=16    avg_loss: 0.000000083762  time_per_window : 0.000369   progress : 0.775
name: models.architecture.block_type=cls
training.mode=rollout
training.rollout_steps=16    avg_loss: 0.000000081543  time_per_window : 0.000365   progress : 0.786
name: models.architecture.block_type=cls
training.mode=rollout
training.rollout_steps=16    avg_loss: 0.000000080088  time_per_window : 0.000347   progress : 0.797
name: models.architecture.block_type=cls
training.mode=rollout
training.rollout_steps=16    avg_loss: 0.000000063248  time_per_window : 0.000362   progress : 0.808
name: models.architecture.block_type=cls
training.mode=rollout
training.rollout_steps=16    avg_loss: 0.000000069067  time_per_window : 0.000337   progress : 0.819
name: models.architecture.block_type=cls
training.mode=rollout
training.rollout_steps=16    avg_loss: 0.000000075459  time_per_window : 0.000357   progress : 0.830
name: models.architecture.block_type=cls
training.mode=rollout
training.rollout_steps=16    avg_loss: 0.000000072728  time_per_window : 0.000358   progress : 0.841
name: models.architecture.block_type=cls
training.mode=rollout
training.rollout_steps=16    avg_loss: 0.000000073623  time_per_window : 0.000378   progress : 0.852
name: models.architecture.block_type=cls
training.mode=rollout
training.rollout_steps=16    avg_loss: 0.000000082669  time_per_window : 0.000363   progress : 0.863
name: models.architecture.block_type=cls
training.mode=rollout
training.rollout_steps=16    avg_loss: 0.000000070600  time_per_window : 0.000382   progress : 0.874
name: models.architecture.block_type=cls
training.mode=rollout
training.rollout_steps=16    avg_loss: 0.000000068704  time_per_window : 0.000367   progress : 0.885
name: models.architecture.block_type=cls
training.mode=rollout
training.rollout_steps=16    avg_loss: 0.000000068531  time_per_window : 0.000350   progress : 0.896
name: models.architecture.block_type=cls
training.mode=rollout
training.rollout_steps=16    avg_loss: 0.000000063095  time_per_window : 0.000361   progress : 0.907
name: models.architecture.block_type=cls
training.mode=rollout
training.rollout_steps=16    avg_loss: 0.000000079576  time_per_window : 0.000355   progress : 0.917
name: models.architecture.block_type=cls
training.mode=rollout
training.rollout_steps=16    avg_loss: 0.000000059340  time_per_window : 0.000403   progress : 0.928
name: models.architecture.block_type=cls
training.mode=rollout
training.rollout_steps=16    avg_loss: 0.000000071566  time_per_window : 0.000406   progress : 0.939
name: models.architecture.block_type=cls
training.mode=rollout
training.rollout_steps=16    avg_loss: 0.000000064724  time_per_window : 0.000379   progress : 0.950
name: models.architecture.block_type=cls
training.mode=rollout
training.rollout_steps=16    avg_loss: 0.000000069057  time_per_window : 0.000377   progress : 0.961
name: models.architecture.block_type=cls
training.mode=rollout
training.rollout_steps=16    avg_loss: 0.000000064798  time_per_window : 0.000405   progress : 0.972
name: models.architecture.block_type=cls
training.mode=rollout
training.rollout_steps=16    avg_loss: 0.000000067827  time_per_window : 0.000404   progress : 0.983
name: models.architecture.block_type=cls
training.mode=rollout
training.rollout_steps=16    avg_loss: 0.000000060560  time_per_window : 0.000388   progress : 0.994
name: models.architecture.block_type=cls
training.mode=rollout
training.rollout_steps=16    avg_loss: 0.000000174912  time_per_window : 0.000481   progress : 0.011
name: models.architecture.block_type=cls
training.mode=rollout
training.rollout_steps=16    avg_loss: 0.000000064706  time_per_window : 0.000452   progress : 0.022
name: models.architecture.block_type=cls
training.mode=rollout
training.rollout_steps=16    avg_loss: 0.000000071007  time_per_window : 0.000415   progress : 0.033
name: models.architecture.block_type=cls
training.mode=rollout
training.rollout_steps=16    avg_loss: 0.000000063103  time_per_window : 0.000418   progress : 0.044
name: models.architecture.block_type=cls
training.mode=rollout
training.rollout_steps=16    avg_loss: 0.000000071279  time_per_window : 0.000433   progress : 0.055
name: models.architecture.block_type=cls
training.mode=rollout
training.rollout_steps=16    avg_loss: 0.000000069144  time_per_window : 0.000427   progress : 0.066
name: models.architecture.block_type=cls
training.mode=rollout
training.rollout_steps=16    avg_loss: 0.000000069936  time_per_window : 0.000460   progress : 0.076
name: models.architecture.block_type=cls
training.mode=rollout
training.rollout_steps=16    avg_loss: 0.000000062180  time_per_window : 0.000456   progress : 0.087
name: models.architecture.block_type=cls
training.mode=rollout
training.rollout_steps=16    avg_loss: 0.000000082018  time_per_window : 0.000446   progress : 0.098
name: models.architecture.block_type=cls
training.mode=rollout
training.rollout_steps=16    avg_loss: 0.000000071453  time_per_window : 0.000454   progress : 0.109
name: models.architecture.block_type=cls
training.mode=rollout
training.rollout_steps=16    avg_loss: 0.000000074167  time_per_window : 0.000440   progress : 0.120
name: models.architecture.block_type=cls
training.mode=rollout
training.rollout_steps=16    avg_loss: 0.000000062244  time_per_window : 0.000462   progress : 0.131
name: models.architecture.block_type=cls
training.mode=rollout
training.rollout_steps=16    avg_loss: 0.000000074778  time_per_window : 0.000472   progress : 0.142
name: models.architecture.block_type=cls
training.mode=rollout
training.rollout_steps=16    avg_loss: 0.000000081991  time_per_window : 0.000442   progress : 0.153
name: models.architecture.block_type=cls
training.mode=rollout
training.rollout_steps=16    avg_loss: 0.000000070815  time_per_window : 0.000386   progress : 0.164
name: models.architecture.block_type=cls
training.mode=rollout
training.rollout_steps=16    avg_loss: 0.000000076775  time_per_window : 0.000407   progress : 0.175
name: models.architecture.block_type=cls
training.mode=rollout
training.rollout_steps=16    avg_loss: 0.000000064042  time_per_window : 0.000461   progress : 0.186
name: models.architecture.block_type=cls
training.mode=rollout
training.rollout_steps=16    avg_loss: 0.000000066608  time_per_window : 0.000456   progress : 0.197
name: models.architecture.block_type=cls
training.mode=rollout
training.rollout_steps=16    avg_loss: 0.000000065791  time_per_window : 0.000431   progress : 0.208
name: models.architecture.block_type=cls
training.mode=rollout
training.rollout_steps=16    avg_loss: 0.000000070008  time_per_window : 0.000495   progress : 0.218
name: models.architecture.block_type=cls
training.mode=rollout
training.rollout_steps=16    avg_loss: 0.000000057973  time_per_window : 0.000457   progress : 0.229
name: models.architecture.block_type=cls
training.mode=rollout
training.rollout_steps=16    avg_loss: 0.000000063648  time_per_window : 0.000457   progress : 0.240
name: models.architecture.block_type=cls
training.mode=rollout
training.rollout_steps=16    avg_loss: 0.000000067473  time_per_window : 0.000475   progress : 0.251
name: models.architecture.block_type=cls
training.mode=rollout
training.rollout_steps=16    avg_loss: 0.000000067334  time_per_window : 0.000455   progress : 0.262
name: models.architecture.block_type=cls
training.mode=rollout
training.rollout_steps=16    avg_loss: 0.000000062037  time_per_window : 0.000453   progress : 0.273
name: models.architecture.block_type=cls
training.mode=rollout
training.rollout_steps=16    avg_loss: 0.000000065334  time_per_window : 0.000403   progress : 0.284
name: models.architecture.block_type=cls
training.mode=rollout
training.rollout_steps=16    avg_loss: 0.000000068328  time_per_window : 0.000421   progress : 0.295
name: models.architecture.block_type=cls
training.mode=rollout
training.rollout_steps=16    avg_loss: 0.000000063894  time_per_window : 0.000448   progress : 0.306
name: models.architecture.block_type=cls
training.mode=rollout
training.rollout_steps=16    avg_loss: 0.000000068025  time_per_window : 0.000465   progress : 0.317
name: models.architecture.block_type=cls
training.mode=rollout
training.rollout_steps=16    avg_loss: 0.000000063011  time_per_window : 0.000437   progress : 0.328
name: models.architecture.block_type=cls
training.mode=rollout
training.rollout_steps=16    avg_loss: 0.000000067161  time_per_window : 0.000425   progress : 0.339
name: models.architecture.block_type=cls
training.mode=rollout
training.rollout_steps=16    avg_loss: 0.000000057904  time_per_window : 0.000490   progress : 0.350
name: models.architecture.block_type=cls
training.mode=rollout
training.rollout_steps=16    avg_loss: 0.000000056061  time_per_window : 0.000440   progress : 0.360
name: models.architecture.block_type=cls
training.mode=rollout
training.rollout_steps=16    avg_loss: 0.000000054898  time_per_window : 0.000415   progress : 0.371
name: models.architecture.block_type=cls
training.mode=rollout
training.rollout_steps=16    avg_loss: 0.000000059307  time_per_window : 0.000450   progress : 0.382
name: models.architecture.block_type=cls
training.mode=rollout
training.rollout_steps=16    avg_loss: 0.000000058321  time_per_window : 0.000410   progress : 0.393
name: models.architecture.block_type=cls
training.mode=rollout
training.rollout_steps=16    avg_loss: 0.000000058022  time_per_window : 0.000466   progress : 0.404
name: models.architecture.block_type=cls
training.mode=rollout
training.rollout_steps=16    avg_loss: 0.000000053764  time_per_window : 0.000429   progress : 0.415
name: models.architecture.block_type=cls
training.mode=rollout
training.rollout_steps=16    avg_loss: 0.000000053314  time_per_window : 0.000433   progress : 0.426
name: models.architecture.block_type=cls
training.mode=rollout
training.rollout_steps=16    avg_loss: 0.000000056582  time_per_window : 0.000460   progress : 0.437
name: models.architecture.block_type=cls
training.mode=rollout
training.rollout_steps=16    avg_loss: 0.000000060499  time_per_window : 0.000397   progress : 0.448
name: models.architecture.block_type=cls
training.mode=rollout
training.rollout_steps=16    avg_loss: 0.000000049148  time_per_window : 0.000426   progress : 0.459
name: models.architecture.block_type=cls
training.mode=rollout
training.rollout_steps=16    avg_loss: 0.000000049324  time_per_window : 0.000416   progress : 0.470
name: models.architecture.block_type=cls
training.mode=rollout
training.rollout_steps=16    avg_loss: 0.000000050766  time_per_window : 0.000434   progress : 0.481
name: models.architecture.block_type=cls
training.mode=rollout
training.rollout_steps=16    avg_loss: 0.000000049432  time_per_window : 0.000412   progress : 0.492
name: models.architecture.block_type=cls
training.mode=rollout
training.rollout_steps=16    avg_loss: 0.000000054562  time_per_window : 0.000479   progress : 0.502
name: models.architecture.block_type=cls
training.mode=rollout
training.rollout_steps=16    avg_loss: 0.000000057381  time_per_window : 0.000478   progress : 0.513
name: models.architecture.block_type=cls
training.mode=rollout
training.rollout_steps=16    avg_loss: 0.000000048259  time_per_window : 0.000433   progress : 0.524
name: models.architecture.block_type=cls
training.mode=rollout
training.rollout_steps=16    avg_loss: 0.000000046725  time_per_window : 0.000480   progress : 0.535
name: models.architecture.block_type=cls
training.mode=rollout
training.rollout_steps=16    avg_loss: 0.000000049101  time_per_window : 0.000484   progress : 0.546
name: models.architecture.block_type=cls
training.mode=rollout
training.rollout_steps=16    avg_loss: 0.000000047816  time_per_window : 0.000455   progress : 0.557
name: models.architecture.block_type=cls
training.mode=rollout
training.rollout_steps=16    avg_loss: 0.000000043725  time_per_window : 0.000437   progress : 0.568
name: models.architecture.block_type=cls
training.mode=rollout
training.rollout_steps=16    avg_loss: 0.000000046642  time_per_window : 0.000452   progress : 0.579
name: models.architecture.block_type=cls
training.mode=rollout
training.rollout_steps=16    avg_loss: 0.000000043717  time_per_window : 0.000237   progress : 0.590
name: models.architecture.block_type=cls
training.mode=rollout
training.rollout_steps=16    avg_loss: 0.000000044844  time_per_window : 0.000246   progress : 0.601
name: models.architecture.block_type=cls
training.mode=rollout
training.rollout_steps=16    avg_loss: 0.000000041310  time_per_window : 0.000204   progress : 0.612
name: models.architecture.block_type=cls
training.mode=rollout
training.rollout_steps=16    avg_loss: 0.000000043224  time_per_window : 0.000213   progress : 0.623
name: models.architecture.block_type=cls
training.mode=rollout
training.rollout_steps=16    avg_loss: 0.000000043857  time_per_window : 0.000215   progress : 0.634
name: models.architecture.block_type=cls
training.mode=rollout
training.rollout_steps=16    avg_loss: 0.000000042400  time_per_window : 0.000255   progress : 0.644
name: models.architecture.block_type=cls
training.mode=rollout
training.rollout_steps=16    avg_loss: 0.000000048156  time_per_window : 0.000421   progress : 0.655
name: models.architecture.block_type=cls
training.mode=rollout
training.rollout_steps=16    avg_loss: 0.000000040842  time_per_window : 0.000469   progress : 0.666
name: models.architecture.block_type=cls
training.mode=rollout
training.rollout_steps=16    avg_loss: 0.000000041769  time_per_window : 0.000418   progress : 0.677
name: models.architecture.block_type=cls
training.mode=rollout
training.rollout_steps=16    avg_loss: 0.000000040426  time_per_window : 0.000454   progress : 0.688
name: models.architecture.block_type=cls
training.mode=rollout
training.rollout_steps=16    avg_loss: 0.000000044522  time_per_window : 0.000424   progress : 0.699
name: models.architecture.block_type=cls
training.mode=rollout
training.rollout_steps=16    avg_loss: 0.000000040359  time_per_window : 0.000436   progress : 0.710
name: models.architecture.block_type=cls
training.mode=rollout
training.rollout_steps=16    avg_loss: 0.000000040181  time_per_window : 0.000449   progress : 0.721
name: models.architecture.block_type=cls
training.mode=rollout
training.rollout_steps=16    avg_loss: 0.000000038677  time_per_window : 0.000485   progress : 0.732
name: models.architecture.block_type=cls
training.mode=rollout
training.rollout_steps=16    avg_loss: 0.000000038287  time_per_window : 0.000441   progress : 0.743
name: models.architecture.block_type=cls
training.mode=rollout
training.rollout_steps=16    avg_loss: 0.000000038792  time_per_window : 0.000423   progress : 0.754
name: models.architecture.block_type=cls
training.mode=rollout
training.rollout_steps=16    avg_loss: 0.000000038002  time_per_window : 0.000451   progress : 0.765
name: models.architecture.block_type=cls
training.mode=rollout
training.rollout_steps=16    avg_loss: 0.000000039455  time_per_window : 0.000453   progress : 0.775
name: models.architecture.block_type=cls
training.mode=rollout
training.rollout_steps=16    avg_loss: 0.000000038414  time_per_window : 0.000454   progress : 0.786
name: models.architecture.block_type=cls
training.mode=rollout
training.rollout_steps=16    avg_loss: 0.000000037916  time_per_window : 0.000435   progress : 0.797
name: models.architecture.block_type=cls
training.mode=rollout
training.rollout_steps=16    avg_loss: 0.000000037116  time_per_window : 0.000439   progress : 0.808
name: models.architecture.block_type=cls
training.mode=rollout
training.rollout_steps=16    avg_loss: 0.000000035618  time_per_window : 0.000435   progress : 0.819
name: models.architecture.block_type=cls
training.mode=rollout
training.rollout_steps=16    avg_loss: 0.000000037752  time_per_window : 0.000428   progress : 0.830
name: models.architecture.block_type=cls
training.mode=rollout
training.rollout_steps=16    avg_loss: 0.000000033153  time_per_window : 0.000432   progress : 0.841
name: models.architecture.block_type=cls
training.mode=rollout
training.rollout_steps=16    avg_loss: 0.000000037348  time_per_window : 0.000453   progress : 0.852
name: models.architecture.block_type=cls
training.mode=rollout
training.rollout_steps=16    avg_loss: 0.000000036693  time_per_window : 0.000428   progress : 0.863
name: models.architecture.block_type=cls
training.mode=rollout
training.rollout_steps=16    avg_loss: 0.000000035649  time_per_window : 0.000453   progress : 0.874
name: models.architecture.block_type=cls
training.mode=rollout
training.rollout_steps=16    avg_loss: 0.000000038437  time_per_window : 0.000453   progress : 0.885
name: models.architecture.block_type=cls
training.mode=rollout
training.rollout_steps=16    avg_loss: 0.000000033378  time_per_window : 0.000426   progress : 0.896
name: models.architecture.block_type=cls
training.mode=rollout
training.rollout_steps=16    avg_loss: 0.000000038050  time_per_window : 0.000455   progress : 0.907
name: models.architecture.block_type=cls
training.mode=rollout
training.rollout_steps=16    avg_loss: 0.000000039897  time_per_window : 0.000449   progress : 0.917
name: models.architecture.block_type=cls
training.mode=rollout
training.rollout_steps=16    avg_loss: 0.000000033452  time_per_window : 0.000436   progress : 0.928
name: models.architecture.block_type=cls
training.mode=rollout
training.rollout_steps=16    avg_loss: 0.000000034379  time_per_window : 0.000453   progress : 0.939
name: models.architecture.block_type=cls
training.mode=rollout
training.rollout_steps=16    avg_loss: 0.000000037337  time_per_window : 0.000449   progress : 0.950
name: models.architecture.block_type=cls
training.mode=rollout
training.rollout_steps=16    avg_loss: 0.000000032354  time_per_window : 0.000438   progress : 0.961
name: models.architecture.block_type=cls
training.mode=rollout
training.rollout_steps=16    avg_loss: 0.000000034526  time_per_window : 0.000415   progress : 0.972
name: models.architecture.block_type=cls
training.mode=rollout
training.rollout_steps=16    avg_loss: 0.000000036248  time_per_window : 0.000476   progress : 0.983
name: models.architecture.block_type=cls
training.mode=rollout
training.rollout_steps=16    avg_loss: 0.000000033621  time_per_window : 0.000432   progress : 0.994
name: models.architecture.block_type=cls
training.mode=rollout
training.rollout_steps=16    avg_loss: 0.000002359234  time_per_window : 0.000452   progress : 0.011
name: models.architecture.block_type=cls
training.mode=rollout
training.rollout_steps=16    avg_loss: 0.000000240651  time_per_window : 0.000416   progress : 0.022
name: models.architecture.block_type=cls
training.mode=rollout
training.rollout_steps=16    avg_loss: 0.000000222142  time_per_window : 0.000464   progress : 0.033
name: models.architecture.block_type=cls
training.mode=rollout
training.rollout_steps=16    avg_loss: 0.000000193330  time_per_window : 0.000436   progress : 0.044
name: models.architecture.block_type=cls
training.mode=rollout
training.rollout_steps=16    avg_loss: 0.000000191966  time_per_window : 0.000437   progress : 0.055
name: models.architecture.block_type=cls
training.mode=rollout
training.rollout_steps=16    avg_loss: 0.000000160170  time_per_window : 0.000461   progress : 0.066
name: models.architecture.block_type=cls
training.mode=rollout
training.rollout_steps=16    avg_loss: 0.000000151161  time_per_window : 0.000332   progress : 0.076
name: models.architecture.block_type=cls
training.mode=rollout
training.rollout_steps=16    avg_loss: 0.000000132638  time_per_window : 0.000450   progress : 0.087
name: models.architecture.block_type=cls
training.mode=rollout
training.rollout_steps=16    avg_loss: 0.000000123484  time_per_window : 0.000395   progress : 0.098
name: models.architecture.block_type=cls
training.mode=rollout
training.rollout_steps=16    avg_loss: 0.000000134108  time_per_window : 0.000462   progress : 0.109
name: models.architecture.block_type=cls
training.mode=rollout
training.rollout_steps=16    avg_loss: 0.000000142383  time_per_window : 0.000423   progress : 0.120
name: models.architecture.block_type=cls
training.mode=rollout
training.rollout_steps=16    avg_loss: 0.000000140242  time_per_window : 0.000448   progress : 0.131
name: models.architecture.block_type=cls
training.mode=rollout
training.rollout_steps=16    avg_loss: 0.000000172212  time_per_window : 0.000437   progress : 0.142
name: models.architecture.block_type=cls
training.mode=rollout
training.rollout_steps=16    avg_loss: 0.000000138036  time_per_window : 0.000424   progress : 0.153
name: models.architecture.block_type=cls
training.mode=rollout
training.rollout_steps=16    avg_loss: 0.000000125852  time_per_window : 0.000471   progress : 0.164
name: models.architecture.block_type=cls
training.mode=rollout
training.rollout_steps=16    avg_loss: 0.000000123404  time_per_window : 0.000478   progress : 0.175
name: models.architecture.block_type=cls
training.mode=rollout
training.rollout_steps=16    avg_loss: 0.000000111819  time_per_window : 0.000424   progress : 0.186
name: models.architecture.block_type=cls
training.mode=rollout
training.rollout_steps=16    avg_loss: 0.000000118974  time_per_window : 0.000457   progress : 0.197
name: models.architecture.block_type=cls
training.mode=rollout
training.rollout_steps=16    avg_loss: 0.000000125025  time_per_window : 0.000456   progress : 0.208
name: models.architecture.block_type=cls
training.mode=rollout
training.rollout_steps=16    avg_loss: 0.000000120929  time_per_window : 0.000462   progress : 0.218
name: models.architecture.block_type=cls
training.mode=rollout
training.rollout_steps=16    avg_loss: 0.000000114179  time_per_window : 0.000434   progress : 0.229
name: models.architecture.block_type=cls
training.mode=rollout
training.rollout_steps=16    avg_loss: 0.000000113183  time_per_window : 0.000424   progress : 0.240
name: models.architecture.block_type=cls
training.mode=rollout
training.rollout_steps=16    avg_loss: 0.000000127252  time_per_window : 0.000358   progress : 0.251
name: models.architecture.block_type=cls
training.mode=rollout
training.rollout_steps=16    avg_loss: 0.000000113592  time_per_window : 0.000367   progress : 0.262
name: models.architecture.block_type=cls
training.mode=rollout
training.rollout_steps=16    avg_loss: 0.000000125734  time_per_window : 0.000366   progress : 0.273
name: models.architecture.block_type=cls
training.mode=rollout
training.rollout_steps=16    avg_loss: 0.000000112006  time_per_window : 0.000300   progress : 0.284
name: models.architecture.block_type=cls
training.mode=rollout
training.rollout_steps=16    avg_loss: 0.000000125207  time_per_window : 0.000416   progress : 0.295
name: models.architecture.block_type=cls
training.mode=rollout
training.rollout_steps=16    avg_loss: 0.000000120239  time_per_window : 0.000410   progress : 0.306
name: models.architecture.block_type=cls
training.mode=rollout
training.rollout_steps=16    avg_loss: 0.000000148718  time_per_window : 0.000478   progress : 0.317
name: models.architecture.block_type=cls
training.mode=rollout
training.rollout_steps=16    avg_loss: 0.000000126680  time_per_window : 0.000428   progress : 0.328
name: models.architecture.block_type=cls
training.mode=rollout
training.rollout_steps=16    avg_loss: 0.000000127563  time_per_window : 0.000407   progress : 0.339
name: models.architecture.block_type=cls
training.mode=rollout
training.rollout_steps=16    avg_loss: 0.000000119547  time_per_window : 0.000434   progress : 0.350
name: models.architecture.block_type=cls
training.mode=rollout
training.rollout_steps=16    avg_loss: 0.000000112125  time_per_window : 0.000403   progress : 0.360
name: models.architecture.block_type=cls
training.mode=rollout
training.rollout_steps=16    avg_loss: 0.000000126370  time_per_window : 0.000422   progress : 0.371
name: models.architecture.block_type=cls
training.mode=rollout
training.rollout_steps=16    avg_loss: 0.000000103746  time_per_window : 0.000391   progress : 0.382
name: models.architecture.block_type=cls
training.mode=rollout
training.rollout_steps=16    avg_loss: 0.000000109869  time_per_window : 0.000450   progress : 0.393
name: models.architecture.block_type=cls
training.mode=rollout
training.rollout_steps=16    avg_loss: 0.000000114027  time_per_window : 0.000425   progress : 0.404
name: models.architecture.block_type=cls
training.mode=rollout
training.rollout_steps=16    avg_loss: 0.000000111068  time_per_window : 0.000422   progress : 0.415
name: models.architecture.block_type=cls
training.mode=rollout
training.rollout_steps=16    avg_loss: 0.000000128192  time_per_window : 0.000479   progress : 0.426
name: models.architecture.block_type=cls
training.mode=rollout
training.rollout_steps=16    avg_loss: 0.000000118453  time_per_window : 0.000374   progress : 0.437
name: models.architecture.block_type=cls
training.mode=rollout
training.rollout_steps=16    avg_loss: 0.000000109029  time_per_window : 0.000459   progress : 0.448
name: models.architecture.block_type=cls
training.mode=rollout
training.rollout_steps=16    avg_loss: 0.000000119320  time_per_window : 0.000401   progress : 0.459
name: models.architecture.block_type=cls
training.mode=rollout
training.rollout_steps=16    avg_loss: 0.000000129398  time_per_window : 0.000479   progress : 0.470
name: models.architecture.block_type=cls
training.mode=rollout
training.rollout_steps=16    avg_loss: 0.000000107045  time_per_window : 0.000424   progress : 0.481
name: models.architecture.block_type=cls
training.mode=rollout
training.rollout_steps=16    avg_loss: 0.000000122411  time_per_window : 0.000481   progress : 0.492
name: models.architecture.block_type=cls
training.mode=rollout
training.rollout_steps=16    avg_loss: 0.000000133444  time_per_window : 0.000449   progress : 0.502
name: models.architecture.block_type=cls
training.mode=rollout
training.rollout_steps=16    avg_loss: 0.000000122436  time_per_window : 0.000436   progress : 0.513
name: models.architecture.block_type=cls
training.mode=rollout
training.rollout_steps=16    avg_loss: 0.000000119289  time_per_window : 0.000432   progress : 0.524
name: models.architecture.block_type=cls
training.mode=rollout
training.rollout_steps=16    avg_loss: 0.000000113719  time_per_window : 0.000460   progress : 0.535
name: models.architecture.block_type=cls
training.mode=rollout
training.rollout_steps=16    avg_loss: 0.000000117612  time_per_window : 0.000438   progress : 0.546
name: models.architecture.block_type=cls
training.mode=rollout
training.rollout_steps=16    avg_loss: 0.000000105747  time_per_window : 0.000452   progress : 0.557
name: models.architecture.block_type=cls
training.mode=rollout
training.rollout_steps=16    avg_loss: 0.000000102048  time_per_window : 0.000453   progress : 0.568
name: models.architecture.block_type=cls
training.mode=rollout
training.rollout_steps=16    avg_loss: 0.000000105343  time_per_window : 0.000423   progress : 0.579
name: models.architecture.block_type=cls
training.mode=rollout
training.rollout_steps=16    avg_loss: 0.000000125249  time_per_window : 0.000478   progress : 0.590
name: models.architecture.block_type=cls
training.mode=rollout
training.rollout_steps=16    avg_loss: 0.000000106125  time_per_window : 0.000439   progress : 0.601
name: models.architecture.block_type=cls
training.mode=rollout
training.rollout_steps=16    avg_loss: 0.000000110639  time_per_window : 0.000422   progress : 0.612
name: models.architecture.block_type=cls
training.mode=rollout
training.rollout_steps=16    avg_loss: 0.000000120595  time_per_window : 0.000407   progress : 0.623
name: models.architecture.block_type=cls
training.mode=rollout
training.rollout_steps=16    avg_loss: 0.000000112319  time_per_window : 0.000463   progress : 0.634
name: models.architecture.block_type=cls
training.mode=rollout
training.rollout_steps=16    avg_loss: 0.000000114352  time_per_window : 0.000493   progress : 0.644
name: models.architecture.block_type=cls
training.mode=rollout
training.rollout_steps=16    avg_loss: 0.000000122860  time_per_window : 0.000452   progress : 0.655
name: models.architecture.block_type=cls
training.mode=rollout
training.rollout_steps=16    avg_loss: 0.000000117234  time_per_window : 0.000463   progress : 0.666
name: models.architecture.block_type=cls
training.mode=rollout
training.rollout_steps=16    avg_loss: 0.000000110092  time_per_window : 0.000451   progress : 0.677
name: models.architecture.block_type=cls
training.mode=rollout
training.rollout_steps=16    avg_loss: 0.000000127129  time_per_window : 0.000465   progress : 0.688
name: models.architecture.block_type=cls
training.mode=rollout
training.rollout_steps=16    avg_loss: 0.000000125069  time_per_window : 0.000477   progress : 0.699
name: models.architecture.block_type=cls
training.mode=rollout
training.rollout_steps=16    avg_loss: 0.000000134995  time_per_window : 0.000450   progress : 0.710
name: models.architecture.block_type=cls
training.mode=rollout
training.rollout_steps=16    avg_loss: 0.000000095558  time_per_window : 0.000451   progress : 0.721
name: models.architecture.block_type=cls
training.mode=rollout
training.rollout_steps=16    avg_loss: 0.000000108365  time_per_window : 0.000361   progress : 0.732
name: models.architecture.block_type=cls
training.mode=rollout
training.rollout_steps=16    avg_loss: 0.000000106372  time_per_window : 0.000422   progress : 0.743
name: models.architecture.block_type=cls
training.mode=rollout
training.rollout_steps=16    avg_loss: 0.000000102758  time_per_window : 0.000432   progress : 0.754
name: models.architecture.block_type=cls
training.mode=rollout
training.rollout_steps=16    avg_loss: 0.000000123363  time_per_window : 0.000451   progress : 0.765
name: models.architecture.block_type=cls
training.mode=rollout
training.rollout_steps=16    avg_loss: 0.000000116215  time_per_window : 0.000417   progress : 0.775
name: models.architecture.block_type=cls
training.mode=rollout
training.rollout_steps=16    avg_loss: 0.000000115844  time_per_window : 0.000420   progress : 0.786
name: models.architecture.block_type=cls
training.mode=rollout
training.rollout_steps=16    avg_loss: 0.000000115942  time_per_window : 0.000406   progress : 0.797
name: models.architecture.block_type=cls
training.mode=rollout
training.rollout_steps=16    avg_loss: 0.000000110929  time_per_window : 0.000434   progress : 0.808
name: models.architecture.block_type=cls
training.mode=rollout
training.rollout_steps=16    avg_loss: 0.000000107213  time_per_window : 0.000461   progress : 0.819
name: models.architecture.block_type=cls
training.mode=rollout
training.rollout_steps=16    avg_loss: 0.000000107223  time_per_window : 0.000408   progress : 0.830
name: models.architecture.block_type=cls
training.mode=rollout
training.rollout_steps=16    avg_loss: 0.000000093574  time_per_window : 0.000462   progress : 0.841
name: models.architecture.block_type=cls
training.mode=rollout
training.rollout_steps=16    avg_loss: 0.000000099364  time_per_window : 0.000421   progress : 0.852
name: models.architecture.block_type=cls
training.mode=rollout
training.rollout_steps=16    avg_loss: 0.000000106375  time_per_window : 0.000432   progress : 0.863
name: models.architecture.block_type=cls
training.mode=rollout
training.rollout_steps=16    avg_loss: 0.000000095997  time_per_window : 0.000478   progress : 0.874
name: models.architecture.block_type=cls
training.mode=rollout
training.rollout_steps=16    avg_loss: 0.000000094344  time_per_window : 0.000435   progress : 0.885
name: models.architecture.block_type=cls
training.mode=rollout
training.rollout_steps=16    avg_loss: 0.000000099082  time_per_window : 0.000425   progress : 0.896
name: models.architecture.block_type=cls
training.mode=rollout
training.rollout_steps=16    avg_loss: 0.000000096150  time_per_window : 0.000456   progress : 0.907
name: models.architecture.block_type=cls
training.mode=rollout
training.rollout_steps=16    avg_loss: 0.000000109760  time_per_window : 0.000425   progress : 0.917
name: models.architecture.block_type=cls
training.mode=rollout
training.rollout_steps=16    avg_loss: 0.000000093520  time_per_window : 0.000479   progress : 0.928
name: models.architecture.block_type=cls
training.mode=rollout
training.rollout_steps=16    avg_loss: 0.000000083709  time_per_window : 0.000463   progress : 0.939
name: models.architecture.block_type=cls
training.mode=rollout
training.rollout_steps=16    avg_loss: 0.000000099708  time_per_window : 0.000452   progress : 0.950
name: models.architecture.block_type=cls
training.mode=rollout
training.rollout_steps=16    avg_loss: 0.000000091275  time_per_window : 0.000450   progress : 0.961
name: models.architecture.block_type=cls
training.mode=rollout
training.rollout_steps=16    avg_loss: 0.000000088333  time_per_window : 0.000452   progress : 0.972
name: models.architecture.block_type=cls
training.mode=rollout
training.rollout_steps=16    avg_loss: 0.000000104168  time_per_window : 0.000478   progress : 0.983
name: models.architecture.block_type=cls
training.mode=rollout
training.rollout_steps=16    avg_loss: 0.000000104115  time_per_window : 0.000425   progress : 0.994
name: models.architecture.block_type=cls
training.mode=rollout
training.rollout_steps=16    avg_loss: 0.000018418625  time_per_window : 0.000428   progress : 0.011
name: models.architecture.block_type=cls
training.mode=rollout
training.rollout_steps=16    avg_loss: 0.000003209195  time_per_window : 0.000467   progress : 0.022
name: models.architecture.block_type=cls
training.mode=rollout
training.rollout_steps=16    avg_loss: 0.000002618172  time_per_window : 0.000425   progress : 0.033
name: models.architecture.block_type=cls
training.mode=rollout
training.rollout_steps=16    avg_loss: 0.000002248977  time_per_window : 0.000477   progress : 0.044
name: models.architecture.block_type=cls
training.mode=rollout
training.rollout_steps=16    avg_loss: 0.000001950498  time_per_window : 0.000424   progress : 0.055
name: models.architecture.block_type=cls
training.mode=rollout
training.rollout_steps=16    avg_loss: 0.000001880749  time_per_window : 0.000452   progress : 0.066
name: models.architecture.block_type=cls
training.mode=rollout
training.rollout_steps=16    avg_loss: 0.000001754015  time_per_window : 0.000437   progress : 0.076
name: models.architecture.block_type=cls
training.mode=rollout
training.rollout_steps=16    avg_loss: 0.000001600807  time_per_window : 0.000433   progress : 0.087
name: models.architecture.block_type=cls
training.mode=rollout
training.rollout_steps=16    avg_loss: 0.000001695066  time_per_window : 0.000450   progress : 0.098
name: models.architecture.block_type=cls
training.mode=rollout
training.rollout_steps=16    avg_loss: 0.000001628825  time_per_window : 0.000455   progress : 0.109
name: models.architecture.block_type=cls
training.mode=rollout
training.rollout_steps=16    avg_loss: 0.000001641446  time_per_window : 0.000451   progress : 0.120
name: models.architecture.block_type=cls
training.mode=rollout
training.rollout_steps=16    avg_loss: 0.000001495886  time_per_window : 0.000469   progress : 0.131
name: models.architecture.block_type=cls
training.mode=rollout
training.rollout_steps=16    avg_loss: 0.000001761768  time_per_window : 0.000454   progress : 0.142
name: models.architecture.block_type=cls
training.mode=rollout
training.rollout_steps=16    avg_loss: 0.000001610940  time_per_window : 0.000330   progress : 0.153
name: models.architecture.block_type=cls
training.mode=rollout
training.rollout_steps=16    avg_loss: 0.000001542952  time_per_window : 0.000450   progress : 0.164
name: models.architecture.block_type=cls
training.mode=rollout
training.rollout_steps=16    avg_loss: 0.000001562158  time_per_window : 0.000443   progress : 0.175
name: models.architecture.block_type=cls
training.mode=rollout
training.rollout_steps=16    avg_loss: 0.000001661699  time_per_window : 0.000463   progress : 0.186
name: models.architecture.block_type=cls
training.mode=rollout
training.rollout_steps=16    avg_loss: 0.000001470432  time_per_window : 0.000453   progress : 0.197
name: models.architecture.block_type=cls
training.mode=rollout
training.rollout_steps=16    avg_loss: 0.000001375001  time_per_window : 0.000451   progress : 0.208
name: models.architecture.block_type=cls
training.mode=rollout
training.rollout_steps=16    avg_loss: 0.000001501879  time_per_window : 0.000450   progress : 0.218
name: models.architecture.block_type=cls
training.mode=rollout
training.rollout_steps=16    avg_loss: 0.000001574650  time_per_window : 0.000435   progress : 0.229
name: models.architecture.block_type=cls
training.mode=rollout
training.rollout_steps=16    avg_loss: 0.000001285163  time_per_window : 0.000447   progress : 0.240
name: models.architecture.block_type=cls
training.mode=rollout
training.rollout_steps=16    avg_loss: 0.000001468072  time_per_window : 0.000435   progress : 0.251
name: models.architecture.block_type=cls
training.mode=rollout
training.rollout_steps=16    avg_loss: 0.000001170934  time_per_window : 0.000452   progress : 0.262
name: models.architecture.block_type=cls
training.mode=rollout
training.rollout_steps=16    avg_loss: 0.000001378608  time_per_window : 0.000454   progress : 0.273
name: models.architecture.block_type=cls
training.mode=rollout
training.rollout_steps=16    avg_loss: 0.000001368011  time_per_window : 0.000442   progress : 0.284
name: models.architecture.block_type=cls
training.mode=rollout
training.rollout_steps=16    avg_loss: 0.000001518534  time_per_window : 0.000432   progress : 0.295
name: models.architecture.block_type=cls
training.mode=rollout
training.rollout_steps=16    avg_loss: 0.000001360479  time_per_window : 0.000433   progress : 0.306
name: models.architecture.block_type=cls
training.mode=rollout
training.rollout_steps=16    avg_loss: 0.000001443129  time_per_window : 0.000436   progress : 0.317
name: models.architecture.block_type=cls
training.mode=rollout
training.rollout_steps=16    avg_loss: 0.000001439175  time_per_window : 0.000479   progress : 0.328
name: models.architecture.block_type=cls
training.mode=rollout
training.rollout_steps=16    avg_loss: 0.000001468181  time_per_window : 0.000428   progress : 0.339
name: models.architecture.block_type=cls
training.mode=rollout
training.rollout_steps=16    avg_loss: 0.000001274522  time_per_window : 0.000486   progress : 0.350
name: models.architecture.block_type=cls
training.mode=rollout
training.rollout_steps=16    avg_loss: 0.000001233246  time_per_window : 0.000451   progress : 0.360
name: models.architecture.block_type=cls
training.mode=rollout
training.rollout_steps=16    avg_loss: 0.000001302674  time_per_window : 0.000451   progress : 0.371
name: models.architecture.block_type=cls
training.mode=rollout
training.rollout_steps=16    avg_loss: 0.000001208150  time_per_window : 0.000410   progress : 0.382
name: models.architecture.block_type=cls
training.mode=rollout
training.rollout_steps=16    avg_loss: 0.000001419963  time_per_window : 0.000432   progress : 0.393
name: models.architecture.block_type=cls
training.mode=rollout
training.rollout_steps=16    avg_loss: 0.000001259866  time_per_window : 0.000452   progress : 0.404
name: models.architecture.block_type=cls
training.mode=rollout
training.rollout_steps=16    avg_loss: 0.000001293138  time_per_window : 0.000432   progress : 0.415
name: models.architecture.block_type=cls
training.mode=rollout
training.rollout_steps=16    avg_loss: 0.000001185211  time_per_window : 0.000449   progress : 0.426
name: models.architecture.block_type=cls
training.mode=rollout
training.rollout_steps=16    avg_loss: 0.000001280329  time_per_window : 0.000426   progress : 0.437
name: models.architecture.block_type=cls
training.mode=rollout
training.rollout_steps=16    avg_loss: 0.000001216327  time_per_window : 0.000481   progress : 0.448
name: models.architecture.block_type=cls
training.mode=rollout
training.rollout_steps=16    avg_loss: 0.000001213884  time_per_window : 0.000482   progress : 0.459
name: models.architecture.block_type=cls
training.mode=rollout
training.rollout_steps=16    avg_loss: 0.000001148659  time_per_window : 0.000424   progress : 0.470
name: models.architecture.block_type=cls
training.mode=rollout
training.rollout_steps=16    avg_loss: 0.000001723033  time_per_window : 0.000462   progress : 0.481
name: models.architecture.block_type=cls
training.mode=rollout
training.rollout_steps=16    avg_loss: 0.000001328729  time_per_window : 0.000424   progress : 0.492
name: models.architecture.block_type=cls
training.mode=rollout
training.rollout_steps=16    avg_loss: 0.000001183441  time_per_window : 0.000453   progress : 0.502
name: models.architecture.block_type=cls
training.mode=rollout
training.rollout_steps=16    avg_loss: 0.000001206187  time_per_window : 0.000461   progress : 0.513
name: models.architecture.block_type=cls
training.mode=rollout
training.rollout_steps=16    avg_loss: 0.000001084970  time_per_window : 0.000435   progress : 0.524
name: models.architecture.block_type=cls
training.mode=rollout
training.rollout_steps=16    avg_loss: 0.000001102797  time_per_window : 0.000447   progress : 0.535
name: models.architecture.block_type=cls
training.mode=rollout
training.rollout_steps=16    avg_loss: 0.000001149730  time_per_window : 0.000455   progress : 0.546
name: models.architecture.block_type=cls
training.mode=rollout
training.rollout_steps=16    avg_loss: 0.000001163682  time_per_window : 0.000447   progress : 0.557
name: models.architecture.block_type=cls
training.mode=rollout
training.rollout_steps=16    avg_loss: 0.000001125704  time_per_window : 0.000443   progress : 0.568
name: models.architecture.block_type=cls
training.mode=rollout
training.rollout_steps=16    avg_loss: 0.000001529154  time_per_window : 0.000433   progress : 0.579
name: models.architecture.block_type=cls
training.mode=rollout
training.rollout_steps=16    avg_loss: 0.000001195498  time_per_window : 0.000452   progress : 0.590
name: models.architecture.block_type=cls
training.mode=rollout
training.rollout_steps=16    avg_loss: 0.000000919148  time_per_window : 0.000453   progress : 0.601
name: models.architecture.block_type=cls
training.mode=rollout
training.rollout_steps=16    avg_loss: 0.000000964716  time_per_window : 0.000451   progress : 0.612
name: models.architecture.block_type=cls
training.mode=rollout
training.rollout_steps=16    avg_loss: 0.000001026703  time_per_window : 0.000478   progress : 0.623
name: models.architecture.block_type=cls
training.mode=rollout
training.rollout_steps=16    avg_loss: 0.000001046066  time_per_window : 0.000448   progress : 0.634
name: models.architecture.block_type=cls
training.mode=rollout
training.rollout_steps=16    avg_loss: 0.000001123890  time_per_window : 0.000406   progress : 0.644
name: models.architecture.block_type=cls
training.mode=rollout
training.rollout_steps=16    avg_loss: 0.000000997330  time_per_window : 0.000454   progress : 0.655
name: models.architecture.block_type=cls
training.mode=rollout
training.rollout_steps=16    avg_loss: 0.000001077854  time_per_window : 0.000380   progress : 0.666
name: models.architecture.block_type=cls
training.mode=rollout
training.rollout_steps=16    avg_loss: 0.000000985040  time_per_window : 0.000425   progress : 0.677
name: models.architecture.block_type=cls
training.mode=rollout
training.rollout_steps=16    avg_loss: 0.000001013454  time_per_window : 0.000405   progress : 0.688
name: models.architecture.block_type=cls
training.mode=rollout
training.rollout_steps=16    avg_loss: 0.000000986987  time_per_window : 0.000461   progress : 0.699
name: models.architecture.block_type=cls
training.mode=rollout
training.rollout_steps=16    avg_loss: 0.000000947952  time_per_window : 0.000464   progress : 0.710
name: models.architecture.block_type=cls
training.mode=rollout
training.rollout_steps=16    avg_loss: 0.000000887070  time_per_window : 0.000478   progress : 0.721
name: models.architecture.block_type=cls
training.mode=rollout
training.rollout_steps=16    avg_loss: 0.000001301464  time_per_window : 0.000427   progress : 0.732
name: models.architecture.block_type=cls
training.mode=rollout
training.rollout_steps=16    avg_loss: 0.000000914388  time_per_window : 0.000434   progress : 0.743
name: models.architecture.block_type=cls
training.mode=rollout
training.rollout_steps=16    avg_loss: 0.000000934487  time_per_window : 0.000424   progress : 0.754
name: models.architecture.block_type=cls
training.mode=rollout
training.rollout_steps=16    avg_loss: 0.000000852261  time_per_window : 0.000480   progress : 0.765
name: models.architecture.block_type=cls
training.mode=rollout
training.rollout_steps=16    avg_loss: 0.000000880437  time_per_window : 0.000502   progress : 0.775
name: models.architecture.block_type=cls
training.mode=rollout
training.rollout_steps=16    avg_loss: 0.000000952503  time_per_window : 0.000425   progress : 0.786
name: models.architecture.block_type=cls
training.mode=rollout
training.rollout_steps=16    avg_loss: 0.000000861143  time_per_window : 0.000464   progress : 0.797
name: models.architecture.block_type=cls
training.mode=rollout
training.rollout_steps=16    avg_loss: 0.000000832635  time_per_window : 0.000452   progress : 0.808
name: models.architecture.block_type=cls
training.mode=rollout
training.rollout_steps=16    avg_loss: 0.000000860721  time_per_window : 0.000478   progress : 0.819
name: models.architecture.block_type=cls
training.mode=rollout
training.rollout_steps=16    avg_loss: 0.000000779632  time_per_window : 0.000456   progress : 0.830
name: models.architecture.block_type=cls
training.mode=rollout
training.rollout_steps=16    avg_loss: 0.000000835507  time_per_window : 0.000450   progress : 0.841
name: models.architecture.block_type=cls
training.mode=rollout
training.rollout_steps=16    avg_loss: 0.000000943432  time_per_window : 0.000479   progress : 0.852
name: models.architecture.block_type=cls
training.mode=rollout
training.rollout_steps=16    avg_loss: 0.000000805993  time_per_window : 0.000456   progress : 0.863
name: models.architecture.block_type=cls
training.mode=rollout
training.rollout_steps=16    avg_loss: 0.000000989181  time_per_window : 0.000423   progress : 0.874
name: models.architecture.block_type=cls
training.mode=rollout
training.rollout_steps=16    avg_loss: 0.000000836412  time_per_window : 0.000451   progress : 0.885
name: models.architecture.block_type=cls
training.mode=rollout
training.rollout_steps=16    avg_loss: 0.000000998342  time_per_window : 0.000422   progress : 0.896
name: models.architecture.block_type=cls
training.mode=rollout
training.rollout_steps=16    avg_loss: 0.000000859565  time_per_window : 0.000479   progress : 0.907
name: models.architecture.block_type=cls
training.mode=rollout
training.rollout_steps=16    avg_loss: 0.000000827308  time_per_window : 0.000440   progress : 0.917
name: models.architecture.block_type=cls
training.mode=rollout
training.rollout_steps=16    avg_loss: 0.000000824107  time_per_window : 0.000454   progress : 0.928
name: models.architecture.block_type=cls
training.mode=rollout
training.rollout_steps=16    avg_loss: 0.000000732491  time_per_window : 0.000426   progress : 0.939
name: models.architecture.block_type=cls
training.mode=rollout
training.rollout_steps=16    avg_loss: 0.000000893832  time_per_window : 0.000462   progress : 0.950
name: models.architecture.block_type=cls
training.mode=rollout
training.rollout_steps=16    avg_loss: 0.000000771907  time_per_window : 0.000446   progress : 0.961
name: models.architecture.block_type=cls
training.mode=rollout
training.rollout_steps=16    avg_loss: 0.000000808288  time_per_window : 0.000479   progress : 0.972
name: models.architecture.block_type=cls
training.mode=rollout
training.rollout_steps=16    avg_loss: 0.000000833326  time_per_window : 0.000406   progress : 0.983
name: models.architecture.block_type=cls
training.mode=rollout
training.rollout_steps=16    avg_loss: 0.000000756310  time_per_window : 0.000426   progress : 0.994
name: models.architecture.block_type=cls
training.mode=rollout
training.rollout_steps=16    avg_loss: 0.000001294813  time_per_window : 0.000452   progress : 0.011
name: models.architecture.block_type=cls
training.mode=rollout
training.rollout_steps=16    avg_loss: 0.000001109262  time_per_window : 0.000427   progress : 0.022
name: models.architecture.block_type=cls
training.mode=rollout
training.rollout_steps=16    avg_loss: 0.000001052572  time_per_window : 0.000456   progress : 0.033
name: models.architecture.block_type=cls
training.mode=rollout
training.rollout_steps=16    avg_loss: 0.000001610487  time_per_window : 0.000453   progress : 0.044
name: models.architecture.block_type=cls
training.mode=rollout
training.rollout_steps=16    avg_loss: 0.000001054072  time_per_window : 0.000451   progress : 0.055
name: models.architecture.block_type=cls
training.mode=rollout
training.rollout_steps=16    avg_loss: 0.000001011249  time_per_window : 0.000461   progress : 0.066
name: models.architecture.block_type=cls
training.mode=rollout
training.rollout_steps=16    avg_loss: 0.000001123805  time_per_window : 0.000405   progress : 0.076
name: models.architecture.block_type=cls
training.mode=rollout
training.rollout_steps=16    avg_loss: 0.000000887539  time_per_window : 0.000473   progress : 0.087
name: models.architecture.block_type=cls
training.mode=rollout
training.rollout_steps=16    avg_loss: 0.000001000307  time_per_window : 0.000465   progress : 0.098
name: models.architecture.block_type=cls
training.mode=rollout
training.rollout_steps=16    avg_loss: 0.000000954836  time_per_window : 0.000436   progress : 0.109
name: models.architecture.block_type=cls
training.mode=rollout
training.rollout_steps=16    avg_loss: 0.000001251761  time_per_window : 0.000461   progress : 0.120
name: models.architecture.block_type=cls
training.mode=rollout
training.rollout_steps=16    avg_loss: 0.000000896844  time_per_window : 0.000421   progress : 0.131
name: models.architecture.block_type=cls
training.mode=rollout
training.rollout_steps=16    avg_loss: 0.000000939704  time_per_window : 0.000453   progress : 0.142
name: models.architecture.block_type=cls
training.mode=rollout
training.rollout_steps=16    avg_loss: 0.000000872824  time_per_window : 0.000479   progress : 0.153
name: models.architecture.block_type=cls
training.mode=rollout
training.rollout_steps=16    avg_loss: 0.000000796011  time_per_window : 0.000439   progress : 0.164
name: models.architecture.block_type=cls
training.mode=rollout
training.rollout_steps=16    avg_loss: 0.000000867567  time_per_window : 0.000452   progress : 0.175
name: models.architecture.block_type=cls
training.mode=rollout
training.rollout_steps=16    avg_loss: 0.000000791419  time_per_window : 0.000480   progress : 0.186
name: models.architecture.block_type=cls
training.mode=rollout
training.rollout_steps=16    avg_loss: 0.000000735410  time_per_window : 0.000407   progress : 0.197
name: models.architecture.block_type=cls
training.mode=rollout
training.rollout_steps=16    avg_loss: 0.000000741297  time_per_window : 0.000473   progress : 0.208
name: models.architecture.block_type=cls
training.mode=rollout
training.rollout_steps=16    avg_loss: 0.000000716575  time_per_window : 0.000448   progress : 0.218
name: models.architecture.block_type=cls
training.mode=rollout
training.rollout_steps=16    avg_loss: 0.000000928270  time_per_window : 0.000465   progress : 0.229
name: models.architecture.block_type=cls
training.mode=rollout
training.rollout_steps=16    avg_loss: 0.000000814982  time_per_window : 0.000469   progress : 0.240
name: models.architecture.block_type=cls
training.mode=rollout
training.rollout_steps=16    avg_loss: 0.000000975902  time_per_window : 0.000451   progress : 0.251
name: models.architecture.block_type=cls
training.mode=rollout
training.rollout_steps=16    avg_loss: 0.000000723172  time_per_window : 0.000408   progress : 0.262
name: models.architecture.block_type=cls
training.mode=rollout
training.rollout_steps=16    avg_loss: 0.000000672681  time_per_window : 0.000447   progress : 0.273
name: models.architecture.block_type=cls
training.mode=rollout
training.rollout_steps=16    avg_loss: 0.000000771020  time_per_window : 0.000468   progress : 0.284
name: models.architecture.block_type=cls
training.mode=rollout
training.rollout_steps=16    avg_loss: 0.000000761719  time_per_window : 0.000425   progress : 0.295
name: models.architecture.block_type=cls
training.mode=rollout
training.rollout_steps=16    avg_loss: 0.000000938505  time_per_window : 0.000449   progress : 0.306
name: models.architecture.block_type=cls
training.mode=rollout
training.rollout_steps=16    avg_loss: 0.000000860385  time_per_window : 0.000424   progress : 0.317
name: models.architecture.block_type=cls
training.mode=rollout
training.rollout_steps=16    avg_loss: 0.000000611818  time_per_window : 0.000423   progress : 0.328
name: models.architecture.block_type=cls
training.mode=rollout
training.rollout_steps=16    avg_loss: 0.000000709341  time_per_window : 0.000449   progress : 0.339
name: models.architecture.block_type=cls
training.mode=rollout
training.rollout_steps=16    avg_loss: 0.000000669611  time_per_window : 0.000454   progress : 0.350
name: models.architecture.block_type=cls
training.mode=rollout
training.rollout_steps=16    avg_loss: 0.000000650614  time_per_window : 0.000463   progress : 0.360
name: models.architecture.block_type=cls
training.mode=rollout
training.rollout_steps=16    avg_loss: 0.000000701556  time_per_window : 0.000452   progress : 0.371
name: models.architecture.block_type=cls
training.mode=rollout
training.rollout_steps=16    avg_loss: 0.000001162719  time_per_window : 0.000507   progress : 0.382
name: models.architecture.block_type=cls
training.mode=rollout
training.rollout_steps=16    avg_loss: 0.000000648211  time_per_window : 0.000424   progress : 0.393
name: models.architecture.block_type=cls
training.mode=rollout
training.rollout_steps=16    avg_loss: 0.000000925767  time_per_window : 0.000429   progress : 0.404
name: models.architecture.block_type=cls
training.mode=rollout
training.rollout_steps=16    avg_loss: 0.000000648205  time_per_window : 0.000487   progress : 0.415
name: models.architecture.block_type=cls
training.mode=rollout
training.rollout_steps=16    avg_loss: 0.000000577650  time_per_window : 0.000398   progress : 0.426
name: models.architecture.block_type=cls
training.mode=rollout
training.rollout_steps=16    avg_loss: 0.000000671607  time_per_window : 0.000480   progress : 0.437
name: models.architecture.block_type=cls
training.mode=rollout
training.rollout_steps=16    avg_loss: 0.000000647463  time_per_window : 0.000424   progress : 0.448
name: models.architecture.block_type=cls
training.mode=rollout
training.rollout_steps=16    avg_loss: 0.000000606082  time_per_window : 0.000479   progress : 0.459
name: models.architecture.block_type=cls
training.mode=rollout
training.rollout_steps=16    avg_loss: 0.000000521890  time_per_window : 0.000418   progress : 0.470
name: models.architecture.block_type=cls
training.mode=rollout
training.rollout_steps=16    avg_loss: 0.000000630976  time_per_window : 0.000424   progress : 0.481
name: models.architecture.block_type=cls
training.mode=rollout
training.rollout_steps=16    avg_loss: 0.000000683549  time_per_window : 0.000445   progress : 0.492
name: models.architecture.block_type=cls
training.mode=rollout
training.rollout_steps=16    avg_loss: 0.000000555305  time_per_window : 0.000454   progress : 0.502
name: models.architecture.block_type=cls
training.mode=rollout
training.rollout_steps=16    avg_loss: 0.000000573964  time_per_window : 0.000407   progress : 0.513
name: models.architecture.block_type=cls
training.mode=rollout
training.rollout_steps=16    avg_loss: 0.000000535034  time_per_window : 0.000477   progress : 0.524
name: models.architecture.block_type=cls
training.mode=rollout
training.rollout_steps=16    avg_loss: 0.000000721901  time_per_window : 0.000431   progress : 0.535
name: models.architecture.block_type=cls
training.mode=rollout
training.rollout_steps=16    avg_loss: 0.000001049768  time_per_window : 0.000479   progress : 0.546
name: models.architecture.block_type=cls
training.mode=rollout
training.rollout_steps=16    avg_loss: 0.000000907878  time_per_window : 0.000466   progress : 0.557
name: models.architecture.block_type=cls
training.mode=rollout
training.rollout_steps=16    avg_loss: 0.000000592547  time_per_window : 0.000419   progress : 0.568
name: models.architecture.block_type=cls
training.mode=rollout
training.rollout_steps=16    avg_loss: 0.000000506527  time_per_window : 0.000428   progress : 0.579
name: models.architecture.block_type=cls
training.mode=rollout
training.rollout_steps=16    avg_loss: 0.000000756725  time_per_window : 0.000443   progress : 0.590
name: models.architecture.block_type=cls
training.mode=rollout
training.rollout_steps=16    avg_loss: 0.000000469874  time_per_window : 0.000477   progress : 0.601
name: models.architecture.block_type=cls
training.mode=rollout
training.rollout_steps=16    avg_loss: 0.000000522139  time_per_window : 0.000426   progress : 0.612
name: models.architecture.block_type=cls
training.mode=rollout
training.rollout_steps=16    avg_loss: 0.000000570518  time_per_window : 0.000448   progress : 0.623
name: models.architecture.block_type=cls
training.mode=rollout
training.rollout_steps=16    avg_loss: 0.000000625398  time_per_window : 0.000457   progress : 0.634
name: models.architecture.block_type=cls
training.mode=rollout
training.rollout_steps=16    avg_loss: 0.000000577075  time_per_window : 0.000417   progress : 0.644
name: models.architecture.block_type=cls
training.mode=rollout
training.rollout_steps=16    avg_loss: 0.000001599212  time_per_window : 0.000478   progress : 0.655
name: models.architecture.block_type=cls
training.mode=rollout
training.rollout_steps=16    avg_loss: 0.000000581648  time_per_window : 0.000409   progress : 0.666
name: models.architecture.block_type=cls
training.mode=rollout
training.rollout_steps=16    avg_loss: 0.000000597083  time_per_window : 0.000465   progress : 0.677
name: models.architecture.block_type=cls
training.mode=rollout
training.rollout_steps=16    avg_loss: 0.000000521017  time_per_window : 0.000479   progress : 0.688
name: models.architecture.block_type=cls
training.mode=rollout
training.rollout_steps=16    avg_loss: 0.000000615433  time_per_window : 0.000428   progress : 0.699
name: models.architecture.block_type=cls
training.mode=rollout
training.rollout_steps=16    avg_loss: 0.000000979561  time_per_window : 0.000482   progress : 0.710
name: models.architecture.block_type=cls
training.mode=rollout
training.rollout_steps=16    avg_loss: 0.000000568614  time_per_window : 0.000438   progress : 0.721
name: models.architecture.block_type=cls
training.mode=rollout
training.rollout_steps=16    avg_loss: 0.000000551984  time_per_window : 0.000495   progress : 0.732
name: models.architecture.block_type=cls
training.mode=rollout
training.rollout_steps=16    avg_loss: 0.000000416120  time_per_window : 0.000428   progress : 0.743
name: models.architecture.block_type=cls
training.mode=rollout
training.rollout_steps=16    avg_loss: 0.000000464297  time_per_window : 0.000454   progress : 0.754
name: models.architecture.block_type=cls
training.mode=rollout
training.rollout_steps=16    avg_loss: 0.000000349814  time_per_window : 0.000400   progress : 0.765
name: models.architecture.block_type=cls
training.mode=rollout
training.rollout_steps=16    avg_loss: 0.000000508053  time_per_window : 0.000474   progress : 0.775
name: models.architecture.block_type=cls
training.mode=rollout
training.rollout_steps=16    avg_loss: 0.000000449099  time_per_window : 0.000438   progress : 0.786
name: models.architecture.block_type=cls
training.mode=rollout
training.rollout_steps=16    avg_loss: 0.000000404268  time_per_window : 0.000440   progress : 0.797
name: models.architecture.block_type=cls
training.mode=rollout
training.rollout_steps=16    avg_loss: 0.000000459209  time_per_window : 0.000465   progress : 0.808
name: models.architecture.block_type=cls
training.mode=rollout
training.rollout_steps=16    avg_loss: 0.000000494304  time_per_window : 0.000453   progress : 0.819
name: models.architecture.block_type=cls
training.mode=rollout
training.rollout_steps=16    avg_loss: 0.000000478051  time_per_window : 0.000480   progress : 0.830
name: models.architecture.block_type=cls
training.mode=rollout
training.rollout_steps=16    avg_loss: 0.000000455596  time_per_window : 0.000422   progress : 0.841
name: models.architecture.block_type=cls
training.mode=rollout
training.rollout_steps=16    avg_loss: 0.000001494957  time_per_window : 0.000476   progress : 0.852
name: models.architecture.block_type=cls
training.mode=rollout
training.rollout_steps=16    avg_loss: 0.000000587467  time_per_window : 0.000440   progress : 0.863
name: models.architecture.block_type=cls
training.mode=rollout
training.rollout_steps=16    avg_loss: 0.000000473827  time_per_window : 0.000405   progress : 0.874
name: models.architecture.block_type=cls
training.mode=rollout
training.rollout_steps=16    avg_loss: 0.000000683428  time_per_window : 0.000451   progress : 0.885
name: models.architecture.block_type=cls
training.mode=rollout
training.rollout_steps=16    avg_loss: 0.000000725386  time_per_window : 0.000434   progress : 0.896
name: models.architecture.block_type=cls
training.mode=rollout
training.rollout_steps=16    avg_loss: 0.000000376350  time_per_window : 0.000437   progress : 0.907
name: models.architecture.block_type=cls
training.mode=rollout
training.rollout_steps=16    avg_loss: 0.000000397954  time_per_window : 0.000436   progress : 0.917
name: models.architecture.block_type=cls
training.mode=rollout
training.rollout_steps=16    avg_loss: 0.000000408692  time_per_window : 0.000453   progress : 0.928
name: models.architecture.block_type=cls
training.mode=rollout
training.rollout_steps=16    avg_loss: 0.000000412263  time_per_window : 0.000465   progress : 0.939
name: models.architecture.block_type=cls
training.mode=rollout
training.rollout_steps=16    avg_loss: 0.000000433410  time_per_window : 0.000418   progress : 0.950
name: models.architecture.block_type=cls
training.mode=rollout
training.rollout_steps=16    avg_loss: 0.000000369794  time_per_window : 0.000450   progress : 0.961
name: models.architecture.block_type=cls
training.mode=rollout
training.rollout_steps=16    avg_loss: 0.000000398863  time_per_window : 0.000452   progress : 0.972
name: models.architecture.block_type=cls
training.mode=rollout
training.rollout_steps=16    avg_loss: 0.000000424295  time_per_window : 0.000448   progress : 0.983
name: models.architecture.block_type=cls
training.mode=rollout
training.rollout_steps=16    avg_loss: 0.000000306816  time_per_window : 0.000432   progress : 0.994
DONE!!!
