/media/egghead/Scratch/joey/Thesis/mavenv/lib/python3.11/site-packages/hydra/_internal/defaults_list.py:251: UserWarning: In 'config': Defaults list is missing `_self_`. See https://hydra.cc/docs/1.2/upgrades/1.0_to_1.1/default_composition_order for more information
  warnings.warn(msg, UserWarning)
Using cuda device
[2026-07-27 13:05:53,743][HYDRA] Joblib.Parallel(n_jobs=6,backend=loky,prefer=processes,require=None,verbose=0,timeout=None,pre_dispatch=2*n_jobs,batch_size=auto,temp_folder=None,max_nbytes=None,mmap_mode=r) is launching 1 jobs
[2026-07-27 13:05:53,743][HYDRA] Launching jobs, sweep output dir : ablation_logvar/runs/2026-07-27_13-05-43/cls_gml_out10
[2026-07-27 13:05:53,743][HYDRA] 	#0 : models.architecture.block_type=cls training.mode=gml_rollout models.out_dim=10 seed=0
/media/egghead/Scratch/joey/Thesis/mavenv/lib/python3.11/site-packages/hydra/_internal/defaults_list.py:251: UserWarning: In 'config': Defaults list is missing `_self_`. See https://hydra.cc/docs/1.2/upgrades/1.0_to_1.1/default_composition_order for more information
  warnings.warn(msg, UserWarning)
models:
  n_dim: 23
  out_dim: 10
  architecture:
    d_model: 128
    n_encoder_layers: 2
    n_decoder_layers: 0
    block_type: cls
    time_adapter: last_token
    in_norm: none
    out_norm: none
    layer_scale: 0.0001
    drop_path: 0.05
    mamba_type: mamba
    mamba_kwargs:
      d_state: 16
      d_conv: 2
      expand: 2
      norm: rms
    skip: false
    cls_kwargs:
      n_heads: 2
      n_mlp: 2
      positional_encoding: false
      max_len: 5000
input_len: 32
output_len: 1
batch_size: 128
epochs: 5
seed: 0
dataset:
  path: /media/egghead/Scratch/joey/simulation_data/patient_one_data.zarr/
  training_size: 1500000
evaluation:
  path: /media/egghead/Scratch/joey/simulation_data/patient_two_data.zarr/
  evaluation_size: 50
training:
  mode: gml_rollout
  lr: 0.0002
  weight_decay: 0.1
  rollout_steps: 16
checkpoint:
  save_path: hydra-test.pth
  load: false
  path: hydra-test.pth
compile: true

/media/egghead/Scratch/joey/Thesis/mavenv/lib/python3.11/site-packages/torch/_inductor/cudagraph_trees.py:2622: UserWarning: Unable to hit fast path of CUDAGraphs because outputs from a previous step still require backward. Ensure backward() is invoked or detach outputs. You may also call torch.compiler.cudagraph_mark_step_begin() before each model invocation.
  warnings.warn(
name: models.architecture.block_type=cls
training.mode=gml_rollout
models.out_dim=10
seed=0    avg_loss: 0.000072854687  time_per_window : 0.000391   progress : 0.011
name: models.architecture.block_type=cls
training.mode=gml_rollout
models.out_dim=10
seed=0    avg_loss: 0.000000463026  time_per_window : 0.000436   progress : 0.022
name: models.architecture.block_type=cls
training.mode=gml_rollout
models.out_dim=10
seed=0    avg_loss: 0.000000273082  time_per_window : 0.000437   progress : 0.033
name: models.architecture.block_type=cls
training.mode=gml_rollout
models.out_dim=10
seed=0    avg_loss: 0.000000210873  time_per_window : 0.000339   progress : 0.044
name: models.architecture.block_type=cls
training.mode=gml_rollout
models.out_dim=10
seed=0    avg_loss: 0.000000177555  time_per_window : 0.000549   progress : 0.055
name: models.architecture.block_type=cls
training.mode=gml_rollout
models.out_dim=10
seed=0    avg_loss: 0.000000153480  time_per_window : 0.000392   progress : 0.066
name: models.architecture.block_type=cls
training.mode=gml_rollout
models.out_dim=10
seed=0    avg_loss: 0.000000142085  time_per_window : 0.000449   progress : 0.076
name: models.architecture.block_type=cls
training.mode=gml_rollout
models.out_dim=10
seed=0    avg_loss: 0.000000127670  time_per_window : 0.000451   progress : 0.087
name: models.architecture.block_type=cls
training.mode=gml_rollout
models.out_dim=10
seed=0    avg_loss: 0.000000112941  time_per_window : 0.000512   progress : 0.098
name: models.architecture.block_type=cls
training.mode=gml_rollout
models.out_dim=10
seed=0    avg_loss: 0.000000099471  time_per_window : 0.000468   progress : 0.109
name: models.architecture.block_type=cls
training.mode=gml_rollout
models.out_dim=10
seed=0    avg_loss: 0.000000097283  time_per_window : 0.000506   progress : 0.120
name: models.architecture.block_type=cls
training.mode=gml_rollout
models.out_dim=10
seed=0    avg_loss: 0.000000090557  time_per_window : 0.000436   progress : 0.131
name: models.architecture.block_type=cls
training.mode=gml_rollout
models.out_dim=10
seed=0    avg_loss: 0.000000079873  time_per_window : 0.000374   progress : 0.142
name: models.architecture.block_type=cls
training.mode=gml_rollout
models.out_dim=10
seed=0    avg_loss: 0.000000082366  time_per_window : 0.000546   progress : 0.153
name: models.architecture.block_type=cls
training.mode=gml_rollout
models.out_dim=10
seed=0    avg_loss: 0.000000080742  time_per_window : 0.000459   progress : 0.164
name: models.architecture.block_type=cls
training.mode=gml_rollout
models.out_dim=10
seed=0    avg_loss: 0.000000080609  time_per_window : 0.000466   progress : 0.175
name: models.architecture.block_type=cls
training.mode=gml_rollout
models.out_dim=10
seed=0    avg_loss: 0.000000081249  time_per_window : 0.000560   progress : 0.186
name: models.architecture.block_type=cls
training.mode=gml_rollout
models.out_dim=10
seed=0    avg_loss: 0.000000078485  time_per_window : 0.000509   progress : 0.197
name: models.architecture.block_type=cls
training.mode=gml_rollout
models.out_dim=10
seed=0    avg_loss: 0.000000115339  time_per_window : 0.000377   progress : 0.208
name: models.architecture.block_type=cls
training.mode=gml_rollout
models.out_dim=10
seed=0    avg_loss: 0.000000105146  time_per_window : 0.000432   progress : 0.218
name: models.architecture.block_type=cls
training.mode=gml_rollout
models.out_dim=10
seed=0    avg_loss: 0.000000095769  time_per_window : 0.000507   progress : 0.229
name: models.architecture.block_type=cls
training.mode=gml_rollout
models.out_dim=10
seed=0    avg_loss: 0.000000081323  time_per_window : 0.000475   progress : 0.240
name: models.architecture.block_type=cls
training.mode=gml_rollout
models.out_dim=10
seed=0    avg_loss: 0.000000115017  time_per_window : 0.000379   progress : 0.251
name: models.architecture.block_type=cls
training.mode=gml_rollout
models.out_dim=10
seed=0    avg_loss: 0.000000110846  time_per_window : 0.000501   progress : 0.262
name: models.architecture.block_type=cls
training.mode=gml_rollout
models.out_dim=10
seed=0    avg_loss: 0.000000106086  time_per_window : 0.000464   progress : 0.273
name: models.architecture.block_type=cls
training.mode=gml_rollout
models.out_dim=10
seed=0    avg_loss: 0.000000098927  time_per_window : 0.000406   progress : 0.284
name: models.architecture.block_type=cls
training.mode=gml_rollout
models.out_dim=10
seed=0    avg_loss: 0.000000119941  time_per_window : 0.000503   progress : 0.295
name: models.architecture.block_type=cls
training.mode=gml_rollout
models.out_dim=10
seed=0    avg_loss: 0.000000096222  time_per_window : 0.000421   progress : 0.306
name: models.architecture.block_type=cls
training.mode=gml_rollout
models.out_dim=10
seed=0    avg_loss: 0.000000108474  time_per_window : 0.000533   progress : 0.317
name: models.architecture.block_type=cls
training.mode=gml_rollout
models.out_dim=10
seed=0    avg_loss: 0.000000089885  time_per_window : 0.000409   progress : 0.328
name: models.architecture.block_type=cls
training.mode=gml_rollout
models.out_dim=10
seed=0    avg_loss: 0.000000137568  time_per_window : 0.000437   progress : 0.339
name: models.architecture.block_type=cls
training.mode=gml_rollout
models.out_dim=10
seed=0    avg_loss: 0.000000086065  time_per_window : 0.000434   progress : 0.350
name: models.architecture.block_type=cls
training.mode=gml_rollout
models.out_dim=10
seed=0    avg_loss: 0.000000108452  time_per_window : 0.000448   progress : 0.360
name: models.architecture.block_type=cls
training.mode=gml_rollout
models.out_dim=10
seed=0    avg_loss: 0.000000104900  time_per_window : 0.000450   progress : 0.371
name: models.architecture.block_type=cls
training.mode=gml_rollout
models.out_dim=10
seed=0    avg_loss: 0.000000114629  time_per_window : 0.000517   progress : 0.382
name: models.architecture.block_type=cls
training.mode=gml_rollout
models.out_dim=10
seed=0    avg_loss: 0.000000103052  time_per_window : 0.000543   progress : 0.393
name: models.architecture.block_type=cls
training.mode=gml_rollout
models.out_dim=10
seed=0    avg_loss: 0.000000085270  time_per_window : 0.000365   progress : 0.404
name: models.architecture.block_type=cls
training.mode=gml_rollout
models.out_dim=10
seed=0    avg_loss: 0.000000108178  time_per_window : 0.000485   progress : 0.415
name: models.architecture.block_type=cls
training.mode=gml_rollout
models.out_dim=10
seed=0    avg_loss: 0.000000097504  time_per_window : 0.000470   progress : 0.426
name: models.architecture.block_type=cls
training.mode=gml_rollout
models.out_dim=10
seed=0    avg_loss: 0.000000098640  time_per_window : 0.000400   progress : 0.437
name: models.architecture.block_type=cls
training.mode=gml_rollout
models.out_dim=10
seed=0    avg_loss: 0.000000079610  time_per_window : 0.000457   progress : 0.448
name: models.architecture.block_type=cls
training.mode=gml_rollout
models.out_dim=10
seed=0    avg_loss: 0.000000094093  time_per_window : 0.000436   progress : 0.459
name: models.architecture.block_type=cls
training.mode=gml_rollout
models.out_dim=10
seed=0    avg_loss: 0.000000101334  time_per_window : 0.000497   progress : 0.470
name: models.architecture.block_type=cls
training.mode=gml_rollout
models.out_dim=10
seed=0    avg_loss: 0.000000081580  time_per_window : 0.000367   progress : 0.481
name: models.architecture.block_type=cls
training.mode=gml_rollout
models.out_dim=10
seed=0    avg_loss: 0.000000102137  time_per_window : 0.000352   progress : 0.492
name: models.architecture.block_type=cls
training.mode=gml_rollout
models.out_dim=10
seed=0    avg_loss: 0.000000089493  time_per_window : 0.000471   progress : 0.502
name: models.architecture.block_type=cls
training.mode=gml_rollout
models.out_dim=10
seed=0    avg_loss: 0.000000090740  time_per_window : 0.000489   progress : 0.513
name: models.architecture.block_type=cls
training.mode=gml_rollout
models.out_dim=10
seed=0    avg_loss: 0.000000089041  time_per_window : 0.000502   progress : 0.524
name: models.architecture.block_type=cls
training.mode=gml_rollout
models.out_dim=10
seed=0    avg_loss: 0.000000089175  time_per_window : 0.000336   progress : 0.535
name: models.architecture.block_type=cls
training.mode=gml_rollout
models.out_dim=10
seed=0    avg_loss: 0.000000083822  time_per_window : 0.000544   progress : 0.546/media/egghead/Scratch/joey/Thesis/mavenv/lib/python3.11/site-packages/torch/_inductor/cudagraph_trees.py:2622: UserWarning: Unable to hit fast path of CUDAGraphs because outputs from a previous step still require backward. Ensure backward() is invoked or detach outputs. You may also call torch.compiler.cudagraph_mark_step_begin() before each model invocation.
  warnings.warn(
/media/egghead/Scratch/joey/Thesis/mavenv/lib/python3.11/site-packages/torch/_inductor/cudagraph_trees.py:2622: UserWarning: Unable to hit fast path of CUDAGraphs because outputs from a previous step still require backward. Ensure backward() is invoked or detach outputs. You may also call torch.compiler.cudagraph_mark_step_begin() before each model invocation.
  warnings.warn(

name: models.architecture.block_type=cls
training.mode=gml_rollout
models.out_dim=10
seed=0    avg_loss: 0.000000078593  time_per_window : 0.000428   progress : 0.557
name: models.architecture.block_type=cls
training.mode=gml_rollout
models.out_dim=10
seed=0    avg_loss: 0.000000094951  time_per_window : 0.000436   progress : 0.568
name: models.architecture.block_type=cls
training.mode=gml_rollout
models.out_dim=10
seed=0    avg_loss: 0.000000078964  time_per_window : 0.000440   progress : 0.579
name: models.architecture.block_type=cls
training.mode=gml_rollout
models.out_dim=10
seed=0    avg_loss: 0.000000076909  time_per_window : 0.000452   progress : 0.590
name: models.architecture.block_type=cls
training.mode=gml_rollout
models.out_dim=10
seed=0    avg_loss: 0.000000074503  time_per_window : 0.000452   progress : 0.601
name: models.architecture.block_type=cls
training.mode=gml_rollout
models.out_dim=10
seed=0    avg_loss: 0.000000088274  time_per_window : 0.000467   progress : 0.612
name: models.architecture.block_type=cls
training.mode=gml_rollout
models.out_dim=10
seed=0    avg_loss: 0.000000084331  time_per_window : 0.000545   progress : 0.623
name: models.architecture.block_type=cls
training.mode=gml_rollout
models.out_dim=10
seed=0    avg_loss: 0.000000071373  time_per_window : 0.000457   progress : 0.634
name: models.architecture.block_type=cls
training.mode=gml_rollout
models.out_dim=10
seed=0    avg_loss: 0.000000069398  time_per_window : 0.000574   progress : 0.644
name: models.architecture.block_type=cls
training.mode=gml_rollout
models.out_dim=10
seed=0    avg_loss: 0.000000076061  time_per_window : 0.000470   progress : 0.655
name: models.architecture.block_type=cls
training.mode=gml_rollout
models.out_dim=10
seed=0    avg_loss: 0.000000065485  time_per_window : 0.000541   progress : 0.666
name: models.architecture.block_type=cls
training.mode=gml_rollout
models.out_dim=10
seed=0    avg_loss: 0.000000068097  time_per_window : 0.000421   progress : 0.677
name: models.architecture.block_type=cls
training.mode=gml_rollout
models.out_dim=10
seed=0    avg_loss: 0.000000078949  time_per_window : 0.000347   progress : 0.688
name: models.architecture.block_type=cls
training.mode=gml_rollout
models.out_dim=10
seed=0    avg_loss: 0.000000067042  time_per_window : 0.000374   progress : 0.699
name: models.architecture.block_type=cls
training.mode=gml_rollout
models.out_dim=10
seed=0    avg_loss: 0.000000071667  time_per_window : 0.000401   progress : 0.710
name: models.architecture.block_type=cls
training.mode=gml_rollout
models.out_dim=10
seed=0    avg_loss: 0.000000067935  time_per_window : 0.000375   progress : 0.721
name: models.architecture.block_type=cls
training.mode=gml_rollout
models.out_dim=10
seed=0    avg_loss: 0.000000059354  time_per_window : 0.000546   progress : 0.732
name: models.architecture.block_type=cls
training.mode=gml_rollout
models.out_dim=10
seed=0    avg_loss: 0.000000067044  time_per_window : 0.000442   progress : 0.743
name: models.architecture.block_type=cls
training.mode=gml_rollout
models.out_dim=10
seed=0    avg_loss: 0.000000067287  time_per_window : 0.000518   progress : 0.754
name: models.architecture.block_type=cls
training.mode=gml_rollout
models.out_dim=10
seed=0    avg_loss: 0.000000074991  time_per_window : 0.000441   progress : 0.765
name: models.architecture.block_type=cls
training.mode=gml_rollout
models.out_dim=10
seed=0    avg_loss: 0.000000062262  time_per_window : 0.000462   progress : 0.775
name: models.architecture.block_type=cls
training.mode=gml_rollout
models.out_dim=10
seed=0    avg_loss: 0.000000063376  time_per_window : 0.000396   progress : 0.786
name: models.architecture.block_type=cls
training.mode=gml_rollout
models.out_dim=10
seed=0    avg_loss: 0.000000061545  time_per_window : 0.000405   progress : 0.797
name: models.architecture.block_type=cls
training.mode=gml_rollout
models.out_dim=10
seed=0    avg_loss: 0.000000052875  time_per_window : 0.000475   progress : 0.808
name: models.architecture.block_type=cls
training.mode=gml_rollout
models.out_dim=10
seed=0    avg_loss: 0.000000058372  time_per_window : 0.000391   progress : 0.819
name: models.architecture.block_type=cls
training.mode=gml_rollout
models.out_dim=10
seed=0    avg_loss: 0.000000058953  time_per_window : 0.000556   progress : 0.830
name: models.architecture.block_type=cls
training.mode=gml_rollout
models.out_dim=10
seed=0    avg_loss: 0.000000056371  time_per_window : 0.000430   progress : 0.841
name: models.architecture.block_type=cls
training.mode=gml_rollout
models.out_dim=10
seed=0    avg_loss: 0.000000060228  time_per_window : 0.000563   progress : 0.852
name: models.architecture.block_type=cls
training.mode=gml_rollout
models.out_dim=10
seed=0    avg_loss: 0.000000061442  time_per_window : 0.000450   progress : 0.863
name: models.architecture.block_type=cls
training.mode=gml_rollout
models.out_dim=10
seed=0    avg_loss: 0.000000058321  time_per_window : 0.000447   progress : 0.874
name: models.architecture.block_type=cls
training.mode=gml_rollout
models.out_dim=10
seed=0    avg_loss: 0.000000051193  time_per_window : 0.000521   progress : 0.885
name: models.architecture.block_type=cls
training.mode=gml_rollout
models.out_dim=10
seed=0    avg_loss: 0.000000049838  time_per_window : 0.000438   progress : 0.896
name: models.architecture.block_type=cls
training.mode=gml_rollout
models.out_dim=10
seed=0    avg_loss: 0.000000053076  time_per_window : 0.000479   progress : 0.907
name: models.architecture.block_type=cls
training.mode=gml_rollout
models.out_dim=10
seed=0    avg_loss: 0.000000055587  time_per_window : 0.000507   progress : 0.917
name: models.architecture.block_type=cls
training.mode=gml_rollout
models.out_dim=10
seed=0    avg_loss: 0.000000049725  time_per_window : 0.000392   progress : 0.928
name: models.architecture.block_type=cls
training.mode=gml_rollout
models.out_dim=10
seed=0    avg_loss: 0.000000057274  time_per_window : 0.000586   progress : 0.939
name: models.architecture.block_type=cls
training.mode=gml_rollout
models.out_dim=10
seed=0    avg_loss: 0.000000048739  time_per_window : 0.000472   progress : 0.950
name: models.architecture.block_type=cls
training.mode=gml_rollout
models.out_dim=10
seed=0    avg_loss: 0.000000053352  time_per_window : 0.000513   progress : 0.961
name: models.architecture.block_type=cls
training.mode=gml_rollout
models.out_dim=10
seed=0    avg_loss: 0.000000045258  time_per_window : 0.000449   progress : 0.972
name: models.architecture.block_type=cls
training.mode=gml_rollout
models.out_dim=10
seed=0    avg_loss: 0.000000053963  time_per_window : 0.000437   progress : 0.983
name: models.architecture.block_type=cls
training.mode=gml_rollout
models.out_dim=10
seed=0    avg_loss: 0.000000046657  time_per_window : 0.000479   progress : 0.994
name: models.architecture.block_type=cls
training.mode=gml_rollout
models.out_dim=10
seed=0    avg_loss: 0.000000132275  time_per_window : 0.000592   progress : 0.011
name: models.architecture.block_type=cls
training.mode=gml_rollout
models.out_dim=10
seed=0    avg_loss: 0.000000045026  time_per_window : 0.000589   progress : 0.022
name: models.architecture.block_type=cls
training.mode=gml_rollout
models.out_dim=10
seed=0    avg_loss: 0.000000049013  time_per_window : 0.000484   progress : 0.033
name: models.architecture.block_type=cls
training.mode=gml_rollout
models.out_dim=10
seed=0    avg_loss: 0.000000049961  time_per_window : 0.000600   progress : 0.044
name: models.architecture.block_type=cls
training.mode=gml_rollout
models.out_dim=10
seed=0    avg_loss: 0.000000051179  time_per_window : 0.000591   progress : 0.055
name: models.architecture.block_type=cls
training.mode=gml_rollout
models.out_dim=10
seed=0    avg_loss: 0.000000043625  time_per_window : 0.000690   progress : 0.066
name: models.architecture.block_type=cls
training.mode=gml_rollout
models.out_dim=10
seed=0    avg_loss: 0.000000055689  time_per_window : 0.000607   progress : 0.076
name: models.architecture.block_type=cls
training.mode=gml_rollout
models.out_dim=10
seed=0    avg_loss: 0.000000049411  time_per_window : 0.000435   progress : 0.087
name: models.architecture.block_type=cls
training.mode=gml_rollout
models.out_dim=10
seed=0    avg_loss: 0.000000048912  time_per_window : 0.000597   progress : 0.098
name: models.architecture.block_type=cls
training.mode=gml_rollout
models.out_dim=10
seed=0    avg_loss: 0.000000049402  time_per_window : 0.000652   progress : 0.109
name: models.architecture.block_type=cls
training.mode=gml_rollout
models.out_dim=10
seed=0    avg_loss: 0.000000045281  time_per_window : 0.000626   progress : 0.120
name: models.architecture.block_type=cls
training.mode=gml_rollout
models.out_dim=10
seed=0    avg_loss: 0.000000052458  time_per_window : 0.000464   progress : 0.131
name: models.architecture.block_type=cls
training.mode=gml_rollout
models.out_dim=10
seed=0    avg_loss: 0.000000044576  time_per_window : 0.000498   progress : 0.142
name: models.architecture.block_type=cls
training.mode=gml_rollout
models.out_dim=10
seed=0    avg_loss: 0.000000051967  time_per_window : 0.000617   progress : 0.153
name: models.architecture.block_type=cls
training.mode=gml_rollout
models.out_dim=10
seed=0    avg_loss: 0.000000044913  time_per_window : 0.000472   progress : 0.164
name: models.architecture.block_type=cls
training.mode=gml_rollout
models.out_dim=10
seed=0    avg_loss: 0.000000044304  time_per_window : 0.000592   progress : 0.175
name: models.architecture.block_type=cls
training.mode=gml_rollout
models.out_dim=10
seed=0    avg_loss: 0.000000051716  time_per_window : 0.000527   progress : 0.186
name: models.architecture.block_type=cls
training.mode=gml_rollout
models.out_dim=10
seed=0    avg_loss: 0.000000041423  time_per_window : 0.000462   progress : 0.197
name: models.architecture.block_type=cls
training.mode=gml_rollout
models.out_dim=10
seed=0    avg_loss: 0.000000038372  time_per_window : 0.000474   progress : 0.208
name: models.architecture.block_type=cls
training.mode=gml_rollout
models.out_dim=10
seed=0    avg_loss: 0.000000043950  time_per_window : 0.000566   progress : 0.218
name: models.architecture.block_type=cls
training.mode=gml_rollout
models.out_dim=10
seed=0    avg_loss: 0.000000044321  time_per_window : 0.000642   progress : 0.229
name: models.architecture.block_type=cls
training.mode=gml_rollout
models.out_dim=10
seed=0    avg_loss: 0.000000041728  time_per_window : 0.000626   progress : 0.240
name: models.architecture.block_type=cls
training.mode=gml_rollout
models.out_dim=10
seed=0    avg_loss: 0.000000047924  time_per_window : 0.000609   progress : 0.251
name: models.architecture.block_type=cls
training.mode=gml_rollout
models.out_dim=10
seed=0    avg_loss: 0.000000038159  time_per_window : 0.000534   progress : 0.262
name: models.architecture.block_type=cls
training.mode=gml_rollout
models.out_dim=10
seed=0    avg_loss: 0.000000039113  time_per_window : 0.000624   progress : 0.273
name: models.architecture.block_type=cls
training.mode=gml_rollout
models.out_dim=10
seed=0    avg_loss: 0.000000047625  time_per_window : 0.000533   progress : 0.284
name: models.architecture.block_type=cls
training.mode=gml_rollout
models.out_dim=10
seed=0    avg_loss: 0.000000045602  time_per_window : 0.000624   progress : 0.295
name: models.architecture.block_type=cls
training.mode=gml_rollout
models.out_dim=10
seed=0    avg_loss: 0.000000041336  time_per_window : 0.000637   progress : 0.306
name: models.architecture.block_type=cls
training.mode=gml_rollout
models.out_dim=10
seed=0    avg_loss: 0.000000039975  time_per_window : 0.000582   progress : 0.317
name: models.architecture.block_type=cls
training.mode=gml_rollout
models.out_dim=10
seed=0    avg_loss: 0.000000039987  time_per_window : 0.000499   progress : 0.328
name: models.architecture.block_type=cls
training.mode=gml_rollout
models.out_dim=10
seed=0    avg_loss: 0.000000044101  time_per_window : 0.000640   progress : 0.339
name: models.architecture.block_type=cls
training.mode=gml_rollout
models.out_dim=10
seed=0    avg_loss: 0.000000041335  time_per_window : 0.000611   progress : 0.350
name: models.architecture.block_type=cls
training.mode=gml_rollout
models.out_dim=10
seed=0    avg_loss: 0.000000044612  time_per_window : 0.000506   progress : 0.360
name: models.architecture.block_type=cls
training.mode=gml_rollout
models.out_dim=10
seed=0    avg_loss: 0.000000036455  time_per_window : 0.000641   progress : 0.371
name: models.architecture.block_type=cls
training.mode=gml_rollout
models.out_dim=10
seed=0    avg_loss: 0.000000036957  time_per_window : 0.000649   progress : 0.382
name: models.architecture.block_type=cls
training.mode=gml_rollout
models.out_dim=10
seed=0    avg_loss: 0.000000042489  time_per_window : 0.000599   progress : 0.393
name: models.architecture.block_type=cls
training.mode=gml_rollout
models.out_dim=10
seed=0    avg_loss: 0.000000037307  time_per_window : 0.000624   progress : 0.404
name: models.architecture.block_type=cls
training.mode=gml_rollout
models.out_dim=10
seed=0    avg_loss: 0.000000038669  time_per_window : 0.000508   progress : 0.415
name: models.architecture.block_type=cls
training.mode=gml_rollout
models.out_dim=10
seed=0    avg_loss: 0.000000030565  time_per_window : 0.000669   progress : 0.426
name: models.architecture.block_type=cls
training.mode=gml_rollout
models.out_dim=10
seed=0    avg_loss: 0.000000034877  time_per_window : 0.000627   progress : 0.437
name: models.architecture.block_type=cls
training.mode=gml_rollout
models.out_dim=10
seed=0    avg_loss: 0.000000038924  time_per_window : 0.000476   progress : 0.448
name: models.architecture.block_type=cls
training.mode=gml_rollout
models.out_dim=10
seed=0    avg_loss: 0.000000038764  time_per_window : 0.000667   progress : 0.459
name: models.architecture.block_type=cls
training.mode=gml_rollout
models.out_dim=10
seed=0    avg_loss: 0.000000038616  time_per_window : 0.000475   progress : 0.470
name: models.architecture.block_type=cls
training.mode=gml_rollout
models.out_dim=10
seed=0    avg_loss: 0.000000036240  time_per_window : 0.000627   progress : 0.481
name: models.architecture.block_type=cls
training.mode=gml_rollout
models.out_dim=10
seed=0    avg_loss: 0.000000038391  time_per_window : 0.000526   progress : 0.492
name: models.architecture.block_type=cls
training.mode=gml_rollout
models.out_dim=10
seed=0    avg_loss: 0.000000031795  time_per_window : 0.000502   progress : 0.502
name: models.architecture.block_type=cls
training.mode=gml_rollout
models.out_dim=10
seed=0    avg_loss: 0.000000038207  time_per_window : 0.000613   progress : 0.513
name: models.architecture.block_type=cls
training.mode=gml_rollout
models.out_dim=10
seed=0    avg_loss: 0.000000034357  time_per_window : 0.000643   progress : 0.524
name: models.architecture.block_type=cls
training.mode=gml_rollout
models.out_dim=10
seed=0    avg_loss: 0.000000032703  time_per_window : 0.000598   progress : 0.535
name: models.architecture.block_type=cls
training.mode=gml_rollout
models.out_dim=10
seed=0    avg_loss: 0.000000035561  time_per_window : 0.000609   progress : 0.546
name: models.architecture.block_type=cls
training.mode=gml_rollout
models.out_dim=10
seed=0    avg_loss: 0.000000028397  time_per_window : 0.000642   progress : 0.557
name: models.architecture.block_type=cls
training.mode=gml_rollout
models.out_dim=10
seed=0    avg_loss: 0.000000035319  time_per_window : 0.000597   progress : 0.568
name: models.architecture.block_type=cls
training.mode=gml_rollout
models.out_dim=10
seed=0    avg_loss: 0.000000029494  time_per_window : 0.000564   progress : 0.579
name: models.architecture.block_type=cls
training.mode=gml_rollout
models.out_dim=10
seed=0    avg_loss: 0.000000032048  time_per_window : 0.000627   progress : 0.590
name: models.architecture.block_type=cls
training.mode=gml_rollout
models.out_dim=10
seed=0    avg_loss: 0.000000027788  time_per_window : 0.000487   progress : 0.601
name: models.architecture.block_type=cls
training.mode=gml_rollout
models.out_dim=10
seed=0    avg_loss: 0.000000035639  time_per_window : 0.000607   progress : 0.612
name: models.architecture.block_type=cls
training.mode=gml_rollout
models.out_dim=10
seed=0    avg_loss: 0.000000034105  time_per_window : 0.000600   progress : 0.623
name: models.architecture.block_type=cls
training.mode=gml_rollout
models.out_dim=10
seed=0    avg_loss: 0.000000028270  time_per_window : 0.000627   progress : 0.634
name: models.architecture.block_type=cls
training.mode=gml_rollout
models.out_dim=10
seed=0    avg_loss: 0.000000028153  time_per_window : 0.000670   progress : 0.644
name: models.architecture.block_type=cls
training.mode=gml_rollout
models.out_dim=10
seed=0    avg_loss: 0.000000027591  time_per_window : 0.000562   progress : 0.655
name: models.architecture.block_type=cls
training.mode=gml_rollout
models.out_dim=10
seed=0    avg_loss: 0.000000027789  time_per_window : 0.000609   progress : 0.666
name: models.architecture.block_type=cls
training.mode=gml_rollout
models.out_dim=10
seed=0    avg_loss: 0.000000027702  time_per_window : 0.000600   progress : 0.677
name: models.architecture.block_type=cls
training.mode=gml_rollout
models.out_dim=10
seed=0    avg_loss: 0.000000032203  time_per_window : 0.000498   progress : 0.688
name: models.architecture.block_type=cls
training.mode=gml_rollout
models.out_dim=10
seed=0    avg_loss: 0.000000029810  time_per_window : 0.000597   progress : 0.699
name: models.architecture.block_type=cls
training.mode=gml_rollout
models.out_dim=10
seed=0    avg_loss: 0.000000030250  time_per_window : 0.000478   progress : 0.710
name: models.architecture.block_type=cls
training.mode=gml_rollout
models.out_dim=10
seed=0    avg_loss: 0.000000025679  time_per_window : 0.000620   progress : 0.721
name: models.architecture.block_type=cls
training.mode=gml_rollout
models.out_dim=10
seed=0    avg_loss: 0.000000026569  time_per_window : 0.000605   progress : 0.732
name: models.architecture.block_type=cls
training.mode=gml_rollout
models.out_dim=10
seed=0    avg_loss: 0.000000032737  time_per_window : 0.000676   progress : 0.743
name: models.architecture.block_type=cls
training.mode=gml_rollout
models.out_dim=10
seed=0    avg_loss: 0.000000028803  time_per_window : 0.000630   progress : 0.754
name: models.architecture.block_type=cls
training.mode=gml_rollout
models.out_dim=10
seed=0    avg_loss: 0.000000029229  time_per_window : 0.000627   progress : 0.765
name: models.architecture.block_type=cls
training.mode=gml_rollout
models.out_dim=10
seed=0    avg_loss: 0.000000028646  time_per_window : 0.000662   progress : 0.775
name: models.architecture.block_type=cls
training.mode=gml_rollout
models.out_dim=10
seed=0    avg_loss: 0.000000025829  time_per_window : 0.000578   progress : 0.786
name: models.architecture.block_type=cls
training.mode=gml_rollout
models.out_dim=10
seed=0    avg_loss: 0.000000025145  time_per_window : 0.000617   progress : 0.797
name: models.architecture.block_type=cls
training.mode=gml_rollout
models.out_dim=10
seed=0    avg_loss: 0.000000024214  time_per_window : 0.000585   progress : 0.808
name: models.architecture.block_type=cls
training.mode=gml_rollout
models.out_dim=10
seed=0    avg_loss: 0.000000024822  time_per_window : 0.000571   progress : 0.819
name: models.architecture.block_type=cls
training.mode=gml_rollout
models.out_dim=10
seed=0    avg_loss: 0.000000026833  time_per_window : 0.000633   progress : 0.830
name: models.architecture.block_type=cls
training.mode=gml_rollout
models.out_dim=10
seed=0    avg_loss: 0.000000025786  time_per_window : 0.000382   progress : 0.841
name: models.architecture.block_type=cls
training.mode=gml_rollout
models.out_dim=10
seed=0    avg_loss: 0.000000024133  time_per_window : 0.000399   progress : 0.852
name: models.architecture.block_type=cls
training.mode=gml_rollout
models.out_dim=10
seed=0    avg_loss: 0.000000030171  time_per_window : 0.000439   progress : 0.863
name: models.architecture.block_type=cls
training.mode=gml_rollout
models.out_dim=10
seed=0    avg_loss: 0.000000024363  time_per_window : 0.000402   progress : 0.874
name: models.architecture.block_type=cls
training.mode=gml_rollout
models.out_dim=10
seed=0    avg_loss: 0.000000024886  time_per_window : 0.000368   progress : 0.885
name: models.architecture.block_type=cls
training.mode=gml_rollout
models.out_dim=10
seed=0    avg_loss: 0.000000023769  time_per_window : 0.000580   progress : 0.896
name: models.architecture.block_type=cls
training.mode=gml_rollout
models.out_dim=10
seed=0    avg_loss: 0.000000022823  time_per_window : 0.000594   progress : 0.907
name: models.architecture.block_type=cls
training.mode=gml_rollout
models.out_dim=10
seed=0    avg_loss: 0.000000024219  time_per_window : 0.000610   progress : 0.917
name: models.architecture.block_type=cls
training.mode=gml_rollout
models.out_dim=10
seed=0    avg_loss: 0.000000025830  time_per_window : 0.000426   progress : 0.928
name: models.architecture.block_type=cls
training.mode=gml_rollout
models.out_dim=10
seed=0    avg_loss: 0.000000025915  time_per_window : 0.000481   progress : 0.939
name: models.architecture.block_type=cls
training.mode=gml_rollout
models.out_dim=10
seed=0    avg_loss: 0.000000022038  time_per_window : 0.000644   progress : 0.950
name: models.architecture.block_type=cls
training.mode=gml_rollout
models.out_dim=10
seed=0    avg_loss: 0.000000021478  time_per_window : 0.000528   progress : 0.961
name: models.architecture.block_type=cls
training.mode=gml_rollout
models.out_dim=10
seed=0    avg_loss: 0.000000022719  time_per_window : 0.000597   progress : 0.972
name: models.architecture.block_type=cls
training.mode=gml_rollout
models.out_dim=10
seed=0    avg_loss: 0.000000023328  time_per_window : 0.000628   progress : 0.983
name: models.architecture.block_type=cls
training.mode=gml_rollout
models.out_dim=10
seed=0    avg_loss: 0.000000020868  time_per_window : 0.000474   progress : 0.994
name: models.architecture.block_type=cls
training.mode=gml_rollout
models.out_dim=10
seed=0    avg_loss: 0.000003493955  time_per_window : 0.000516   progress : 0.011
name: models.architecture.block_type=cls
training.mode=gml_rollout
models.out_dim=10
seed=0    avg_loss: 0.000000262282  time_per_window : 0.000379   progress : 0.022
name: models.architecture.block_type=cls
training.mode=gml_rollout
models.out_dim=10
seed=0    avg_loss: 0.000000205701  time_per_window : 0.000610   progress : 0.033
name: models.architecture.block_type=cls
training.mode=gml_rollout
models.out_dim=10
seed=0    avg_loss: 0.000000138429  time_per_window : 0.000582   progress : 0.044
name: models.architecture.block_type=cls
training.mode=gml_rollout
models.out_dim=10
seed=0    avg_loss: 0.000000116432  time_per_window : 0.000510   progress : 0.055
name: models.architecture.block_type=cls
training.mode=gml_rollout
models.out_dim=10
seed=0    avg_loss: 0.000000095707  time_per_window : 0.000622   progress : 0.066
name: models.architecture.block_type=cls
training.mode=gml_rollout
models.out_dim=10
seed=0    avg_loss: 0.000000106590  time_per_window : 0.000460   progress : 0.076
name: models.architecture.block_type=cls
training.mode=gml_rollout
models.out_dim=10
seed=0    avg_loss: 0.000000088198  time_per_window : 0.000646   progress : 0.087
name: models.architecture.block_type=cls
training.mode=gml_rollout
models.out_dim=10
seed=0    avg_loss: 0.000000099378  time_per_window : 0.000594   progress : 0.098
name: models.architecture.block_type=cls
training.mode=gml_rollout
models.out_dim=10
seed=0    avg_loss: 0.000000090054  time_per_window : 0.000432   progress : 0.109
name: models.architecture.block_type=cls
training.mode=gml_rollout
models.out_dim=10
seed=0    avg_loss: 0.000000095465  time_per_window : 0.000588   progress : 0.120
name: models.architecture.block_type=cls
training.mode=gml_rollout
models.out_dim=10
seed=0    avg_loss: 0.000000088697  time_per_window : 0.000574   progress : 0.131
name: models.architecture.block_type=cls
training.mode=gml_rollout
models.out_dim=10
seed=0    avg_loss: 0.000000085245  time_per_window : 0.000593   progress : 0.142
name: models.architecture.block_type=cls
training.mode=gml_rollout
models.out_dim=10
seed=0    avg_loss: 0.000000092812  time_per_window : 0.000498   progress : 0.153
name: models.architecture.block_type=cls
training.mode=gml_rollout
models.out_dim=10
seed=0    avg_loss: 0.000000087634  time_per_window : 0.000402   progress : 0.164
name: models.architecture.block_type=cls
training.mode=gml_rollout
models.out_dim=10
seed=0    avg_loss: 0.000000077356  time_per_window : 0.000636   progress : 0.175
name: models.architecture.block_type=cls
training.mode=gml_rollout
models.out_dim=10
seed=0    avg_loss: 0.000000100379  time_per_window : 0.000574   progress : 0.186
name: models.architecture.block_type=cls
training.mode=gml_rollout
models.out_dim=10
seed=0    avg_loss: 0.000000064204  time_per_window : 0.000476   progress : 0.197
name: models.architecture.block_type=cls
training.mode=gml_rollout
models.out_dim=10
seed=0    avg_loss: 0.000000095695  time_per_window : 0.000519   progress : 0.208
name: models.architecture.block_type=cls
training.mode=gml_rollout
models.out_dim=10
seed=0    avg_loss: 0.000000068026  time_per_window : 0.000500   progress : 0.218
name: models.architecture.block_type=cls
training.mode=gml_rollout
models.out_dim=10
seed=0    avg_loss: 0.000000096239  time_per_window : 0.000625   progress : 0.229
name: models.architecture.block_type=cls
training.mode=gml_rollout
models.out_dim=10
seed=0    avg_loss: 0.000000093630  time_per_window : 0.000585   progress : 0.240
name: models.architecture.block_type=cls
training.mode=gml_rollout
models.out_dim=10
seed=0    avg_loss: 0.000000083536  time_per_window : 0.000476   progress : 0.251
name: models.architecture.block_type=cls
training.mode=gml_rollout
models.out_dim=10
seed=0    avg_loss: 0.000000083763  time_per_window : 0.000638   progress : 0.262
name: models.architecture.block_type=cls
training.mode=gml_rollout
models.out_dim=10
seed=0    avg_loss: 0.000000098046  time_per_window : 0.000350   progress : 0.273
name: models.architecture.block_type=cls
training.mode=gml_rollout
models.out_dim=10
seed=0    avg_loss: 0.000000071422  time_per_window : 0.000439   progress : 0.284
name: models.architecture.block_type=cls
training.mode=gml_rollout
models.out_dim=10
seed=0    avg_loss: 0.000000091432  time_per_window : 0.000502   progress : 0.295
name: models.architecture.block_type=cls
training.mode=gml_rollout
models.out_dim=10
seed=0    avg_loss: 0.000000063780  time_per_window : 0.000455   progress : 0.306
name: models.architecture.block_type=cls
training.mode=gml_rollout
models.out_dim=10
seed=0    avg_loss: 0.000000075801  time_per_window : 0.000499   progress : 0.317
name: models.architecture.block_type=cls
training.mode=gml_rollout
models.out_dim=10
seed=0    avg_loss: 0.000000083502  time_per_window : 0.000682   progress : 0.328
name: models.architecture.block_type=cls
training.mode=gml_rollout
models.out_dim=10
seed=0    avg_loss: 0.000000089371  time_per_window : 0.000579   progress : 0.339
name: models.architecture.block_type=cls
training.mode=gml_rollout
models.out_dim=10
seed=0    avg_loss: 0.000000077398  time_per_window : 0.000543   progress : 0.350
name: models.architecture.block_type=cls
training.mode=gml_rollout
models.out_dim=10
seed=0    avg_loss: 0.000000087538  time_per_window : 0.000394   progress : 0.360
name: models.architecture.block_type=cls
training.mode=gml_rollout
models.out_dim=10
seed=0    avg_loss: 0.000000079391  time_per_window : 0.000617   progress : 0.371
name: models.architecture.block_type=cls
training.mode=gml_rollout
models.out_dim=10
seed=0    avg_loss: 0.000000069336  time_per_window : 0.000570   progress : 0.382
name: models.architecture.block_type=cls
training.mode=gml_rollout
models.out_dim=10
seed=0    avg_loss: 0.000000068948  time_per_window : 0.000582   progress : 0.393
name: models.architecture.block_type=cls
training.mode=gml_rollout
models.out_dim=10
seed=0    avg_loss: 0.000000077039  time_per_window : 0.000608   progress : 0.404
name: models.architecture.block_type=cls
training.mode=gml_rollout
models.out_dim=10
seed=0    avg_loss: 0.000000061981  time_per_window : 0.000515   progress : 0.415
name: models.architecture.block_type=cls
training.mode=gml_rollout
models.out_dim=10
seed=0    avg_loss: 0.000000074130  time_per_window : 0.000559   progress : 0.426
name: models.architecture.block_type=cls
training.mode=gml_rollout
models.out_dim=10
seed=0    avg_loss: 0.000000065343  time_per_window : 0.000537   progress : 0.437
name: models.architecture.block_type=cls
training.mode=gml_rollout
models.out_dim=10
seed=0    avg_loss: 0.000000065727  time_per_window : 0.000502   progress : 0.448
name: models.architecture.block_type=cls
training.mode=gml_rollout
models.out_dim=10
seed=0    avg_loss: 0.000000080151  time_per_window : 0.000571   progress : 0.459
name: models.architecture.block_type=cls
training.mode=gml_rollout
models.out_dim=10
seed=0    avg_loss: 0.000000056532  time_per_window : 0.000433   progress : 0.470
name: models.architecture.block_type=cls
training.mode=gml_rollout
models.out_dim=10
seed=0    avg_loss: 0.000000065566  time_per_window : 0.000516   progress : 0.481
name: models.architecture.block_type=cls
training.mode=gml_rollout
models.out_dim=10
seed=0    avg_loss: 0.000000071428  time_per_window : 0.000607   progress : 0.492
name: models.architecture.block_type=cls
training.mode=gml_rollout
models.out_dim=10
seed=0    avg_loss: 0.000000069585  time_per_window : 0.000651   progress : 0.502
name: models.architecture.block_type=cls
training.mode=gml_rollout
models.out_dim=10
seed=0    avg_loss: 0.000000054757  time_per_window : 0.000557   progress : 0.513
name: models.architecture.block_type=cls
training.mode=gml_rollout
models.out_dim=10
seed=0    avg_loss: 0.000000089738  time_per_window : 0.000618   progress : 0.524
name: models.architecture.block_type=cls
training.mode=gml_rollout
models.out_dim=10
seed=0    avg_loss: 0.000000053949  time_per_window : 0.000509   progress : 0.535
name: models.architecture.block_type=cls
training.mode=gml_rollout
models.out_dim=10
seed=0    avg_loss: 0.000000066852  time_per_window : 0.000606   progress : 0.546
name: models.architecture.block_type=cls
training.mode=gml_rollout
models.out_dim=10
seed=0    avg_loss: 0.000000059502  time_per_window : 0.000571   progress : 0.557
name: models.architecture.block_type=cls
training.mode=gml_rollout
models.out_dim=10
seed=0    avg_loss: 0.000000054742  time_per_window : 0.000364   progress : 0.568
name: models.architecture.block_type=cls
training.mode=gml_rollout
models.out_dim=10
seed=0    avg_loss: 0.000000064051  time_per_window : 0.000615   progress : 0.579
name: models.architecture.block_type=cls
training.mode=gml_rollout
models.out_dim=10
seed=0    avg_loss: 0.000000062063  time_per_window : 0.000619   progress : 0.590
name: models.architecture.block_type=cls
training.mode=gml_rollout
models.out_dim=10
seed=0    avg_loss: 0.000000052145  time_per_window : 0.000559   progress : 0.601
name: models.architecture.block_type=cls
training.mode=gml_rollout
models.out_dim=10
seed=0    avg_loss: 0.000000056837  time_per_window : 0.000646   progress : 0.612
name: models.architecture.block_type=cls
training.mode=gml_rollout
models.out_dim=10
seed=0    avg_loss: 0.000000049716  time_per_window : 0.000606   progress : 0.623
name: models.architecture.block_type=cls
training.mode=gml_rollout
models.out_dim=10
seed=0    avg_loss: 0.000000071151  time_per_window : 0.000519   progress : 0.634
name: models.architecture.block_type=cls
training.mode=gml_rollout
models.out_dim=10
seed=0    avg_loss: 0.000000054611  time_per_window : 0.000666   progress : 0.644
name: models.architecture.block_type=cls
training.mode=gml_rollout
models.out_dim=10
seed=0    avg_loss: 0.000000064536  time_per_window : 0.000604   progress : 0.655
name: models.architecture.block_type=cls
training.mode=gml_rollout
models.out_dim=10
seed=0    avg_loss: 0.000000052505  time_per_window : 0.000601   progress : 0.666
name: models.architecture.block_type=cls
training.mode=gml_rollout
models.out_dim=10
seed=0    avg_loss: 0.000000059428  time_per_window : 0.000426   progress : 0.677
name: models.architecture.block_type=cls
training.mode=gml_rollout
models.out_dim=10
seed=0    avg_loss: 0.000000048779  time_per_window : 0.000510   progress : 0.688
name: models.architecture.block_type=cls
training.mode=gml_rollout
models.out_dim=10
seed=0    avg_loss: 0.000000056203  time_per_window : 0.000548   progress : 0.699
name: models.architecture.block_type=cls
training.mode=gml_rollout
models.out_dim=10
seed=0    avg_loss: 0.000000063201  time_per_window : 0.000555   progress : 0.710
name: models.architecture.block_type=cls
training.mode=gml_rollout
models.out_dim=10
seed=0    avg_loss: 0.000000047205  time_per_window : 0.000449   progress : 0.721
name: models.architecture.block_type=cls
training.mode=gml_rollout
models.out_dim=10
seed=0    avg_loss: 0.000000063769  time_per_window : 0.000615   progress : 0.732
name: models.architecture.block_type=cls
training.mode=gml_rollout
models.out_dim=10
seed=0    avg_loss: 0.000000091666  time_per_window : 0.000399   progress : 0.743
name: models.architecture.block_type=cls
training.mode=gml_rollout
models.out_dim=10
seed=0    avg_loss: 0.000000062966  time_per_window : 0.000545   progress : 0.754
name: models.architecture.block_type=cls
training.mode=gml_rollout
models.out_dim=10
seed=0    avg_loss: 0.000000049100  time_per_window : 0.000504   progress : 0.765
name: models.architecture.block_type=cls
training.mode=gml_rollout
models.out_dim=10
seed=0    avg_loss: 0.000000063888  time_per_window : 0.000392   progress : 0.775
name: models.architecture.block_type=cls
training.mode=gml_rollout
models.out_dim=10
seed=0    avg_loss: 0.000000049383  time_per_window : 0.000505   progress : 0.786
name: models.architecture.block_type=cls
training.mode=gml_rollout
models.out_dim=10
seed=0    avg_loss: 0.000000059891  time_per_window : 0.000435   progress : 0.797
name: models.architecture.block_type=cls
training.mode=gml_rollout
models.out_dim=10
seed=0    avg_loss: 0.000000058158  time_per_window : 0.000490   progress : 0.808
name: models.architecture.block_type=cls
training.mode=gml_rollout
models.out_dim=10
seed=0    avg_loss: 0.000000061176  time_per_window : 0.000392   progress : 0.819
name: models.architecture.block_type=cls
training.mode=gml_rollout
models.out_dim=10
seed=0    avg_loss: 0.000000051899  time_per_window : 0.000600   progress : 0.830
name: models.architecture.block_type=cls
training.mode=gml_rollout
models.out_dim=10
seed=0    avg_loss: 0.000000054182  time_per_window : 0.000356   progress : 0.841
name: models.architecture.block_type=cls
training.mode=gml_rollout
models.out_dim=10
seed=0    avg_loss: 0.000000043565  time_per_window : 0.000424   progress : 0.852
name: models.architecture.block_type=cls
training.mode=gml_rollout
models.out_dim=10
seed=0    avg_loss: 0.000000058474  time_per_window : 0.000628   progress : 0.863
name: models.architecture.block_type=cls
training.mode=gml_rollout
models.out_dim=10
seed=0    avg_loss: 0.000000052378  time_per_window : 0.000503   progress : 0.874
name: models.architecture.block_type=cls
training.mode=gml_rollout
models.out_dim=10
seed=0    avg_loss: 0.000000059156  time_per_window : 0.000524   progress : 0.885
name: models.architecture.block_type=cls
training.mode=gml_rollout
models.out_dim=10
seed=0    avg_loss: 0.000000054294  time_per_window : 0.000617   progress : 0.896
name: models.architecture.block_type=cls
training.mode=gml_rollout
models.out_dim=10
seed=0    avg_loss: 0.000000049996  time_per_window : 0.000632   progress : 0.907
name: models.architecture.block_type=cls
training.mode=gml_rollout
models.out_dim=10
seed=0    avg_loss: 0.000000047086  time_per_window : 0.000639   progress : 0.917
name: models.architecture.block_type=cls
training.mode=gml_rollout
models.out_dim=10
seed=0    avg_loss: 0.000000050488  time_per_window : 0.000598   progress : 0.928
name: models.architecture.block_type=cls
training.mode=gml_rollout
models.out_dim=10
seed=0    avg_loss: 0.000000055118  time_per_window : 0.000625   progress : 0.939
name: models.architecture.block_type=cls
training.mode=gml_rollout
models.out_dim=10
seed=0    avg_loss: 0.000000046810  time_per_window : 0.000599   progress : 0.950
name: models.architecture.block_type=cls
training.mode=gml_rollout
models.out_dim=10
seed=0    avg_loss: 0.000000050796  time_per_window : 0.000608   progress : 0.961
name: models.architecture.block_type=cls
training.mode=gml_rollout
models.out_dim=10
seed=0    avg_loss: 0.000000056859  time_per_window : 0.000655   progress : 0.972
name: models.architecture.block_type=cls
training.mode=gml_rollout
models.out_dim=10
seed=0    avg_loss: 0.000000050369  time_per_window : 0.000618   progress : 0.983
name: models.architecture.block_type=cls
training.mode=gml_rollout
models.out_dim=10
seed=0    avg_loss: 0.000000052554  time_per_window : 0.000481   progress : 0.994
name: models.architecture.block_type=cls
training.mode=gml_rollout
models.out_dim=10
seed=0    avg_loss: 0.000019431456  time_per_window : 0.000665   progress : 0.011
name: models.architecture.block_type=cls
training.mode=gml_rollout
models.out_dim=10
seed=0    avg_loss: 0.000002819256  time_per_window : 0.000574   progress : 0.022
name: models.architecture.block_type=cls
training.mode=gml_rollout
models.out_dim=10
seed=0    avg_loss: 0.000002179629  time_per_window : 0.000637   progress : 0.033
name: models.architecture.block_type=cls
training.mode=gml_rollout
models.out_dim=10
seed=0    avg_loss: 0.000001690800  time_per_window : 0.000627   progress : 0.044
name: models.architecture.block_type=cls
training.mode=gml_rollout
models.out_dim=10
seed=0    avg_loss: 0.000001497163  time_per_window : 0.000643   progress : 0.055
name: models.architecture.block_type=cls
training.mode=gml_rollout
models.out_dim=10
seed=0    avg_loss: 0.000001281080  time_per_window : 0.000597   progress : 0.066
name: models.architecture.block_type=cls
training.mode=gml_rollout
models.out_dim=10
seed=0    avg_loss: 0.000001232129  time_per_window : 0.000553   progress : 0.076
name: models.architecture.block_type=cls
training.mode=gml_rollout
models.out_dim=10
seed=0    avg_loss: 0.000001118527  time_per_window : 0.000603   progress : 0.087
name: models.architecture.block_type=cls
training.mode=gml_rollout
models.out_dim=10
seed=0    avg_loss: 0.000001068298  time_per_window : 0.000562   progress : 0.098
name: models.architecture.block_type=cls
training.mode=gml_rollout
models.out_dim=10
seed=0    avg_loss: 0.000001008811  time_per_window : 0.000643   progress : 0.109
name: models.architecture.block_type=cls
training.mode=gml_rollout
models.out_dim=10
seed=0    avg_loss: 0.000000979461  time_per_window : 0.000632   progress : 0.120
name: models.architecture.block_type=cls
training.mode=gml_rollout
models.out_dim=10
seed=0    avg_loss: 0.000000896558  time_per_window : 0.000505   progress : 0.131
name: models.architecture.block_type=cls
training.mode=gml_rollout
models.out_dim=10
seed=0    avg_loss: 0.000000809172  time_per_window : 0.000327   progress : 0.142
name: models.architecture.block_type=cls
training.mode=gml_rollout
models.out_dim=10
seed=0    avg_loss: 0.000000957272  time_per_window : 0.000357   progress : 0.153
name: models.architecture.block_type=cls
training.mode=gml_rollout
models.out_dim=10
seed=0    avg_loss: 0.000000679157  time_per_window : 0.000342   progress : 0.164
name: models.architecture.block_type=cls
training.mode=gml_rollout
models.out_dim=10
seed=0    avg_loss: 0.000000696905  time_per_window : 0.000391   progress : 0.175
name: models.architecture.block_type=cls
training.mode=gml_rollout
models.out_dim=10
seed=0    avg_loss: 0.000000634454  time_per_window : 0.000367   progress : 0.186
name: models.architecture.block_type=cls
training.mode=gml_rollout
models.out_dim=10
seed=0    avg_loss: 0.000000493557  time_per_window : 0.000634   progress : 0.197
name: models.architecture.block_type=cls
training.mode=gml_rollout
models.out_dim=10
seed=0    avg_loss: 0.000000724406  time_per_window : 0.000580   progress : 0.208
name: models.architecture.block_type=cls
training.mode=gml_rollout
models.out_dim=10
seed=0    avg_loss: 0.000000594456  time_per_window : 0.000598   progress : 0.218
name: models.architecture.block_type=cls
training.mode=gml_rollout
models.out_dim=10
seed=0    avg_loss: 0.000000523922  time_per_window : 0.000576   progress : 0.229
name: models.architecture.block_type=cls
training.mode=gml_rollout
models.out_dim=10
seed=0    avg_loss: 0.000000485983  time_per_window : 0.000579   progress : 0.240
name: models.architecture.block_type=cls
training.mode=gml_rollout
models.out_dim=10
seed=0    avg_loss: 0.000000654676  time_per_window : 0.000508   progress : 0.251
name: models.architecture.block_type=cls
training.mode=gml_rollout
models.out_dim=10
seed=0    avg_loss: 0.000000494538  time_per_window : 0.000608   progress : 0.262
name: models.architecture.block_type=cls
training.mode=gml_rollout
models.out_dim=10
seed=0    avg_loss: 0.000000469868  time_per_window : 0.000575   progress : 0.273
name: models.architecture.block_type=cls
training.mode=gml_rollout
models.out_dim=10
seed=0    avg_loss: 0.000000451959  time_per_window : 0.000614   progress : 0.284
name: models.architecture.block_type=cls
training.mode=gml_rollout
models.out_dim=10
seed=0    avg_loss: 0.000000518415  time_per_window : 0.000627   progress : 0.295
name: models.architecture.block_type=cls
training.mode=gml_rollout
models.out_dim=10
seed=0    avg_loss: 0.000000616254  time_per_window : 0.000557   progress : 0.306
name: models.architecture.block_type=cls
training.mode=gml_rollout
models.out_dim=10
seed=0    avg_loss: 0.000000394657  time_per_window : 0.000500   progress : 0.317
name: models.architecture.block_type=cls
training.mode=gml_rollout
models.out_dim=10
seed=0    avg_loss: 0.000000512245  time_per_window : 0.000628   progress : 0.328
name: models.architecture.block_type=cls
training.mode=gml_rollout
models.out_dim=10
seed=0    avg_loss: 0.000000462783  time_per_window : 0.000576   progress : 0.339
name: models.architecture.block_type=cls
training.mode=gml_rollout
models.out_dim=10
seed=0    avg_loss: 0.000000555827  time_per_window : 0.000495   progress : 0.350
name: models.architecture.block_type=cls
training.mode=gml_rollout
models.out_dim=10
seed=0    avg_loss: 0.000000567050  time_per_window : 0.000585   progress : 0.360
name: models.architecture.block_type=cls
training.mode=gml_rollout
models.out_dim=10
seed=0    avg_loss: 0.000000538257  time_per_window : 0.000562   progress : 0.371
name: models.architecture.block_type=cls
training.mode=gml_rollout
models.out_dim=10
seed=0    avg_loss: 0.000000331266  time_per_window : 0.000607   progress : 0.382
name: models.architecture.block_type=cls
training.mode=gml_rollout
models.out_dim=10
seed=0    avg_loss: 0.000000452113  time_per_window : 0.000539   progress : 0.393
name: models.architecture.block_type=cls
training.mode=gml_rollout
models.out_dim=10
seed=0    avg_loss: 0.000000448128  time_per_window : 0.000609   progress : 0.404
name: models.architecture.block_type=cls
training.mode=gml_rollout
models.out_dim=10
seed=0    avg_loss: 0.000000599612  time_per_window : 0.000456   progress : 0.415
name: models.architecture.block_type=cls
training.mode=gml_rollout
models.out_dim=10
seed=0    avg_loss: 0.000000460924  time_per_window : 0.000602   progress : 0.426
name: models.architecture.block_type=cls
training.mode=gml_rollout
models.out_dim=10
seed=0    avg_loss: 0.000000470980  time_per_window : 0.000627   progress : 0.437
name: models.architecture.block_type=cls
training.mode=gml_rollout
models.out_dim=10
seed=0    avg_loss: 0.000000369397  time_per_window : 0.000468   progress : 0.448
name: models.architecture.block_type=cls
training.mode=gml_rollout
models.out_dim=10
seed=0    avg_loss: 0.000000463316  time_per_window : 0.000612   progress : 0.459
name: models.architecture.block_type=cls
training.mode=gml_rollout
models.out_dim=10
seed=0    avg_loss: 0.000000448059  time_per_window : 0.000593   progress : 0.470
name: models.architecture.block_type=cls
training.mode=gml_rollout
models.out_dim=10
seed=0    avg_loss: 0.000000442274  time_per_window : 0.000627   progress : 0.481
name: models.architecture.block_type=cls
training.mode=gml_rollout
models.out_dim=10
seed=0    avg_loss: 0.000000404396  time_per_window : 0.000545   progress : 0.492
name: models.architecture.block_type=cls
training.mode=gml_rollout
models.out_dim=10
seed=0    avg_loss: 0.000000460123  time_per_window : 0.000617   progress : 0.502
name: models.architecture.block_type=cls
training.mode=gml_rollout
models.out_dim=10
seed=0    avg_loss: 0.000000348531  time_per_window : 0.000490   progress : 0.513
name: models.architecture.block_type=cls
training.mode=gml_rollout
models.out_dim=10
seed=0    avg_loss: 0.000000440051  time_per_window : 0.000626   progress : 0.524
name: models.architecture.block_type=cls
training.mode=gml_rollout
models.out_dim=10
seed=0    avg_loss: 0.000000387369  time_per_window : 0.000521   progress : 0.535
name: models.architecture.block_type=cls
training.mode=gml_rollout
models.out_dim=10
seed=0    avg_loss: 0.000000525515  time_per_window : 0.000609   progress : 0.546
name: models.architecture.block_type=cls
training.mode=gml_rollout
models.out_dim=10
seed=0    avg_loss: 0.000000476973  time_per_window : 0.000672   progress : 0.557
name: models.architecture.block_type=cls
training.mode=gml_rollout
models.out_dim=10
seed=0    avg_loss: 0.000000405696  time_per_window : 0.000568   progress : 0.568
name: models.architecture.block_type=cls
training.mode=gml_rollout
models.out_dim=10
seed=0    avg_loss: 0.000000334309  time_per_window : 0.000618   progress : 0.579
name: models.architecture.block_type=cls
training.mode=gml_rollout
models.out_dim=10
seed=0    avg_loss: 0.000000550706  time_per_window : 0.000608   progress : 0.590
name: models.architecture.block_type=cls
training.mode=gml_rollout
models.out_dim=10
seed=0    avg_loss: 0.000000366704  time_per_window : 0.000512   progress : 0.601
name: models.architecture.block_type=cls
training.mode=gml_rollout
models.out_dim=10
seed=0    avg_loss: 0.000000520918  time_per_window : 0.000550   progress : 0.612
name: models.architecture.block_type=cls
training.mode=gml_rollout
models.out_dim=10
seed=0    avg_loss: 0.000000425682  time_per_window : 0.000631   progress : 0.623
name: models.architecture.block_type=cls
training.mode=gml_rollout
models.out_dim=10
seed=0    avg_loss: 0.000000360763  time_per_window : 0.000637   progress : 0.634
name: models.architecture.block_type=cls
training.mode=gml_rollout
models.out_dim=10
seed=0    avg_loss: 0.000000378663  time_per_window : 0.000575   progress : 0.644
name: models.architecture.block_type=cls
training.mode=gml_rollout
models.out_dim=10
seed=0    avg_loss: 0.000000416419  time_per_window : 0.000599   progress : 0.655
name: models.architecture.block_type=cls
training.mode=gml_rollout
models.out_dim=10
seed=0    avg_loss: 0.000000634716  time_per_window : 0.000595   progress : 0.666
name: models.architecture.block_type=cls
training.mode=gml_rollout
models.out_dim=10
seed=0    avg_loss: 0.000000523378  time_per_window : 0.000587   progress : 0.677
name: models.architecture.block_type=cls
training.mode=gml_rollout
models.out_dim=10
seed=0    avg_loss: 0.000000400259  time_per_window : 0.000625   progress : 0.688
name: models.architecture.block_type=cls
training.mode=gml_rollout
models.out_dim=10
seed=0    avg_loss: 0.000000411396  time_per_window : 0.000509   progress : 0.699
name: models.architecture.block_type=cls
training.mode=gml_rollout
models.out_dim=10
seed=0    avg_loss: 0.000000363719  time_per_window : 0.000539   progress : 0.710
name: models.architecture.block_type=cls
training.mode=gml_rollout
models.out_dim=10
seed=0    avg_loss: 0.000000403753  time_per_window : 0.000631   progress : 0.721
name: models.architecture.block_type=cls
training.mode=gml_rollout
models.out_dim=10
seed=0    avg_loss: 0.000000424291  time_per_window : 0.000622   progress : 0.732
name: models.architecture.block_type=cls
training.mode=gml_rollout
models.out_dim=10
seed=0    avg_loss: 0.000000350002  time_per_window : 0.000625   progress : 0.743
name: models.architecture.block_type=cls
training.mode=gml_rollout
models.out_dim=10
seed=0    avg_loss: 0.000000368733  time_per_window : 0.000596   progress : 0.754
name: models.architecture.block_type=cls
training.mode=gml_rollout
models.out_dim=10
seed=0    avg_loss: 0.000000383398  time_per_window : 0.000617   progress : 0.765
name: models.architecture.block_type=cls
training.mode=gml_rollout
models.out_dim=10
seed=0    avg_loss: 0.000000407075  time_per_window : 0.000611   progress : 0.775
name: models.architecture.block_type=cls
training.mode=gml_rollout
models.out_dim=10
seed=0    avg_loss: 0.000000403844  time_per_window : 0.000622   progress : 0.786
name: models.architecture.block_type=cls
training.mode=gml_rollout
models.out_dim=10
seed=0    avg_loss: 0.000000377668  time_per_window : 0.000639   progress : 0.797
name: models.architecture.block_type=cls
training.mode=gml_rollout
models.out_dim=10
seed=0    avg_loss: 0.000000473701  time_per_window : 0.000640   progress : 0.808
name: models.architecture.block_type=cls
training.mode=gml_rollout
models.out_dim=10
seed=0    avg_loss: 0.000000298627  time_per_window : 0.000642   progress : 0.819
name: models.architecture.block_type=cls
training.mode=gml_rollout
models.out_dim=10
seed=0    avg_loss: 0.000000402969  time_per_window : 0.000531   progress : 0.830
name: models.architecture.block_type=cls
training.mode=gml_rollout
models.out_dim=10
seed=0    avg_loss: 0.000000389277  time_per_window : 0.000644   progress : 0.841
name: models.architecture.block_type=cls
training.mode=gml_rollout
models.out_dim=10
seed=0    avg_loss: 0.000000343998  time_per_window : 0.000586   progress : 0.852
name: models.architecture.block_type=cls
training.mode=gml_rollout
models.out_dim=10
seed=0    avg_loss: 0.000000478089  time_per_window : 0.000588   progress : 0.863
name: models.architecture.block_type=cls
training.mode=gml_rollout
models.out_dim=10
seed=0    avg_loss: 0.000000385214  time_per_window : 0.000571   progress : 0.874
name: models.architecture.block_type=cls
training.mode=gml_rollout
models.out_dim=10
seed=0    avg_loss: 0.000000306796  time_per_window : 0.000604   progress : 0.885
name: models.architecture.block_type=cls
training.mode=gml_rollout
models.out_dim=10
seed=0    avg_loss: 0.000000401936  time_per_window : 0.000604   progress : 0.896
name: models.architecture.block_type=cls
training.mode=gml_rollout
models.out_dim=10
seed=0    avg_loss: 0.000000389752  time_per_window : 0.000623   progress : 0.907
name: models.architecture.block_type=cls
training.mode=gml_rollout
models.out_dim=10
seed=0    avg_loss: 0.000000314614  time_per_window : 0.000448   progress : 0.917
name: models.architecture.block_type=cls
training.mode=gml_rollout
models.out_dim=10
seed=0    avg_loss: 0.000000501823  time_per_window : 0.000589   progress : 0.928
name: models.architecture.block_type=cls
training.mode=gml_rollout
models.out_dim=10
seed=0    avg_loss: 0.000000375110  time_per_window : 0.000613   progress : 0.939
name: models.architecture.block_type=cls
training.mode=gml_rollout
models.out_dim=10
seed=0    avg_loss: 0.000000333171  time_per_window : 0.000640   progress : 0.950
name: models.architecture.block_type=cls
training.mode=gml_rollout
models.out_dim=10
seed=0    avg_loss: 0.000000378174  time_per_window : 0.000551   progress : 0.961
name: models.architecture.block_type=cls
training.mode=gml_rollout
models.out_dim=10
seed=0    avg_loss: 0.000000314788  time_per_window : 0.000609   progress : 0.972
name: models.architecture.block_type=cls
training.mode=gml_rollout
models.out_dim=10
seed=0    avg_loss: 0.000000323839  time_per_window : 0.000607   progress : 0.983
name: models.architecture.block_type=cls
training.mode=gml_rollout
models.out_dim=10
seed=0    avg_loss: 0.000000361494  time_per_window : 0.000515   progress : 0.994
name: models.architecture.block_type=cls
training.mode=gml_rollout
models.out_dim=10
seed=0    avg_loss: -23.187690734863  time_per_window : 0.000667   progress : 0.011
name: models.architecture.block_type=cls
training.mode=gml_rollout
models.out_dim=10
seed=0    avg_loss: -35.203910827637  time_per_window : 0.000659   progress : 0.022
name: models.architecture.block_type=cls
training.mode=gml_rollout
models.out_dim=10
seed=0    avg_loss: -40.828205108643  time_per_window : 0.000632   progress : 0.033
name: models.architecture.block_type=cls
training.mode=gml_rollout
models.out_dim=10
seed=0    avg_loss: -38.334888458252  time_per_window : 0.000669   progress : 0.044
name: models.architecture.block_type=cls
training.mode=gml_rollout
models.out_dim=10
seed=0    avg_loss: -40.677795410156  time_per_window : 0.000625   progress : 0.055
name: models.architecture.block_type=cls
training.mode=gml_rollout
models.out_dim=10
seed=0    avg_loss: -46.861663818359  time_per_window : 0.000643   progress : 0.066
name: models.architecture.block_type=cls
training.mode=gml_rollout
models.out_dim=10
seed=0    avg_loss: -46.742214202881  time_per_window : 0.000631   progress : 0.076
name: models.architecture.block_type=cls
training.mode=gml_rollout
models.out_dim=10
seed=0    avg_loss: -50.409873962402  time_per_window : 0.000662   progress : 0.087
name: models.architecture.block_type=cls
training.mode=gml_rollout
models.out_dim=10
seed=0    avg_loss: -45.867073059082  time_per_window : 0.000611   progress : 0.098
name: models.architecture.block_type=cls
training.mode=gml_rollout
models.out_dim=10
seed=0    avg_loss: -50.957801818848  time_per_window : 0.000688   progress : 0.109
name: models.architecture.block_type=cls
training.mode=gml_rollout
models.out_dim=10
seed=0    avg_loss: -52.656253814697  time_per_window : 0.000680   progress : 0.120
name: models.architecture.block_type=cls
training.mode=gml_rollout
models.out_dim=10
seed=0    avg_loss: -46.206703186035  time_per_window : 0.000578   progress : 0.131
name: models.architecture.block_type=cls
training.mode=gml_rollout
models.out_dim=10
seed=0    avg_loss: -52.419399261475  time_per_window : 0.000656   progress : 0.142
name: models.architecture.block_type=cls
training.mode=gml_rollout
models.out_dim=10
seed=0    avg_loss: -54.145084381104  time_per_window : 0.000640   progress : 0.153
name: models.architecture.block_type=cls
training.mode=gml_rollout
models.out_dim=10
seed=0    avg_loss: -50.973262786865  time_per_window : 0.000675   progress : 0.164
name: models.architecture.block_type=cls
training.mode=gml_rollout
models.out_dim=10
seed=0    avg_loss: -54.110774993896  time_per_window : 0.000641   progress : 0.175
name: models.architecture.block_type=cls
training.mode=gml_rollout
models.out_dim=10
seed=0    avg_loss: -55.404144287109  time_per_window : 0.000474   progress : 0.186
name: models.architecture.block_type=cls
training.mode=gml_rollout
models.out_dim=10
seed=0    avg_loss: -53.166252136230  time_per_window : 0.000673   progress : 0.197
name: models.architecture.block_type=cls
training.mode=gml_rollout
models.out_dim=10
seed=0    avg_loss: -55.271713256836  time_per_window : 0.000704   progress : 0.208
name: models.architecture.block_type=cls
training.mode=gml_rollout
models.out_dim=10
seed=0    avg_loss: -55.401584625244  time_per_window : 0.000685   progress : 0.218
name: models.architecture.block_type=cls
training.mode=gml_rollout
models.out_dim=10
seed=0    avg_loss: -55.887325286865  time_per_window : 0.000633   progress : 0.229
name: models.architecture.block_type=cls
training.mode=gml_rollout
models.out_dim=10
seed=0    avg_loss: -46.456760406494  time_per_window : 0.000608   progress : 0.240
name: models.architecture.block_type=cls
training.mode=gml_rollout
models.out_dim=10
seed=0    avg_loss: -56.404186248779  time_per_window : 0.000663   progress : 0.251
name: models.architecture.block_type=cls
training.mode=gml_rollout
models.out_dim=10
seed=0    avg_loss: -54.612922668457  time_per_window : 0.000673   progress : 0.262
name: models.architecture.block_type=cls
training.mode=gml_rollout
models.out_dim=10
seed=0    avg_loss: -55.510879516602  time_per_window : 0.000642   progress : 0.273
name: models.architecture.block_type=cls
training.mode=gml_rollout
models.out_dim=10
seed=0    avg_loss: -57.106918334961  time_per_window : 0.000636   progress : 0.284
name: models.architecture.block_type=cls
training.mode=gml_rollout
models.out_dim=10
seed=0    avg_loss: -56.540916442871  time_per_window : 0.000651   progress : 0.295
name: models.architecture.block_type=cls
training.mode=gml_rollout
models.out_dim=10
seed=0    avg_loss: -56.800277709961  time_per_window : 0.000642   progress : 0.306
name: models.architecture.block_type=cls
training.mode=gml_rollout
models.out_dim=10
seed=0    avg_loss: -56.790584564209  time_per_window : 0.000692   progress : 0.317
name: models.architecture.block_type=cls
training.mode=gml_rollout
models.out_dim=10
seed=0    avg_loss: -52.779933929443  time_per_window : 0.000673   progress : 0.328
name: models.architecture.block_type=cls
training.mode=gml_rollout
models.out_dim=10
seed=0    avg_loss: -57.252422332764  time_per_window : 0.000681   progress : 0.339
name: models.architecture.block_type=cls
training.mode=gml_rollout
models.out_dim=10
seed=0    avg_loss: -58.400527954102  time_per_window : 0.000646   progress : 0.350
name: models.architecture.block_type=cls
training.mode=gml_rollout
models.out_dim=10
seed=0    avg_loss: -55.368339538574  time_per_window : 0.000643   progress : 0.360
name: models.architecture.block_type=cls
training.mode=gml_rollout
models.out_dim=10
seed=0    avg_loss: -59.258190155029  time_per_window : 0.000608   progress : 0.371
name: models.architecture.block_type=cls
training.mode=gml_rollout
models.out_dim=10
seed=0    avg_loss: -60.037364959717  time_per_window : 0.000680   progress : 0.382
name: models.architecture.block_type=cls
training.mode=gml_rollout
models.out_dim=10
seed=0    avg_loss: -58.648483276367  time_per_window : 0.000677   progress : 0.393
name: models.architecture.block_type=cls
training.mode=gml_rollout
models.out_dim=10
seed=0    avg_loss: -54.837448120117  time_per_window : 0.000659   progress : 0.404
name: models.architecture.block_type=cls
training.mode=gml_rollout
models.out_dim=10
seed=0    avg_loss: -56.908557891846  time_per_window : 0.000680   progress : 0.415
name: models.architecture.block_type=cls
training.mode=gml_rollout
models.out_dim=10
seed=0    avg_loss: -55.545635223389  time_per_window : 0.000691   progress : 0.426
name: models.architecture.block_type=cls
training.mode=gml_rollout
models.out_dim=10
seed=0    avg_loss: -56.693374633789  time_per_window : 0.000545   progress : 0.437
name: models.architecture.block_type=cls
training.mode=gml_rollout
models.out_dim=10
seed=0    avg_loss: -59.330707550049  time_per_window : 0.000712   progress : 0.448
name: models.architecture.block_type=cls
training.mode=gml_rollout
models.out_dim=10
seed=0    avg_loss: -57.954292297363  time_per_window : 0.000712   progress : 0.459
name: models.architecture.block_type=cls
training.mode=gml_rollout
models.out_dim=10
seed=0    avg_loss: -61.112266540527  time_per_window : 0.000683   progress : 0.470
name: models.architecture.block_type=cls
training.mode=gml_rollout
models.out_dim=10
seed=0    avg_loss: -56.965454101562  time_per_window : 0.000591   progress : 0.481
name: models.architecture.block_type=cls
training.mode=gml_rollout
models.out_dim=10
seed=0    avg_loss: -56.745113372803  time_per_window : 0.000601   progress : 0.492
name: models.architecture.block_type=cls
training.mode=gml_rollout
models.out_dim=10
seed=0    avg_loss: -51.706741333008  time_per_window : 0.000615   progress : 0.502
name: models.architecture.block_type=cls
training.mode=gml_rollout
models.out_dim=10
seed=0    avg_loss: -59.131324768066  time_per_window : 0.000675   progress : 0.513
name: models.architecture.block_type=cls
training.mode=gml_rollout
models.out_dim=10
seed=0    avg_loss: -54.630302429199  time_per_window : 0.000594   progress : 0.524
name: models.architecture.block_type=cls
training.mode=gml_rollout
models.out_dim=10
seed=0    avg_loss: -58.837509155273  time_per_window : 0.000588   progress : 0.535
name: models.architecture.block_type=cls
training.mode=gml_rollout
models.out_dim=10
seed=0    avg_loss: -54.373722076416  time_per_window : 0.000633   progress : 0.546
name: models.architecture.block_type=cls
training.mode=gml_rollout
models.out_dim=10
seed=0    avg_loss: -56.949756622314  time_per_window : 0.000598   progress : 0.557
name: models.architecture.block_type=cls
training.mode=gml_rollout
models.out_dim=10
seed=0    avg_loss: -59.692466735840  time_per_window : 0.000550   progress : 0.568
name: models.architecture.block_type=cls
training.mode=gml_rollout
models.out_dim=10
seed=0    avg_loss: -60.522674560547  time_per_window : 0.000646   progress : 0.579
name: models.architecture.block_type=cls
training.mode=gml_rollout
models.out_dim=10
seed=0    avg_loss: -60.766056060791  time_per_window : 0.000661   progress : 0.590
name: models.architecture.block_type=cls
training.mode=gml_rollout
models.out_dim=10
seed=0    avg_loss: -57.685588836670  time_per_window : 0.000567   progress : 0.601
name: models.architecture.block_type=cls
training.mode=gml_rollout
models.out_dim=10
seed=0    avg_loss: -58.374206542969  time_per_window : 0.000518   progress : 0.612
name: models.architecture.block_type=cls
training.mode=gml_rollout
models.out_dim=10
seed=0    avg_loss: -54.815196990967  time_per_window : 0.000530   progress : 0.623
name: models.architecture.block_type=cls
training.mode=gml_rollout
models.out_dim=10
seed=0    avg_loss: -58.964813232422  time_per_window : 0.000458   progress : 0.634
name: models.architecture.block_type=cls
training.mode=gml_rollout
models.out_dim=10
seed=0    avg_loss: -56.456550598145  time_per_window : 0.000578   progress : 0.644
name: models.architecture.block_type=cls
training.mode=gml_rollout
models.out_dim=10
seed=0    avg_loss: -61.131359100342  time_per_window : 0.000509   progress : 0.655
name: models.architecture.block_type=cls
training.mode=gml_rollout
models.out_dim=10
seed=0    avg_loss: -60.973682403564  time_per_window : 0.000559   progress : 0.666
name: models.architecture.block_type=cls
training.mode=gml_rollout
models.out_dim=10
seed=0    avg_loss: -57.089889526367  time_per_window : 0.000583   progress : 0.677
name: models.architecture.block_type=cls
training.mode=gml_rollout
models.out_dim=10
seed=0    avg_loss: -60.074012756348  time_per_window : 0.000576   progress : 0.688
name: models.architecture.block_type=cls
training.mode=gml_rollout
models.out_dim=10
seed=0    avg_loss: -56.411670684814  time_per_window : 0.000490   progress : 0.699
name: models.architecture.block_type=cls
training.mode=gml_rollout
models.out_dim=10
seed=0    avg_loss: -53.805973052979  time_per_window : 0.000576   progress : 0.710
name: models.architecture.block_type=cls
training.mode=gml_rollout
models.out_dim=10
seed=0    avg_loss: -57.547405242920  time_per_window : 0.000532   progress : 0.721
name: models.architecture.block_type=cls
training.mode=gml_rollout
models.out_dim=10
seed=0    avg_loss: -51.192966461182  time_per_window : 0.000560   progress : 0.732
name: models.architecture.block_type=cls
training.mode=gml_rollout
models.out_dim=10
seed=0    avg_loss: -61.918163299561  time_per_window : 0.000540   progress : 0.743
name: models.architecture.block_type=cls
training.mode=gml_rollout
models.out_dim=10
seed=0    avg_loss: -54.162658691406  time_per_window : 0.000550   progress : 0.754
name: models.architecture.block_type=cls
training.mode=gml_rollout
models.out_dim=10
seed=0    avg_loss: -59.630294799805  time_per_window : 0.000582   progress : 0.765
name: models.architecture.block_type=cls
training.mode=gml_rollout
models.out_dim=10
seed=0    avg_loss: -54.188430786133  time_per_window : 0.000534   progress : 0.775
name: models.architecture.block_type=cls
training.mode=gml_rollout
models.out_dim=10
seed=0    avg_loss: -58.935642242432  time_per_window : 0.000534   progress : 0.786
name: models.architecture.block_type=cls
training.mode=gml_rollout
models.out_dim=10
seed=0    avg_loss: -52.593414306641  time_per_window : 0.000550   progress : 0.797
name: models.architecture.block_type=cls
training.mode=gml_rollout
models.out_dim=10
seed=0    avg_loss: -59.512042999268  time_per_window : 0.000638   progress : 0.808
name: models.architecture.block_type=cls
training.mode=gml_rollout
models.out_dim=10
seed=0    avg_loss: -56.443733215332  time_per_window : 0.000551   progress : 0.819
name: models.architecture.block_type=cls
training.mode=gml_rollout
models.out_dim=10
seed=0    avg_loss: -54.308441162109  time_per_window : 0.000552   progress : 0.830
name: models.architecture.block_type=cls
training.mode=gml_rollout
models.out_dim=10
seed=0    avg_loss: -60.178127288818  time_per_window : 0.000570   progress : 0.841
name: models.architecture.block_type=cls
training.mode=gml_rollout
models.out_dim=10
seed=0    avg_loss: -56.461822509766  time_per_window : 0.000526   progress : 0.852
name: models.architecture.block_type=cls
training.mode=gml_rollout
models.out_dim=10
seed=0    avg_loss: -60.659534454346  time_per_window : 0.000546   progress : 0.863
name: models.architecture.block_type=cls
training.mode=gml_rollout
models.out_dim=10
seed=0    avg_loss: -57.608573913574  time_per_window : 0.000538   progress : 0.874
name: models.architecture.block_type=cls
training.mode=gml_rollout
models.out_dim=10
seed=0    avg_loss: -62.398723602295  time_per_window : 0.000561   progress : 0.885
name: models.architecture.block_type=cls
training.mode=gml_rollout
models.out_dim=10
seed=0    avg_loss: -46.242931365967  time_per_window : 0.000469   progress : 0.896
name: models.architecture.block_type=cls
training.mode=gml_rollout
models.out_dim=10
seed=0    avg_loss: -58.563415527344  time_per_window : 0.000575   progress : 0.907
name: models.architecture.block_type=cls
training.mode=gml_rollout
models.out_dim=10
seed=0    avg_loss: -60.206600189209  time_per_window : 0.000602   progress : 0.917
name: models.architecture.block_type=cls
training.mode=gml_rollout
models.out_dim=10
seed=0    avg_loss: -59.968708038330  time_per_window : 0.000493   progress : 0.928
name: models.architecture.block_type=cls
training.mode=gml_rollout
models.out_dim=10
seed=0    avg_loss: -59.371974945068  time_per_window : 0.000487   progress : 0.939
name: models.architecture.block_type=cls
training.mode=gml_rollout
models.out_dim=10
seed=0    avg_loss: -58.875289916992  time_per_window : 0.000577   progress : 0.950
name: models.architecture.block_type=cls
training.mode=gml_rollout
models.out_dim=10
seed=0    avg_loss: -58.890525817871  time_per_window : 0.000539   progress : 0.961
name: models.architecture.block_type=cls
training.mode=gml_rollout
models.out_dim=10
seed=0    avg_loss: -58.351367950439  time_per_window : 0.000558   progress : 0.972
name: models.architecture.block_type=cls
training.mode=gml_rollout
models.out_dim=10
seed=0    avg_loss: -59.341026306152  time_per_window : 0.000558   progress : 0.983
name: models.architecture.block_type=cls
training.mode=gml_rollout
models.out_dim=10
seed=0    avg_loss: -60.314216613770  time_per_window : 0.000543   progress : 0.994
DONE!!!
