/media/egghead/Scratch/joey/Thesis/mavenv/lib/python3.11/site-packages/hydra/_internal/defaults_list.py:251: UserWarning: In 'config': Defaults list is missing `_self_`. See https://hydra.cc/docs/1.2/upgrades/1.0_to_1.1/default_composition_order for more information
  warnings.warn(msg, UserWarning)
Using cuda device
[2026-07-27 13:05:53,689][HYDRA] Joblib.Parallel(n_jobs=6,backend=loky,prefer=processes,require=None,verbose=0,timeout=None,pre_dispatch=2*n_jobs,batch_size=auto,temp_folder=None,max_nbytes=None,mmap_mode=r) is launching 1 jobs
[2026-07-27 13:05:53,689][HYDRA] Launching jobs, sweep output dir : ablation_logvar/runs/2026-07-27_13-05-43/simple_mamba_gml_rollout
[2026-07-27 13:05:53,689][HYDRA] 	#0 : models.architecture.block_type=simple models.architecture.mamba_type=mamba training.mode=gml_rollout models.out_dim=10 seed=0
/media/egghead/Scratch/joey/Thesis/mavenv/lib/python3.11/site-packages/hydra/_internal/defaults_list.py:251: UserWarning: In 'config': Defaults list is missing `_self_`. See https://hydra.cc/docs/1.2/upgrades/1.0_to_1.1/default_composition_order for more information
  warnings.warn(msg, UserWarning)
models:
  n_dim: 23
  out_dim: 10
  architecture:
    d_model: 128
    n_encoder_layers: 2
    n_decoder_layers: 0
    block_type: simple
    time_adapter: last_token
    in_norm: none
    out_norm: none
    layer_scale: 0.0001
    drop_path: 0.05
    mamba_type: mamba
    mamba_kwargs:
      d_state: 16
      d_conv: 2
      expand: 2
      norm: rms
    skip: false
    cls_kwargs:
      n_heads: 2
      n_mlp: 2
      positional_encoding: false
      max_len: 5000
input_len: 32
output_len: 1
batch_size: 128
epochs: 5
seed: 0
dataset:
  path: /media/egghead/Scratch/joey/simulation_data/patient_one_data.zarr/
  training_size: 1500000
evaluation:
  path: /media/egghead/Scratch/joey/simulation_data/patient_two_data.zarr/
  evaluation_size: 50
training:
  mode: gml_rollout
  lr: 0.0002
  weight_decay: 0.1
  rollout_steps: 16
checkpoint:
  save_path: hydra-test.pth
  load: false
  path: hydra-test.pth
compile: true

/media/egghead/Scratch/joey/Thesis/mavenv/lib/python3.11/site-packages/torch/_dynamo/variables/functions.py:2311: UserWarning: Dynamo does not know how to trace the builtin `selective_scan_cuda.pybind11_detail_function_record_v1_system_libstdcpp_gxx_abi_1xxx_use_cxx11_abi_1.fwd.` This function is either a Python builtin (e.g. _warnings.warn) or a third-party C/C++ Python extension (perhaps created with pybind).
If it is a Python builtin, please file an issue on GitHub so the PyTorch team can add support for it and see the next case for a workaround.
If it is a third-party C/C++ Python extension, please either wrap it into a PyTorch-understood custom operator (see https://pytorch.org/tutorials/advanced/custom_ops_landing_page.html for more details) or, if it is traceable, use `torch.compiler.allow_in_graph`.
  torch._dynamo.utils.warn_once(explanation + "\n" + "\n".join(hints))
/media/egghead/Scratch/joey/Thesis/mavenv/lib/python3.11/site-packages/torch/_inductor/cudagraph_trees.py:2622: UserWarning: Unable to hit fast path of CUDAGraphs because outputs from a previous step still require backward. Ensure backward() is invoked or detach outputs. You may also call torch.compiler.cudagraph_mark_step_begin() before each model invocation.
  warnings.warn(
name: models.architecture.block_type=simple
models.architecture.mamba_type=mamba
training.mode=gml_rollout
models.out_dim=10
seed=0    avg_loss: 0.000138653209  time_per_window : 0.001796   progress : 0.011
name: models.architecture.block_type=simple
models.architecture.mamba_type=mamba
training.mode=gml_rollout
models.out_dim=10
seed=0    avg_loss: 0.000000260917  time_per_window : 0.001797   progress : 0.022
name: models.architecture.block_type=simple
models.architecture.mamba_type=mamba
training.mode=gml_rollout
models.out_dim=10
seed=0    avg_loss: 0.000000236096  time_per_window : 0.001842   progress : 0.033
name: models.architecture.block_type=simple
models.architecture.mamba_type=mamba
training.mode=gml_rollout
models.out_dim=10
seed=0    avg_loss: 0.000000207315  time_per_window : 0.001864   progress : 0.044
name: models.architecture.block_type=simple
models.architecture.mamba_type=mamba
training.mode=gml_rollout
models.out_dim=10
seed=0    avg_loss: 0.000000193026  time_per_window : 0.001682   progress : 0.055
name: models.architecture.block_type=simple
models.architecture.mamba_type=mamba
training.mode=gml_rollout
models.out_dim=10
seed=0    avg_loss: 0.000000173217  time_per_window : 0.001851   progress : 0.066
name: models.architecture.block_type=simple
models.architecture.mamba_type=mamba
training.mode=gml_rollout
models.out_dim=10
seed=0    avg_loss: 0.000000169973  time_per_window : 0.001706   progress : 0.076
name: models.architecture.block_type=simple
models.architecture.mamba_type=mamba
training.mode=gml_rollout
models.out_dim=10
seed=0    avg_loss: 0.000000169466  time_per_window : 0.001609   progress : 0.087
name: models.architecture.block_type=simple
models.architecture.mamba_type=mamba
training.mode=gml_rollout
models.out_dim=10
seed=0    avg_loss: 0.000000157788  time_per_window : 0.001551   progress : 0.098
name: models.architecture.block_type=simple
models.architecture.mamba_type=mamba
training.mode=gml_rollout
models.out_dim=10
seed=0    avg_loss: 0.000000148161  time_per_window : 0.001862   progress : 0.109
name: models.architecture.block_type=simple
models.architecture.mamba_type=mamba
training.mode=gml_rollout
models.out_dim=10
seed=0    avg_loss: 0.000000153210  time_per_window : 0.001700   progress : 0.120
name: models.architecture.block_type=simple
models.architecture.mamba_type=mamba
training.mode=gml_rollout
models.out_dim=10
seed=0    avg_loss: 0.000000148592  time_per_window : 0.001461   progress : 0.131
name: models.architecture.block_type=simple
models.architecture.mamba_type=mamba
training.mode=gml_rollout
models.out_dim=10
seed=0    avg_loss: 0.000000147820  time_per_window : 0.001421   progress : 0.142
name: models.architecture.block_type=simple
models.architecture.mamba_type=mamba
training.mode=gml_rollout
models.out_dim=10
seed=0    avg_loss: 0.000000141335  time_per_window : 0.001902   progress : 0.153
name: models.architecture.block_type=simple
models.architecture.mamba_type=mamba
training.mode=gml_rollout
models.out_dim=10
seed=0    avg_loss: 0.000000135509  time_per_window : 0.002026   progress : 0.164
name: models.architecture.block_type=simple
models.architecture.mamba_type=mamba
training.mode=gml_rollout
models.out_dim=10
seed=0    avg_loss: 0.000000133131  time_per_window : 0.001677   progress : 0.175
name: models.architecture.block_type=simple
models.architecture.mamba_type=mamba
training.mode=gml_rollout
models.out_dim=10
seed=0    avg_loss: 0.000000124700  time_per_window : 0.001607   progress : 0.186
name: models.architecture.block_type=simple
models.architecture.mamba_type=mamba
training.mode=gml_rollout
models.out_dim=10
seed=0    avg_loss: 0.000000120388  time_per_window : 0.001780   progress : 0.197
name: models.architecture.block_type=simple
models.architecture.mamba_type=mamba
training.mode=gml_rollout
models.out_dim=10
seed=0    avg_loss: 0.000000099345  time_per_window : 0.001990   progress : 0.208
name: models.architecture.block_type=simple
models.architecture.mamba_type=mamba
training.mode=gml_rollout
models.out_dim=10
seed=0    avg_loss: 0.000000090161  time_per_window : 0.001908   progress : 0.218
name: models.architecture.block_type=simple
models.architecture.mamba_type=mamba
training.mode=gml_rollout
models.out_dim=10
seed=0    avg_loss: 0.000000080105  time_per_window : 0.001772   progress : 0.229
name: models.architecture.block_type=simple
models.architecture.mamba_type=mamba
training.mode=gml_rollout
models.out_dim=10
seed=0    avg_loss: 0.000000066719  time_per_window : 0.001707   progress : 0.240
name: models.architecture.block_type=simple
models.architecture.mamba_type=mamba
training.mode=gml_rollout
models.out_dim=10
seed=0    avg_loss: 0.000000064470  time_per_window : 0.001618   progress : 0.251
name: models.architecture.block_type=simple
models.architecture.mamba_type=mamba
training.mode=gml_rollout
models.out_dim=10
seed=0    avg_loss: 0.000000053600  time_per_window : 0.001950   progress : 0.262
name: models.architecture.block_type=simple
models.architecture.mamba_type=mamba
training.mode=gml_rollout
models.out_dim=10
seed=0    avg_loss: 0.000000047267  time_per_window : 0.001700   progress : 0.273
name: models.architecture.block_type=simple
models.architecture.mamba_type=mamba
training.mode=gml_rollout
models.out_dim=10
seed=0    avg_loss: 0.000000044270  time_per_window : 0.001524   progress : 0.284
name: models.architecture.block_type=simple
models.architecture.mamba_type=mamba
training.mode=gml_rollout
models.out_dim=10
seed=0    avg_loss: 0.000000042532  time_per_window : 0.001900   progress : 0.295
name: models.architecture.block_type=simple
models.architecture.mamba_type=mamba
training.mode=gml_rollout
models.out_dim=10
seed=0    avg_loss: 0.000000039082  time_per_window : 0.001920   progress : 0.306
name: models.architecture.block_type=simple
models.architecture.mamba_type=mamba
training.mode=gml_rollout
models.out_dim=10
seed=0    avg_loss: 0.000000041684  time_per_window : 0.001613   progress : 0.317
name: models.architecture.block_type=simple
models.architecture.mamba_type=mamba
training.mode=gml_rollout
models.out_dim=10
seed=0    avg_loss: 0.000000039808  time_per_window : 0.001366   progress : 0.328
name: models.architecture.block_type=simple
models.architecture.mamba_type=mamba
training.mode=gml_rollout
models.out_dim=10
seed=0    avg_loss: 0.000000042966  time_per_window : 0.001211   progress : 0.339
name: models.architecture.block_type=simple
models.architecture.mamba_type=mamba
training.mode=gml_rollout
models.out_dim=10
seed=0    avg_loss: 0.000000039986  time_per_window : 0.002074   progress : 0.350
name: models.architecture.block_type=simple
models.architecture.mamba_type=mamba
training.mode=gml_rollout
models.out_dim=10
seed=0    avg_loss: 0.000000046132  time_per_window : 0.002164   progress : 0.360
name: models.architecture.block_type=simple
models.architecture.mamba_type=mamba
training.mode=gml_rollout
models.out_dim=10
seed=0    avg_loss: 0.000000038263  time_per_window : 0.001781   progress : 0.371
name: models.architecture.block_type=simple
models.architecture.mamba_type=mamba
training.mode=gml_rollout
models.out_dim=10
seed=0    avg_loss: 0.000000044181  time_per_window : 0.002067   progress : 0.382
name: models.architecture.block_type=simple
models.architecture.mamba_type=mamba
training.mode=gml_rollout
models.out_dim=10
seed=0    avg_loss: 0.000000050995  time_per_window : 0.001748   progress : 0.393
name: models.architecture.block_type=simple
models.architecture.mamba_type=mamba
training.mode=gml_rollout
models.out_dim=10
seed=0    avg_loss: 0.000000042407  time_per_window : 0.002093   progress : 0.404
name: models.architecture.block_type=simple
models.architecture.mamba_type=mamba
training.mode=gml_rollout
models.out_dim=10
seed=0    avg_loss: 0.000000044065  time_per_window : 0.001981   progress : 0.415
name: models.architecture.block_type=simple
models.architecture.mamba_type=mamba
training.mode=gml_rollout
models.out_dim=10
seed=0    avg_loss: 0.000000036589  time_per_window : 0.002108   progress : 0.426
name: models.architecture.block_type=simple
models.architecture.mamba_type=mamba
training.mode=gml_rollout
models.out_dim=10
seed=0    avg_loss: 0.000000052038  time_per_window : 0.001825   progress : 0.437
name: models.architecture.block_type=simple
models.architecture.mamba_type=mamba
training.mode=gml_rollout
models.out_dim=10
seed=0    avg_loss: 0.000000042760  time_per_window : 0.002049   progress : 0.448
name: models.architecture.block_type=simple
models.architecture.mamba_type=mamba
training.mode=gml_rollout
models.out_dim=10
seed=0    avg_loss: 0.000000044991  time_per_window : 0.001931   progress : 0.459
name: models.architecture.block_type=simple
models.architecture.mamba_type=mamba
training.mode=gml_rollout
models.out_dim=10
seed=0    avg_loss: 0.000000047324  time_per_window : 0.001905   progress : 0.470
name: models.architecture.block_type=simple
models.architecture.mamba_type=mamba
training.mode=gml_rollout
models.out_dim=10
seed=0    avg_loss: 0.000000045186  time_per_window : 0.001889   progress : 0.481
name: models.architecture.block_type=simple
models.architecture.mamba_type=mamba
training.mode=gml_rollout
models.out_dim=10
seed=0    avg_loss: 0.000000049591  time_per_window : 0.001916   progress : 0.492
name: models.architecture.block_type=simple
models.architecture.mamba_type=mamba
training.mode=gml_rollout
models.out_dim=10
seed=0    avg_loss: 0.000000037537  time_per_window : 0.001868   progress : 0.502
name: models.architecture.block_type=simple
models.architecture.mamba_type=mamba
training.mode=gml_rollout
models.out_dim=10
seed=0    avg_loss: 0.000000044406  time_per_window : 0.001998   progress : 0.513
name: models.architecture.block_type=simple
models.architecture.mamba_type=mamba
training.mode=gml_rollout
models.out_dim=10
seed=0    avg_loss: 0.000000046411  time_per_window : 0.002072   progress : 0.524
name: models.architecture.block_type=simple
models.architecture.mamba_type=mamba
training.mode=gml_rollout
models.out_dim=10
seed=0    avg_loss: 0.000000047610  time_per_window : 0.001878   progress : 0.535
name: models.architecture.block_type=simple
models.architecture.mamba_type=mamba
training.mode=gml_rollout
models.out_dim=10
seed=0    avg_loss: 0.000000036160  time_per_window : 0.002064   progress : 0.546
name: models.architecture.block_type=simple
models.architecture.mamba_type=mamba
training.mode=gml_rollout
models.out_dim=10
seed=0    avg_loss: 0.000000049227  time_per_window : 0.001872   progress : 0.557
name: models.architecture.block_type=simple
models.architecture.mamba_type=mamba
training.mode=gml_rollout
models.out_dim=10
seed=0    avg_loss: 0.000000040712  time_per_window : 0.001923   progress : 0.568
name: models.architecture.block_type=simple
models.architecture.mamba_type=mamba
training.mode=gml_rollout
models.out_dim=10
seed=0    avg_loss: 0.000000036392  time_per_window : 0.001824   progress : 0.579
name: models.architecture.block_type=simple
models.architecture.mamba_type=mamba
training.mode=gml_rollout
models.out_dim=10
seed=0    avg_loss: 0.000000046485  time_per_window : 0.002026   progress : 0.590
name: models.architecture.block_type=simple
models.architecture.mamba_type=mamba
training.mode=gml_rollout
models.out_dim=10
seed=0    avg_loss: 0.000000038831  time_per_window : 0.002028   progress : 0.601
name: models.architecture.block_type=simple
models.architecture.mamba_type=mamba
training.mode=gml_rollout
models.out_dim=10
seed=0    avg_loss: 0.000000046831  time_per_window : 0.001376   progress : 0.612
name: models.architecture.block_type=simple
models.architecture.mamba_type=mamba
training.mode=gml_rollout
models.out_dim=10
seed=0    avg_loss: 0.000000040586  time_per_window : 0.001614   progress : 0.623
name: models.architecture.block_type=simple
models.architecture.mamba_type=mamba
training.mode=gml_rollout
models.out_dim=10
seed=0    avg_loss: 0.000000043528  time_per_window : 0.002042   progress : 0.634
name: models.architecture.block_type=simple
models.architecture.mamba_type=mamba
training.mode=gml_rollout
models.out_dim=10
seed=0    avg_loss: 0.000000034657  time_per_window : 0.001933   progress : 0.644
name: models.architecture.block_type=simple
models.architecture.mamba_type=mamba
training.mode=gml_rollout
models.out_dim=10
seed=0    avg_loss: 0.000000041025  time_per_window : 0.002110   progress : 0.655
name: models.architecture.block_type=simple
models.architecture.mamba_type=mamba
training.mode=gml_rollout
models.out_dim=10
seed=0    avg_loss: 0.000000041554  time_per_window : 0.001777   progress : 0.666
name: models.architecture.block_type=simple
models.architecture.mamba_type=mamba
training.mode=gml_rollout
models.out_dim=10
seed=0    avg_loss: 0.000000037692  time_per_window : 0.001951   progress : 0.677
name: models.architecture.block_type=simple
models.architecture.mamba_type=mamba
training.mode=gml_rollout
models.out_dim=10
seed=0    avg_loss: 0.000000039058  time_per_window : 0.001921   progress : 0.688
name: models.architecture.block_type=simple
models.architecture.mamba_type=mamba
training.mode=gml_rollout
models.out_dim=10
seed=0    avg_loss: 0.000000035947  time_per_window : 0.001867   progress : 0.699
name: models.architecture.block_type=simple
models.architecture.mamba_type=mamba
training.mode=gml_rollout
models.out_dim=10
seed=0    avg_loss: 0.000000047133  time_per_window : 0.002050   progress : 0.710
name: models.architecture.block_type=simple
models.architecture.mamba_type=mamba
training.mode=gml_rollout
models.out_dim=10
seed=0    avg_loss: 0.000000031738  time_per_window : 0.001786   progress : 0.721
name: models.architecture.block_type=simple
models.architecture.mamba_type=mamba
training.mode=gml_rollout
models.out_dim=10
seed=0    avg_loss: 0.000000038140  time_per_window : 0.002005   progress : 0.732
name: models.architecture.block_type=simple
models.architecture.mamba_type=mamba
training.mode=gml_rollout
models.out_dim=10
seed=0    avg_loss: 0.000000035265  time_per_window : 0.001885   progress : 0.743
name: models.architecture.block_type=simple
models.architecture.mamba_type=mamba
training.mode=gml_rollout
models.out_dim=10
seed=0    avg_loss: 0.000000032196  time_per_window : 0.001489   progress : 0.754
name: models.architecture.block_type=simple
models.architecture.mamba_type=mamba
training.mode=gml_rollout
models.out_dim=10
seed=0    avg_loss: 0.000000037637  time_per_window : 0.001899   progress : 0.765
name: models.architecture.block_type=simple
models.architecture.mamba_type=mamba
training.mode=gml_rollout
models.out_dim=10
seed=0    avg_loss: 0.000000033248  time_per_window : 0.002049   progress : 0.775
name: models.architecture.block_type=simple
models.architecture.mamba_type=mamba
training.mode=gml_rollout
models.out_dim=10
seed=0    avg_loss: 0.000000031387  time_per_window : 0.001684   progress : 0.786
name: models.architecture.block_type=simple
models.architecture.mamba_type=mamba
training.mode=gml_rollout
models.out_dim=10
seed=0    avg_loss: 0.000000030035  time_per_window : 0.001833   progress : 0.797
name: models.architecture.block_type=simple
models.architecture.mamba_type=mamba
training.mode=gml_rollout
models.out_dim=10
seed=0    avg_loss: 0.000000030214  time_per_window : 0.001558   progress : 0.808
name: models.architecture.block_type=simple
models.architecture.mamba_type=mamba
training.mode=gml_rollout
models.out_dim=10
seed=0    avg_loss: 0.000000028204  time_per_window : 0.001751   progress : 0.819
name: models.architecture.block_type=simple
models.architecture.mamba_type=mamba
training.mode=gml_rollout
models.out_dim=10
seed=0    avg_loss: 0.000000028130  time_per_window : 0.001764   progress : 0.830
name: models.architecture.block_type=simple
models.architecture.mamba_type=mamba
training.mode=gml_rollout
models.out_dim=10
seed=0    avg_loss: 0.000000025295  time_per_window : 0.002014   progress : 0.841
name: models.architecture.block_type=simple
models.architecture.mamba_type=mamba
training.mode=gml_rollout
models.out_dim=10
seed=0    avg_loss: 0.000000028623  time_per_window : 0.001530   progress : 0.852
name: models.architecture.block_type=simple
models.architecture.mamba_type=mamba
training.mode=gml_rollout
models.out_dim=10
seed=0    avg_loss: 0.000000026470  time_per_window : 0.001814   progress : 0.863
name: models.architecture.block_type=simple
models.architecture.mamba_type=mamba
training.mode=gml_rollout
models.out_dim=10
seed=0    avg_loss: 0.000000024282  time_per_window : 0.001844   progress : 0.874/media/egghead/Scratch/joey/Thesis/mavenv/lib/python3.11/site-packages/torch/_inductor/cudagraph_trees.py:2622: UserWarning: Unable to hit fast path of CUDAGraphs because outputs from a previous step still require backward. Ensure backward() is invoked or detach outputs. You may also call torch.compiler.cudagraph_mark_step_begin() before each model invocation.
  warnings.warn(
/media/egghead/Scratch/joey/Thesis/mavenv/lib/python3.11/site-packages/torch/_inductor/cudagraph_trees.py:2622: UserWarning: Unable to hit fast path of CUDAGraphs because outputs from a previous step still require backward. Ensure backward() is invoked or detach outputs. You may also call torch.compiler.cudagraph_mark_step_begin() before each model invocation.
  warnings.warn(

name: models.architecture.block_type=simple
models.architecture.mamba_type=mamba
training.mode=gml_rollout
models.out_dim=10
seed=0    avg_loss: 0.000000025341  time_per_window : 0.001590   progress : 0.885
name: models.architecture.block_type=simple
models.architecture.mamba_type=mamba
training.mode=gml_rollout
models.out_dim=10
seed=0    avg_loss: 0.000000023101  time_per_window : 0.001796   progress : 0.896
name: models.architecture.block_type=simple
models.architecture.mamba_type=mamba
training.mode=gml_rollout
models.out_dim=10
seed=0    avg_loss: 0.000000024149  time_per_window : 0.001868   progress : 0.907
name: models.architecture.block_type=simple
models.architecture.mamba_type=mamba
training.mode=gml_rollout
models.out_dim=10
seed=0    avg_loss: 0.000000019526  time_per_window : 0.001828   progress : 0.917
name: models.architecture.block_type=simple
models.architecture.mamba_type=mamba
training.mode=gml_rollout
models.out_dim=10
seed=0    avg_loss: 0.000000023578  time_per_window : 0.002132   progress : 0.928
name: models.architecture.block_type=simple
models.architecture.mamba_type=mamba
training.mode=gml_rollout
models.out_dim=10
seed=0    avg_loss: 0.000000022425  time_per_window : 0.001987   progress : 0.939
name: models.architecture.block_type=simple
models.architecture.mamba_type=mamba
training.mode=gml_rollout
models.out_dim=10
seed=0    avg_loss: 0.000000020389  time_per_window : 0.002157   progress : 0.950
name: models.architecture.block_type=simple
models.architecture.mamba_type=mamba
training.mode=gml_rollout
models.out_dim=10
seed=0    avg_loss: 0.000000019163  time_per_window : 0.001828   progress : 0.961
name: models.architecture.block_type=simple
models.architecture.mamba_type=mamba
training.mode=gml_rollout
models.out_dim=10
seed=0    avg_loss: 0.000000019352  time_per_window : 0.002026   progress : 0.972
name: models.architecture.block_type=simple
models.architecture.mamba_type=mamba
training.mode=gml_rollout
models.out_dim=10
seed=0    avg_loss: 0.000000017231  time_per_window : 0.001785   progress : 0.983
name: models.architecture.block_type=simple
models.architecture.mamba_type=mamba
training.mode=gml_rollout
models.out_dim=10
seed=0    avg_loss: 0.000000020579  time_per_window : 0.002042   progress : 0.994
name: models.architecture.block_type=simple
models.architecture.mamba_type=mamba
training.mode=gml_rollout
models.out_dim=10
seed=0    avg_loss: 0.000000075001  time_per_window : 0.002091   progress : 0.011
name: models.architecture.block_type=simple
models.architecture.mamba_type=mamba
training.mode=gml_rollout
models.out_dim=10
seed=0    avg_loss: 0.000000013078  time_per_window : 0.002008   progress : 0.022
name: models.architecture.block_type=simple
models.architecture.mamba_type=mamba
training.mode=gml_rollout
models.out_dim=10
seed=0    avg_loss: 0.000000015271  time_per_window : 0.002260   progress : 0.033
name: models.architecture.block_type=simple
models.architecture.mamba_type=mamba
training.mode=gml_rollout
models.out_dim=10
seed=0    avg_loss: 0.000000015624  time_per_window : 0.002035   progress : 0.044
name: models.architecture.block_type=simple
models.architecture.mamba_type=mamba
training.mode=gml_rollout
models.out_dim=10
seed=0    avg_loss: 0.000000018118  time_per_window : 0.002091   progress : 0.055
name: models.architecture.block_type=simple
models.architecture.mamba_type=mamba
training.mode=gml_rollout
models.out_dim=10
seed=0    avg_loss: 0.000000016839  time_per_window : 0.002044   progress : 0.066
name: models.architecture.block_type=simple
models.architecture.mamba_type=mamba
training.mode=gml_rollout
models.out_dim=10
seed=0    avg_loss: 0.000000015724  time_per_window : 0.002119   progress : 0.076
name: models.architecture.block_type=simple
models.architecture.mamba_type=mamba
training.mode=gml_rollout
models.out_dim=10
seed=0    avg_loss: 0.000000017025  time_per_window : 0.002081   progress : 0.087
name: models.architecture.block_type=simple
models.architecture.mamba_type=mamba
training.mode=gml_rollout
models.out_dim=10
seed=0    avg_loss: 0.000000019966  time_per_window : 0.002002   progress : 0.098
name: models.architecture.block_type=simple
models.architecture.mamba_type=mamba
training.mode=gml_rollout
models.out_dim=10
seed=0    avg_loss: 0.000000014659  time_per_window : 0.002004   progress : 0.109
name: models.architecture.block_type=simple
models.architecture.mamba_type=mamba
training.mode=gml_rollout
models.out_dim=10
seed=0    avg_loss: 0.000000015968  time_per_window : 0.002033   progress : 0.120
name: models.architecture.block_type=simple
models.architecture.mamba_type=mamba
training.mode=gml_rollout
models.out_dim=10
seed=0    avg_loss: 0.000000016231  time_per_window : 0.002125   progress : 0.131
name: models.architecture.block_type=simple
models.architecture.mamba_type=mamba
training.mode=gml_rollout
models.out_dim=10
seed=0    avg_loss: 0.000000015743  time_per_window : 0.001995   progress : 0.142
name: models.architecture.block_type=simple
models.architecture.mamba_type=mamba
training.mode=gml_rollout
models.out_dim=10
seed=0    avg_loss: 0.000000015663  time_per_window : 0.001859   progress : 0.153
name: models.architecture.block_type=simple
models.architecture.mamba_type=mamba
training.mode=gml_rollout
models.out_dim=10
seed=0    avg_loss: 0.000000015671  time_per_window : 0.001942   progress : 0.164
name: models.architecture.block_type=simple
models.architecture.mamba_type=mamba
training.mode=gml_rollout
models.out_dim=10
seed=0    avg_loss: 0.000000017697  time_per_window : 0.002202   progress : 0.175
name: models.architecture.block_type=simple
models.architecture.mamba_type=mamba
training.mode=gml_rollout
models.out_dim=10
seed=0    avg_loss: 0.000000014869  time_per_window : 0.002090   progress : 0.186
name: models.architecture.block_type=simple
models.architecture.mamba_type=mamba
training.mode=gml_rollout
models.out_dim=10
seed=0    avg_loss: 0.000000015912  time_per_window : 0.002125   progress : 0.197
name: models.architecture.block_type=simple
models.architecture.mamba_type=mamba
training.mode=gml_rollout
models.out_dim=10
seed=0    avg_loss: 0.000000013107  time_per_window : 0.002001   progress : 0.208
name: models.architecture.block_type=simple
models.architecture.mamba_type=mamba
training.mode=gml_rollout
models.out_dim=10
seed=0    avg_loss: 0.000000016217  time_per_window : 0.002137   progress : 0.218
name: models.architecture.block_type=simple
models.architecture.mamba_type=mamba
training.mode=gml_rollout
models.out_dim=10
seed=0    avg_loss: 0.000000016829  time_per_window : 0.002184   progress : 0.229
name: models.architecture.block_type=simple
models.architecture.mamba_type=mamba
training.mode=gml_rollout
models.out_dim=10
seed=0    avg_loss: 0.000000014249  time_per_window : 0.001993   progress : 0.240
name: models.architecture.block_type=simple
models.architecture.mamba_type=mamba
training.mode=gml_rollout
models.out_dim=10
seed=0    avg_loss: 0.000000014756  time_per_window : 0.002131   progress : 0.251
name: models.architecture.block_type=simple
models.architecture.mamba_type=mamba
training.mode=gml_rollout
models.out_dim=10
seed=0    avg_loss: 0.000000014212  time_per_window : 0.002024   progress : 0.262
name: models.architecture.block_type=simple
models.architecture.mamba_type=mamba
training.mode=gml_rollout
models.out_dim=10
seed=0    avg_loss: 0.000000013263  time_per_window : 0.002048   progress : 0.273
name: models.architecture.block_type=simple
models.architecture.mamba_type=mamba
training.mode=gml_rollout
models.out_dim=10
seed=0    avg_loss: 0.000000015367  time_per_window : 0.002020   progress : 0.284
name: models.architecture.block_type=simple
models.architecture.mamba_type=mamba
training.mode=gml_rollout
models.out_dim=10
seed=0    avg_loss: 0.000000014771  time_per_window : 0.002101   progress : 0.295
name: models.architecture.block_type=simple
models.architecture.mamba_type=mamba
training.mode=gml_rollout
models.out_dim=10
seed=0    avg_loss: 0.000000013194  time_per_window : 0.002005   progress : 0.306
name: models.architecture.block_type=simple
models.architecture.mamba_type=mamba
training.mode=gml_rollout
models.out_dim=10
seed=0    avg_loss: 0.000000013200  time_per_window : 0.002028   progress : 0.317
name: models.architecture.block_type=simple
models.architecture.mamba_type=mamba
training.mode=gml_rollout
models.out_dim=10
seed=0    avg_loss: 0.000000012147  time_per_window : 0.002050   progress : 0.328
name: models.architecture.block_type=simple
models.architecture.mamba_type=mamba
training.mode=gml_rollout
models.out_dim=10
seed=0    avg_loss: 0.000000013351  time_per_window : 0.002158   progress : 0.339
name: models.architecture.block_type=simple
models.architecture.mamba_type=mamba
training.mode=gml_rollout
models.out_dim=10
seed=0    avg_loss: 0.000000013594  time_per_window : 0.002094   progress : 0.350
name: models.architecture.block_type=simple
models.architecture.mamba_type=mamba
training.mode=gml_rollout
models.out_dim=10
seed=0    avg_loss: 0.000000012795  time_per_window : 0.001945   progress : 0.360
name: models.architecture.block_type=simple
models.architecture.mamba_type=mamba
training.mode=gml_rollout
models.out_dim=10
seed=0    avg_loss: 0.000000011554  time_per_window : 0.002151   progress : 0.371
name: models.architecture.block_type=simple
models.architecture.mamba_type=mamba
training.mode=gml_rollout
models.out_dim=10
seed=0    avg_loss: 0.000000013376  time_per_window : 0.002135   progress : 0.382
name: models.architecture.block_type=simple
models.architecture.mamba_type=mamba
training.mode=gml_rollout
models.out_dim=10
seed=0    avg_loss: 0.000000011196  time_per_window : 0.002058   progress : 0.393
name: models.architecture.block_type=simple
models.architecture.mamba_type=mamba
training.mode=gml_rollout
models.out_dim=10
seed=0    avg_loss: 0.000000012773  time_per_window : 0.002148   progress : 0.404
name: models.architecture.block_type=simple
models.architecture.mamba_type=mamba
training.mode=gml_rollout
models.out_dim=10
seed=0    avg_loss: 0.000000012336  time_per_window : 0.002090   progress : 0.415
name: models.architecture.block_type=simple
models.architecture.mamba_type=mamba
training.mode=gml_rollout
models.out_dim=10
seed=0    avg_loss: 0.000000011254  time_per_window : 0.001998   progress : 0.426
name: models.architecture.block_type=simple
models.architecture.mamba_type=mamba
training.mode=gml_rollout
models.out_dim=10
seed=0    avg_loss: 0.000000011975  time_per_window : 0.001731   progress : 0.437
name: models.architecture.block_type=simple
models.architecture.mamba_type=mamba
training.mode=gml_rollout
models.out_dim=10
seed=0    avg_loss: 0.000000012635  time_per_window : 0.001771   progress : 0.448
name: models.architecture.block_type=simple
models.architecture.mamba_type=mamba
training.mode=gml_rollout
models.out_dim=10
seed=0    avg_loss: 0.000000012293  time_per_window : 0.001886   progress : 0.459
name: models.architecture.block_type=simple
models.architecture.mamba_type=mamba
training.mode=gml_rollout
models.out_dim=10
seed=0    avg_loss: 0.000000011363  time_per_window : 0.001774   progress : 0.470
name: models.architecture.block_type=simple
models.architecture.mamba_type=mamba
training.mode=gml_rollout
models.out_dim=10
seed=0    avg_loss: 0.000000012342  time_per_window : 0.001376   progress : 0.481
name: models.architecture.block_type=simple
models.architecture.mamba_type=mamba
training.mode=gml_rollout
models.out_dim=10
seed=0    avg_loss: 0.000000010469  time_per_window : 0.001427   progress : 0.492
name: models.architecture.block_type=simple
models.architecture.mamba_type=mamba
training.mode=gml_rollout
models.out_dim=10
seed=0    avg_loss: 0.000000013256  time_per_window : 0.001615   progress : 0.502
name: models.architecture.block_type=simple
models.architecture.mamba_type=mamba
training.mode=gml_rollout
models.out_dim=10
seed=0    avg_loss: 0.000000010922  time_per_window : 0.001776   progress : 0.513
name: models.architecture.block_type=simple
models.architecture.mamba_type=mamba
training.mode=gml_rollout
models.out_dim=10
seed=0    avg_loss: 0.000000009158  time_per_window : 0.001831   progress : 0.524
name: models.architecture.block_type=simple
models.architecture.mamba_type=mamba
training.mode=gml_rollout
models.out_dim=10
seed=0    avg_loss: 0.000000013212  time_per_window : 0.001484   progress : 0.535
name: models.architecture.block_type=simple
models.architecture.mamba_type=mamba
training.mode=gml_rollout
models.out_dim=10
seed=0    avg_loss: 0.000000012170  time_per_window : 0.001549   progress : 0.546
name: models.architecture.block_type=simple
models.architecture.mamba_type=mamba
training.mode=gml_rollout
models.out_dim=10
seed=0    avg_loss: 0.000000009166  time_per_window : 0.000962   progress : 0.557
name: models.architecture.block_type=simple
models.architecture.mamba_type=mamba
training.mode=gml_rollout
models.out_dim=10
seed=0    avg_loss: 0.000000010975  time_per_window : 0.001145   progress : 0.568
name: models.architecture.block_type=simple
models.architecture.mamba_type=mamba
training.mode=gml_rollout
models.out_dim=10
seed=0    avg_loss: 0.000000010427  time_per_window : 0.001002   progress : 0.579
name: models.architecture.block_type=simple
models.architecture.mamba_type=mamba
training.mode=gml_rollout
models.out_dim=10
seed=0    avg_loss: 0.000000009032  time_per_window : 0.001261   progress : 0.590
name: models.architecture.block_type=simple
models.architecture.mamba_type=mamba
training.mode=gml_rollout
models.out_dim=10
seed=0    avg_loss: 0.000000009772  time_per_window : 0.001381   progress : 0.601
name: models.architecture.block_type=simple
models.architecture.mamba_type=mamba
training.mode=gml_rollout
models.out_dim=10
seed=0    avg_loss: 0.000000011766  time_per_window : 0.001074   progress : 0.612
name: models.architecture.block_type=simple
models.architecture.mamba_type=mamba
training.mode=gml_rollout
models.out_dim=10
seed=0    avg_loss: 0.000000011520  time_per_window : 0.000964   progress : 0.623
name: models.architecture.block_type=simple
models.architecture.mamba_type=mamba
training.mode=gml_rollout
models.out_dim=10
seed=0    avg_loss: 0.000000009387  time_per_window : 0.001334   progress : 0.634
name: models.architecture.block_type=simple
models.architecture.mamba_type=mamba
training.mode=gml_rollout
models.out_dim=10
seed=0    avg_loss: 0.000000010515  time_per_window : 0.001087   progress : 0.644
name: models.architecture.block_type=simple
models.architecture.mamba_type=mamba
training.mode=gml_rollout
models.out_dim=10
seed=0    avg_loss: 0.000000009391  time_per_window : 0.001164   progress : 0.655
name: models.architecture.block_type=simple
models.architecture.mamba_type=mamba
training.mode=gml_rollout
models.out_dim=10
seed=0    avg_loss: 0.000000010425  time_per_window : 0.001221   progress : 0.666
name: models.architecture.block_type=simple
models.architecture.mamba_type=mamba
training.mode=gml_rollout
models.out_dim=10
seed=0    avg_loss: 0.000000010470  time_per_window : 0.001090   progress : 0.677
name: models.architecture.block_type=simple
models.architecture.mamba_type=mamba
training.mode=gml_rollout
models.out_dim=10
seed=0    avg_loss: 0.000000010842  time_per_window : 0.000904   progress : 0.688
name: models.architecture.block_type=simple
models.architecture.mamba_type=mamba
training.mode=gml_rollout
models.out_dim=10
seed=0    avg_loss: 0.000000009912  time_per_window : 0.001264   progress : 0.699
name: models.architecture.block_type=simple
models.architecture.mamba_type=mamba
training.mode=gml_rollout
models.out_dim=10
seed=0    avg_loss: 0.000000009021  time_per_window : 0.001214   progress : 0.710
name: models.architecture.block_type=simple
models.architecture.mamba_type=mamba
training.mode=gml_rollout
models.out_dim=10
seed=0    avg_loss: 0.000000009351  time_per_window : 0.001302   progress : 0.721
name: models.architecture.block_type=simple
models.architecture.mamba_type=mamba
training.mode=gml_rollout
models.out_dim=10
seed=0    avg_loss: 0.000000009624  time_per_window : 0.001111   progress : 0.732
name: models.architecture.block_type=simple
models.architecture.mamba_type=mamba
training.mode=gml_rollout
models.out_dim=10
seed=0    avg_loss: 0.000000009855  time_per_window : 0.001293   progress : 0.743
name: models.architecture.block_type=simple
models.architecture.mamba_type=mamba
training.mode=gml_rollout
models.out_dim=10
seed=0    avg_loss: 0.000000008976  time_per_window : 0.001326   progress : 0.754
name: models.architecture.block_type=simple
models.architecture.mamba_type=mamba
training.mode=gml_rollout
models.out_dim=10
seed=0    avg_loss: 0.000000007970  time_per_window : 0.000908   progress : 0.765
name: models.architecture.block_type=simple
models.architecture.mamba_type=mamba
training.mode=gml_rollout
models.out_dim=10
seed=0    avg_loss: 0.000000010338  time_per_window : 0.000924   progress : 0.775
name: models.architecture.block_type=simple
models.architecture.mamba_type=mamba
training.mode=gml_rollout
models.out_dim=10
seed=0    avg_loss: 0.000000008664  time_per_window : 0.000918   progress : 0.786
name: models.architecture.block_type=simple
models.architecture.mamba_type=mamba
training.mode=gml_rollout
models.out_dim=10
seed=0    avg_loss: 0.000000009226  time_per_window : 0.001006   progress : 0.797
name: models.architecture.block_type=simple
models.architecture.mamba_type=mamba
training.mode=gml_rollout
models.out_dim=10
seed=0    avg_loss: 0.000000009496  time_per_window : 0.001030   progress : 0.808
name: models.architecture.block_type=simple
models.architecture.mamba_type=mamba
training.mode=gml_rollout
models.out_dim=10
seed=0    avg_loss: 0.000000008882  time_per_window : 0.000948   progress : 0.819
name: models.architecture.block_type=simple
models.architecture.mamba_type=mamba
training.mode=gml_rollout
models.out_dim=10
seed=0    avg_loss: 0.000000008958  time_per_window : 0.000920   progress : 0.830
name: models.architecture.block_type=simple
models.architecture.mamba_type=mamba
training.mode=gml_rollout
models.out_dim=10
seed=0    avg_loss: 0.000000008836  time_per_window : 0.001241   progress : 0.841
name: models.architecture.block_type=simple
models.architecture.mamba_type=mamba
training.mode=gml_rollout
models.out_dim=10
seed=0    avg_loss: 0.000000008176  time_per_window : 0.000920   progress : 0.852
name: models.architecture.block_type=simple
models.architecture.mamba_type=mamba
training.mode=gml_rollout
models.out_dim=10
seed=0    avg_loss: 0.000000009367  time_per_window : 0.001272   progress : 0.863
name: models.architecture.block_type=simple
models.architecture.mamba_type=mamba
training.mode=gml_rollout
models.out_dim=10
seed=0    avg_loss: 0.000000009124  time_per_window : 0.001292   progress : 0.874
name: models.architecture.block_type=simple
models.architecture.mamba_type=mamba
training.mode=gml_rollout
models.out_dim=10
seed=0    avg_loss: 0.000000008129  time_per_window : 0.001238   progress : 0.885
name: models.architecture.block_type=simple
models.architecture.mamba_type=mamba
training.mode=gml_rollout
models.out_dim=10
seed=0    avg_loss: 0.000000008651  time_per_window : 0.001257   progress : 0.896
name: models.architecture.block_type=simple
models.architecture.mamba_type=mamba
training.mode=gml_rollout
models.out_dim=10
seed=0    avg_loss: 0.000000009505  time_per_window : 0.001096   progress : 0.907
name: models.architecture.block_type=simple
models.architecture.mamba_type=mamba
training.mode=gml_rollout
models.out_dim=10
seed=0    avg_loss: 0.000000008386  time_per_window : 0.001268   progress : 0.917
name: models.architecture.block_type=simple
models.architecture.mamba_type=mamba
training.mode=gml_rollout
models.out_dim=10
seed=0    avg_loss: 0.000000008306  time_per_window : 0.000937   progress : 0.928
name: models.architecture.block_type=simple
models.architecture.mamba_type=mamba
training.mode=gml_rollout
models.out_dim=10
seed=0    avg_loss: 0.000000008494  time_per_window : 0.001076   progress : 0.939
name: models.architecture.block_type=simple
models.architecture.mamba_type=mamba
training.mode=gml_rollout
models.out_dim=10
seed=0    avg_loss: 0.000000008864  time_per_window : 0.001120   progress : 0.950
name: models.architecture.block_type=simple
models.architecture.mamba_type=mamba
training.mode=gml_rollout
models.out_dim=10
seed=0    avg_loss: 0.000000008418  time_per_window : 0.001346   progress : 0.961
name: models.architecture.block_type=simple
models.architecture.mamba_type=mamba
training.mode=gml_rollout
models.out_dim=10
seed=0    avg_loss: 0.000000008069  time_per_window : 0.001357   progress : 0.972
name: models.architecture.block_type=simple
models.architecture.mamba_type=mamba
training.mode=gml_rollout
models.out_dim=10
seed=0    avg_loss: 0.000000008558  time_per_window : 0.000980   progress : 0.983
name: models.architecture.block_type=simple
models.architecture.mamba_type=mamba
training.mode=gml_rollout
models.out_dim=10
seed=0    avg_loss: 0.000000008381  time_per_window : 0.000926   progress : 0.994
name: models.architecture.block_type=simple
models.architecture.mamba_type=mamba
training.mode=gml_rollout
models.out_dim=10
seed=0    avg_loss: 0.000001612523  time_per_window : 0.001027   progress : 0.011
name: models.architecture.block_type=simple
models.architecture.mamba_type=mamba
training.mode=gml_rollout
models.out_dim=10
seed=0    avg_loss: 0.000000342017  time_per_window : 0.000963   progress : 0.022
name: models.architecture.block_type=simple
models.architecture.mamba_type=mamba
training.mode=gml_rollout
models.out_dim=10
seed=0    avg_loss: 0.000000123683  time_per_window : 0.001265   progress : 0.033
name: models.architecture.block_type=simple
models.architecture.mamba_type=mamba
training.mode=gml_rollout
models.out_dim=10
seed=0    avg_loss: 0.000000042446  time_per_window : 0.000986   progress : 0.044
name: models.architecture.block_type=simple
models.architecture.mamba_type=mamba
training.mode=gml_rollout
models.out_dim=10
seed=0    avg_loss: 0.000000039927  time_per_window : 0.001271   progress : 0.055
name: models.architecture.block_type=simple
models.architecture.mamba_type=mamba
training.mode=gml_rollout
models.out_dim=10
seed=0    avg_loss: 0.000000026562  time_per_window : 0.001273   progress : 0.066
name: models.architecture.block_type=simple
models.architecture.mamba_type=mamba
training.mode=gml_rollout
models.out_dim=10
seed=0    avg_loss: 0.000000037203  time_per_window : 0.001124   progress : 0.076
name: models.architecture.block_type=simple
models.architecture.mamba_type=mamba
training.mode=gml_rollout
models.out_dim=10
seed=0    avg_loss: 0.000000026111  time_per_window : 0.001329   progress : 0.087
name: models.architecture.block_type=simple
models.architecture.mamba_type=mamba
training.mode=gml_rollout
models.out_dim=10
seed=0    avg_loss: 0.000000021251  time_per_window : 0.001336   progress : 0.098
name: models.architecture.block_type=simple
models.architecture.mamba_type=mamba
training.mode=gml_rollout
models.out_dim=10
seed=0    avg_loss: 0.000000020632  time_per_window : 0.001256   progress : 0.109
name: models.architecture.block_type=simple
models.architecture.mamba_type=mamba
training.mode=gml_rollout
models.out_dim=10
seed=0    avg_loss: 0.000000021891  time_per_window : 0.000971   progress : 0.120
name: models.architecture.block_type=simple
models.architecture.mamba_type=mamba
training.mode=gml_rollout
models.out_dim=10
seed=0    avg_loss: 0.000000023236  time_per_window : 0.000941   progress : 0.131
name: models.architecture.block_type=simple
models.architecture.mamba_type=mamba
training.mode=gml_rollout
models.out_dim=10
seed=0    avg_loss: 0.000000020357  time_per_window : 0.001297   progress : 0.142
name: models.architecture.block_type=simple
models.architecture.mamba_type=mamba
training.mode=gml_rollout
models.out_dim=10
seed=0    avg_loss: 0.000000019501  time_per_window : 0.001111   progress : 0.153
name: models.architecture.block_type=simple
models.architecture.mamba_type=mamba
training.mode=gml_rollout
models.out_dim=10
seed=0    avg_loss: 0.000000018561  time_per_window : 0.001027   progress : 0.164
name: models.architecture.block_type=simple
models.architecture.mamba_type=mamba
training.mode=gml_rollout
models.out_dim=10
seed=0    avg_loss: 0.000000019177  time_per_window : 0.000899   progress : 0.175
name: models.architecture.block_type=simple
models.architecture.mamba_type=mamba
training.mode=gml_rollout
models.out_dim=10
seed=0    avg_loss: 0.000000019871  time_per_window : 0.000914   progress : 0.186
name: models.architecture.block_type=simple
models.architecture.mamba_type=mamba
training.mode=gml_rollout
models.out_dim=10
seed=0    avg_loss: 0.000000018181  time_per_window : 0.000921   progress : 0.197
name: models.architecture.block_type=simple
models.architecture.mamba_type=mamba
training.mode=gml_rollout
models.out_dim=10
seed=0    avg_loss: 0.000000021081  time_per_window : 0.001281   progress : 0.208
name: models.architecture.block_type=simple
models.architecture.mamba_type=mamba
training.mode=gml_rollout
models.out_dim=10
seed=0    avg_loss: 0.000000019300  time_per_window : 0.001197   progress : 0.218
name: models.architecture.block_type=simple
models.architecture.mamba_type=mamba
training.mode=gml_rollout
models.out_dim=10
seed=0    avg_loss: 0.000000019394  time_per_window : 0.000904   progress : 0.229
name: models.architecture.block_type=simple
models.architecture.mamba_type=mamba
training.mode=gml_rollout
models.out_dim=10
seed=0    avg_loss: 0.000000022014  time_per_window : 0.000912   progress : 0.240
name: models.architecture.block_type=simple
models.architecture.mamba_type=mamba
training.mode=gml_rollout
models.out_dim=10
seed=0    avg_loss: 0.000000023912  time_per_window : 0.000943   progress : 0.251
name: models.architecture.block_type=simple
models.architecture.mamba_type=mamba
training.mode=gml_rollout
models.out_dim=10
seed=0    avg_loss: 0.000000023249  time_per_window : 0.000889   progress : 0.262
name: models.architecture.block_type=simple
models.architecture.mamba_type=mamba
training.mode=gml_rollout
models.out_dim=10
seed=0    avg_loss: 0.000000020214  time_per_window : 0.000941   progress : 0.273
name: models.architecture.block_type=simple
models.architecture.mamba_type=mamba
training.mode=gml_rollout
models.out_dim=10
seed=0    avg_loss: 0.000000019939  time_per_window : 0.000899   progress : 0.284
name: models.architecture.block_type=simple
models.architecture.mamba_type=mamba
training.mode=gml_rollout
models.out_dim=10
seed=0    avg_loss: 0.000000018948  time_per_window : 0.000920   progress : 0.295
name: models.architecture.block_type=simple
models.architecture.mamba_type=mamba
training.mode=gml_rollout
models.out_dim=10
seed=0    avg_loss: 0.000000018547  time_per_window : 0.001007   progress : 0.306
name: models.architecture.block_type=simple
models.architecture.mamba_type=mamba
training.mode=gml_rollout
models.out_dim=10
seed=0    avg_loss: 0.000000019175  time_per_window : 0.001080   progress : 0.317
name: models.architecture.block_type=simple
models.architecture.mamba_type=mamba
training.mode=gml_rollout
models.out_dim=10
seed=0    avg_loss: 0.000000017453  time_per_window : 0.001146   progress : 0.328
name: models.architecture.block_type=simple
models.architecture.mamba_type=mamba
training.mode=gml_rollout
models.out_dim=10
seed=0    avg_loss: 0.000000020110  time_per_window : 0.001207   progress : 0.339
name: models.architecture.block_type=simple
models.architecture.mamba_type=mamba
training.mode=gml_rollout
models.out_dim=10
seed=0    avg_loss: 0.000000022766  time_per_window : 0.001214   progress : 0.350
name: models.architecture.block_type=simple
models.architecture.mamba_type=mamba
training.mode=gml_rollout
models.out_dim=10
seed=0    avg_loss: 0.000000016695  time_per_window : 0.001200   progress : 0.360
name: models.architecture.block_type=simple
models.architecture.mamba_type=mamba
training.mode=gml_rollout
models.out_dim=10
seed=0    avg_loss: 0.000000016731  time_per_window : 0.001091   progress : 0.371
name: models.architecture.block_type=simple
models.architecture.mamba_type=mamba
training.mode=gml_rollout
models.out_dim=10
seed=0    avg_loss: 0.000000018557  time_per_window : 0.001257   progress : 0.382
name: models.architecture.block_type=simple
models.architecture.mamba_type=mamba
training.mode=gml_rollout
models.out_dim=10
seed=0    avg_loss: 0.000000020338  time_per_window : 0.001021   progress : 0.393
name: models.architecture.block_type=simple
models.architecture.mamba_type=mamba
training.mode=gml_rollout
models.out_dim=10
seed=0    avg_loss: 0.000000019486  time_per_window : 0.001043   progress : 0.404
name: models.architecture.block_type=simple
models.architecture.mamba_type=mamba
training.mode=gml_rollout
models.out_dim=10
seed=0    avg_loss: 0.000000018569  time_per_window : 0.001223   progress : 0.415
name: models.architecture.block_type=simple
models.architecture.mamba_type=mamba
training.mode=gml_rollout
models.out_dim=10
seed=0    avg_loss: 0.000000020780  time_per_window : 0.001227   progress : 0.426
name: models.architecture.block_type=simple
models.architecture.mamba_type=mamba
training.mode=gml_rollout
models.out_dim=10
seed=0    avg_loss: 0.000000014894  time_per_window : 0.000979   progress : 0.437
name: models.architecture.block_type=simple
models.architecture.mamba_type=mamba
training.mode=gml_rollout
models.out_dim=10
seed=0    avg_loss: 0.000000016447  time_per_window : 0.001239   progress : 0.448
name: models.architecture.block_type=simple
models.architecture.mamba_type=mamba
training.mode=gml_rollout
models.out_dim=10
seed=0    avg_loss: 0.000000016197  time_per_window : 0.001127   progress : 0.459
name: models.architecture.block_type=simple
models.architecture.mamba_type=mamba
training.mode=gml_rollout
models.out_dim=10
seed=0    avg_loss: 0.000000017393  time_per_window : 0.001085   progress : 0.470
name: models.architecture.block_type=simple
models.architecture.mamba_type=mamba
training.mode=gml_rollout
models.out_dim=10
seed=0    avg_loss: 0.000000017477  time_per_window : 0.001224   progress : 0.481
name: models.architecture.block_type=simple
models.architecture.mamba_type=mamba
training.mode=gml_rollout
models.out_dim=10
seed=0    avg_loss: 0.000000015508  time_per_window : 0.001009   progress : 0.492
name: models.architecture.block_type=simple
models.architecture.mamba_type=mamba
training.mode=gml_rollout
models.out_dim=10
seed=0    avg_loss: 0.000000019863  time_per_window : 0.001162   progress : 0.502
name: models.architecture.block_type=simple
models.architecture.mamba_type=mamba
training.mode=gml_rollout
models.out_dim=10
seed=0    avg_loss: 0.000000017178  time_per_window : 0.001207   progress : 0.513
name: models.architecture.block_type=simple
models.architecture.mamba_type=mamba
training.mode=gml_rollout
models.out_dim=10
seed=0    avg_loss: 0.000000019620  time_per_window : 0.000939   progress : 0.524
name: models.architecture.block_type=simple
models.architecture.mamba_type=mamba
training.mode=gml_rollout
models.out_dim=10
seed=0    avg_loss: 0.000000016021  time_per_window : 0.001151   progress : 0.535
name: models.architecture.block_type=simple
models.architecture.mamba_type=mamba
training.mode=gml_rollout
models.out_dim=10
seed=0    avg_loss: 0.000000020688  time_per_window : 0.001070   progress : 0.546
name: models.architecture.block_type=simple
models.architecture.mamba_type=mamba
training.mode=gml_rollout
models.out_dim=10
seed=0    avg_loss: 0.000000016009  time_per_window : 0.001205   progress : 0.557
name: models.architecture.block_type=simple
models.architecture.mamba_type=mamba
training.mode=gml_rollout
models.out_dim=10
seed=0    avg_loss: 0.000000014945  time_per_window : 0.001231   progress : 0.568
name: models.architecture.block_type=simple
models.architecture.mamba_type=mamba
training.mode=gml_rollout
models.out_dim=10
seed=0    avg_loss: 0.000000015349  time_per_window : 0.001182   progress : 0.579
name: models.architecture.block_type=simple
models.architecture.mamba_type=mamba
training.mode=gml_rollout
models.out_dim=10
seed=0    avg_loss: 0.000000016473  time_per_window : 0.001228   progress : 0.590
name: models.architecture.block_type=simple
models.architecture.mamba_type=mamba
training.mode=gml_rollout
models.out_dim=10
seed=0    avg_loss: 0.000000015042  time_per_window : 0.001209   progress : 0.601
name: models.architecture.block_type=simple
models.architecture.mamba_type=mamba
training.mode=gml_rollout
models.out_dim=10
seed=0    avg_loss: 0.000000018168  time_per_window : 0.001027   progress : 0.612
name: models.architecture.block_type=simple
models.architecture.mamba_type=mamba
training.mode=gml_rollout
models.out_dim=10
seed=0    avg_loss: 0.000000016368  time_per_window : 0.001179   progress : 0.623
name: models.architecture.block_type=simple
models.architecture.mamba_type=mamba
training.mode=gml_rollout
models.out_dim=10
seed=0    avg_loss: 0.000000014611  time_per_window : 0.001222   progress : 0.634
name: models.architecture.block_type=simple
models.architecture.mamba_type=mamba
training.mode=gml_rollout
models.out_dim=10
seed=0    avg_loss: 0.000000016936  time_per_window : 0.001217   progress : 0.644
name: models.architecture.block_type=simple
models.architecture.mamba_type=mamba
training.mode=gml_rollout
models.out_dim=10
seed=0    avg_loss: 0.000000017192  time_per_window : 0.001202   progress : 0.655
name: models.architecture.block_type=simple
models.architecture.mamba_type=mamba
training.mode=gml_rollout
models.out_dim=10
seed=0    avg_loss: 0.000000014699  time_per_window : 0.001243   progress : 0.666
name: models.architecture.block_type=simple
models.architecture.mamba_type=mamba
training.mode=gml_rollout
models.out_dim=10
seed=0    avg_loss: 0.000000015389  time_per_window : 0.001178   progress : 0.677
name: models.architecture.block_type=simple
models.architecture.mamba_type=mamba
training.mode=gml_rollout
models.out_dim=10
seed=0    avg_loss: 0.000000014025  time_per_window : 0.001204   progress : 0.688
name: models.architecture.block_type=simple
models.architecture.mamba_type=mamba
training.mode=gml_rollout
models.out_dim=10
seed=0    avg_loss: 0.000000015345  time_per_window : 0.001231   progress : 0.699
name: models.architecture.block_type=simple
models.architecture.mamba_type=mamba
training.mode=gml_rollout
models.out_dim=10
seed=0    avg_loss: 0.000000016942  time_per_window : 0.000978   progress : 0.710
name: models.architecture.block_type=simple
models.architecture.mamba_type=mamba
training.mode=gml_rollout
models.out_dim=10
seed=0    avg_loss: 0.000000019388  time_per_window : 0.001369   progress : 0.721
name: models.architecture.block_type=simple
models.architecture.mamba_type=mamba
training.mode=gml_rollout
models.out_dim=10
seed=0    avg_loss: 0.000000014623  time_per_window : 0.001259   progress : 0.732
name: models.architecture.block_type=simple
models.architecture.mamba_type=mamba
training.mode=gml_rollout
models.out_dim=10
seed=0    avg_loss: 0.000000016605  time_per_window : 0.001308   progress : 0.743
name: models.architecture.block_type=simple
models.architecture.mamba_type=mamba
training.mode=gml_rollout
models.out_dim=10
seed=0    avg_loss: 0.000000013690  time_per_window : 0.001292   progress : 0.754
name: models.architecture.block_type=simple
models.architecture.mamba_type=mamba
training.mode=gml_rollout
models.out_dim=10
seed=0    avg_loss: 0.000000013839  time_per_window : 0.000937   progress : 0.765
name: models.architecture.block_type=simple
models.architecture.mamba_type=mamba
training.mode=gml_rollout
models.out_dim=10
seed=0    avg_loss: 0.000000015540  time_per_window : 0.001284   progress : 0.775
name: models.architecture.block_type=simple
models.architecture.mamba_type=mamba
training.mode=gml_rollout
models.out_dim=10
seed=0    avg_loss: 0.000000015046  time_per_window : 0.001112   progress : 0.786
name: models.architecture.block_type=simple
models.architecture.mamba_type=mamba
training.mode=gml_rollout
models.out_dim=10
seed=0    avg_loss: 0.000000014366  time_per_window : 0.001318   progress : 0.797
name: models.architecture.block_type=simple
models.architecture.mamba_type=mamba
training.mode=gml_rollout
models.out_dim=10
seed=0    avg_loss: 0.000000015945  time_per_window : 0.001278   progress : 0.808
name: models.architecture.block_type=simple
models.architecture.mamba_type=mamba
training.mode=gml_rollout
models.out_dim=10
seed=0    avg_loss: 0.000000014473  time_per_window : 0.001276   progress : 0.819
name: models.architecture.block_type=simple
models.architecture.mamba_type=mamba
training.mode=gml_rollout
models.out_dim=10
seed=0    avg_loss: 0.000000015272  time_per_window : 0.001193   progress : 0.830
name: models.architecture.block_type=simple
models.architecture.mamba_type=mamba
training.mode=gml_rollout
models.out_dim=10
seed=0    avg_loss: 0.000000016723  time_per_window : 0.001188   progress : 0.841
name: models.architecture.block_type=simple
models.architecture.mamba_type=mamba
training.mode=gml_rollout
models.out_dim=10
seed=0    avg_loss: 0.000000013158  time_per_window : 0.001403   progress : 0.852
name: models.architecture.block_type=simple
models.architecture.mamba_type=mamba
training.mode=gml_rollout
models.out_dim=10
seed=0    avg_loss: 0.000000013702  time_per_window : 0.001284   progress : 0.863
name: models.architecture.block_type=simple
models.architecture.mamba_type=mamba
training.mode=gml_rollout
models.out_dim=10
seed=0    avg_loss: 0.000000015369  time_per_window : 0.001277   progress : 0.874
name: models.architecture.block_type=simple
models.architecture.mamba_type=mamba
training.mode=gml_rollout
models.out_dim=10
seed=0    avg_loss: 0.000000018170  time_per_window : 0.001230   progress : 0.885
name: models.architecture.block_type=simple
models.architecture.mamba_type=mamba
training.mode=gml_rollout
models.out_dim=10
seed=0    avg_loss: 0.000000014837  time_per_window : 0.001380   progress : 0.896
name: models.architecture.block_type=simple
models.architecture.mamba_type=mamba
training.mode=gml_rollout
models.out_dim=10
seed=0    avg_loss: 0.000000014217  time_per_window : 0.001288   progress : 0.907
name: models.architecture.block_type=simple
models.architecture.mamba_type=mamba
training.mode=gml_rollout
models.out_dim=10
seed=0    avg_loss: 0.000000013780  time_per_window : 0.001050   progress : 0.917
name: models.architecture.block_type=simple
models.architecture.mamba_type=mamba
training.mode=gml_rollout
models.out_dim=10
seed=0    avg_loss: 0.000000018627  time_per_window : 0.001256   progress : 0.928
name: models.architecture.block_type=simple
models.architecture.mamba_type=mamba
training.mode=gml_rollout
models.out_dim=10
seed=0    avg_loss: 0.000000039628  time_per_window : 0.001269   progress : 0.939
name: models.architecture.block_type=simple
models.architecture.mamba_type=mamba
training.mode=gml_rollout
models.out_dim=10
seed=0    avg_loss: 0.000000011665  time_per_window : 0.001296   progress : 0.950
name: models.architecture.block_type=simple
models.architecture.mamba_type=mamba
training.mode=gml_rollout
models.out_dim=10
seed=0    avg_loss: 0.000000012344  time_per_window : 0.001343   progress : 0.961
name: models.architecture.block_type=simple
models.architecture.mamba_type=mamba
training.mode=gml_rollout
models.out_dim=10
seed=0    avg_loss: 0.000000011406  time_per_window : 0.000965   progress : 0.972
name: models.architecture.block_type=simple
models.architecture.mamba_type=mamba
training.mode=gml_rollout
models.out_dim=10
seed=0    avg_loss: 0.000000013493  time_per_window : 0.001285   progress : 0.983
name: models.architecture.block_type=simple
models.architecture.mamba_type=mamba
training.mode=gml_rollout
models.out_dim=10
seed=0    avg_loss: 0.000000013987  time_per_window : 0.001186   progress : 0.994
name: models.architecture.block_type=simple
models.architecture.mamba_type=mamba
training.mode=gml_rollout
models.out_dim=10
seed=0    avg_loss: 0.000009694176  time_per_window : 0.001121   progress : 0.011
name: models.architecture.block_type=simple
models.architecture.mamba_type=mamba
training.mode=gml_rollout
models.out_dim=10
seed=0    avg_loss: 0.000001687784  time_per_window : 0.001275   progress : 0.022
name: models.architecture.block_type=simple
models.architecture.mamba_type=mamba
training.mode=gml_rollout
models.out_dim=10
seed=0    avg_loss: 0.000000473829  time_per_window : 0.001235   progress : 0.033
name: models.architecture.block_type=simple
models.architecture.mamba_type=mamba
training.mode=gml_rollout
models.out_dim=10
seed=0    avg_loss: 0.000000173590  time_per_window : 0.001241   progress : 0.044
name: models.architecture.block_type=simple
models.architecture.mamba_type=mamba
training.mode=gml_rollout
models.out_dim=10
seed=0    avg_loss: 0.000000113698  time_per_window : 0.001275   progress : 0.055
name: models.architecture.block_type=simple
models.architecture.mamba_type=mamba
training.mode=gml_rollout
models.out_dim=10
seed=0    avg_loss: 0.000000084273  time_per_window : 0.001269   progress : 0.066
name: models.architecture.block_type=simple
models.architecture.mamba_type=mamba
training.mode=gml_rollout
models.out_dim=10
seed=0    avg_loss: 0.000000078691  time_per_window : 0.000949   progress : 0.076
name: models.architecture.block_type=simple
models.architecture.mamba_type=mamba
training.mode=gml_rollout
models.out_dim=10
seed=0    avg_loss: 0.000000071657  time_per_window : 0.001235   progress : 0.087
name: models.architecture.block_type=simple
models.architecture.mamba_type=mamba
training.mode=gml_rollout
models.out_dim=10
seed=0    avg_loss: 0.000000075440  time_per_window : 0.001231   progress : 0.098
name: models.architecture.block_type=simple
models.architecture.mamba_type=mamba
training.mode=gml_rollout
models.out_dim=10
seed=0    avg_loss: 0.000000071642  time_per_window : 0.001296   progress : 0.109
name: models.architecture.block_type=simple
models.architecture.mamba_type=mamba
training.mode=gml_rollout
models.out_dim=10
seed=0    avg_loss: 0.000000068852  time_per_window : 0.001301   progress : 0.120
name: models.architecture.block_type=simple
models.architecture.mamba_type=mamba
training.mode=gml_rollout
models.out_dim=10
seed=0    avg_loss: 0.000000073754  time_per_window : 0.000986   progress : 0.131
name: models.architecture.block_type=simple
models.architecture.mamba_type=mamba
training.mode=gml_rollout
models.out_dim=10
seed=0    avg_loss: 0.000000082354  time_per_window : 0.001127   progress : 0.142
name: models.architecture.block_type=simple
models.architecture.mamba_type=mamba
training.mode=gml_rollout
models.out_dim=10
seed=0    avg_loss: 0.000000082646  time_per_window : 0.001176   progress : 0.153
name: models.architecture.block_type=simple
models.architecture.mamba_type=mamba
training.mode=gml_rollout
models.out_dim=10
seed=0    avg_loss: 0.000000072247  time_per_window : 0.001186   progress : 0.164
name: models.architecture.block_type=simple
models.architecture.mamba_type=mamba
training.mode=gml_rollout
models.out_dim=10
seed=0    avg_loss: 0.000000083672  time_per_window : 0.001046   progress : 0.175
name: models.architecture.block_type=simple
models.architecture.mamba_type=mamba
training.mode=gml_rollout
models.out_dim=10
seed=0    avg_loss: 0.000000094808  time_per_window : 0.001262   progress : 0.186
name: models.architecture.block_type=simple
models.architecture.mamba_type=mamba
training.mode=gml_rollout
models.out_dim=10
seed=0    avg_loss: 0.000000089561  time_per_window : 0.001067   progress : 0.197
name: models.architecture.block_type=simple
models.architecture.mamba_type=mamba
training.mode=gml_rollout
models.out_dim=10
seed=0    avg_loss: 0.000000082515  time_per_window : 0.001086   progress : 0.208
name: models.architecture.block_type=simple
models.architecture.mamba_type=mamba
training.mode=gml_rollout
models.out_dim=10
seed=0    avg_loss: 0.000000098137  time_per_window : 0.001069   progress : 0.218
name: models.architecture.block_type=simple
models.architecture.mamba_type=mamba
training.mode=gml_rollout
models.out_dim=10
seed=0    avg_loss: 0.000000089594  time_per_window : 0.001285   progress : 0.229
name: models.architecture.block_type=simple
models.architecture.mamba_type=mamba
training.mode=gml_rollout
models.out_dim=10
seed=0    avg_loss: 0.000000097716  time_per_window : 0.001125   progress : 0.240
name: models.architecture.block_type=simple
models.architecture.mamba_type=mamba
training.mode=gml_rollout
models.out_dim=10
seed=0    avg_loss: 0.000000083106  time_per_window : 0.001311   progress : 0.251
name: models.architecture.block_type=simple
models.architecture.mamba_type=mamba
training.mode=gml_rollout
models.out_dim=10
seed=0    avg_loss: 0.000000098397  time_per_window : 0.001267   progress : 0.262
name: models.architecture.block_type=simple
models.architecture.mamba_type=mamba
training.mode=gml_rollout
models.out_dim=10
seed=0    avg_loss: 0.000000085053  time_per_window : 0.001282   progress : 0.273
name: models.architecture.block_type=simple
models.architecture.mamba_type=mamba
training.mode=gml_rollout
models.out_dim=10
seed=0    avg_loss: 0.000000077432  time_per_window : 0.000953   progress : 0.284
name: models.architecture.block_type=simple
models.architecture.mamba_type=mamba
training.mode=gml_rollout
models.out_dim=10
seed=0    avg_loss: 0.000000080365  time_per_window : 0.001294   progress : 0.295
name: models.architecture.block_type=simple
models.architecture.mamba_type=mamba
training.mode=gml_rollout
models.out_dim=10
seed=0    avg_loss: 0.000000088568  time_per_window : 0.001013   progress : 0.306
name: models.architecture.block_type=simple
models.architecture.mamba_type=mamba
training.mode=gml_rollout
models.out_dim=10
seed=0    avg_loss: 0.000000108972  time_per_window : 0.001285   progress : 0.317
name: models.architecture.block_type=simple
models.architecture.mamba_type=mamba
training.mode=gml_rollout
models.out_dim=10
seed=0    avg_loss: 0.000000093687  time_per_window : 0.001230   progress : 0.328
name: models.architecture.block_type=simple
models.architecture.mamba_type=mamba
training.mode=gml_rollout
models.out_dim=10
seed=0    avg_loss: 0.000000090247  time_per_window : 0.001258   progress : 0.339
name: models.architecture.block_type=simple
models.architecture.mamba_type=mamba
training.mode=gml_rollout
models.out_dim=10
seed=0    avg_loss: 0.000000092967  time_per_window : 0.001025   progress : 0.350
name: models.architecture.block_type=simple
models.architecture.mamba_type=mamba
training.mode=gml_rollout
models.out_dim=10
seed=0    avg_loss: 0.000000085328  time_per_window : 0.001301   progress : 0.360
name: models.architecture.block_type=simple
models.architecture.mamba_type=mamba
training.mode=gml_rollout
models.out_dim=10
seed=0    avg_loss: 0.000000103866  time_per_window : 0.001292   progress : 0.371
name: models.architecture.block_type=simple
models.architecture.mamba_type=mamba
training.mode=gml_rollout
models.out_dim=10
seed=0    avg_loss: 0.000000089797  time_per_window : 0.001076   progress : 0.382
name: models.architecture.block_type=simple
models.architecture.mamba_type=mamba
training.mode=gml_rollout
models.out_dim=10
seed=0    avg_loss: 0.000000086016  time_per_window : 0.001062   progress : 0.393
name: models.architecture.block_type=simple
models.architecture.mamba_type=mamba
training.mode=gml_rollout
models.out_dim=10
seed=0    avg_loss: 0.000000094404  time_per_window : 0.001278   progress : 0.404
name: models.architecture.block_type=simple
models.architecture.mamba_type=mamba
training.mode=gml_rollout
models.out_dim=10
seed=0    avg_loss: 0.000000088882  time_per_window : 0.001259   progress : 0.415
name: models.architecture.block_type=simple
models.architecture.mamba_type=mamba
training.mode=gml_rollout
models.out_dim=10
seed=0    avg_loss: 0.000000085363  time_per_window : 0.001270   progress : 0.426
name: models.architecture.block_type=simple
models.architecture.mamba_type=mamba
training.mode=gml_rollout
models.out_dim=10
seed=0    avg_loss: 0.000000136060  time_per_window : 0.001242   progress : 0.437
name: models.architecture.block_type=simple
models.architecture.mamba_type=mamba
training.mode=gml_rollout
models.out_dim=10
seed=0    avg_loss: 0.000000090469  time_per_window : 0.001242   progress : 0.448
name: models.architecture.block_type=simple
models.architecture.mamba_type=mamba
training.mode=gml_rollout
models.out_dim=10
seed=0    avg_loss: 0.000000102240  time_per_window : 0.001223   progress : 0.459
name: models.architecture.block_type=simple
models.architecture.mamba_type=mamba
training.mode=gml_rollout
models.out_dim=10
seed=0    avg_loss: 0.000000099162  time_per_window : 0.001267   progress : 0.470
name: models.architecture.block_type=simple
models.architecture.mamba_type=mamba
training.mode=gml_rollout
models.out_dim=10
seed=0    avg_loss: 0.000000097863  time_per_window : 0.001297   progress : 0.481
name: models.architecture.block_type=simple
models.architecture.mamba_type=mamba
training.mode=gml_rollout
models.out_dim=10
seed=0    avg_loss: 0.000000088111  time_per_window : 0.001310   progress : 0.492
name: models.architecture.block_type=simple
models.architecture.mamba_type=mamba
training.mode=gml_rollout
models.out_dim=10
seed=0    avg_loss: 0.000000094196  time_per_window : 0.001273   progress : 0.502
name: models.architecture.block_type=simple
models.architecture.mamba_type=mamba
training.mode=gml_rollout
models.out_dim=10
seed=0    avg_loss: 0.000000093565  time_per_window : 0.001244   progress : 0.513
name: models.architecture.block_type=simple
models.architecture.mamba_type=mamba
training.mode=gml_rollout
models.out_dim=10
seed=0    avg_loss: 0.000000089865  time_per_window : 0.001179   progress : 0.524
name: models.architecture.block_type=simple
models.architecture.mamba_type=mamba
training.mode=gml_rollout
models.out_dim=10
seed=0    avg_loss: 0.000000086341  time_per_window : 0.001050   progress : 0.535
name: models.architecture.block_type=simple
models.architecture.mamba_type=mamba
training.mode=gml_rollout
models.out_dim=10
seed=0    avg_loss: 0.000000101927  time_per_window : 0.001004   progress : 0.546
name: models.architecture.block_type=simple
models.architecture.mamba_type=mamba
training.mode=gml_rollout
models.out_dim=10
seed=0    avg_loss: 0.000000094417  time_per_window : 0.001297   progress : 0.557
name: models.architecture.block_type=simple
models.architecture.mamba_type=mamba
training.mode=gml_rollout
models.out_dim=10
seed=0    avg_loss: 0.000000071836  time_per_window : 0.001296   progress : 0.568
name: models.architecture.block_type=simple
models.architecture.mamba_type=mamba
training.mode=gml_rollout
models.out_dim=10
seed=0    avg_loss: 0.000000089810  time_per_window : 0.001287   progress : 0.579
name: models.architecture.block_type=simple
models.architecture.mamba_type=mamba
training.mode=gml_rollout
models.out_dim=10
seed=0    avg_loss: 0.000000065224  time_per_window : 0.001248   progress : 0.590
name: models.architecture.block_type=simple
models.architecture.mamba_type=mamba
training.mode=gml_rollout
models.out_dim=10
seed=0    avg_loss: 0.000000091673  time_per_window : 0.001285   progress : 0.601
name: models.architecture.block_type=simple
models.architecture.mamba_type=mamba
training.mode=gml_rollout
models.out_dim=10
seed=0    avg_loss: 0.000000097906  time_per_window : 0.001230   progress : 0.612
name: models.architecture.block_type=simple
models.architecture.mamba_type=mamba
training.mode=gml_rollout
models.out_dim=10
seed=0    avg_loss: 0.000000089012  time_per_window : 0.001302   progress : 0.623
name: models.architecture.block_type=simple
models.architecture.mamba_type=mamba
training.mode=gml_rollout
models.out_dim=10
seed=0    avg_loss: 0.000000097280  time_per_window : 0.001266   progress : 0.634
name: models.architecture.block_type=simple
models.architecture.mamba_type=mamba
training.mode=gml_rollout
models.out_dim=10
seed=0    avg_loss: 0.000000090412  time_per_window : 0.001298   progress : 0.644
name: models.architecture.block_type=simple
models.architecture.mamba_type=mamba
training.mode=gml_rollout
models.out_dim=10
seed=0    avg_loss: 0.000000098070  time_per_window : 0.001320   progress : 0.655
name: models.architecture.block_type=simple
models.architecture.mamba_type=mamba
training.mode=gml_rollout
models.out_dim=10
seed=0    avg_loss: 0.000000110778  time_per_window : 0.001314   progress : 0.666
name: models.architecture.block_type=simple
models.architecture.mamba_type=mamba
training.mode=gml_rollout
models.out_dim=10
seed=0    avg_loss: 0.000000079430  time_per_window : 0.001264   progress : 0.677
name: models.architecture.block_type=simple
models.architecture.mamba_type=mamba
training.mode=gml_rollout
models.out_dim=10
seed=0    avg_loss: 0.000000090198  time_per_window : 0.001352   progress : 0.688
name: models.architecture.block_type=simple
models.architecture.mamba_type=mamba
training.mode=gml_rollout
models.out_dim=10
seed=0    avg_loss: 0.000000127062  time_per_window : 0.001138   progress : 0.699
name: models.architecture.block_type=simple
models.architecture.mamba_type=mamba
training.mode=gml_rollout
models.out_dim=10
seed=0    avg_loss: 0.000000075503  time_per_window : 0.001262   progress : 0.710
name: models.architecture.block_type=simple
models.architecture.mamba_type=mamba
training.mode=gml_rollout
models.out_dim=10
seed=0    avg_loss: 0.000000083449  time_per_window : 0.001153   progress : 0.721
name: models.architecture.block_type=simple
models.architecture.mamba_type=mamba
training.mode=gml_rollout
models.out_dim=10
seed=0    avg_loss: 0.000000076287  time_per_window : 0.001279   progress : 0.732
name: models.architecture.block_type=simple
models.architecture.mamba_type=mamba
training.mode=gml_rollout
models.out_dim=10
seed=0    avg_loss: 0.000000091009  time_per_window : 0.001313   progress : 0.743
name: models.architecture.block_type=simple
models.architecture.mamba_type=mamba
training.mode=gml_rollout
models.out_dim=10
seed=0    avg_loss: 0.000000092350  time_per_window : 0.001240   progress : 0.754
name: models.architecture.block_type=simple
models.architecture.mamba_type=mamba
training.mode=gml_rollout
models.out_dim=10
seed=0    avg_loss: 0.000000092035  time_per_window : 0.001189   progress : 0.765
name: models.architecture.block_type=simple
models.architecture.mamba_type=mamba
training.mode=gml_rollout
models.out_dim=10
seed=0    avg_loss: 0.000000094862  time_per_window : 0.001214   progress : 0.775
name: models.architecture.block_type=simple
models.architecture.mamba_type=mamba
training.mode=gml_rollout
models.out_dim=10
seed=0    avg_loss: 0.000000083854  time_per_window : 0.001219   progress : 0.786
name: models.architecture.block_type=simple
models.architecture.mamba_type=mamba
training.mode=gml_rollout
models.out_dim=10
seed=0    avg_loss: 0.000000102624  time_per_window : 0.001119   progress : 0.797
name: models.architecture.block_type=simple
models.architecture.mamba_type=mamba
training.mode=gml_rollout
models.out_dim=10
seed=0    avg_loss: 0.000000072851  time_per_window : 0.000987   progress : 0.808
name: models.architecture.block_type=simple
models.architecture.mamba_type=mamba
training.mode=gml_rollout
models.out_dim=10
seed=0    avg_loss: 0.000000082886  time_per_window : 0.001139   progress : 0.819
name: models.architecture.block_type=simple
models.architecture.mamba_type=mamba
training.mode=gml_rollout
models.out_dim=10
seed=0    avg_loss: 0.000000086005  time_per_window : 0.001166   progress : 0.830
name: models.architecture.block_type=simple
models.architecture.mamba_type=mamba
training.mode=gml_rollout
models.out_dim=10
seed=0    avg_loss: 0.000000084893  time_per_window : 0.000984   progress : 0.841
name: models.architecture.block_type=simple
models.architecture.mamba_type=mamba
training.mode=gml_rollout
models.out_dim=10
seed=0    avg_loss: 0.000000077719  time_per_window : 0.000959   progress : 0.852
name: models.architecture.block_type=simple
models.architecture.mamba_type=mamba
training.mode=gml_rollout
models.out_dim=10
seed=0    avg_loss: 0.000000089223  time_per_window : 0.001147   progress : 0.863
name: models.architecture.block_type=simple
models.architecture.mamba_type=mamba
training.mode=gml_rollout
models.out_dim=10
seed=0    avg_loss: 0.000000074690  time_per_window : 0.001240   progress : 0.874
name: models.architecture.block_type=simple
models.architecture.mamba_type=mamba
training.mode=gml_rollout
models.out_dim=10
seed=0    avg_loss: 0.000000071005  time_per_window : 0.001309   progress : 0.885
name: models.architecture.block_type=simple
models.architecture.mamba_type=mamba
training.mode=gml_rollout
models.out_dim=10
seed=0    avg_loss: 0.000000078681  time_per_window : 0.001210   progress : 0.896
name: models.architecture.block_type=simple
models.architecture.mamba_type=mamba
training.mode=gml_rollout
models.out_dim=10
seed=0    avg_loss: 0.000000095288  time_per_window : 0.001272   progress : 0.907
name: models.architecture.block_type=simple
models.architecture.mamba_type=mamba
training.mode=gml_rollout
models.out_dim=10
seed=0    avg_loss: 0.000000072770  time_per_window : 0.001299   progress : 0.917
name: models.architecture.block_type=simple
models.architecture.mamba_type=mamba
training.mode=gml_rollout
models.out_dim=10
seed=0    avg_loss: 0.000000093347  time_per_window : 0.000985   progress : 0.928
name: models.architecture.block_type=simple
models.architecture.mamba_type=mamba
training.mode=gml_rollout
models.out_dim=10
seed=0    avg_loss: 0.000000087588  time_per_window : 0.000966   progress : 0.939
name: models.architecture.block_type=simple
models.architecture.mamba_type=mamba
training.mode=gml_rollout
models.out_dim=10
seed=0    avg_loss: 0.000000070295  time_per_window : 0.001324   progress : 0.950
name: models.architecture.block_type=simple
models.architecture.mamba_type=mamba
training.mode=gml_rollout
models.out_dim=10
seed=0    avg_loss: 0.000000092376  time_per_window : 0.001256   progress : 0.961
name: models.architecture.block_type=simple
models.architecture.mamba_type=mamba
training.mode=gml_rollout
models.out_dim=10
seed=0    avg_loss: 0.000000080660  time_per_window : 0.001302   progress : 0.972
name: models.architecture.block_type=simple
models.architecture.mamba_type=mamba
training.mode=gml_rollout
models.out_dim=10
seed=0    avg_loss: 0.000000079442  time_per_window : 0.000966   progress : 0.983
name: models.architecture.block_type=simple
models.architecture.mamba_type=mamba
training.mode=gml_rollout
models.out_dim=10
seed=0    avg_loss: 0.000000073888  time_per_window : 0.001066   progress : 0.994
name: models.architecture.block_type=simple
models.architecture.mamba_type=mamba
training.mode=gml_rollout
models.out_dim=10
seed=0    avg_loss: -12.358283996582  time_per_window : 0.001474   progress : 0.011
name: models.architecture.block_type=simple
models.architecture.mamba_type=mamba
training.mode=gml_rollout
models.out_dim=10
seed=0    avg_loss: -16.791814804077  time_per_window : 0.001033   progress : 0.022
name: models.architecture.block_type=simple
models.architecture.mamba_type=mamba
training.mode=gml_rollout
models.out_dim=10
seed=0    avg_loss: -28.494720458984  time_per_window : 0.001349   progress : 0.033
name: models.architecture.block_type=simple
models.architecture.mamba_type=mamba
training.mode=gml_rollout
models.out_dim=10
seed=0    avg_loss: -9.305908203125  time_per_window : 0.001136   progress : 0.044
name: models.architecture.block_type=simple
models.architecture.mamba_type=mamba
training.mode=gml_rollout
models.out_dim=10
seed=0    avg_loss: -24.871335983276  time_per_window : 0.001265   progress : 0.055
name: models.architecture.block_type=simple
models.architecture.mamba_type=mamba
training.mode=gml_rollout
models.out_dim=10
seed=0    avg_loss: -21.763595581055  time_per_window : 0.001348   progress : 0.066
name: models.architecture.block_type=simple
models.architecture.mamba_type=mamba
training.mode=gml_rollout
models.out_dim=10
seed=0    avg_loss: -38.785602569580  time_per_window : 0.001374   progress : 0.076
name: models.architecture.block_type=simple
models.architecture.mamba_type=mamba
training.mode=gml_rollout
models.out_dim=10
seed=0    avg_loss: -36.430927276611  time_per_window : 0.001342   progress : 0.087
name: models.architecture.block_type=simple
models.architecture.mamba_type=mamba
training.mode=gml_rollout
models.out_dim=10
seed=0    avg_loss: -34.591457366943  time_per_window : 0.001313   progress : 0.098
name: models.architecture.block_type=simple
models.architecture.mamba_type=mamba
training.mode=gml_rollout
models.out_dim=10
seed=0    avg_loss: -23.379076004028  time_per_window : 0.000991   progress : 0.109
name: models.architecture.block_type=simple
models.architecture.mamba_type=mamba
training.mode=gml_rollout
models.out_dim=10
seed=0    avg_loss: -29.758998870850  time_per_window : 0.001092   progress : 0.120
name: models.architecture.block_type=simple
models.architecture.mamba_type=mamba
training.mode=gml_rollout
models.out_dim=10
seed=0    avg_loss: -35.450164794922  time_per_window : 0.001021   progress : 0.131
name: models.architecture.block_type=simple
models.architecture.mamba_type=mamba
training.mode=gml_rollout
models.out_dim=10
seed=0    avg_loss: -45.046630859375  time_per_window : 0.001372   progress : 0.142
name: models.architecture.block_type=simple
models.architecture.mamba_type=mamba
training.mode=gml_rollout
models.out_dim=10
seed=0    avg_loss: -46.679645538330  time_per_window : 0.001342   progress : 0.153
name: models.architecture.block_type=simple
models.architecture.mamba_type=mamba
training.mode=gml_rollout
models.out_dim=10
seed=0    avg_loss: -48.722988128662  time_per_window : 0.001349   progress : 0.164
name: models.architecture.block_type=simple
models.architecture.mamba_type=mamba
training.mode=gml_rollout
models.out_dim=10
seed=0    avg_loss: -42.797714233398  time_per_window : 0.001395   progress : 0.175
name: models.architecture.block_type=simple
models.architecture.mamba_type=mamba
training.mode=gml_rollout
models.out_dim=10
seed=0    avg_loss: -42.751472473145  time_per_window : 0.001244   progress : 0.186
name: models.architecture.block_type=simple
models.architecture.mamba_type=mamba
training.mode=gml_rollout
models.out_dim=10
seed=0    avg_loss: -49.531955718994  time_per_window : 0.001227   progress : 0.197
name: models.architecture.block_type=simple
models.architecture.mamba_type=mamba
training.mode=gml_rollout
models.out_dim=10
seed=0    avg_loss: -50.630920410156  time_per_window : 0.001395   progress : 0.208
name: models.architecture.block_type=simple
models.architecture.mamba_type=mamba
training.mode=gml_rollout
models.out_dim=10
seed=0    avg_loss: -37.592002868652  time_per_window : 0.001232   progress : 0.218
name: models.architecture.block_type=simple
models.architecture.mamba_type=mamba
training.mode=gml_rollout
models.out_dim=10
seed=0    avg_loss: -45.831275939941  time_per_window : 0.001358   progress : 0.229
name: models.architecture.block_type=simple
models.architecture.mamba_type=mamba
training.mode=gml_rollout
models.out_dim=10
seed=0    avg_loss: -52.322322845459  time_per_window : 0.001246   progress : 0.240
name: models.architecture.block_type=simple
models.architecture.mamba_type=mamba
training.mode=gml_rollout
models.out_dim=10
seed=0    avg_loss: -51.345928192139  time_per_window : 0.001457   progress : 0.251
name: models.architecture.block_type=simple
models.architecture.mamba_type=mamba
training.mode=gml_rollout
models.out_dim=10
seed=0    avg_loss: -33.357208251953  time_per_window : 0.000998   progress : 0.262
name: models.architecture.block_type=simple
models.architecture.mamba_type=mamba
training.mode=gml_rollout
models.out_dim=10
seed=0    avg_loss: -40.342136383057  time_per_window : 0.001226   progress : 0.273
name: models.architecture.block_type=simple
models.architecture.mamba_type=mamba
training.mode=gml_rollout
models.out_dim=10
seed=0    avg_loss: -46.106048583984  time_per_window : 0.001342   progress : 0.284
name: models.architecture.block_type=simple
models.architecture.mamba_type=mamba
training.mode=gml_rollout
models.out_dim=10
seed=0    avg_loss: -53.164325714111  time_per_window : 0.001342   progress : 0.295
name: models.architecture.block_type=simple
models.architecture.mamba_type=mamba
training.mode=gml_rollout
models.out_dim=10
seed=0    avg_loss: -54.335815429688  time_per_window : 0.001139   progress : 0.306
name: models.architecture.block_type=simple
models.architecture.mamba_type=mamba
training.mode=gml_rollout
models.out_dim=10
seed=0    avg_loss: -56.945938110352  time_per_window : 0.000946   progress : 0.317
name: models.architecture.block_type=simple
models.architecture.mamba_type=mamba
training.mode=gml_rollout
models.out_dim=10
seed=0    avg_loss: -52.512165069580  time_per_window : 0.000940   progress : 0.328
name: models.architecture.block_type=simple
models.architecture.mamba_type=mamba
training.mode=gml_rollout
models.out_dim=10
seed=0    avg_loss: -50.816982269287  time_per_window : 0.000935   progress : 0.339
name: models.architecture.block_type=simple
models.architecture.mamba_type=mamba
training.mode=gml_rollout
models.out_dim=10
seed=0    avg_loss: -51.939514160156  time_per_window : 0.000940   progress : 0.350
name: models.architecture.block_type=simple
models.architecture.mamba_type=mamba
training.mode=gml_rollout
models.out_dim=10
seed=0    avg_loss: -51.394184112549  time_per_window : 0.000945   progress : 0.360
name: models.architecture.block_type=simple
models.architecture.mamba_type=mamba
training.mode=gml_rollout
models.out_dim=10
seed=0    avg_loss: -55.323055267334  time_per_window : 0.000932   progress : 0.371
name: models.architecture.block_type=simple
models.architecture.mamba_type=mamba
training.mode=gml_rollout
models.out_dim=10
seed=0    avg_loss: -42.332286834717  time_per_window : 0.000948   progress : 0.382
name: models.architecture.block_type=simple
models.architecture.mamba_type=mamba
training.mode=gml_rollout
models.out_dim=10
seed=0    avg_loss: -45.380603790283  time_per_window : 0.000940   progress : 0.393
name: models.architecture.block_type=simple
models.architecture.mamba_type=mamba
training.mode=gml_rollout
models.out_dim=10
seed=0    avg_loss: -52.092277526855  time_per_window : 0.000933   progress : 0.404
name: models.architecture.block_type=simple
models.architecture.mamba_type=mamba
training.mode=gml_rollout
models.out_dim=10
seed=0    avg_loss: -54.198406219482  time_per_window : 0.000940   progress : 0.415
name: models.architecture.block_type=simple
models.architecture.mamba_type=mamba
training.mode=gml_rollout
models.out_dim=10
seed=0    avg_loss: -57.282787322998  time_per_window : 0.000943   progress : 0.426
name: models.architecture.block_type=simple
models.architecture.mamba_type=mamba
training.mode=gml_rollout
models.out_dim=10
seed=0    avg_loss: -55.652168273926  time_per_window : 0.000944   progress : 0.437
name: models.architecture.block_type=simple
models.architecture.mamba_type=mamba
training.mode=gml_rollout
models.out_dim=10
seed=0    avg_loss: -49.730281829834  time_per_window : 0.000941   progress : 0.448
name: models.architecture.block_type=simple
models.architecture.mamba_type=mamba
training.mode=gml_rollout
models.out_dim=10
seed=0    avg_loss: -56.165985107422  time_per_window : 0.000943   progress : 0.459
name: models.architecture.block_type=simple
models.architecture.mamba_type=mamba
training.mode=gml_rollout
models.out_dim=10
seed=0    avg_loss: -57.031051635742  time_per_window : 0.000941   progress : 0.470
name: models.architecture.block_type=simple
models.architecture.mamba_type=mamba
training.mode=gml_rollout
models.out_dim=10
seed=0    avg_loss: -59.611015319824  time_per_window : 0.001224   progress : 0.481
name: models.architecture.block_type=simple
models.architecture.mamba_type=mamba
training.mode=gml_rollout
models.out_dim=10
seed=0    avg_loss: -56.074096679688  time_per_window : 0.000946   progress : 0.492
name: models.architecture.block_type=simple
models.architecture.mamba_type=mamba
training.mode=gml_rollout
models.out_dim=10
seed=0    avg_loss: -51.214981079102  time_per_window : 0.000938   progress : 0.502
name: models.architecture.block_type=simple
models.architecture.mamba_type=mamba
training.mode=gml_rollout
models.out_dim=10
seed=0    avg_loss: -51.950401306152  time_per_window : 0.001109   progress : 0.513
name: models.architecture.block_type=simple
models.architecture.mamba_type=mamba
training.mode=gml_rollout
models.out_dim=10
seed=0    avg_loss: -59.154254913330  time_per_window : 0.000945   progress : 0.524
name: models.architecture.block_type=simple
models.architecture.mamba_type=mamba
training.mode=gml_rollout
models.out_dim=10
seed=0    avg_loss: -59.321304321289  time_per_window : 0.000962   progress : 0.535
name: models.architecture.block_type=simple
models.architecture.mamba_type=mamba
training.mode=gml_rollout
models.out_dim=10
seed=0    avg_loss: -55.489864349365  time_per_window : 0.000941   progress : 0.546
name: models.architecture.block_type=simple
models.architecture.mamba_type=mamba
training.mode=gml_rollout
models.out_dim=10
seed=0    avg_loss: -58.240901947021  time_per_window : 0.001160   progress : 0.557
name: models.architecture.block_type=simple
models.architecture.mamba_type=mamba
training.mode=gml_rollout
models.out_dim=10
seed=0    avg_loss: -54.672027587891  time_per_window : 0.000965   progress : 0.568
name: models.architecture.block_type=simple
models.architecture.mamba_type=mamba
training.mode=gml_rollout
models.out_dim=10
seed=0    avg_loss: -59.923973083496  time_per_window : 0.000955   progress : 0.579
name: models.architecture.block_type=simple
models.architecture.mamba_type=mamba
training.mode=gml_rollout
models.out_dim=10
seed=0    avg_loss: -60.723941802979  time_per_window : 0.000962   progress : 0.590
name: models.architecture.block_type=simple
models.architecture.mamba_type=mamba
training.mode=gml_rollout
models.out_dim=10
seed=0    avg_loss: -55.079109191895  time_per_window : 0.000952   progress : 0.601
name: models.architecture.block_type=simple
models.architecture.mamba_type=mamba
training.mode=gml_rollout
models.out_dim=10
seed=0    avg_loss: -62.051326751709  time_per_window : 0.000958   progress : 0.612
name: models.architecture.block_type=simple
models.architecture.mamba_type=mamba
training.mode=gml_rollout
models.out_dim=10
seed=0    avg_loss: -56.489830017090  time_per_window : 0.000959   progress : 0.623
name: models.architecture.block_type=simple
models.architecture.mamba_type=mamba
training.mode=gml_rollout
models.out_dim=10
seed=0    avg_loss: -59.187438964844  time_per_window : 0.000950   progress : 0.634
name: models.architecture.block_type=simple
models.architecture.mamba_type=mamba
training.mode=gml_rollout
models.out_dim=10
seed=0    avg_loss: -50.870426177979  time_per_window : 0.000954   progress : 0.644
name: models.architecture.block_type=simple
models.architecture.mamba_type=mamba
training.mode=gml_rollout
models.out_dim=10
seed=0    avg_loss: -54.394687652588  time_per_window : 0.000959   progress : 0.655
name: models.architecture.block_type=simple
models.architecture.mamba_type=mamba
training.mode=gml_rollout
models.out_dim=10
seed=0    avg_loss: -60.572143554688  time_per_window : 0.000962   progress : 0.666
name: models.architecture.block_type=simple
models.architecture.mamba_type=mamba
training.mode=gml_rollout
models.out_dim=10
seed=0    avg_loss: -62.544113159180  time_per_window : 0.000945   progress : 0.677
name: models.architecture.block_type=simple
models.architecture.mamba_type=mamba
training.mode=gml_rollout
models.out_dim=10
seed=0    avg_loss: -57.336990356445  time_per_window : 0.000937   progress : 0.688
name: models.architecture.block_type=simple
models.architecture.mamba_type=mamba
training.mode=gml_rollout
models.out_dim=10
seed=0    avg_loss: -59.295055389404  time_per_window : 0.000963   progress : 0.699
name: models.architecture.block_type=simple
models.architecture.mamba_type=mamba
training.mode=gml_rollout
models.out_dim=10
seed=0    avg_loss: -58.510421752930  time_per_window : 0.000956   progress : 0.710
name: models.architecture.block_type=simple
models.architecture.mamba_type=mamba
training.mode=gml_rollout
models.out_dim=10
seed=0    avg_loss: -49.252826690674  time_per_window : 0.000940   progress : 0.721
name: models.architecture.block_type=simple
models.architecture.mamba_type=mamba
training.mode=gml_rollout
models.out_dim=10
seed=0    avg_loss: -56.306598663330  time_per_window : 0.000928   progress : 0.732
name: models.architecture.block_type=simple
models.architecture.mamba_type=mamba
training.mode=gml_rollout
models.out_dim=10
seed=0    avg_loss: -57.469577789307  time_per_window : 0.000935   progress : 0.743
name: models.architecture.block_type=simple
models.architecture.mamba_type=mamba
training.mode=gml_rollout
models.out_dim=10
seed=0    avg_loss: -58.298824310303  time_per_window : 0.000933   progress : 0.754
name: models.architecture.block_type=simple
models.architecture.mamba_type=mamba
training.mode=gml_rollout
models.out_dim=10
seed=0    avg_loss: -55.471561431885  time_per_window : 0.000972   progress : 0.765
name: models.architecture.block_type=simple
models.architecture.mamba_type=mamba
training.mode=gml_rollout
models.out_dim=10
seed=0    avg_loss: -54.372058868408  time_per_window : 0.000948   progress : 0.775
name: models.architecture.block_type=simple
models.architecture.mamba_type=mamba
training.mode=gml_rollout
models.out_dim=10
seed=0    avg_loss: -60.773006439209  time_per_window : 0.000960   progress : 0.786
name: models.architecture.block_type=simple
models.architecture.mamba_type=mamba
training.mode=gml_rollout
models.out_dim=10
seed=0    avg_loss: -58.877857208252  time_per_window : 0.000931   progress : 0.797
name: models.architecture.block_type=simple
models.architecture.mamba_type=mamba
training.mode=gml_rollout
models.out_dim=10
seed=0    avg_loss: -60.920650482178  time_per_window : 0.000945   progress : 0.808
name: models.architecture.block_type=simple
models.architecture.mamba_type=mamba
training.mode=gml_rollout
models.out_dim=10
seed=0    avg_loss: -61.895709991455  time_per_window : 0.000929   progress : 0.819
name: models.architecture.block_type=simple
models.architecture.mamba_type=mamba
training.mode=gml_rollout
models.out_dim=10
seed=0    avg_loss: -46.952377319336  time_per_window : 0.000973   progress : 0.830
name: models.architecture.block_type=simple
models.architecture.mamba_type=mamba
training.mode=gml_rollout
models.out_dim=10
seed=0    avg_loss: -59.560909271240  time_per_window : 0.000957   progress : 0.841
name: models.architecture.block_type=simple
models.architecture.mamba_type=mamba
training.mode=gml_rollout
models.out_dim=10
seed=0    avg_loss: -61.983970642090  time_per_window : 0.000949   progress : 0.852
name: models.architecture.block_type=simple
models.architecture.mamba_type=mamba
training.mode=gml_rollout
models.out_dim=10
seed=0    avg_loss: -52.794616699219  time_per_window : 0.000954   progress : 0.863
name: models.architecture.block_type=simple
models.architecture.mamba_type=mamba
training.mode=gml_rollout
models.out_dim=10
seed=0    avg_loss: -62.449100494385  time_per_window : 0.000970   progress : 0.874
name: models.architecture.block_type=simple
models.architecture.mamba_type=mamba
training.mode=gml_rollout
models.out_dim=10
seed=0    avg_loss: -60.872032165527  time_per_window : 0.000970   progress : 0.885
name: models.architecture.block_type=simple
models.architecture.mamba_type=mamba
training.mode=gml_rollout
models.out_dim=10
seed=0    avg_loss: -51.650722503662  time_per_window : 0.000958   progress : 0.896
name: models.architecture.block_type=simple
models.architecture.mamba_type=mamba
training.mode=gml_rollout
models.out_dim=10
seed=0    avg_loss: -57.138732910156  time_per_window : 0.000950   progress : 0.907
name: models.architecture.block_type=simple
models.architecture.mamba_type=mamba
training.mode=gml_rollout
models.out_dim=10
seed=0    avg_loss: -61.264495849609  time_per_window : 0.000934   progress : 0.917
name: models.architecture.block_type=simple
models.architecture.mamba_type=mamba
training.mode=gml_rollout
models.out_dim=10
seed=0    avg_loss: -62.733417510986  time_per_window : 0.000965   progress : 0.928
name: models.architecture.block_type=simple
models.architecture.mamba_type=mamba
training.mode=gml_rollout
models.out_dim=10
seed=0    avg_loss: -57.385261535645  time_per_window : 0.000950   progress : 0.939
name: models.architecture.block_type=simple
models.architecture.mamba_type=mamba
training.mode=gml_rollout
models.out_dim=10
seed=0    avg_loss: -61.356655120850  time_per_window : 0.000938   progress : 0.950
name: models.architecture.block_type=simple
models.architecture.mamba_type=mamba
training.mode=gml_rollout
models.out_dim=10
seed=0    avg_loss: -53.269538879395  time_per_window : 0.000931   progress : 0.961
name: models.architecture.block_type=simple
models.architecture.mamba_type=mamba
training.mode=gml_rollout
models.out_dim=10
seed=0    avg_loss: -50.823501586914  time_per_window : 0.000965   progress : 0.972
name: models.architecture.block_type=simple
models.architecture.mamba_type=mamba
training.mode=gml_rollout
models.out_dim=10
seed=0    avg_loss: -58.087059020996  time_per_window : 0.000936   progress : 0.983
name: models.architecture.block_type=simple
models.architecture.mamba_type=mamba
training.mode=gml_rollout
models.out_dim=10
seed=0    avg_loss: -48.619411468506  time_per_window : 0.000958   progress : 0.994
DONE!!!
