/home/jdihardjo/miniconda3/envs/mavenv/lib/python3.11/site-packages/hydra/_internal/defaults_list.py:251: UserWarning: In 'config': Defaults list is missing `_self_`. See https://hydra.cc/docs/1.2/upgrades/1.0_to_1.1/default_composition_order for more information
  warnings.warn(msg, UserWarning)
Using cuda:0 device
[2026-07-23 15:21:35,621][HYDRA] Joblib.Parallel(n_jobs=4,backend=loky,prefer=processes,require=None,verbose=0,timeout=None,pre_dispatch=2*n_jobs,batch_size=auto,temp_folder=None,max_nbytes=None,mmap_mode=r) is launching 1 jobs
[2026-07-23 15:21:35,621][HYDRA] Launching jobs, sweep output dir : ablation_runs/2026-07-23_15-21-30/simple_cls_long_rollout
[2026-07-23 15:21:35,621][HYDRA] 	#0 : models.architecture.block_type=simple_cls training.mode=rollout training.rollout_steps=32
/home/jdihardjo/miniconda3/envs/mavenv/lib/python3.11/site-packages/hydra/_internal/defaults_list.py:251: UserWarning: In 'config': Defaults list is missing `_self_`. See https://hydra.cc/docs/1.2/upgrades/1.0_to_1.1/default_composition_order for more information
  warnings.warn(msg, UserWarning)
models:
  n_dim: 23
  out_dim: 10
  architecture:
    d_model: 128
    n_encoder_layers: 2
    n_decoder_layers: 0
    block_type: simple_cls
    time_adapter: last_token
    in_norm: none
    out_norm: none
    layer_scale: 0.0001
    drop_path: 0.05
    mamba_type: mamba
    mamba_kwargs:
      d_state: 16
      d_conv: 2
      expand: 2
      norm: rms
    skip: false
    cls_kwargs:
      n_heads: 2
      n_mlp: 2
      positional_encoding: false
      max_len: 5000
input_len: 32
output_len: 1
batch_size: 128
epochs: 5
seed: 0
dataset:
  path: /home/jdihardjo/simdata/train.zarr/
  training_size: 1500000
evaluation:
  path: /home/jdihardjo/simdata/evaluation.zarr/
  evaluation_size: 50
training:
  mode: rollout
  lr: 0.0002
  weight_decay: 0.1
  rollout_steps: 32
checkpoint:
  save_path: hydra-test.pth
  load: false
  path: hydra-test.pth
compile: true

/home/jdihardjo/miniconda3/envs/mavenv/lib/python3.11/site-packages/torch/_inductor/cudagraph_trees.py:2622: UserWarning: Unable to hit fast path of CUDAGraphs because outputs from a previous step still require backward. Ensure backward() is invoked or detach outputs. You may also call torch.compiler.cudagraph_mark_step_begin() before each model invocation.
  warnings.warn(
name: models.architecture.block_type=simple_cls
training.mode=rollout
training.rollout_steps=32    avg_loss: 0.000119011165  time_per_window : 0.000297   progress : 0.011
name: models.architecture.block_type=simple_cls
training.mode=rollout
training.rollout_steps=32    avg_loss: 0.000000482205  time_per_window : 0.000333   progress : 0.022
name: models.architecture.block_type=simple_cls
training.mode=rollout
training.rollout_steps=32    avg_loss: 0.000000263029  time_per_window : 0.000323   progress : 0.033
name: models.architecture.block_type=simple_cls
training.mode=rollout
training.rollout_steps=32    avg_loss: 0.000000198858  time_per_window : 0.000291   progress : 0.044
name: models.architecture.block_type=simple_cls
training.mode=rollout
training.rollout_steps=32    avg_loss: 0.000000165405  time_per_window : 0.000326   progress : 0.055
name: models.architecture.block_type=simple_cls
training.mode=rollout
training.rollout_steps=32    avg_loss: 0.000000143624  time_per_window : 0.000319   progress : 0.066
name: models.architecture.block_type=simple_cls
training.mode=rollout
training.rollout_steps=32    avg_loss: 0.000000126570  time_per_window : 0.000327   progress : 0.076
name: models.architecture.block_type=simple_cls
training.mode=rollout
training.rollout_steps=32    avg_loss: 0.000000114894  time_per_window : 0.000299   progress : 0.087
name: models.architecture.block_type=simple_cls
training.mode=rollout
training.rollout_steps=32    avg_loss: 0.000000105445  time_per_window : 0.000323   progress : 0.098
name: models.architecture.block_type=simple_cls
training.mode=rollout
training.rollout_steps=32    avg_loss: 0.000000104706  time_per_window : 0.000309   progress : 0.109
name: models.architecture.block_type=simple_cls
training.mode=rollout
training.rollout_steps=32    avg_loss: 0.000000098147  time_per_window : 0.000338   progress : 0.120
name: models.architecture.block_type=simple_cls
training.mode=rollout
training.rollout_steps=32    avg_loss: 0.000000089434  time_per_window : 0.000310   progress : 0.131
name: models.architecture.block_type=simple_cls
training.mode=rollout
training.rollout_steps=32    avg_loss: 0.000000100414  time_per_window : 0.000334   progress : 0.142
name: models.architecture.block_type=simple_cls
training.mode=rollout
training.rollout_steps=32    avg_loss: 0.000000134819  time_per_window : 0.000342   progress : 0.153
name: models.architecture.block_type=simple_cls
training.mode=rollout
training.rollout_steps=32    avg_loss: 0.000000141591  time_per_window : 0.000335   progress : 0.164
name: models.architecture.block_type=simple_cls
training.mode=rollout
training.rollout_steps=32    avg_loss: 0.000000113186  time_per_window : 0.000336   progress : 0.175
name: models.architecture.block_type=simple_cls
training.mode=rollout
training.rollout_steps=32    avg_loss: 0.000000097359  time_per_window : 0.000336   progress : 0.186
name: models.architecture.block_type=simple_cls
training.mode=rollout
training.rollout_steps=32    avg_loss: 0.000000133770  time_per_window : 0.000334   progress : 0.197
name: models.architecture.block_type=simple_cls
training.mode=rollout
training.rollout_steps=32    avg_loss: 0.000000113646  time_per_window : 0.000330   progress : 0.208
name: models.architecture.block_type=simple_cls
training.mode=rollout
training.rollout_steps=32    avg_loss: 0.000000110045  time_per_window : 0.000324   progress : 0.218
name: models.architecture.block_type=simple_cls
training.mode=rollout
training.rollout_steps=32    avg_loss: 0.000000134089  time_per_window : 0.000326   progress : 0.229
name: models.architecture.block_type=simple_cls
training.mode=rollout
training.rollout_steps=32    avg_loss: 0.000000100004  time_per_window : 0.000315   progress : 0.240
name: models.architecture.block_type=simple_cls
training.mode=rollout
training.rollout_steps=32    avg_loss: 0.000000149894  time_per_window : 0.000339   progress : 0.251
name: models.architecture.block_type=simple_cls
training.mode=rollout
training.rollout_steps=32    avg_loss: 0.000000099380  time_per_window : 0.000307   progress : 0.262
name: models.architecture.block_type=simple_cls
training.mode=rollout
training.rollout_steps=32    avg_loss: 0.000000130168  time_per_window : 0.000317   progress : 0.273
name: models.architecture.block_type=simple_cls
training.mode=rollout
training.rollout_steps=32    avg_loss: 0.000000124273  time_per_window : 0.000355   progress : 0.284
name: models.architecture.block_type=simple_cls
training.mode=rollout
training.rollout_steps=32    avg_loss: 0.000000096694  time_per_window : 0.000306   progress : 0.295
name: models.architecture.block_type=simple_cls
training.mode=rollout
training.rollout_steps=32    avg_loss: 0.000000117440  time_per_window : 0.000366   progress : 0.306
name: models.architecture.block_type=simple_cls
training.mode=rollout
training.rollout_steps=32    avg_loss: 0.000000138668  time_per_window : 0.000307   progress : 0.317
name: models.architecture.block_type=simple_cls
training.mode=rollout
training.rollout_steps=32    avg_loss: 0.000000110864  time_per_window : 0.000320   progress : 0.328
name: models.architecture.block_type=simple_cls
training.mode=rollout
training.rollout_steps=32    avg_loss: 0.000000098449  time_per_window : 0.000312   progress : 0.339
name: models.architecture.block_type=simple_cls
training.mode=rollout
training.rollout_steps=32    avg_loss: 0.000000126901  time_per_window : 0.000321   progress : 0.350
name: models.architecture.block_type=simple_cls
training.mode=rollout
training.rollout_steps=32    avg_loss: 0.000000114508  time_per_window : 0.000320   progress : 0.360
name: models.architecture.block_type=simple_cls
training.mode=rollout
training.rollout_steps=32    avg_loss: 0.000000100291  time_per_window : 0.000312   progress : 0.371
name: models.architecture.block_type=simple_cls
training.mode=rollout
training.rollout_steps=32    avg_loss: 0.000000103283  time_per_window : 0.000324   progress : 0.382
name: models.architecture.block_type=simple_cls
training.mode=rollout
training.rollout_steps=32    avg_loss: 0.000000106020  time_per_window : 0.000343   progress : 0.393
name: models.architecture.block_type=simple_cls
training.mode=rollout
training.rollout_steps=32    avg_loss: 0.000000103097  time_per_window : 0.000349   progress : 0.404
name: models.architecture.block_type=simple_cls
training.mode=rollout
training.rollout_steps=32    avg_loss: 0.000000107457  time_per_window : 0.000328   progress : 0.415
name: models.architecture.block_type=simple_cls
training.mode=rollout
training.rollout_steps=32    avg_loss: 0.000000097357  time_per_window : 0.000343   progress : 0.426
name: models.architecture.block_type=simple_cls
training.mode=rollout
training.rollout_steps=32    avg_loss: 0.000000107081  time_per_window : 0.000294   progress : 0.437
name: models.architecture.block_type=simple_cls
training.mode=rollout
training.rollout_steps=32    avg_loss: 0.000000103192  time_per_window : 0.000333   progress : 0.448
name: models.architecture.block_type=simple_cls
training.mode=rollout
training.rollout_steps=32    avg_loss: 0.000000097339  time_per_window : 0.000313   progress : 0.459
name: models.architecture.block_type=simple_cls
training.mode=rollout
training.rollout_steps=32    avg_loss: 0.000000098543  time_per_window : 0.000303   progress : 0.470
name: models.architecture.block_type=simple_cls
training.mode=rollout
training.rollout_steps=32    avg_loss: 0.000000084267  time_per_window : 0.000318   progress : 0.481
name: models.architecture.block_type=simple_cls
training.mode=rollout
training.rollout_steps=32    avg_loss: 0.000000111976  time_per_window : 0.000321   progress : 0.492
name: models.architecture.block_type=simple_cls
training.mode=rollout
training.rollout_steps=32    avg_loss: 0.000000084945  time_per_window : 0.000345   progress : 0.502
name: models.architecture.block_type=simple_cls
training.mode=rollout
training.rollout_steps=32    avg_loss: 0.000000112207  time_per_window : 0.000351   progress : 0.513
name: models.architecture.block_type=simple_cls
training.mode=rollout
training.rollout_steps=32    avg_loss: 0.000000075793  time_per_window : 0.000331   progress : 0.524/home/jdihardjo/miniconda3/envs/mavenv/lib/python3.11/site-packages/torch/_inductor/cudagraph_trees.py:2622: UserWarning: Unable to hit fast path of CUDAGraphs because outputs from a previous step still require backward. Ensure backward() is invoked or detach outputs. You may also call torch.compiler.cudagraph_mark_step_begin() before each model invocation.
  warnings.warn(
/home/jdihardjo/miniconda3/envs/mavenv/lib/python3.11/site-packages/torch/_inductor/cudagraph_trees.py:2622: UserWarning: Unable to hit fast path of CUDAGraphs because outputs from a previous step still require backward. Ensure backward() is invoked or detach outputs. You may also call torch.compiler.cudagraph_mark_step_begin() before each model invocation.
  warnings.warn(

name: models.architecture.block_type=simple_cls
training.mode=rollout
training.rollout_steps=32    avg_loss: 0.000000081086  time_per_window : 0.000352   progress : 0.535
name: models.architecture.block_type=simple_cls
training.mode=rollout
training.rollout_steps=32    avg_loss: 0.000000091762  time_per_window : 0.000308   progress : 0.546
name: models.architecture.block_type=simple_cls
training.mode=rollout
training.rollout_steps=32    avg_loss: 0.000000085784  time_per_window : 0.000326   progress : 0.557
name: models.architecture.block_type=simple_cls
training.mode=rollout
training.rollout_steps=32    avg_loss: 0.000000080664  time_per_window : 0.000350   progress : 0.568
name: models.architecture.block_type=simple_cls
training.mode=rollout
training.rollout_steps=32    avg_loss: 0.000000098615  time_per_window : 0.000318   progress : 0.579
name: models.architecture.block_type=simple_cls
training.mode=rollout
training.rollout_steps=32    avg_loss: 0.000000074752  time_per_window : 0.000319   progress : 0.590
name: models.architecture.block_type=simple_cls
training.mode=rollout
training.rollout_steps=32    avg_loss: 0.000000075981  time_per_window : 0.000300   progress : 0.601
name: models.architecture.block_type=simple_cls
training.mode=rollout
training.rollout_steps=32    avg_loss: 0.000000082895  time_per_window : 0.000324   progress : 0.612
name: models.architecture.block_type=simple_cls
training.mode=rollout
training.rollout_steps=32    avg_loss: 0.000000080552  time_per_window : 0.000327   progress : 0.623
name: models.architecture.block_type=simple_cls
training.mode=rollout
training.rollout_steps=32    avg_loss: 0.000000080270  time_per_window : 0.000332   progress : 0.634
name: models.architecture.block_type=simple_cls
training.mode=rollout
training.rollout_steps=32    avg_loss: 0.000000075047  time_per_window : 0.000318   progress : 0.644
name: models.architecture.block_type=simple_cls
training.mode=rollout
training.rollout_steps=32    avg_loss: 0.000000085966  time_per_window : 0.000335   progress : 0.655
name: models.architecture.block_type=simple_cls
training.mode=rollout
training.rollout_steps=32    avg_loss: 0.000000065918  time_per_window : 0.000304   progress : 0.666
name: models.architecture.block_type=simple_cls
training.mode=rollout
training.rollout_steps=32    avg_loss: 0.000000082149  time_per_window : 0.000317   progress : 0.677
name: models.architecture.block_type=simple_cls
training.mode=rollout
training.rollout_steps=32    avg_loss: 0.000000075044  time_per_window : 0.000315   progress : 0.688
name: models.architecture.block_type=simple_cls
training.mode=rollout
training.rollout_steps=32    avg_loss: 0.000000087614  time_per_window : 0.000334   progress : 0.699
name: models.architecture.block_type=simple_cls
training.mode=rollout
training.rollout_steps=32    avg_loss: 0.000000070463  time_per_window : 0.000344   progress : 0.710
name: models.architecture.block_type=simple_cls
training.mode=rollout
training.rollout_steps=32    avg_loss: 0.000000066206  time_per_window : 0.000312   progress : 0.721
name: models.architecture.block_type=simple_cls
training.mode=rollout
training.rollout_steps=32    avg_loss: 0.000000073584  time_per_window : 0.000337   progress : 0.732
name: models.architecture.block_type=simple_cls
training.mode=rollout
training.rollout_steps=32    avg_loss: 0.000000070914  time_per_window : 0.000312   progress : 0.743
name: models.architecture.block_type=simple_cls
training.mode=rollout
training.rollout_steps=32    avg_loss: 0.000000073147  time_per_window : 0.000326   progress : 0.754
name: models.architecture.block_type=simple_cls
training.mode=rollout
training.rollout_steps=32    avg_loss: 0.000000066921  time_per_window : 0.000342   progress : 0.765
name: models.architecture.block_type=simple_cls
training.mode=rollout
training.rollout_steps=32    avg_loss: 0.000000075958  time_per_window : 0.000330   progress : 0.775
name: models.architecture.block_type=simple_cls
training.mode=rollout
training.rollout_steps=32    avg_loss: 0.000000068761  time_per_window : 0.000347   progress : 0.786
name: models.architecture.block_type=simple_cls
training.mode=rollout
training.rollout_steps=32    avg_loss: 0.000000067178  time_per_window : 0.000311   progress : 0.797
name: models.architecture.block_type=simple_cls
training.mode=rollout
training.rollout_steps=32    avg_loss: 0.000000060940  time_per_window : 0.000326   progress : 0.808
name: models.architecture.block_type=simple_cls
training.mode=rollout
training.rollout_steps=32    avg_loss: 0.000000067132  time_per_window : 0.000318   progress : 0.819
name: models.architecture.block_type=simple_cls
training.mode=rollout
training.rollout_steps=32    avg_loss: 0.000000062674  time_per_window : 0.000331   progress : 0.830
name: models.architecture.block_type=simple_cls
training.mode=rollout
training.rollout_steps=32    avg_loss: 0.000000059180  time_per_window : 0.000332   progress : 0.841
name: models.architecture.block_type=simple_cls
training.mode=rollout
training.rollout_steps=32    avg_loss: 0.000000066738  time_per_window : 0.000322   progress : 0.852
name: models.architecture.block_type=simple_cls
training.mode=rollout
training.rollout_steps=32    avg_loss: 0.000000069109  time_per_window : 0.000346   progress : 0.863
name: models.architecture.block_type=simple_cls
training.mode=rollout
training.rollout_steps=32    avg_loss: 0.000000061666  time_per_window : 0.000360   progress : 0.874
name: models.architecture.block_type=simple_cls
training.mode=rollout
training.rollout_steps=32    avg_loss: 0.000000065103  time_per_window : 0.000307   progress : 0.885
name: models.architecture.block_type=simple_cls
training.mode=rollout
training.rollout_steps=32    avg_loss: 0.000000054420  time_per_window : 0.000336   progress : 0.896
name: models.architecture.block_type=simple_cls
training.mode=rollout
training.rollout_steps=32    avg_loss: 0.000000058041  time_per_window : 0.000311   progress : 0.907
name: models.architecture.block_type=simple_cls
training.mode=rollout
training.rollout_steps=32    avg_loss: 0.000000064915  time_per_window : 0.000305   progress : 0.917
name: models.architecture.block_type=simple_cls
training.mode=rollout
training.rollout_steps=32    avg_loss: 0.000000062512  time_per_window : 0.000329   progress : 0.928
name: models.architecture.block_type=simple_cls
training.mode=rollout
training.rollout_steps=32    avg_loss: 0.000000060373  time_per_window : 0.000315   progress : 0.939
name: models.architecture.block_type=simple_cls
training.mode=rollout
training.rollout_steps=32    avg_loss: 0.000000057241  time_per_window : 0.000343   progress : 0.950
name: models.architecture.block_type=simple_cls
training.mode=rollout
training.rollout_steps=32    avg_loss: 0.000000061471  time_per_window : 0.000355   progress : 0.961
name: models.architecture.block_type=simple_cls
training.mode=rollout
training.rollout_steps=32    avg_loss: 0.000000059697  time_per_window : 0.000272   progress : 0.972
name: models.architecture.block_type=simple_cls
training.mode=rollout
training.rollout_steps=32    avg_loss: 0.000000054816  time_per_window : 0.000253   progress : 0.983
name: models.architecture.block_type=simple_cls
training.mode=rollout
training.rollout_steps=32    avg_loss: 0.000000055951  time_per_window : 0.000376   progress : 0.994
name: models.architecture.block_type=simple_cls
training.mode=rollout
training.rollout_steps=32    avg_loss: 0.000000194246  time_per_window : 0.000413   progress : 0.011
name: models.architecture.block_type=simple_cls
training.mode=rollout
training.rollout_steps=32    avg_loss: 0.000000047981  time_per_window : 0.000360   progress : 0.022
name: models.architecture.block_type=simple_cls
training.mode=rollout
training.rollout_steps=32    avg_loss: 0.000000052555  time_per_window : 0.000342   progress : 0.033
name: models.architecture.block_type=simple_cls
training.mode=rollout
training.rollout_steps=32    avg_loss: 0.000000054254  time_per_window : 0.000350   progress : 0.044
name: models.architecture.block_type=simple_cls
training.mode=rollout
training.rollout_steps=32    avg_loss: 0.000000058515  time_per_window : 0.000345   progress : 0.055
name: models.architecture.block_type=simple_cls
training.mode=rollout
training.rollout_steps=32    avg_loss: 0.000000063011  time_per_window : 0.000401   progress : 0.066
name: models.architecture.block_type=simple_cls
training.mode=rollout
training.rollout_steps=32    avg_loss: 0.000000059817  time_per_window : 0.000390   progress : 0.076
name: models.architecture.block_type=simple_cls
training.mode=rollout
training.rollout_steps=32    avg_loss: 0.000000056487  time_per_window : 0.000434   progress : 0.087
name: models.architecture.block_type=simple_cls
training.mode=rollout
training.rollout_steps=32    avg_loss: 0.000000056989  time_per_window : 0.000330   progress : 0.098
name: models.architecture.block_type=simple_cls
training.mode=rollout
training.rollout_steps=32    avg_loss: 0.000000057440  time_per_window : 0.000342   progress : 0.109
name: models.architecture.block_type=simple_cls
training.mode=rollout
training.rollout_steps=32    avg_loss: 0.000000055568  time_per_window : 0.000405   progress : 0.120
name: models.architecture.block_type=simple_cls
training.mode=rollout
training.rollout_steps=32    avg_loss: 0.000000056100  time_per_window : 0.000338   progress : 0.131
name: models.architecture.block_type=simple_cls
training.mode=rollout
training.rollout_steps=32    avg_loss: 0.000000053473  time_per_window : 0.000370   progress : 0.142
name: models.architecture.block_type=simple_cls
training.mode=rollout
training.rollout_steps=32    avg_loss: 0.000000070018  time_per_window : 0.000356   progress : 0.153
name: models.architecture.block_type=simple_cls
training.mode=rollout
training.rollout_steps=32    avg_loss: 0.000000051309  time_per_window : 0.000292   progress : 0.164
name: models.architecture.block_type=simple_cls
training.mode=rollout
training.rollout_steps=32    avg_loss: 0.000000054464  time_per_window : 0.000351   progress : 0.175
name: models.architecture.block_type=simple_cls
training.mode=rollout
training.rollout_steps=32    avg_loss: 0.000000056380  time_per_window : 0.000346   progress : 0.186
name: models.architecture.block_type=simple_cls
training.mode=rollout
training.rollout_steps=32    avg_loss: 0.000000047546  time_per_window : 0.000397   progress : 0.197
name: models.architecture.block_type=simple_cls
training.mode=rollout
training.rollout_steps=32    avg_loss: 0.000000050302  time_per_window : 0.000410   progress : 0.208
name: models.architecture.block_type=simple_cls
training.mode=rollout
training.rollout_steps=32    avg_loss: 0.000000051280  time_per_window : 0.000363   progress : 0.218
name: models.architecture.block_type=simple_cls
training.mode=rollout
training.rollout_steps=32    avg_loss: 0.000000050632  time_per_window : 0.000359   progress : 0.229
name: models.architecture.block_type=simple_cls
training.mode=rollout
training.rollout_steps=32    avg_loss: 0.000000048438  time_per_window : 0.000362   progress : 0.240
name: models.architecture.block_type=simple_cls
training.mode=rollout
training.rollout_steps=32    avg_loss: 0.000000060580  time_per_window : 0.000354   progress : 0.251
name: models.architecture.block_type=simple_cls
training.mode=rollout
training.rollout_steps=32    avg_loss: 0.000000046155  time_per_window : 0.000346   progress : 0.262
name: models.architecture.block_type=simple_cls
training.mode=rollout
training.rollout_steps=32    avg_loss: 0.000000046070  time_per_window : 0.000378   progress : 0.273
name: models.architecture.block_type=simple_cls
training.mode=rollout
training.rollout_steps=32    avg_loss: 0.000000050859  time_per_window : 0.000336   progress : 0.284
name: models.architecture.block_type=simple_cls
training.mode=rollout
training.rollout_steps=32    avg_loss: 0.000000051335  time_per_window : 0.000371   progress : 0.295
name: models.architecture.block_type=simple_cls
training.mode=rollout
training.rollout_steps=32    avg_loss: 0.000000051208  time_per_window : 0.000325   progress : 0.306
name: models.architecture.block_type=simple_cls
training.mode=rollout
training.rollout_steps=32    avg_loss: 0.000000045667  time_per_window : 0.000340   progress : 0.317
name: models.architecture.block_type=simple_cls
training.mode=rollout
training.rollout_steps=32    avg_loss: 0.000000048648  time_per_window : 0.000365   progress : 0.328
name: models.architecture.block_type=simple_cls
training.mode=rollout
training.rollout_steps=32    avg_loss: 0.000000053507  time_per_window : 0.000360   progress : 0.339
name: models.architecture.block_type=simple_cls
training.mode=rollout
training.rollout_steps=32    avg_loss: 0.000000047027  time_per_window : 0.000347   progress : 0.350
name: models.architecture.block_type=simple_cls
training.mode=rollout
training.rollout_steps=32    avg_loss: 0.000000044927  time_per_window : 0.000360   progress : 0.360
name: models.architecture.block_type=simple_cls
training.mode=rollout
training.rollout_steps=32    avg_loss: 0.000000044809  time_per_window : 0.000357   progress : 0.371
name: models.architecture.block_type=simple_cls
training.mode=rollout
training.rollout_steps=32    avg_loss: 0.000000047014  time_per_window : 0.000317   progress : 0.382
name: models.architecture.block_type=simple_cls
training.mode=rollout
training.rollout_steps=32    avg_loss: 0.000000048077  time_per_window : 0.000353   progress : 0.393
name: models.architecture.block_type=simple_cls
training.mode=rollout
training.rollout_steps=32    avg_loss: 0.000000052179  time_per_window : 0.000347   progress : 0.404
name: models.architecture.block_type=simple_cls
training.mode=rollout
training.rollout_steps=32    avg_loss: 0.000000042428  time_per_window : 0.000329   progress : 0.415
name: models.architecture.block_type=simple_cls
training.mode=rollout
training.rollout_steps=32    avg_loss: 0.000000037496  time_per_window : 0.000375   progress : 0.426
name: models.architecture.block_type=simple_cls
training.mode=rollout
training.rollout_steps=32    avg_loss: 0.000000049361  time_per_window : 0.000427   progress : 0.437
name: models.architecture.block_type=simple_cls
training.mode=rollout
training.rollout_steps=32    avg_loss: 0.000000041752  time_per_window : 0.000354   progress : 0.448
name: models.architecture.block_type=simple_cls
training.mode=rollout
training.rollout_steps=32    avg_loss: 0.000000042252  time_per_window : 0.000329   progress : 0.459
name: models.architecture.block_type=simple_cls
training.mode=rollout
training.rollout_steps=32    avg_loss: 0.000000045310  time_per_window : 0.000363   progress : 0.470
name: models.architecture.block_type=simple_cls
training.mode=rollout
training.rollout_steps=32    avg_loss: 0.000000043148  time_per_window : 0.000357   progress : 0.481
name: models.architecture.block_type=simple_cls
training.mode=rollout
training.rollout_steps=32    avg_loss: 0.000000043580  time_per_window : 0.000354   progress : 0.492
name: models.architecture.block_type=simple_cls
training.mode=rollout
training.rollout_steps=32    avg_loss: 0.000000045341  time_per_window : 0.000331   progress : 0.502
name: models.architecture.block_type=simple_cls
training.mode=rollout
training.rollout_steps=32    avg_loss: 0.000000044587  time_per_window : 0.000322   progress : 0.513
name: models.architecture.block_type=simple_cls
training.mode=rollout
training.rollout_steps=32    avg_loss: 0.000000040536  time_per_window : 0.000416   progress : 0.524
name: models.architecture.block_type=simple_cls
training.mode=rollout
training.rollout_steps=32    avg_loss: 0.000000044183  time_per_window : 0.000317   progress : 0.535
name: models.architecture.block_type=simple_cls
training.mode=rollout
training.rollout_steps=32    avg_loss: 0.000000042869  time_per_window : 0.000333   progress : 0.546
name: models.architecture.block_type=simple_cls
training.mode=rollout
training.rollout_steps=32    avg_loss: 0.000000040329  time_per_window : 0.000357   progress : 0.557
name: models.architecture.block_type=simple_cls
training.mode=rollout
training.rollout_steps=32    avg_loss: 0.000000040644  time_per_window : 0.000391   progress : 0.568
name: models.architecture.block_type=simple_cls
training.mode=rollout
training.rollout_steps=32    avg_loss: 0.000000040374  time_per_window : 0.000362   progress : 0.579
name: models.architecture.block_type=simple_cls
training.mode=rollout
training.rollout_steps=32    avg_loss: 0.000000037328  time_per_window : 0.000331   progress : 0.590
name: models.architecture.block_type=simple_cls
training.mode=rollout
training.rollout_steps=32    avg_loss: 0.000000048772  time_per_window : 0.000336   progress : 0.601
name: models.architecture.block_type=simple_cls
training.mode=rollout
training.rollout_steps=32    avg_loss: 0.000000036893  time_per_window : 0.000375   progress : 0.612
name: models.architecture.block_type=simple_cls
training.mode=rollout
training.rollout_steps=32    avg_loss: 0.000000043037  time_per_window : 0.000312   progress : 0.623
name: models.architecture.block_type=simple_cls
training.mode=rollout
training.rollout_steps=32    avg_loss: 0.000000039694  time_per_window : 0.000383   progress : 0.634
name: models.architecture.block_type=simple_cls
training.mode=rollout
training.rollout_steps=32    avg_loss: 0.000000039825  time_per_window : 0.000363   progress : 0.644
name: models.architecture.block_type=simple_cls
training.mode=rollout
training.rollout_steps=32    avg_loss: 0.000000042198  time_per_window : 0.000357   progress : 0.655
name: models.architecture.block_type=simple_cls
training.mode=rollout
training.rollout_steps=32    avg_loss: 0.000000035144  time_per_window : 0.000369   progress : 0.666
name: models.architecture.block_type=simple_cls
training.mode=rollout
training.rollout_steps=32    avg_loss: 0.000000041193  time_per_window : 0.000391   progress : 0.677
name: models.architecture.block_type=simple_cls
training.mode=rollout
training.rollout_steps=32    avg_loss: 0.000000034338  time_per_window : 0.000370   progress : 0.688
name: models.architecture.block_type=simple_cls
training.mode=rollout
training.rollout_steps=32    avg_loss: 0.000000037937  time_per_window : 0.000424   progress : 0.699
name: models.architecture.block_type=simple_cls
training.mode=rollout
training.rollout_steps=32    avg_loss: 0.000000037206  time_per_window : 0.000444   progress : 0.710
name: models.architecture.block_type=simple_cls
training.mode=rollout
training.rollout_steps=32    avg_loss: 0.000000036386  time_per_window : 0.000485   progress : 0.721
name: models.architecture.block_type=simple_cls
training.mode=rollout
training.rollout_steps=32    avg_loss: 0.000000036862  time_per_window : 0.000436   progress : 0.732
name: models.architecture.block_type=simple_cls
training.mode=rollout
training.rollout_steps=32    avg_loss: 0.000000035378  time_per_window : 0.000457   progress : 0.743
name: models.architecture.block_type=simple_cls
training.mode=rollout
training.rollout_steps=32    avg_loss: 0.000000034634  time_per_window : 0.000474   progress : 0.754
name: models.architecture.block_type=simple_cls
training.mode=rollout
training.rollout_steps=32    avg_loss: 0.000000036039  time_per_window : 0.000445   progress : 0.765
name: models.architecture.block_type=simple_cls
training.mode=rollout
training.rollout_steps=32    avg_loss: 0.000000038680  time_per_window : 0.000474   progress : 0.775
name: models.architecture.block_type=simple_cls
training.mode=rollout
training.rollout_steps=32    avg_loss: 0.000000041295  time_per_window : 0.000444   progress : 0.786
name: models.architecture.block_type=simple_cls
training.mode=rollout
training.rollout_steps=32    avg_loss: 0.000000032235  time_per_window : 0.000456   progress : 0.797
name: models.architecture.block_type=simple_cls
training.mode=rollout
training.rollout_steps=32    avg_loss: 0.000000035893  time_per_window : 0.000453   progress : 0.808
name: models.architecture.block_type=simple_cls
training.mode=rollout
training.rollout_steps=32    avg_loss: 0.000000033452  time_per_window : 0.000449   progress : 0.819
name: models.architecture.block_type=simple_cls
training.mode=rollout
training.rollout_steps=32    avg_loss: 0.000000031871  time_per_window : 0.000451   progress : 0.830
name: models.architecture.block_type=simple_cls
training.mode=rollout
training.rollout_steps=32    avg_loss: 0.000000033927  time_per_window : 0.000450   progress : 0.841
name: models.architecture.block_type=simple_cls
training.mode=rollout
training.rollout_steps=32    avg_loss: 0.000000035526  time_per_window : 0.000469   progress : 0.852
name: models.architecture.block_type=simple_cls
training.mode=rollout
training.rollout_steps=32    avg_loss: 0.000000036122  time_per_window : 0.000464   progress : 0.863
name: models.architecture.block_type=simple_cls
training.mode=rollout
training.rollout_steps=32    avg_loss: 0.000000036025  time_per_window : 0.000459   progress : 0.874
name: models.architecture.block_type=simple_cls
training.mode=rollout
training.rollout_steps=32    avg_loss: 0.000000034089  time_per_window : 0.000458   progress : 0.885
name: models.architecture.block_type=simple_cls
training.mode=rollout
training.rollout_steps=32    avg_loss: 0.000000035564  time_per_window : 0.000455   progress : 0.896
name: models.architecture.block_type=simple_cls
training.mode=rollout
training.rollout_steps=32    avg_loss: 0.000000033235  time_per_window : 0.000479   progress : 0.907
name: models.architecture.block_type=simple_cls
training.mode=rollout
training.rollout_steps=32    avg_loss: 0.000000037808  time_per_window : 0.000484   progress : 0.917
name: models.architecture.block_type=simple_cls
training.mode=rollout
training.rollout_steps=32    avg_loss: 0.000000032963  time_per_window : 0.000458   progress : 0.928
name: models.architecture.block_type=simple_cls
training.mode=rollout
training.rollout_steps=32    avg_loss: 0.000000033845  time_per_window : 0.000482   progress : 0.939
name: models.architecture.block_type=simple_cls
training.mode=rollout
training.rollout_steps=32    avg_loss: 0.000000033928  time_per_window : 0.000468   progress : 0.950
name: models.architecture.block_type=simple_cls
training.mode=rollout
training.rollout_steps=32    avg_loss: 0.000000036042  time_per_window : 0.000484   progress : 0.961
name: models.architecture.block_type=simple_cls
training.mode=rollout
training.rollout_steps=32    avg_loss: 0.000000035695  time_per_window : 0.000471   progress : 0.972
name: models.architecture.block_type=simple_cls
training.mode=rollout
training.rollout_steps=32    avg_loss: 0.000000031878  time_per_window : 0.000457   progress : 0.983
name: models.architecture.block_type=simple_cls
training.mode=rollout
training.rollout_steps=32    avg_loss: 0.000000036668  time_per_window : 0.000463   progress : 0.994
name: models.architecture.block_type=simple_cls
training.mode=rollout
training.rollout_steps=32    avg_loss: 0.000003165571  time_per_window : 0.000463   progress : 0.011
name: models.architecture.block_type=simple_cls
training.mode=rollout
training.rollout_steps=32    avg_loss: 0.000000657174  time_per_window : 0.000472   progress : 0.022
name: models.architecture.block_type=simple_cls
training.mode=rollout
training.rollout_steps=32    avg_loss: 0.000000513484  time_per_window : 0.000486   progress : 0.033
name: models.architecture.block_type=simple_cls
training.mode=rollout
training.rollout_steps=32    avg_loss: 0.000000337393  time_per_window : 0.000467   progress : 0.044
name: models.architecture.block_type=simple_cls
training.mode=rollout
training.rollout_steps=32    avg_loss: 0.000000283123  time_per_window : 0.000450   progress : 0.055
name: models.architecture.block_type=simple_cls
training.mode=rollout
training.rollout_steps=32    avg_loss: 0.000000269877  time_per_window : 0.000490   progress : 0.066
name: models.architecture.block_type=simple_cls
training.mode=rollout
training.rollout_steps=32    avg_loss: 0.000000244894  time_per_window : 0.000457   progress : 0.076
name: models.architecture.block_type=simple_cls
training.mode=rollout
training.rollout_steps=32    avg_loss: 0.000000179265  time_per_window : 0.000469   progress : 0.087
name: models.architecture.block_type=simple_cls
training.mode=rollout
training.rollout_steps=32    avg_loss: 0.000000141741  time_per_window : 0.000454   progress : 0.098
name: models.architecture.block_type=simple_cls
training.mode=rollout
training.rollout_steps=32    avg_loss: 0.000000163630  time_per_window : 0.000459   progress : 0.109
name: models.architecture.block_type=simple_cls
training.mode=rollout
training.rollout_steps=32    avg_loss: 0.000000163369  time_per_window : 0.000471   progress : 0.120
name: models.architecture.block_type=simple_cls
training.mode=rollout
training.rollout_steps=32    avg_loss: 0.000000128349  time_per_window : 0.000462   progress : 0.131
name: models.architecture.block_type=simple_cls
training.mode=rollout
training.rollout_steps=32    avg_loss: 0.000000134607  time_per_window : 0.000467   progress : 0.142
name: models.architecture.block_type=simple_cls
training.mode=rollout
training.rollout_steps=32    avg_loss: 0.000000145637  time_per_window : 0.000461   progress : 0.153
name: models.architecture.block_type=simple_cls
training.mode=rollout
training.rollout_steps=32    avg_loss: 0.000000152249  time_per_window : 0.000472   progress : 0.164
name: models.architecture.block_type=simple_cls
training.mode=rollout
training.rollout_steps=32    avg_loss: 0.000000129014  time_per_window : 0.000446   progress : 0.175
name: models.architecture.block_type=simple_cls
training.mode=rollout
training.rollout_steps=32    avg_loss: 0.000000137424  time_per_window : 0.000449   progress : 0.186
name: models.architecture.block_type=simple_cls
training.mode=rollout
training.rollout_steps=32    avg_loss: 0.000000132868  time_per_window : 0.000476   progress : 0.197
name: models.architecture.block_type=simple_cls
training.mode=rollout
training.rollout_steps=32    avg_loss: 0.000000123769  time_per_window : 0.000462   progress : 0.208
name: models.architecture.block_type=simple_cls
training.mode=rollout
training.rollout_steps=32    avg_loss: 0.000000124760  time_per_window : 0.000525   progress : 0.218
name: models.architecture.block_type=simple_cls
training.mode=rollout
training.rollout_steps=32    avg_loss: 0.000000139777  time_per_window : 0.000455   progress : 0.229
name: models.architecture.block_type=simple_cls
training.mode=rollout
training.rollout_steps=32    avg_loss: 0.000000119507  time_per_window : 0.000461   progress : 0.240
name: models.architecture.block_type=simple_cls
training.mode=rollout
training.rollout_steps=32    avg_loss: 0.000000134372  time_per_window : 0.000457   progress : 0.251
name: models.architecture.block_type=simple_cls
training.mode=rollout
training.rollout_steps=32    avg_loss: 0.000000112499  time_per_window : 0.000460   progress : 0.262
name: models.architecture.block_type=simple_cls
training.mode=rollout
training.rollout_steps=32    avg_loss: 0.000000109708  time_per_window : 0.000453   progress : 0.273
name: models.architecture.block_type=simple_cls
training.mode=rollout
training.rollout_steps=32    avg_loss: 0.000000132427  time_per_window : 0.000464   progress : 0.284
name: models.architecture.block_type=simple_cls
training.mode=rollout
training.rollout_steps=32    avg_loss: 0.000000170680  time_per_window : 0.000478   progress : 0.295
name: models.architecture.block_type=simple_cls
training.mode=rollout
training.rollout_steps=32    avg_loss: 0.000000120884  time_per_window : 0.000460   progress : 0.306
name: models.architecture.block_type=simple_cls
training.mode=rollout
training.rollout_steps=32    avg_loss: 0.000000129748  time_per_window : 0.000477   progress : 0.317
name: models.architecture.block_type=simple_cls
training.mode=rollout
training.rollout_steps=32    avg_loss: 0.000000126673  time_per_window : 0.000458   progress : 0.328
name: models.architecture.block_type=simple_cls
training.mode=rollout
training.rollout_steps=32    avg_loss: 0.000000109951  time_per_window : 0.000451   progress : 0.339
name: models.architecture.block_type=simple_cls
training.mode=rollout
training.rollout_steps=32    avg_loss: 0.000000126771  time_per_window : 0.000447   progress : 0.350
name: models.architecture.block_type=simple_cls
training.mode=rollout
training.rollout_steps=32    avg_loss: 0.000000119186  time_per_window : 0.000474   progress : 0.360
name: models.architecture.block_type=simple_cls
training.mode=rollout
training.rollout_steps=32    avg_loss: 0.000000110354  time_per_window : 0.000497   progress : 0.371
name: models.architecture.block_type=simple_cls
training.mode=rollout
training.rollout_steps=32    avg_loss: 0.000000128927  time_per_window : 0.000444   progress : 0.382
name: models.architecture.block_type=simple_cls
training.mode=rollout
training.rollout_steps=32    avg_loss: 0.000000117914  time_per_window : 0.000484   progress : 0.393
name: models.architecture.block_type=simple_cls
training.mode=rollout
training.rollout_steps=32    avg_loss: 0.000000130986  time_per_window : 0.000442   progress : 0.404
name: models.architecture.block_type=simple_cls
training.mode=rollout
training.rollout_steps=32    avg_loss: 0.000000107340  time_per_window : 0.000445   progress : 0.415
name: models.architecture.block_type=simple_cls
training.mode=rollout
training.rollout_steps=32    avg_loss: 0.000000110345  time_per_window : 0.000469   progress : 0.426
name: models.architecture.block_type=simple_cls
training.mode=rollout
training.rollout_steps=32    avg_loss: 0.000000108578  time_per_window : 0.000463   progress : 0.437
name: models.architecture.block_type=simple_cls
training.mode=rollout
training.rollout_steps=32    avg_loss: 0.000000128973  time_per_window : 0.000452   progress : 0.448
name: models.architecture.block_type=simple_cls
training.mode=rollout
training.rollout_steps=32    avg_loss: 0.000000114515  time_per_window : 0.000458   progress : 0.459
name: models.architecture.block_type=simple_cls
training.mode=rollout
training.rollout_steps=32    avg_loss: 0.000000134170  time_per_window : 0.000461   progress : 0.470
name: models.architecture.block_type=simple_cls
training.mode=rollout
training.rollout_steps=32    avg_loss: 0.000000126216  time_per_window : 0.000482   progress : 0.481
name: models.architecture.block_type=simple_cls
training.mode=rollout
training.rollout_steps=32    avg_loss: 0.000000100106  time_per_window : 0.000464   progress : 0.492
name: models.architecture.block_type=simple_cls
training.mode=rollout
training.rollout_steps=32    avg_loss: 0.000000122244  time_per_window : 0.000450   progress : 0.502
name: models.architecture.block_type=simple_cls
training.mode=rollout
training.rollout_steps=32    avg_loss: 0.000000108768  time_per_window : 0.000453   progress : 0.513
name: models.architecture.block_type=simple_cls
training.mode=rollout
training.rollout_steps=32    avg_loss: 0.000000102698  time_per_window : 0.000492   progress : 0.524
name: models.architecture.block_type=simple_cls
training.mode=rollout
training.rollout_steps=32    avg_loss: 0.000000118876  time_per_window : 0.000457   progress : 0.535
name: models.architecture.block_type=simple_cls
training.mode=rollout
training.rollout_steps=32    avg_loss: 0.000000096647  time_per_window : 0.000466   progress : 0.546
name: models.architecture.block_type=simple_cls
training.mode=rollout
training.rollout_steps=32    avg_loss: 0.000000095637  time_per_window : 0.000440   progress : 0.557
name: models.architecture.block_type=simple_cls
training.mode=rollout
training.rollout_steps=32    avg_loss: 0.000000098679  time_per_window : 0.000477   progress : 0.568
name: models.architecture.block_type=simple_cls
training.mode=rollout
training.rollout_steps=32    avg_loss: 0.000000118162  time_per_window : 0.000488   progress : 0.579
name: models.architecture.block_type=simple_cls
training.mode=rollout
training.rollout_steps=32    avg_loss: 0.000000098536  time_per_window : 0.000472   progress : 0.590
name: models.architecture.block_type=simple_cls
training.mode=rollout
training.rollout_steps=32    avg_loss: 0.000000105072  time_per_window : 0.000449   progress : 0.601
name: models.architecture.block_type=simple_cls
training.mode=rollout
training.rollout_steps=32    avg_loss: 0.000000114087  time_per_window : 0.000488   progress : 0.612
name: models.architecture.block_type=simple_cls
training.mode=rollout
training.rollout_steps=32    avg_loss: 0.000000114785  time_per_window : 0.000445   progress : 0.623
name: models.architecture.block_type=simple_cls
training.mode=rollout
training.rollout_steps=32    avg_loss: 0.000000125253  time_per_window : 0.000451   progress : 0.634
name: models.architecture.block_type=simple_cls
training.mode=rollout
training.rollout_steps=32    avg_loss: 0.000000102245  time_per_window : 0.000469   progress : 0.644
name: models.architecture.block_type=simple_cls
training.mode=rollout
training.rollout_steps=32    avg_loss: 0.000000106562  time_per_window : 0.000453   progress : 0.655
name: models.architecture.block_type=simple_cls
training.mode=rollout
training.rollout_steps=32    avg_loss: 0.000000100114  time_per_window : 0.000462   progress : 0.666
name: models.architecture.block_type=simple_cls
training.mode=rollout
training.rollout_steps=32    avg_loss: 0.000000109931  time_per_window : 0.000418   progress : 0.677
name: models.architecture.block_type=simple_cls
training.mode=rollout
training.rollout_steps=32    avg_loss: 0.000000098395  time_per_window : 0.000451   progress : 0.688
name: models.architecture.block_type=simple_cls
training.mode=rollout
training.rollout_steps=32    avg_loss: 0.000000093006  time_per_window : 0.000454   progress : 0.699
name: models.architecture.block_type=simple_cls
training.mode=rollout
training.rollout_steps=32    avg_loss: 0.000000098735  time_per_window : 0.000431   progress : 0.710
name: models.architecture.block_type=simple_cls
training.mode=rollout
training.rollout_steps=32    avg_loss: 0.000000109281  time_per_window : 0.000407   progress : 0.721
name: models.architecture.block_type=simple_cls
training.mode=rollout
training.rollout_steps=32    avg_loss: 0.000000113165  time_per_window : 0.000399   progress : 0.732
name: models.architecture.block_type=simple_cls
training.mode=rollout
training.rollout_steps=32    avg_loss: 0.000000086008  time_per_window : 0.000403   progress : 0.743
name: models.architecture.block_type=simple_cls
training.mode=rollout
training.rollout_steps=32    avg_loss: 0.000000095648  time_per_window : 0.000505   progress : 0.754
name: models.architecture.block_type=simple_cls
training.mode=rollout
training.rollout_steps=32    avg_loss: 0.000000092833  time_per_window : 0.000454   progress : 0.765
name: models.architecture.block_type=simple_cls
training.mode=rollout
training.rollout_steps=32    avg_loss: 0.000000094982  time_per_window : 0.000454   progress : 0.775
name: models.architecture.block_type=simple_cls
training.mode=rollout
training.rollout_steps=32    avg_loss: 0.000000117719  time_per_window : 0.000441   progress : 0.786
name: models.architecture.block_type=simple_cls
training.mode=rollout
training.rollout_steps=32    avg_loss: 0.000000104335  time_per_window : 0.000452   progress : 0.797
name: models.architecture.block_type=simple_cls
training.mode=rollout
training.rollout_steps=32    avg_loss: 0.000000079350  time_per_window : 0.000451   progress : 0.808
name: models.architecture.block_type=simple_cls
training.mode=rollout
training.rollout_steps=32    avg_loss: 0.000000092935  time_per_window : 0.000491   progress : 0.819
name: models.architecture.block_type=simple_cls
training.mode=rollout
training.rollout_steps=32    avg_loss: 0.000000087802  time_per_window : 0.000468   progress : 0.830
name: models.architecture.block_type=simple_cls
training.mode=rollout
training.rollout_steps=32    avg_loss: 0.000000100073  time_per_window : 0.000449   progress : 0.841
name: models.architecture.block_type=simple_cls
training.mode=rollout
training.rollout_steps=32    avg_loss: 0.000000092067  time_per_window : 0.000445   progress : 0.852
name: models.architecture.block_type=simple_cls
training.mode=rollout
training.rollout_steps=32    avg_loss: 0.000000097471  time_per_window : 0.000449   progress : 0.863
name: models.architecture.block_type=simple_cls
training.mode=rollout
training.rollout_steps=32    avg_loss: 0.000000088460  time_per_window : 0.000448   progress : 0.874
name: models.architecture.block_type=simple_cls
training.mode=rollout
training.rollout_steps=32    avg_loss: 0.000000104250  time_per_window : 0.000461   progress : 0.885
name: models.architecture.block_type=simple_cls
training.mode=rollout
training.rollout_steps=32    avg_loss: 0.000000088492  time_per_window : 0.000503   progress : 0.896
name: models.architecture.block_type=simple_cls
training.mode=rollout
training.rollout_steps=32    avg_loss: 0.000000086639  time_per_window : 0.000452   progress : 0.907
name: models.architecture.block_type=simple_cls
training.mode=rollout
training.rollout_steps=32    avg_loss: 0.000000089489  time_per_window : 0.000456   progress : 0.917
name: models.architecture.block_type=simple_cls
training.mode=rollout
training.rollout_steps=32    avg_loss: 0.000000089389  time_per_window : 0.000499   progress : 0.928
name: models.architecture.block_type=simple_cls
training.mode=rollout
training.rollout_steps=32    avg_loss: 0.000000084533  time_per_window : 0.000474   progress : 0.939
name: models.architecture.block_type=simple_cls
training.mode=rollout
training.rollout_steps=32    avg_loss: 0.000000094658  time_per_window : 0.000477   progress : 0.950
name: models.architecture.block_type=simple_cls
training.mode=rollout
training.rollout_steps=32    avg_loss: 0.000000091624  time_per_window : 0.000466   progress : 0.961
name: models.architecture.block_type=simple_cls
training.mode=rollout
training.rollout_steps=32    avg_loss: 0.000000095381  time_per_window : 0.000452   progress : 0.972
name: models.architecture.block_type=simple_cls
training.mode=rollout
training.rollout_steps=32    avg_loss: 0.000000092243  time_per_window : 0.000434   progress : 0.983
name: models.architecture.block_type=simple_cls
training.mode=rollout
training.rollout_steps=32    avg_loss: 0.000000084357  time_per_window : 0.000473   progress : 0.994
name: models.architecture.block_type=simple_cls
training.mode=rollout
training.rollout_steps=32    avg_loss: 0.000093058610  time_per_window : 0.000479   progress : 0.011
name: models.architecture.block_type=simple_cls
training.mode=rollout
training.rollout_steps=32    avg_loss: 0.000020964539  time_per_window : 0.000461   progress : 0.022
name: models.architecture.block_type=simple_cls
training.mode=rollout
training.rollout_steps=32    avg_loss: 0.000011474568  time_per_window : 0.000449   progress : 0.033
name: models.architecture.block_type=simple_cls
training.mode=rollout
training.rollout_steps=32    avg_loss: 0.000008401770  time_per_window : 0.000462   progress : 0.044
name: models.architecture.block_type=simple_cls
training.mode=rollout
training.rollout_steps=32    avg_loss: 0.000008174156  time_per_window : 0.000467   progress : 0.055
name: models.architecture.block_type=simple_cls
training.mode=rollout
training.rollout_steps=32    avg_loss: 0.000007737582  time_per_window : 0.000450   progress : 0.066
name: models.architecture.block_type=simple_cls
training.mode=rollout
training.rollout_steps=32    avg_loss: 0.000006828467  time_per_window : 0.000461   progress : 0.076
name: models.architecture.block_type=simple_cls
training.mode=rollout
training.rollout_steps=32    avg_loss: 0.000005402684  time_per_window : 0.000448   progress : 0.087
name: models.architecture.block_type=simple_cls
training.mode=rollout
training.rollout_steps=32    avg_loss: 0.000004117211  time_per_window : 0.000476   progress : 0.098
name: models.architecture.block_type=simple_cls
training.mode=rollout
training.rollout_steps=32    avg_loss: 0.000003312668  time_per_window : 0.000448   progress : 0.109
name: models.architecture.block_type=simple_cls
training.mode=rollout
training.rollout_steps=32    avg_loss: 0.000002968589  time_per_window : 0.000452   progress : 0.120
name: models.architecture.block_type=simple_cls
training.mode=rollout
training.rollout_steps=32    avg_loss: 0.000002941078  time_per_window : 0.000460   progress : 0.131
name: models.architecture.block_type=simple_cls
training.mode=rollout
training.rollout_steps=32    avg_loss: 0.000002566410  time_per_window : 0.000449   progress : 0.142
name: models.architecture.block_type=simple_cls
training.mode=rollout
training.rollout_steps=32    avg_loss: 0.000003194309  time_per_window : 0.000466   progress : 0.153
name: models.architecture.block_type=simple_cls
training.mode=rollout
training.rollout_steps=32    avg_loss: 0.000002223916  time_per_window : 0.000454   progress : 0.164
name: models.architecture.block_type=simple_cls
training.mode=rollout
training.rollout_steps=32    avg_loss: 0.000002170986  time_per_window : 0.000469   progress : 0.175
name: models.architecture.block_type=simple_cls
training.mode=rollout
training.rollout_steps=32    avg_loss: 0.000002427357  time_per_window : 0.000455   progress : 0.186
name: models.architecture.block_type=simple_cls
training.mode=rollout
training.rollout_steps=32    avg_loss: 0.000002286425  time_per_window : 0.000450   progress : 0.197
name: models.architecture.block_type=simple_cls
training.mode=rollout
training.rollout_steps=32    avg_loss: 0.000002063746  time_per_window : 0.000457   progress : 0.208
name: models.architecture.block_type=simple_cls
training.mode=rollout
training.rollout_steps=32    avg_loss: 0.000002629132  time_per_window : 0.000452   progress : 0.218
name: models.architecture.block_type=simple_cls
training.mode=rollout
training.rollout_steps=32    avg_loss: 0.000002268685  time_per_window : 0.000450   progress : 0.229
name: models.architecture.block_type=simple_cls
training.mode=rollout
training.rollout_steps=32    avg_loss: 0.000002171589  time_per_window : 0.000451   progress : 0.240
name: models.architecture.block_type=simple_cls
training.mode=rollout
training.rollout_steps=32    avg_loss: 0.000002290215  time_per_window : 0.000456   progress : 0.251
name: models.architecture.block_type=simple_cls
training.mode=rollout
training.rollout_steps=32    avg_loss: 0.000002117933  time_per_window : 0.000458   progress : 0.262
name: models.architecture.block_type=simple_cls
training.mode=rollout
training.rollout_steps=32    avg_loss: 0.000001571289  time_per_window : 0.000463   progress : 0.273
name: models.architecture.block_type=simple_cls
training.mode=rollout
training.rollout_steps=32    avg_loss: 0.000002171660  time_per_window : 0.000449   progress : 0.284
name: models.architecture.block_type=simple_cls
training.mode=rollout
training.rollout_steps=32    avg_loss: 0.000002266791  time_per_window : 0.000454   progress : 0.295
name: models.architecture.block_type=simple_cls
training.mode=rollout
training.rollout_steps=32    avg_loss: 0.000002079525  time_per_window : 0.000468   progress : 0.306
name: models.architecture.block_type=simple_cls
training.mode=rollout
training.rollout_steps=32    avg_loss: 0.000001661186  time_per_window : 0.000449   progress : 0.317
name: models.architecture.block_type=simple_cls
training.mode=rollout
training.rollout_steps=32    avg_loss: 0.000002262791  time_per_window : 0.000467   progress : 0.328
name: models.architecture.block_type=simple_cls
training.mode=rollout
training.rollout_steps=32    avg_loss: 0.000002162222  time_per_window : 0.000481   progress : 0.339
name: models.architecture.block_type=simple_cls
training.mode=rollout
training.rollout_steps=32    avg_loss: 0.000002221605  time_per_window : 0.000458   progress : 0.350
name: models.architecture.block_type=simple_cls
training.mode=rollout
training.rollout_steps=32    avg_loss: 0.000001824071  time_per_window : 0.000446   progress : 0.360
name: models.architecture.block_type=simple_cls
training.mode=rollout
training.rollout_steps=32    avg_loss: 0.000001807389  time_per_window : 0.000443   progress : 0.371
name: models.architecture.block_type=simple_cls
training.mode=rollout
training.rollout_steps=32    avg_loss: 0.000002309461  time_per_window : 0.000445   progress : 0.382
name: models.architecture.block_type=simple_cls
training.mode=rollout
training.rollout_steps=32    avg_loss: 0.000001821422  time_per_window : 0.000447   progress : 0.393
name: models.architecture.block_type=simple_cls
training.mode=rollout
training.rollout_steps=32    avg_loss: 0.000001802281  time_per_window : 0.000477   progress : 0.404
name: models.architecture.block_type=simple_cls
training.mode=rollout
training.rollout_steps=32    avg_loss: 0.000002495093  time_per_window : 0.000450   progress : 0.415
name: models.architecture.block_type=simple_cls
training.mode=rollout
training.rollout_steps=32    avg_loss: 0.000001721937  time_per_window : 0.000456   progress : 0.426
name: models.architecture.block_type=simple_cls
training.mode=rollout
training.rollout_steps=32    avg_loss: 0.000001798042  time_per_window : 0.000458   progress : 0.437
name: models.architecture.block_type=simple_cls
training.mode=rollout
training.rollout_steps=32    avg_loss: 0.000002201732  time_per_window : 0.000477   progress : 0.448
name: models.architecture.block_type=simple_cls
training.mode=rollout
training.rollout_steps=32    avg_loss: 0.000001684129  time_per_window : 0.000458   progress : 0.459
name: models.architecture.block_type=simple_cls
training.mode=rollout
training.rollout_steps=32    avg_loss: 0.000001952657  time_per_window : 0.000451   progress : 0.470
name: models.architecture.block_type=simple_cls
training.mode=rollout
training.rollout_steps=32    avg_loss: 0.000002044266  time_per_window : 0.000444   progress : 0.481
name: models.architecture.block_type=simple_cls
training.mode=rollout
training.rollout_steps=32    avg_loss: 0.000001802830  time_per_window : 0.000490   progress : 0.492
name: models.architecture.block_type=simple_cls
training.mode=rollout
training.rollout_steps=32    avg_loss: 0.000001781027  time_per_window : 0.000452   progress : 0.502
name: models.architecture.block_type=simple_cls
training.mode=rollout
training.rollout_steps=32    avg_loss: 0.000001908927  time_per_window : 0.000443   progress : 0.513
name: models.architecture.block_type=simple_cls
training.mode=rollout
training.rollout_steps=32    avg_loss: 0.000001839006  time_per_window : 0.000454   progress : 0.524
name: models.architecture.block_type=simple_cls
training.mode=rollout
training.rollout_steps=32    avg_loss: 0.000001937238  time_per_window : 0.000464   progress : 0.535
name: models.architecture.block_type=simple_cls
training.mode=rollout
training.rollout_steps=32    avg_loss: 0.000001617564  time_per_window : 0.000453   progress : 0.546
name: models.architecture.block_type=simple_cls
training.mode=rollout
training.rollout_steps=32    avg_loss: 0.000001829192  time_per_window : 0.000455   progress : 0.557
name: models.architecture.block_type=simple_cls
training.mode=rollout
training.rollout_steps=32    avg_loss: 0.000001392431  time_per_window : 0.000460   progress : 0.568
name: models.architecture.block_type=simple_cls
training.mode=rollout
training.rollout_steps=32    avg_loss: 0.000001796510  time_per_window : 0.000469   progress : 0.579
name: models.architecture.block_type=simple_cls
training.mode=rollout
training.rollout_steps=32    avg_loss: 0.000001898461  time_per_window : 0.000451   progress : 0.590
name: models.architecture.block_type=simple_cls
training.mode=rollout
training.rollout_steps=32    avg_loss: 0.000002159730  time_per_window : 0.000465   progress : 0.601
name: models.architecture.block_type=simple_cls
training.mode=rollout
training.rollout_steps=32    avg_loss: 0.000001792835  time_per_window : 0.000494   progress : 0.612
name: models.architecture.block_type=simple_cls
training.mode=rollout
training.rollout_steps=32    avg_loss: 0.000001689045  time_per_window : 0.000480   progress : 0.623
name: models.architecture.block_type=simple_cls
training.mode=rollout
training.rollout_steps=32    avg_loss: 0.000001543944  time_per_window : 0.000469   progress : 0.634
name: models.architecture.block_type=simple_cls
training.mode=rollout
training.rollout_steps=32    avg_loss: 0.000002154170  time_per_window : 0.000449   progress : 0.644
name: models.architecture.block_type=simple_cls
training.mode=rollout
training.rollout_steps=32    avg_loss: 0.000001533319  time_per_window : 0.000473   progress : 0.655
name: models.architecture.block_type=simple_cls
training.mode=rollout
training.rollout_steps=32    avg_loss: 0.000001677966  time_per_window : 0.000469   progress : 0.666
name: models.architecture.block_type=simple_cls
training.mode=rollout
training.rollout_steps=32    avg_loss: 0.000001685403  time_per_window : 0.000440   progress : 0.677
name: models.architecture.block_type=simple_cls
training.mode=rollout
training.rollout_steps=32    avg_loss: 0.000001631901  time_per_window : 0.000444   progress : 0.688
name: models.architecture.block_type=simple_cls
training.mode=rollout
training.rollout_steps=32    avg_loss: 0.000001604083  time_per_window : 0.000492   progress : 0.699
name: models.architecture.block_type=simple_cls
training.mode=rollout
training.rollout_steps=32    avg_loss: 0.000001426790  time_per_window : 0.000448   progress : 0.710
name: models.architecture.block_type=simple_cls
training.mode=rollout
training.rollout_steps=32    avg_loss: 0.000001419479  time_per_window : 0.000459   progress : 0.721
name: models.architecture.block_type=simple_cls
training.mode=rollout
training.rollout_steps=32    avg_loss: 0.000001634772  time_per_window : 0.000462   progress : 0.732
name: models.architecture.block_type=simple_cls
training.mode=rollout
training.rollout_steps=32    avg_loss: 0.000002177357  time_per_window : 0.000447   progress : 0.743
name: models.architecture.block_type=simple_cls
training.mode=rollout
training.rollout_steps=32    avg_loss: 0.000001727386  time_per_window : 0.000460   progress : 0.754
name: models.architecture.block_type=simple_cls
training.mode=rollout
training.rollout_steps=32    avg_loss: 0.000001938372  time_per_window : 0.000476   progress : 0.765
name: models.architecture.block_type=simple_cls
training.mode=rollout
training.rollout_steps=32    avg_loss: 0.000001893912  time_per_window : 0.000454   progress : 0.775
name: models.architecture.block_type=simple_cls
training.mode=rollout
training.rollout_steps=32    avg_loss: 0.000001879080  time_per_window : 0.000503   progress : 0.786
name: models.architecture.block_type=simple_cls
training.mode=rollout
training.rollout_steps=32    avg_loss: 0.000001504277  time_per_window : 0.000484   progress : 0.797
name: models.architecture.block_type=simple_cls
training.mode=rollout
training.rollout_steps=32    avg_loss: 0.000001440818  time_per_window : 0.000486   progress : 0.808
name: models.architecture.block_type=simple_cls
training.mode=rollout
training.rollout_steps=32    avg_loss: 0.000001571091  time_per_window : 0.000476   progress : 0.819
name: models.architecture.block_type=simple_cls
training.mode=rollout
training.rollout_steps=32    avg_loss: 0.000001276427  time_per_window : 0.000444   progress : 0.830
name: models.architecture.block_type=simple_cls
training.mode=rollout
training.rollout_steps=32    avg_loss: 0.000001549806  time_per_window : 0.000490   progress : 0.841
name: models.architecture.block_type=simple_cls
training.mode=rollout
training.rollout_steps=32    avg_loss: 0.000001644177  time_per_window : 0.000460   progress : 0.852
name: models.architecture.block_type=simple_cls
training.mode=rollout
training.rollout_steps=32    avg_loss: 0.000002154911  time_per_window : 0.000455   progress : 0.863
name: models.architecture.block_type=simple_cls
training.mode=rollout
training.rollout_steps=32    avg_loss: 0.000001674649  time_per_window : 0.000480   progress : 0.874
name: models.architecture.block_type=simple_cls
training.mode=rollout
training.rollout_steps=32    avg_loss: 0.000001660642  time_per_window : 0.000470   progress : 0.885
name: models.architecture.block_type=simple_cls
training.mode=rollout
training.rollout_steps=32    avg_loss: 0.000001637150  time_per_window : 0.000447   progress : 0.896
name: models.architecture.block_type=simple_cls
training.mode=rollout
training.rollout_steps=32    avg_loss: 0.000001444734  time_per_window : 0.000460   progress : 0.907
name: models.architecture.block_type=simple_cls
training.mode=rollout
training.rollout_steps=32    avg_loss: 0.000001640453  time_per_window : 0.000507   progress : 0.917
name: models.architecture.block_type=simple_cls
training.mode=rollout
training.rollout_steps=32    avg_loss: 0.000001489981  time_per_window : 0.000466   progress : 0.928
name: models.architecture.block_type=simple_cls
training.mode=rollout
training.rollout_steps=32    avg_loss: 0.000001253150  time_per_window : 0.000445   progress : 0.939
name: models.architecture.block_type=simple_cls
training.mode=rollout
training.rollout_steps=32    avg_loss: 0.000002008037  time_per_window : 0.000512   progress : 0.950
name: models.architecture.block_type=simple_cls
training.mode=rollout
training.rollout_steps=32    avg_loss: 0.000001484643  time_per_window : 0.000482   progress : 0.961
name: models.architecture.block_type=simple_cls
training.mode=rollout
training.rollout_steps=32    avg_loss: 0.000001985851  time_per_window : 0.000469   progress : 0.972
name: models.architecture.block_type=simple_cls
training.mode=rollout
training.rollout_steps=32    avg_loss: 0.000001402196  time_per_window : 0.000480   progress : 0.983
name: models.architecture.block_type=simple_cls
training.mode=rollout
training.rollout_steps=32    avg_loss: 0.000001459027  time_per_window : 0.000471   progress : 0.994
name: models.architecture.block_type=simple_cls
training.mode=rollout
training.rollout_steps=32    avg_loss: 0.000020761549  time_per_window : 0.000451   progress : 0.011
name: models.architecture.block_type=simple_cls
training.mode=rollout
training.rollout_steps=32    avg_loss: 0.000004911345  time_per_window : 0.000456   progress : 0.022
name: models.architecture.block_type=simple_cls
training.mode=rollout
training.rollout_steps=32    avg_loss: 0.000003045705  time_per_window : 0.000487   progress : 0.033
name: models.architecture.block_type=simple_cls
training.mode=rollout
training.rollout_steps=32    avg_loss: 0.000002608160  time_per_window : 0.000453   progress : 0.044
name: models.architecture.block_type=simple_cls
training.mode=rollout
training.rollout_steps=32    avg_loss: 0.000002667285  time_per_window : 0.000456   progress : 0.055
name: models.architecture.block_type=simple_cls
training.mode=rollout
training.rollout_steps=32    avg_loss: 0.000003075622  time_per_window : 0.000456   progress : 0.066
name: models.architecture.block_type=simple_cls
training.mode=rollout
training.rollout_steps=32    avg_loss: 0.000002819435  time_per_window : 0.000481   progress : 0.076
name: models.architecture.block_type=simple_cls
training.mode=rollout
training.rollout_steps=32    avg_loss: 0.000002926279  time_per_window : 0.000452   progress : 0.087
name: models.architecture.block_type=simple_cls
training.mode=rollout
training.rollout_steps=32    avg_loss: 0.000002558865  time_per_window : 0.000439   progress : 0.098
name: models.architecture.block_type=simple_cls
training.mode=rollout
training.rollout_steps=32    avg_loss: 0.000002750244  time_per_window : 0.000492   progress : 0.109
name: models.architecture.block_type=simple_cls
training.mode=rollout
training.rollout_steps=32    avg_loss: 0.000002991184  time_per_window : 0.000453   progress : 0.120
name: models.architecture.block_type=simple_cls
training.mode=rollout
training.rollout_steps=32    avg_loss: 0.000002341966  time_per_window : 0.000486   progress : 0.131
name: models.architecture.block_type=simple_cls
training.mode=rollout
training.rollout_steps=32    avg_loss: 0.000002261569  time_per_window : 0.000446   progress : 0.142
name: models.architecture.block_type=simple_cls
training.mode=rollout
training.rollout_steps=32    avg_loss: 0.000002775844  time_per_window : 0.000470   progress : 0.153
name: models.architecture.block_type=simple_cls
training.mode=rollout
training.rollout_steps=32    avg_loss: 0.000002194575  time_per_window : 0.000467   progress : 0.164
name: models.architecture.block_type=simple_cls
training.mode=rollout
training.rollout_steps=32    avg_loss: 0.000002549234  time_per_window : 0.000455   progress : 0.175
name: models.architecture.block_type=simple_cls
training.mode=rollout
training.rollout_steps=32    avg_loss: 0.000002665443  time_per_window : 0.000451   progress : 0.186
name: models.architecture.block_type=simple_cls
training.mode=rollout
training.rollout_steps=32    avg_loss: 0.000002302086  time_per_window : 0.000477   progress : 0.197
name: models.architecture.block_type=simple_cls
training.mode=rollout
training.rollout_steps=32    avg_loss: 0.000002231598  time_per_window : 0.000477   progress : 0.208
name: models.architecture.block_type=simple_cls
training.mode=rollout
training.rollout_steps=32    avg_loss: 0.000002232683  time_per_window : 0.000455   progress : 0.218
name: models.architecture.block_type=simple_cls
training.mode=rollout
training.rollout_steps=32    avg_loss: 0.000002339983  time_per_window : 0.000484   progress : 0.229
name: models.architecture.block_type=simple_cls
training.mode=rollout
training.rollout_steps=32    avg_loss: 0.000002220950  time_per_window : 0.000481   progress : 0.240
name: models.architecture.block_type=simple_cls
training.mode=rollout
training.rollout_steps=32    avg_loss: 0.000003027686  time_per_window : 0.000463   progress : 0.251
name: models.architecture.block_type=simple_cls
training.mode=rollout
training.rollout_steps=32    avg_loss: 0.000002095616  time_per_window : 0.000465   progress : 0.262
name: models.architecture.block_type=simple_cls
training.mode=rollout
training.rollout_steps=32    avg_loss: 0.000002031611  time_per_window : 0.000446   progress : 0.273
name: models.architecture.block_type=simple_cls
training.mode=rollout
training.rollout_steps=32    avg_loss: 0.000002305997  time_per_window : 0.000467   progress : 0.284
name: models.architecture.block_type=simple_cls
training.mode=rollout
training.rollout_steps=32    avg_loss: 0.000002895930  time_per_window : 0.000469   progress : 0.295
name: models.architecture.block_type=simple_cls
training.mode=rollout
training.rollout_steps=32    avg_loss: 0.000002535666  time_per_window : 0.000459   progress : 0.306
name: models.architecture.block_type=simple_cls
training.mode=rollout
training.rollout_steps=32    avg_loss: 0.000002235423  time_per_window : 0.000442   progress : 0.317
name: models.architecture.block_type=simple_cls
training.mode=rollout
training.rollout_steps=32    avg_loss: 0.000002796263  time_per_window : 0.000459   progress : 0.328
name: models.architecture.block_type=simple_cls
training.mode=rollout
training.rollout_steps=32    avg_loss: 0.000002315644  time_per_window : 0.000478   progress : 0.339
name: models.architecture.block_type=simple_cls
training.mode=rollout
training.rollout_steps=32    avg_loss: 0.000002098140  time_per_window : 0.000457   progress : 0.350
name: models.architecture.block_type=simple_cls
training.mode=rollout
training.rollout_steps=32    avg_loss: 0.000002257581  time_per_window : 0.000442   progress : 0.360
name: models.architecture.block_type=simple_cls
training.mode=rollout
training.rollout_steps=32    avg_loss: 0.000002274976  time_per_window : 0.000458   progress : 0.371
name: models.architecture.block_type=simple_cls
training.mode=rollout
training.rollout_steps=32    avg_loss: 0.000002263726  time_per_window : 0.000471   progress : 0.382
name: models.architecture.block_type=simple_cls
training.mode=rollout
training.rollout_steps=32    avg_loss: 0.000002065246  time_per_window : 0.000481   progress : 0.393
name: models.architecture.block_type=simple_cls
training.mode=rollout
training.rollout_steps=32    avg_loss: 0.000002384061  time_per_window : 0.000452   progress : 0.404
name: models.architecture.block_type=simple_cls
training.mode=rollout
training.rollout_steps=32    avg_loss: 0.000002269660  time_per_window : 0.000464   progress : 0.415
name: models.architecture.block_type=simple_cls
training.mode=rollout
training.rollout_steps=32    avg_loss: 0.000002261522  time_per_window : 0.000462   progress : 0.426
name: models.architecture.block_type=simple_cls
training.mode=rollout
training.rollout_steps=32    avg_loss: 0.000002072126  time_per_window : 0.000445   progress : 0.437
name: models.architecture.block_type=simple_cls
training.mode=rollout
training.rollout_steps=32    avg_loss: 0.000002556046  time_per_window : 0.000476   progress : 0.448
name: models.architecture.block_type=simple_cls
training.mode=rollout
training.rollout_steps=32    avg_loss: 0.000002343365  time_per_window : 0.000449   progress : 0.459
name: models.architecture.block_type=simple_cls
training.mode=rollout
training.rollout_steps=32    avg_loss: 0.000002566498  time_per_window : 0.000455   progress : 0.470
name: models.architecture.block_type=simple_cls
training.mode=rollout
training.rollout_steps=32    avg_loss: 0.000002365630  time_per_window : 0.000492   progress : 0.481
name: models.architecture.block_type=simple_cls
training.mode=rollout
training.rollout_steps=32    avg_loss: 0.000002267668  time_per_window : 0.000461   progress : 0.492
name: models.architecture.block_type=simple_cls
training.mode=rollout
training.rollout_steps=32    avg_loss: 0.000002433337  time_per_window : 0.000465   progress : 0.502
name: models.architecture.block_type=simple_cls
training.mode=rollout
training.rollout_steps=32    avg_loss: 0.000001841298  time_per_window : 0.000455   progress : 0.513
name: models.architecture.block_type=simple_cls
training.mode=rollout
training.rollout_steps=32    avg_loss: 0.000002485492  time_per_window : 0.000459   progress : 0.524
name: models.architecture.block_type=simple_cls
training.mode=rollout
training.rollout_steps=32    avg_loss: 0.000001849757  time_per_window : 0.000452   progress : 0.535
name: models.architecture.block_type=simple_cls
training.mode=rollout
training.rollout_steps=32    avg_loss: 0.000002236114  time_per_window : 0.000477   progress : 0.546
name: models.architecture.block_type=simple_cls
training.mode=rollout
training.rollout_steps=32    avg_loss: 0.000002202708  time_per_window : 0.000445   progress : 0.557
name: models.architecture.block_type=simple_cls
training.mode=rollout
training.rollout_steps=32    avg_loss: 0.000002363547  time_per_window : 0.000463   progress : 0.568
name: models.architecture.block_type=simple_cls
training.mode=rollout
training.rollout_steps=32    avg_loss: 0.000002604705  time_per_window : 0.000495   progress : 0.579
name: models.architecture.block_type=simple_cls
training.mode=rollout
training.rollout_steps=32    avg_loss: 0.000001821147  time_per_window : 0.000478   progress : 0.590
name: models.architecture.block_type=simple_cls
training.mode=rollout
training.rollout_steps=32    avg_loss: 0.000002031732  time_per_window : 0.000437   progress : 0.601
name: models.architecture.block_type=simple_cls
training.mode=rollout
training.rollout_steps=32    avg_loss: 0.000002029107  time_per_window : 0.000456   progress : 0.612
name: models.architecture.block_type=simple_cls
training.mode=rollout
training.rollout_steps=32    avg_loss: 0.000001647221  time_per_window : 0.000476   progress : 0.623
name: models.architecture.block_type=simple_cls
training.mode=rollout
training.rollout_steps=32    avg_loss: 0.000001848007  time_per_window : 0.000457   progress : 0.634
name: models.architecture.block_type=simple_cls
training.mode=rollout
training.rollout_steps=32    avg_loss: 0.000002216560  time_per_window : 0.000478   progress : 0.644
name: models.architecture.block_type=simple_cls
training.mode=rollout
training.rollout_steps=32    avg_loss: 0.000002345541  time_per_window : 0.000466   progress : 0.655
name: models.architecture.block_type=simple_cls
training.mode=rollout
training.rollout_steps=32    avg_loss: 0.000001940057  time_per_window : 0.000455   progress : 0.666
name: models.architecture.block_type=simple_cls
training.mode=rollout
training.rollout_steps=32    avg_loss: 0.000001986677  time_per_window : 0.000445   progress : 0.677
name: models.architecture.block_type=simple_cls
training.mode=rollout
training.rollout_steps=32    avg_loss: 0.000001957353  time_per_window : 0.000452   progress : 0.688
name: models.architecture.block_type=simple_cls
training.mode=rollout
training.rollout_steps=32    avg_loss: 0.000001935622  time_per_window : 0.000455   progress : 0.699
name: models.architecture.block_type=simple_cls
training.mode=rollout
training.rollout_steps=32    avg_loss: 0.000002082134  time_per_window : 0.000454   progress : 0.710
name: models.architecture.block_type=simple_cls
training.mode=rollout
training.rollout_steps=32    avg_loss: 0.000001858043  time_per_window : 0.000469   progress : 0.721
name: models.architecture.block_type=simple_cls
training.mode=rollout
training.rollout_steps=32    avg_loss: 0.000001851308  time_per_window : 0.000454   progress : 0.732
name: models.architecture.block_type=simple_cls
training.mode=rollout
training.rollout_steps=32    avg_loss: 0.000002115963  time_per_window : 0.000477   progress : 0.743
name: models.architecture.block_type=simple_cls
training.mode=rollout
training.rollout_steps=32    avg_loss: 0.000001867053  time_per_window : 0.000464   progress : 0.754
name: models.architecture.block_type=simple_cls
training.mode=rollout
training.rollout_steps=32    avg_loss: 0.000001564444  time_per_window : 0.000455   progress : 0.765
name: models.architecture.block_type=simple_cls
training.mode=rollout
training.rollout_steps=32    avg_loss: 0.000002070056  time_per_window : 0.000465   progress : 0.775
name: models.architecture.block_type=simple_cls
training.mode=rollout
training.rollout_steps=32    avg_loss: 0.000002113673  time_per_window : 0.000458   progress : 0.786
name: models.architecture.block_type=simple_cls
training.mode=rollout
training.rollout_steps=32    avg_loss: 0.000001830596  time_per_window : 0.000459   progress : 0.797
name: models.architecture.block_type=simple_cls
training.mode=rollout
training.rollout_steps=32    avg_loss: 0.000001890318  time_per_window : 0.000453   progress : 0.808
name: models.architecture.block_type=simple_cls
training.mode=rollout
training.rollout_steps=32    avg_loss: 0.000001755139  time_per_window : 0.000452   progress : 0.819
name: models.architecture.block_type=simple_cls
training.mode=rollout
training.rollout_steps=32    avg_loss: 0.000001799578  time_per_window : 0.000454   progress : 0.830
name: models.architecture.block_type=simple_cls
training.mode=rollout
training.rollout_steps=32    avg_loss: 0.000001981797  time_per_window : 0.000470   progress : 0.841
name: models.architecture.block_type=simple_cls
training.mode=rollout
training.rollout_steps=32    avg_loss: 0.000001619917  time_per_window : 0.000452   progress : 0.852
name: models.architecture.block_type=simple_cls
training.mode=rollout
training.rollout_steps=32    avg_loss: 0.000002140990  time_per_window : 0.000468   progress : 0.863
name: models.architecture.block_type=simple_cls
training.mode=rollout
training.rollout_steps=32    avg_loss: 0.000002029516  time_per_window : 0.000457   progress : 0.874
name: models.architecture.block_type=simple_cls
training.mode=rollout
training.rollout_steps=32    avg_loss: 0.000001652329  time_per_window : 0.000446   progress : 0.885
name: models.architecture.block_type=simple_cls
training.mode=rollout
training.rollout_steps=32    avg_loss: 0.000001735548  time_per_window : 0.000464   progress : 0.896
name: models.architecture.block_type=simple_cls
training.mode=rollout
training.rollout_steps=32    avg_loss: 0.000001984273  time_per_window : 0.000437   progress : 0.907
name: models.architecture.block_type=simple_cls
training.mode=rollout
training.rollout_steps=32    avg_loss: 0.000001696244  time_per_window : 0.000393   progress : 0.917
name: models.architecture.block_type=simple_cls
training.mode=rollout
training.rollout_steps=32    avg_loss: 0.000001880617  time_per_window : 0.000419   progress : 0.928
name: models.architecture.block_type=simple_cls
training.mode=rollout
training.rollout_steps=32    avg_loss: 0.000001662712  time_per_window : 0.000396   progress : 0.939
name: models.architecture.block_type=simple_cls
training.mode=rollout
training.rollout_steps=32    avg_loss: 0.000001677804  time_per_window : 0.000372   progress : 0.950
name: models.architecture.block_type=simple_cls
training.mode=rollout
training.rollout_steps=32    avg_loss: 0.000001960540  time_per_window : 0.000405   progress : 0.961
name: models.architecture.block_type=simple_cls
training.mode=rollout
training.rollout_steps=32    avg_loss: 0.000001680505  time_per_window : 0.000416   progress : 0.972
name: models.architecture.block_type=simple_cls
training.mode=rollout
training.rollout_steps=32    avg_loss: 0.000001763191  time_per_window : 0.000427   progress : 0.983
name: models.architecture.block_type=simple_cls
training.mode=rollout
training.rollout_steps=32    avg_loss: 0.000001978709  time_per_window : 0.000426   progress : 0.994
DONE!!!
