/home/jdihardjo/miniconda3/envs/mavenv/lib/python3.11/site-packages/hydra/_internal/defaults_list.py:251: UserWarning: In 'config': Defaults list is missing `_self_`. See https://hydra.cc/docs/1.2/upgrades/1.0_to_1.1/default_composition_order for more information
  warnings.warn(msg, UserWarning)
Using cuda device
[2026-07-23 16:16:21,543][HYDRA] Joblib.Parallel(n_jobs=4,backend=loky,prefer=processes,require=None,verbose=0,timeout=None,pre_dispatch=2*n_jobs,batch_size=auto,temp_folder=None,max_nbytes=None,mmap_mode=r) is launching 1 jobs
[2026-07-23 16:16:21,543][HYDRA] Launching jobs, sweep output dir : ablation_runs/2026-07-23_15-21-30/simple_cls_out13
[2026-07-23 16:16:21,543][HYDRA] 	#0 : models.architecture.block_type=simple_cls training.mode=rollout models.out_dim=13
/home/jdihardjo/miniconda3/envs/mavenv/lib/python3.11/site-packages/hydra/_internal/defaults_list.py:251: UserWarning: In 'config': Defaults list is missing `_self_`. See https://hydra.cc/docs/1.2/upgrades/1.0_to_1.1/default_composition_order for more information
  warnings.warn(msg, UserWarning)
models:
  n_dim: 23
  out_dim: 13
  architecture:
    d_model: 128
    n_encoder_layers: 2
    n_decoder_layers: 0
    block_type: simple_cls
    time_adapter: last_token
    in_norm: none
    out_norm: none
    layer_scale: 0.0001
    drop_path: 0.05
    mamba_type: mamba
    mamba_kwargs:
      d_state: 16
      d_conv: 2
      expand: 2
      norm: rms
    skip: false
    cls_kwargs:
      n_heads: 2
      n_mlp: 2
      positional_encoding: false
      max_len: 5000
input_len: 32
output_len: 1
batch_size: 128
epochs: 5
seed: 0
dataset:
  path: /home/jdihardjo/simdata/train.zarr/
  training_size: 1500000
evaluation:
  path: /home/jdihardjo/simdata/evaluation.zarr/
  evaluation_size: 50
training:
  mode: rollout
  lr: 0.0002
  weight_decay: 0.1
  rollout_steps: 16
checkpoint:
  save_path: hydra-test.pth
  load: false
  path: hydra-test.pth
compile: true

/home/jdihardjo/miniconda3/envs/mavenv/lib/python3.11/site-packages/torch/_inductor/cudagraph_trees.py:2622: UserWarning: Unable to hit fast path of CUDAGraphs because outputs from a previous step still require backward. Ensure backward() is invoked or detach outputs. You may also call torch.compiler.cudagraph_mark_step_begin() before each model invocation.
  warnings.warn(
name: models.architecture.block_type=simple_cls
training.mode=rollout
models.out_dim=13    avg_loss: 0.000080915757  time_per_window : 0.000217   progress : 0.011
name: models.architecture.block_type=simple_cls
training.mode=rollout
models.out_dim=13    avg_loss: 0.000007595729  time_per_window : 0.000215   progress : 0.022
name: models.architecture.block_type=simple_cls
training.mode=rollout
models.out_dim=13    avg_loss: 0.000007039334  time_per_window : 0.000188   progress : 0.033
name: models.architecture.block_type=simple_cls
training.mode=rollout
models.out_dim=13    avg_loss: 0.000006996154  time_per_window : 0.000196   progress : 0.044
name: models.architecture.block_type=simple_cls
training.mode=rollout
models.out_dim=13    avg_loss: 0.000006890411  time_per_window : 0.000197   progress : 0.055
name: models.architecture.block_type=simple_cls
training.mode=rollout
models.out_dim=13    avg_loss: 0.000006784423  time_per_window : 0.000242   progress : 0.066
name: models.architecture.block_type=simple_cls
training.mode=rollout
models.out_dim=13    avg_loss: 0.000006804259  time_per_window : 0.000196   progress : 0.076
name: models.architecture.block_type=simple_cls
training.mode=rollout
models.out_dim=13    avg_loss: 0.000006707116  time_per_window : 0.000207   progress : 0.087
name: models.architecture.block_type=simple_cls
training.mode=rollout
models.out_dim=13    avg_loss: 0.000006565787  time_per_window : 0.000202   progress : 0.098
name: models.architecture.block_type=simple_cls
training.mode=rollout
models.out_dim=13    avg_loss: 0.000006806157  time_per_window : 0.000193   progress : 0.109
name: models.architecture.block_type=simple_cls
training.mode=rollout
models.out_dim=13    avg_loss: 0.000006875513  time_per_window : 0.000200   progress : 0.120
name: models.architecture.block_type=simple_cls
training.mode=rollout
models.out_dim=13    avg_loss: 0.000006626265  time_per_window : 0.000197   progress : 0.131
name: models.architecture.block_type=simple_cls
training.mode=rollout
models.out_dim=13    avg_loss: 0.000006651085  time_per_window : 0.000213   progress : 0.142
name: models.architecture.block_type=simple_cls
training.mode=rollout
models.out_dim=13    avg_loss: 0.000006846634  time_per_window : 0.000197   progress : 0.153
name: models.architecture.block_type=simple_cls
training.mode=rollout
models.out_dim=13    avg_loss: 0.000006689728  time_per_window : 0.000208   progress : 0.164
name: models.architecture.block_type=simple_cls
training.mode=rollout
models.out_dim=13    avg_loss: 0.000006635999  time_per_window : 0.000189   progress : 0.175
name: models.architecture.block_type=simple_cls
training.mode=rollout
models.out_dim=13    avg_loss: 0.000006695901  time_per_window : 0.000197   progress : 0.186
name: models.architecture.block_type=simple_cls
training.mode=rollout
models.out_dim=13    avg_loss: 0.000006435873  time_per_window : 0.000190   progress : 0.197
name: models.architecture.block_type=simple_cls
training.mode=rollout
models.out_dim=13    avg_loss: 0.000006484432  time_per_window : 0.000192   progress : 0.208
name: models.architecture.block_type=simple_cls
training.mode=rollout
models.out_dim=13    avg_loss: 0.000006727301  time_per_window : 0.000198   progress : 0.218
name: models.architecture.block_type=simple_cls
training.mode=rollout
models.out_dim=13    avg_loss: 0.000006697173  time_per_window : 0.000196   progress : 0.229
name: models.architecture.block_type=simple_cls
training.mode=rollout
models.out_dim=13    avg_loss: 0.000006531513  time_per_window : 0.000232   progress : 0.240
name: models.architecture.block_type=simple_cls
training.mode=rollout
models.out_dim=13    avg_loss: 0.000006648375  time_per_window : 0.000212   progress : 0.251
name: models.architecture.block_type=simple_cls
training.mode=rollout
models.out_dim=13    avg_loss: 0.000006617116  time_per_window : 0.000203   progress : 0.262
name: models.architecture.block_type=simple_cls
training.mode=rollout
models.out_dim=13    avg_loss: 0.000006404783  time_per_window : 0.000205   progress : 0.273
name: models.architecture.block_type=simple_cls
training.mode=rollout
models.out_dim=13    avg_loss: 0.000006564298  time_per_window : 0.000187   progress : 0.284
name: models.architecture.block_type=simple_cls
training.mode=rollout
models.out_dim=13    avg_loss: 0.000006526558  time_per_window : 0.000194   progress : 0.295
name: models.architecture.block_type=simple_cls
training.mode=rollout
models.out_dim=13    avg_loss: 0.000006561294  time_per_window : 0.000198   progress : 0.306
name: models.architecture.block_type=simple_cls
training.mode=rollout
models.out_dim=13    avg_loss: 0.000006404822  time_per_window : 0.000211   progress : 0.317
name: models.architecture.block_type=simple_cls
training.mode=rollout
models.out_dim=13    avg_loss: 0.000006578108  time_per_window : 0.000197   progress : 0.328
name: models.architecture.block_type=simple_cls
training.mode=rollout
models.out_dim=13    avg_loss: 0.000006520777  time_per_window : 0.000205   progress : 0.339
name: models.architecture.block_type=simple_cls
training.mode=rollout
models.out_dim=13    avg_loss: 0.000006407015  time_per_window : 0.000196   progress : 0.350
name: models.architecture.block_type=simple_cls
training.mode=rollout
models.out_dim=13    avg_loss: 0.000006443358  time_per_window : 0.000208   progress : 0.360
name: models.architecture.block_type=simple_cls
training.mode=rollout
models.out_dim=13    avg_loss: 0.000006373742  time_per_window : 0.000211   progress : 0.371
name: models.architecture.block_type=simple_cls
training.mode=rollout
models.out_dim=13    avg_loss: 0.000006578810  time_per_window : 0.000190   progress : 0.382
name: models.architecture.block_type=simple_cls
training.mode=rollout
models.out_dim=13    avg_loss: 0.000006428365  time_per_window : 0.000217   progress : 0.393
name: models.architecture.block_type=simple_cls
training.mode=rollout
models.out_dim=13    avg_loss: 0.000006697342  time_per_window : 0.000213   progress : 0.404
name: models.architecture.block_type=simple_cls
training.mode=rollout
models.out_dim=13    avg_loss: 0.000006488596  time_per_window : 0.000227   progress : 0.415
name: models.architecture.block_type=simple_cls
training.mode=rollout
models.out_dim=13    avg_loss: 0.000006604037  time_per_window : 0.000180   progress : 0.426
name: models.architecture.block_type=simple_cls
training.mode=rollout
models.out_dim=13    avg_loss: 0.000006407923  time_per_window : 0.000213   progress : 0.437
name: models.architecture.block_type=simple_cls
training.mode=rollout
models.out_dim=13    avg_loss: 0.000006515434  time_per_window : 0.000210   progress : 0.448
name: models.architecture.block_type=simple_cls
training.mode=rollout
models.out_dim=13    avg_loss: 0.000006395879  time_per_window : 0.000192   progress : 0.459
name: models.architecture.block_type=simple_cls
training.mode=rollout
models.out_dim=13    avg_loss: 0.000006359740  time_per_window : 0.000203   progress : 0.470
name: models.architecture.block_type=simple_cls
training.mode=rollout
models.out_dim=13    avg_loss: 0.000006281472  time_per_window : 0.000211   progress : 0.481
name: models.architecture.block_type=simple_cls
training.mode=rollout
models.out_dim=13    avg_loss: 0.000006398281  time_per_window : 0.000180   progress : 0.492
name: models.architecture.block_type=simple_cls
training.mode=rollout
models.out_dim=13    avg_loss: 0.000006551233  time_per_window : 0.000205   progress : 0.502
name: models.architecture.block_type=simple_cls
training.mode=rollout
models.out_dim=13    avg_loss: 0.000006359216  time_per_window : 0.000209   progress : 0.513
name: models.architecture.block_type=simple_cls
training.mode=rollout
models.out_dim=13    avg_loss: 0.000006520720  time_per_window : 0.000189   progress : 0.524
name: models.architecture.block_type=simple_cls
training.mode=rollout
models.out_dim=13    avg_loss: 0.000006618310  time_per_window : 0.000213   progress : 0.535
name: models.architecture.block_type=simple_cls
training.mode=rollout
models.out_dim=13    avg_loss: 0.000006429881  time_per_window : 0.000188   progress : 0.546
name: models.architecture.block_type=simple_cls
training.mode=rollout
models.out_dim=13    avg_loss: 0.000006518919  time_per_window : 0.000208   progress : 0.557/home/jdihardjo/miniconda3/envs/mavenv/lib/python3.11/site-packages/torch/_inductor/cudagraph_trees.py:2622: UserWarning: Unable to hit fast path of CUDAGraphs because outputs from a previous step still require backward. Ensure backward() is invoked or detach outputs. You may also call torch.compiler.cudagraph_mark_step_begin() before each model invocation.
  warnings.warn(
/home/jdihardjo/miniconda3/envs/mavenv/lib/python3.11/site-packages/torch/_inductor/cudagraph_trees.py:2622: UserWarning: Unable to hit fast path of CUDAGraphs because outputs from a previous step still require backward. Ensure backward() is invoked or detach outputs. You may also call torch.compiler.cudagraph_mark_step_begin() before each model invocation.
  warnings.warn(

name: models.architecture.block_type=simple_cls
training.mode=rollout
models.out_dim=13    avg_loss: 0.000006292638  time_per_window : 0.000194   progress : 0.568
name: models.architecture.block_type=simple_cls
training.mode=rollout
models.out_dim=13    avg_loss: 0.000006413052  time_per_window : 0.000178   progress : 0.579
name: models.architecture.block_type=simple_cls
training.mode=rollout
models.out_dim=13    avg_loss: 0.000006600984  time_per_window : 0.000193   progress : 0.590
name: models.architecture.block_type=simple_cls
training.mode=rollout
models.out_dim=13    avg_loss: 0.000006321160  time_per_window : 0.000206   progress : 0.601
name: models.architecture.block_type=simple_cls
training.mode=rollout
models.out_dim=13    avg_loss: 0.000006435245  time_per_window : 0.000194   progress : 0.612
name: models.architecture.block_type=simple_cls
training.mode=rollout
models.out_dim=13    avg_loss: 0.000006247587  time_per_window : 0.000196   progress : 0.623
name: models.architecture.block_type=simple_cls
training.mode=rollout
models.out_dim=13    avg_loss: 0.000006557799  time_per_window : 0.000204   progress : 0.634
name: models.architecture.block_type=simple_cls
training.mode=rollout
models.out_dim=13    avg_loss: 0.000006452864  time_per_window : 0.000213   progress : 0.644
name: models.architecture.block_type=simple_cls
training.mode=rollout
models.out_dim=13    avg_loss: 0.000006469764  time_per_window : 0.000205   progress : 0.655
name: models.architecture.block_type=simple_cls
training.mode=rollout
models.out_dim=13    avg_loss: 0.000006271109  time_per_window : 0.000183   progress : 0.666
name: models.architecture.block_type=simple_cls
training.mode=rollout
models.out_dim=13    avg_loss: 0.000006414668  time_per_window : 0.000212   progress : 0.677
name: models.architecture.block_type=simple_cls
training.mode=rollout
models.out_dim=13    avg_loss: 0.000006372430  time_per_window : 0.000193   progress : 0.688
name: models.architecture.block_type=simple_cls
training.mode=rollout
models.out_dim=13    avg_loss: 0.000006306085  time_per_window : 0.000167   progress : 0.699
name: models.architecture.block_type=simple_cls
training.mode=rollout
models.out_dim=13    avg_loss: 0.000006554748  time_per_window : 0.000205   progress : 0.710
name: models.architecture.block_type=simple_cls
training.mode=rollout
models.out_dim=13    avg_loss: 0.000006239555  time_per_window : 0.000211   progress : 0.721
name: models.architecture.block_type=simple_cls
training.mode=rollout
models.out_dim=13    avg_loss: 0.000006370966  time_per_window : 0.000187   progress : 0.732
name: models.architecture.block_type=simple_cls
training.mode=rollout
models.out_dim=13    avg_loss: 0.000006483700  time_per_window : 0.000211   progress : 0.743
name: models.architecture.block_type=simple_cls
training.mode=rollout
models.out_dim=13    avg_loss: 0.000006453869  time_per_window : 0.000194   progress : 0.754
name: models.architecture.block_type=simple_cls
training.mode=rollout
models.out_dim=13    avg_loss: 0.000006266897  time_per_window : 0.000188   progress : 0.765
name: models.architecture.block_type=simple_cls
training.mode=rollout
models.out_dim=13    avg_loss: 0.000006486656  time_per_window : 0.000207   progress : 0.775
name: models.architecture.block_type=simple_cls
training.mode=rollout
models.out_dim=13    avg_loss: 0.000006482856  time_per_window : 0.000191   progress : 0.786
name: models.architecture.block_type=simple_cls
training.mode=rollout
models.out_dim=13    avg_loss: 0.000006453202  time_per_window : 0.000201   progress : 0.797
name: models.architecture.block_type=simple_cls
training.mode=rollout
models.out_dim=13    avg_loss: 0.000006227395  time_per_window : 0.000218   progress : 0.808
name: models.architecture.block_type=simple_cls
training.mode=rollout
models.out_dim=13    avg_loss: 0.000006331690  time_per_window : 0.000199   progress : 0.819
name: models.architecture.block_type=simple_cls
training.mode=rollout
models.out_dim=13    avg_loss: 0.000006356679  time_per_window : 0.000204   progress : 0.830
name: models.architecture.block_type=simple_cls
training.mode=rollout
models.out_dim=13    avg_loss: 0.000006470798  time_per_window : 0.000211   progress : 0.841
name: models.architecture.block_type=simple_cls
training.mode=rollout
models.out_dim=13    avg_loss: 0.000006301563  time_per_window : 0.000205   progress : 0.852
name: models.architecture.block_type=simple_cls
training.mode=rollout
models.out_dim=13    avg_loss: 0.000006354512  time_per_window : 0.000195   progress : 0.863
name: models.architecture.block_type=simple_cls
training.mode=rollout
models.out_dim=13    avg_loss: 0.000006343310  time_per_window : 0.000194   progress : 0.874
name: models.architecture.block_type=simple_cls
training.mode=rollout
models.out_dim=13    avg_loss: 0.000006312966  time_per_window : 0.000182   progress : 0.885
name: models.architecture.block_type=simple_cls
training.mode=rollout
models.out_dim=13    avg_loss: 0.000006226188  time_per_window : 0.000198   progress : 0.896
name: models.architecture.block_type=simple_cls
training.mode=rollout
models.out_dim=13    avg_loss: 0.000006380580  time_per_window : 0.000206   progress : 0.907
name: models.architecture.block_type=simple_cls
training.mode=rollout
models.out_dim=13    avg_loss: 0.000006444477  time_per_window : 0.000199   progress : 0.917
name: models.architecture.block_type=simple_cls
training.mode=rollout
models.out_dim=13    avg_loss: 0.000006335310  time_per_window : 0.000187   progress : 0.928
name: models.architecture.block_type=simple_cls
training.mode=rollout
models.out_dim=13    avg_loss: 0.000006371254  time_per_window : 0.000209   progress : 0.939
name: models.architecture.block_type=simple_cls
training.mode=rollout
models.out_dim=13    avg_loss: 0.000006257659  time_per_window : 0.000192   progress : 0.950
name: models.architecture.block_type=simple_cls
training.mode=rollout
models.out_dim=13    avg_loss: 0.000006318517  time_per_window : 0.000211   progress : 0.961
name: models.architecture.block_type=simple_cls
training.mode=rollout
models.out_dim=13    avg_loss: 0.000006313303  time_per_window : 0.000188   progress : 0.972
name: models.architecture.block_type=simple_cls
training.mode=rollout
models.out_dim=13    avg_loss: 0.000006313806  time_per_window : 0.000182   progress : 0.983
name: models.architecture.block_type=simple_cls
training.mode=rollout
models.out_dim=13    avg_loss: 0.000006370734  time_per_window : 0.000196   progress : 0.994
name: models.architecture.block_type=simple_cls
training.mode=rollout
models.out_dim=13    avg_loss: 0.000006490086  time_per_window : 0.000217   progress : 0.011
name: models.architecture.block_type=simple_cls
training.mode=rollout
models.out_dim=13    avg_loss: 0.000006177052  time_per_window : 0.000219   progress : 0.022
name: models.architecture.block_type=simple_cls
training.mode=rollout
models.out_dim=13    avg_loss: 0.000006103879  time_per_window : 0.000195   progress : 0.033
name: models.architecture.block_type=simple_cls
training.mode=rollout
models.out_dim=13    avg_loss: 0.000006188617  time_per_window : 0.000219   progress : 0.044
name: models.architecture.block_type=simple_cls
training.mode=rollout
models.out_dim=13    avg_loss: 0.000006344098  time_per_window : 0.000203   progress : 0.055
name: models.architecture.block_type=simple_cls
training.mode=rollout
models.out_dim=13    avg_loss: 0.000006305260  time_per_window : 0.000207   progress : 0.066
name: models.architecture.block_type=simple_cls
training.mode=rollout
models.out_dim=13    avg_loss: 0.000006336138  time_per_window : 0.000210   progress : 0.076
name: models.architecture.block_type=simple_cls
training.mode=rollout
models.out_dim=13    avg_loss: 0.000006241536  time_per_window : 0.000189   progress : 0.087
name: models.architecture.block_type=simple_cls
training.mode=rollout
models.out_dim=13    avg_loss: 0.000006118222  time_per_window : 0.000219   progress : 0.098
name: models.architecture.block_type=simple_cls
training.mode=rollout
models.out_dim=13    avg_loss: 0.000006237773  time_per_window : 0.000191   progress : 0.109
name: models.architecture.block_type=simple_cls
training.mode=rollout
models.out_dim=13    avg_loss: 0.000006266932  time_per_window : 0.000213   progress : 0.120
name: models.architecture.block_type=simple_cls
training.mode=rollout
models.out_dim=13    avg_loss: 0.000006236244  time_per_window : 0.000228   progress : 0.131
name: models.architecture.block_type=simple_cls
training.mode=rollout
models.out_dim=13    avg_loss: 0.000006132178  time_per_window : 0.000202   progress : 0.142
name: models.architecture.block_type=simple_cls
training.mode=rollout
models.out_dim=13    avg_loss: 0.000006344991  time_per_window : 0.000205   progress : 0.153
name: models.architecture.block_type=simple_cls
training.mode=rollout
models.out_dim=13    avg_loss: 0.000006190530  time_per_window : 0.000195   progress : 0.164
name: models.architecture.block_type=simple_cls
training.mode=rollout
models.out_dim=13    avg_loss: 0.000006072097  time_per_window : 0.000205   progress : 0.175
name: models.architecture.block_type=simple_cls
training.mode=rollout
models.out_dim=13    avg_loss: 0.000006089268  time_per_window : 0.000198   progress : 0.186
name: models.architecture.block_type=simple_cls
training.mode=rollout
models.out_dim=13    avg_loss: 0.000005919508  time_per_window : 0.000197   progress : 0.197
name: models.architecture.block_type=simple_cls
training.mode=rollout
models.out_dim=13    avg_loss: 0.000006040373  time_per_window : 0.000218   progress : 0.208
name: models.architecture.block_type=simple_cls
training.mode=rollout
models.out_dim=13    avg_loss: 0.000006164122  time_per_window : 0.000228   progress : 0.218
name: models.architecture.block_type=simple_cls
training.mode=rollout
models.out_dim=13    avg_loss: 0.000006108408  time_per_window : 0.000206   progress : 0.229
name: models.architecture.block_type=simple_cls
training.mode=rollout
models.out_dim=13    avg_loss: 0.000005995814  time_per_window : 0.000204   progress : 0.240
name: models.architecture.block_type=simple_cls
training.mode=rollout
models.out_dim=13    avg_loss: 0.000006083714  time_per_window : 0.000208   progress : 0.251
name: models.architecture.block_type=simple_cls
training.mode=rollout
models.out_dim=13    avg_loss: 0.000006053261  time_per_window : 0.000217   progress : 0.262
name: models.architecture.block_type=simple_cls
training.mode=rollout
models.out_dim=13    avg_loss: 0.000005852627  time_per_window : 0.000215   progress : 0.273
name: models.architecture.block_type=simple_cls
training.mode=rollout
models.out_dim=13    avg_loss: 0.000006022134  time_per_window : 0.000217   progress : 0.284
name: models.architecture.block_type=simple_cls
training.mode=rollout
models.out_dim=13    avg_loss: 0.000005883539  time_per_window : 0.000234   progress : 0.295
name: models.architecture.block_type=simple_cls
training.mode=rollout
models.out_dim=13    avg_loss: 0.000006030795  time_per_window : 0.000195   progress : 0.306
name: models.architecture.block_type=simple_cls
training.mode=rollout
models.out_dim=13    avg_loss: 0.000005845324  time_per_window : 0.000201   progress : 0.317
name: models.architecture.block_type=simple_cls
training.mode=rollout
models.out_dim=13    avg_loss: 0.000005991551  time_per_window : 0.000188   progress : 0.328
name: models.architecture.block_type=simple_cls
training.mode=rollout
models.out_dim=13    avg_loss: 0.000006030311  time_per_window : 0.000228   progress : 0.339
name: models.architecture.block_type=simple_cls
training.mode=rollout
models.out_dim=13    avg_loss: 0.000005949737  time_per_window : 0.000196   progress : 0.350
name: models.architecture.block_type=simple_cls
training.mode=rollout
models.out_dim=13    avg_loss: 0.000005928940  time_per_window : 0.000198   progress : 0.360
name: models.architecture.block_type=simple_cls
training.mode=rollout
models.out_dim=13    avg_loss: 0.000005955590  time_per_window : 0.000198   progress : 0.371
name: models.architecture.block_type=simple_cls
training.mode=rollout
models.out_dim=13    avg_loss: 0.000006039719  time_per_window : 0.000195   progress : 0.382
name: models.architecture.block_type=simple_cls
training.mode=rollout
models.out_dim=13    avg_loss: 0.000005942708  time_per_window : 0.000207   progress : 0.393
name: models.architecture.block_type=simple_cls
training.mode=rollout
models.out_dim=13    avg_loss: 0.000006058125  time_per_window : 0.000204   progress : 0.404
name: models.architecture.block_type=simple_cls
training.mode=rollout
models.out_dim=13    avg_loss: 0.000005879464  time_per_window : 0.000191   progress : 0.415
name: models.architecture.block_type=simple_cls
training.mode=rollout
models.out_dim=13    avg_loss: 0.000006005003  time_per_window : 0.000207   progress : 0.426
name: models.architecture.block_type=simple_cls
training.mode=rollout
models.out_dim=13    avg_loss: 0.000005980708  time_per_window : 0.000197   progress : 0.437
name: models.architecture.block_type=simple_cls
training.mode=rollout
models.out_dim=13    avg_loss: 0.000005920854  time_per_window : 0.000218   progress : 0.448
name: models.architecture.block_type=simple_cls
training.mode=rollout
models.out_dim=13    avg_loss: 0.000005829378  time_per_window : 0.000212   progress : 0.459
name: models.architecture.block_type=simple_cls
training.mode=rollout
models.out_dim=13    avg_loss: 0.000005873058  time_per_window : 0.000198   progress : 0.470
name: models.architecture.block_type=simple_cls
training.mode=rollout
models.out_dim=13    avg_loss: 0.000005764136  time_per_window : 0.000231   progress : 0.481
name: models.architecture.block_type=simple_cls
training.mode=rollout
models.out_dim=13    avg_loss: 0.000005875582  time_per_window : 0.000199   progress : 0.492
name: models.architecture.block_type=simple_cls
training.mode=rollout
models.out_dim=13    avg_loss: 0.000005912135  time_per_window : 0.000215   progress : 0.502
name: models.architecture.block_type=simple_cls
training.mode=rollout
models.out_dim=13    avg_loss: 0.000005704017  time_per_window : 0.000182   progress : 0.513
name: models.architecture.block_type=simple_cls
training.mode=rollout
models.out_dim=13    avg_loss: 0.000005813203  time_per_window : 0.000199   progress : 0.524
name: models.architecture.block_type=simple_cls
training.mode=rollout
models.out_dim=13    avg_loss: 0.000005682256  time_per_window : 0.000198   progress : 0.535
name: models.architecture.block_type=simple_cls
training.mode=rollout
models.out_dim=13    avg_loss: 0.000005689228  time_per_window : 0.000195   progress : 0.546
name: models.architecture.block_type=simple_cls
training.mode=rollout
models.out_dim=13    avg_loss: 0.000005715485  time_per_window : 0.000208   progress : 0.557
name: models.architecture.block_type=simple_cls
training.mode=rollout
models.out_dim=13    avg_loss: 0.000005590012  time_per_window : 0.000208   progress : 0.568
name: models.architecture.block_type=simple_cls
training.mode=rollout
models.out_dim=13    avg_loss: 0.000005689812  time_per_window : 0.000197   progress : 0.579
name: models.architecture.block_type=simple_cls
training.mode=rollout
models.out_dim=13    avg_loss: 0.000005720007  time_per_window : 0.000208   progress : 0.590
name: models.architecture.block_type=simple_cls
training.mode=rollout
models.out_dim=13    avg_loss: 0.000005542035  time_per_window : 0.000209   progress : 0.601
name: models.architecture.block_type=simple_cls
training.mode=rollout
models.out_dim=13    avg_loss: 0.000005609116  time_per_window : 0.000164   progress : 0.612
name: models.architecture.block_type=simple_cls
training.mode=rollout
models.out_dim=13    avg_loss: 0.000005544918  time_per_window : 0.000218   progress : 0.623
name: models.architecture.block_type=simple_cls
training.mode=rollout
models.out_dim=13    avg_loss: 0.000005635560  time_per_window : 0.000199   progress : 0.634
name: models.architecture.block_type=simple_cls
training.mode=rollout
models.out_dim=13    avg_loss: 0.000005602032  time_per_window : 0.000216   progress : 0.644
name: models.architecture.block_type=simple_cls
training.mode=rollout
models.out_dim=13    avg_loss: 0.000005606030  time_per_window : 0.000180   progress : 0.655
name: models.architecture.block_type=simple_cls
training.mode=rollout
models.out_dim=13    avg_loss: 0.000005535687  time_per_window : 0.000168   progress : 0.666
name: models.architecture.block_type=simple_cls
training.mode=rollout
models.out_dim=13    avg_loss: 0.000005585508  time_per_window : 0.000174   progress : 0.677
name: models.architecture.block_type=simple_cls
training.mode=rollout
models.out_dim=13    avg_loss: 0.000005489625  time_per_window : 0.000179   progress : 0.688
name: models.architecture.block_type=simple_cls
training.mode=rollout
models.out_dim=13    avg_loss: 0.000005475874  time_per_window : 0.000187   progress : 0.699
name: models.architecture.block_type=simple_cls
training.mode=rollout
models.out_dim=13    avg_loss: 0.000005619216  time_per_window : 0.000193   progress : 0.710
name: models.architecture.block_type=simple_cls
training.mode=rollout
models.out_dim=13    avg_loss: 0.000005499231  time_per_window : 0.000208   progress : 0.721
name: models.architecture.block_type=simple_cls
training.mode=rollout
models.out_dim=13    avg_loss: 0.000005573128  time_per_window : 0.000183   progress : 0.732
name: models.architecture.block_type=simple_cls
training.mode=rollout
models.out_dim=13    avg_loss: 0.000005551105  time_per_window : 0.000162   progress : 0.743
name: models.architecture.block_type=simple_cls
training.mode=rollout
models.out_dim=13    avg_loss: 0.000005544903  time_per_window : 0.000220   progress : 0.754
name: models.architecture.block_type=simple_cls
training.mode=rollout
models.out_dim=13    avg_loss: 0.000005472082  time_per_window : 0.000171   progress : 0.765
name: models.architecture.block_type=simple_cls
training.mode=rollout
models.out_dim=13    avg_loss: 0.000005599215  time_per_window : 0.000178   progress : 0.775
name: models.architecture.block_type=simple_cls
training.mode=rollout
models.out_dim=13    avg_loss: 0.000005506415  time_per_window : 0.000177   progress : 0.786
name: models.architecture.block_type=simple_cls
training.mode=rollout
models.out_dim=13    avg_loss: 0.000005471277  time_per_window : 0.000165   progress : 0.797
name: models.architecture.block_type=simple_cls
training.mode=rollout
models.out_dim=13    avg_loss: 0.000005449233  time_per_window : 0.000179   progress : 0.808
name: models.architecture.block_type=simple_cls
training.mode=rollout
models.out_dim=13    avg_loss: 0.000005460115  time_per_window : 0.000186   progress : 0.819
name: models.architecture.block_type=simple_cls
training.mode=rollout
models.out_dim=13    avg_loss: 0.000005523924  time_per_window : 0.000178   progress : 0.830
name: models.architecture.block_type=simple_cls
training.mode=rollout
models.out_dim=13    avg_loss: 0.000005512933  time_per_window : 0.000165   progress : 0.841
name: models.architecture.block_type=simple_cls
training.mode=rollout
models.out_dim=13    avg_loss: 0.000005506113  time_per_window : 0.000176   progress : 0.852
name: models.architecture.block_type=simple_cls
training.mode=rollout
models.out_dim=13    avg_loss: 0.000005460322  time_per_window : 0.000168   progress : 0.863
name: models.architecture.block_type=simple_cls
training.mode=rollout
models.out_dim=13    avg_loss: 0.000005468387  time_per_window : 0.000182   progress : 0.874
name: models.architecture.block_type=simple_cls
training.mode=rollout
models.out_dim=13    avg_loss: 0.000005517503  time_per_window : 0.000194   progress : 0.885
name: models.architecture.block_type=simple_cls
training.mode=rollout
models.out_dim=13    avg_loss: 0.000005418771  time_per_window : 0.000175   progress : 0.896
name: models.architecture.block_type=simple_cls
training.mode=rollout
models.out_dim=13    avg_loss: 0.000005510365  time_per_window : 0.000172   progress : 0.907
name: models.architecture.block_type=simple_cls
training.mode=rollout
models.out_dim=13    avg_loss: 0.000005528157  time_per_window : 0.000166   progress : 0.917
name: models.architecture.block_type=simple_cls
training.mode=rollout
models.out_dim=13    avg_loss: 0.000005499810  time_per_window : 0.000164   progress : 0.928
name: models.architecture.block_type=simple_cls
training.mode=rollout
models.out_dim=13    avg_loss: 0.000005511533  time_per_window : 0.000170   progress : 0.939
name: models.architecture.block_type=simple_cls
training.mode=rollout
models.out_dim=13    avg_loss: 0.000005448645  time_per_window : 0.000171   progress : 0.950
name: models.architecture.block_type=simple_cls
training.mode=rollout
models.out_dim=13    avg_loss: 0.000005455609  time_per_window : 0.000168   progress : 0.961
name: models.architecture.block_type=simple_cls
training.mode=rollout
models.out_dim=13    avg_loss: 0.000005430589  time_per_window : 0.000175   progress : 0.972
name: models.architecture.block_type=simple_cls
training.mode=rollout
models.out_dim=13    avg_loss: 0.000005458016  time_per_window : 0.000174   progress : 0.983
name: models.architecture.block_type=simple_cls
training.mode=rollout
models.out_dim=13    avg_loss: 0.000005431770  time_per_window : 0.000172   progress : 0.994
name: models.architecture.block_type=simple_cls
training.mode=rollout
models.out_dim=13    avg_loss: 0.000008268414  time_per_window : 0.000179   progress : 0.011
name: models.architecture.block_type=simple_cls
training.mode=rollout
models.out_dim=13    avg_loss: 0.000006203566  time_per_window : 0.000183   progress : 0.022
name: models.architecture.block_type=simple_cls
training.mode=rollout
models.out_dim=13    avg_loss: 0.000005916716  time_per_window : 0.000184   progress : 0.033
name: models.architecture.block_type=simple_cls
training.mode=rollout
models.out_dim=13    avg_loss: 0.000005685585  time_per_window : 0.000189   progress : 0.044
name: models.architecture.block_type=simple_cls
training.mode=rollout
models.out_dim=13    avg_loss: 0.000005898863  time_per_window : 0.000187   progress : 0.055
name: models.architecture.block_type=simple_cls
training.mode=rollout
models.out_dim=13    avg_loss: 0.000005763900  time_per_window : 0.000155   progress : 0.066
name: models.architecture.block_type=simple_cls
training.mode=rollout
models.out_dim=13    avg_loss: 0.000005648937  time_per_window : 0.000171   progress : 0.076
name: models.architecture.block_type=simple_cls
training.mode=rollout
models.out_dim=13    avg_loss: 0.000005575721  time_per_window : 0.000177   progress : 0.087
name: models.architecture.block_type=simple_cls
training.mode=rollout
models.out_dim=13    avg_loss: 0.000005490268  time_per_window : 0.000178   progress : 0.098
name: models.architecture.block_type=simple_cls
training.mode=rollout
models.out_dim=13    avg_loss: 0.000005578411  time_per_window : 0.000199   progress : 0.109
name: models.architecture.block_type=simple_cls
training.mode=rollout
models.out_dim=13    avg_loss: 0.000005600148  time_per_window : 0.000184   progress : 0.120
name: models.architecture.block_type=simple_cls
training.mode=rollout
models.out_dim=13    avg_loss: 0.000005541391  time_per_window : 0.000162   progress : 0.131
name: models.architecture.block_type=simple_cls
training.mode=rollout
models.out_dim=13    avg_loss: 0.000005534645  time_per_window : 0.000180   progress : 0.142
name: models.architecture.block_type=simple_cls
training.mode=rollout
models.out_dim=13    avg_loss: 0.000005584611  time_per_window : 0.000173   progress : 0.153
name: models.architecture.block_type=simple_cls
training.mode=rollout
models.out_dim=13    avg_loss: 0.000005490949  time_per_window : 0.000168   progress : 0.164
name: models.architecture.block_type=simple_cls
training.mode=rollout
models.out_dim=13    avg_loss: 0.000005512348  time_per_window : 0.000179   progress : 0.175
name: models.architecture.block_type=simple_cls
training.mode=rollout
models.out_dim=13    avg_loss: 0.000005530380  time_per_window : 0.000174   progress : 0.186
name: models.architecture.block_type=simple_cls
training.mode=rollout
models.out_dim=13    avg_loss: 0.000005519130  time_per_window : 0.000176   progress : 0.197
name: models.architecture.block_type=simple_cls
training.mode=rollout
models.out_dim=13    avg_loss: 0.000005494705  time_per_window : 0.000176   progress : 0.208
name: models.architecture.block_type=simple_cls
training.mode=rollout
models.out_dim=13    avg_loss: 0.000005549200  time_per_window : 0.000159   progress : 0.218
name: models.architecture.block_type=simple_cls
training.mode=rollout
models.out_dim=13    avg_loss: 0.000005564502  time_per_window : 0.000180   progress : 0.229
name: models.architecture.block_type=simple_cls
training.mode=rollout
models.out_dim=13    avg_loss: 0.000005471484  time_per_window : 0.000166   progress : 0.240
name: models.architecture.block_type=simple_cls
training.mode=rollout
models.out_dim=13    avg_loss: 0.000005562453  time_per_window : 0.000172   progress : 0.251
name: models.architecture.block_type=simple_cls
training.mode=rollout
models.out_dim=13    avg_loss: 0.000005514847  time_per_window : 0.000167   progress : 0.262
name: models.architecture.block_type=simple_cls
training.mode=rollout
models.out_dim=13    avg_loss: 0.000005493160  time_per_window : 0.000179   progress : 0.273
name: models.architecture.block_type=simple_cls
training.mode=rollout
models.out_dim=13    avg_loss: 0.000005513241  time_per_window : 0.000170   progress : 0.284
name: models.architecture.block_type=simple_cls
training.mode=rollout
models.out_dim=13    avg_loss: 0.000005482020  time_per_window : 0.000161   progress : 0.295
name: models.architecture.block_type=simple_cls
training.mode=rollout
models.out_dim=13    avg_loss: 0.000005505730  time_per_window : 0.000169   progress : 0.306
name: models.architecture.block_type=simple_cls
training.mode=rollout
models.out_dim=13    avg_loss: 0.000005379899  time_per_window : 0.000173   progress : 0.317
name: models.architecture.block_type=simple_cls
training.mode=rollout
models.out_dim=13    avg_loss: 0.000005476354  time_per_window : 0.000165   progress : 0.328
name: models.architecture.block_type=simple_cls
training.mode=rollout
models.out_dim=13    avg_loss: 0.000005491378  time_per_window : 0.000182   progress : 0.339
name: models.architecture.block_type=simple_cls
training.mode=rollout
models.out_dim=13    avg_loss: 0.000005498134  time_per_window : 0.000176   progress : 0.350
name: models.architecture.block_type=simple_cls
training.mode=rollout
models.out_dim=13    avg_loss: 0.000005482459  time_per_window : 0.000181   progress : 0.360
name: models.architecture.block_type=simple_cls
training.mode=rollout
models.out_dim=13    avg_loss: 0.000005459640  time_per_window : 0.000187   progress : 0.371
name: models.architecture.block_type=simple_cls
training.mode=rollout
models.out_dim=13    avg_loss: 0.000005506130  time_per_window : 0.000175   progress : 0.382
name: models.architecture.block_type=simple_cls
training.mode=rollout
models.out_dim=13    avg_loss: 0.000005475459  time_per_window : 0.000165   progress : 0.393
name: models.architecture.block_type=simple_cls
training.mode=rollout
models.out_dim=13    avg_loss: 0.000005539255  time_per_window : 0.000164   progress : 0.404
name: models.architecture.block_type=simple_cls
training.mode=rollout
models.out_dim=13    avg_loss: 0.000005456958  time_per_window : 0.000173   progress : 0.415
name: models.architecture.block_type=simple_cls
training.mode=rollout
models.out_dim=13    avg_loss: 0.000005485946  time_per_window : 0.000169   progress : 0.426
name: models.architecture.block_type=simple_cls
training.mode=rollout
models.out_dim=13    avg_loss: 0.000005475784  time_per_window : 0.000164   progress : 0.437
name: models.architecture.block_type=simple_cls
training.mode=rollout
models.out_dim=13    avg_loss: 0.000005437984  time_per_window : 0.000186   progress : 0.448
name: models.architecture.block_type=simple_cls
training.mode=rollout
models.out_dim=13    avg_loss: 0.000005454157  time_per_window : 0.000177   progress : 0.459
name: models.architecture.block_type=simple_cls
training.mode=rollout
models.out_dim=13    avg_loss: 0.000005434077  time_per_window : 0.000179   progress : 0.470
name: models.architecture.block_type=simple_cls
training.mode=rollout
models.out_dim=13    avg_loss: 0.000005428837  time_per_window : 0.000169   progress : 0.481
name: models.architecture.block_type=simple_cls
training.mode=rollout
models.out_dim=13    avg_loss: 0.000005473553  time_per_window : 0.000169   progress : 0.492
name: models.architecture.block_type=simple_cls
training.mode=rollout
models.out_dim=13    avg_loss: 0.000005436569  time_per_window : 0.000176   progress : 0.502
name: models.architecture.block_type=simple_cls
training.mode=rollout
models.out_dim=13    avg_loss: 0.000005388102  time_per_window : 0.000157   progress : 0.513
name: models.architecture.block_type=simple_cls
training.mode=rollout
models.out_dim=13    avg_loss: 0.000005478395  time_per_window : 0.000179   progress : 0.524
name: models.architecture.block_type=simple_cls
training.mode=rollout
models.out_dim=13    avg_loss: 0.000005466502  time_per_window : 0.000171   progress : 0.535
name: models.architecture.block_type=simple_cls
training.mode=rollout
models.out_dim=13    avg_loss: 0.000005428964  time_per_window : 0.000163   progress : 0.546
name: models.architecture.block_type=simple_cls
training.mode=rollout
models.out_dim=13    avg_loss: 0.000005471714  time_per_window : 0.000165   progress : 0.557
name: models.architecture.block_type=simple_cls
training.mode=rollout
models.out_dim=13    avg_loss: 0.000005436628  time_per_window : 0.000153   progress : 0.568
name: models.architecture.block_type=simple_cls
training.mode=rollout
models.out_dim=13    avg_loss: 0.000005485766  time_per_window : 0.000163   progress : 0.579
name: models.architecture.block_type=simple_cls
training.mode=rollout
models.out_dim=13    avg_loss: 0.000005541019  time_per_window : 0.000149   progress : 0.590
name: models.architecture.block_type=simple_cls
training.mode=rollout
models.out_dim=13    avg_loss: 0.000005366706  time_per_window : 0.000184   progress : 0.601
name: models.architecture.block_type=simple_cls
training.mode=rollout
models.out_dim=13    avg_loss: 0.000005404899  time_per_window : 0.000158   progress : 0.612
name: models.architecture.block_type=simple_cls
training.mode=rollout
models.out_dim=13    avg_loss: 0.000005424225  time_per_window : 0.000170   progress : 0.623
name: models.architecture.block_type=simple_cls
training.mode=rollout
models.out_dim=13    avg_loss: 0.000005441493  time_per_window : 0.000151   progress : 0.634
name: models.architecture.block_type=simple_cls
training.mode=rollout
models.out_dim=13    avg_loss: 0.000005437822  time_per_window : 0.000165   progress : 0.644
name: models.architecture.block_type=simple_cls
training.mode=rollout
models.out_dim=13    avg_loss: 0.000005461712  time_per_window : 0.000160   progress : 0.655
name: models.architecture.block_type=simple_cls
training.mode=rollout
models.out_dim=13    avg_loss: 0.000005407703  time_per_window : 0.000192   progress : 0.666
name: models.architecture.block_type=simple_cls
training.mode=rollout
models.out_dim=13    avg_loss: 0.000005430945  time_per_window : 0.000133   progress : 0.677
name: models.architecture.block_type=simple_cls
training.mode=rollout
models.out_dim=13    avg_loss: 0.000005367842  time_per_window : 0.000182   progress : 0.688
name: models.architecture.block_type=simple_cls
training.mode=rollout
models.out_dim=13    avg_loss: 0.000005402059  time_per_window : 0.000172   progress : 0.699
name: models.architecture.block_type=simple_cls
training.mode=rollout
models.out_dim=13    avg_loss: 0.000005533518  time_per_window : 0.000160   progress : 0.710
name: models.architecture.block_type=simple_cls
training.mode=rollout
models.out_dim=13    avg_loss: 0.000005368784  time_per_window : 0.000199   progress : 0.721
name: models.architecture.block_type=simple_cls
training.mode=rollout
models.out_dim=13    avg_loss: 0.000005491774  time_per_window : 0.000189   progress : 0.732
name: models.architecture.block_type=simple_cls
training.mode=rollout
models.out_dim=13    avg_loss: 0.000005442549  time_per_window : 0.000165   progress : 0.743
name: models.architecture.block_type=simple_cls
training.mode=rollout
models.out_dim=13    avg_loss: 0.000005460196  time_per_window : 0.000174   progress : 0.754
name: models.architecture.block_type=simple_cls
training.mode=rollout
models.out_dim=13    avg_loss: 0.000005375374  time_per_window : 0.000192   progress : 0.765
name: models.architecture.block_type=simple_cls
training.mode=rollout
models.out_dim=13    avg_loss: 0.000005508381  time_per_window : 0.000173   progress : 0.775
name: models.architecture.block_type=simple_cls
training.mode=rollout
models.out_dim=13    avg_loss: 0.000005441229  time_per_window : 0.000140   progress : 0.786
name: models.architecture.block_type=simple_cls
training.mode=rollout
models.out_dim=13    avg_loss: 0.000005407797  time_per_window : 0.000170   progress : 0.797
name: models.architecture.block_type=simple_cls
training.mode=rollout
models.out_dim=13    avg_loss: 0.000005393759  time_per_window : 0.000156   progress : 0.808
name: models.architecture.block_type=simple_cls
training.mode=rollout
models.out_dim=13    avg_loss: 0.000005390356  time_per_window : 0.000143   progress : 0.819
name: models.architecture.block_type=simple_cls
training.mode=rollout
models.out_dim=13    avg_loss: 0.000005413417  time_per_window : 0.000175   progress : 0.830
name: models.architecture.block_type=simple_cls
training.mode=rollout
models.out_dim=13    avg_loss: 0.000005473938  time_per_window : 0.000149   progress : 0.841
name: models.architecture.block_type=simple_cls
training.mode=rollout
models.out_dim=13    avg_loss: 0.000005434369  time_per_window : 0.000177   progress : 0.852
name: models.architecture.block_type=simple_cls
training.mode=rollout
models.out_dim=13    avg_loss: 0.000005443372  time_per_window : 0.000164   progress : 0.863
name: models.architecture.block_type=simple_cls
training.mode=rollout
models.out_dim=13    avg_loss: 0.000005426316  time_per_window : 0.000169   progress : 0.874
name: models.architecture.block_type=simple_cls
training.mode=rollout
models.out_dim=13    avg_loss: 0.000005455709  time_per_window : 0.000150   progress : 0.885
name: models.architecture.block_type=simple_cls
training.mode=rollout
models.out_dim=13    avg_loss: 0.000005360684  time_per_window : 0.000158   progress : 0.896
name: models.architecture.block_type=simple_cls
training.mode=rollout
models.out_dim=13    avg_loss: 0.000005466306  time_per_window : 0.000166   progress : 0.907
name: models.architecture.block_type=simple_cls
training.mode=rollout
models.out_dim=13    avg_loss: 0.000005489027  time_per_window : 0.000158   progress : 0.917
name: models.architecture.block_type=simple_cls
training.mode=rollout
models.out_dim=13    avg_loss: 0.000005448959  time_per_window : 0.000173   progress : 0.928
name: models.architecture.block_type=simple_cls
training.mode=rollout
models.out_dim=13    avg_loss: 0.000005375852  time_per_window : 0.000160   progress : 0.939
name: models.architecture.block_type=simple_cls
training.mode=rollout
models.out_dim=13    avg_loss: 0.000005407840  time_per_window : 0.000159   progress : 0.950
name: models.architecture.block_type=simple_cls
training.mode=rollout
models.out_dim=13    avg_loss: 0.000005444216  time_per_window : 0.000147   progress : 0.961
name: models.architecture.block_type=simple_cls
training.mode=rollout
models.out_dim=13    avg_loss: 0.000005377503  time_per_window : 0.000157   progress : 0.972
name: models.architecture.block_type=simple_cls
training.mode=rollout
models.out_dim=13    avg_loss: 0.000005428145  time_per_window : 0.000185   progress : 0.983
name: models.architecture.block_type=simple_cls
training.mode=rollout
models.out_dim=13    avg_loss: 0.000005410499  time_per_window : 0.000140   progress : 0.994
name: models.architecture.block_type=simple_cls
training.mode=rollout
models.out_dim=13    avg_loss: 0.000023441198  time_per_window : 0.000167   progress : 0.011
name: models.architecture.block_type=simple_cls
training.mode=rollout
models.out_dim=13    avg_loss: 0.000009826910  time_per_window : 0.000163   progress : 0.022
name: models.architecture.block_type=simple_cls
training.mode=rollout
models.out_dim=13    avg_loss: 0.000009024293  time_per_window : 0.000178   progress : 0.033
name: models.architecture.block_type=simple_cls
training.mode=rollout
models.out_dim=13    avg_loss: 0.000008995780  time_per_window : 0.000163   progress : 0.044
name: models.architecture.block_type=simple_cls
training.mode=rollout
models.out_dim=13    avg_loss: 0.000008738470  time_per_window : 0.000161   progress : 0.055
name: models.architecture.block_type=simple_cls
training.mode=rollout
models.out_dim=13    avg_loss: 0.000008637213  time_per_window : 0.000169   progress : 0.066
name: models.architecture.block_type=simple_cls
training.mode=rollout
models.out_dim=13    avg_loss: 0.000008642185  time_per_window : 0.000146   progress : 0.076
name: models.architecture.block_type=simple_cls
training.mode=rollout
models.out_dim=13    avg_loss: 0.000008365167  time_per_window : 0.000175   progress : 0.087
name: models.architecture.block_type=simple_cls
training.mode=rollout
models.out_dim=13    avg_loss: 0.000008082466  time_per_window : 0.000176   progress : 0.098
name: models.architecture.block_type=simple_cls
training.mode=rollout
models.out_dim=13    avg_loss: 0.000008154945  time_per_window : 0.000179   progress : 0.109
name: models.architecture.block_type=simple_cls
training.mode=rollout
models.out_dim=13    avg_loss: 0.000007757912  time_per_window : 0.000146   progress : 0.120
name: models.architecture.block_type=simple_cls
training.mode=rollout
models.out_dim=13    avg_loss: 0.000007272969  time_per_window : 0.000168   progress : 0.131
name: models.architecture.block_type=simple_cls
training.mode=rollout
models.out_dim=13    avg_loss: 0.000007346205  time_per_window : 0.000165   progress : 0.142
name: models.architecture.block_type=simple_cls
training.mode=rollout
models.out_dim=13    avg_loss: 0.000007145636  time_per_window : 0.000138   progress : 0.153
name: models.architecture.block_type=simple_cls
training.mode=rollout
models.out_dim=13    avg_loss: 0.000006815308  time_per_window : 0.000149   progress : 0.164
name: models.architecture.block_type=simple_cls
training.mode=rollout
models.out_dim=13    avg_loss: 0.000006714815  time_per_window : 0.000190   progress : 0.175
name: models.architecture.block_type=simple_cls
training.mode=rollout
models.out_dim=13    avg_loss: 0.000006691642  time_per_window : 0.000177   progress : 0.186
name: models.architecture.block_type=simple_cls
training.mode=rollout
models.out_dim=13    avg_loss: 0.000006533478  time_per_window : 0.000174   progress : 0.197
name: models.architecture.block_type=simple_cls
training.mode=rollout
models.out_dim=13    avg_loss: 0.000006591046  time_per_window : 0.000163   progress : 0.208
name: models.architecture.block_type=simple_cls
training.mode=rollout
models.out_dim=13    avg_loss: 0.000006554088  time_per_window : 0.000158   progress : 0.218
name: models.architecture.block_type=simple_cls
training.mode=rollout
models.out_dim=13    avg_loss: 0.000006686912  time_per_window : 0.000174   progress : 0.229
name: models.architecture.block_type=simple_cls
training.mode=rollout
models.out_dim=13    avg_loss: 0.000006396678  time_per_window : 0.000176   progress : 0.240
name: models.architecture.block_type=simple_cls
training.mode=rollout
models.out_dim=13    avg_loss: 0.000006426383  time_per_window : 0.000143   progress : 0.251
name: models.architecture.block_type=simple_cls
training.mode=rollout
models.out_dim=13    avg_loss: 0.000006382493  time_per_window : 0.000181   progress : 0.262
name: models.architecture.block_type=simple_cls
training.mode=rollout
models.out_dim=13    avg_loss: 0.000006337744  time_per_window : 0.000152   progress : 0.273
name: models.architecture.block_type=simple_cls
training.mode=rollout
models.out_dim=13    avg_loss: 0.000006417653  time_per_window : 0.000160   progress : 0.284
name: models.architecture.block_type=simple_cls
training.mode=rollout
models.out_dim=13    avg_loss: 0.000006528887  time_per_window : 0.000148   progress : 0.295
name: models.architecture.block_type=simple_cls
training.mode=rollout
models.out_dim=13    avg_loss: 0.000006324793  time_per_window : 0.000170   progress : 0.306
name: models.architecture.block_type=simple_cls
training.mode=rollout
models.out_dim=13    avg_loss: 0.000006193146  time_per_window : 0.000182   progress : 0.317
name: models.architecture.block_type=simple_cls
training.mode=rollout
models.out_dim=13    avg_loss: 0.000006329070  time_per_window : 0.000130   progress : 0.328
name: models.architecture.block_type=simple_cls
training.mode=rollout
models.out_dim=13    avg_loss: 0.000006274016  time_per_window : 0.000152   progress : 0.339
name: models.architecture.block_type=simple_cls
training.mode=rollout
models.out_dim=13    avg_loss: 0.000006253134  time_per_window : 0.000174   progress : 0.350
name: models.architecture.block_type=simple_cls
training.mode=rollout
models.out_dim=13    avg_loss: 0.000006205484  time_per_window : 0.000165   progress : 0.360
name: models.architecture.block_type=simple_cls
training.mode=rollout
models.out_dim=13    avg_loss: 0.000006182887  time_per_window : 0.000154   progress : 0.371
name: models.architecture.block_type=simple_cls
training.mode=rollout
models.out_dim=13    avg_loss: 0.000006218338  time_per_window : 0.000161   progress : 0.382
name: models.architecture.block_type=simple_cls
training.mode=rollout
models.out_dim=13    avg_loss: 0.000006207736  time_per_window : 0.000162   progress : 0.393
name: models.architecture.block_type=simple_cls
training.mode=rollout
models.out_dim=13    avg_loss: 0.000006359412  time_per_window : 0.000155   progress : 0.404
name: models.architecture.block_type=simple_cls
training.mode=rollout
models.out_dim=13    avg_loss: 0.000006094744  time_per_window : 0.000185   progress : 0.415
name: models.architecture.block_type=simple_cls
training.mode=rollout
models.out_dim=13    avg_loss: 0.000006133211  time_per_window : 0.000145   progress : 0.426
name: models.architecture.block_type=simple_cls
training.mode=rollout
models.out_dim=13    avg_loss: 0.000006125399  time_per_window : 0.000162   progress : 0.437
name: models.architecture.block_type=simple_cls
training.mode=rollout
models.out_dim=13    avg_loss: 0.000006112155  time_per_window : 0.000181   progress : 0.448
name: models.architecture.block_type=simple_cls
training.mode=rollout
models.out_dim=13    avg_loss: 0.000006006328  time_per_window : 0.000170   progress : 0.459
name: models.architecture.block_type=simple_cls
training.mode=rollout
models.out_dim=13    avg_loss: 0.000006114790  time_per_window : 0.000149   progress : 0.470
name: models.architecture.block_type=simple_cls
training.mode=rollout
models.out_dim=13    avg_loss: 0.000005870807  time_per_window : 0.000170   progress : 0.481
name: models.architecture.block_type=simple_cls
training.mode=rollout
models.out_dim=13    avg_loss: 0.000006012564  time_per_window : 0.000169   progress : 0.492
name: models.architecture.block_type=simple_cls
training.mode=rollout
models.out_dim=13    avg_loss: 0.000006119424  time_per_window : 0.000174   progress : 0.502
name: models.architecture.block_type=simple_cls
training.mode=rollout
models.out_dim=13    avg_loss: 0.000005967199  time_per_window : 0.000178   progress : 0.513
name: models.architecture.block_type=simple_cls
training.mode=rollout
models.out_dim=13    avg_loss: 0.000006021465  time_per_window : 0.000159   progress : 0.524
name: models.architecture.block_type=simple_cls
training.mode=rollout
models.out_dim=13    avg_loss: 0.000006025359  time_per_window : 0.000173   progress : 0.535
name: models.architecture.block_type=simple_cls
training.mode=rollout
models.out_dim=13    avg_loss: 0.000005875669  time_per_window : 0.000157   progress : 0.546
name: models.architecture.block_type=simple_cls
training.mode=rollout
models.out_dim=13    avg_loss: 0.000005967984  time_per_window : 0.000164   progress : 0.557
name: models.architecture.block_type=simple_cls
training.mode=rollout
models.out_dim=13    avg_loss: 0.000005870158  time_per_window : 0.000169   progress : 0.568
name: models.architecture.block_type=simple_cls
training.mode=rollout
models.out_dim=13    avg_loss: 0.000006031892  time_per_window : 0.000166   progress : 0.579
name: models.architecture.block_type=simple_cls
training.mode=rollout
models.out_dim=13    avg_loss: 0.000005970431  time_per_window : 0.000180   progress : 0.590
name: models.architecture.block_type=simple_cls
training.mode=rollout
models.out_dim=13    avg_loss: 0.000005855630  time_per_window : 0.000170   progress : 0.601
name: models.architecture.block_type=simple_cls
training.mode=rollout
models.out_dim=13    avg_loss: 0.000005854037  time_per_window : 0.000160   progress : 0.612
name: models.architecture.block_type=simple_cls
training.mode=rollout
models.out_dim=13    avg_loss: 0.000005853810  time_per_window : 0.000162   progress : 0.623
name: models.architecture.block_type=simple_cls
training.mode=rollout
models.out_dim=13    avg_loss: 0.000005841018  time_per_window : 0.000157   progress : 0.634
name: models.architecture.block_type=simple_cls
training.mode=rollout
models.out_dim=13    avg_loss: 0.000005872042  time_per_window : 0.000164   progress : 0.644
name: models.architecture.block_type=simple_cls
training.mode=rollout
models.out_dim=13    avg_loss: 0.000005855316  time_per_window : 0.000178   progress : 0.655
name: models.architecture.block_type=simple_cls
training.mode=rollout
models.out_dim=13    avg_loss: 0.000005930741  time_per_window : 0.000155   progress : 0.666
name: models.architecture.block_type=simple_cls
training.mode=rollout
models.out_dim=13    avg_loss: 0.000005809962  time_per_window : 0.000156   progress : 0.677
name: models.architecture.block_type=simple_cls
training.mode=rollout
models.out_dim=13    avg_loss: 0.000005714862  time_per_window : 0.000165   progress : 0.688
name: models.architecture.block_type=simple_cls
training.mode=rollout
models.out_dim=13    avg_loss: 0.000005936099  time_per_window : 0.000158   progress : 0.699
name: models.architecture.block_type=simple_cls
training.mode=rollout
models.out_dim=13    avg_loss: 0.000005970496  time_per_window : 0.000154   progress : 0.710
name: models.architecture.block_type=simple_cls
training.mode=rollout
models.out_dim=13    avg_loss: 0.000005774364  time_per_window : 0.000163   progress : 0.721
name: models.architecture.block_type=simple_cls
training.mode=rollout
models.out_dim=13    avg_loss: 0.000005914813  time_per_window : 0.000161   progress : 0.732
name: models.architecture.block_type=simple_cls
training.mode=rollout
models.out_dim=13    avg_loss: 0.000005798469  time_per_window : 0.000169   progress : 0.743
name: models.architecture.block_type=simple_cls
training.mode=rollout
models.out_dim=13    avg_loss: 0.000005896554  time_per_window : 0.000170   progress : 0.754
name: models.architecture.block_type=simple_cls
training.mode=rollout
models.out_dim=13    avg_loss: 0.000005815287  time_per_window : 0.000177   progress : 0.765
name: models.architecture.block_type=simple_cls
training.mode=rollout
models.out_dim=13    avg_loss: 0.000006035919  time_per_window : 0.000178   progress : 0.775
name: models.architecture.block_type=simple_cls
training.mode=rollout
models.out_dim=13    avg_loss: 0.000005932633  time_per_window : 0.000165   progress : 0.786
name: models.architecture.block_type=simple_cls
training.mode=rollout
models.out_dim=13    avg_loss: 0.000005849716  time_per_window : 0.000183   progress : 0.797
name: models.architecture.block_type=simple_cls
training.mode=rollout
models.out_dim=13    avg_loss: 0.000005794963  time_per_window : 0.000157   progress : 0.808
name: models.architecture.block_type=simple_cls
training.mode=rollout
models.out_dim=13    avg_loss: 0.000005794214  time_per_window : 0.000172   progress : 0.819
name: models.architecture.block_type=simple_cls
training.mode=rollout
models.out_dim=13    avg_loss: 0.000005878590  time_per_window : 0.000172   progress : 0.830
name: models.architecture.block_type=simple_cls
training.mode=rollout
models.out_dim=13    avg_loss: 0.000005861056  time_per_window : 0.000170   progress : 0.841
name: models.architecture.block_type=simple_cls
training.mode=rollout
models.out_dim=13    avg_loss: 0.000005816616  time_per_window : 0.000172   progress : 0.852
name: models.architecture.block_type=simple_cls
training.mode=rollout
models.out_dim=13    avg_loss: 0.000005828545  time_per_window : 0.000164   progress : 0.863
name: models.architecture.block_type=simple_cls
training.mode=rollout
models.out_dim=13    avg_loss: 0.000005902479  time_per_window : 0.000149   progress : 0.874
name: models.architecture.block_type=simple_cls
training.mode=rollout
models.out_dim=13    avg_loss: 0.000005810081  time_per_window : 0.000193   progress : 0.885
name: models.architecture.block_type=simple_cls
training.mode=rollout
models.out_dim=13    avg_loss: 0.000005751156  time_per_window : 0.000173   progress : 0.896
name: models.architecture.block_type=simple_cls
training.mode=rollout
models.out_dim=13    avg_loss: 0.000005790507  time_per_window : 0.000165   progress : 0.907
name: models.architecture.block_type=simple_cls
training.mode=rollout
models.out_dim=13    avg_loss: 0.000005918287  time_per_window : 0.000147   progress : 0.917
name: models.architecture.block_type=simple_cls
training.mode=rollout
models.out_dim=13    avg_loss: 0.000005803133  time_per_window : 0.000155   progress : 0.928
name: models.architecture.block_type=simple_cls
training.mode=rollout
models.out_dim=13    avg_loss: 0.000005798508  time_per_window : 0.000159   progress : 0.939
name: models.architecture.block_type=simple_cls
training.mode=rollout
models.out_dim=13    avg_loss: 0.000005851517  time_per_window : 0.000155   progress : 0.950
name: models.architecture.block_type=simple_cls
training.mode=rollout
models.out_dim=13    avg_loss: 0.000005793787  time_per_window : 0.000173   progress : 0.961
name: models.architecture.block_type=simple_cls
training.mode=rollout
models.out_dim=13    avg_loss: 0.000005716939  time_per_window : 0.000146   progress : 0.972
name: models.architecture.block_type=simple_cls
training.mode=rollout
models.out_dim=13    avg_loss: 0.000005831200  time_per_window : 0.000206   progress : 0.983
name: models.architecture.block_type=simple_cls
training.mode=rollout
models.out_dim=13    avg_loss: 0.000005770807  time_per_window : 0.000172   progress : 0.994
name: models.architecture.block_type=simple_cls
training.mode=rollout
models.out_dim=13    avg_loss: 0.000006414910  time_per_window : 0.000175   progress : 0.011
name: models.architecture.block_type=simple_cls
training.mode=rollout
models.out_dim=13    avg_loss: 0.000005991964  time_per_window : 0.000154   progress : 0.022
name: models.architecture.block_type=simple_cls
training.mode=rollout
models.out_dim=13    avg_loss: 0.000006043221  time_per_window : 0.000183   progress : 0.033
name: models.architecture.block_type=simple_cls
training.mode=rollout
models.out_dim=13    avg_loss: 0.000005936126  time_per_window : 0.000151   progress : 0.044
name: models.architecture.block_type=simple_cls
training.mode=rollout
models.out_dim=13    avg_loss: 0.000005959250  time_per_window : 0.000175   progress : 0.055
name: models.architecture.block_type=simple_cls
training.mode=rollout
models.out_dim=13    avg_loss: 0.000005976211  time_per_window : 0.000172   progress : 0.066
name: models.architecture.block_type=simple_cls
training.mode=rollout
models.out_dim=13    avg_loss: 0.000005933362  time_per_window : 0.000158   progress : 0.076
name: models.architecture.block_type=simple_cls
training.mode=rollout
models.out_dim=13    avg_loss: 0.000005948547  time_per_window : 0.000172   progress : 0.087
name: models.architecture.block_type=simple_cls
training.mode=rollout
models.out_dim=13    avg_loss: 0.000005799409  time_per_window : 0.000154   progress : 0.098
name: models.architecture.block_type=simple_cls
training.mode=rollout
models.out_dim=13    avg_loss: 0.000005974635  time_per_window : 0.000156   progress : 0.109
name: models.architecture.block_type=simple_cls
training.mode=rollout
models.out_dim=13    avg_loss: 0.000006028002  time_per_window : 0.000164   progress : 0.120
name: models.architecture.block_type=simple_cls
training.mode=rollout
models.out_dim=13    avg_loss: 0.000005891884  time_per_window : 0.000157   progress : 0.131
name: models.architecture.block_type=simple_cls
training.mode=rollout
models.out_dim=13    avg_loss: 0.000005881278  time_per_window : 0.000175   progress : 0.142
name: models.architecture.block_type=simple_cls
training.mode=rollout
models.out_dim=13    avg_loss: 0.000005964622  time_per_window : 0.000157   progress : 0.153
name: models.architecture.block_type=simple_cls
training.mode=rollout
models.out_dim=13    avg_loss: 0.000005934310  time_per_window : 0.000147   progress : 0.164
name: models.architecture.block_type=simple_cls
training.mode=rollout
models.out_dim=13    avg_loss: 0.000005965310  time_per_window : 0.000153   progress : 0.175
name: models.architecture.block_type=simple_cls
training.mode=rollout
models.out_dim=13    avg_loss: 0.000005910319  time_per_window : 0.000173   progress : 0.186
name: models.architecture.block_type=simple_cls
training.mode=rollout
models.out_dim=13    avg_loss: 0.000005873073  time_per_window : 0.000172   progress : 0.197
name: models.architecture.block_type=simple_cls
training.mode=rollout
models.out_dim=13    avg_loss: 0.000005818075  time_per_window : 0.000158   progress : 0.208
name: models.architecture.block_type=simple_cls
training.mode=rollout
models.out_dim=13    avg_loss: 0.000005896165  time_per_window : 0.000173   progress : 0.218
name: models.architecture.block_type=simple_cls
training.mode=rollout
models.out_dim=13    avg_loss: 0.000005925900  time_per_window : 0.000180   progress : 0.229
name: models.architecture.block_type=simple_cls
training.mode=rollout
models.out_dim=13    avg_loss: 0.000005937290  time_per_window : 0.000169   progress : 0.240
name: models.architecture.block_type=simple_cls
training.mode=rollout
models.out_dim=13    avg_loss: 0.000005986305  time_per_window : 0.000142   progress : 0.251
name: models.architecture.block_type=simple_cls
training.mode=rollout
models.out_dim=13    avg_loss: 0.000005969295  time_per_window : 0.000150   progress : 0.262
name: models.architecture.block_type=simple_cls
training.mode=rollout
models.out_dim=13    avg_loss: 0.000005914885  time_per_window : 0.000167   progress : 0.273
name: models.architecture.block_type=simple_cls
training.mode=rollout
models.out_dim=13    avg_loss: 0.000005971060  time_per_window : 0.000167   progress : 0.284
name: models.architecture.block_type=simple_cls
training.mode=rollout
models.out_dim=13    avg_loss: 0.000005913955  time_per_window : 0.000160   progress : 0.295
name: models.architecture.block_type=simple_cls
training.mode=rollout
models.out_dim=13    avg_loss: 0.000005896271  time_per_window : 0.000153   progress : 0.306
name: models.architecture.block_type=simple_cls
training.mode=rollout
models.out_dim=13    avg_loss: 0.000005775564  time_per_window : 0.000158   progress : 0.317
name: models.architecture.block_type=simple_cls
training.mode=rollout
models.out_dim=13    avg_loss: 0.000005926092  time_per_window : 0.000173   progress : 0.328
name: models.architecture.block_type=simple_cls
training.mode=rollout
models.out_dim=13    avg_loss: 0.000005890652  time_per_window : 0.000173   progress : 0.339
name: models.architecture.block_type=simple_cls
training.mode=rollout
models.out_dim=13    avg_loss: 0.000005887704  time_per_window : 0.000180   progress : 0.350
name: models.architecture.block_type=simple_cls
training.mode=rollout
models.out_dim=13    avg_loss: 0.000005900448  time_per_window : 0.000172   progress : 0.360
name: models.architecture.block_type=simple_cls
training.mode=rollout
models.out_dim=13    avg_loss: 0.000005780723  time_per_window : 0.000170   progress : 0.371
name: models.architecture.block_type=simple_cls
training.mode=rollout
models.out_dim=13    avg_loss: 0.000005991196  time_per_window : 0.000163   progress : 0.382
name: models.architecture.block_type=simple_cls
training.mode=rollout
models.out_dim=13    avg_loss: 0.000005882834  time_per_window : 0.000141   progress : 0.393
name: models.architecture.block_type=simple_cls
training.mode=rollout
models.out_dim=13    avg_loss: 0.000005975670  time_per_window : 0.000181   progress : 0.404
name: models.architecture.block_type=simple_cls
training.mode=rollout
models.out_dim=13    avg_loss: 0.000005922111  time_per_window : 0.000174   progress : 0.415
name: models.architecture.block_type=simple_cls
training.mode=rollout
models.out_dim=13    avg_loss: 0.000005854225  time_per_window : 0.000159   progress : 0.426
name: models.architecture.block_type=simple_cls
training.mode=rollout
models.out_dim=13    avg_loss: 0.000005906344  time_per_window : 0.000190   progress : 0.437
name: models.architecture.block_type=simple_cls
training.mode=rollout
models.out_dim=13    avg_loss: 0.000005895803  time_per_window : 0.000171   progress : 0.448
name: models.architecture.block_type=simple_cls
training.mode=rollout
models.out_dim=13    avg_loss: 0.000005806703  time_per_window : 0.000142   progress : 0.459
name: models.architecture.block_type=simple_cls
training.mode=rollout
models.out_dim=13    avg_loss: 0.000005845121  time_per_window : 0.000158   progress : 0.470
name: models.architecture.block_type=simple_cls
training.mode=rollout
models.out_dim=13    avg_loss: 0.000005822889  time_per_window : 0.000144   progress : 0.481
name: models.architecture.block_type=simple_cls
training.mode=rollout
models.out_dim=13    avg_loss: 0.000005845234  time_per_window : 0.000166   progress : 0.492
name: models.architecture.block_type=simple_cls
training.mode=rollout
models.out_dim=13    avg_loss: 0.000005993299  time_per_window : 0.000165   progress : 0.502
name: models.architecture.block_type=simple_cls
training.mode=rollout
models.out_dim=13    avg_loss: 0.000005778045  time_per_window : 0.000161   progress : 0.513
name: models.architecture.block_type=simple_cls
training.mode=rollout
models.out_dim=13    avg_loss: 0.000005903418  time_per_window : 0.000163   progress : 0.524
name: models.architecture.block_type=simple_cls
training.mode=rollout
models.out_dim=13    avg_loss: 0.000005941358  time_per_window : 0.000150   progress : 0.535
name: models.architecture.block_type=simple_cls
training.mode=rollout
models.out_dim=13    avg_loss: 0.000005830162  time_per_window : 0.000159   progress : 0.546
name: models.architecture.block_type=simple_cls
training.mode=rollout
models.out_dim=13    avg_loss: 0.000005999558  time_per_window : 0.000172   progress : 0.557
name: models.architecture.block_type=simple_cls
training.mode=rollout
models.out_dim=13    avg_loss: 0.000005917268  time_per_window : 0.000156   progress : 0.568
name: models.architecture.block_type=simple_cls
training.mode=rollout
models.out_dim=13    avg_loss: 0.000006009457  time_per_window : 0.000168   progress : 0.579
name: models.architecture.block_type=simple_cls
training.mode=rollout
models.out_dim=13    avg_loss: 0.000005956369  time_per_window : 0.000148   progress : 0.590
name: models.architecture.block_type=simple_cls
training.mode=rollout
models.out_dim=13    avg_loss: 0.000005744500  time_per_window : 0.000155   progress : 0.601
name: models.architecture.block_type=simple_cls
training.mode=rollout
models.out_dim=13    avg_loss: 0.000005877803  time_per_window : 0.000155   progress : 0.612
name: models.architecture.block_type=simple_cls
training.mode=rollout
models.out_dim=13    avg_loss: 0.000005906596  time_per_window : 0.000163   progress : 0.623
name: models.architecture.block_type=simple_cls
training.mode=rollout
models.out_dim=13    avg_loss: 0.000005860485  time_per_window : 0.000193   progress : 0.634
name: models.architecture.block_type=simple_cls
training.mode=rollout
models.out_dim=13    avg_loss: 0.000005893632  time_per_window : 0.000183   progress : 0.644
name: models.architecture.block_type=simple_cls
training.mode=rollout
models.out_dim=13    avg_loss: 0.000005917425  time_per_window : 0.000159   progress : 0.655
name: models.architecture.block_type=simple_cls
training.mode=rollout
models.out_dim=13    avg_loss: 0.000005802050  time_per_window : 0.000169   progress : 0.666
name: models.architecture.block_type=simple_cls
training.mode=rollout
models.out_dim=13    avg_loss: 0.000005796327  time_per_window : 0.000148   progress : 0.677
name: models.architecture.block_type=simple_cls
training.mode=rollout
models.out_dim=13    avg_loss: 0.000005796463  time_per_window : 0.000169   progress : 0.688
name: models.architecture.block_type=simple_cls
training.mode=rollout
models.out_dim=13    avg_loss: 0.000005866927  time_per_window : 0.000158   progress : 0.699
name: models.architecture.block_type=simple_cls
training.mode=rollout
models.out_dim=13    avg_loss: 0.000005959511  time_per_window : 0.000194   progress : 0.710
name: models.architecture.block_type=simple_cls
training.mode=rollout
models.out_dim=13    avg_loss: 0.000005759258  time_per_window : 0.000176   progress : 0.721
name: models.architecture.block_type=simple_cls
training.mode=rollout
models.out_dim=13    avg_loss: 0.000005978091  time_per_window : 0.000162   progress : 0.732
name: models.architecture.block_type=simple_cls
training.mode=rollout
models.out_dim=13    avg_loss: 0.000005839789  time_per_window : 0.000165   progress : 0.743
name: models.architecture.block_type=simple_cls
training.mode=rollout
models.out_dim=13    avg_loss: 0.000006051945  time_per_window : 0.000145   progress : 0.754
name: models.architecture.block_type=simple_cls
training.mode=rollout
models.out_dim=13    avg_loss: 0.000005869545  time_per_window : 0.000145   progress : 0.765
name: models.architecture.block_type=simple_cls
training.mode=rollout
models.out_dim=13    avg_loss: 0.000006052308  time_per_window : 0.000137   progress : 0.775
name: models.architecture.block_type=simple_cls
training.mode=rollout
models.out_dim=13    avg_loss: 0.000006020166  time_per_window : 0.000156   progress : 0.786
name: models.architecture.block_type=simple_cls
training.mode=rollout
models.out_dim=13    avg_loss: 0.000005864560  time_per_window : 0.000143   progress : 0.797
name: models.architecture.block_type=simple_cls
training.mode=rollout
models.out_dim=13    avg_loss: 0.000005779948  time_per_window : 0.000145   progress : 0.808
name: models.architecture.block_type=simple_cls
training.mode=rollout
models.out_dim=13    avg_loss: 0.000005911957  time_per_window : 0.000152   progress : 0.819
name: models.architecture.block_type=simple_cls
training.mode=rollout
models.out_dim=13    avg_loss: 0.000005855488  time_per_window : 0.000139   progress : 0.830
name: models.architecture.block_type=simple_cls
training.mode=rollout
models.out_dim=13    avg_loss: 0.000005960179  time_per_window : 0.000162   progress : 0.841
name: models.architecture.block_type=simple_cls
training.mode=rollout
models.out_dim=13    avg_loss: 0.000005883908  time_per_window : 0.000140   progress : 0.852
name: models.architecture.block_type=simple_cls
training.mode=rollout
models.out_dim=13    avg_loss: 0.000005882975  time_per_window : 0.000164   progress : 0.863
name: models.architecture.block_type=simple_cls
training.mode=rollout
models.out_dim=13    avg_loss: 0.000005918984  time_per_window : 0.000144   progress : 0.874
name: models.architecture.block_type=simple_cls
training.mode=rollout
models.out_dim=13    avg_loss: 0.000005892200  time_per_window : 0.000158   progress : 0.885
name: models.architecture.block_type=simple_cls
training.mode=rollout
models.out_dim=13    avg_loss: 0.000005753428  time_per_window : 0.000144   progress : 0.896
name: models.architecture.block_type=simple_cls
training.mode=rollout
models.out_dim=13    avg_loss: 0.000005950922  time_per_window : 0.000144   progress : 0.907
name: models.architecture.block_type=simple_cls
training.mode=rollout
models.out_dim=13    avg_loss: 0.000005914983  time_per_window : 0.000154   progress : 0.917
name: models.architecture.block_type=simple_cls
training.mode=rollout
models.out_dim=13    avg_loss: 0.000005917273  time_per_window : 0.000143   progress : 0.928
name: models.architecture.block_type=simple_cls
training.mode=rollout
models.out_dim=13    avg_loss: 0.000005765040  time_per_window : 0.000148   progress : 0.939
name: models.architecture.block_type=simple_cls
training.mode=rollout
models.out_dim=13    avg_loss: 0.000005943760  time_per_window : 0.000144   progress : 0.950
name: models.architecture.block_type=simple_cls
training.mode=rollout
models.out_dim=13    avg_loss: 0.000005839954  time_per_window : 0.000134   progress : 0.961
name: models.architecture.block_type=simple_cls
training.mode=rollout
models.out_dim=13    avg_loss: 0.000005762061  time_per_window : 0.000145   progress : 0.972
name: models.architecture.block_type=simple_cls
training.mode=rollout
models.out_dim=13    avg_loss: 0.000005883852  time_per_window : 0.000141   progress : 0.983
name: models.architecture.block_type=simple_cls
training.mode=rollout
models.out_dim=13    avg_loss: 0.000005805569  time_per_window : 0.000140   progress : 0.994
DONE!!!
