/home/jdihardjo/miniconda3/envs/mavenv/lib/python3.11/site-packages/hydra/_internal/defaults_list.py:251: UserWarning: In 'config': Defaults list is missing `_self_`. See https://hydra.cc/docs/1.2/upgrades/1.0_to_1.1/default_composition_order for more information
  warnings.warn(msg, UserWarning)
Using cuda:0 device
[2026-07-23 15:21:35,440][HYDRA] Joblib.Parallel(n_jobs=4,backend=loky,prefer=processes,require=None,verbose=0,timeout=None,pre_dispatch=2*n_jobs,batch_size=auto,temp_folder=None,max_nbytes=None,mmap_mode=r) is launching 1 jobs
[2026-07-23 15:21:35,440][HYDRA] Launching jobs, sweep output dir : ablation_runs/2026-07-23_15-21-30/simple_cls_gml_rollout
[2026-07-23 15:21:35,440][HYDRA] 	#0 : models.architecture.block_type=simple_cls training.mode=gml_rollout
/home/jdihardjo/miniconda3/envs/mavenv/lib/python3.11/site-packages/hydra/_internal/defaults_list.py:251: UserWarning: In 'config': Defaults list is missing `_self_`. See https://hydra.cc/docs/1.2/upgrades/1.0_to_1.1/default_composition_order for more information
  warnings.warn(msg, UserWarning)
models:
  n_dim: 23
  out_dim: 10
  architecture:
    d_model: 128
    n_encoder_layers: 2
    n_decoder_layers: 0
    block_type: simple_cls
    time_adapter: last_token
    in_norm: none
    out_norm: none
    layer_scale: 0.0001
    drop_path: 0.05
    mamba_type: mamba
    mamba_kwargs:
      d_state: 16
      d_conv: 2
      expand: 2
      norm: rms
    skip: false
    cls_kwargs:
      n_heads: 2
      n_mlp: 2
      positional_encoding: false
      max_len: 5000
input_len: 32
output_len: 1
batch_size: 128
epochs: 5
seed: 0
dataset:
  path: /home/jdihardjo/simdata/train.zarr/
  training_size: 1500000
evaluation:
  path: /home/jdihardjo/simdata/evaluation.zarr/
  evaluation_size: 50
training:
  mode: gml_rollout
  lr: 0.0002
  weight_decay: 0.1
  rollout_steps: 16
checkpoint:
  save_path: hydra-test.pth
  load: false
  path: hydra-test.pth
compile: true

/home/jdihardjo/miniconda3/envs/mavenv/lib/python3.11/site-packages/torch/_inductor/cudagraph_trees.py:2622: UserWarning: Unable to hit fast path of CUDAGraphs because outputs from a previous step still require backward. Ensure backward() is invoked or detach outputs. You may also call torch.compiler.cudagraph_mark_step_begin() before each model invocation.
  warnings.warn(
name: models.architecture.block_type=simple_cls
training.mode=gml_rollout    avg_loss: 0.000086951375  time_per_window : 0.000164   progress : 0.011
name: models.architecture.block_type=simple_cls
training.mode=gml_rollout    avg_loss: 0.000000390732  time_per_window : 0.000179   progress : 0.022
name: models.architecture.block_type=simple_cls
training.mode=gml_rollout    avg_loss: 0.000000268409  time_per_window : 0.000160   progress : 0.033
name: models.architecture.block_type=simple_cls
training.mode=gml_rollout    avg_loss: 0.000000226306  time_per_window : 0.000164   progress : 0.044
name: models.architecture.block_type=simple_cls
training.mode=gml_rollout    avg_loss: 0.000000185593  time_per_window : 0.000163   progress : 0.055
name: models.architecture.block_type=simple_cls
training.mode=gml_rollout    avg_loss: 0.000000160323  time_per_window : 0.000156   progress : 0.066
name: models.architecture.block_type=simple_cls
training.mode=gml_rollout    avg_loss: 0.000000143350  time_per_window : 0.000162   progress : 0.076
name: models.architecture.block_type=simple_cls
training.mode=gml_rollout    avg_loss: 0.000000125381  time_per_window : 0.000150   progress : 0.087
name: models.architecture.block_type=simple_cls
training.mode=gml_rollout    avg_loss: 0.000000115027  time_per_window : 0.000174   progress : 0.098
name: models.architecture.block_type=simple_cls
training.mode=gml_rollout    avg_loss: 0.000000107777  time_per_window : 0.000178   progress : 0.109
name: models.architecture.block_type=simple_cls
training.mode=gml_rollout    avg_loss: 0.000000113240  time_per_window : 0.000174   progress : 0.120
name: models.architecture.block_type=simple_cls
training.mode=gml_rollout    avg_loss: 0.000000093385  time_per_window : 0.000147   progress : 0.131
name: models.architecture.block_type=simple_cls
training.mode=gml_rollout    avg_loss: 0.000000154969  time_per_window : 0.000194   progress : 0.142
name: models.architecture.block_type=simple_cls
training.mode=gml_rollout    avg_loss: 0.000000130655  time_per_window : 0.000173   progress : 0.153
name: models.architecture.block_type=simple_cls
training.mode=gml_rollout    avg_loss: 0.000000156087  time_per_window : 0.000146   progress : 0.164
name: models.architecture.block_type=simple_cls
training.mode=gml_rollout    avg_loss: 0.000000138300  time_per_window : 0.000201   progress : 0.175
name: models.architecture.block_type=simple_cls
training.mode=gml_rollout    avg_loss: 0.000000167056  time_per_window : 0.000157   progress : 0.186
name: models.architecture.block_type=simple_cls
training.mode=gml_rollout    avg_loss: 0.000000167120  time_per_window : 0.000186   progress : 0.197
name: models.architecture.block_type=simple_cls
training.mode=gml_rollout    avg_loss: 0.000000133800  time_per_window : 0.000171   progress : 0.208
name: models.architecture.block_type=simple_cls
training.mode=gml_rollout    avg_loss: 0.000000139285  time_per_window : 0.000170   progress : 0.218
name: models.architecture.block_type=simple_cls
training.mode=gml_rollout    avg_loss: 0.000000138342  time_per_window : 0.000167   progress : 0.229
name: models.architecture.block_type=simple_cls
training.mode=gml_rollout    avg_loss: 0.000000147640  time_per_window : 0.000165   progress : 0.240
name: models.architecture.block_type=simple_cls
training.mode=gml_rollout    avg_loss: 0.000000141095  time_per_window : 0.000170   progress : 0.251
name: models.architecture.block_type=simple_cls
training.mode=gml_rollout    avg_loss: 0.000000122155  time_per_window : 0.000174   progress : 0.262
name: models.architecture.block_type=simple_cls
training.mode=gml_rollout    avg_loss: 0.000000151865  time_per_window : 0.000171   progress : 0.273
name: models.architecture.block_type=simple_cls
training.mode=gml_rollout    avg_loss: 0.000000131973  time_per_window : 0.000171   progress : 0.284
name: models.architecture.block_type=simple_cls
training.mode=gml_rollout    avg_loss: 0.000000119249  time_per_window : 0.000170   progress : 0.295
name: models.architecture.block_type=simple_cls
training.mode=gml_rollout    avg_loss: 0.000000179138  time_per_window : 0.000172   progress : 0.306
name: models.architecture.block_type=simple_cls
training.mode=gml_rollout    avg_loss: 0.000000093786  time_per_window : 0.000185   progress : 0.317
name: models.architecture.block_type=simple_cls
training.mode=gml_rollout    avg_loss: 0.000000117024  time_per_window : 0.000173   progress : 0.328
name: models.architecture.block_type=simple_cls
training.mode=gml_rollout    avg_loss: 0.000000148641  time_per_window : 0.000195   progress : 0.339
name: models.architecture.block_type=simple_cls
training.mode=gml_rollout    avg_loss: 0.000000110691  time_per_window : 0.000158   progress : 0.350
name: models.architecture.block_type=simple_cls
training.mode=gml_rollout    avg_loss: 0.000000132699  time_per_window : 0.000191   progress : 0.360
name: models.architecture.block_type=simple_cls
training.mode=gml_rollout    avg_loss: 0.000000136978  time_per_window : 0.000157   progress : 0.371
name: models.architecture.block_type=simple_cls
training.mode=gml_rollout    avg_loss: 0.000000125503  time_per_window : 0.000198   progress : 0.382
name: models.architecture.block_type=simple_cls
training.mode=gml_rollout    avg_loss: 0.000000114768  time_per_window : 0.000176   progress : 0.393
name: models.architecture.block_type=simple_cls
training.mode=gml_rollout    avg_loss: 0.000000119565  time_per_window : 0.000172   progress : 0.404
name: models.architecture.block_type=simple_cls
training.mode=gml_rollout    avg_loss: 0.000000131021  time_per_window : 0.000172   progress : 0.415
name: models.architecture.block_type=simple_cls
training.mode=gml_rollout    avg_loss: 0.000000106009  time_per_window : 0.000152   progress : 0.426
name: models.architecture.block_type=simple_cls
training.mode=gml_rollout    avg_loss: 0.000000120155  time_per_window : 0.000161   progress : 0.437
name: models.architecture.block_type=simple_cls
training.mode=gml_rollout    avg_loss: 0.000000122785  time_per_window : 0.000202   progress : 0.448
name: models.architecture.block_type=simple_cls
training.mode=gml_rollout    avg_loss: 0.000000094829  time_per_window : 0.000165   progress : 0.459
name: models.architecture.block_type=simple_cls
training.mode=gml_rollout    avg_loss: 0.000000117718  time_per_window : 0.000167   progress : 0.470
name: models.architecture.block_type=simple_cls
training.mode=gml_rollout    avg_loss: 0.000000098842  time_per_window : 0.000180   progress : 0.481
name: models.architecture.block_type=simple_cls
training.mode=gml_rollout    avg_loss: 0.000000118130  time_per_window : 0.000200   progress : 0.492
name: models.architecture.block_type=simple_cls
training.mode=gml_rollout    avg_loss: 0.000000099961  time_per_window : 0.000175   progress : 0.502
name: models.architecture.block_type=simple_cls
training.mode=gml_rollout    avg_loss: 0.000000109444  time_per_window : 0.000193   progress : 0.513
name: models.architecture.block_type=simple_cls
training.mode=gml_rollout    avg_loss: 0.000000102245  time_per_window : 0.000174   progress : 0.524
name: models.architecture.block_type=simple_cls
training.mode=gml_rollout    avg_loss: 0.000000110750  time_per_window : 0.000143   progress : 0.535
name: models.architecture.block_type=simple_cls
training.mode=gml_rollout    avg_loss: 0.000000088185  time_per_window : 0.000184   progress : 0.546
name: models.architecture.block_type=simple_cls
training.mode=gml_rollout    avg_loss: 0.000000112387  time_per_window : 0.000174   progress : 0.557
name: models.architecture.block_type=simple_cls
training.mode=gml_rollout    avg_loss: 0.000000080376  time_per_window : 0.000211   progress : 0.568
name: models.architecture.block_type=simple_cls
training.mode=gml_rollout    avg_loss: 0.000000108335  time_per_window : 0.000222   progress : 0.579
name: models.architecture.block_type=simple_cls
training.mode=gml_rollout    avg_loss: 0.000000092130  time_per_window : 0.000187   progress : 0.590
name: models.architecture.block_type=simple_cls
training.mode=gml_rollout    avg_loss: 0.000000085111  time_per_window : 0.000166   progress : 0.601/home/jdihardjo/miniconda3/envs/mavenv/lib/python3.11/site-packages/torch/_inductor/cudagraph_trees.py:2622: UserWarning: Unable to hit fast path of CUDAGraphs because outputs from a previous step still require backward. Ensure backward() is invoked or detach outputs. You may also call torch.compiler.cudagraph_mark_step_begin() before each model invocation.
  warnings.warn(
/home/jdihardjo/miniconda3/envs/mavenv/lib/python3.11/site-packages/torch/_inductor/cudagraph_trees.py:2622: UserWarning: Unable to hit fast path of CUDAGraphs because outputs from a previous step still require backward. Ensure backward() is invoked or detach outputs. You may also call torch.compiler.cudagraph_mark_step_begin() before each model invocation.
  warnings.warn(

name: models.architecture.block_type=simple_cls
training.mode=gml_rollout    avg_loss: 0.000000084799  time_per_window : 0.000164   progress : 0.612
name: models.architecture.block_type=simple_cls
training.mode=gml_rollout    avg_loss: 0.000000087501  time_per_window : 0.000174   progress : 0.623
name: models.architecture.block_type=simple_cls
training.mode=gml_rollout    avg_loss: 0.000000093919  time_per_window : 0.000180   progress : 0.634
name: models.architecture.block_type=simple_cls
training.mode=gml_rollout    avg_loss: 0.000000082492  time_per_window : 0.000198   progress : 0.644
name: models.architecture.block_type=simple_cls
training.mode=gml_rollout    avg_loss: 0.000000084996  time_per_window : 0.000172   progress : 0.655
name: models.architecture.block_type=simple_cls
training.mode=gml_rollout    avg_loss: 0.000000087274  time_per_window : 0.000180   progress : 0.666
name: models.architecture.block_type=simple_cls
training.mode=gml_rollout    avg_loss: 0.000000082292  time_per_window : 0.000167   progress : 0.677
name: models.architecture.block_type=simple_cls
training.mode=gml_rollout    avg_loss: 0.000000080252  time_per_window : 0.000179   progress : 0.688
name: models.architecture.block_type=simple_cls
training.mode=gml_rollout    avg_loss: 0.000000083401  time_per_window : 0.000181   progress : 0.699
name: models.architecture.block_type=simple_cls
training.mode=gml_rollout    avg_loss: 0.000000077314  time_per_window : 0.000183   progress : 0.710
name: models.architecture.block_type=simple_cls
training.mode=gml_rollout    avg_loss: 0.000000088218  time_per_window : 0.000172   progress : 0.721
name: models.architecture.block_type=simple_cls
training.mode=gml_rollout    avg_loss: 0.000000078848  time_per_window : 0.000196   progress : 0.732
name: models.architecture.block_type=simple_cls
training.mode=gml_rollout    avg_loss: 0.000000077052  time_per_window : 0.000184   progress : 0.743
name: models.architecture.block_type=simple_cls
training.mode=gml_rollout    avg_loss: 0.000000074208  time_per_window : 0.000194   progress : 0.754
name: models.architecture.block_type=simple_cls
training.mode=gml_rollout    avg_loss: 0.000000071042  time_per_window : 0.000184   progress : 0.765
name: models.architecture.block_type=simple_cls
training.mode=gml_rollout    avg_loss: 0.000000087122  time_per_window : 0.000175   progress : 0.775
name: models.architecture.block_type=simple_cls
training.mode=gml_rollout    avg_loss: 0.000000072756  time_per_window : 0.000169   progress : 0.786
name: models.architecture.block_type=simple_cls
training.mode=gml_rollout    avg_loss: 0.000000073782  time_per_window : 0.000190   progress : 0.797
name: models.architecture.block_type=simple_cls
training.mode=gml_rollout    avg_loss: 0.000000065255  time_per_window : 0.000181   progress : 0.808
name: models.architecture.block_type=simple_cls
training.mode=gml_rollout    avg_loss: 0.000000070566  time_per_window : 0.000197   progress : 0.819
name: models.architecture.block_type=simple_cls
training.mode=gml_rollout    avg_loss: 0.000000067825  time_per_window : 0.000188   progress : 0.830
name: models.architecture.block_type=simple_cls
training.mode=gml_rollout    avg_loss: 0.000000062867  time_per_window : 0.000177   progress : 0.841
name: models.architecture.block_type=simple_cls
training.mode=gml_rollout    avg_loss: 0.000000069502  time_per_window : 0.000189   progress : 0.852
name: models.architecture.block_type=simple_cls
training.mode=gml_rollout    avg_loss: 0.000000068186  time_per_window : 0.000191   progress : 0.863
name: models.architecture.block_type=simple_cls
training.mode=gml_rollout    avg_loss: 0.000000077686  time_per_window : 0.000176   progress : 0.874
name: models.architecture.block_type=simple_cls
training.mode=gml_rollout    avg_loss: 0.000000060707  time_per_window : 0.000173   progress : 0.885
name: models.architecture.block_type=simple_cls
training.mode=gml_rollout    avg_loss: 0.000000058351  time_per_window : 0.000195   progress : 0.896
name: models.architecture.block_type=simple_cls
training.mode=gml_rollout    avg_loss: 0.000000064386  time_per_window : 0.000208   progress : 0.907
name: models.architecture.block_type=simple_cls
training.mode=gml_rollout    avg_loss: 0.000000068727  time_per_window : 0.000182   progress : 0.917
name: models.architecture.block_type=simple_cls
training.mode=gml_rollout    avg_loss: 0.000000064932  time_per_window : 0.000182   progress : 0.928
name: models.architecture.block_type=simple_cls
training.mode=gml_rollout    avg_loss: 0.000000060523  time_per_window : 0.000172   progress : 0.939
name: models.architecture.block_type=simple_cls
training.mode=gml_rollout    avg_loss: 0.000000061020  time_per_window : 0.000167   progress : 0.950
name: models.architecture.block_type=simple_cls
training.mode=gml_rollout    avg_loss: 0.000000058312  time_per_window : 0.000186   progress : 0.961
name: models.architecture.block_type=simple_cls
training.mode=gml_rollout    avg_loss: 0.000000066141  time_per_window : 0.000180   progress : 0.972
name: models.architecture.block_type=simple_cls
training.mode=gml_rollout    avg_loss: 0.000000054121  time_per_window : 0.000174   progress : 0.983
name: models.architecture.block_type=simple_cls
training.mode=gml_rollout    avg_loss: 0.000000060544  time_per_window : 0.000197   progress : 0.994
name: models.architecture.block_type=simple_cls
training.mode=gml_rollout    avg_loss: 0.000000142787  time_per_window : 0.000199   progress : 0.011
name: models.architecture.block_type=simple_cls
training.mode=gml_rollout    avg_loss: 0.000000054968  time_per_window : 0.000235   progress : 0.022
name: models.architecture.block_type=simple_cls
training.mode=gml_rollout    avg_loss: 0.000000054438  time_per_window : 0.000193   progress : 0.033
name: models.architecture.block_type=simple_cls
training.mode=gml_rollout    avg_loss: 0.000000062041  time_per_window : 0.000275   progress : 0.044
name: models.architecture.block_type=simple_cls
training.mode=gml_rollout    avg_loss: 0.000000058640  time_per_window : 0.000192   progress : 0.055
name: models.architecture.block_type=simple_cls
training.mode=gml_rollout    avg_loss: 0.000000063740  time_per_window : 0.000232   progress : 0.066
name: models.architecture.block_type=simple_cls
training.mode=gml_rollout    avg_loss: 0.000000061035  time_per_window : 0.000250   progress : 0.076
name: models.architecture.block_type=simple_cls
training.mode=gml_rollout    avg_loss: 0.000000058484  time_per_window : 0.000247   progress : 0.087
name: models.architecture.block_type=simple_cls
training.mode=gml_rollout    avg_loss: 0.000000054582  time_per_window : 0.000238   progress : 0.098
name: models.architecture.block_type=simple_cls
training.mode=gml_rollout    avg_loss: 0.000000062851  time_per_window : 0.000228   progress : 0.109
name: models.architecture.block_type=simple_cls
training.mode=gml_rollout    avg_loss: 0.000000054583  time_per_window : 0.000216   progress : 0.120
name: models.architecture.block_type=simple_cls
training.mode=gml_rollout    avg_loss: 0.000000053194  time_per_window : 0.000213   progress : 0.131
name: models.architecture.block_type=simple_cls
training.mode=gml_rollout    avg_loss: 0.000000058247  time_per_window : 0.000171   progress : 0.142
name: models.architecture.block_type=simple_cls
training.mode=gml_rollout    avg_loss: 0.000000061472  time_per_window : 0.000231   progress : 0.153
name: models.architecture.block_type=simple_cls
training.mode=gml_rollout    avg_loss: 0.000000052728  time_per_window : 0.000224   progress : 0.164
name: models.architecture.block_type=simple_cls
training.mode=gml_rollout    avg_loss: 0.000000051801  time_per_window : 0.000221   progress : 0.175
name: models.architecture.block_type=simple_cls
training.mode=gml_rollout    avg_loss: 0.000000055994  time_per_window : 0.000173   progress : 0.186
name: models.architecture.block_type=simple_cls
training.mode=gml_rollout    avg_loss: 0.000000050914  time_per_window : 0.000193   progress : 0.197
name: models.architecture.block_type=simple_cls
training.mode=gml_rollout    avg_loss: 0.000000050359  time_per_window : 0.000201   progress : 0.208
name: models.architecture.block_type=simple_cls
training.mode=gml_rollout    avg_loss: 0.000000054503  time_per_window : 0.000241   progress : 0.218
name: models.architecture.block_type=simple_cls
training.mode=gml_rollout    avg_loss: 0.000000050519  time_per_window : 0.000214   progress : 0.229
name: models.architecture.block_type=simple_cls
training.mode=gml_rollout    avg_loss: 0.000000048510  time_per_window : 0.000236   progress : 0.240
name: models.architecture.block_type=simple_cls
training.mode=gml_rollout    avg_loss: 0.000000052324  time_per_window : 0.000233   progress : 0.251
name: models.architecture.block_type=simple_cls
training.mode=gml_rollout    avg_loss: 0.000000047755  time_per_window : 0.000216   progress : 0.262
name: models.architecture.block_type=simple_cls
training.mode=gml_rollout    avg_loss: 0.000000046942  time_per_window : 0.000188   progress : 0.273
name: models.architecture.block_type=simple_cls
training.mode=gml_rollout    avg_loss: 0.000000051974  time_per_window : 0.000210   progress : 0.284
name: models.architecture.block_type=simple_cls
training.mode=gml_rollout    avg_loss: 0.000000046627  time_per_window : 0.000193   progress : 0.295
name: models.architecture.block_type=simple_cls
training.mode=gml_rollout    avg_loss: 0.000000045579  time_per_window : 0.000177   progress : 0.306
name: models.architecture.block_type=simple_cls
training.mode=gml_rollout    avg_loss: 0.000000049766  time_per_window : 0.000175   progress : 0.317
name: models.architecture.block_type=simple_cls
training.mode=gml_rollout    avg_loss: 0.000000044524  time_per_window : 0.000206   progress : 0.328
name: models.architecture.block_type=simple_cls
training.mode=gml_rollout    avg_loss: 0.000000046776  time_per_window : 0.000174   progress : 0.339
name: models.architecture.block_type=simple_cls
training.mode=gml_rollout    avg_loss: 0.000000045969  time_per_window : 0.000227   progress : 0.350
name: models.architecture.block_type=simple_cls
training.mode=gml_rollout    avg_loss: 0.000000041509  time_per_window : 0.000222   progress : 0.360
name: models.architecture.block_type=simple_cls
training.mode=gml_rollout    avg_loss: 0.000000047373  time_per_window : 0.000179   progress : 0.371
name: models.architecture.block_type=simple_cls
training.mode=gml_rollout    avg_loss: 0.000000043057  time_per_window : 0.000190   progress : 0.382
name: models.architecture.block_type=simple_cls
training.mode=gml_rollout    avg_loss: 0.000000044532  time_per_window : 0.000228   progress : 0.393
name: models.architecture.block_type=simple_cls
training.mode=gml_rollout    avg_loss: 0.000000046386  time_per_window : 0.000240   progress : 0.404
name: models.architecture.block_type=simple_cls
training.mode=gml_rollout    avg_loss: 0.000000039224  time_per_window : 0.000192   progress : 0.415
name: models.architecture.block_type=simple_cls
training.mode=gml_rollout    avg_loss: 0.000000041156  time_per_window : 0.000197   progress : 0.426
name: models.architecture.block_type=simple_cls
training.mode=gml_rollout    avg_loss: 0.000000045824  time_per_window : 0.000236   progress : 0.437
name: models.architecture.block_type=simple_cls
training.mode=gml_rollout    avg_loss: 0.000000043964  time_per_window : 0.000189   progress : 0.448
name: models.architecture.block_type=simple_cls
training.mode=gml_rollout    avg_loss: 0.000000037942  time_per_window : 0.000185   progress : 0.459
name: models.architecture.block_type=simple_cls
training.mode=gml_rollout    avg_loss: 0.000000043701  time_per_window : 0.000177   progress : 0.470
name: models.architecture.block_type=simple_cls
training.mode=gml_rollout    avg_loss: 0.000000044311  time_per_window : 0.000221   progress : 0.481
name: models.architecture.block_type=simple_cls
training.mode=gml_rollout    avg_loss: 0.000000042589  time_per_window : 0.000194   progress : 0.492
name: models.architecture.block_type=simple_cls
training.mode=gml_rollout    avg_loss: 0.000000043498  time_per_window : 0.000192   progress : 0.502
name: models.architecture.block_type=simple_cls
training.mode=gml_rollout    avg_loss: 0.000000040333  time_per_window : 0.000240   progress : 0.513
name: models.architecture.block_type=simple_cls
training.mode=gml_rollout    avg_loss: 0.000000038386  time_per_window : 0.000265   progress : 0.524
name: models.architecture.block_type=simple_cls
training.mode=gml_rollout    avg_loss: 0.000000041068  time_per_window : 0.000186   progress : 0.535
name: models.architecture.block_type=simple_cls
training.mode=gml_rollout    avg_loss: 0.000000039564  time_per_window : 0.000205   progress : 0.546
name: models.architecture.block_type=simple_cls
training.mode=gml_rollout    avg_loss: 0.000000041465  time_per_window : 0.000181   progress : 0.557
name: models.architecture.block_type=simple_cls
training.mode=gml_rollout    avg_loss: 0.000000037310  time_per_window : 0.000237   progress : 0.568
name: models.architecture.block_type=simple_cls
training.mode=gml_rollout    avg_loss: 0.000000037637  time_per_window : 0.000192   progress : 0.579
name: models.architecture.block_type=simple_cls
training.mode=gml_rollout    avg_loss: 0.000000035298  time_per_window : 0.000239   progress : 0.590
name: models.architecture.block_type=simple_cls
training.mode=gml_rollout    avg_loss: 0.000000036748  time_per_window : 0.000195   progress : 0.601
name: models.architecture.block_type=simple_cls
training.mode=gml_rollout    avg_loss: 0.000000040486  time_per_window : 0.000172   progress : 0.612
name: models.architecture.block_type=simple_cls
training.mode=gml_rollout    avg_loss: 0.000000035743  time_per_window : 0.000175   progress : 0.623
name: models.architecture.block_type=simple_cls
training.mode=gml_rollout    avg_loss: 0.000000035340  time_per_window : 0.000208   progress : 0.634
name: models.architecture.block_type=simple_cls
training.mode=gml_rollout    avg_loss: 0.000000038509  time_per_window : 0.000212   progress : 0.644
name: models.architecture.block_type=simple_cls
training.mode=gml_rollout    avg_loss: 0.000000037073  time_per_window : 0.000234   progress : 0.655
name: models.architecture.block_type=simple_cls
training.mode=gml_rollout    avg_loss: 0.000000035444  time_per_window : 0.000176   progress : 0.666
name: models.architecture.block_type=simple_cls
training.mode=gml_rollout    avg_loss: 0.000000040010  time_per_window : 0.000229   progress : 0.677
name: models.architecture.block_type=simple_cls
training.mode=gml_rollout    avg_loss: 0.000000031420  time_per_window : 0.000172   progress : 0.688
name: models.architecture.block_type=simple_cls
training.mode=gml_rollout    avg_loss: 0.000000032489  time_per_window : 0.000216   progress : 0.699
name: models.architecture.block_type=simple_cls
training.mode=gml_rollout    avg_loss: 0.000000033709  time_per_window : 0.000179   progress : 0.710
name: models.architecture.block_type=simple_cls
training.mode=gml_rollout    avg_loss: 0.000000034633  time_per_window : 0.000209   progress : 0.721
name: models.architecture.block_type=simple_cls
training.mode=gml_rollout    avg_loss: 0.000000036042  time_per_window : 0.000214   progress : 0.732
name: models.architecture.block_type=simple_cls
training.mode=gml_rollout    avg_loss: 0.000000031681  time_per_window : 0.000219   progress : 0.743
name: models.architecture.block_type=simple_cls
training.mode=gml_rollout    avg_loss: 0.000000036051  time_per_window : 0.000221   progress : 0.754
name: models.architecture.block_type=simple_cls
training.mode=gml_rollout    avg_loss: 0.000000033342  time_per_window : 0.000229   progress : 0.765
name: models.architecture.block_type=simple_cls
training.mode=gml_rollout    avg_loss: 0.000000035887  time_per_window : 0.000242   progress : 0.775
name: models.architecture.block_type=simple_cls
training.mode=gml_rollout    avg_loss: 0.000000040152  time_per_window : 0.000246   progress : 0.786
name: models.architecture.block_type=simple_cls
training.mode=gml_rollout    avg_loss: 0.000000031376  time_per_window : 0.000238   progress : 0.797
name: models.architecture.block_type=simple_cls
training.mode=gml_rollout    avg_loss: 0.000000033070  time_per_window : 0.000243   progress : 0.808
name: models.architecture.block_type=simple_cls
training.mode=gml_rollout    avg_loss: 0.000000030879  time_per_window : 0.000230   progress : 0.819
name: models.architecture.block_type=simple_cls
training.mode=gml_rollout    avg_loss: 0.000000030958  time_per_window : 0.000238   progress : 0.830
name: models.architecture.block_type=simple_cls
training.mode=gml_rollout    avg_loss: 0.000000033686  time_per_window : 0.000251   progress : 0.841
name: models.architecture.block_type=simple_cls
training.mode=gml_rollout    avg_loss: 0.000000033465  time_per_window : 0.000252   progress : 0.852
name: models.architecture.block_type=simple_cls
training.mode=gml_rollout    avg_loss: 0.000000037450  time_per_window : 0.000274   progress : 0.863
name: models.architecture.block_type=simple_cls
training.mode=gml_rollout    avg_loss: 0.000000033828  time_per_window : 0.000253   progress : 0.874
name: models.architecture.block_type=simple_cls
training.mode=gml_rollout    avg_loss: 0.000000032350  time_per_window : 0.000257   progress : 0.885
name: models.architecture.block_type=simple_cls
training.mode=gml_rollout    avg_loss: 0.000000028419  time_per_window : 0.000261   progress : 0.896
name: models.architecture.block_type=simple_cls
training.mode=gml_rollout    avg_loss: 0.000000033893  time_per_window : 0.000247   progress : 0.907
name: models.architecture.block_type=simple_cls
training.mode=gml_rollout    avg_loss: 0.000000032580  time_per_window : 0.000270   progress : 0.917
name: models.architecture.block_type=simple_cls
training.mode=gml_rollout    avg_loss: 0.000000031684  time_per_window : 0.000275   progress : 0.928
name: models.architecture.block_type=simple_cls
training.mode=gml_rollout    avg_loss: 0.000000031675  time_per_window : 0.000263   progress : 0.939
name: models.architecture.block_type=simple_cls
training.mode=gml_rollout    avg_loss: 0.000000034051  time_per_window : 0.000240   progress : 0.950
name: models.architecture.block_type=simple_cls
training.mode=gml_rollout    avg_loss: 0.000000029965  time_per_window : 0.000262   progress : 0.961
name: models.architecture.block_type=simple_cls
training.mode=gml_rollout    avg_loss: 0.000000035227  time_per_window : 0.000245   progress : 0.972
name: models.architecture.block_type=simple_cls
training.mode=gml_rollout    avg_loss: 0.000000031016  time_per_window : 0.000242   progress : 0.983
name: models.architecture.block_type=simple_cls
training.mode=gml_rollout    avg_loss: 0.000000028506  time_per_window : 0.000250   progress : 0.994
name: models.architecture.block_type=simple_cls
training.mode=gml_rollout    avg_loss: 0.000002780825  time_per_window : 0.000239   progress : 0.011
name: models.architecture.block_type=simple_cls
training.mode=gml_rollout    avg_loss: 0.000000651040  time_per_window : 0.000256   progress : 0.022
name: models.architecture.block_type=simple_cls
training.mode=gml_rollout    avg_loss: 0.000000380580  time_per_window : 0.000259   progress : 0.033
name: models.architecture.block_type=simple_cls
training.mode=gml_rollout    avg_loss: 0.000000260672  time_per_window : 0.000249   progress : 0.044
name: models.architecture.block_type=simple_cls
training.mode=gml_rollout    avg_loss: 0.000000245349  time_per_window : 0.000239   progress : 0.055
name: models.architecture.block_type=simple_cls
training.mode=gml_rollout    avg_loss: 0.000000182842  time_per_window : 0.000247   progress : 0.066
name: models.architecture.block_type=simple_cls
training.mode=gml_rollout    avg_loss: 0.000000174028  time_per_window : 0.000240   progress : 0.076
name: models.architecture.block_type=simple_cls
training.mode=gml_rollout    avg_loss: 0.000000152305  time_per_window : 0.000249   progress : 0.087
name: models.architecture.block_type=simple_cls
training.mode=gml_rollout    avg_loss: 0.000000142004  time_per_window : 0.000241   progress : 0.098
name: models.architecture.block_type=simple_cls
training.mode=gml_rollout    avg_loss: 0.000000147668  time_per_window : 0.000324   progress : 0.109
name: models.architecture.block_type=simple_cls
training.mode=gml_rollout    avg_loss: 0.000000158977  time_per_window : 0.000249   progress : 0.120
name: models.architecture.block_type=simple_cls
training.mode=gml_rollout    avg_loss: 0.000000125453  time_per_window : 0.000266   progress : 0.131
name: models.architecture.block_type=simple_cls
training.mode=gml_rollout    avg_loss: 0.000000130930  time_per_window : 0.000246   progress : 0.142
name: models.architecture.block_type=simple_cls
training.mode=gml_rollout    avg_loss: 0.000000134272  time_per_window : 0.000240   progress : 0.153
name: models.architecture.block_type=simple_cls
training.mode=gml_rollout    avg_loss: 0.000000146473  time_per_window : 0.000238   progress : 0.164
name: models.architecture.block_type=simple_cls
training.mode=gml_rollout    avg_loss: 0.000000113336  time_per_window : 0.000246   progress : 0.175
name: models.architecture.block_type=simple_cls
training.mode=gml_rollout    avg_loss: 0.000000129299  time_per_window : 0.000257   progress : 0.186
name: models.architecture.block_type=simple_cls
training.mode=gml_rollout    avg_loss: 0.000000122349  time_per_window : 0.000251   progress : 0.197
name: models.architecture.block_type=simple_cls
training.mode=gml_rollout    avg_loss: 0.000000117691  time_per_window : 0.000257   progress : 0.208
name: models.architecture.block_type=simple_cls
training.mode=gml_rollout    avg_loss: 0.000000114816  time_per_window : 0.000258   progress : 0.218
name: models.architecture.block_type=simple_cls
training.mode=gml_rollout    avg_loss: 0.000000133810  time_per_window : 0.000257   progress : 0.229
name: models.architecture.block_type=simple_cls
training.mode=gml_rollout    avg_loss: 0.000000107690  time_per_window : 0.000278   progress : 0.240
name: models.architecture.block_type=simple_cls
training.mode=gml_rollout    avg_loss: 0.000000117671  time_per_window : 0.000256   progress : 0.251
name: models.architecture.block_type=simple_cls
training.mode=gml_rollout    avg_loss: 0.000000119203  time_per_window : 0.000251   progress : 0.262
name: models.architecture.block_type=simple_cls
training.mode=gml_rollout    avg_loss: 0.000000127603  time_per_window : 0.000245   progress : 0.273
name: models.architecture.block_type=simple_cls
training.mode=gml_rollout    avg_loss: 0.000000113243  time_per_window : 0.000252   progress : 0.284
name: models.architecture.block_type=simple_cls
training.mode=gml_rollout    avg_loss: 0.000000129855  time_per_window : 0.000260   progress : 0.295
name: models.architecture.block_type=simple_cls
training.mode=gml_rollout    avg_loss: 0.000000111347  time_per_window : 0.000263   progress : 0.306
name: models.architecture.block_type=simple_cls
training.mode=gml_rollout    avg_loss: 0.000000113110  time_per_window : 0.000255   progress : 0.317
name: models.architecture.block_type=simple_cls
training.mode=gml_rollout    avg_loss: 0.000000099478  time_per_window : 0.000242   progress : 0.328
name: models.architecture.block_type=simple_cls
training.mode=gml_rollout    avg_loss: 0.000000144856  time_per_window : 0.000235   progress : 0.339
name: models.architecture.block_type=simple_cls
training.mode=gml_rollout    avg_loss: 0.000000111228  time_per_window : 0.000263   progress : 0.350
name: models.architecture.block_type=simple_cls
training.mode=gml_rollout    avg_loss: 0.000000114189  time_per_window : 0.000245   progress : 0.360
name: models.architecture.block_type=simple_cls
training.mode=gml_rollout    avg_loss: 0.000000117184  time_per_window : 0.000244   progress : 0.371
name: models.architecture.block_type=simple_cls
training.mode=gml_rollout    avg_loss: 0.000000108629  time_per_window : 0.000255   progress : 0.382
name: models.architecture.block_type=simple_cls
training.mode=gml_rollout    avg_loss: 0.000000114195  time_per_window : 0.000255   progress : 0.393
name: models.architecture.block_type=simple_cls
training.mode=gml_rollout    avg_loss: 0.000000104448  time_per_window : 0.000223   progress : 0.404
name: models.architecture.block_type=simple_cls
training.mode=gml_rollout    avg_loss: 0.000000101698  time_per_window : 0.000264   progress : 0.415
name: models.architecture.block_type=simple_cls
training.mode=gml_rollout    avg_loss: 0.000000109037  time_per_window : 0.000269   progress : 0.426
name: models.architecture.block_type=simple_cls
training.mode=gml_rollout    avg_loss: 0.000000102173  time_per_window : 0.000245   progress : 0.437
name: models.architecture.block_type=simple_cls
training.mode=gml_rollout    avg_loss: 0.000000099431  time_per_window : 0.000258   progress : 0.448
name: models.architecture.block_type=simple_cls
training.mode=gml_rollout    avg_loss: 0.000000090570  time_per_window : 0.000265   progress : 0.459
name: models.architecture.block_type=simple_cls
training.mode=gml_rollout    avg_loss: 0.000000111211  time_per_window : 0.000258   progress : 0.470
name: models.architecture.block_type=simple_cls
training.mode=gml_rollout    avg_loss: 0.000000089766  time_per_window : 0.000268   progress : 0.481
name: models.architecture.block_type=simple_cls
training.mode=gml_rollout    avg_loss: 0.000000095250  time_per_window : 0.000263   progress : 0.492
name: models.architecture.block_type=simple_cls
training.mode=gml_rollout    avg_loss: 0.000000115197  time_per_window : 0.000237   progress : 0.502
name: models.architecture.block_type=simple_cls
training.mode=gml_rollout    avg_loss: 0.000000099513  time_per_window : 0.000241   progress : 0.513
name: models.architecture.block_type=simple_cls
training.mode=gml_rollout    avg_loss: 0.000000092044  time_per_window : 0.000240   progress : 0.524
name: models.architecture.block_type=simple_cls
training.mode=gml_rollout    avg_loss: 0.000000101289  time_per_window : 0.000239   progress : 0.535
name: models.architecture.block_type=simple_cls
training.mode=gml_rollout    avg_loss: 0.000000118703  time_per_window : 0.000250   progress : 0.546
name: models.architecture.block_type=simple_cls
training.mode=gml_rollout    avg_loss: 0.000000092756  time_per_window : 0.000251   progress : 0.557
name: models.architecture.block_type=simple_cls
training.mode=gml_rollout    avg_loss: 0.000000111075  time_per_window : 0.000276   progress : 0.568
name: models.architecture.block_type=simple_cls
training.mode=gml_rollout    avg_loss: 0.000000089181  time_per_window : 0.000245   progress : 0.579
name: models.architecture.block_type=simple_cls
training.mode=gml_rollout    avg_loss: 0.000000108239  time_per_window : 0.000264   progress : 0.590
name: models.architecture.block_type=simple_cls
training.mode=gml_rollout    avg_loss: 0.000000097252  time_per_window : 0.000331   progress : 0.601
name: models.architecture.block_type=simple_cls
training.mode=gml_rollout    avg_loss: 0.000000101435  time_per_window : 0.000247   progress : 0.612
name: models.architecture.block_type=simple_cls
training.mode=gml_rollout    avg_loss: 0.000000123003  time_per_window : 0.000253   progress : 0.623
name: models.architecture.block_type=simple_cls
training.mode=gml_rollout    avg_loss: 0.000000072973  time_per_window : 0.000257   progress : 0.634
name: models.architecture.block_type=simple_cls
training.mode=gml_rollout    avg_loss: 0.000000105735  time_per_window : 0.000255   progress : 0.644
name: models.architecture.block_type=simple_cls
training.mode=gml_rollout    avg_loss: 0.000000085843  time_per_window : 0.000243   progress : 0.655
name: models.architecture.block_type=simple_cls
training.mode=gml_rollout    avg_loss: 0.000000095301  time_per_window : 0.000277   progress : 0.666
name: models.architecture.block_type=simple_cls
training.mode=gml_rollout    avg_loss: 0.000000077418  time_per_window : 0.000251   progress : 0.677
name: models.architecture.block_type=simple_cls
training.mode=gml_rollout    avg_loss: 0.000000086786  time_per_window : 0.000256   progress : 0.688
name: models.architecture.block_type=simple_cls
training.mode=gml_rollout    avg_loss: 0.000000091762  time_per_window : 0.000256   progress : 0.699
name: models.architecture.block_type=simple_cls
training.mode=gml_rollout    avg_loss: 0.000000079736  time_per_window : 0.000258   progress : 0.710
name: models.architecture.block_type=simple_cls
training.mode=gml_rollout    avg_loss: 0.000000081208  time_per_window : 0.000253   progress : 0.721
name: models.architecture.block_type=simple_cls
training.mode=gml_rollout    avg_loss: 0.000000078542  time_per_window : 0.000239   progress : 0.732
name: models.architecture.block_type=simple_cls
training.mode=gml_rollout    avg_loss: 0.000000082314  time_per_window : 0.000270   progress : 0.743
name: models.architecture.block_type=simple_cls
training.mode=gml_rollout    avg_loss: 0.000000089843  time_per_window : 0.000275   progress : 0.754
name: models.architecture.block_type=simple_cls
training.mode=gml_rollout    avg_loss: 0.000000091048  time_per_window : 0.000271   progress : 0.765
name: models.architecture.block_type=simple_cls
training.mode=gml_rollout    avg_loss: 0.000000089004  time_per_window : 0.000235   progress : 0.775
name: models.architecture.block_type=simple_cls
training.mode=gml_rollout    avg_loss: 0.000000100401  time_per_window : 0.000246   progress : 0.786
name: models.architecture.block_type=simple_cls
training.mode=gml_rollout    avg_loss: 0.000000088445  time_per_window : 0.000259   progress : 0.797
name: models.architecture.block_type=simple_cls
training.mode=gml_rollout    avg_loss: 0.000000087656  time_per_window : 0.000237   progress : 0.808
name: models.architecture.block_type=simple_cls
training.mode=gml_rollout    avg_loss: 0.000000078904  time_per_window : 0.000231   progress : 0.819
name: models.architecture.block_type=simple_cls
training.mode=gml_rollout    avg_loss: 0.000000090224  time_per_window : 0.000220   progress : 0.830
name: models.architecture.block_type=simple_cls
training.mode=gml_rollout    avg_loss: 0.000000093810  time_per_window : 0.000234   progress : 0.841
name: models.architecture.block_type=simple_cls
training.mode=gml_rollout    avg_loss: 0.000000075321  time_per_window : 0.000254   progress : 0.852
name: models.architecture.block_type=simple_cls
training.mode=gml_rollout    avg_loss: 0.000000096172  time_per_window : 0.000278   progress : 0.863
name: models.architecture.block_type=simple_cls
training.mode=gml_rollout    avg_loss: 0.000000075135  time_per_window : 0.000239   progress : 0.874
name: models.architecture.block_type=simple_cls
training.mode=gml_rollout    avg_loss: 0.000000085052  time_per_window : 0.000238   progress : 0.885
name: models.architecture.block_type=simple_cls
training.mode=gml_rollout    avg_loss: 0.000000069160  time_per_window : 0.000241   progress : 0.896
name: models.architecture.block_type=simple_cls
training.mode=gml_rollout    avg_loss: 0.000000083785  time_per_window : 0.000249   progress : 0.907
name: models.architecture.block_type=simple_cls
training.mode=gml_rollout    avg_loss: 0.000000080989  time_per_window : 0.000246   progress : 0.917
name: models.architecture.block_type=simple_cls
training.mode=gml_rollout    avg_loss: 0.000000085203  time_per_window : 0.000230   progress : 0.928
name: models.architecture.block_type=simple_cls
training.mode=gml_rollout    avg_loss: 0.000000071389  time_per_window : 0.000276   progress : 0.939
name: models.architecture.block_type=simple_cls
training.mode=gml_rollout    avg_loss: 0.000000096960  time_per_window : 0.000271   progress : 0.950
name: models.architecture.block_type=simple_cls
training.mode=gml_rollout    avg_loss: 0.000000076683  time_per_window : 0.000255   progress : 0.961
name: models.architecture.block_type=simple_cls
training.mode=gml_rollout    avg_loss: 0.000000099489  time_per_window : 0.000272   progress : 0.972
name: models.architecture.block_type=simple_cls
training.mode=gml_rollout    avg_loss: 0.000000083854  time_per_window : 0.000244   progress : 0.983
name: models.architecture.block_type=simple_cls
training.mode=gml_rollout    avg_loss: 0.000000078813  time_per_window : 0.000276   progress : 0.994
name: models.architecture.block_type=simple_cls
training.mode=gml_rollout    avg_loss: 0.000020022006  time_per_window : 0.000247   progress : 0.011
name: models.architecture.block_type=simple_cls
training.mode=gml_rollout    avg_loss: 0.000003502472  time_per_window : 0.000240   progress : 0.022
name: models.architecture.block_type=simple_cls
training.mode=gml_rollout    avg_loss: 0.000002098011  time_per_window : 0.000240   progress : 0.033
name: models.architecture.block_type=simple_cls
training.mode=gml_rollout    avg_loss: 0.000002020185  time_per_window : 0.000260   progress : 0.044
name: models.architecture.block_type=simple_cls
training.mode=gml_rollout    avg_loss: 0.000001434271  time_per_window : 0.000240   progress : 0.055
name: models.architecture.block_type=simple_cls
training.mode=gml_rollout    avg_loss: 0.000001574259  time_per_window : 0.000271   progress : 0.066
name: models.architecture.block_type=simple_cls
training.mode=gml_rollout    avg_loss: 0.000001464113  time_per_window : 0.000248   progress : 0.076
name: models.architecture.block_type=simple_cls
training.mode=gml_rollout    avg_loss: 0.000001202369  time_per_window : 0.000251   progress : 0.087
name: models.architecture.block_type=simple_cls
training.mode=gml_rollout    avg_loss: 0.000001218011  time_per_window : 0.000250   progress : 0.098
name: models.architecture.block_type=simple_cls
training.mode=gml_rollout    avg_loss: 0.000001206956  time_per_window : 0.000243   progress : 0.109
name: models.architecture.block_type=simple_cls
training.mode=gml_rollout    avg_loss: 0.000001066664  time_per_window : 0.000239   progress : 0.120
name: models.architecture.block_type=simple_cls
training.mode=gml_rollout    avg_loss: 0.000001115586  time_per_window : 0.000289   progress : 0.131
name: models.architecture.block_type=simple_cls
training.mode=gml_rollout    avg_loss: 0.000001363127  time_per_window : 0.000261   progress : 0.142
name: models.architecture.block_type=simple_cls
training.mode=gml_rollout    avg_loss: 0.000001067438  time_per_window : 0.000262   progress : 0.153
name: models.architecture.block_type=simple_cls
training.mode=gml_rollout    avg_loss: 0.000001065101  time_per_window : 0.000235   progress : 0.164
name: models.architecture.block_type=simple_cls
training.mode=gml_rollout    avg_loss: 0.000001115513  time_per_window : 0.000262   progress : 0.175
name: models.architecture.block_type=simple_cls
training.mode=gml_rollout    avg_loss: 0.000000980554  time_per_window : 0.000267   progress : 0.186
name: models.architecture.block_type=simple_cls
training.mode=gml_rollout    avg_loss: 0.000001070049  time_per_window : 0.000263   progress : 0.197
name: models.architecture.block_type=simple_cls
training.mode=gml_rollout    avg_loss: 0.000000856679  time_per_window : 0.000234   progress : 0.208
name: models.architecture.block_type=simple_cls
training.mode=gml_rollout    avg_loss: 0.000000952315  time_per_window : 0.000251   progress : 0.218
name: models.architecture.block_type=simple_cls
training.mode=gml_rollout    avg_loss: 0.000001146751  time_per_window : 0.000255   progress : 0.229
name: models.architecture.block_type=simple_cls
training.mode=gml_rollout    avg_loss: 0.000000924364  time_per_window : 0.000265   progress : 0.240
name: models.architecture.block_type=simple_cls
training.mode=gml_rollout    avg_loss: 0.000001296431  time_per_window : 0.000286   progress : 0.251
name: models.architecture.block_type=simple_cls
training.mode=gml_rollout    avg_loss: 0.000000809715  time_per_window : 0.000276   progress : 0.262
name: models.architecture.block_type=simple_cls
training.mode=gml_rollout    avg_loss: 0.000000994666  time_per_window : 0.000256   progress : 0.273
name: models.architecture.block_type=simple_cls
training.mode=gml_rollout    avg_loss: 0.000000875440  time_per_window : 0.000273   progress : 0.284
name: models.architecture.block_type=simple_cls
training.mode=gml_rollout    avg_loss: 0.000000890163  time_per_window : 0.000258   progress : 0.295
name: models.architecture.block_type=simple_cls
training.mode=gml_rollout    avg_loss: 0.000000904618  time_per_window : 0.000247   progress : 0.306
name: models.architecture.block_type=simple_cls
training.mode=gml_rollout    avg_loss: 0.000000750030  time_per_window : 0.000249   progress : 0.317
name: models.architecture.block_type=simple_cls
training.mode=gml_rollout    avg_loss: 0.000000806501  time_per_window : 0.000239   progress : 0.328
name: models.architecture.block_type=simple_cls
training.mode=gml_rollout    avg_loss: 0.000000861235  time_per_window : 0.000241   progress : 0.339
name: models.architecture.block_type=simple_cls
training.mode=gml_rollout    avg_loss: 0.000000781988  time_per_window : 0.000261   progress : 0.350
name: models.architecture.block_type=simple_cls
training.mode=gml_rollout    avg_loss: 0.000000725934  time_per_window : 0.000281   progress : 0.360
name: models.architecture.block_type=simple_cls
training.mode=gml_rollout    avg_loss: 0.000000711589  time_per_window : 0.000274   progress : 0.371
name: models.architecture.block_type=simple_cls
training.mode=gml_rollout    avg_loss: 0.000000737674  time_per_window : 0.000264   progress : 0.382
name: models.architecture.block_type=simple_cls
training.mode=gml_rollout    avg_loss: 0.000000812848  time_per_window : 0.000267   progress : 0.393
name: models.architecture.block_type=simple_cls
training.mode=gml_rollout    avg_loss: 0.000000891778  time_per_window : 0.000246   progress : 0.404
name: models.architecture.block_type=simple_cls
training.mode=gml_rollout    avg_loss: 0.000000709662  time_per_window : 0.000265   progress : 0.415
name: models.architecture.block_type=simple_cls
training.mode=gml_rollout    avg_loss: 0.000000863953  time_per_window : 0.000249   progress : 0.426
name: models.architecture.block_type=simple_cls
training.mode=gml_rollout    avg_loss: 0.000000751190  time_per_window : 0.000238   progress : 0.437
name: models.architecture.block_type=simple_cls
training.mode=gml_rollout    avg_loss: 0.000000843525  time_per_window : 0.000241   progress : 0.448
name: models.architecture.block_type=simple_cls
training.mode=gml_rollout    avg_loss: 0.000000660314  time_per_window : 0.000299   progress : 0.459
name: models.architecture.block_type=simple_cls
training.mode=gml_rollout    avg_loss: 0.000000798357  time_per_window : 0.000247   progress : 0.470
name: models.architecture.block_type=simple_cls
training.mode=gml_rollout    avg_loss: 0.000000698813  time_per_window : 0.000254   progress : 0.481
name: models.architecture.block_type=simple_cls
training.mode=gml_rollout    avg_loss: 0.000000655809  time_per_window : 0.000249   progress : 0.492
name: models.architecture.block_type=simple_cls
training.mode=gml_rollout    avg_loss: 0.000000834315  time_per_window : 0.000272   progress : 0.502
name: models.architecture.block_type=simple_cls
training.mode=gml_rollout    avg_loss: 0.000000737815  time_per_window : 0.000262   progress : 0.513
name: models.architecture.block_type=simple_cls
training.mode=gml_rollout    avg_loss: 0.000000683845  time_per_window : 0.000248   progress : 0.524
name: models.architecture.block_type=simple_cls
training.mode=gml_rollout    avg_loss: 0.000000894540  time_per_window : 0.000244   progress : 0.535
name: models.architecture.block_type=simple_cls
training.mode=gml_rollout    avg_loss: 0.000000758092  time_per_window : 0.000256   progress : 0.546
name: models.architecture.block_type=simple_cls
training.mode=gml_rollout    avg_loss: 0.000000802063  time_per_window : 0.000245   progress : 0.557
name: models.architecture.block_type=simple_cls
training.mode=gml_rollout    avg_loss: 0.000000716426  time_per_window : 0.000273   progress : 0.568
name: models.architecture.block_type=simple_cls
training.mode=gml_rollout    avg_loss: 0.000000806885  time_per_window : 0.000242   progress : 0.579
name: models.architecture.block_type=simple_cls
training.mode=gml_rollout    avg_loss: 0.000000633869  time_per_window : 0.000264   progress : 0.590
name: models.architecture.block_type=simple_cls
training.mode=gml_rollout    avg_loss: 0.000000604394  time_per_window : 0.000273   progress : 0.601
name: models.architecture.block_type=simple_cls
training.mode=gml_rollout    avg_loss: 0.000000579227  time_per_window : 0.000260   progress : 0.612
name: models.architecture.block_type=simple_cls
training.mode=gml_rollout    avg_loss: 0.000000816126  time_per_window : 0.000245   progress : 0.623
name: models.architecture.block_type=simple_cls
training.mode=gml_rollout    avg_loss: 0.000000644878  time_per_window : 0.000235   progress : 0.634
name: models.architecture.block_type=simple_cls
training.mode=gml_rollout    avg_loss: 0.000000729497  time_per_window : 0.000292   progress : 0.644
name: models.architecture.block_type=simple_cls
training.mode=gml_rollout    avg_loss: 0.000000697838  time_per_window : 0.000241   progress : 0.655
name: models.architecture.block_type=simple_cls
training.mode=gml_rollout    avg_loss: 0.000000667375  time_per_window : 0.000248   progress : 0.666
name: models.architecture.block_type=simple_cls
training.mode=gml_rollout    avg_loss: 0.000000675020  time_per_window : 0.000264   progress : 0.677
name: models.architecture.block_type=simple_cls
training.mode=gml_rollout    avg_loss: 0.000000762253  time_per_window : 0.000247   progress : 0.688
name: models.architecture.block_type=simple_cls
training.mode=gml_rollout    avg_loss: 0.000000649478  time_per_window : 0.000250   progress : 0.699
name: models.architecture.block_type=simple_cls
training.mode=gml_rollout    avg_loss: 0.000000553090  time_per_window : 0.000267   progress : 0.710
name: models.architecture.block_type=simple_cls
training.mode=gml_rollout    avg_loss: 0.000000648778  time_per_window : 0.000256   progress : 0.721
name: models.architecture.block_type=simple_cls
training.mode=gml_rollout    avg_loss: 0.000000696105  time_per_window : 0.000243   progress : 0.732
name: models.architecture.block_type=simple_cls
training.mode=gml_rollout    avg_loss: 0.000000791059  time_per_window : 0.000235   progress : 0.743
name: models.architecture.block_type=simple_cls
training.mode=gml_rollout    avg_loss: 0.000000734771  time_per_window : 0.000250   progress : 0.754
name: models.architecture.block_type=simple_cls
training.mode=gml_rollout    avg_loss: 0.000000659546  time_per_window : 0.000246   progress : 0.765
name: models.architecture.block_type=simple_cls
training.mode=gml_rollout    avg_loss: 0.000000868575  time_per_window : 0.000251   progress : 0.775
name: models.architecture.block_type=simple_cls
training.mode=gml_rollout    avg_loss: 0.000000757860  time_per_window : 0.000268   progress : 0.786
name: models.architecture.block_type=simple_cls
training.mode=gml_rollout    avg_loss: 0.000000695421  time_per_window : 0.000252   progress : 0.797
name: models.architecture.block_type=simple_cls
training.mode=gml_rollout    avg_loss: 0.000000602959  time_per_window : 0.000237   progress : 0.808
name: models.architecture.block_type=simple_cls
training.mode=gml_rollout    avg_loss: 0.000000614590  time_per_window : 0.000245   progress : 0.819
name: models.architecture.block_type=simple_cls
training.mode=gml_rollout    avg_loss: 0.000000675923  time_per_window : 0.000257   progress : 0.830
name: models.architecture.block_type=simple_cls
training.mode=gml_rollout    avg_loss: 0.000000693044  time_per_window : 0.000258   progress : 0.841
name: models.architecture.block_type=simple_cls
training.mode=gml_rollout    avg_loss: 0.000000664584  time_per_window : 0.000250   progress : 0.852
name: models.architecture.block_type=simple_cls
training.mode=gml_rollout    avg_loss: 0.000000708552  time_per_window : 0.000276   progress : 0.863
name: models.architecture.block_type=simple_cls
training.mode=gml_rollout    avg_loss: 0.000000736334  time_per_window : 0.000248   progress : 0.874
name: models.architecture.block_type=simple_cls
training.mode=gml_rollout    avg_loss: 0.000000628648  time_per_window : 0.000248   progress : 0.885
name: models.architecture.block_type=simple_cls
training.mode=gml_rollout    avg_loss: 0.000000554881  time_per_window : 0.000264   progress : 0.896
name: models.architecture.block_type=simple_cls
training.mode=gml_rollout    avg_loss: 0.000000643180  time_per_window : 0.000281   progress : 0.907
name: models.architecture.block_type=simple_cls
training.mode=gml_rollout    avg_loss: 0.000000661762  time_per_window : 0.000265   progress : 0.917
name: models.architecture.block_type=simple_cls
training.mode=gml_rollout    avg_loss: 0.000000656195  time_per_window : 0.000250   progress : 0.928
name: models.architecture.block_type=simple_cls
training.mode=gml_rollout    avg_loss: 0.000000606803  time_per_window : 0.000243   progress : 0.939
name: models.architecture.block_type=simple_cls
training.mode=gml_rollout    avg_loss: 0.000000566166  time_per_window : 0.000252   progress : 0.950
name: models.architecture.block_type=simple_cls
training.mode=gml_rollout    avg_loss: 0.000000729617  time_per_window : 0.000251   progress : 0.961
name: models.architecture.block_type=simple_cls
training.mode=gml_rollout    avg_loss: 0.000000665841  time_per_window : 0.000244   progress : 0.972
name: models.architecture.block_type=simple_cls
training.mode=gml_rollout    avg_loss: 0.000000619880  time_per_window : 0.000249   progress : 0.983
name: models.architecture.block_type=simple_cls
training.mode=gml_rollout    avg_loss: 0.000000552099  time_per_window : 0.000277   progress : 0.994
name: models.architecture.block_type=simple_cls
training.mode=gml_rollout    avg_loss: -64.776313781738  time_per_window : 0.000300   progress : 0.011
name: models.architecture.block_type=simple_cls
training.mode=gml_rollout    avg_loss: -68.775398254395  time_per_window : 0.000319   progress : 0.022
name: models.architecture.block_type=simple_cls
training.mode=gml_rollout    avg_loss: -68.840385437012  time_per_window : 0.000341   progress : 0.033
name: models.architecture.block_type=simple_cls
training.mode=gml_rollout    avg_loss: -68.876716613770  time_per_window : 0.000342   progress : 0.044
name: models.architecture.block_type=simple_cls
training.mode=gml_rollout    avg_loss: -68.919944763184  time_per_window : 0.000356   progress : 0.055
name: models.architecture.block_type=simple_cls
training.mode=gml_rollout    avg_loss: -68.907737731934  time_per_window : 0.000347   progress : 0.066
name: models.architecture.block_type=simple_cls
training.mode=gml_rollout    avg_loss: -68.914848327637  time_per_window : 0.000335   progress : 0.076
name: models.architecture.block_type=simple_cls
training.mode=gml_rollout    avg_loss: -68.922744750977  time_per_window : 0.000370   progress : 0.087
name: models.architecture.block_type=simple_cls
training.mode=gml_rollout    avg_loss: -68.934593200684  time_per_window : 0.000333   progress : 0.098
name: models.architecture.block_type=simple_cls
training.mode=gml_rollout    avg_loss: -68.928649902344  time_per_window : 0.000342   progress : 0.109
name: models.architecture.block_type=simple_cls
training.mode=gml_rollout    avg_loss: -68.929275512695  time_per_window : 0.000346   progress : 0.120
name: models.architecture.block_type=simple_cls
training.mode=gml_rollout    avg_loss: -68.933219909668  time_per_window : 0.000336   progress : 0.131
name: models.architecture.block_type=simple_cls
training.mode=gml_rollout    avg_loss: -68.950210571289  time_per_window : 0.000368   progress : 0.142
name: models.architecture.block_type=simple_cls
training.mode=gml_rollout    avg_loss: -68.957618713379  time_per_window : 0.000339   progress : 0.153
name: models.architecture.block_type=simple_cls
training.mode=gml_rollout    avg_loss: -68.956314086914  time_per_window : 0.000345   progress : 0.164
name: models.architecture.block_type=simple_cls
training.mode=gml_rollout    avg_loss: -68.956298828125  time_per_window : 0.000341   progress : 0.175
name: models.architecture.block_type=simple_cls
training.mode=gml_rollout    avg_loss: -68.956932067871  time_per_window : 0.000382   progress : 0.186
name: models.architecture.block_type=simple_cls
training.mode=gml_rollout    avg_loss: -68.957809448242  time_per_window : 0.000349   progress : 0.197
name: models.architecture.block_type=simple_cls
training.mode=gml_rollout    avg_loss: -68.959907531738  time_per_window : 0.000369   progress : 0.208
name: models.architecture.block_type=simple_cls
training.mode=gml_rollout    avg_loss: -68.962646484375  time_per_window : 0.000333   progress : 0.218
name: models.architecture.block_type=simple_cls
training.mode=gml_rollout    avg_loss: -68.957931518555  time_per_window : 0.000331   progress : 0.229
name: models.architecture.block_type=simple_cls
training.mode=gml_rollout    avg_loss: -68.971260070801  time_per_window : 0.000337   progress : 0.240
name: models.architecture.block_type=simple_cls
training.mode=gml_rollout    avg_loss: -68.950225830078  time_per_window : 0.000382   progress : 0.251
name: models.architecture.block_type=simple_cls
training.mode=gml_rollout    avg_loss: -68.975135803223  time_per_window : 0.000320   progress : 0.262
name: models.architecture.block_type=simple_cls
training.mode=gml_rollout    avg_loss: -68.977127075195  time_per_window : 0.000325   progress : 0.273
name: models.architecture.block_type=simple_cls
training.mode=gml_rollout    avg_loss: -68.970352172852  time_per_window : 0.000388   progress : 0.284
name: models.architecture.block_type=simple_cls
training.mode=gml_rollout    avg_loss: -68.966552734375  time_per_window : 0.000331   progress : 0.295
name: models.architecture.block_type=simple_cls
training.mode=gml_rollout    avg_loss: -68.966720581055  time_per_window : 0.000317   progress : 0.306
name: models.architecture.block_type=simple_cls
training.mode=gml_rollout    avg_loss: -68.974472045898  time_per_window : 0.000362   progress : 0.317
name: models.architecture.block_type=simple_cls
training.mode=gml_rollout    avg_loss: -68.971282958984  time_per_window : 0.000342   progress : 0.328
name: models.architecture.block_type=simple_cls
training.mode=gml_rollout    avg_loss: -68.967658996582  time_per_window : 0.000355   progress : 0.339
name: models.architecture.block_type=simple_cls
training.mode=gml_rollout    avg_loss: -68.965072631836  time_per_window : 0.000327   progress : 0.350
name: models.architecture.block_type=simple_cls
training.mode=gml_rollout    avg_loss: -68.970405578613  time_per_window : 0.000366   progress : 0.360
name: models.architecture.block_type=simple_cls
training.mode=gml_rollout    avg_loss: -68.975669860840  time_per_window : 0.000341   progress : 0.371
name: models.architecture.block_type=simple_cls
training.mode=gml_rollout    avg_loss: -68.966110229492  time_per_window : 0.000348   progress : 0.382
name: models.architecture.block_type=simple_cls
training.mode=gml_rollout    avg_loss: -68.972633361816  time_per_window : 0.000334   progress : 0.393
name: models.architecture.block_type=simple_cls
training.mode=gml_rollout    avg_loss: -68.963073730469  time_per_window : 0.000350   progress : 0.404
name: models.architecture.block_type=simple_cls
training.mode=gml_rollout    avg_loss: -68.974525451660  time_per_window : 0.000337   progress : 0.415
name: models.architecture.block_type=simple_cls
training.mode=gml_rollout    avg_loss: -68.975212097168  time_per_window : 0.000338   progress : 0.426
name: models.architecture.block_type=simple_cls
training.mode=gml_rollout    avg_loss: -68.969116210938  time_per_window : 0.000352   progress : 0.437
name: models.architecture.block_type=simple_cls
training.mode=gml_rollout    avg_loss: -68.965354919434  time_per_window : 0.000350   progress : 0.448
name: models.architecture.block_type=simple_cls
training.mode=gml_rollout    avg_loss: -68.973541259766  time_per_window : 0.000326   progress : 0.459
name: models.architecture.block_type=simple_cls
training.mode=gml_rollout    avg_loss: -68.971809387207  time_per_window : 0.000401   progress : 0.470
name: models.architecture.block_type=simple_cls
training.mode=gml_rollout    avg_loss: -68.965316772461  time_per_window : 0.000372   progress : 0.481
name: models.architecture.block_type=simple_cls
training.mode=gml_rollout    avg_loss: -68.969863891602  time_per_window : 0.000325   progress : 0.492
name: models.architecture.block_type=simple_cls
training.mode=gml_rollout    avg_loss: -68.965675354004  time_per_window : 0.000335   progress : 0.502
name: models.architecture.block_type=simple_cls
training.mode=gml_rollout    avg_loss: -68.972518920898  time_per_window : 0.000370   progress : 0.513
name: models.architecture.block_type=simple_cls
training.mode=gml_rollout    avg_loss: -68.970535278320  time_per_window : 0.000379   progress : 0.524
name: models.architecture.block_type=simple_cls
training.mode=gml_rollout    avg_loss: -68.966896057129  time_per_window : 0.000355   progress : 0.535
name: models.architecture.block_type=simple_cls
training.mode=gml_rollout    avg_loss: -68.969146728516  time_per_window : 0.000331   progress : 0.546
name: models.architecture.block_type=simple_cls
training.mode=gml_rollout    avg_loss: -68.968193054199  time_per_window : 0.000346   progress : 0.557
name: models.architecture.block_type=simple_cls
training.mode=gml_rollout    avg_loss: -68.971000671387  time_per_window : 0.000361   progress : 0.568
name: models.architecture.block_type=simple_cls
training.mode=gml_rollout    avg_loss: -68.969299316406  time_per_window : 0.000343   progress : 0.579
name: models.architecture.block_type=simple_cls
training.mode=gml_rollout    avg_loss: -68.952087402344  time_per_window : 0.000350   progress : 0.590
name: models.architecture.block_type=simple_cls
training.mode=gml_rollout    avg_loss: -68.970207214355  time_per_window : 0.000388   progress : 0.601
name: models.architecture.block_type=simple_cls
training.mode=gml_rollout    avg_loss: -68.970970153809  time_per_window : 0.000340   progress : 0.612
name: models.architecture.block_type=simple_cls
training.mode=gml_rollout    avg_loss: -68.976455688477  time_per_window : 0.000338   progress : 0.623
name: models.architecture.block_type=simple_cls
training.mode=gml_rollout    avg_loss: -68.977699279785  time_per_window : 0.000378   progress : 0.634
name: models.architecture.block_type=simple_cls
training.mode=gml_rollout    avg_loss: -68.964988708496  time_per_window : 0.000352   progress : 0.644
name: models.architecture.block_type=simple_cls
training.mode=gml_rollout    avg_loss: -68.972450256348  time_per_window : 0.000384   progress : 0.655
name: models.architecture.block_type=simple_cls
training.mode=gml_rollout    avg_loss: -68.969474792480  time_per_window : 0.000369   progress : 0.666
name: models.architecture.block_type=simple_cls
training.mode=gml_rollout    avg_loss: -68.975769042969  time_per_window : 0.000347   progress : 0.677
name: models.architecture.block_type=simple_cls
training.mode=gml_rollout    avg_loss: -68.971252441406  time_per_window : 0.000367   progress : 0.688
name: models.architecture.block_type=simple_cls
training.mode=gml_rollout    avg_loss: -68.977455139160  time_per_window : 0.000379   progress : 0.699
name: models.architecture.block_type=simple_cls
training.mode=gml_rollout    avg_loss: -68.979377746582  time_per_window : 0.000349   progress : 0.710
name: models.architecture.block_type=simple_cls
training.mode=gml_rollout    avg_loss: -68.978660583496  time_per_window : 0.000390   progress : 0.721
name: models.architecture.block_type=simple_cls
training.mode=gml_rollout    avg_loss: -68.973266601562  time_per_window : 0.000360   progress : 0.732
name: models.architecture.block_type=simple_cls
training.mode=gml_rollout    avg_loss: -68.978065490723  time_per_window : 0.000339   progress : 0.743
name: models.architecture.block_type=simple_cls
training.mode=gml_rollout    avg_loss: -68.967124938965  time_per_window : 0.000348   progress : 0.754
name: models.architecture.block_type=simple_cls
training.mode=gml_rollout    avg_loss: -68.972732543945  time_per_window : 0.000328   progress : 0.765
name: models.architecture.block_type=simple_cls
training.mode=gml_rollout    avg_loss: -68.969993591309  time_per_window : 0.000358   progress : 0.775
name: models.architecture.block_type=simple_cls
training.mode=gml_rollout    avg_loss: -68.964721679688  time_per_window : 0.000346   progress : 0.786
name: models.architecture.block_type=simple_cls
training.mode=gml_rollout    avg_loss: -68.975769042969  time_per_window : 0.000384   progress : 0.797
name: models.architecture.block_type=simple_cls
training.mode=gml_rollout    avg_loss: -68.981231689453  time_per_window : 0.000345   progress : 0.808
name: models.architecture.block_type=simple_cls
training.mode=gml_rollout    avg_loss: -68.981903076172  time_per_window : 0.000350   progress : 0.819
name: models.architecture.block_type=simple_cls
training.mode=gml_rollout    avg_loss: -68.979850769043  time_per_window : 0.000350   progress : 0.830
name: models.architecture.block_type=simple_cls
training.mode=gml_rollout    avg_loss: -68.974479675293  time_per_window : 0.000345   progress : 0.841
name: models.architecture.block_type=simple_cls
training.mode=gml_rollout    avg_loss: -68.977149963379  time_per_window : 0.000365   progress : 0.852
name: models.architecture.block_type=simple_cls
training.mode=gml_rollout    avg_loss: -68.972587585449  time_per_window : 0.000357   progress : 0.863
name: models.architecture.block_type=simple_cls
training.mode=gml_rollout    avg_loss: -68.976821899414  time_per_window : 0.000380   progress : 0.874
name: models.architecture.block_type=simple_cls
training.mode=gml_rollout    avg_loss: -68.974052429199  time_per_window : 0.000344   progress : 0.885
name: models.architecture.block_type=simple_cls
training.mode=gml_rollout    avg_loss: -68.982330322266  time_per_window : 0.000347   progress : 0.896
name: models.architecture.block_type=simple_cls
training.mode=gml_rollout    avg_loss: -68.971870422363  time_per_window : 0.000342   progress : 0.907
name: models.architecture.block_type=simple_cls
training.mode=gml_rollout    avg_loss: -68.974586486816  time_per_window : 0.000341   progress : 0.917
name: models.architecture.block_type=simple_cls
training.mode=gml_rollout    avg_loss: -68.976165771484  time_per_window : 0.000353   progress : 0.928
name: models.architecture.block_type=simple_cls
training.mode=gml_rollout    avg_loss: -68.978591918945  time_per_window : 0.000330   progress : 0.939
name: models.architecture.block_type=simple_cls
training.mode=gml_rollout    avg_loss: -68.979461669922  time_per_window : 0.000353   progress : 0.950
name: models.architecture.block_type=simple_cls
training.mode=gml_rollout    avg_loss: -68.973701477051  time_per_window : 0.000348   progress : 0.961
name: models.architecture.block_type=simple_cls
training.mode=gml_rollout    avg_loss: -68.971946716309  time_per_window : 0.000338   progress : 0.972
name: models.architecture.block_type=simple_cls
training.mode=gml_rollout    avg_loss: -68.977806091309  time_per_window : 0.000335   progress : 0.983
name: models.architecture.block_type=simple_cls
training.mode=gml_rollout    avg_loss: -68.980621337891  time_per_window : 0.000342   progress : 0.994
DONE!!!
