/home/jdihardjo/miniconda3/envs/mavenv/lib/python3.11/site-packages/hydra/_internal/defaults_list.py:251: UserWarning: In 'config': Defaults list is missing `_self_`. See https://hydra.cc/docs/1.2/upgrades/1.0_to_1.1/default_composition_order for more information
  warnings.warn(msg, UserWarning)
Using cuda device
[2026-07-23 16:16:21,353][HYDRA] Joblib.Parallel(n_jobs=4,backend=loky,prefer=processes,require=None,verbose=0,timeout=None,pre_dispatch=2*n_jobs,batch_size=auto,temp_folder=None,max_nbytes=None,mmap_mode=r) is launching 1 jobs
[2026-07-23 16:16:21,353][HYDRA] Launching jobs, sweep output dir : ablation_runs/2026-07-23_15-21-30/simple_cls_out10
[2026-07-23 16:16:21,353][HYDRA] 	#0 : models.architecture.block_type=simple_cls training.mode=rollout models.out_dim=10
/home/jdihardjo/miniconda3/envs/mavenv/lib/python3.11/site-packages/hydra/_internal/defaults_list.py:251: UserWarning: In 'config': Defaults list is missing `_self_`. See https://hydra.cc/docs/1.2/upgrades/1.0_to_1.1/default_composition_order for more information
  warnings.warn(msg, UserWarning)
models:
  n_dim: 23
  out_dim: 10
  architecture:
    d_model: 128
    n_encoder_layers: 2
    n_decoder_layers: 0
    block_type: simple_cls
    time_adapter: last_token
    in_norm: none
    out_norm: none
    layer_scale: 0.0001
    drop_path: 0.05
    mamba_type: mamba
    mamba_kwargs:
      d_state: 16
      d_conv: 2
      expand: 2
      norm: rms
    skip: false
    cls_kwargs:
      n_heads: 2
      n_mlp: 2
      positional_encoding: false
      max_len: 5000
input_len: 32
output_len: 1
batch_size: 128
epochs: 5
seed: 0
dataset:
  path: /home/jdihardjo/simdata/train.zarr/
  training_size: 1500000
evaluation:
  path: /home/jdihardjo/simdata/evaluation.zarr/
  evaluation_size: 50
training:
  mode: rollout
  lr: 0.0002
  weight_decay: 0.1
  rollout_steps: 16
checkpoint:
  save_path: hydra-test.pth
  load: false
  path: hydra-test.pth
compile: true

/home/jdihardjo/miniconda3/envs/mavenv/lib/python3.11/site-packages/torch/_inductor/cudagraph_trees.py:2622: UserWarning: Unable to hit fast path of CUDAGraphs because outputs from a previous step still require backward. Ensure backward() is invoked or detach outputs. You may also call torch.compiler.cudagraph_mark_step_begin() before each model invocation.
  warnings.warn(
name: models.architecture.block_type=simple_cls
training.mode=rollout
models.out_dim=10    avg_loss: 0.000123118793  time_per_window : 0.000194   progress : 0.011
name: models.architecture.block_type=simple_cls
training.mode=rollout
models.out_dim=10    avg_loss: 0.000000732772  time_per_window : 0.000212   progress : 0.022
name: models.architecture.block_type=simple_cls
training.mode=rollout
models.out_dim=10    avg_loss: 0.000000411486  time_per_window : 0.000208   progress : 0.033
name: models.architecture.block_type=simple_cls
training.mode=rollout
models.out_dim=10    avg_loss: 0.000000303084  time_per_window : 0.000222   progress : 0.044
name: models.architecture.block_type=simple_cls
training.mode=rollout
models.out_dim=10    avg_loss: 0.000000240400  time_per_window : 0.000204   progress : 0.055
name: models.architecture.block_type=simple_cls
training.mode=rollout
models.out_dim=10    avg_loss: 0.000000210081  time_per_window : 0.000210   progress : 0.066
name: models.architecture.block_type=simple_cls
training.mode=rollout
models.out_dim=10    avg_loss: 0.000000182194  time_per_window : 0.000191   progress : 0.076
name: models.architecture.block_type=simple_cls
training.mode=rollout
models.out_dim=10    avg_loss: 0.000000164083  time_per_window : 0.000189   progress : 0.087
name: models.architecture.block_type=simple_cls
training.mode=rollout
models.out_dim=10    avg_loss: 0.000000148729  time_per_window : 0.000195   progress : 0.098
name: models.architecture.block_type=simple_cls
training.mode=rollout
models.out_dim=10    avg_loss: 0.000000141414  time_per_window : 0.000178   progress : 0.109
name: models.architecture.block_type=simple_cls
training.mode=rollout
models.out_dim=10    avg_loss: 0.000000127930  time_per_window : 0.000223   progress : 0.120
name: models.architecture.block_type=simple_cls
training.mode=rollout
models.out_dim=10    avg_loss: 0.000000117617  time_per_window : 0.000206   progress : 0.131
name: models.architecture.block_type=simple_cls
training.mode=rollout
models.out_dim=10    avg_loss: 0.000000114400  time_per_window : 0.000206   progress : 0.142
name: models.architecture.block_type=simple_cls
training.mode=rollout
models.out_dim=10    avg_loss: 0.000000105407  time_per_window : 0.000182   progress : 0.153
name: models.architecture.block_type=simple_cls
training.mode=rollout
models.out_dim=10    avg_loss: 0.000000100902  time_per_window : 0.000223   progress : 0.164
name: models.architecture.block_type=simple_cls
training.mode=rollout
models.out_dim=10    avg_loss: 0.000000090578  time_per_window : 0.000208   progress : 0.175
name: models.architecture.block_type=simple_cls
training.mode=rollout
models.out_dim=10    avg_loss: 0.000000091979  time_per_window : 0.000176   progress : 0.186
name: models.architecture.block_type=simple_cls
training.mode=rollout
models.out_dim=10    avg_loss: 0.000000084106  time_per_window : 0.000203   progress : 0.197
name: models.architecture.block_type=simple_cls
training.mode=rollout
models.out_dim=10    avg_loss: 0.000000086207  time_per_window : 0.000198   progress : 0.208
name: models.architecture.block_type=simple_cls
training.mode=rollout
models.out_dim=10    avg_loss: 0.000000085334  time_per_window : 0.000195   progress : 0.218
name: models.architecture.block_type=simple_cls
training.mode=rollout
models.out_dim=10    avg_loss: 0.000000088395  time_per_window : 0.000201   progress : 0.229
name: models.architecture.block_type=simple_cls
training.mode=rollout
models.out_dim=10    avg_loss: 0.000000096534  time_per_window : 0.000188   progress : 0.240
name: models.architecture.block_type=simple_cls
training.mode=rollout
models.out_dim=10    avg_loss: 0.000000098227  time_per_window : 0.000213   progress : 0.251
name: models.architecture.block_type=simple_cls
training.mode=rollout
models.out_dim=10    avg_loss: 0.000000095506  time_per_window : 0.000187   progress : 0.262
name: models.architecture.block_type=simple_cls
training.mode=rollout
models.out_dim=10    avg_loss: 0.000000118986  time_per_window : 0.000204   progress : 0.273
name: models.architecture.block_type=simple_cls
training.mode=rollout
models.out_dim=10    avg_loss: 0.000000116272  time_per_window : 0.000194   progress : 0.284
name: models.architecture.block_type=simple_cls
training.mode=rollout
models.out_dim=10    avg_loss: 0.000000126946  time_per_window : 0.000230   progress : 0.295
name: models.architecture.block_type=simple_cls
training.mode=rollout
models.out_dim=10    avg_loss: 0.000000110195  time_per_window : 0.000209   progress : 0.306
name: models.architecture.block_type=simple_cls
training.mode=rollout
models.out_dim=10    avg_loss: 0.000000121757  time_per_window : 0.000211   progress : 0.317
name: models.architecture.block_type=simple_cls
training.mode=rollout
models.out_dim=10    avg_loss: 0.000000097126  time_per_window : 0.000205   progress : 0.328
name: models.architecture.block_type=simple_cls
training.mode=rollout
models.out_dim=10    avg_loss: 0.000000140662  time_per_window : 0.000183   progress : 0.339
name: models.architecture.block_type=simple_cls
training.mode=rollout
models.out_dim=10    avg_loss: 0.000000089801  time_per_window : 0.000185   progress : 0.350
name: models.architecture.block_type=simple_cls
training.mode=rollout
models.out_dim=10    avg_loss: 0.000000092540  time_per_window : 0.000191   progress : 0.360
name: models.architecture.block_type=simple_cls
training.mode=rollout
models.out_dim=10    avg_loss: 0.000000116844  time_per_window : 0.000212   progress : 0.371
name: models.architecture.block_type=simple_cls
training.mode=rollout
models.out_dim=10    avg_loss: 0.000000118738  time_per_window : 0.000191   progress : 0.382
name: models.architecture.block_type=simple_cls
training.mode=rollout
models.out_dim=10    avg_loss: 0.000000103359  time_per_window : 0.000201   progress : 0.393
name: models.architecture.block_type=simple_cls
training.mode=rollout
models.out_dim=10    avg_loss: 0.000000103162  time_per_window : 0.000195   progress : 0.404
name: models.architecture.block_type=simple_cls
training.mode=rollout
models.out_dim=10    avg_loss: 0.000000100545  time_per_window : 0.000200   progress : 0.415
name: models.architecture.block_type=simple_cls
training.mode=rollout
models.out_dim=10    avg_loss: 0.000000113421  time_per_window : 0.000209   progress : 0.426
name: models.architecture.block_type=simple_cls
training.mode=rollout
models.out_dim=10    avg_loss: 0.000000093727  time_per_window : 0.000190   progress : 0.437
name: models.architecture.block_type=simple_cls
training.mode=rollout
models.out_dim=10    avg_loss: 0.000000103557  time_per_window : 0.000205   progress : 0.448
name: models.architecture.block_type=simple_cls
training.mode=rollout
models.out_dim=10    avg_loss: 0.000000100116  time_per_window : 0.000202   progress : 0.459
name: models.architecture.block_type=simple_cls
training.mode=rollout
models.out_dim=10    avg_loss: 0.000000101530  time_per_window : 0.000183   progress : 0.470
name: models.architecture.block_type=simple_cls
training.mode=rollout
models.out_dim=10    avg_loss: 0.000000094085  time_per_window : 0.000196   progress : 0.481
name: models.architecture.block_type=simple_cls
training.mode=rollout
models.out_dim=10    avg_loss: 0.000000094432  time_per_window : 0.000208   progress : 0.492
name: models.architecture.block_type=simple_cls
training.mode=rollout
models.out_dim=10    avg_loss: 0.000000106952  time_per_window : 0.000197   progress : 0.502
name: models.architecture.block_type=simple_cls
training.mode=rollout
models.out_dim=10    avg_loss: 0.000000101276  time_per_window : 0.000193   progress : 0.513
name: models.architecture.block_type=simple_cls
training.mode=rollout
models.out_dim=10    avg_loss: 0.000000081460  time_per_window : 0.000205   progress : 0.524
name: models.architecture.block_type=simple_cls
training.mode=rollout
models.out_dim=10    avg_loss: 0.000000093368  time_per_window : 0.000184   progress : 0.535
name: models.architecture.block_type=simple_cls
training.mode=rollout
models.out_dim=10    avg_loss: 0.000000089225  time_per_window : 0.000181   progress : 0.546
name: models.architecture.block_type=simple_cls
training.mode=rollout
models.out_dim=10    avg_loss: 0.000000086242  time_per_window : 0.000186   progress : 0.557/home/jdihardjo/miniconda3/envs/mavenv/lib/python3.11/site-packages/torch/_inductor/cudagraph_trees.py:2622: UserWarning: Unable to hit fast path of CUDAGraphs because outputs from a previous step still require backward. Ensure backward() is invoked or detach outputs. You may also call torch.compiler.cudagraph_mark_step_begin() before each model invocation.
  warnings.warn(
/home/jdihardjo/miniconda3/envs/mavenv/lib/python3.11/site-packages/torch/_inductor/cudagraph_trees.py:2622: UserWarning: Unable to hit fast path of CUDAGraphs because outputs from a previous step still require backward. Ensure backward() is invoked or detach outputs. You may also call torch.compiler.cudagraph_mark_step_begin() before each model invocation.
  warnings.warn(

name: models.architecture.block_type=simple_cls
training.mode=rollout
models.out_dim=10    avg_loss: 0.000000093123  time_per_window : 0.000194   progress : 0.568
name: models.architecture.block_type=simple_cls
training.mode=rollout
models.out_dim=10    avg_loss: 0.000000081840  time_per_window : 0.000189   progress : 0.579
name: models.architecture.block_type=simple_cls
training.mode=rollout
models.out_dim=10    avg_loss: 0.000000082839  time_per_window : 0.000185   progress : 0.590
name: models.architecture.block_type=simple_cls
training.mode=rollout
models.out_dim=10    avg_loss: 0.000000090097  time_per_window : 0.000193   progress : 0.601
name: models.architecture.block_type=simple_cls
training.mode=rollout
models.out_dim=10    avg_loss: 0.000000088136  time_per_window : 0.000194   progress : 0.612
name: models.architecture.block_type=simple_cls
training.mode=rollout
models.out_dim=10    avg_loss: 0.000000078076  time_per_window : 0.000201   progress : 0.623
name: models.architecture.block_type=simple_cls
training.mode=rollout
models.out_dim=10    avg_loss: 0.000000081315  time_per_window : 0.000192   progress : 0.634
name: models.architecture.block_type=simple_cls
training.mode=rollout
models.out_dim=10    avg_loss: 0.000000083127  time_per_window : 0.000201   progress : 0.644
name: models.architecture.block_type=simple_cls
training.mode=rollout
models.out_dim=10    avg_loss: 0.000000071457  time_per_window : 0.000229   progress : 0.655
name: models.architecture.block_type=simple_cls
training.mode=rollout
models.out_dim=10    avg_loss: 0.000000084037  time_per_window : 0.000195   progress : 0.666
name: models.architecture.block_type=simple_cls
training.mode=rollout
models.out_dim=10    avg_loss: 0.000000082891  time_per_window : 0.000216   progress : 0.677
name: models.architecture.block_type=simple_cls
training.mode=rollout
models.out_dim=10    avg_loss: 0.000000073892  time_per_window : 0.000190   progress : 0.688
name: models.architecture.block_type=simple_cls
training.mode=rollout
models.out_dim=10    avg_loss: 0.000000077697  time_per_window : 0.000196   progress : 0.699
name: models.architecture.block_type=simple_cls
training.mode=rollout
models.out_dim=10    avg_loss: 0.000000076465  time_per_window : 0.000200   progress : 0.710
name: models.architecture.block_type=simple_cls
training.mode=rollout
models.out_dim=10    avg_loss: 0.000000076838  time_per_window : 0.000198   progress : 0.721
name: models.architecture.block_type=simple_cls
training.mode=rollout
models.out_dim=10    avg_loss: 0.000000076112  time_per_window : 0.000195   progress : 0.732
name: models.architecture.block_type=simple_cls
training.mode=rollout
models.out_dim=10    avg_loss: 0.000000078671  time_per_window : 0.000201   progress : 0.743
name: models.architecture.block_type=simple_cls
training.mode=rollout
models.out_dim=10    avg_loss: 0.000000066428  time_per_window : 0.000186   progress : 0.754
name: models.architecture.block_type=simple_cls
training.mode=rollout
models.out_dim=10    avg_loss: 0.000000074861  time_per_window : 0.000203   progress : 0.765
name: models.architecture.block_type=simple_cls
training.mode=rollout
models.out_dim=10    avg_loss: 0.000000075276  time_per_window : 0.000191   progress : 0.775
name: models.architecture.block_type=simple_cls
training.mode=rollout
models.out_dim=10    avg_loss: 0.000000072676  time_per_window : 0.000187   progress : 0.786
name: models.architecture.block_type=simple_cls
training.mode=rollout
models.out_dim=10    avg_loss: 0.000000071606  time_per_window : 0.000232   progress : 0.797
name: models.architecture.block_type=simple_cls
training.mode=rollout
models.out_dim=10    avg_loss: 0.000000062285  time_per_window : 0.000181   progress : 0.808
name: models.architecture.block_type=simple_cls
training.mode=rollout
models.out_dim=10    avg_loss: 0.000000066212  time_per_window : 0.000209   progress : 0.819
name: models.architecture.block_type=simple_cls
training.mode=rollout
models.out_dim=10    avg_loss: 0.000000066460  time_per_window : 0.000213   progress : 0.830
name: models.architecture.block_type=simple_cls
training.mode=rollout
models.out_dim=10    avg_loss: 0.000000059512  time_per_window : 0.000203   progress : 0.841
name: models.architecture.block_type=simple_cls
training.mode=rollout
models.out_dim=10    avg_loss: 0.000000067959  time_per_window : 0.000213   progress : 0.852
name: models.architecture.block_type=simple_cls
training.mode=rollout
models.out_dim=10    avg_loss: 0.000000067493  time_per_window : 0.000217   progress : 0.863
name: models.architecture.block_type=simple_cls
training.mode=rollout
models.out_dim=10    avg_loss: 0.000000070955  time_per_window : 0.000209   progress : 0.874
name: models.architecture.block_type=simple_cls
training.mode=rollout
models.out_dim=10    avg_loss: 0.000000064077  time_per_window : 0.000197   progress : 0.885
name: models.architecture.block_type=simple_cls
training.mode=rollout
models.out_dim=10    avg_loss: 0.000000052794  time_per_window : 0.000201   progress : 0.896
name: models.architecture.block_type=simple_cls
training.mode=rollout
models.out_dim=10    avg_loss: 0.000000058453  time_per_window : 0.000201   progress : 0.907
name: models.architecture.block_type=simple_cls
training.mode=rollout
models.out_dim=10    avg_loss: 0.000000070601  time_per_window : 0.000201   progress : 0.917
name: models.architecture.block_type=simple_cls
training.mode=rollout
models.out_dim=10    avg_loss: 0.000000059778  time_per_window : 0.000200   progress : 0.928
name: models.architecture.block_type=simple_cls
training.mode=rollout
models.out_dim=10    avg_loss: 0.000000061002  time_per_window : 0.000198   progress : 0.939
name: models.architecture.block_type=simple_cls
training.mode=rollout
models.out_dim=10    avg_loss: 0.000000062255  time_per_window : 0.000193   progress : 0.950
name: models.architecture.block_type=simple_cls
training.mode=rollout
models.out_dim=10    avg_loss: 0.000000057745  time_per_window : 0.000211   progress : 0.961
name: models.architecture.block_type=simple_cls
training.mode=rollout
models.out_dim=10    avg_loss: 0.000000064939  time_per_window : 0.000207   progress : 0.972
name: models.architecture.block_type=simple_cls
training.mode=rollout
models.out_dim=10    avg_loss: 0.000000051540  time_per_window : 0.000202   progress : 0.983
name: models.architecture.block_type=simple_cls
training.mode=rollout
models.out_dim=10    avg_loss: 0.000000058330  time_per_window : 0.000191   progress : 0.994
name: models.architecture.block_type=simple_cls
training.mode=rollout
models.out_dim=10    avg_loss: 0.000000190097  time_per_window : 0.000195   progress : 0.011
name: models.architecture.block_type=simple_cls
training.mode=rollout
models.out_dim=10    avg_loss: 0.000000051944  time_per_window : 0.000193   progress : 0.022
name: models.architecture.block_type=simple_cls
training.mode=rollout
models.out_dim=10    avg_loss: 0.000000053367  time_per_window : 0.000184   progress : 0.033
name: models.architecture.block_type=simple_cls
training.mode=rollout
models.out_dim=10    avg_loss: 0.000000062076  time_per_window : 0.000149   progress : 0.044
name: models.architecture.block_type=simple_cls
training.mode=rollout
models.out_dim=10    avg_loss: 0.000000055889  time_per_window : 0.000196   progress : 0.055
name: models.architecture.block_type=simple_cls
training.mode=rollout
models.out_dim=10    avg_loss: 0.000000059179  time_per_window : 0.000236   progress : 0.066
name: models.architecture.block_type=simple_cls
training.mode=rollout
models.out_dim=10    avg_loss: 0.000000052825  time_per_window : 0.000197   progress : 0.076
name: models.architecture.block_type=simple_cls
training.mode=rollout
models.out_dim=10    avg_loss: 0.000000057181  time_per_window : 0.000212   progress : 0.087
name: models.architecture.block_type=simple_cls
training.mode=rollout
models.out_dim=10    avg_loss: 0.000000055367  time_per_window : 0.000217   progress : 0.098
name: models.architecture.block_type=simple_cls
training.mode=rollout
models.out_dim=10    avg_loss: 0.000000060949  time_per_window : 0.000192   progress : 0.109
name: models.architecture.block_type=simple_cls
training.mode=rollout
models.out_dim=10    avg_loss: 0.000000050782  time_per_window : 0.000202   progress : 0.120
name: models.architecture.block_type=simple_cls
training.mode=rollout
models.out_dim=10    avg_loss: 0.000000051776  time_per_window : 0.000200   progress : 0.131
name: models.architecture.block_type=simple_cls
training.mode=rollout
models.out_dim=10    avg_loss: 0.000000057223  time_per_window : 0.000192   progress : 0.142
name: models.architecture.block_type=simple_cls
training.mode=rollout
models.out_dim=10    avg_loss: 0.000000060599  time_per_window : 0.000188   progress : 0.153
name: models.architecture.block_type=simple_cls
training.mode=rollout
models.out_dim=10    avg_loss: 0.000000050108  time_per_window : 0.000184   progress : 0.164
name: models.architecture.block_type=simple_cls
training.mode=rollout
models.out_dim=10    avg_loss: 0.000000055112  time_per_window : 0.000208   progress : 0.175
name: models.architecture.block_type=simple_cls
training.mode=rollout
models.out_dim=10    avg_loss: 0.000000050872  time_per_window : 0.000210   progress : 0.186
name: models.architecture.block_type=simple_cls
training.mode=rollout
models.out_dim=10    avg_loss: 0.000000050293  time_per_window : 0.000209   progress : 0.197
name: models.architecture.block_type=simple_cls
training.mode=rollout
models.out_dim=10    avg_loss: 0.000000047680  time_per_window : 0.000204   progress : 0.208
name: models.architecture.block_type=simple_cls
training.mode=rollout
models.out_dim=10    avg_loss: 0.000000051904  time_per_window : 0.000196   progress : 0.218
name: models.architecture.block_type=simple_cls
training.mode=rollout
models.out_dim=10    avg_loss: 0.000000050615  time_per_window : 0.000249   progress : 0.229
name: models.architecture.block_type=simple_cls
training.mode=rollout
models.out_dim=10    avg_loss: 0.000000047793  time_per_window : 0.000186   progress : 0.240
name: models.architecture.block_type=simple_cls
training.mode=rollout
models.out_dim=10    avg_loss: 0.000000055757  time_per_window : 0.000196   progress : 0.251
name: models.architecture.block_type=simple_cls
training.mode=rollout
models.out_dim=10    avg_loss: 0.000000049847  time_per_window : 0.000215   progress : 0.262
name: models.architecture.block_type=simple_cls
training.mode=rollout
models.out_dim=10    avg_loss: 0.000000048108  time_per_window : 0.000215   progress : 0.273
name: models.architecture.block_type=simple_cls
training.mode=rollout
models.out_dim=10    avg_loss: 0.000000047143  time_per_window : 0.000206   progress : 0.284
name: models.architecture.block_type=simple_cls
training.mode=rollout
models.out_dim=10    avg_loss: 0.000000048892  time_per_window : 0.000202   progress : 0.295
name: models.architecture.block_type=simple_cls
training.mode=rollout
models.out_dim=10    avg_loss: 0.000000043492  time_per_window : 0.000194   progress : 0.306
name: models.architecture.block_type=simple_cls
training.mode=rollout
models.out_dim=10    avg_loss: 0.000000047796  time_per_window : 0.000197   progress : 0.317
name: models.architecture.block_type=simple_cls
training.mode=rollout
models.out_dim=10    avg_loss: 0.000000044624  time_per_window : 0.000197   progress : 0.328
name: models.architecture.block_type=simple_cls
training.mode=rollout
models.out_dim=10    avg_loss: 0.000000044381  time_per_window : 0.000199   progress : 0.339
name: models.architecture.block_type=simple_cls
training.mode=rollout
models.out_dim=10    avg_loss: 0.000000048397  time_per_window : 0.000194   progress : 0.350
name: models.architecture.block_type=simple_cls
training.mode=rollout
models.out_dim=10    avg_loss: 0.000000039427  time_per_window : 0.000203   progress : 0.360
name: models.architecture.block_type=simple_cls
training.mode=rollout
models.out_dim=10    avg_loss: 0.000000047338  time_per_window : 0.000202   progress : 0.371
name: models.architecture.block_type=simple_cls
training.mode=rollout
models.out_dim=10    avg_loss: 0.000000046375  time_per_window : 0.000186   progress : 0.382
name: models.architecture.block_type=simple_cls
training.mode=rollout
models.out_dim=10    avg_loss: 0.000000046301  time_per_window : 0.000181   progress : 0.393
name: models.architecture.block_type=simple_cls
training.mode=rollout
models.out_dim=10    avg_loss: 0.000000052387  time_per_window : 0.000211   progress : 0.404
name: models.architecture.block_type=simple_cls
training.mode=rollout
models.out_dim=10    avg_loss: 0.000000042849  time_per_window : 0.000192   progress : 0.415
name: models.architecture.block_type=simple_cls
training.mode=rollout
models.out_dim=10    avg_loss: 0.000000046466  time_per_window : 0.000199   progress : 0.426
name: models.architecture.block_type=simple_cls
training.mode=rollout
models.out_dim=10    avg_loss: 0.000000043723  time_per_window : 0.000196   progress : 0.437
name: models.architecture.block_type=simple_cls
training.mode=rollout
models.out_dim=10    avg_loss: 0.000000046451  time_per_window : 0.000189   progress : 0.448
name: models.architecture.block_type=simple_cls
training.mode=rollout
models.out_dim=10    avg_loss: 0.000000040418  time_per_window : 0.000203   progress : 0.459
name: models.architecture.block_type=simple_cls
training.mode=rollout
models.out_dim=10    avg_loss: 0.000000040980  time_per_window : 0.000208   progress : 0.470
name: models.architecture.block_type=simple_cls
training.mode=rollout
models.out_dim=10    avg_loss: 0.000000043158  time_per_window : 0.000196   progress : 0.481
name: models.architecture.block_type=simple_cls
training.mode=rollout
models.out_dim=10    avg_loss: 0.000000041212  time_per_window : 0.000197   progress : 0.492
name: models.architecture.block_type=simple_cls
training.mode=rollout
models.out_dim=10    avg_loss: 0.000000049305  time_per_window : 0.000205   progress : 0.502
name: models.architecture.block_type=simple_cls
training.mode=rollout
models.out_dim=10    avg_loss: 0.000000043357  time_per_window : 0.000214   progress : 0.513
name: models.architecture.block_type=simple_cls
training.mode=rollout
models.out_dim=10    avg_loss: 0.000000038014  time_per_window : 0.000215   progress : 0.524
name: models.architecture.block_type=simple_cls
training.mode=rollout
models.out_dim=10    avg_loss: 0.000000039480  time_per_window : 0.000200   progress : 0.535
name: models.architecture.block_type=simple_cls
training.mode=rollout
models.out_dim=10    avg_loss: 0.000000042791  time_per_window : 0.000213   progress : 0.546
name: models.architecture.block_type=simple_cls
training.mode=rollout
models.out_dim=10    avg_loss: 0.000000037952  time_per_window : 0.000197   progress : 0.557
name: models.architecture.block_type=simple_cls
training.mode=rollout
models.out_dim=10    avg_loss: 0.000000038200  time_per_window : 0.000190   progress : 0.568
name: models.architecture.block_type=simple_cls
training.mode=rollout
models.out_dim=10    avg_loss: 0.000000041916  time_per_window : 0.000190   progress : 0.579
name: models.architecture.block_type=simple_cls
training.mode=rollout
models.out_dim=10    avg_loss: 0.000000038229  time_per_window : 0.000231   progress : 0.590
name: models.architecture.block_type=simple_cls
training.mode=rollout
models.out_dim=10    avg_loss: 0.000000041827  time_per_window : 0.000199   progress : 0.601
name: models.architecture.block_type=simple_cls
training.mode=rollout
models.out_dim=10    avg_loss: 0.000000038526  time_per_window : 0.000198   progress : 0.612
name: models.architecture.block_type=simple_cls
training.mode=rollout
models.out_dim=10    avg_loss: 0.000000039159  time_per_window : 0.000199   progress : 0.623
name: models.architecture.block_type=simple_cls
training.mode=rollout
models.out_dim=10    avg_loss: 0.000000038395  time_per_window : 0.000210   progress : 0.634
name: models.architecture.block_type=simple_cls
training.mode=rollout
models.out_dim=10    avg_loss: 0.000000038714  time_per_window : 0.000209   progress : 0.644
name: models.architecture.block_type=simple_cls
training.mode=rollout
models.out_dim=10    avg_loss: 0.000000037392  time_per_window : 0.000217   progress : 0.655
name: models.architecture.block_type=simple_cls
training.mode=rollout
models.out_dim=10    avg_loss: 0.000000041501  time_per_window : 0.000200   progress : 0.666
name: models.architecture.block_type=simple_cls
training.mode=rollout
models.out_dim=10    avg_loss: 0.000000040561  time_per_window : 0.000199   progress : 0.677
name: models.architecture.block_type=simple_cls
training.mode=rollout
models.out_dim=10    avg_loss: 0.000000034685  time_per_window : 0.000177   progress : 0.688
name: models.architecture.block_type=simple_cls
training.mode=rollout
models.out_dim=10    avg_loss: 0.000000033756  time_per_window : 0.000212   progress : 0.699
name: models.architecture.block_type=simple_cls
training.mode=rollout
models.out_dim=10    avg_loss: 0.000000036432  time_per_window : 0.000181   progress : 0.710
name: models.architecture.block_type=simple_cls
training.mode=rollout
models.out_dim=10    avg_loss: 0.000000033873  time_per_window : 0.000183   progress : 0.721
name: models.architecture.block_type=simple_cls
training.mode=rollout
models.out_dim=10    avg_loss: 0.000000035973  time_per_window : 0.000179   progress : 0.732
name: models.architecture.block_type=simple_cls
training.mode=rollout
models.out_dim=10    avg_loss: 0.000000034715  time_per_window : 0.000178   progress : 0.743
name: models.architecture.block_type=simple_cls
training.mode=rollout
models.out_dim=10    avg_loss: 0.000000037285  time_per_window : 0.000175   progress : 0.754
name: models.architecture.block_type=simple_cls
training.mode=rollout
models.out_dim=10    avg_loss: 0.000000034983  time_per_window : 0.000191   progress : 0.765
name: models.architecture.block_type=simple_cls
training.mode=rollout
models.out_dim=10    avg_loss: 0.000000036868  time_per_window : 0.000168   progress : 0.775
name: models.architecture.block_type=simple_cls
training.mode=rollout
models.out_dim=10    avg_loss: 0.000000041976  time_per_window : 0.000178   progress : 0.786
name: models.architecture.block_type=simple_cls
training.mode=rollout
models.out_dim=10    avg_loss: 0.000000031752  time_per_window : 0.000166   progress : 0.797
name: models.architecture.block_type=simple_cls
training.mode=rollout
models.out_dim=10    avg_loss: 0.000000034722  time_per_window : 0.000212   progress : 0.808
name: models.architecture.block_type=simple_cls
training.mode=rollout
models.out_dim=10    avg_loss: 0.000000036211  time_per_window : 0.000172   progress : 0.819
name: models.architecture.block_type=simple_cls
training.mode=rollout
models.out_dim=10    avg_loss: 0.000000032754  time_per_window : 0.000188   progress : 0.830
name: models.architecture.block_type=simple_cls
training.mode=rollout
models.out_dim=10    avg_loss: 0.000000033447  time_per_window : 0.000186   progress : 0.841
name: models.architecture.block_type=simple_cls
training.mode=rollout
models.out_dim=10    avg_loss: 0.000000037598  time_per_window : 0.000162   progress : 0.852
name: models.architecture.block_type=simple_cls
training.mode=rollout
models.out_dim=10    avg_loss: 0.000000035762  time_per_window : 0.000189   progress : 0.863
name: models.architecture.block_type=simple_cls
training.mode=rollout
models.out_dim=10    avg_loss: 0.000000034412  time_per_window : 0.000178   progress : 0.874
name: models.architecture.block_type=simple_cls
training.mode=rollout
models.out_dim=10    avg_loss: 0.000000034596  time_per_window : 0.000198   progress : 0.885
name: models.architecture.block_type=simple_cls
training.mode=rollout
models.out_dim=10    avg_loss: 0.000000031061  time_per_window : 0.000160   progress : 0.896
name: models.architecture.block_type=simple_cls
training.mode=rollout
models.out_dim=10    avg_loss: 0.000000036116  time_per_window : 0.000178   progress : 0.907
name: models.architecture.block_type=simple_cls
training.mode=rollout
models.out_dim=10    avg_loss: 0.000000036122  time_per_window : 0.000169   progress : 0.917
name: models.architecture.block_type=simple_cls
training.mode=rollout
models.out_dim=10    avg_loss: 0.000000034236  time_per_window : 0.000186   progress : 0.928
name: models.architecture.block_type=simple_cls
training.mode=rollout
models.out_dim=10    avg_loss: 0.000000029890  time_per_window : 0.000161   progress : 0.939
name: models.architecture.block_type=simple_cls
training.mode=rollout
models.out_dim=10    avg_loss: 0.000000033288  time_per_window : 0.000164   progress : 0.950
name: models.architecture.block_type=simple_cls
training.mode=rollout
models.out_dim=10    avg_loss: 0.000000033459  time_per_window : 0.000182   progress : 0.961
name: models.architecture.block_type=simple_cls
training.mode=rollout
models.out_dim=10    avg_loss: 0.000000035608  time_per_window : 0.000175   progress : 0.972
name: models.architecture.block_type=simple_cls
training.mode=rollout
models.out_dim=10    avg_loss: 0.000000033506  time_per_window : 0.000173   progress : 0.983
name: models.architecture.block_type=simple_cls
training.mode=rollout
models.out_dim=10    avg_loss: 0.000000029416  time_per_window : 0.000183   progress : 0.994
name: models.architecture.block_type=simple_cls
training.mode=rollout
models.out_dim=10    avg_loss: 0.000002587125  time_per_window : 0.000162   progress : 0.011
name: models.architecture.block_type=simple_cls
training.mode=rollout
models.out_dim=10    avg_loss: 0.000000383671  time_per_window : 0.000164   progress : 0.022
name: models.architecture.block_type=simple_cls
training.mode=rollout
models.out_dim=10    avg_loss: 0.000000300183  time_per_window : 0.000174   progress : 0.033
name: models.architecture.block_type=simple_cls
training.mode=rollout
models.out_dim=10    avg_loss: 0.000000254799  time_per_window : 0.000176   progress : 0.044
name: models.architecture.block_type=simple_cls
training.mode=rollout
models.out_dim=10    avg_loss: 0.000000226203  time_per_window : 0.000211   progress : 0.055
name: models.architecture.block_type=simple_cls
training.mode=rollout
models.out_dim=10    avg_loss: 0.000000173804  time_per_window : 0.000163   progress : 0.066
name: models.architecture.block_type=simple_cls
training.mode=rollout
models.out_dim=10    avg_loss: 0.000000141124  time_per_window : 0.000178   progress : 0.076
name: models.architecture.block_type=simple_cls
training.mode=rollout
models.out_dim=10    avg_loss: 0.000000132846  time_per_window : 0.000184   progress : 0.087
name: models.architecture.block_type=simple_cls
training.mode=rollout
models.out_dim=10    avg_loss: 0.000000142477  time_per_window : 0.000177   progress : 0.098
name: models.architecture.block_type=simple_cls
training.mode=rollout
models.out_dim=10    avg_loss: 0.000000130745  time_per_window : 0.000162   progress : 0.109
name: models.architecture.block_type=simple_cls
training.mode=rollout
models.out_dim=10    avg_loss: 0.000000131341  time_per_window : 0.000171   progress : 0.120
name: models.architecture.block_type=simple_cls
training.mode=rollout
models.out_dim=10    avg_loss: 0.000000139357  time_per_window : 0.000174   progress : 0.131
name: models.architecture.block_type=simple_cls
training.mode=rollout
models.out_dim=10    avg_loss: 0.000000140812  time_per_window : 0.000168   progress : 0.142
name: models.architecture.block_type=simple_cls
training.mode=rollout
models.out_dim=10    avg_loss: 0.000000123329  time_per_window : 0.000174   progress : 0.153
name: models.architecture.block_type=simple_cls
training.mode=rollout
models.out_dim=10    avg_loss: 0.000000108604  time_per_window : 0.000180   progress : 0.164
name: models.architecture.block_type=simple_cls
training.mode=rollout
models.out_dim=10    avg_loss: 0.000000120050  time_per_window : 0.000176   progress : 0.175
name: models.architecture.block_type=simple_cls
training.mode=rollout
models.out_dim=10    avg_loss: 0.000000128218  time_per_window : 0.000169   progress : 0.186
name: models.architecture.block_type=simple_cls
training.mode=rollout
models.out_dim=10    avg_loss: 0.000000115978  time_per_window : 0.000158   progress : 0.197
name: models.architecture.block_type=simple_cls
training.mode=rollout
models.out_dim=10    avg_loss: 0.000000123505  time_per_window : 0.000165   progress : 0.208
name: models.architecture.block_type=simple_cls
training.mode=rollout
models.out_dim=10    avg_loss: 0.000000127800  time_per_window : 0.000176   progress : 0.218
name: models.architecture.block_type=simple_cls
training.mode=rollout
models.out_dim=10    avg_loss: 0.000000132142  time_per_window : 0.000169   progress : 0.229
name: models.architecture.block_type=simple_cls
training.mode=rollout
models.out_dim=10    avg_loss: 0.000000116606  time_per_window : 0.000175   progress : 0.240
name: models.architecture.block_type=simple_cls
training.mode=rollout
models.out_dim=10    avg_loss: 0.000000150855  time_per_window : 0.000172   progress : 0.251
name: models.architecture.block_type=simple_cls
training.mode=rollout
models.out_dim=10    avg_loss: 0.000000107318  time_per_window : 0.000178   progress : 0.262
name: models.architecture.block_type=simple_cls
training.mode=rollout
models.out_dim=10    avg_loss: 0.000000124247  time_per_window : 0.000158   progress : 0.273
name: models.architecture.block_type=simple_cls
training.mode=rollout
models.out_dim=10    avg_loss: 0.000000119298  time_per_window : 0.000189   progress : 0.284
name: models.architecture.block_type=simple_cls
training.mode=rollout
models.out_dim=10    avg_loss: 0.000000132730  time_per_window : 0.000172   progress : 0.295
name: models.architecture.block_type=simple_cls
training.mode=rollout
models.out_dim=10    avg_loss: 0.000000118692  time_per_window : 0.000152   progress : 0.306
name: models.architecture.block_type=simple_cls
training.mode=rollout
models.out_dim=10    avg_loss: 0.000000129434  time_per_window : 0.000183   progress : 0.317
name: models.architecture.block_type=simple_cls
training.mode=rollout
models.out_dim=10    avg_loss: 0.000000121856  time_per_window : 0.000167   progress : 0.328
name: models.architecture.block_type=simple_cls
training.mode=rollout
models.out_dim=10    avg_loss: 0.000000142651  time_per_window : 0.000170   progress : 0.339
name: models.architecture.block_type=simple_cls
training.mode=rollout
models.out_dim=10    avg_loss: 0.000000111575  time_per_window : 0.000158   progress : 0.350
name: models.architecture.block_type=simple_cls
training.mode=rollout
models.out_dim=10    avg_loss: 0.000000114749  time_per_window : 0.000176   progress : 0.360
name: models.architecture.block_type=simple_cls
training.mode=rollout
models.out_dim=10    avg_loss: 0.000000112724  time_per_window : 0.000173   progress : 0.371
name: models.architecture.block_type=simple_cls
training.mode=rollout
models.out_dim=10    avg_loss: 0.000000108712  time_per_window : 0.000183   progress : 0.382
name: models.architecture.block_type=simple_cls
training.mode=rollout
models.out_dim=10    avg_loss: 0.000000104465  time_per_window : 0.000167   progress : 0.393
name: models.architecture.block_type=simple_cls
training.mode=rollout
models.out_dim=10    avg_loss: 0.000000124054  time_per_window : 0.000169   progress : 0.404
name: models.architecture.block_type=simple_cls
training.mode=rollout
models.out_dim=10    avg_loss: 0.000000107264  time_per_window : 0.000172   progress : 0.415
name: models.architecture.block_type=simple_cls
training.mode=rollout
models.out_dim=10    avg_loss: 0.000000122371  time_per_window : 0.000188   progress : 0.426
name: models.architecture.block_type=simple_cls
training.mode=rollout
models.out_dim=10    avg_loss: 0.000000097605  time_per_window : 0.000187   progress : 0.437
name: models.architecture.block_type=simple_cls
training.mode=rollout
models.out_dim=10    avg_loss: 0.000000124246  time_per_window : 0.000190   progress : 0.448
name: models.architecture.block_type=simple_cls
training.mode=rollout
models.out_dim=10    avg_loss: 0.000000099074  time_per_window : 0.000197   progress : 0.459
name: models.architecture.block_type=simple_cls
training.mode=rollout
models.out_dim=10    avg_loss: 0.000000109160  time_per_window : 0.000169   progress : 0.470
name: models.architecture.block_type=simple_cls
training.mode=rollout
models.out_dim=10    avg_loss: 0.000000107559  time_per_window : 0.000163   progress : 0.481
name: models.architecture.block_type=simple_cls
training.mode=rollout
models.out_dim=10    avg_loss: 0.000000121624  time_per_window : 0.000157   progress : 0.492
name: models.architecture.block_type=simple_cls
training.mode=rollout
models.out_dim=10    avg_loss: 0.000000118393  time_per_window : 0.000185   progress : 0.502
name: models.architecture.block_type=simple_cls
training.mode=rollout
models.out_dim=10    avg_loss: 0.000000099420  time_per_window : 0.000162   progress : 0.513
name: models.architecture.block_type=simple_cls
training.mode=rollout
models.out_dim=10    avg_loss: 0.000000096658  time_per_window : 0.000163   progress : 0.524
name: models.architecture.block_type=simple_cls
training.mode=rollout
models.out_dim=10    avg_loss: 0.000000110539  time_per_window : 0.000179   progress : 0.535
name: models.architecture.block_type=simple_cls
training.mode=rollout
models.out_dim=10    avg_loss: 0.000000103017  time_per_window : 0.000171   progress : 0.546
name: models.architecture.block_type=simple_cls
training.mode=rollout
models.out_dim=10    avg_loss: 0.000000101865  time_per_window : 0.000168   progress : 0.557
name: models.architecture.block_type=simple_cls
training.mode=rollout
models.out_dim=10    avg_loss: 0.000000117037  time_per_window : 0.000173   progress : 0.568
name: models.architecture.block_type=simple_cls
training.mode=rollout
models.out_dim=10    avg_loss: 0.000000101228  time_per_window : 0.000164   progress : 0.579
name: models.architecture.block_type=simple_cls
training.mode=rollout
models.out_dim=10    avg_loss: 0.000000112251  time_per_window : 0.000155   progress : 0.590
name: models.architecture.block_type=simple_cls
training.mode=rollout
models.out_dim=10    avg_loss: 0.000000098923  time_per_window : 0.000187   progress : 0.601
name: models.architecture.block_type=simple_cls
training.mode=rollout
models.out_dim=10    avg_loss: 0.000000086212  time_per_window : 0.000154   progress : 0.612
name: models.architecture.block_type=simple_cls
training.mode=rollout
models.out_dim=10    avg_loss: 0.000000103225  time_per_window : 0.000160   progress : 0.623
name: models.architecture.block_type=simple_cls
training.mode=rollout
models.out_dim=10    avg_loss: 0.000000087721  time_per_window : 0.000179   progress : 0.634
name: models.architecture.block_type=simple_cls
training.mode=rollout
models.out_dim=10    avg_loss: 0.000000116575  time_per_window : 0.000186   progress : 0.644
name: models.architecture.block_type=simple_cls
training.mode=rollout
models.out_dim=10    avg_loss: 0.000000084073  time_per_window : 0.000178   progress : 0.655
name: models.architecture.block_type=simple_cls
training.mode=rollout
models.out_dim=10    avg_loss: 0.000000114031  time_per_window : 0.000175   progress : 0.666
name: models.architecture.block_type=simple_cls
training.mode=rollout
models.out_dim=10    avg_loss: 0.000000097815  time_per_window : 0.000166   progress : 0.677
name: models.architecture.block_type=simple_cls
training.mode=rollout
models.out_dim=10    avg_loss: 0.000000082272  time_per_window : 0.000152   progress : 0.688
name: models.architecture.block_type=simple_cls
training.mode=rollout
models.out_dim=10    avg_loss: 0.000000096184  time_per_window : 0.000214   progress : 0.699
name: models.architecture.block_type=simple_cls
training.mode=rollout
models.out_dim=10    avg_loss: 0.000000088368  time_per_window : 0.000172   progress : 0.710
name: models.architecture.block_type=simple_cls
training.mode=rollout
models.out_dim=10    avg_loss: 0.000000080557  time_per_window : 0.000148   progress : 0.721
name: models.architecture.block_type=simple_cls
training.mode=rollout
models.out_dim=10    avg_loss: 0.000000089902  time_per_window : 0.000172   progress : 0.732
name: models.architecture.block_type=simple_cls
training.mode=rollout
models.out_dim=10    avg_loss: 0.000000095037  time_per_window : 0.000192   progress : 0.743
name: models.architecture.block_type=simple_cls
training.mode=rollout
models.out_dim=10    avg_loss: 0.000000093091  time_per_window : 0.000177   progress : 0.754
name: models.architecture.block_type=simple_cls
training.mode=rollout
models.out_dim=10    avg_loss: 0.000000102765  time_per_window : 0.000166   progress : 0.765
name: models.architecture.block_type=simple_cls
training.mode=rollout
models.out_dim=10    avg_loss: 0.000000097014  time_per_window : 0.000171   progress : 0.775
name: models.architecture.block_type=simple_cls
training.mode=rollout
models.out_dim=10    avg_loss: 0.000000111663  time_per_window : 0.000172   progress : 0.786
name: models.architecture.block_type=simple_cls
training.mode=rollout
models.out_dim=10    avg_loss: 0.000000089842  time_per_window : 0.000164   progress : 0.797
name: models.architecture.block_type=simple_cls
training.mode=rollout
models.out_dim=10    avg_loss: 0.000000084857  time_per_window : 0.000154   progress : 0.808
name: models.architecture.block_type=simple_cls
training.mode=rollout
models.out_dim=10    avg_loss: 0.000000078680  time_per_window : 0.000205   progress : 0.819
name: models.architecture.block_type=simple_cls
training.mode=rollout
models.out_dim=10    avg_loss: 0.000000077130  time_per_window : 0.000170   progress : 0.830
name: models.architecture.block_type=simple_cls
training.mode=rollout
models.out_dim=10    avg_loss: 0.000000114298  time_per_window : 0.000153   progress : 0.841
name: models.architecture.block_type=simple_cls
training.mode=rollout
models.out_dim=10    avg_loss: 0.000000074313  time_per_window : 0.000170   progress : 0.852
name: models.architecture.block_type=simple_cls
training.mode=rollout
models.out_dim=10    avg_loss: 0.000000101128  time_per_window : 0.000161   progress : 0.863
name: models.architecture.block_type=simple_cls
training.mode=rollout
models.out_dim=10    avg_loss: 0.000000066546  time_per_window : 0.000177   progress : 0.874
name: models.architecture.block_type=simple_cls
training.mode=rollout
models.out_dim=10    avg_loss: 0.000000081080  time_per_window : 0.000175   progress : 0.885
name: models.architecture.block_type=simple_cls
training.mode=rollout
models.out_dim=10    avg_loss: 0.000000077150  time_per_window : 0.000164   progress : 0.896
name: models.architecture.block_type=simple_cls
training.mode=rollout
models.out_dim=10    avg_loss: 0.000000073289  time_per_window : 0.000167   progress : 0.907
name: models.architecture.block_type=simple_cls
training.mode=rollout
models.out_dim=10    avg_loss: 0.000000090781  time_per_window : 0.000152   progress : 0.917
name: models.architecture.block_type=simple_cls
training.mode=rollout
models.out_dim=10    avg_loss: 0.000000104213  time_per_window : 0.000172   progress : 0.928
name: models.architecture.block_type=simple_cls
training.mode=rollout
models.out_dim=10    avg_loss: 0.000000076518  time_per_window : 0.000159   progress : 0.939
name: models.architecture.block_type=simple_cls
training.mode=rollout
models.out_dim=10    avg_loss: 0.000000080621  time_per_window : 0.000161   progress : 0.950
name: models.architecture.block_type=simple_cls
training.mode=rollout
models.out_dim=10    avg_loss: 0.000000074292  time_per_window : 0.000160   progress : 0.961
name: models.architecture.block_type=simple_cls
training.mode=rollout
models.out_dim=10    avg_loss: 0.000000078181  time_per_window : 0.000166   progress : 0.972
name: models.architecture.block_type=simple_cls
training.mode=rollout
models.out_dim=10    avg_loss: 0.000000096082  time_per_window : 0.000169   progress : 0.983
name: models.architecture.block_type=simple_cls
training.mode=rollout
models.out_dim=10    avg_loss: 0.000000074485  time_per_window : 0.000172   progress : 0.994
name: models.architecture.block_type=simple_cls
training.mode=rollout
models.out_dim=10    avg_loss: 0.000017140785  time_per_window : 0.000135   progress : 0.011
name: models.architecture.block_type=simple_cls
training.mode=rollout
models.out_dim=10    avg_loss: 0.000002469188  time_per_window : 0.000150   progress : 0.022
name: models.architecture.block_type=simple_cls
training.mode=rollout
models.out_dim=10    avg_loss: 0.000001705392  time_per_window : 0.000153   progress : 0.033
name: models.architecture.block_type=simple_cls
training.mode=rollout
models.out_dim=10    avg_loss: 0.000001517780  time_per_window : 0.000150   progress : 0.044
name: models.architecture.block_type=simple_cls
training.mode=rollout
models.out_dim=10    avg_loss: 0.000001408180  time_per_window : 0.000167   progress : 0.055
name: models.architecture.block_type=simple_cls
training.mode=rollout
models.out_dim=10    avg_loss: 0.000001486398  time_per_window : 0.000168   progress : 0.066
name: models.architecture.block_type=simple_cls
training.mode=rollout
models.out_dim=10    avg_loss: 0.000001294751  time_per_window : 0.000176   progress : 0.076
name: models.architecture.block_type=simple_cls
training.mode=rollout
models.out_dim=10    avg_loss: 0.000001293541  time_per_window : 0.000157   progress : 0.087
name: models.architecture.block_type=simple_cls
training.mode=rollout
models.out_dim=10    avg_loss: 0.000001184878  time_per_window : 0.000173   progress : 0.098
name: models.architecture.block_type=simple_cls
training.mode=rollout
models.out_dim=10    avg_loss: 0.000001166163  time_per_window : 0.000183   progress : 0.109
name: models.architecture.block_type=simple_cls
training.mode=rollout
models.out_dim=10    avg_loss: 0.000001119237  time_per_window : 0.000145   progress : 0.120
name: models.architecture.block_type=simple_cls
training.mode=rollout
models.out_dim=10    avg_loss: 0.000001107532  time_per_window : 0.000163   progress : 0.131
name: models.architecture.block_type=simple_cls
training.mode=rollout
models.out_dim=10    avg_loss: 0.000001178985  time_per_window : 0.000149   progress : 0.142
name: models.architecture.block_type=simple_cls
training.mode=rollout
models.out_dim=10    avg_loss: 0.000001147809  time_per_window : 0.000157   progress : 0.153
name: models.architecture.block_type=simple_cls
training.mode=rollout
models.out_dim=10    avg_loss: 0.000000950154  time_per_window : 0.000169   progress : 0.164
name: models.architecture.block_type=simple_cls
training.mode=rollout
models.out_dim=10    avg_loss: 0.000001129597  time_per_window : 0.000172   progress : 0.175
name: models.architecture.block_type=simple_cls
training.mode=rollout
models.out_dim=10    avg_loss: 0.000001020035  time_per_window : 0.000171   progress : 0.186
name: models.architecture.block_type=simple_cls
training.mode=rollout
models.out_dim=10    avg_loss: 0.000001003380  time_per_window : 0.000169   progress : 0.197
name: models.architecture.block_type=simple_cls
training.mode=rollout
models.out_dim=10    avg_loss: 0.000001042092  time_per_window : 0.000133   progress : 0.208
name: models.architecture.block_type=simple_cls
training.mode=rollout
models.out_dim=10    avg_loss: 0.000000966857  time_per_window : 0.000167   progress : 0.218
name: models.architecture.block_type=simple_cls
training.mode=rollout
models.out_dim=10    avg_loss: 0.000001162094  time_per_window : 0.000176   progress : 0.229
name: models.architecture.block_type=simple_cls
training.mode=rollout
models.out_dim=10    avg_loss: 0.000000944115  time_per_window : 0.000174   progress : 0.240
name: models.architecture.block_type=simple_cls
training.mode=rollout
models.out_dim=10    avg_loss: 0.000000904536  time_per_window : 0.000176   progress : 0.251
name: models.architecture.block_type=simple_cls
training.mode=rollout
models.out_dim=10    avg_loss: 0.000000891557  time_per_window : 0.000143   progress : 0.262
name: models.architecture.block_type=simple_cls
training.mode=rollout
models.out_dim=10    avg_loss: 0.000000958367  time_per_window : 0.000166   progress : 0.273
name: models.architecture.block_type=simple_cls
training.mode=rollout
models.out_dim=10    avg_loss: 0.000000865062  time_per_window : 0.000166   progress : 0.284
name: models.architecture.block_type=simple_cls
training.mode=rollout
models.out_dim=10    avg_loss: 0.000001030102  time_per_window : 0.000156   progress : 0.295
name: models.architecture.block_type=simple_cls
training.mode=rollout
models.out_dim=10    avg_loss: 0.000000955814  time_per_window : 0.000165   progress : 0.306
name: models.architecture.block_type=simple_cls
training.mode=rollout
models.out_dim=10    avg_loss: 0.000000915232  time_per_window : 0.000144   progress : 0.317
name: models.architecture.block_type=simple_cls
training.mode=rollout
models.out_dim=10    avg_loss: 0.000000846306  time_per_window : 0.000188   progress : 0.328
name: models.architecture.block_type=simple_cls
training.mode=rollout
models.out_dim=10    avg_loss: 0.000000955778  time_per_window : 0.000162   progress : 0.339
name: models.architecture.block_type=simple_cls
training.mode=rollout
models.out_dim=10    avg_loss: 0.000000776868  time_per_window : 0.000157   progress : 0.350
name: models.architecture.block_type=simple_cls
training.mode=rollout
models.out_dim=10    avg_loss: 0.000000857053  time_per_window : 0.000177   progress : 0.360
name: models.architecture.block_type=simple_cls
training.mode=rollout
models.out_dim=10    avg_loss: 0.000000809071  time_per_window : 0.000148   progress : 0.371
name: models.architecture.block_type=simple_cls
training.mode=rollout
models.out_dim=10    avg_loss: 0.000000712467  time_per_window : 0.000176   progress : 0.382
name: models.architecture.block_type=simple_cls
training.mode=rollout
models.out_dim=10    avg_loss: 0.000000902702  time_per_window : 0.000167   progress : 0.393
name: models.architecture.block_type=simple_cls
training.mode=rollout
models.out_dim=10    avg_loss: 0.000000980367  time_per_window : 0.000158   progress : 0.404
name: models.architecture.block_type=simple_cls
training.mode=rollout
models.out_dim=10    avg_loss: 0.000000784710  time_per_window : 0.000161   progress : 0.415
name: models.architecture.block_type=simple_cls
training.mode=rollout
models.out_dim=10    avg_loss: 0.000000947383  time_per_window : 0.000169   progress : 0.426
name: models.architecture.block_type=simple_cls
training.mode=rollout
models.out_dim=10    avg_loss: 0.000000760061  time_per_window : 0.000175   progress : 0.437
name: models.architecture.block_type=simple_cls
training.mode=rollout
models.out_dim=10    avg_loss: 0.000000996497  time_per_window : 0.000182   progress : 0.448
name: models.architecture.block_type=simple_cls
training.mode=rollout
models.out_dim=10    avg_loss: 0.000000814972  time_per_window : 0.000159   progress : 0.459
name: models.architecture.block_type=simple_cls
training.mode=rollout
models.out_dim=10    avg_loss: 0.000000754088  time_per_window : 0.000171   progress : 0.470
name: models.architecture.block_type=simple_cls
training.mode=rollout
models.out_dim=10    avg_loss: 0.000000825119  time_per_window : 0.000188   progress : 0.481
name: models.architecture.block_type=simple_cls
training.mode=rollout
models.out_dim=10    avg_loss: 0.000000810410  time_per_window : 0.000162   progress : 0.492
name: models.architecture.block_type=simple_cls
training.mode=rollout
models.out_dim=10    avg_loss: 0.000000851834  time_per_window : 0.000145   progress : 0.502
name: models.architecture.block_type=simple_cls
training.mode=rollout
models.out_dim=10    avg_loss: 0.000000855757  time_per_window : 0.000187   progress : 0.513
name: models.architecture.block_type=simple_cls
training.mode=rollout
models.out_dim=10    avg_loss: 0.000000733044  time_per_window : 0.000179   progress : 0.524
name: models.architecture.block_type=simple_cls
training.mode=rollout
models.out_dim=10    avg_loss: 0.000000921355  time_per_window : 0.000162   progress : 0.535
name: models.architecture.block_type=simple_cls
training.mode=rollout
models.out_dim=10    avg_loss: 0.000000850239  time_per_window : 0.000168   progress : 0.546
name: models.architecture.block_type=simple_cls
training.mode=rollout
models.out_dim=10    avg_loss: 0.000000811838  time_per_window : 0.000156   progress : 0.557
name: models.architecture.block_type=simple_cls
training.mode=rollout
models.out_dim=10    avg_loss: 0.000000694491  time_per_window : 0.000152   progress : 0.568
name: models.architecture.block_type=simple_cls
training.mode=rollout
models.out_dim=10    avg_loss: 0.000000874762  time_per_window : 0.000168   progress : 0.579
name: models.architecture.block_type=simple_cls
training.mode=rollout
models.out_dim=10    avg_loss: 0.000000678275  time_per_window : 0.000164   progress : 0.590
name: models.architecture.block_type=simple_cls
training.mode=rollout
models.out_dim=10    avg_loss: 0.000000676273  time_per_window : 0.000196   progress : 0.601
name: models.architecture.block_type=simple_cls
training.mode=rollout
models.out_dim=10    avg_loss: 0.000000720973  time_per_window : 0.000156   progress : 0.612
name: models.architecture.block_type=simple_cls
training.mode=rollout
models.out_dim=10    avg_loss: 0.000000743816  time_per_window : 0.000136   progress : 0.623
name: models.architecture.block_type=simple_cls
training.mode=rollout
models.out_dim=10    avg_loss: 0.000000646435  time_per_window : 0.000154   progress : 0.634
name: models.architecture.block_type=simple_cls
training.mode=rollout
models.out_dim=10    avg_loss: 0.000000799272  time_per_window : 0.000167   progress : 0.644
name: models.architecture.block_type=simple_cls
training.mode=rollout
models.out_dim=10    avg_loss: 0.000000759693  time_per_window : 0.000166   progress : 0.655
name: models.architecture.block_type=simple_cls
training.mode=rollout
models.out_dim=10    avg_loss: 0.000000692536  time_per_window : 0.000153   progress : 0.666
name: models.architecture.block_type=simple_cls
training.mode=rollout
models.out_dim=10    avg_loss: 0.000000753316  time_per_window : 0.000172   progress : 0.677
name: models.architecture.block_type=simple_cls
training.mode=rollout
models.out_dim=10    avg_loss: 0.000000752184  time_per_window : 0.000155   progress : 0.688
name: models.architecture.block_type=simple_cls
training.mode=rollout
models.out_dim=10    avg_loss: 0.000000664267  time_per_window : 0.000160   progress : 0.699
name: models.architecture.block_type=simple_cls
training.mode=rollout
models.out_dim=10    avg_loss: 0.000000554475  time_per_window : 0.000170   progress : 0.710
name: models.architecture.block_type=simple_cls
training.mode=rollout
models.out_dim=10    avg_loss: 0.000000720314  time_per_window : 0.000168   progress : 0.721
name: models.architecture.block_type=simple_cls
training.mode=rollout
models.out_dim=10    avg_loss: 0.000000661056  time_per_window : 0.000167   progress : 0.732
name: models.architecture.block_type=simple_cls
training.mode=rollout
models.out_dim=10    avg_loss: 0.000000675209  time_per_window : 0.000156   progress : 0.743
name: models.architecture.block_type=simple_cls
training.mode=rollout
models.out_dim=10    avg_loss: 0.000000695286  time_per_window : 0.000198   progress : 0.754
name: models.architecture.block_type=simple_cls
training.mode=rollout
models.out_dim=10    avg_loss: 0.000000676632  time_per_window : 0.000150   progress : 0.765
name: models.architecture.block_type=simple_cls
training.mode=rollout
models.out_dim=10    avg_loss: 0.000000777180  time_per_window : 0.000174   progress : 0.775
name: models.architecture.block_type=simple_cls
training.mode=rollout
models.out_dim=10    avg_loss: 0.000000826044  time_per_window : 0.000153   progress : 0.786
name: models.architecture.block_type=simple_cls
training.mode=rollout
models.out_dim=10    avg_loss: 0.000000674895  time_per_window : 0.000156   progress : 0.797
name: models.architecture.block_type=simple_cls
training.mode=rollout
models.out_dim=10    avg_loss: 0.000000683564  time_per_window : 0.000163   progress : 0.808
name: models.architecture.block_type=simple_cls
training.mode=rollout
models.out_dim=10    avg_loss: 0.000000646422  time_per_window : 0.000172   progress : 0.819
name: models.architecture.block_type=simple_cls
training.mode=rollout
models.out_dim=10    avg_loss: 0.000000539384  time_per_window : 0.000200   progress : 0.830
name: models.architecture.block_type=simple_cls
training.mode=rollout
models.out_dim=10    avg_loss: 0.000000729821  time_per_window : 0.000172   progress : 0.841
name: models.architecture.block_type=simple_cls
training.mode=rollout
models.out_dim=10    avg_loss: 0.000000520776  time_per_window : 0.000158   progress : 0.852
name: models.architecture.block_type=simple_cls
training.mode=rollout
models.out_dim=10    avg_loss: 0.000000566428  time_per_window : 0.000167   progress : 0.863
name: models.architecture.block_type=simple_cls
training.mode=rollout
models.out_dim=10    avg_loss: 0.000000637243  time_per_window : 0.000160   progress : 0.874
name: models.architecture.block_type=simple_cls
training.mode=rollout
models.out_dim=10    avg_loss: 0.000000530292  time_per_window : 0.000179   progress : 0.885
name: models.architecture.block_type=simple_cls
training.mode=rollout
models.out_dim=10    avg_loss: 0.000000669767  time_per_window : 0.000165   progress : 0.896
name: models.architecture.block_type=simple_cls
training.mode=rollout
models.out_dim=10    avg_loss: 0.000000538757  time_per_window : 0.000187   progress : 0.907
name: models.architecture.block_type=simple_cls
training.mode=rollout
models.out_dim=10    avg_loss: 0.000000679230  time_per_window : 0.000146   progress : 0.917
name: models.architecture.block_type=simple_cls
training.mode=rollout
models.out_dim=10    avg_loss: 0.000000601592  time_per_window : 0.000164   progress : 0.928
name: models.architecture.block_type=simple_cls
training.mode=rollout
models.out_dim=10    avg_loss: 0.000000577177  time_per_window : 0.000191   progress : 0.939
name: models.architecture.block_type=simple_cls
training.mode=rollout
models.out_dim=10    avg_loss: 0.000000652933  time_per_window : 0.000148   progress : 0.950
name: models.architecture.block_type=simple_cls
training.mode=rollout
models.out_dim=10    avg_loss: 0.000000669536  time_per_window : 0.000145   progress : 0.961
name: models.architecture.block_type=simple_cls
training.mode=rollout
models.out_dim=10    avg_loss: 0.000000558700  time_per_window : 0.000183   progress : 0.972
name: models.architecture.block_type=simple_cls
training.mode=rollout
models.out_dim=10    avg_loss: 0.000000528543  time_per_window : 0.000171   progress : 0.983
name: models.architecture.block_type=simple_cls
training.mode=rollout
models.out_dim=10    avg_loss: 0.000000539770  time_per_window : 0.000153   progress : 0.994
name: models.architecture.block_type=simple_cls
training.mode=rollout
models.out_dim=10    avg_loss: 0.000001134312  time_per_window : 0.000174   progress : 0.011
name: models.architecture.block_type=simple_cls
training.mode=rollout
models.out_dim=10    avg_loss: 0.000000862586  time_per_window : 0.000165   progress : 0.022
name: models.architecture.block_type=simple_cls
training.mode=rollout
models.out_dim=10    avg_loss: 0.000000818912  time_per_window : 0.000154   progress : 0.033
name: models.architecture.block_type=simple_cls
training.mode=rollout
models.out_dim=10    avg_loss: 0.000000877304  time_per_window : 0.000155   progress : 0.044
name: models.architecture.block_type=simple_cls
training.mode=rollout
models.out_dim=10    avg_loss: 0.000000928818  time_per_window : 0.000164   progress : 0.055
name: models.architecture.block_type=simple_cls
training.mode=rollout
models.out_dim=10    avg_loss: 0.000000873240  time_per_window : 0.000151   progress : 0.066
name: models.architecture.block_type=simple_cls
training.mode=rollout
models.out_dim=10    avg_loss: 0.000000968800  time_per_window : 0.000166   progress : 0.076
name: models.architecture.block_type=simple_cls
training.mode=rollout
models.out_dim=10    avg_loss: 0.000000732847  time_per_window : 0.000161   progress : 0.087
name: models.architecture.block_type=simple_cls
training.mode=rollout
models.out_dim=10    avg_loss: 0.000000673650  time_per_window : 0.000160   progress : 0.098
name: models.architecture.block_type=simple_cls
training.mode=rollout
models.out_dim=10    avg_loss: 0.000000817254  time_per_window : 0.000164   progress : 0.109
name: models.architecture.block_type=simple_cls
training.mode=rollout
models.out_dim=10    avg_loss: 0.000000761298  time_per_window : 0.000165   progress : 0.120
name: models.architecture.block_type=simple_cls
training.mode=rollout
models.out_dim=10    avg_loss: 0.000000708161  time_per_window : 0.000178   progress : 0.131
name: models.architecture.block_type=simple_cls
training.mode=rollout
models.out_dim=10    avg_loss: 0.000000740842  time_per_window : 0.000170   progress : 0.142
name: models.architecture.block_type=simple_cls
training.mode=rollout
models.out_dim=10    avg_loss: 0.000000807635  time_per_window : 0.000164   progress : 0.153
name: models.architecture.block_type=simple_cls
training.mode=rollout
models.out_dim=10    avg_loss: 0.000000644989  time_per_window : 0.000179   progress : 0.164
name: models.architecture.block_type=simple_cls
training.mode=rollout
models.out_dim=10    avg_loss: 0.000000738452  time_per_window : 0.000175   progress : 0.175
name: models.architecture.block_type=simple_cls
training.mode=rollout
models.out_dim=10    avg_loss: 0.000000667536  time_per_window : 0.000167   progress : 0.186
name: models.architecture.block_type=simple_cls
training.mode=rollout
models.out_dim=10    avg_loss: 0.000000679812  time_per_window : 0.000171   progress : 0.197
name: models.architecture.block_type=simple_cls
training.mode=rollout
models.out_dim=10    avg_loss: 0.000000655484  time_per_window : 0.000156   progress : 0.208
name: models.architecture.block_type=simple_cls
training.mode=rollout
models.out_dim=10    avg_loss: 0.000000749396  time_per_window : 0.000157   progress : 0.218
name: models.architecture.block_type=simple_cls
training.mode=rollout
models.out_dim=10    avg_loss: 0.000000664445  time_per_window : 0.000174   progress : 0.229
name: models.architecture.block_type=simple_cls
training.mode=rollout
models.out_dim=10    avg_loss: 0.000000632237  time_per_window : 0.000171   progress : 0.240
name: models.architecture.block_type=simple_cls
training.mode=rollout
models.out_dim=10    avg_loss: 0.000000849005  time_per_window : 0.000162   progress : 0.251
name: models.architecture.block_type=simple_cls
training.mode=rollout
models.out_dim=10    avg_loss: 0.000000671535  time_per_window : 0.000175   progress : 0.262
name: models.architecture.block_type=simple_cls
training.mode=rollout
models.out_dim=10    avg_loss: 0.000000616357  time_per_window : 0.000154   progress : 0.273
name: models.architecture.block_type=simple_cls
training.mode=rollout
models.out_dim=10    avg_loss: 0.000000643026  time_per_window : 0.000149   progress : 0.284
name: models.architecture.block_type=simple_cls
training.mode=rollout
models.out_dim=10    avg_loss: 0.000000686449  time_per_window : 0.000158   progress : 0.295
name: models.architecture.block_type=simple_cls
training.mode=rollout
models.out_dim=10    avg_loss: 0.000000750869  time_per_window : 0.000163   progress : 0.306
name: models.architecture.block_type=simple_cls
training.mode=rollout
models.out_dim=10    avg_loss: 0.000000589274  time_per_window : 0.000172   progress : 0.317
name: models.architecture.block_type=simple_cls
training.mode=rollout
models.out_dim=10    avg_loss: 0.000000694814  time_per_window : 0.000161   progress : 0.328
name: models.architecture.block_type=simple_cls
training.mode=rollout
models.out_dim=10    avg_loss: 0.000000707131  time_per_window : 0.000173   progress : 0.339
name: models.architecture.block_type=simple_cls
training.mode=rollout
models.out_dim=10    avg_loss: 0.000000603307  time_per_window : 0.000151   progress : 0.350
name: models.architecture.block_type=simple_cls
training.mode=rollout
models.out_dim=10    avg_loss: 0.000000720120  time_per_window : 0.000176   progress : 0.360
name: models.architecture.block_type=simple_cls
training.mode=rollout
models.out_dim=10    avg_loss: 0.000000597014  time_per_window : 0.000158   progress : 0.371
name: models.architecture.block_type=simple_cls
training.mode=rollout
models.out_dim=10    avg_loss: 0.000000622954  time_per_window : 0.000154   progress : 0.382
name: models.architecture.block_type=simple_cls
training.mode=rollout
models.out_dim=10    avg_loss: 0.000000705211  time_per_window : 0.000167   progress : 0.393
name: models.architecture.block_type=simple_cls
training.mode=rollout
models.out_dim=10    avg_loss: 0.000000665055  time_per_window : 0.000174   progress : 0.404
name: models.architecture.block_type=simple_cls
training.mode=rollout
models.out_dim=10    avg_loss: 0.000000696066  time_per_window : 0.000170   progress : 0.415
name: models.architecture.block_type=simple_cls
training.mode=rollout
models.out_dim=10    avg_loss: 0.000000640517  time_per_window : 0.000188   progress : 0.426
name: models.architecture.block_type=simple_cls
training.mode=rollout
models.out_dim=10    avg_loss: 0.000000613086  time_per_window : 0.000177   progress : 0.437
name: models.architecture.block_type=simple_cls
training.mode=rollout
models.out_dim=10    avg_loss: 0.000000639885  time_per_window : 0.000152   progress : 0.448
name: models.architecture.block_type=simple_cls
training.mode=rollout
models.out_dim=10    avg_loss: 0.000000625723  time_per_window : 0.000171   progress : 0.459
name: models.architecture.block_type=simple_cls
training.mode=rollout
models.out_dim=10    avg_loss: 0.000000677107  time_per_window : 0.000168   progress : 0.470
name: models.architecture.block_type=simple_cls
training.mode=rollout
models.out_dim=10    avg_loss: 0.000000597629  time_per_window : 0.000150   progress : 0.481
name: models.architecture.block_type=simple_cls
training.mode=rollout
models.out_dim=10    avg_loss: 0.000000576720  time_per_window : 0.000174   progress : 0.492
name: models.architecture.block_type=simple_cls
training.mode=rollout
models.out_dim=10    avg_loss: 0.000000782556  time_per_window : 0.000148   progress : 0.502
name: models.architecture.block_type=simple_cls
training.mode=rollout
models.out_dim=10    avg_loss: 0.000000624457  time_per_window : 0.000159   progress : 0.513
name: models.architecture.block_type=simple_cls
training.mode=rollout
models.out_dim=10    avg_loss: 0.000000658486  time_per_window : 0.000160   progress : 0.524
name: models.architecture.block_type=simple_cls
training.mode=rollout
models.out_dim=10    avg_loss: 0.000000696164  time_per_window : 0.000156   progress : 0.535
name: models.architecture.block_type=simple_cls
training.mode=rollout
models.out_dim=10    avg_loss: 0.000000682685  time_per_window : 0.000180   progress : 0.546
name: models.architecture.block_type=simple_cls
training.mode=rollout
models.out_dim=10    avg_loss: 0.000000669682  time_per_window : 0.000174   progress : 0.557
name: models.architecture.block_type=simple_cls
training.mode=rollout
models.out_dim=10    avg_loss: 0.000000624706  time_per_window : 0.000177   progress : 0.568
name: models.architecture.block_type=simple_cls
training.mode=rollout
models.out_dim=10    avg_loss: 0.000000656604  time_per_window : 0.000144   progress : 0.579
name: models.architecture.block_type=simple_cls
training.mode=rollout
models.out_dim=10    avg_loss: 0.000000735897  time_per_window : 0.000166   progress : 0.590
name: models.architecture.block_type=simple_cls
training.mode=rollout
models.out_dim=10    avg_loss: 0.000000687075  time_per_window : 0.000164   progress : 0.601
name: models.architecture.block_type=simple_cls
training.mode=rollout
models.out_dim=10    avg_loss: 0.000000550475  time_per_window : 0.000160   progress : 0.612
name: models.architecture.block_type=simple_cls
training.mode=rollout
models.out_dim=10    avg_loss: 0.000000679921  time_per_window : 0.000185   progress : 0.623
name: models.architecture.block_type=simple_cls
training.mode=rollout
models.out_dim=10    avg_loss: 0.000000533160  time_per_window : 0.000180   progress : 0.634
name: models.architecture.block_type=simple_cls
training.mode=rollout
models.out_dim=10    avg_loss: 0.000000688790  time_per_window : 0.000168   progress : 0.644
name: models.architecture.block_type=simple_cls
training.mode=rollout
models.out_dim=10    avg_loss: 0.000000602953  time_per_window : 0.000210   progress : 0.655
name: models.architecture.block_type=simple_cls
training.mode=rollout
models.out_dim=10    avg_loss: 0.000000635325  time_per_window : 0.000142   progress : 0.666
name: models.architecture.block_type=simple_cls
training.mode=rollout
models.out_dim=10    avg_loss: 0.000000592730  time_per_window : 0.000165   progress : 0.677
name: models.architecture.block_type=simple_cls
training.mode=rollout
models.out_dim=10    avg_loss: 0.000000608432  time_per_window : 0.000176   progress : 0.688
name: models.architecture.block_type=simple_cls
training.mode=rollout
models.out_dim=10    avg_loss: 0.000000650103  time_per_window : 0.000165   progress : 0.699
name: models.architecture.block_type=simple_cls
training.mode=rollout
models.out_dim=10    avg_loss: 0.000000608808  time_per_window : 0.000176   progress : 0.710
name: models.architecture.block_type=simple_cls
training.mode=rollout
models.out_dim=10    avg_loss: 0.000000608605  time_per_window : 0.000158   progress : 0.721
name: models.architecture.block_type=simple_cls
training.mode=rollout
models.out_dim=10    avg_loss: 0.000000555585  time_per_window : 0.000148   progress : 0.732
name: models.architecture.block_type=simple_cls
training.mode=rollout
models.out_dim=10    avg_loss: 0.000000546623  time_per_window : 0.000155   progress : 0.743
name: models.architecture.block_type=simple_cls
training.mode=rollout
models.out_dim=10    avg_loss: 0.000000726692  time_per_window : 0.000178   progress : 0.754
name: models.architecture.block_type=simple_cls
training.mode=rollout
models.out_dim=10    avg_loss: 0.000000719577  time_per_window : 0.000172   progress : 0.765
name: models.architecture.block_type=simple_cls
training.mode=rollout
models.out_dim=10    avg_loss: 0.000000614586  time_per_window : 0.000173   progress : 0.775
name: models.architecture.block_type=simple_cls
training.mode=rollout
models.out_dim=10    avg_loss: 0.000000596086  time_per_window : 0.000174   progress : 0.786
name: models.architecture.block_type=simple_cls
training.mode=rollout
models.out_dim=10    avg_loss: 0.000000587617  time_per_window : 0.000148   progress : 0.797
name: models.architecture.block_type=simple_cls
training.mode=rollout
models.out_dim=10    avg_loss: 0.000000549619  time_per_window : 0.000144   progress : 0.808
name: models.architecture.block_type=simple_cls
training.mode=rollout
models.out_dim=10    avg_loss: 0.000000611461  time_per_window : 0.000158   progress : 0.819
name: models.architecture.block_type=simple_cls
training.mode=rollout
models.out_dim=10    avg_loss: 0.000000542234  time_per_window : 0.000165   progress : 0.830
name: models.architecture.block_type=simple_cls
training.mode=rollout
models.out_dim=10    avg_loss: 0.000000615151  time_per_window : 0.000152   progress : 0.841
name: models.architecture.block_type=simple_cls
training.mode=rollout
models.out_dim=10    avg_loss: 0.000000524012  time_per_window : 0.000168   progress : 0.852
name: models.architecture.block_type=simple_cls
training.mode=rollout
models.out_dim=10    avg_loss: 0.000000709419  time_per_window : 0.000159   progress : 0.863
name: models.architecture.block_type=simple_cls
training.mode=rollout
models.out_dim=10    avg_loss: 0.000000831502  time_per_window : 0.000160   progress : 0.874
name: models.architecture.block_type=simple_cls
training.mode=rollout
models.out_dim=10    avg_loss: 0.000000625415  time_per_window : 0.000180   progress : 0.885
name: models.architecture.block_type=simple_cls
training.mode=rollout
models.out_dim=10    avg_loss: 0.000000543000  time_per_window : 0.000179   progress : 0.896
name: models.architecture.block_type=simple_cls
training.mode=rollout
models.out_dim=10    avg_loss: 0.000000630298  time_per_window : 0.000191   progress : 0.907
name: models.architecture.block_type=simple_cls
training.mode=rollout
models.out_dim=10    avg_loss: 0.000000579274  time_per_window : 0.000156   progress : 0.917
name: models.architecture.block_type=simple_cls
training.mode=rollout
models.out_dim=10    avg_loss: 0.000000627074  time_per_window : 0.000155   progress : 0.928
name: models.architecture.block_type=simple_cls
training.mode=rollout
models.out_dim=10    avg_loss: 0.000000507172  time_per_window : 0.000161   progress : 0.939
name: models.architecture.block_type=simple_cls
training.mode=rollout
models.out_dim=10    avg_loss: 0.000000653339  time_per_window : 0.000156   progress : 0.950
name: models.architecture.block_type=simple_cls
training.mode=rollout
models.out_dim=10    avg_loss: 0.000000618668  time_per_window : 0.000165   progress : 0.961
name: models.architecture.block_type=simple_cls
training.mode=rollout
models.out_dim=10    avg_loss: 0.000000523673  time_per_window : 0.000164   progress : 0.972
name: models.architecture.block_type=simple_cls
training.mode=rollout
models.out_dim=10    avg_loss: 0.000000647055  time_per_window : 0.000148   progress : 0.983
name: models.architecture.block_type=simple_cls
training.mode=rollout
models.out_dim=10    avg_loss: 0.000000531263  time_per_window : 0.000171   progress : 0.994
DONE!!!
