/home/jdihardjo/miniconda3/envs/mavenv/lib/python3.11/site-packages/hydra/_internal/defaults_list.py:251: UserWarning: In 'config': Defaults list is missing `_self_`. See https://hydra.cc/docs/1.2/upgrades/1.0_to_1.1/default_composition_order for more information
  warnings.warn(msg, UserWarning)
Using cuda:0 device
[2026-07-23 14:21:08,133][HYDRA] Joblib.Parallel(n_jobs=4,backend=loky,prefer=processes,require=None,verbose=0,timeout=None,pre_dispatch=2*n_jobs,batch_size=auto,temp_folder=None,max_nbytes=None,mmap_mode=r) is launching 1 jobs
[2026-07-23 14:21:08,133][HYDRA] Launching jobs, sweep output dir : ablation_runs/2026-07-23_10-49-16/cls_out13
[2026-07-23 14:21:08,133][HYDRA] 	#0 : models.architecture.block_type=cls training.mode=rollout models.out_dim=13
/home/jdihardjo/miniconda3/envs/mavenv/lib/python3.11/site-packages/hydra/_internal/defaults_list.py:251: UserWarning: In 'config': Defaults list is missing `_self_`. See https://hydra.cc/docs/1.2/upgrades/1.0_to_1.1/default_composition_order for more information
  warnings.warn(msg, UserWarning)
models:
  n_dim: 23
  out_dim: 13
  architecture:
    d_model: 128
    n_encoder_layers: 2
    n_decoder_layers: 0
    block_type: cls
    time_adapter: last_token
    in_norm: none
    out_norm: none
    layer_scale: 0.0001
    drop_path: 0.05
    mamba_type: mamba
    mamba_kwargs:
      d_state: 16
      d_conv: 2
      expand: 2
      norm: rms
    skip: false
    cls_kwargs:
      n_heads: 2
      n_mlp: 2
      positional_encoding: false
      max_len: 5000
input_len: 32
output_len: 1
batch_size: 128
epochs: 5
seed: 0
dataset:
  path: /home/jdihardjo/simdata/train.zarr/
  training_size: 1500000
evaluation:
  path: /home/jdihardjo/simdata/evaluation.zarr/
  evaluation_size: 50
training:
  mode: rollout
  lr: 0.0002
  weight_decay: 0.1
  rollout_steps: 16
checkpoint:
  save_path: hydra-test.pth
  load: false
  path: hydra-test.pth
compile: true

/home/jdihardjo/miniconda3/envs/mavenv/lib/python3.11/site-packages/torch/_inductor/cudagraph_trees.py:2622: UserWarning: Unable to hit fast path of CUDAGraphs because outputs from a previous step still require backward. Ensure backward() is invoked or detach outputs. You may also call torch.compiler.cudagraph_mark_step_begin() before each model invocation.
  warnings.warn(
name: models.architecture.block_type=cls
training.mode=rollout
models.out_dim=13    avg_loss: 0.000050885239  time_per_window : 0.000220   progress : 0.011
name: models.architecture.block_type=cls
training.mode=rollout
models.out_dim=13    avg_loss: 0.000007133694  time_per_window : 0.000258   progress : 0.022
name: models.architecture.block_type=cls
training.mode=rollout
models.out_dim=13    avg_loss: 0.000006911058  time_per_window : 0.000302   progress : 0.033
name: models.architecture.block_type=cls
training.mode=rollout
models.out_dim=13    avg_loss: 0.000006935523  time_per_window : 0.000192   progress : 0.044
name: models.architecture.block_type=cls
training.mode=rollout
models.out_dim=13    avg_loss: 0.000006863333  time_per_window : 0.000252   progress : 0.055
name: models.architecture.block_type=cls
training.mode=rollout
models.out_dim=13    avg_loss: 0.000006782756  time_per_window : 0.000249   progress : 0.066
name: models.architecture.block_type=cls
training.mode=rollout
models.out_dim=13    avg_loss: 0.000006849157  time_per_window : 0.000264   progress : 0.076
name: models.architecture.block_type=cls
training.mode=rollout
models.out_dim=13    avg_loss: 0.000006766275  time_per_window : 0.000207   progress : 0.087
name: models.architecture.block_type=cls
training.mode=rollout
models.out_dim=13    avg_loss: 0.000006583733  time_per_window : 0.000289   progress : 0.098
name: models.architecture.block_type=cls
training.mode=rollout
models.out_dim=13    avg_loss: 0.000006810606  time_per_window : 0.000270   progress : 0.109
name: models.architecture.block_type=cls
training.mode=rollout
models.out_dim=13    avg_loss: 0.000006898076  time_per_window : 0.000276   progress : 0.120
name: models.architecture.block_type=cls
training.mode=rollout
models.out_dim=13    avg_loss: 0.000006720644  time_per_window : 0.000282   progress : 0.131
name: models.architecture.block_type=cls
training.mode=rollout
models.out_dim=13    avg_loss: 0.000006649902  time_per_window : 0.000250   progress : 0.142
name: models.architecture.block_type=cls
training.mode=rollout
models.out_dim=13    avg_loss: 0.000006912926  time_per_window : 0.000273   progress : 0.153
name: models.architecture.block_type=cls
training.mode=rollout
models.out_dim=13    avg_loss: 0.000006736506  time_per_window : 0.000303   progress : 0.164
name: models.architecture.block_type=cls
training.mode=rollout
models.out_dim=13    avg_loss: 0.000006624470  time_per_window : 0.000276   progress : 0.175
name: models.architecture.block_type=cls
training.mode=rollout
models.out_dim=13    avg_loss: 0.000006606827  time_per_window : 0.000219   progress : 0.186
name: models.architecture.block_type=cls
training.mode=rollout
models.out_dim=13    avg_loss: 0.000006408663  time_per_window : 0.000300   progress : 0.197
name: models.architecture.block_type=cls
training.mode=rollout
models.out_dim=13    avg_loss: 0.000006483374  time_per_window : 0.000201   progress : 0.208
name: models.architecture.block_type=cls
training.mode=rollout
models.out_dim=13    avg_loss: 0.000006701136  time_per_window : 0.000246   progress : 0.218
name: models.architecture.block_type=cls
training.mode=rollout
models.out_dim=13    avg_loss: 0.000006628510  time_per_window : 0.000258   progress : 0.229
name: models.architecture.block_type=cls
training.mode=rollout
models.out_dim=13    avg_loss: 0.000006478521  time_per_window : 0.000266   progress : 0.240
name: models.architecture.block_type=cls
training.mode=rollout
models.out_dim=13    avg_loss: 0.000006615725  time_per_window : 0.000286   progress : 0.251
name: models.architecture.block_type=cls
training.mode=rollout
models.out_dim=13    avg_loss: 0.000006583729  time_per_window : 0.000264   progress : 0.262
name: models.architecture.block_type=cls
training.mode=rollout
models.out_dim=13    avg_loss: 0.000006399610  time_per_window : 0.000255   progress : 0.273
name: models.architecture.block_type=cls
training.mode=rollout
models.out_dim=13    avg_loss: 0.000006545899  time_per_window : 0.000200   progress : 0.284
name: models.architecture.block_type=cls
training.mode=rollout
models.out_dim=13    avg_loss: 0.000006540769  time_per_window : 0.000259   progress : 0.295
name: models.architecture.block_type=cls
training.mode=rollout
models.out_dim=13    avg_loss: 0.000006517526  time_per_window : 0.000283   progress : 0.306
name: models.architecture.block_type=cls
training.mode=rollout
models.out_dim=13    avg_loss: 0.000006373096  time_per_window : 0.000272   progress : 0.317
name: models.architecture.block_type=cls
training.mode=rollout
models.out_dim=13    avg_loss: 0.000006502830  time_per_window : 0.000272   progress : 0.328
name: models.architecture.block_type=cls
training.mode=rollout
models.out_dim=13    avg_loss: 0.000006580079  time_per_window : 0.000225   progress : 0.339
name: models.architecture.block_type=cls
training.mode=rollout
models.out_dim=13    avg_loss: 0.000006353288  time_per_window : 0.000267   progress : 0.350
name: models.architecture.block_type=cls
training.mode=rollout
models.out_dim=13    avg_loss: 0.000006387520  time_per_window : 0.000236   progress : 0.360
name: models.architecture.block_type=cls
training.mode=rollout
models.out_dim=13    avg_loss: 0.000006333245  time_per_window : 0.000254   progress : 0.371
name: models.architecture.block_type=cls
training.mode=rollout
models.out_dim=13    avg_loss: 0.000006500745  time_per_window : 0.000260   progress : 0.382
name: models.architecture.block_type=cls
training.mode=rollout
models.out_dim=13    avg_loss: 0.000006391494  time_per_window : 0.000286   progress : 0.393
name: models.architecture.block_type=cls
training.mode=rollout
models.out_dim=13    avg_loss: 0.000006622398  time_per_window : 0.000267   progress : 0.404
name: models.architecture.block_type=cls
training.mode=rollout
models.out_dim=13    avg_loss: 0.000006475166  time_per_window : 0.000270   progress : 0.415
name: models.architecture.block_type=cls
training.mode=rollout
models.out_dim=13    avg_loss: 0.000006538180  time_per_window : 0.000256   progress : 0.426
name: models.architecture.block_type=cls
training.mode=rollout
models.out_dim=13    avg_loss: 0.000006373567  time_per_window : 0.000291   progress : 0.437
name: models.architecture.block_type=cls
training.mode=rollout
models.out_dim=13    avg_loss: 0.000006474519  time_per_window : 0.000209   progress : 0.448
name: models.architecture.block_type=cls
training.mode=rollout
models.out_dim=13    avg_loss: 0.000006352056  time_per_window : 0.000272   progress : 0.459
name: models.architecture.block_type=cls
training.mode=rollout
models.out_dim=13    avg_loss: 0.000006322626  time_per_window : 0.000274   progress : 0.470
name: models.architecture.block_type=cls
training.mode=rollout
models.out_dim=13    avg_loss: 0.000006265375  time_per_window : 0.000255   progress : 0.481
name: models.architecture.block_type=cls
training.mode=rollout
models.out_dim=13    avg_loss: 0.000006348433  time_per_window : 0.000284   progress : 0.492
name: models.architecture.block_type=cls
training.mode=rollout
models.out_dim=13    avg_loss: 0.000006525185  time_per_window : 0.000269   progress : 0.502
name: models.architecture.block_type=cls
training.mode=rollout
models.out_dim=13    avg_loss: 0.000006347293  time_per_window : 0.000241   progress : 0.513
name: models.architecture.block_type=cls
training.mode=rollout
models.out_dim=13    avg_loss: 0.000006517311  time_per_window : 0.000231   progress : 0.524
name: models.architecture.block_type=cls
training.mode=rollout
models.out_dim=13    avg_loss: 0.000006521961  time_per_window : 0.000248   progress : 0.535
name: models.architecture.block_type=cls
training.mode=rollout
models.out_dim=13    avg_loss: 0.000006381278  time_per_window : 0.000254   progress : 0.546
name: models.architecture.block_type=cls
training.mode=rollout
models.out_dim=13    avg_loss: 0.000006464327  time_per_window : 0.000253   progress : 0.557
name: models.architecture.block_type=cls
training.mode=rollout
models.out_dim=13    avg_loss: 0.000006245307  time_per_window : 0.000277   progress : 0.568
name: models.architecture.block_type=cls
training.mode=rollout
models.out_dim=13    avg_loss: 0.000006402631  time_per_window : 0.000261   progress : 0.579/home/jdihardjo/miniconda3/envs/mavenv/lib/python3.11/site-packages/torch/_inductor/cudagraph_trees.py:2622: UserWarning: Unable to hit fast path of CUDAGraphs because outputs from a previous step still require backward. Ensure backward() is invoked or detach outputs. You may also call torch.compiler.cudagraph_mark_step_begin() before each model invocation.
  warnings.warn(
/home/jdihardjo/miniconda3/envs/mavenv/lib/python3.11/site-packages/torch/_inductor/cudagraph_trees.py:2622: UserWarning: Unable to hit fast path of CUDAGraphs because outputs from a previous step still require backward. Ensure backward() is invoked or detach outputs. You may also call torch.compiler.cudagraph_mark_step_begin() before each model invocation.
  warnings.warn(

name: models.architecture.block_type=cls
training.mode=rollout
models.out_dim=13    avg_loss: 0.000006510022  time_per_window : 0.000211   progress : 0.590
name: models.architecture.block_type=cls
training.mode=rollout
models.out_dim=13    avg_loss: 0.000006306339  time_per_window : 0.000253   progress : 0.601
name: models.architecture.block_type=cls
training.mode=rollout
models.out_dim=13    avg_loss: 0.000006389757  time_per_window : 0.000213   progress : 0.612
name: models.architecture.block_type=cls
training.mode=rollout
models.out_dim=13    avg_loss: 0.000006238690  time_per_window : 0.000263   progress : 0.623
name: models.architecture.block_type=cls
training.mode=rollout
models.out_dim=13    avg_loss: 0.000006543068  time_per_window : 0.000217   progress : 0.634
name: models.architecture.block_type=cls
training.mode=rollout
models.out_dim=13    avg_loss: 0.000006436210  time_per_window : 0.000228   progress : 0.644
name: models.architecture.block_type=cls
training.mode=rollout
models.out_dim=13    avg_loss: 0.000006424391  time_per_window : 0.000225   progress : 0.655
name: models.architecture.block_type=cls
training.mode=rollout
models.out_dim=13    avg_loss: 0.000006263186  time_per_window : 0.000273   progress : 0.666
name: models.architecture.block_type=cls
training.mode=rollout
models.out_dim=13    avg_loss: 0.000006439383  time_per_window : 0.000253   progress : 0.677
name: models.architecture.block_type=cls
training.mode=rollout
models.out_dim=13    avg_loss: 0.000006347761  time_per_window : 0.000272   progress : 0.688
name: models.architecture.block_type=cls
training.mode=rollout
models.out_dim=13    avg_loss: 0.000006248061  time_per_window : 0.000264   progress : 0.699
name: models.architecture.block_type=cls
training.mode=rollout
models.out_dim=13    avg_loss: 0.000006523715  time_per_window : 0.000234   progress : 0.710
name: models.architecture.block_type=cls
training.mode=rollout
models.out_dim=13    avg_loss: 0.000006218975  time_per_window : 0.000266   progress : 0.721
name: models.architecture.block_type=cls
training.mode=rollout
models.out_dim=13    avg_loss: 0.000006336185  time_per_window : 0.000263   progress : 0.732
name: models.architecture.block_type=cls
training.mode=rollout
models.out_dim=13    avg_loss: 0.000006478449  time_per_window : 0.000224   progress : 0.743
name: models.architecture.block_type=cls
training.mode=rollout
models.out_dim=13    avg_loss: 0.000006401937  time_per_window : 0.000254   progress : 0.754
name: models.architecture.block_type=cls
training.mode=rollout
models.out_dim=13    avg_loss: 0.000006235753  time_per_window : 0.000259   progress : 0.765
name: models.architecture.block_type=cls
training.mode=rollout
models.out_dim=13    avg_loss: 0.000006496748  time_per_window : 0.000221   progress : 0.775
name: models.architecture.block_type=cls
training.mode=rollout
models.out_dim=13    avg_loss: 0.000006480169  time_per_window : 0.000285   progress : 0.786
name: models.architecture.block_type=cls
training.mode=rollout
models.out_dim=13    avg_loss: 0.000006423912  time_per_window : 0.000275   progress : 0.797
name: models.architecture.block_type=cls
training.mode=rollout
models.out_dim=13    avg_loss: 0.000006192318  time_per_window : 0.000265   progress : 0.808
name: models.architecture.block_type=cls
training.mode=rollout
models.out_dim=13    avg_loss: 0.000006317447  time_per_window : 0.000211   progress : 0.819
name: models.architecture.block_type=cls
training.mode=rollout
models.out_dim=13    avg_loss: 0.000006312986  time_per_window : 0.000265   progress : 0.830
name: models.architecture.block_type=cls
training.mode=rollout
models.out_dim=13    avg_loss: 0.000006466692  time_per_window : 0.000265   progress : 0.841
name: models.architecture.block_type=cls
training.mode=rollout
models.out_dim=13    avg_loss: 0.000006309430  time_per_window : 0.000218   progress : 0.852
name: models.architecture.block_type=cls
training.mode=rollout
models.out_dim=13    avg_loss: 0.000006364570  time_per_window : 0.000182   progress : 0.863
name: models.architecture.block_type=cls
training.mode=rollout
models.out_dim=13    avg_loss: 0.000006354097  time_per_window : 0.000203   progress : 0.874
name: models.architecture.block_type=cls
training.mode=rollout
models.out_dim=13    avg_loss: 0.000006321659  time_per_window : 0.000218   progress : 0.885
name: models.architecture.block_type=cls
training.mode=rollout
models.out_dim=13    avg_loss: 0.000006226767  time_per_window : 0.000220   progress : 0.896
name: models.architecture.block_type=cls
training.mode=rollout
models.out_dim=13    avg_loss: 0.000006393863  time_per_window : 0.000176   progress : 0.907
name: models.architecture.block_type=cls
training.mode=rollout
models.out_dim=13    avg_loss: 0.000006487545  time_per_window : 0.000179   progress : 0.917
name: models.architecture.block_type=cls
training.mode=rollout
models.out_dim=13    avg_loss: 0.000006345134  time_per_window : 0.000178   progress : 0.928
name: models.architecture.block_type=cls
training.mode=rollout
models.out_dim=13    avg_loss: 0.000006381123  time_per_window : 0.000185   progress : 0.939
name: models.architecture.block_type=cls
training.mode=rollout
models.out_dim=13    avg_loss: 0.000006238242  time_per_window : 0.000218   progress : 0.950
name: models.architecture.block_type=cls
training.mode=rollout
models.out_dim=13    avg_loss: 0.000006321585  time_per_window : 0.000203   progress : 0.961
name: models.architecture.block_type=cls
training.mode=rollout
models.out_dim=13    avg_loss: 0.000006319184  time_per_window : 0.000175   progress : 0.972
name: models.architecture.block_type=cls
training.mode=rollout
models.out_dim=13    avg_loss: 0.000006332328  time_per_window : 0.000205   progress : 0.983
name: models.architecture.block_type=cls
training.mode=rollout
models.out_dim=13    avg_loss: 0.000006434487  time_per_window : 0.000174   progress : 0.994
name: models.architecture.block_type=cls
training.mode=rollout
models.out_dim=13    avg_loss: 0.000006579105  time_per_window : 0.000242   progress : 0.011
name: models.architecture.block_type=cls
training.mode=rollout
models.out_dim=13    avg_loss: 0.000006278871  time_per_window : 0.000192   progress : 0.022
name: models.architecture.block_type=cls
training.mode=rollout
models.out_dim=13    avg_loss: 0.000006198297  time_per_window : 0.000215   progress : 0.033
name: models.architecture.block_type=cls
training.mode=rollout
models.out_dim=13    avg_loss: 0.000006271232  time_per_window : 0.000268   progress : 0.044
name: models.architecture.block_type=cls
training.mode=rollout
models.out_dim=13    avg_loss: 0.000006219402  time_per_window : 0.000246   progress : 0.055
name: models.architecture.block_type=cls
training.mode=rollout
models.out_dim=13    avg_loss: 0.000006193782  time_per_window : 0.000235   progress : 0.066
name: models.architecture.block_type=cls
training.mode=rollout
models.out_dim=13    avg_loss: 0.000006261408  time_per_window : 0.000188   progress : 0.076
name: models.architecture.block_type=cls
training.mode=rollout
models.out_dim=13    avg_loss: 0.000006192668  time_per_window : 0.000158   progress : 0.087
name: models.architecture.block_type=cls
training.mode=rollout
models.out_dim=13    avg_loss: 0.000006071347  time_per_window : 0.000264   progress : 0.098
name: models.architecture.block_type=cls
training.mode=rollout
models.out_dim=13    avg_loss: 0.000006251066  time_per_window : 0.000219   progress : 0.109
name: models.architecture.block_type=cls
training.mode=rollout
models.out_dim=13    avg_loss: 0.000006307961  time_per_window : 0.000204   progress : 0.120
name: models.architecture.block_type=cls
training.mode=rollout
models.out_dim=13    avg_loss: 0.000006094190  time_per_window : 0.000225   progress : 0.131
name: models.architecture.block_type=cls
training.mode=rollout
models.out_dim=13    avg_loss: 0.000006095237  time_per_window : 0.000189   progress : 0.142
name: models.architecture.block_type=cls
training.mode=rollout
models.out_dim=13    avg_loss: 0.000006279149  time_per_window : 0.000242   progress : 0.153
name: models.architecture.block_type=cls
training.mode=rollout
models.out_dim=13    avg_loss: 0.000006078681  time_per_window : 0.000206   progress : 0.164
name: models.architecture.block_type=cls
training.mode=rollout
models.out_dim=13    avg_loss: 0.000006064761  time_per_window : 0.000233   progress : 0.175
name: models.architecture.block_type=cls
training.mode=rollout
models.out_dim=13    avg_loss: 0.000005943219  time_per_window : 0.000167   progress : 0.186
name: models.architecture.block_type=cls
training.mode=rollout
models.out_dim=13    avg_loss: 0.000005906120  time_per_window : 0.000247   progress : 0.197
name: models.architecture.block_type=cls
training.mode=rollout
models.out_dim=13    avg_loss: 0.000005882066  time_per_window : 0.000249   progress : 0.208
name: models.architecture.block_type=cls
training.mode=rollout
models.out_dim=13    avg_loss: 0.000005979934  time_per_window : 0.000173   progress : 0.218
name: models.architecture.block_type=cls
training.mode=rollout
models.out_dim=13    avg_loss: 0.000005944959  time_per_window : 0.000254   progress : 0.229
name: models.architecture.block_type=cls
training.mode=rollout
models.out_dim=13    avg_loss: 0.000005757692  time_per_window : 0.000211   progress : 0.240
name: models.architecture.block_type=cls
training.mode=rollout
models.out_dim=13    avg_loss: 0.000005698455  time_per_window : 0.000201   progress : 0.251
name: models.architecture.block_type=cls
training.mode=rollout
models.out_dim=13    avg_loss: 0.000005627221  time_per_window : 0.000206   progress : 0.262
name: models.architecture.block_type=cls
training.mode=rollout
models.out_dim=13    avg_loss: 0.000005546305  time_per_window : 0.000231   progress : 0.273
name: models.architecture.block_type=cls
training.mode=rollout
models.out_dim=13    avg_loss: 0.000005554079  time_per_window : 0.000222   progress : 0.284
name: models.architecture.block_type=cls
training.mode=rollout
models.out_dim=13    avg_loss: 0.000005530182  time_per_window : 0.000243   progress : 0.295
name: models.architecture.block_type=cls
training.mode=rollout
models.out_dim=13    avg_loss: 0.000005521931  time_per_window : 0.000255   progress : 0.306
name: models.architecture.block_type=cls
training.mode=rollout
models.out_dim=13    avg_loss: 0.000005363047  time_per_window : 0.000254   progress : 0.317
name: models.architecture.block_type=cls
training.mode=rollout
models.out_dim=13    avg_loss: 0.000005483549  time_per_window : 0.000223   progress : 0.328
name: models.architecture.block_type=cls
training.mode=rollout
models.out_dim=13    avg_loss: 0.000005465039  time_per_window : 0.000245   progress : 0.339
name: models.architecture.block_type=cls
training.mode=rollout
models.out_dim=13    avg_loss: 0.000005464362  time_per_window : 0.000196   progress : 0.350
name: models.architecture.block_type=cls
training.mode=rollout
models.out_dim=13    avg_loss: 0.000005423669  time_per_window : 0.000240   progress : 0.360
name: models.architecture.block_type=cls
training.mode=rollout
models.out_dim=13    avg_loss: 0.000005426379  time_per_window : 0.000209   progress : 0.371
name: models.architecture.block_type=cls
training.mode=rollout
models.out_dim=13    avg_loss: 0.000005495715  time_per_window : 0.000171   progress : 0.382
name: models.architecture.block_type=cls
training.mode=rollout
models.out_dim=13    avg_loss: 0.000005420699  time_per_window : 0.000206   progress : 0.393
name: models.architecture.block_type=cls
training.mode=rollout
models.out_dim=13    avg_loss: 0.000005475802  time_per_window : 0.000179   progress : 0.404
name: models.architecture.block_type=cls
training.mode=rollout
models.out_dim=13    avg_loss: 0.000005397761  time_per_window : 0.000193   progress : 0.415
name: models.architecture.block_type=cls
training.mode=rollout
models.out_dim=13    avg_loss: 0.000005433635  time_per_window : 0.000187   progress : 0.426
name: models.architecture.block_type=cls
training.mode=rollout
models.out_dim=13    avg_loss: 0.000005407398  time_per_window : 0.000238   progress : 0.437
name: models.architecture.block_type=cls
training.mode=rollout
models.out_dim=13    avg_loss: 0.000005368318  time_per_window : 0.000235   progress : 0.448
name: models.architecture.block_type=cls
training.mode=rollout
models.out_dim=13    avg_loss: 0.000005396790  time_per_window : 0.000230   progress : 0.459
name: models.architecture.block_type=cls
training.mode=rollout
models.out_dim=13    avg_loss: 0.000005344160  time_per_window : 0.000168   progress : 0.470
name: models.architecture.block_type=cls
training.mode=rollout
models.out_dim=13    avg_loss: 0.000005338716  time_per_window : 0.000201   progress : 0.481
name: models.architecture.block_type=cls
training.mode=rollout
models.out_dim=13    avg_loss: 0.000005409149  time_per_window : 0.000207   progress : 0.492
name: models.architecture.block_type=cls
training.mode=rollout
models.out_dim=13    avg_loss: 0.000005362537  time_per_window : 0.000205   progress : 0.502
name: models.architecture.block_type=cls
training.mode=rollout
models.out_dim=13    avg_loss: 0.000005337778  time_per_window : 0.000173   progress : 0.513
name: models.architecture.block_type=cls
training.mode=rollout
models.out_dim=13    avg_loss: 0.000005405105  time_per_window : 0.000238   progress : 0.524
name: models.architecture.block_type=cls
training.mode=rollout
models.out_dim=13    avg_loss: 0.000005352274  time_per_window : 0.000240   progress : 0.535
name: models.architecture.block_type=cls
training.mode=rollout
models.out_dim=13    avg_loss: 0.000005337459  time_per_window : 0.000243   progress : 0.546
name: models.architecture.block_type=cls
training.mode=rollout
models.out_dim=13    avg_loss: 0.000005391972  time_per_window : 0.000239   progress : 0.557
name: models.architecture.block_type=cls
training.mode=rollout
models.out_dim=13    avg_loss: 0.000005347117  time_per_window : 0.000257   progress : 0.568
name: models.architecture.block_type=cls
training.mode=rollout
models.out_dim=13    avg_loss: 0.000005417588  time_per_window : 0.000236   progress : 0.579
name: models.architecture.block_type=cls
training.mode=rollout
models.out_dim=13    avg_loss: 0.000005427250  time_per_window : 0.000260   progress : 0.590
name: models.architecture.block_type=cls
training.mode=rollout
models.out_dim=13    avg_loss: 0.000005293643  time_per_window : 0.000235   progress : 0.601
name: models.architecture.block_type=cls
training.mode=rollout
models.out_dim=13    avg_loss: 0.000005351909  time_per_window : 0.000249   progress : 0.612
name: models.architecture.block_type=cls
training.mode=rollout
models.out_dim=13    avg_loss: 0.000005333760  time_per_window : 0.000197   progress : 0.623
name: models.architecture.block_type=cls
training.mode=rollout
models.out_dim=13    avg_loss: 0.000005379852  time_per_window : 0.000243   progress : 0.634
name: models.architecture.block_type=cls
training.mode=rollout
models.out_dim=13    avg_loss: 0.000005345525  time_per_window : 0.000261   progress : 0.644
name: models.architecture.block_type=cls
training.mode=rollout
models.out_dim=13    avg_loss: 0.000005348381  time_per_window : 0.000241   progress : 0.655
name: models.architecture.block_type=cls
training.mode=rollout
models.out_dim=13    avg_loss: 0.000005306640  time_per_window : 0.000231   progress : 0.666
name: models.architecture.block_type=cls
training.mode=rollout
models.out_dim=13    avg_loss: 0.000005364142  time_per_window : 0.000195   progress : 0.677
name: models.architecture.block_type=cls
training.mode=rollout
models.out_dim=13    avg_loss: 0.000005283225  time_per_window : 0.000187   progress : 0.688
name: models.architecture.block_type=cls
training.mode=rollout
models.out_dim=13    avg_loss: 0.000005346357  time_per_window : 0.000198   progress : 0.699
name: models.architecture.block_type=cls
training.mode=rollout
models.out_dim=13    avg_loss: 0.000005456038  time_per_window : 0.000266   progress : 0.710
name: models.architecture.block_type=cls
training.mode=rollout
models.out_dim=13    avg_loss: 0.000005321229  time_per_window : 0.000265   progress : 0.721
name: models.architecture.block_type=cls
training.mode=rollout
models.out_dim=13    avg_loss: 0.000005381320  time_per_window : 0.000179   progress : 0.732
name: models.architecture.block_type=cls
training.mode=rollout
models.out_dim=13    avg_loss: 0.000005359447  time_per_window : 0.000215   progress : 0.743
name: models.architecture.block_type=cls
training.mode=rollout
models.out_dim=13    avg_loss: 0.000005365419  time_per_window : 0.000269   progress : 0.754
name: models.architecture.block_type=cls
training.mode=rollout
models.out_dim=13    avg_loss: 0.000005285037  time_per_window : 0.000260   progress : 0.765
name: models.architecture.block_type=cls
training.mode=rollout
models.out_dim=13    avg_loss: 0.000005382787  time_per_window : 0.000208   progress : 0.775
name: models.architecture.block_type=cls
training.mode=rollout
models.out_dim=13    avg_loss: 0.000005345790  time_per_window : 0.000249   progress : 0.786
name: models.architecture.block_type=cls
training.mode=rollout
models.out_dim=13    avg_loss: 0.000005328177  time_per_window : 0.000216   progress : 0.797
name: models.architecture.block_type=cls
training.mode=rollout
models.out_dim=13    avg_loss: 0.000005314267  time_per_window : 0.000200   progress : 0.808
name: models.architecture.block_type=cls
training.mode=rollout
models.out_dim=13    avg_loss: 0.000005301835  time_per_window : 0.000169   progress : 0.819
name: models.architecture.block_type=cls
training.mode=rollout
models.out_dim=13    avg_loss: 0.000005300184  time_per_window : 0.000158   progress : 0.830
name: models.architecture.block_type=cls
training.mode=rollout
models.out_dim=13    avg_loss: 0.000005361297  time_per_window : 0.000187   progress : 0.841
name: models.architecture.block_type=cls
training.mode=rollout
models.out_dim=13    avg_loss: 0.000005350615  time_per_window : 0.000183   progress : 0.852
name: models.architecture.block_type=cls
training.mode=rollout
models.out_dim=13    avg_loss: 0.000005310773  time_per_window : 0.000201   progress : 0.863
name: models.architecture.block_type=cls
training.mode=rollout
models.out_dim=13    avg_loss: 0.000005318429  time_per_window : 0.000186   progress : 0.874
name: models.architecture.block_type=cls
training.mode=rollout
models.out_dim=13    avg_loss: 0.000005358357  time_per_window : 0.000159   progress : 0.885
name: models.architecture.block_type=cls
training.mode=rollout
models.out_dim=13    avg_loss: 0.000005287620  time_per_window : 0.000154   progress : 0.896
name: models.architecture.block_type=cls
training.mode=rollout
models.out_dim=13    avg_loss: 0.000005378910  time_per_window : 0.000153   progress : 0.907
name: models.architecture.block_type=cls
training.mode=rollout
models.out_dim=13    avg_loss: 0.000005403796  time_per_window : 0.000171   progress : 0.917
name: models.architecture.block_type=cls
training.mode=rollout
models.out_dim=13    avg_loss: 0.000005365778  time_per_window : 0.000190   progress : 0.928
name: models.architecture.block_type=cls
training.mode=rollout
models.out_dim=13    avg_loss: 0.000005311125  time_per_window : 0.000162   progress : 0.939
name: models.architecture.block_type=cls
training.mode=rollout
models.out_dim=13    avg_loss: 0.000005328061  time_per_window : 0.000181   progress : 0.950
name: models.architecture.block_type=cls
training.mode=rollout
models.out_dim=13    avg_loss: 0.000005334784  time_per_window : 0.000190   progress : 0.961
name: models.architecture.block_type=cls
training.mode=rollout
models.out_dim=13    avg_loss: 0.000005280936  time_per_window : 0.000166   progress : 0.972
name: models.architecture.block_type=cls
training.mode=rollout
models.out_dim=13    avg_loss: 0.000005335272  time_per_window : 0.000173   progress : 0.983
name: models.architecture.block_type=cls
training.mode=rollout
models.out_dim=13    avg_loss: 0.000005330463  time_per_window : 0.000172   progress : 0.994
name: models.architecture.block_type=cls
training.mode=rollout
models.out_dim=13    avg_loss: 0.000007060787  time_per_window : 0.000168   progress : 0.011
name: models.architecture.block_type=cls
training.mode=rollout
models.out_dim=13    avg_loss: 0.000005387500  time_per_window : 0.000167   progress : 0.022
name: models.architecture.block_type=cls
training.mode=rollout
models.out_dim=13    avg_loss: 0.000005315604  time_per_window : 0.000205   progress : 0.033
name: models.architecture.block_type=cls
training.mode=rollout
models.out_dim=13    avg_loss: 0.000005331152  time_per_window : 0.000156   progress : 0.044
name: models.architecture.block_type=cls
training.mode=rollout
models.out_dim=13    avg_loss: 0.000005308943  time_per_window : 0.000195   progress : 0.055
name: models.architecture.block_type=cls
training.mode=rollout
models.out_dim=13    avg_loss: 0.000005371842  time_per_window : 0.000187   progress : 0.066
name: models.architecture.block_type=cls
training.mode=rollout
models.out_dim=13    avg_loss: 0.000005337202  time_per_window : 0.000199   progress : 0.076
name: models.architecture.block_type=cls
training.mode=rollout
models.out_dim=13    avg_loss: 0.000005342948  time_per_window : 0.000188   progress : 0.087
name: models.architecture.block_type=cls
training.mode=rollout
models.out_dim=13    avg_loss: 0.000005272949  time_per_window : 0.000192   progress : 0.098
name: models.architecture.block_type=cls
training.mode=rollout
models.out_dim=13    avg_loss: 0.000005334236  time_per_window : 0.000191   progress : 0.109
name: models.architecture.block_type=cls
training.mode=rollout
models.out_dim=13    avg_loss: 0.000005365547  time_per_window : 0.000161   progress : 0.120
name: models.architecture.block_type=cls
training.mode=rollout
models.out_dim=13    avg_loss: 0.000005331992  time_per_window : 0.000189   progress : 0.131
name: models.architecture.block_type=cls
training.mode=rollout
models.out_dim=13    avg_loss: 0.000005346631  time_per_window : 0.000192   progress : 0.142
name: models.architecture.block_type=cls
training.mode=rollout
models.out_dim=13    avg_loss: 0.000005379240  time_per_window : 0.000192   progress : 0.153
name: models.architecture.block_type=cls
training.mode=rollout
models.out_dim=13    avg_loss: 0.000005339344  time_per_window : 0.000146   progress : 0.164
name: models.architecture.block_type=cls
training.mode=rollout
models.out_dim=13    avg_loss: 0.000005335124  time_per_window : 0.000148   progress : 0.175
name: models.architecture.block_type=cls
training.mode=rollout
models.out_dim=13    avg_loss: 0.000005365227  time_per_window : 0.000162   progress : 0.186
name: models.architecture.block_type=cls
training.mode=rollout
models.out_dim=13    avg_loss: 0.000005309186  time_per_window : 0.000163   progress : 0.197
name: models.architecture.block_type=cls
training.mode=rollout
models.out_dim=13    avg_loss: 0.000005328804  time_per_window : 0.000188   progress : 0.208
name: models.architecture.block_type=cls
training.mode=rollout
models.out_dim=13    avg_loss: 0.000005373931  time_per_window : 0.000167   progress : 0.218
name: models.architecture.block_type=cls
training.mode=rollout
models.out_dim=13    avg_loss: 0.000005367934  time_per_window : 0.000158   progress : 0.229
name: models.architecture.block_type=cls
training.mode=rollout
models.out_dim=13    avg_loss: 0.000005282493  time_per_window : 0.000175   progress : 0.240
name: models.architecture.block_type=cls
training.mode=rollout
models.out_dim=13    avg_loss: 0.000005324455  time_per_window : 0.000174   progress : 0.251
name: models.architecture.block_type=cls
training.mode=rollout
models.out_dim=13    avg_loss: 0.000005329683  time_per_window : 0.000148   progress : 0.262
name: models.architecture.block_type=cls
training.mode=rollout
models.out_dim=13    avg_loss: 0.000005313346  time_per_window : 0.000195   progress : 0.273
name: models.architecture.block_type=cls
training.mode=rollout
models.out_dim=13    avg_loss: 0.000005350298  time_per_window : 0.000192   progress : 0.284
name: models.architecture.block_type=cls
training.mode=rollout
models.out_dim=13    avg_loss: 0.000005294158  time_per_window : 0.000167   progress : 0.295
name: models.architecture.block_type=cls
training.mode=rollout
models.out_dim=13    avg_loss: 0.000005331154  time_per_window : 0.000198   progress : 0.306
name: models.architecture.block_type=cls
training.mode=rollout
models.out_dim=13    avg_loss: 0.000005224494  time_per_window : 0.000163   progress : 0.317
name: models.architecture.block_type=cls
training.mode=rollout
models.out_dim=13    avg_loss: 0.000005346434  time_per_window : 0.000154   progress : 0.328
name: models.architecture.block_type=cls
training.mode=rollout
models.out_dim=13    avg_loss: 0.000005305766  time_per_window : 0.000191   progress : 0.339
name: models.architecture.block_type=cls
training.mode=rollout
models.out_dim=13    avg_loss: 0.000005349065  time_per_window : 0.000190   progress : 0.350
name: models.architecture.block_type=cls
training.mode=rollout
models.out_dim=13    avg_loss: 0.000005321000  time_per_window : 0.000193   progress : 0.360
name: models.architecture.block_type=cls
training.mode=rollout
models.out_dim=13    avg_loss: 0.000005319102  time_per_window : 0.000214   progress : 0.371
name: models.architecture.block_type=cls
training.mode=rollout
models.out_dim=13    avg_loss: 0.000005375154  time_per_window : 0.000189   progress : 0.382
name: models.architecture.block_type=cls
training.mode=rollout
models.out_dim=13    avg_loss: 0.000005346423  time_per_window : 0.000172   progress : 0.393
name: models.architecture.block_type=cls
training.mode=rollout
models.out_dim=13    avg_loss: 0.000005359252  time_per_window : 0.000169   progress : 0.404
name: models.architecture.block_type=cls
training.mode=rollout
models.out_dim=13    avg_loss: 0.000005293976  time_per_window : 0.000164   progress : 0.415
name: models.architecture.block_type=cls
training.mode=rollout
models.out_dim=13    avg_loss: 0.000005343084  time_per_window : 0.000157   progress : 0.426
name: models.architecture.block_type=cls
training.mode=rollout
models.out_dim=13    avg_loss: 0.000005318072  time_per_window : 0.000149   progress : 0.437
name: models.architecture.block_type=cls
training.mode=rollout
models.out_dim=13    avg_loss: 0.000005301924  time_per_window : 0.000189   progress : 0.448
name: models.architecture.block_type=cls
training.mode=rollout
models.out_dim=13    avg_loss: 0.000005310530  time_per_window : 0.000172   progress : 0.459
name: models.architecture.block_type=cls
training.mode=rollout
models.out_dim=13    avg_loss: 0.000005286329  time_per_window : 0.000158   progress : 0.470
name: models.architecture.block_type=cls
training.mode=rollout
models.out_dim=13    avg_loss: 0.000005258107  time_per_window : 0.000191   progress : 0.481
name: models.architecture.block_type=cls
training.mode=rollout
models.out_dim=13    avg_loss: 0.000005342913  time_per_window : 0.000191   progress : 0.492
name: models.architecture.block_type=cls
training.mode=rollout
models.out_dim=13    avg_loss: 0.000005292742  time_per_window : 0.000149   progress : 0.502
name: models.architecture.block_type=cls
training.mode=rollout
models.out_dim=13    avg_loss: 0.000005287516  time_per_window : 0.000193   progress : 0.513
name: models.architecture.block_type=cls
training.mode=rollout
models.out_dim=13    avg_loss: 0.000005334045  time_per_window : 0.000161   progress : 0.524
name: models.architecture.block_type=cls
training.mode=rollout
models.out_dim=13    avg_loss: 0.000005284634  time_per_window : 0.000200   progress : 0.535
name: models.architecture.block_type=cls
training.mode=rollout
models.out_dim=13    avg_loss: 0.000005262556  time_per_window : 0.000195   progress : 0.546
name: models.architecture.block_type=cls
training.mode=rollout
models.out_dim=13    avg_loss: 0.000005320467  time_per_window : 0.000173   progress : 0.557
name: models.architecture.block_type=cls
training.mode=rollout
models.out_dim=13    avg_loss: 0.000005305903  time_per_window : 0.000200   progress : 0.568
name: models.architecture.block_type=cls
training.mode=rollout
models.out_dim=13    avg_loss: 0.000005356187  time_per_window : 0.000156   progress : 0.579
name: models.architecture.block_type=cls
training.mode=rollout
models.out_dim=13    avg_loss: 0.000005385200  time_per_window : 0.000180   progress : 0.590
name: models.architecture.block_type=cls
training.mode=rollout
models.out_dim=13    avg_loss: 0.000005232991  time_per_window : 0.000189   progress : 0.601
name: models.architecture.block_type=cls
training.mode=rollout
models.out_dim=13    avg_loss: 0.000005280670  time_per_window : 0.000180   progress : 0.612
name: models.architecture.block_type=cls
training.mode=rollout
models.out_dim=13    avg_loss: 0.000005301097  time_per_window : 0.000176   progress : 0.623
name: models.architecture.block_type=cls
training.mode=rollout
models.out_dim=13    avg_loss: 0.000005316286  time_per_window : 0.000160   progress : 0.634
name: models.architecture.block_type=cls
training.mode=rollout
models.out_dim=13    avg_loss: 0.000005293712  time_per_window : 0.000158   progress : 0.644
name: models.architecture.block_type=cls
training.mode=rollout
models.out_dim=13    avg_loss: 0.000005298845  time_per_window : 0.000178   progress : 0.655
name: models.architecture.block_type=cls
training.mode=rollout
models.out_dim=13    avg_loss: 0.000005253129  time_per_window : 0.000176   progress : 0.666
name: models.architecture.block_type=cls
training.mode=rollout
models.out_dim=13    avg_loss: 0.000005296967  time_per_window : 0.000172   progress : 0.677
name: models.architecture.block_type=cls
training.mode=rollout
models.out_dim=13    avg_loss: 0.000005235751  time_per_window : 0.000191   progress : 0.688
name: models.architecture.block_type=cls
training.mode=rollout
models.out_dim=13    avg_loss: 0.000005280408  time_per_window : 0.000156   progress : 0.699
name: models.architecture.block_type=cls
training.mode=rollout
models.out_dim=13    avg_loss: 0.000005386787  time_per_window : 0.000155   progress : 0.710
name: models.architecture.block_type=cls
training.mode=rollout
models.out_dim=13    avg_loss: 0.000005252919  time_per_window : 0.000182   progress : 0.721
name: models.architecture.block_type=cls
training.mode=rollout
models.out_dim=13    avg_loss: 0.000005333660  time_per_window : 0.000196   progress : 0.732
name: models.architecture.block_type=cls
training.mode=rollout
models.out_dim=13    avg_loss: 0.000005288325  time_per_window : 0.000196   progress : 0.743
name: models.architecture.block_type=cls
training.mode=rollout
models.out_dim=13    avg_loss: 0.000005315058  time_per_window : 0.000204   progress : 0.754
name: models.architecture.block_type=cls
training.mode=rollout
models.out_dim=13    avg_loss: 0.000005236777  time_per_window : 0.000155   progress : 0.765
name: models.architecture.block_type=cls
training.mode=rollout
models.out_dim=13    avg_loss: 0.000005323813  time_per_window : 0.000172   progress : 0.775
name: models.architecture.block_type=cls
training.mode=rollout
models.out_dim=13    avg_loss: 0.000005295512  time_per_window : 0.000176   progress : 0.786
name: models.architecture.block_type=cls
training.mode=rollout
models.out_dim=13    avg_loss: 0.000005271166  time_per_window : 0.000155   progress : 0.797
name: models.architecture.block_type=cls
training.mode=rollout
models.out_dim=13    avg_loss: 0.000005260493  time_per_window : 0.000195   progress : 0.808
name: models.architecture.block_type=cls
training.mode=rollout
models.out_dim=13    avg_loss: 0.000005238840  time_per_window : 0.000208   progress : 0.819
name: models.architecture.block_type=cls
training.mode=rollout
models.out_dim=13    avg_loss: 0.000005252748  time_per_window : 0.000145   progress : 0.830
name: models.architecture.block_type=cls
training.mode=rollout
models.out_dim=13    avg_loss: 0.000005307203  time_per_window : 0.000194   progress : 0.841
name: models.architecture.block_type=cls
training.mode=rollout
models.out_dim=13    avg_loss: 0.000005304690  time_per_window : 0.000190   progress : 0.852
name: models.architecture.block_type=cls
training.mode=rollout
models.out_dim=13    avg_loss: 0.000005234184  time_per_window : 0.000164   progress : 0.863
name: models.architecture.block_type=cls
training.mode=rollout
models.out_dim=13    avg_loss: 0.000005268917  time_per_window : 0.000200   progress : 0.874
name: models.architecture.block_type=cls
training.mode=rollout
models.out_dim=13    avg_loss: 0.000005299138  time_per_window : 0.000199   progress : 0.885
name: models.architecture.block_type=cls
training.mode=rollout
models.out_dim=13    avg_loss: 0.000005221873  time_per_window : 0.000194   progress : 0.896
name: models.architecture.block_type=cls
training.mode=rollout
models.out_dim=13    avg_loss: 0.000005309228  time_per_window : 0.000171   progress : 0.907
name: models.architecture.block_type=cls
training.mode=rollout
models.out_dim=13    avg_loss: 0.000005359663  time_per_window : 0.000164   progress : 0.917
name: models.architecture.block_type=cls
training.mode=rollout
models.out_dim=13    avg_loss: 0.000005300006  time_per_window : 0.000191   progress : 0.928
name: models.architecture.block_type=cls
training.mode=rollout
models.out_dim=13    avg_loss: 0.000005247014  time_per_window : 0.000196   progress : 0.939
name: models.architecture.block_type=cls
training.mode=rollout
models.out_dim=13    avg_loss: 0.000005265206  time_per_window : 0.000176   progress : 0.950
name: models.architecture.block_type=cls
training.mode=rollout
models.out_dim=13    avg_loss: 0.000005272752  time_per_window : 0.000177   progress : 0.961
name: models.architecture.block_type=cls
training.mode=rollout
models.out_dim=13    avg_loss: 0.000005209340  time_per_window : 0.000161   progress : 0.972
name: models.architecture.block_type=cls
training.mode=rollout
models.out_dim=13    avg_loss: 0.000005276769  time_per_window : 0.000200   progress : 0.983
name: models.architecture.block_type=cls
training.mode=rollout
models.out_dim=13    avg_loss: 0.000005251555  time_per_window : 0.000161   progress : 0.994
name: models.architecture.block_type=cls
training.mode=rollout
models.out_dim=13    avg_loss: 0.000016743215  time_per_window : 0.000171   progress : 0.011
name: models.architecture.block_type=cls
training.mode=rollout
models.out_dim=13    avg_loss: 0.000007384943  time_per_window : 0.000196   progress : 0.022
name: models.architecture.block_type=cls
training.mode=rollout
models.out_dim=13    avg_loss: 0.000006705699  time_per_window : 0.000190   progress : 0.033
name: models.architecture.block_type=cls
training.mode=rollout
models.out_dim=13    avg_loss: 0.000006426130  time_per_window : 0.000173   progress : 0.044
name: models.architecture.block_type=cls
training.mode=rollout
models.out_dim=13    avg_loss: 0.000006314865  time_per_window : 0.000162   progress : 0.055
name: models.architecture.block_type=cls
training.mode=rollout
models.out_dim=13    avg_loss: 0.000006196824  time_per_window : 0.000172   progress : 0.066
name: models.architecture.block_type=cls
training.mode=rollout
models.out_dim=13    avg_loss: 0.000006058232  time_per_window : 0.000170   progress : 0.076
name: models.architecture.block_type=cls
training.mode=rollout
models.out_dim=13    avg_loss: 0.000006006135  time_per_window : 0.000207   progress : 0.087
name: models.architecture.block_type=cls
training.mode=rollout
models.out_dim=13    avg_loss: 0.000005928582  time_per_window : 0.000166   progress : 0.098
name: models.architecture.block_type=cls
training.mode=rollout
models.out_dim=13    avg_loss: 0.000005945622  time_per_window : 0.000154   progress : 0.109
name: models.architecture.block_type=cls
training.mode=rollout
models.out_dim=13    avg_loss: 0.000005836716  time_per_window : 0.000150   progress : 0.120
name: models.architecture.block_type=cls
training.mode=rollout
models.out_dim=13    avg_loss: 0.000005806861  time_per_window : 0.000174   progress : 0.131
name: models.architecture.block_type=cls
training.mode=rollout
models.out_dim=13    avg_loss: 0.000005897056  time_per_window : 0.000184   progress : 0.142
name: models.architecture.block_type=cls
training.mode=rollout
models.out_dim=13    avg_loss: 0.000005771921  time_per_window : 0.000167   progress : 0.153
name: models.architecture.block_type=cls
training.mode=rollout
models.out_dim=13    avg_loss: 0.000005859077  time_per_window : 0.000189   progress : 0.164
name: models.architecture.block_type=cls
training.mode=rollout
models.out_dim=13    avg_loss: 0.000005754745  time_per_window : 0.000179   progress : 0.175
name: models.architecture.block_type=cls
training.mode=rollout
models.out_dim=13    avg_loss: 0.000005736277  time_per_window : 0.000171   progress : 0.186
name: models.architecture.block_type=cls
training.mode=rollout
models.out_dim=13    avg_loss: 0.000005688631  time_per_window : 0.000188   progress : 0.197
name: models.architecture.block_type=cls
training.mode=rollout
models.out_dim=13    avg_loss: 0.000005684098  time_per_window : 0.000168   progress : 0.208
name: models.architecture.block_type=cls
training.mode=rollout
models.out_dim=13    avg_loss: 0.000005640469  time_per_window : 0.000177   progress : 0.218
name: models.architecture.block_type=cls
training.mode=rollout
models.out_dim=13    avg_loss: 0.000005654906  time_per_window : 0.000189   progress : 0.229
name: models.architecture.block_type=cls
training.mode=rollout
models.out_dim=13    avg_loss: 0.000005595155  time_per_window : 0.000188   progress : 0.240
name: models.architecture.block_type=cls
training.mode=rollout
models.out_dim=13    avg_loss: 0.000005588927  time_per_window : 0.000180   progress : 0.251
name: models.architecture.block_type=cls
training.mode=rollout
models.out_dim=13    avg_loss: 0.000005591511  time_per_window : 0.000191   progress : 0.262
name: models.architecture.block_type=cls
training.mode=rollout
models.out_dim=13    avg_loss: 0.000005521018  time_per_window : 0.000165   progress : 0.273
name: models.architecture.block_type=cls
training.mode=rollout
models.out_dim=13    avg_loss: 0.000005591876  time_per_window : 0.000208   progress : 0.284
name: models.architecture.block_type=cls
training.mode=rollout
models.out_dim=13    avg_loss: 0.000005458132  time_per_window : 0.000193   progress : 0.295
name: models.architecture.block_type=cls
training.mode=rollout
models.out_dim=13    avg_loss: 0.000005575989  time_per_window : 0.000157   progress : 0.306
name: models.architecture.block_type=cls
training.mode=rollout
models.out_dim=13    avg_loss: 0.000005486193  time_per_window : 0.000175   progress : 0.317
name: models.architecture.block_type=cls
training.mode=rollout
models.out_dim=13    avg_loss: 0.000005523147  time_per_window : 0.000199   progress : 0.328
name: models.architecture.block_type=cls
training.mode=rollout
models.out_dim=13    avg_loss: 0.000005490633  time_per_window : 0.000157   progress : 0.339
name: models.architecture.block_type=cls
training.mode=rollout
models.out_dim=13    avg_loss: 0.000005506459  time_per_window : 0.000184   progress : 0.350
name: models.architecture.block_type=cls
training.mode=rollout
models.out_dim=13    avg_loss: 0.000005460412  time_per_window : 0.000192   progress : 0.360
name: models.architecture.block_type=cls
training.mode=rollout
models.out_dim=13    avg_loss: 0.000005465228  time_per_window : 0.000180   progress : 0.371
name: models.architecture.block_type=cls
training.mode=rollout
models.out_dim=13    avg_loss: 0.000005553859  time_per_window : 0.000144   progress : 0.382
name: models.architecture.block_type=cls
training.mode=rollout
models.out_dim=13    avg_loss: 0.000005552562  time_per_window : 0.000216   progress : 0.393
name: models.architecture.block_type=cls
training.mode=rollout
models.out_dim=13    avg_loss: 0.000005535146  time_per_window : 0.000197   progress : 0.404
name: models.architecture.block_type=cls
training.mode=rollout
models.out_dim=13    avg_loss: 0.000005497630  time_per_window : 0.000198   progress : 0.415
name: models.architecture.block_type=cls
training.mode=rollout
models.out_dim=13    avg_loss: 0.000005468445  time_per_window : 0.000190   progress : 0.426
name: models.architecture.block_type=cls
training.mode=rollout
models.out_dim=13    avg_loss: 0.000005487629  time_per_window : 0.000158   progress : 0.437
name: models.architecture.block_type=cls
training.mode=rollout
models.out_dim=13    avg_loss: 0.000005499615  time_per_window : 0.000137   progress : 0.448
name: models.architecture.block_type=cls
training.mode=rollout
models.out_dim=13    avg_loss: 0.000005430450  time_per_window : 0.000146   progress : 0.459
name: models.architecture.block_type=cls
training.mode=rollout
models.out_dim=13    avg_loss: 0.000005508395  time_per_window : 0.000147   progress : 0.470
name: models.architecture.block_type=cls
training.mode=rollout
models.out_dim=13    avg_loss: 0.000005405516  time_per_window : 0.000152   progress : 0.481
name: models.architecture.block_type=cls
training.mode=rollout
models.out_dim=13    avg_loss: 0.000005476666  time_per_window : 0.000156   progress : 0.492
name: models.architecture.block_type=cls
training.mode=rollout
models.out_dim=13    avg_loss: 0.000005470473  time_per_window : 0.000141   progress : 0.502
name: models.architecture.block_type=cls
training.mode=rollout
models.out_dim=13    avg_loss: 0.000005426229  time_per_window : 0.000155   progress : 0.513
name: models.architecture.block_type=cls
training.mode=rollout
models.out_dim=13    avg_loss: 0.000005434901  time_per_window : 0.000141   progress : 0.524
name: models.architecture.block_type=cls
training.mode=rollout
models.out_dim=13    avg_loss: 0.000005441812  time_per_window : 0.000147   progress : 0.535
name: models.architecture.block_type=cls
training.mode=rollout
models.out_dim=13    avg_loss: 0.000005416224  time_per_window : 0.000144   progress : 0.546
name: models.architecture.block_type=cls
training.mode=rollout
models.out_dim=13    avg_loss: 0.000005472458  time_per_window : 0.000147   progress : 0.557
name: models.architecture.block_type=cls
training.mode=rollout
models.out_dim=13    avg_loss: 0.000005394124  time_per_window : 0.000156   progress : 0.568
name: models.architecture.block_type=cls
training.mode=rollout
models.out_dim=13    avg_loss: 0.000005493801  time_per_window : 0.000163   progress : 0.579
name: models.architecture.block_type=cls
training.mode=rollout
models.out_dim=13    avg_loss: 0.000005530133  time_per_window : 0.000167   progress : 0.590
name: models.architecture.block_type=cls
training.mode=rollout
models.out_dim=13    avg_loss: 0.000005372186  time_per_window : 0.000140   progress : 0.601
name: models.architecture.block_type=cls
training.mode=rollout
models.out_dim=13    avg_loss: 0.000005436937  time_per_window : 0.000138   progress : 0.612
name: models.architecture.block_type=cls
training.mode=rollout
models.out_dim=13    avg_loss: 0.000005405695  time_per_window : 0.000150   progress : 0.623
name: models.architecture.block_type=cls
training.mode=rollout
models.out_dim=13    avg_loss: 0.000005439894  time_per_window : 0.000136   progress : 0.634
name: models.architecture.block_type=cls
training.mode=rollout
models.out_dim=13    avg_loss: 0.000005429329  time_per_window : 0.000153   progress : 0.644
name: models.architecture.block_type=cls
training.mode=rollout
models.out_dim=13    avg_loss: 0.000005461722  time_per_window : 0.000151   progress : 0.655
name: models.architecture.block_type=cls
training.mode=rollout
models.out_dim=13    avg_loss: 0.000005396117  time_per_window : 0.000140   progress : 0.666
name: models.architecture.block_type=cls
training.mode=rollout
models.out_dim=13    avg_loss: 0.000005409885  time_per_window : 0.000165   progress : 0.677
name: models.architecture.block_type=cls
training.mode=rollout
models.out_dim=13    avg_loss: 0.000005296923  time_per_window : 0.000160   progress : 0.688
name: models.architecture.block_type=cls
training.mode=rollout
models.out_dim=13    avg_loss: 0.000005394709  time_per_window : 0.000152   progress : 0.699
name: models.architecture.block_type=cls
training.mode=rollout
models.out_dim=13    avg_loss: 0.000005492738  time_per_window : 0.000145   progress : 0.710
name: models.architecture.block_type=cls
training.mode=rollout
models.out_dim=13    avg_loss: 0.000005367654  time_per_window : 0.000138   progress : 0.721
name: models.architecture.block_type=cls
training.mode=rollout
models.out_dim=13    avg_loss: 0.000005467960  time_per_window : 0.000155   progress : 0.732
name: models.architecture.block_type=cls
training.mode=rollout
models.out_dim=13    avg_loss: 0.000005369919  time_per_window : 0.000179   progress : 0.743
name: models.architecture.block_type=cls
training.mode=rollout
models.out_dim=13    avg_loss: 0.000005450801  time_per_window : 0.000145   progress : 0.754
name: models.architecture.block_type=cls
training.mode=rollout
models.out_dim=13    avg_loss: 0.000005344192  time_per_window : 0.000140   progress : 0.765
name: models.architecture.block_type=cls
training.mode=rollout
models.out_dim=13    avg_loss: 0.000005461063  time_per_window : 0.000150   progress : 0.775
name: models.architecture.block_type=cls
training.mode=rollout
models.out_dim=13    avg_loss: 0.000005387446  time_per_window : 0.000157   progress : 0.786
name: models.architecture.block_type=cls
training.mode=rollout
models.out_dim=13    avg_loss: 0.000005339342  time_per_window : 0.000146   progress : 0.797
name: models.architecture.block_type=cls
training.mode=rollout
models.out_dim=13    avg_loss: 0.000005405293  time_per_window : 0.000147   progress : 0.808
name: models.architecture.block_type=cls
training.mode=rollout
models.out_dim=13    avg_loss: 0.000005382933  time_per_window : 0.000160   progress : 0.819
name: models.architecture.block_type=cls
training.mode=rollout
models.out_dim=13    avg_loss: 0.000005334610  time_per_window : 0.000162   progress : 0.830
name: models.architecture.block_type=cls
training.mode=rollout
models.out_dim=13    avg_loss: 0.000005455742  time_per_window : 0.000151   progress : 0.841
name: models.architecture.block_type=cls
training.mode=rollout
models.out_dim=13    avg_loss: 0.000005393143  time_per_window : 0.000149   progress : 0.852
name: models.architecture.block_type=cls
training.mode=rollout
models.out_dim=13    avg_loss: 0.000005312025  time_per_window : 0.000152   progress : 0.863
name: models.architecture.block_type=cls
training.mode=rollout
models.out_dim=13    avg_loss: 0.000005364847  time_per_window : 0.000141   progress : 0.874
name: models.architecture.block_type=cls
training.mode=rollout
models.out_dim=13    avg_loss: 0.000005406690  time_per_window : 0.000149   progress : 0.885
name: models.architecture.block_type=cls
training.mode=rollout
models.out_dim=13    avg_loss: 0.000005325179  time_per_window : 0.000146   progress : 0.896
name: models.architecture.block_type=cls
training.mode=rollout
models.out_dim=13    avg_loss: 0.000005480069  time_per_window : 0.000160   progress : 0.907
name: models.architecture.block_type=cls
training.mode=rollout
models.out_dim=13    avg_loss: 0.000005428719  time_per_window : 0.000153   progress : 0.917
name: models.architecture.block_type=cls
training.mode=rollout
models.out_dim=13    avg_loss: 0.000005433380  time_per_window : 0.000142   progress : 0.928
name: models.architecture.block_type=cls
training.mode=rollout
models.out_dim=13    avg_loss: 0.000005372905  time_per_window : 0.000155   progress : 0.939
name: models.architecture.block_type=cls
training.mode=rollout
models.out_dim=13    avg_loss: 0.000005379606  time_per_window : 0.000153   progress : 0.950
name: models.architecture.block_type=cls
training.mode=rollout
models.out_dim=13    avg_loss: 0.000005367818  time_per_window : 0.000150   progress : 0.961
name: models.architecture.block_type=cls
training.mode=rollout
models.out_dim=13    avg_loss: 0.000005372156  time_per_window : 0.000146   progress : 0.972
name: models.architecture.block_type=cls
training.mode=rollout
models.out_dim=13    avg_loss: 0.000005399842  time_per_window : 0.000150   progress : 0.983
name: models.architecture.block_type=cls
training.mode=rollout
models.out_dim=13    avg_loss: 0.000005381496  time_per_window : 0.000150   progress : 0.994
name: models.architecture.block_type=cls
training.mode=rollout
models.out_dim=13    avg_loss: 0.000005866124  time_per_window : 0.000146   progress : 0.011
name: models.architecture.block_type=cls
training.mode=rollout
models.out_dim=13    avg_loss: 0.000005411076  time_per_window : 0.000172   progress : 0.022
name: models.architecture.block_type=cls
training.mode=rollout
models.out_dim=13    avg_loss: 0.000005343040  time_per_window : 0.000163   progress : 0.033
name: models.architecture.block_type=cls
training.mode=rollout
models.out_dim=13    avg_loss: 0.000006543038  time_per_window : 0.000160   progress : 0.044
name: models.architecture.block_type=cls
training.mode=rollout
models.out_dim=13    avg_loss: 0.000005360375  time_per_window : 0.000156   progress : 0.055
name: models.architecture.block_type=cls
training.mode=rollout
models.out_dim=13    avg_loss: 0.000005454617  time_per_window : 0.000147   progress : 0.066
name: models.architecture.block_type=cls
training.mode=rollout
models.out_dim=13    avg_loss: 0.000005484331  time_per_window : 0.000146   progress : 0.076
name: models.architecture.block_type=cls
training.mode=rollout
models.out_dim=13    avg_loss: 0.000005410460  time_per_window : 0.000183   progress : 0.087
name: models.architecture.block_type=cls
training.mode=rollout
models.out_dim=13    avg_loss: 0.000005301983  time_per_window : 0.000163   progress : 0.098
name: models.architecture.block_type=cls
training.mode=rollout
models.out_dim=13    avg_loss: 0.000005386023  time_per_window : 0.000150   progress : 0.109
name: models.architecture.block_type=cls
training.mode=rollout
models.out_dim=13    avg_loss: 0.000005472240  time_per_window : 0.000149   progress : 0.120
name: models.architecture.block_type=cls
training.mode=rollout
models.out_dim=13    avg_loss: 0.000005384807  time_per_window : 0.000166   progress : 0.131
name: models.architecture.block_type=cls
training.mode=rollout
models.out_dim=13    avg_loss: 0.000005355203  time_per_window : 0.000144   progress : 0.142
name: models.architecture.block_type=cls
training.mode=rollout
models.out_dim=13    avg_loss: 0.000005480448  time_per_window : 0.000158   progress : 0.153
name: models.architecture.block_type=cls
training.mode=rollout
models.out_dim=13    avg_loss: 0.000005514476  time_per_window : 0.000156   progress : 0.164
name: models.architecture.block_type=cls
training.mode=rollout
models.out_dim=13    avg_loss: 0.000005380614  time_per_window : 0.000146   progress : 0.175
name: models.architecture.block_type=cls
training.mode=rollout
models.out_dim=13    avg_loss: 0.000005396845  time_per_window : 0.000178   progress : 0.186
name: models.architecture.block_type=cls
training.mode=rollout
models.out_dim=13    avg_loss: 0.000005318771  time_per_window : 0.000145   progress : 0.197
name: models.architecture.block_type=cls
training.mode=rollout
models.out_dim=13    avg_loss: 0.000005354418  time_per_window : 0.000153   progress : 0.208
name: models.architecture.block_type=cls
training.mode=rollout
models.out_dim=13    avg_loss: 0.000005485064  time_per_window : 0.000145   progress : 0.218
name: models.architecture.block_type=cls
training.mode=rollout
models.out_dim=13    avg_loss: 0.000005393854  time_per_window : 0.000167   progress : 0.229
name: models.architecture.block_type=cls
training.mode=rollout
models.out_dim=13    avg_loss: 0.000005404997  time_per_window : 0.000169   progress : 0.240
name: models.architecture.block_type=cls
training.mode=rollout
models.out_dim=13    avg_loss: 0.000005835558  time_per_window : 0.000168   progress : 0.251
name: models.architecture.block_type=cls
training.mode=rollout
models.out_dim=13    avg_loss: 0.000005484501  time_per_window : 0.000150   progress : 0.262
name: models.architecture.block_type=cls
training.mode=rollout
models.out_dim=13    avg_loss: 0.000005329377  time_per_window : 0.000152   progress : 0.273
name: models.architecture.block_type=cls
training.mode=rollout
models.out_dim=13    avg_loss: 0.000005400653  time_per_window : 0.000158   progress : 0.284
name: models.architecture.block_type=cls
training.mode=rollout
models.out_dim=13    avg_loss: 0.000005320130  time_per_window : 0.000150   progress : 0.295
name: models.architecture.block_type=cls
training.mode=rollout
models.out_dim=13    avg_loss: 0.000005362772  time_per_window : 0.000154   progress : 0.306
name: models.architecture.block_type=cls
training.mode=rollout
models.out_dim=13    avg_loss: 0.000005621967  time_per_window : 0.000172   progress : 0.317
name: models.architecture.block_type=cls
training.mode=rollout
models.out_dim=13    avg_loss: 0.000006055516  time_per_window : 0.000151   progress : 0.328
name: models.architecture.block_type=cls
training.mode=rollout
models.out_dim=13    avg_loss: 0.000005411233  time_per_window : 0.000165   progress : 0.339
name: models.architecture.block_type=cls
training.mode=rollout
models.out_dim=13    avg_loss: 0.000005680676  time_per_window : 0.000154   progress : 0.350
name: models.architecture.block_type=cls
training.mode=rollout
models.out_dim=13    avg_loss: 0.000005675858  time_per_window : 0.000148   progress : 0.360
name: models.architecture.block_type=cls
training.mode=rollout
models.out_dim=13    avg_loss: 0.000005408518  time_per_window : 0.000136   progress : 0.371
name: models.architecture.block_type=cls
training.mode=rollout
models.out_dim=13    avg_loss: 0.000005485675  time_per_window : 0.000172   progress : 0.382
name: models.architecture.block_type=cls
training.mode=rollout
models.out_dim=13    avg_loss: 0.000005442880  time_per_window : 0.000164   progress : 0.393
name: models.architecture.block_type=cls
training.mode=rollout
models.out_dim=13    avg_loss: 0.000005403658  time_per_window : 0.000146   progress : 0.404
name: models.architecture.block_type=cls
training.mode=rollout
models.out_dim=13    avg_loss: 0.000005349563  time_per_window : 0.000150   progress : 0.415
name: models.architecture.block_type=cls
training.mode=rollout
models.out_dim=13    avg_loss: 0.000005395446  time_per_window : 0.000141   progress : 0.426
name: models.architecture.block_type=cls
training.mode=rollout
models.out_dim=13    avg_loss: 0.000005357033  time_per_window : 0.000144   progress : 0.437
name: models.architecture.block_type=cls
training.mode=rollout
models.out_dim=13    avg_loss: 0.000005390360  time_per_window : 0.000155   progress : 0.448
name: models.architecture.block_type=cls
training.mode=rollout
models.out_dim=13    avg_loss: 0.000005357286  time_per_window : 0.000149   progress : 0.459
name: models.architecture.block_type=cls
training.mode=rollout
models.out_dim=13    avg_loss: 0.000005459189  time_per_window : 0.000149   progress : 0.470
name: models.architecture.block_type=cls
training.mode=rollout
models.out_dim=13    avg_loss: 0.000005290636  time_per_window : 0.000162   progress : 0.481
name: models.architecture.block_type=cls
training.mode=rollout
models.out_dim=13    avg_loss: 0.000005408627  time_per_window : 0.000181   progress : 0.492
name: models.architecture.block_type=cls
training.mode=rollout
models.out_dim=13    avg_loss: 0.000005338458  time_per_window : 0.000146   progress : 0.502
name: models.architecture.block_type=cls
training.mode=rollout
models.out_dim=13    avg_loss: 0.000005329584  time_per_window : 0.000145   progress : 0.513
name: models.architecture.block_type=cls
training.mode=rollout
models.out_dim=13    avg_loss: 0.000005414255  time_per_window : 0.000177   progress : 0.524
name: models.architecture.block_type=cls
training.mode=rollout
models.out_dim=13    avg_loss: 0.000005335984  time_per_window : 0.000163   progress : 0.535
name: models.architecture.block_type=cls
training.mode=rollout
models.out_dim=13    avg_loss: 0.000005577965  time_per_window : 0.000138   progress : 0.546
name: models.architecture.block_type=cls
training.mode=rollout
models.out_dim=13    avg_loss: 0.000005770899  time_per_window : 0.000140   progress : 0.557
name: models.architecture.block_type=cls
training.mode=rollout
models.out_dim=13    avg_loss: 0.000005349414  time_per_window : 0.000178   progress : 0.568
name: models.architecture.block_type=cls
training.mode=rollout
models.out_dim=13    avg_loss: 0.000005374795  time_per_window : 0.000162   progress : 0.579
name: models.architecture.block_type=cls
training.mode=rollout
models.out_dim=13    avg_loss: 0.000005598100  time_per_window : 0.000148   progress : 0.590
name: models.architecture.block_type=cls
training.mode=rollout
models.out_dim=13    avg_loss: 0.000005291051  time_per_window : 0.000165   progress : 0.601
name: models.architecture.block_type=cls
training.mode=rollout
models.out_dim=13    avg_loss: 0.000005366955  time_per_window : 0.000146   progress : 0.612
name: models.architecture.block_type=cls
training.mode=rollout
models.out_dim=13    avg_loss: 0.000005459910  time_per_window : 0.000166   progress : 0.623
name: models.architecture.block_type=cls
training.mode=rollout
models.out_dim=13    avg_loss: 0.000005357111  time_per_window : 0.000146   progress : 0.634
name: models.architecture.block_type=cls
training.mode=rollout
models.out_dim=13    avg_loss: 0.000005353067  time_per_window : 0.000145   progress : 0.644
name: models.architecture.block_type=cls
training.mode=rollout
models.out_dim=13    avg_loss: 0.000005385561  time_per_window : 0.000152   progress : 0.655
name: models.architecture.block_type=cls
training.mode=rollout
models.out_dim=13    avg_loss: 0.000005310420  time_per_window : 0.000156   progress : 0.666
name: models.architecture.block_type=cls
training.mode=rollout
models.out_dim=13    avg_loss: 0.000005348253  time_per_window : 0.000158   progress : 0.677
name: models.architecture.block_type=cls
training.mode=rollout
models.out_dim=13    avg_loss: 0.000005301038  time_per_window : 0.000146   progress : 0.688
name: models.architecture.block_type=cls
training.mode=rollout
models.out_dim=13    avg_loss: 0.000005359762  time_per_window : 0.000149   progress : 0.699
name: models.architecture.block_type=cls
training.mode=rollout
models.out_dim=13    avg_loss: 0.000005415445  time_per_window : 0.000155   progress : 0.710
name: models.architecture.block_type=cls
training.mode=rollout
models.out_dim=13    avg_loss: 0.000005311027  time_per_window : 0.000173   progress : 0.721
name: models.architecture.block_type=cls
training.mode=rollout
models.out_dim=13    avg_loss: 0.000005428560  time_per_window : 0.000166   progress : 0.732
name: models.architecture.block_type=cls
training.mode=rollout
models.out_dim=13    avg_loss: 0.000005362656  time_per_window : 0.000152   progress : 0.743
name: models.architecture.block_type=cls
training.mode=rollout
models.out_dim=13    avg_loss: 0.000005708260  time_per_window : 0.000146   progress : 0.754
name: models.architecture.block_type=cls
training.mode=rollout
models.out_dim=13    avg_loss: 0.000005336038  time_per_window : 0.000150   progress : 0.765
name: models.architecture.block_type=cls
training.mode=rollout
models.out_dim=13    avg_loss: 0.000005380984  time_per_window : 0.000137   progress : 0.775
name: models.architecture.block_type=cls
training.mode=rollout
models.out_dim=13    avg_loss: 0.000005349088  time_per_window : 0.000147   progress : 0.786
name: models.architecture.block_type=cls
training.mode=rollout
models.out_dim=13    avg_loss: 0.000005294880  time_per_window : 0.000152   progress : 0.797
name: models.architecture.block_type=cls
training.mode=rollout
models.out_dim=13    avg_loss: 0.000005354261  time_per_window : 0.000147   progress : 0.808
name: models.architecture.block_type=cls
training.mode=rollout
models.out_dim=13    avg_loss: 0.000005514026  time_per_window : 0.000146   progress : 0.819
name: models.architecture.block_type=cls
training.mode=rollout
models.out_dim=13    avg_loss: 0.000005563016  time_per_window : 0.000156   progress : 0.830
name: models.architecture.block_type=cls
training.mode=rollout
models.out_dim=13    avg_loss: 0.000005428223  time_per_window : 0.000159   progress : 0.841
name: models.architecture.block_type=cls
training.mode=rollout
models.out_dim=13    avg_loss: 0.000005401947  time_per_window : 0.000146   progress : 0.852
name: models.architecture.block_type=cls
training.mode=rollout
models.out_dim=13    avg_loss: 0.000005277236  time_per_window : 0.000142   progress : 0.863
name: models.architecture.block_type=cls
training.mode=rollout
models.out_dim=13    avg_loss: 0.000005350730  time_per_window : 0.000153   progress : 0.874
name: models.architecture.block_type=cls
training.mode=rollout
models.out_dim=13    avg_loss: 0.000005396673  time_per_window : 0.000166   progress : 0.885
name: models.architecture.block_type=cls
training.mode=rollout
models.out_dim=13    avg_loss: 0.000005274103  time_per_window : 0.000149   progress : 0.896
name: models.architecture.block_type=cls
training.mode=rollout
models.out_dim=13    avg_loss: 0.000005410366  time_per_window : 0.000150   progress : 0.907
name: models.architecture.block_type=cls
training.mode=rollout
models.out_dim=13    avg_loss: 0.000005443383  time_per_window : 0.000137   progress : 0.917
name: models.architecture.block_type=cls
training.mode=rollout
models.out_dim=13    avg_loss: 0.000005404807  time_per_window : 0.000150   progress : 0.928
name: models.architecture.block_type=cls
training.mode=rollout
models.out_dim=13    avg_loss: 0.000005313687  time_per_window : 0.000145   progress : 0.939
name: models.architecture.block_type=cls
training.mode=rollout
models.out_dim=13    avg_loss: 0.000005378800  time_per_window : 0.000146   progress : 0.950
name: models.architecture.block_type=cls
training.mode=rollout
models.out_dim=13    avg_loss: 0.000005381740  time_per_window : 0.000142   progress : 0.961
name: models.architecture.block_type=cls
training.mode=rollout
models.out_dim=13    avg_loss: 0.000005278022  time_per_window : 0.000149   progress : 0.972
name: models.architecture.block_type=cls
training.mode=rollout
models.out_dim=13    avg_loss: 0.000005333327  time_per_window : 0.000151   progress : 0.983
name: models.architecture.block_type=cls
training.mode=rollout
models.out_dim=13    avg_loss: 0.000005801431  time_per_window : 0.000159   progress : 0.994
DONE!!!
