/home/jdihardjo/miniconda3/envs/mavenv/lib/python3.11/site-packages/hydra/_internal/defaults_list.py:251: UserWarning: In 'config': Defaults list is missing `_self_`. See https://hydra.cc/docs/1.2/upgrades/1.0_to_1.1/default_composition_order for more information
  warnings.warn(msg, UserWarning)
Using cuda:0 device
[2026-07-23 13:54:43,940][HYDRA] Joblib.Parallel(n_jobs=4,backend=loky,prefer=processes,require=None,verbose=0,timeout=None,pre_dispatch=2*n_jobs,batch_size=auto,temp_folder=None,max_nbytes=None,mmap_mode=r) is launching 1 jobs
[2026-07-23 13:54:43,940][HYDRA] Launching jobs, sweep output dir : ablation_runs/2026-07-23_10-49-16/cls_out6
[2026-07-23 13:54:43,940][HYDRA] 	#0 : models.architecture.block_type=cls training.mode=rollout models.out_dim=6
/home/jdihardjo/miniconda3/envs/mavenv/lib/python3.11/site-packages/hydra/_internal/defaults_list.py:251: UserWarning: In 'config': Defaults list is missing `_self_`. See https://hydra.cc/docs/1.2/upgrades/1.0_to_1.1/default_composition_order for more information
  warnings.warn(msg, UserWarning)
models:
  n_dim: 23
  out_dim: 6
  architecture:
    d_model: 128
    n_encoder_layers: 2
    n_decoder_layers: 0
    block_type: cls
    time_adapter: last_token
    in_norm: none
    out_norm: none
    layer_scale: 0.0001
    drop_path: 0.05
    mamba_type: mamba
    mamba_kwargs:
      d_state: 16
      d_conv: 2
      expand: 2
      norm: rms
    skip: false
    cls_kwargs:
      n_heads: 2
      n_mlp: 2
      positional_encoding: false
      max_len: 5000
input_len: 32
output_len: 1
batch_size: 128
epochs: 5
seed: 0
dataset:
  path: /home/jdihardjo/simdata/train.zarr/
  training_size: 1500000
evaluation:
  path: /home/jdihardjo/simdata/evaluation.zarr/
  evaluation_size: 50
training:
  mode: rollout
  lr: 0.0002
  weight_decay: 0.1
  rollout_steps: 16
checkpoint:
  save_path: hydra-test.pth
  load: false
  path: hydra-test.pth
compile: true

/home/jdihardjo/miniconda3/envs/mavenv/lib/python3.11/site-packages/torch/_inductor/cudagraph_trees.py:2622: UserWarning: Unable to hit fast path of CUDAGraphs because outputs from a previous step still require backward. Ensure backward() is invoked or detach outputs. You may also call torch.compiler.cudagraph_mark_step_begin() before each model invocation.
  warnings.warn(
name: models.architecture.block_type=cls
training.mode=rollout
models.out_dim=6    avg_loss: 0.000191835352  time_per_window : 0.000283   progress : 0.011
name: models.architecture.block_type=cls
training.mode=rollout
models.out_dim=6    avg_loss: 0.000000553084  time_per_window : 0.000216   progress : 0.022
name: models.architecture.block_type=cls
training.mode=rollout
models.out_dim=6    avg_loss: 0.000000382653  time_per_window : 0.000204   progress : 0.033
name: models.architecture.block_type=cls
training.mode=rollout
models.out_dim=6    avg_loss: 0.000000329319  time_per_window : 0.000283   progress : 0.044
name: models.architecture.block_type=cls
training.mode=rollout
models.out_dim=6    avg_loss: 0.000000287424  time_per_window : 0.000239   progress : 0.055
name: models.architecture.block_type=cls
training.mode=rollout
models.out_dim=6    avg_loss: 0.000000264811  time_per_window : 0.000252   progress : 0.066
name: models.architecture.block_type=cls
training.mode=rollout
models.out_dim=6    avg_loss: 0.000000247401  time_per_window : 0.000270   progress : 0.076
name: models.architecture.block_type=cls
training.mode=rollout
models.out_dim=6    avg_loss: 0.000000234670  time_per_window : 0.000253   progress : 0.087
name: models.architecture.block_type=cls
training.mode=rollout
models.out_dim=6    avg_loss: 0.000000219312  time_per_window : 0.000238   progress : 0.098
name: models.architecture.block_type=cls
training.mode=rollout
models.out_dim=6    avg_loss: 0.000000217617  time_per_window : 0.000196   progress : 0.109
name: models.architecture.block_type=cls
training.mode=rollout
models.out_dim=6    avg_loss: 0.000000200554  time_per_window : 0.000275   progress : 0.120
name: models.architecture.block_type=cls
training.mode=rollout
models.out_dim=6    avg_loss: 0.000000190108  time_per_window : 0.000189   progress : 0.131
name: models.architecture.block_type=cls
training.mode=rollout
models.out_dim=6    avg_loss: 0.000000183756  time_per_window : 0.000267   progress : 0.142
name: models.architecture.block_type=cls
training.mode=rollout
models.out_dim=6    avg_loss: 0.000000171593  time_per_window : 0.000250   progress : 0.153
name: models.architecture.block_type=cls
training.mode=rollout
models.out_dim=6    avg_loss: 0.000000164788  time_per_window : 0.000246   progress : 0.164
name: models.architecture.block_type=cls
training.mode=rollout
models.out_dim=6    avg_loss: 0.000000148388  time_per_window : 0.000244   progress : 0.175
name: models.architecture.block_type=cls
training.mode=rollout
models.out_dim=6    avg_loss: 0.000000146106  time_per_window : 0.000185   progress : 0.186
name: models.architecture.block_type=cls
training.mode=rollout
models.out_dim=6    avg_loss: 0.000000133554  time_per_window : 0.000236   progress : 0.197
name: models.architecture.block_type=cls
training.mode=rollout
models.out_dim=6    avg_loss: 0.000000133585  time_per_window : 0.000264   progress : 0.208
name: models.architecture.block_type=cls
training.mode=rollout
models.out_dim=6    avg_loss: 0.000000130037  time_per_window : 0.000268   progress : 0.218
name: models.architecture.block_type=cls
training.mode=rollout
models.out_dim=6    avg_loss: 0.000000126365  time_per_window : 0.000204   progress : 0.229
name: models.architecture.block_type=cls
training.mode=rollout
models.out_dim=6    avg_loss: 0.000000124191  time_per_window : 0.000294   progress : 0.240
name: models.architecture.block_type=cls
training.mode=rollout
models.out_dim=6    avg_loss: 0.000000121493  time_per_window : 0.000259   progress : 0.251
name: models.architecture.block_type=cls
training.mode=rollout
models.out_dim=6    avg_loss: 0.000000141433  time_per_window : 0.000236   progress : 0.262
name: models.architecture.block_type=cls
training.mode=rollout
models.out_dim=6    avg_loss: 0.000000122673  time_per_window : 0.000236   progress : 0.273
name: models.architecture.block_type=cls
training.mode=rollout
models.out_dim=6    avg_loss: 0.000000140942  time_per_window : 0.000238   progress : 0.284
name: models.architecture.block_type=cls
training.mode=rollout
models.out_dim=6    avg_loss: 0.000000122316  time_per_window : 0.000273   progress : 0.295
name: models.architecture.block_type=cls
training.mode=rollout
models.out_dim=6    avg_loss: 0.000000143862  time_per_window : 0.000227   progress : 0.306
name: models.architecture.block_type=cls
training.mode=rollout
models.out_dim=6    avg_loss: 0.000000145342  time_per_window : 0.000216   progress : 0.317
name: models.architecture.block_type=cls
training.mode=rollout
models.out_dim=6    avg_loss: 0.000000130054  time_per_window : 0.000232   progress : 0.328
name: models.architecture.block_type=cls
training.mode=rollout
models.out_dim=6    avg_loss: 0.000000141659  time_per_window : 0.000303   progress : 0.339
name: models.architecture.block_type=cls
training.mode=rollout
models.out_dim=6    avg_loss: 0.000000126035  time_per_window : 0.000285   progress : 0.350
name: models.architecture.block_type=cls
training.mode=rollout
models.out_dim=6    avg_loss: 0.000000148756  time_per_window : 0.000259   progress : 0.360
name: models.architecture.block_type=cls
training.mode=rollout
models.out_dim=6    avg_loss: 0.000000127033  time_per_window : 0.000266   progress : 0.371
name: models.architecture.block_type=cls
training.mode=rollout
models.out_dim=6    avg_loss: 0.000000134428  time_per_window : 0.000222   progress : 0.382
name: models.architecture.block_type=cls
training.mode=rollout
models.out_dim=6    avg_loss: 0.000000173638  time_per_window : 0.000256   progress : 0.393
name: models.architecture.block_type=cls
training.mode=rollout
models.out_dim=6    avg_loss: 0.000000123848  time_per_window : 0.000285   progress : 0.404
name: models.architecture.block_type=cls
training.mode=rollout
models.out_dim=6    avg_loss: 0.000000151536  time_per_window : 0.000259   progress : 0.415
name: models.architecture.block_type=cls
training.mode=rollout
models.out_dim=6    avg_loss: 0.000000134201  time_per_window : 0.000240   progress : 0.426
name: models.architecture.block_type=cls
training.mode=rollout
models.out_dim=6    avg_loss: 0.000000134365  time_per_window : 0.000183   progress : 0.437
name: models.architecture.block_type=cls
training.mode=rollout
models.out_dim=6    avg_loss: 0.000000161090  time_per_window : 0.000303   progress : 0.448
name: models.architecture.block_type=cls
training.mode=rollout
models.out_dim=6    avg_loss: 0.000000136233  time_per_window : 0.000237   progress : 0.459
name: models.architecture.block_type=cls
training.mode=rollout
models.out_dim=6    avg_loss: 0.000000144144  time_per_window : 0.000294   progress : 0.470
name: models.architecture.block_type=cls
training.mode=rollout
models.out_dim=6    avg_loss: 0.000000124320  time_per_window : 0.000251   progress : 0.481
name: models.architecture.block_type=cls
training.mode=rollout
models.out_dim=6    avg_loss: 0.000000164473  time_per_window : 0.000257   progress : 0.492
name: models.architecture.block_type=cls
training.mode=rollout
models.out_dim=6    avg_loss: 0.000000138539  time_per_window : 0.000256   progress : 0.502
name: models.architecture.block_type=cls
training.mode=rollout
models.out_dim=6    avg_loss: 0.000000163905  time_per_window : 0.000290   progress : 0.513
name: models.architecture.block_type=cls
training.mode=rollout
models.out_dim=6    avg_loss: 0.000000123262  time_per_window : 0.000285   progress : 0.524
name: models.architecture.block_type=cls
training.mode=rollout
models.out_dim=6    avg_loss: 0.000000136832  time_per_window : 0.000260   progress : 0.535
name: models.architecture.block_type=cls
training.mode=rollout
models.out_dim=6    avg_loss: 0.000000122972  time_per_window : 0.000251   progress : 0.546
name: models.architecture.block_type=cls
training.mode=rollout
models.out_dim=6    avg_loss: 0.000000132583  time_per_window : 0.000208   progress : 0.557
name: models.architecture.block_type=cls
training.mode=rollout
models.out_dim=6    avg_loss: 0.000000146372  time_per_window : 0.000277   progress : 0.568
name: models.architecture.block_type=cls
training.mode=rollout
models.out_dim=6    avg_loss: 0.000000146306  time_per_window : 0.000241   progress : 0.579/home/jdihardjo/miniconda3/envs/mavenv/lib/python3.11/site-packages/torch/_inductor/cudagraph_trees.py:2622: UserWarning: Unable to hit fast path of CUDAGraphs because outputs from a previous step still require backward. Ensure backward() is invoked or detach outputs. You may also call torch.compiler.cudagraph_mark_step_begin() before each model invocation.
  warnings.warn(
/home/jdihardjo/miniconda3/envs/mavenv/lib/python3.11/site-packages/torch/_inductor/cudagraph_trees.py:2622: UserWarning: Unable to hit fast path of CUDAGraphs because outputs from a previous step still require backward. Ensure backward() is invoked or detach outputs. You may also call torch.compiler.cudagraph_mark_step_begin() before each model invocation.
  warnings.warn(

name: models.architecture.block_type=cls
training.mode=rollout
models.out_dim=6    avg_loss: 0.000000118674  time_per_window : 0.000230   progress : 0.590
name: models.architecture.block_type=cls
training.mode=rollout
models.out_dim=6    avg_loss: 0.000000137392  time_per_window : 0.000305   progress : 0.601
name: models.architecture.block_type=cls
training.mode=rollout
models.out_dim=6    avg_loss: 0.000000118453  time_per_window : 0.000236   progress : 0.612
name: models.architecture.block_type=cls
training.mode=rollout
models.out_dim=6    avg_loss: 0.000000130286  time_per_window : 0.000241   progress : 0.623
name: models.architecture.block_type=cls
training.mode=rollout
models.out_dim=6    avg_loss: 0.000000125128  time_per_window : 0.000221   progress : 0.634
name: models.architecture.block_type=cls
training.mode=rollout
models.out_dim=6    avg_loss: 0.000000128132  time_per_window : 0.000209   progress : 0.644
name: models.architecture.block_type=cls
training.mode=rollout
models.out_dim=6    avg_loss: 0.000000134471  time_per_window : 0.000256   progress : 0.655
name: models.architecture.block_type=cls
training.mode=rollout
models.out_dim=6    avg_loss: 0.000000114134  time_per_window : 0.000273   progress : 0.666
name: models.architecture.block_type=cls
training.mode=rollout
models.out_dim=6    avg_loss: 0.000000130933  time_per_window : 0.000234   progress : 0.677
name: models.architecture.block_type=cls
training.mode=rollout
models.out_dim=6    avg_loss: 0.000000120526  time_per_window : 0.000241   progress : 0.688
name: models.architecture.block_type=cls
training.mode=rollout
models.out_dim=6    avg_loss: 0.000000143327  time_per_window : 0.000201   progress : 0.699
name: models.architecture.block_type=cls
training.mode=rollout
models.out_dim=6    avg_loss: 0.000000134319  time_per_window : 0.000211   progress : 0.710
name: models.architecture.block_type=cls
training.mode=rollout
models.out_dim=6    avg_loss: 0.000000115181  time_per_window : 0.000216   progress : 0.721
name: models.architecture.block_type=cls
training.mode=rollout
models.out_dim=6    avg_loss: 0.000000120337  time_per_window : 0.000230   progress : 0.732
name: models.architecture.block_type=cls
training.mode=rollout
models.out_dim=6    avg_loss: 0.000000116028  time_per_window : 0.000204   progress : 0.743
name: models.architecture.block_type=cls
training.mode=rollout
models.out_dim=6    avg_loss: 0.000000116855  time_per_window : 0.000274   progress : 0.754
name: models.architecture.block_type=cls
training.mode=rollout
models.out_dim=6    avg_loss: 0.000000111809  time_per_window : 0.000228   progress : 0.765
name: models.architecture.block_type=cls
training.mode=rollout
models.out_dim=6    avg_loss: 0.000000126999  time_per_window : 0.000265   progress : 0.775
name: models.architecture.block_type=cls
training.mode=rollout
models.out_dim=6    avg_loss: 0.000000132423  time_per_window : 0.000243   progress : 0.786
name: models.architecture.block_type=cls
training.mode=rollout
models.out_dim=6    avg_loss: 0.000000107633  time_per_window : 0.000260   progress : 0.797
name: models.architecture.block_type=cls
training.mode=rollout
models.out_dim=6    avg_loss: 0.000000100802  time_per_window : 0.000233   progress : 0.808
name: models.architecture.block_type=cls
training.mode=rollout
models.out_dim=6    avg_loss: 0.000000107560  time_per_window : 0.000217   progress : 0.819
name: models.architecture.block_type=cls
training.mode=rollout
models.out_dim=6    avg_loss: 0.000000113662  time_per_window : 0.000236   progress : 0.830
name: models.architecture.block_type=cls
training.mode=rollout
models.out_dim=6    avg_loss: 0.000000096116  time_per_window : 0.000219   progress : 0.841
name: models.architecture.block_type=cls
training.mode=rollout
models.out_dim=6    avg_loss: 0.000000116478  time_per_window : 0.000268   progress : 0.852
name: models.architecture.block_type=cls
training.mode=rollout
models.out_dim=6    avg_loss: 0.000000111834  time_per_window : 0.000256   progress : 0.863
name: models.architecture.block_type=cls
training.mode=rollout
models.out_dim=6    avg_loss: 0.000000096351  time_per_window : 0.000204   progress : 0.874
name: models.architecture.block_type=cls
training.mode=rollout
models.out_dim=6    avg_loss: 0.000000109059  time_per_window : 0.000258   progress : 0.885
name: models.architecture.block_type=cls
training.mode=rollout
models.out_dim=6    avg_loss: 0.000000087617  time_per_window : 0.000243   progress : 0.896
name: models.architecture.block_type=cls
training.mode=rollout
models.out_dim=6    avg_loss: 0.000000093501  time_per_window : 0.000228   progress : 0.907
name: models.architecture.block_type=cls
training.mode=rollout
models.out_dim=6    avg_loss: 0.000000117393  time_per_window : 0.000306   progress : 0.917
name: models.architecture.block_type=cls
training.mode=rollout
models.out_dim=6    avg_loss: 0.000000099277  time_per_window : 0.000254   progress : 0.928
name: models.architecture.block_type=cls
training.mode=rollout
models.out_dim=6    avg_loss: 0.000000108866  time_per_window : 0.000249   progress : 0.939
name: models.architecture.block_type=cls
training.mode=rollout
models.out_dim=6    avg_loss: 0.000000100778  time_per_window : 0.000203   progress : 0.950
name: models.architecture.block_type=cls
training.mode=rollout
models.out_dim=6    avg_loss: 0.000000090783  time_per_window : 0.000174   progress : 0.961
name: models.architecture.block_type=cls
training.mode=rollout
models.out_dim=6    avg_loss: 0.000000097444  time_per_window : 0.000254   progress : 0.972
name: models.architecture.block_type=cls
training.mode=rollout
models.out_dim=6    avg_loss: 0.000000091954  time_per_window : 0.000290   progress : 0.983
name: models.architecture.block_type=cls
training.mode=rollout
models.out_dim=6    avg_loss: 0.000000091988  time_per_window : 0.000238   progress : 0.994
name: models.architecture.block_type=cls
training.mode=rollout
models.out_dim=6    avg_loss: 0.000000217746  time_per_window : 0.000317   progress : 0.011
name: models.architecture.block_type=cls
training.mode=rollout
models.out_dim=6    avg_loss: 0.000000096105  time_per_window : 0.000314   progress : 0.022
name: models.architecture.block_type=cls
training.mode=rollout
models.out_dim=6    avg_loss: 0.000000094251  time_per_window : 0.000202   progress : 0.033
name: models.architecture.block_type=cls
training.mode=rollout
models.out_dim=6    avg_loss: 0.000000100528  time_per_window : 0.000293   progress : 0.044
name: models.architecture.block_type=cls
training.mode=rollout
models.out_dim=6    avg_loss: 0.000000103458  time_per_window : 0.000310   progress : 0.055
name: models.architecture.block_type=cls
training.mode=rollout
models.out_dim=6    avg_loss: 0.000000100234  time_per_window : 0.000312   progress : 0.066
name: models.architecture.block_type=cls
training.mode=rollout
models.out_dim=6    avg_loss: 0.000000102135  time_per_window : 0.000341   progress : 0.076
name: models.architecture.block_type=cls
training.mode=rollout
models.out_dim=6    avg_loss: 0.000000090939  time_per_window : 0.000335   progress : 0.087
name: models.architecture.block_type=cls
training.mode=rollout
models.out_dim=6    avg_loss: 0.000000092441  time_per_window : 0.000316   progress : 0.098
name: models.architecture.block_type=cls
training.mode=rollout
models.out_dim=6    avg_loss: 0.000000094842  time_per_window : 0.000331   progress : 0.109
name: models.architecture.block_type=cls
training.mode=rollout
models.out_dim=6    avg_loss: 0.000000085746  time_per_window : 0.000316   progress : 0.120
name: models.architecture.block_type=cls
training.mode=rollout
models.out_dim=6    avg_loss: 0.000000088190  time_per_window : 0.000299   progress : 0.131
name: models.architecture.block_type=cls
training.mode=rollout
models.out_dim=6    avg_loss: 0.000000096216  time_per_window : 0.000339   progress : 0.142
name: models.architecture.block_type=cls
training.mode=rollout
models.out_dim=6    avg_loss: 0.000000105868  time_per_window : 0.000336   progress : 0.153
name: models.architecture.block_type=cls
training.mode=rollout
models.out_dim=6    avg_loss: 0.000000088181  time_per_window : 0.000300   progress : 0.164
name: models.architecture.block_type=cls
training.mode=rollout
models.out_dim=6    avg_loss: 0.000000086751  time_per_window : 0.000281   progress : 0.175
name: models.architecture.block_type=cls
training.mode=rollout
models.out_dim=6    avg_loss: 0.000000092929  time_per_window : 0.000272   progress : 0.186
name: models.architecture.block_type=cls
training.mode=rollout
models.out_dim=6    avg_loss: 0.000000086576  time_per_window : 0.000314   progress : 0.197
name: models.architecture.block_type=cls
training.mode=rollout
models.out_dim=6    avg_loss: 0.000000087339  time_per_window : 0.000300   progress : 0.208
name: models.architecture.block_type=cls
training.mode=rollout
models.out_dim=6    avg_loss: 0.000000089649  time_per_window : 0.000289   progress : 0.218
name: models.architecture.block_type=cls
training.mode=rollout
models.out_dim=6    avg_loss: 0.000000079394  time_per_window : 0.000308   progress : 0.229
name: models.architecture.block_type=cls
training.mode=rollout
models.out_dim=6    avg_loss: 0.000000075713  time_per_window : 0.000282   progress : 0.240
name: models.architecture.block_type=cls
training.mode=rollout
models.out_dim=6    avg_loss: 0.000000096689  time_per_window : 0.000290   progress : 0.251
name: models.architecture.block_type=cls
training.mode=rollout
models.out_dim=6    avg_loss: 0.000000086259  time_per_window : 0.000341   progress : 0.262
name: models.architecture.block_type=cls
training.mode=rollout
models.out_dim=6    avg_loss: 0.000000083170  time_per_window : 0.000331   progress : 0.273
name: models.architecture.block_type=cls
training.mode=rollout
models.out_dim=6    avg_loss: 0.000000075130  time_per_window : 0.000330   progress : 0.284
name: models.architecture.block_type=cls
training.mode=rollout
models.out_dim=6    avg_loss: 0.000000079186  time_per_window : 0.000345   progress : 0.295
name: models.architecture.block_type=cls
training.mode=rollout
models.out_dim=6    avg_loss: 0.000000078335  time_per_window : 0.000315   progress : 0.306
name: models.architecture.block_type=cls
training.mode=rollout
models.out_dim=6    avg_loss: 0.000000080095  time_per_window : 0.000300   progress : 0.317
name: models.architecture.block_type=cls
training.mode=rollout
models.out_dim=6    avg_loss: 0.000000078162  time_per_window : 0.000277   progress : 0.328
name: models.architecture.block_type=cls
training.mode=rollout
models.out_dim=6    avg_loss: 0.000000072438  time_per_window : 0.000329   progress : 0.339
name: models.architecture.block_type=cls
training.mode=rollout
models.out_dim=6    avg_loss: 0.000000082041  time_per_window : 0.000318   progress : 0.350
name: models.architecture.block_type=cls
training.mode=rollout
models.out_dim=6    avg_loss: 0.000000071132  time_per_window : 0.000209   progress : 0.360
name: models.architecture.block_type=cls
training.mode=rollout
models.out_dim=6    avg_loss: 0.000000087791  time_per_window : 0.000329   progress : 0.371
name: models.architecture.block_type=cls
training.mode=rollout
models.out_dim=6    avg_loss: 0.000000078505  time_per_window : 0.000325   progress : 0.382
name: models.architecture.block_type=cls
training.mode=rollout
models.out_dim=6    avg_loss: 0.000000076143  time_per_window : 0.000343   progress : 0.393
name: models.architecture.block_type=cls
training.mode=rollout
models.out_dim=6    avg_loss: 0.000000092190  time_per_window : 0.000301   progress : 0.404
name: models.architecture.block_type=cls
training.mode=rollout
models.out_dim=6    avg_loss: 0.000000076543  time_per_window : 0.000307   progress : 0.415
name: models.architecture.block_type=cls
training.mode=rollout
models.out_dim=6    avg_loss: 0.000000062968  time_per_window : 0.000291   progress : 0.426
name: models.architecture.block_type=cls
training.mode=rollout
models.out_dim=6    avg_loss: 0.000000083187  time_per_window : 0.000343   progress : 0.437
name: models.architecture.block_type=cls
training.mode=rollout
models.out_dim=6    avg_loss: 0.000000082407  time_per_window : 0.000327   progress : 0.448
name: models.architecture.block_type=cls
training.mode=rollout
models.out_dim=6    avg_loss: 0.000000069701  time_per_window : 0.000226   progress : 0.459
name: models.architecture.block_type=cls
training.mode=rollout
models.out_dim=6    avg_loss: 0.000000078331  time_per_window : 0.000318   progress : 0.470
name: models.architecture.block_type=cls
training.mode=rollout
models.out_dim=6    avg_loss: 0.000000071483  time_per_window : 0.000336   progress : 0.481
name: models.architecture.block_type=cls
training.mode=rollout
models.out_dim=6    avg_loss: 0.000000077567  time_per_window : 0.000189   progress : 0.492
name: models.architecture.block_type=cls
training.mode=rollout
models.out_dim=6    avg_loss: 0.000000077717  time_per_window : 0.000216   progress : 0.502
name: models.architecture.block_type=cls
training.mode=rollout
models.out_dim=6    avg_loss: 0.000000074016  time_per_window : 0.000270   progress : 0.513
name: models.architecture.block_type=cls
training.mode=rollout
models.out_dim=6    avg_loss: 0.000000069596  time_per_window : 0.000313   progress : 0.524
name: models.architecture.block_type=cls
training.mode=rollout
models.out_dim=6    avg_loss: 0.000000070922  time_per_window : 0.000291   progress : 0.535
name: models.architecture.block_type=cls
training.mode=rollout
models.out_dim=6    avg_loss: 0.000000070626  time_per_window : 0.000293   progress : 0.546
name: models.architecture.block_type=cls
training.mode=rollout
models.out_dim=6    avg_loss: 0.000000068642  time_per_window : 0.000324   progress : 0.557
name: models.architecture.block_type=cls
training.mode=rollout
models.out_dim=6    avg_loss: 0.000000069937  time_per_window : 0.000230   progress : 0.568
name: models.architecture.block_type=cls
training.mode=rollout
models.out_dim=6    avg_loss: 0.000000077446  time_per_window : 0.000308   progress : 0.579
name: models.architecture.block_type=cls
training.mode=rollout
models.out_dim=6    avg_loss: 0.000000063165  time_per_window : 0.000306   progress : 0.590
name: models.architecture.block_type=cls
training.mode=rollout
models.out_dim=6    avg_loss: 0.000000063887  time_per_window : 0.000311   progress : 0.601
name: models.architecture.block_type=cls
training.mode=rollout
models.out_dim=6    avg_loss: 0.000000073587  time_per_window : 0.000332   progress : 0.612
name: models.architecture.block_type=cls
training.mode=rollout
models.out_dim=6    avg_loss: 0.000000070948  time_per_window : 0.000304   progress : 0.623
name: models.architecture.block_type=cls
training.mode=rollout
models.out_dim=6    avg_loss: 0.000000064452  time_per_window : 0.000322   progress : 0.634
name: models.architecture.block_type=cls
training.mode=rollout
models.out_dim=6    avg_loss: 0.000000061040  time_per_window : 0.000302   progress : 0.644
name: models.architecture.block_type=cls
training.mode=rollout
models.out_dim=6    avg_loss: 0.000000061641  time_per_window : 0.000279   progress : 0.655
name: models.architecture.block_type=cls
training.mode=rollout
models.out_dim=6    avg_loss: 0.000000063737  time_per_window : 0.000339   progress : 0.666
name: models.architecture.block_type=cls
training.mode=rollout
models.out_dim=6    avg_loss: 0.000000070246  time_per_window : 0.000343   progress : 0.677
name: models.architecture.block_type=cls
training.mode=rollout
models.out_dim=6    avg_loss: 0.000000066345  time_per_window : 0.000280   progress : 0.688
name: models.architecture.block_type=cls
training.mode=rollout
models.out_dim=6    avg_loss: 0.000000056679  time_per_window : 0.000313   progress : 0.699
name: models.architecture.block_type=cls
training.mode=rollout
models.out_dim=6    avg_loss: 0.000000060715  time_per_window : 0.000303   progress : 0.710
name: models.architecture.block_type=cls
training.mode=rollout
models.out_dim=6    avg_loss: 0.000000061374  time_per_window : 0.000303   progress : 0.721
name: models.architecture.block_type=cls
training.mode=rollout
models.out_dim=6    avg_loss: 0.000000067506  time_per_window : 0.000243   progress : 0.732
name: models.architecture.block_type=cls
training.mode=rollout
models.out_dim=6    avg_loss: 0.000000064565  time_per_window : 0.000209   progress : 0.743
name: models.architecture.block_type=cls
training.mode=rollout
models.out_dim=6    avg_loss: 0.000000054975  time_per_window : 0.000284   progress : 0.754
name: models.architecture.block_type=cls
training.mode=rollout
models.out_dim=6    avg_loss: 0.000000065684  time_per_window : 0.000267   progress : 0.765
name: models.architecture.block_type=cls
training.mode=rollout
models.out_dim=6    avg_loss: 0.000000064502  time_per_window : 0.000253   progress : 0.775
name: models.architecture.block_type=cls
training.mode=rollout
models.out_dim=6    avg_loss: 0.000000072179  time_per_window : 0.000294   progress : 0.786
name: models.architecture.block_type=cls
training.mode=rollout
models.out_dim=6    avg_loss: 0.000000057663  time_per_window : 0.000310   progress : 0.797
name: models.architecture.block_type=cls
training.mode=rollout
models.out_dim=6    avg_loss: 0.000000058143  time_per_window : 0.000324   progress : 0.808
name: models.architecture.block_type=cls
training.mode=rollout
models.out_dim=6    avg_loss: 0.000000054240  time_per_window : 0.000320   progress : 0.819
name: models.architecture.block_type=cls
training.mode=rollout
models.out_dim=6    avg_loss: 0.000000055638  time_per_window : 0.000294   progress : 0.830
name: models.architecture.block_type=cls
training.mode=rollout
models.out_dim=6    avg_loss: 0.000000060048  time_per_window : 0.000261   progress : 0.841
name: models.architecture.block_type=cls
training.mode=rollout
models.out_dim=6    avg_loss: 0.000000063753  time_per_window : 0.000287   progress : 0.852
name: models.architecture.block_type=cls
training.mode=rollout
models.out_dim=6    avg_loss: 0.000000061103  time_per_window : 0.000296   progress : 0.863
name: models.architecture.block_type=cls
training.mode=rollout
models.out_dim=6    avg_loss: 0.000000062949  time_per_window : 0.000287   progress : 0.874
name: models.architecture.block_type=cls
training.mode=rollout
models.out_dim=6    avg_loss: 0.000000059935  time_per_window : 0.000324   progress : 0.885
name: models.architecture.block_type=cls
training.mode=rollout
models.out_dim=6    avg_loss: 0.000000052363  time_per_window : 0.000288   progress : 0.896
name: models.architecture.block_type=cls
training.mode=rollout
models.out_dim=6    avg_loss: 0.000000055020  time_per_window : 0.000281   progress : 0.907
name: models.architecture.block_type=cls
training.mode=rollout
models.out_dim=6    avg_loss: 0.000000060569  time_per_window : 0.000341   progress : 0.917
name: models.architecture.block_type=cls
training.mode=rollout
models.out_dim=6    avg_loss: 0.000000057691  time_per_window : 0.000297   progress : 0.928
name: models.architecture.block_type=cls
training.mode=rollout
models.out_dim=6    avg_loss: 0.000000057046  time_per_window : 0.000276   progress : 0.939
name: models.architecture.block_type=cls
training.mode=rollout
models.out_dim=6    avg_loss: 0.000000056237  time_per_window : 0.000303   progress : 0.950
name: models.architecture.block_type=cls
training.mode=rollout
models.out_dim=6    avg_loss: 0.000000053323  time_per_window : 0.000261   progress : 0.961
name: models.architecture.block_type=cls
training.mode=rollout
models.out_dim=6    avg_loss: 0.000000054817  time_per_window : 0.000320   progress : 0.972
name: models.architecture.block_type=cls
training.mode=rollout
models.out_dim=6    avg_loss: 0.000000055421  time_per_window : 0.000335   progress : 0.983
name: models.architecture.block_type=cls
training.mode=rollout
models.out_dim=6    avg_loss: 0.000000052479  time_per_window : 0.000323   progress : 0.994
name: models.architecture.block_type=cls
training.mode=rollout
models.out_dim=6    avg_loss: 0.000004022954  time_per_window : 0.000317   progress : 0.011
name: models.architecture.block_type=cls
training.mode=rollout
models.out_dim=6    avg_loss: 0.000000389874  time_per_window : 0.000298   progress : 0.022
name: models.architecture.block_type=cls
training.mode=rollout
models.out_dim=6    avg_loss: 0.000000358851  time_per_window : 0.000312   progress : 0.033
name: models.architecture.block_type=cls
training.mode=rollout
models.out_dim=6    avg_loss: 0.000000316739  time_per_window : 0.000277   progress : 0.044
name: models.architecture.block_type=cls
training.mode=rollout
models.out_dim=6    avg_loss: 0.000000271289  time_per_window : 0.000200   progress : 0.055
name: models.architecture.block_type=cls
training.mode=rollout
models.out_dim=6    avg_loss: 0.000000227578  time_per_window : 0.000316   progress : 0.066
name: models.architecture.block_type=cls
training.mode=rollout
models.out_dim=6    avg_loss: 0.000000252682  time_per_window : 0.000271   progress : 0.076
name: models.architecture.block_type=cls
training.mode=rollout
models.out_dim=6    avg_loss: 0.000000218071  time_per_window : 0.000313   progress : 0.087
name: models.architecture.block_type=cls
training.mode=rollout
models.out_dim=6    avg_loss: 0.000000226859  time_per_window : 0.000276   progress : 0.098
name: models.architecture.block_type=cls
training.mode=rollout
models.out_dim=6    avg_loss: 0.000000225337  time_per_window : 0.000283   progress : 0.109
name: models.architecture.block_type=cls
training.mode=rollout
models.out_dim=6    avg_loss: 0.000000214077  time_per_window : 0.000330   progress : 0.120
name: models.architecture.block_type=cls
training.mode=rollout
models.out_dim=6    avg_loss: 0.000000210120  time_per_window : 0.000246   progress : 0.131
name: models.architecture.block_type=cls
training.mode=rollout
models.out_dim=6    avg_loss: 0.000000179084  time_per_window : 0.000297   progress : 0.142
name: models.architecture.block_type=cls
training.mode=rollout
models.out_dim=6    avg_loss: 0.000000223299  time_per_window : 0.000271   progress : 0.153
name: models.architecture.block_type=cls
training.mode=rollout
models.out_dim=6    avg_loss: 0.000000194696  time_per_window : 0.000270   progress : 0.164
name: models.architecture.block_type=cls
training.mode=rollout
models.out_dim=6    avg_loss: 0.000000202902  time_per_window : 0.000336   progress : 0.175
name: models.architecture.block_type=cls
training.mode=rollout
models.out_dim=6    avg_loss: 0.000000202362  time_per_window : 0.000318   progress : 0.186
name: models.architecture.block_type=cls
training.mode=rollout
models.out_dim=6    avg_loss: 0.000000167442  time_per_window : 0.000202   progress : 0.197
name: models.architecture.block_type=cls
training.mode=rollout
models.out_dim=6    avg_loss: 0.000000210874  time_per_window : 0.000265   progress : 0.208
name: models.architecture.block_type=cls
training.mode=rollout
models.out_dim=6    avg_loss: 0.000000214890  time_per_window : 0.000252   progress : 0.218
name: models.architecture.block_type=cls
training.mode=rollout
models.out_dim=6    avg_loss: 0.000000178637  time_per_window : 0.000356   progress : 0.229
name: models.architecture.block_type=cls
training.mode=rollout
models.out_dim=6    avg_loss: 0.000000178099  time_per_window : 0.000308   progress : 0.240
name: models.architecture.block_type=cls
training.mode=rollout
models.out_dim=6    avg_loss: 0.000000198592  time_per_window : 0.000326   progress : 0.251
name: models.architecture.block_type=cls
training.mode=rollout
models.out_dim=6    avg_loss: 0.000000171486  time_per_window : 0.000298   progress : 0.262
name: models.architecture.block_type=cls
training.mode=rollout
models.out_dim=6    avg_loss: 0.000000192347  time_per_window : 0.000302   progress : 0.273
name: models.architecture.block_type=cls
training.mode=rollout
models.out_dim=6    avg_loss: 0.000000174298  time_per_window : 0.000302   progress : 0.284
name: models.architecture.block_type=cls
training.mode=rollout
models.out_dim=6    avg_loss: 0.000000160097  time_per_window : 0.000307   progress : 0.295
name: models.architecture.block_type=cls
training.mode=rollout
models.out_dim=6    avg_loss: 0.000000166433  time_per_window : 0.000309   progress : 0.306
name: models.architecture.block_type=cls
training.mode=rollout
models.out_dim=6    avg_loss: 0.000000184645  time_per_window : 0.000272   progress : 0.317
name: models.architecture.block_type=cls
training.mode=rollout
models.out_dim=6    avg_loss: 0.000000155672  time_per_window : 0.000343   progress : 0.328
name: models.architecture.block_type=cls
training.mode=rollout
models.out_dim=6    avg_loss: 0.000000189847  time_per_window : 0.000300   progress : 0.339
name: models.architecture.block_type=cls
training.mode=rollout
models.out_dim=6    avg_loss: 0.000000165465  time_per_window : 0.000208   progress : 0.350
name: models.architecture.block_type=cls
training.mode=rollout
models.out_dim=6    avg_loss: 0.000000151219  time_per_window : 0.000306   progress : 0.360
name: models.architecture.block_type=cls
training.mode=rollout
models.out_dim=6    avg_loss: 0.000000161314  time_per_window : 0.000316   progress : 0.371
name: models.architecture.block_type=cls
training.mode=rollout
models.out_dim=6    avg_loss: 0.000000161098  time_per_window : 0.000317   progress : 0.382
name: models.architecture.block_type=cls
training.mode=rollout
models.out_dim=6    avg_loss: 0.000000150665  time_per_window : 0.000279   progress : 0.393
name: models.architecture.block_type=cls
training.mode=rollout
models.out_dim=6    avg_loss: 0.000000148101  time_per_window : 0.000272   progress : 0.404
name: models.architecture.block_type=cls
training.mode=rollout
models.out_dim=6    avg_loss: 0.000000147992  time_per_window : 0.000286   progress : 0.415
name: models.architecture.block_type=cls
training.mode=rollout
models.out_dim=6    avg_loss: 0.000000143277  time_per_window : 0.000302   progress : 0.426
name: models.architecture.block_type=cls
training.mode=rollout
models.out_dim=6    avg_loss: 0.000000130240  time_per_window : 0.000316   progress : 0.437
name: models.architecture.block_type=cls
training.mode=rollout
models.out_dim=6    avg_loss: 0.000000149449  time_per_window : 0.000315   progress : 0.448
name: models.architecture.block_type=cls
training.mode=rollout
models.out_dim=6    avg_loss: 0.000000132528  time_per_window : 0.000312   progress : 0.459
name: models.architecture.block_type=cls
training.mode=rollout
models.out_dim=6    avg_loss: 0.000000132097  time_per_window : 0.000302   progress : 0.470
name: models.architecture.block_type=cls
training.mode=rollout
models.out_dim=6    avg_loss: 0.000000113940  time_per_window : 0.000230   progress : 0.481
name: models.architecture.block_type=cls
training.mode=rollout
models.out_dim=6    avg_loss: 0.000000117719  time_per_window : 0.000317   progress : 0.492
name: models.architecture.block_type=cls
training.mode=rollout
models.out_dim=6    avg_loss: 0.000000127026  time_per_window : 0.000314   progress : 0.502
name: models.architecture.block_type=cls
training.mode=rollout
models.out_dim=6    avg_loss: 0.000000167335  time_per_window : 0.000308   progress : 0.513
name: models.architecture.block_type=cls
training.mode=rollout
models.out_dim=6    avg_loss: 0.000000127001  time_per_window : 0.000306   progress : 0.524
name: models.architecture.block_type=cls
training.mode=rollout
models.out_dim=6    avg_loss: 0.000000139796  time_per_window : 0.000276   progress : 0.535
name: models.architecture.block_type=cls
training.mode=rollout
models.out_dim=6    avg_loss: 0.000000115750  time_per_window : 0.000283   progress : 0.546
name: models.architecture.block_type=cls
training.mode=rollout
models.out_dim=6    avg_loss: 0.000000125038  time_per_window : 0.000313   progress : 0.557
name: models.architecture.block_type=cls
training.mode=rollout
models.out_dim=6    avg_loss: 0.000000121370  time_per_window : 0.000293   progress : 0.568
name: models.architecture.block_type=cls
training.mode=rollout
models.out_dim=6    avg_loss: 0.000000131282  time_per_window : 0.000278   progress : 0.579
name: models.architecture.block_type=cls
training.mode=rollout
models.out_dim=6    avg_loss: 0.000000144320  time_per_window : 0.000194   progress : 0.590
name: models.architecture.block_type=cls
training.mode=rollout
models.out_dim=6    avg_loss: 0.000000115388  time_per_window : 0.000327   progress : 0.601
name: models.architecture.block_type=cls
training.mode=rollout
models.out_dim=6    avg_loss: 0.000000108896  time_per_window : 0.000292   progress : 0.612
name: models.architecture.block_type=cls
training.mode=rollout
models.out_dim=6    avg_loss: 0.000000116414  time_per_window : 0.000291   progress : 0.623
name: models.architecture.block_type=cls
training.mode=rollout
models.out_dim=6    avg_loss: 0.000000094271  time_per_window : 0.000228   progress : 0.634
name: models.architecture.block_type=cls
training.mode=rollout
models.out_dim=6    avg_loss: 0.000000126599  time_per_window : 0.000262   progress : 0.644
name: models.architecture.block_type=cls
training.mode=rollout
models.out_dim=6    avg_loss: 0.000000103249  time_per_window : 0.000299   progress : 0.655
name: models.architecture.block_type=cls
training.mode=rollout
models.out_dim=6    avg_loss: 0.000000118745  time_per_window : 0.000259   progress : 0.666
name: models.architecture.block_type=cls
training.mode=rollout
models.out_dim=6    avg_loss: 0.000000127924  time_per_window : 0.000361   progress : 0.677
name: models.architecture.block_type=cls
training.mode=rollout
models.out_dim=6    avg_loss: 0.000000099214  time_per_window : 0.000201   progress : 0.688
name: models.architecture.block_type=cls
training.mode=rollout
models.out_dim=6    avg_loss: 0.000000106159  time_per_window : 0.000334   progress : 0.699
name: models.architecture.block_type=cls
training.mode=rollout
models.out_dim=6    avg_loss: 0.000000127380  time_per_window : 0.000335   progress : 0.710
name: models.architecture.block_type=cls
training.mode=rollout
models.out_dim=6    avg_loss: 0.000000098635  time_per_window : 0.000308   progress : 0.721
name: models.architecture.block_type=cls
training.mode=rollout
models.out_dim=6    avg_loss: 0.000000133259  time_per_window : 0.000300   progress : 0.732
name: models.architecture.block_type=cls
training.mode=rollout
models.out_dim=6    avg_loss: 0.000000102555  time_per_window : 0.000366   progress : 0.743
name: models.architecture.block_type=cls
training.mode=rollout
models.out_dim=6    avg_loss: 0.000000121314  time_per_window : 0.000305   progress : 0.754
name: models.architecture.block_type=cls
training.mode=rollout
models.out_dim=6    avg_loss: 0.000000123408  time_per_window : 0.000290   progress : 0.765
name: models.architecture.block_type=cls
training.mode=rollout
models.out_dim=6    avg_loss: 0.000000102046  time_per_window : 0.000312   progress : 0.775
name: models.architecture.block_type=cls
training.mode=rollout
models.out_dim=6    avg_loss: 0.000000125707  time_per_window : 0.000332   progress : 0.786
name: models.architecture.block_type=cls
training.mode=rollout
models.out_dim=6    avg_loss: 0.000000113843  time_per_window : 0.000323   progress : 0.797
name: models.architecture.block_type=cls
training.mode=rollout
models.out_dim=6    avg_loss: 0.000000107529  time_per_window : 0.000336   progress : 0.808
name: models.architecture.block_type=cls
training.mode=rollout
models.out_dim=6    avg_loss: 0.000000104979  time_per_window : 0.000342   progress : 0.819
name: models.architecture.block_type=cls
training.mode=rollout
models.out_dim=6    avg_loss: 0.000000084540  time_per_window : 0.000321   progress : 0.830
name: models.architecture.block_type=cls
training.mode=rollout
models.out_dim=6    avg_loss: 0.000000117813  time_per_window : 0.000341   progress : 0.841
name: models.architecture.block_type=cls
training.mode=rollout
models.out_dim=6    avg_loss: 0.000000104526  time_per_window : 0.000306   progress : 0.852
name: models.architecture.block_type=cls
training.mode=rollout
models.out_dim=6    avg_loss: 0.000000092313  time_per_window : 0.000354   progress : 0.863
name: models.architecture.block_type=cls
training.mode=rollout
models.out_dim=6    avg_loss: 0.000000111243  time_per_window : 0.000311   progress : 0.874
name: models.architecture.block_type=cls
training.mode=rollout
models.out_dim=6    avg_loss: 0.000000114075  time_per_window : 0.000295   progress : 0.885
name: models.architecture.block_type=cls
training.mode=rollout
models.out_dim=6    avg_loss: 0.000000094977  time_per_window : 0.000291   progress : 0.896
name: models.architecture.block_type=cls
training.mode=rollout
models.out_dim=6    avg_loss: 0.000000095131  time_per_window : 0.000338   progress : 0.907
name: models.architecture.block_type=cls
training.mode=rollout
models.out_dim=6    avg_loss: 0.000000117690  time_per_window : 0.000292   progress : 0.917
name: models.architecture.block_type=cls
training.mode=rollout
models.out_dim=6    avg_loss: 0.000000117903  time_per_window : 0.000322   progress : 0.928
name: models.architecture.block_type=cls
training.mode=rollout
models.out_dim=6    avg_loss: 0.000000106866  time_per_window : 0.000326   progress : 0.939
name: models.architecture.block_type=cls
training.mode=rollout
models.out_dim=6    avg_loss: 0.000000101095  time_per_window : 0.000322   progress : 0.950
name: models.architecture.block_type=cls
training.mode=rollout
models.out_dim=6    avg_loss: 0.000000111397  time_per_window : 0.000338   progress : 0.961
name: models.architecture.block_type=cls
training.mode=rollout
models.out_dim=6    avg_loss: 0.000000105232  time_per_window : 0.000342   progress : 0.972
name: models.architecture.block_type=cls
training.mode=rollout
models.out_dim=6    avg_loss: 0.000000102937  time_per_window : 0.000338   progress : 0.983
name: models.architecture.block_type=cls
training.mode=rollout
models.out_dim=6    avg_loss: 0.000000113145  time_per_window : 0.000335   progress : 0.994
name: models.architecture.block_type=cls
training.mode=rollout
models.out_dim=6    avg_loss: 0.000043031800  time_per_window : 0.000344   progress : 0.011
name: models.architecture.block_type=cls
training.mode=rollout
models.out_dim=6    avg_loss: 0.000005147199  time_per_window : 0.000314   progress : 0.022
name: models.architecture.block_type=cls
training.mode=rollout
models.out_dim=6    avg_loss: 0.000003370212  time_per_window : 0.000301   progress : 0.033
name: models.architecture.block_type=cls
training.mode=rollout
models.out_dim=6    avg_loss: 0.000002827446  time_per_window : 0.000355   progress : 0.044
name: models.architecture.block_type=cls
training.mode=rollout
models.out_dim=6    avg_loss: 0.000002669527  time_per_window : 0.000282   progress : 0.055
name: models.architecture.block_type=cls
training.mode=rollout
models.out_dim=6    avg_loss: 0.000002630481  time_per_window : 0.000308   progress : 0.066
name: models.architecture.block_type=cls
training.mode=rollout
models.out_dim=6    avg_loss: 0.000002396836  time_per_window : 0.000350   progress : 0.076
name: models.architecture.block_type=cls
training.mode=rollout
models.out_dim=6    avg_loss: 0.000002263984  time_per_window : 0.000302   progress : 0.087
name: models.architecture.block_type=cls
training.mode=rollout
models.out_dim=6    avg_loss: 0.000002445332  time_per_window : 0.000337   progress : 0.098
name: models.architecture.block_type=cls
training.mode=rollout
models.out_dim=6    avg_loss: 0.000002276316  time_per_window : 0.000325   progress : 0.109
name: models.architecture.block_type=cls
training.mode=rollout
models.out_dim=6    avg_loss: 0.000001870769  time_per_window : 0.000351   progress : 0.120
name: models.architecture.block_type=cls
training.mode=rollout
models.out_dim=6    avg_loss: 0.000001818170  time_per_window : 0.000303   progress : 0.131
name: models.architecture.block_type=cls
training.mode=rollout
models.out_dim=6    avg_loss: 0.000001803858  time_per_window : 0.000306   progress : 0.142
name: models.architecture.block_type=cls
training.mode=rollout
models.out_dim=6    avg_loss: 0.000001646411  time_per_window : 0.000340   progress : 0.153
name: models.architecture.block_type=cls
training.mode=rollout
models.out_dim=6    avg_loss: 0.000001645264  time_per_window : 0.000340   progress : 0.164
name: models.architecture.block_type=cls
training.mode=rollout
models.out_dim=6    avg_loss: 0.000001533447  time_per_window : 0.000364   progress : 0.175
name: models.architecture.block_type=cls
training.mode=rollout
models.out_dim=6    avg_loss: 0.000001430251  time_per_window : 0.000276   progress : 0.186
name: models.architecture.block_type=cls
training.mode=rollout
models.out_dim=6    avg_loss: 0.000001235265  time_per_window : 0.000221   progress : 0.197
name: models.architecture.block_type=cls
training.mode=rollout
models.out_dim=6    avg_loss: 0.000001497771  time_per_window : 0.000227   progress : 0.208
name: models.architecture.block_type=cls
training.mode=rollout
models.out_dim=6    avg_loss: 0.000001244057  time_per_window : 0.000219   progress : 0.218
name: models.architecture.block_type=cls
training.mode=rollout
models.out_dim=6    avg_loss: 0.000001159703  time_per_window : 0.000257   progress : 0.229
name: models.architecture.block_type=cls
training.mode=rollout
models.out_dim=6    avg_loss: 0.000001195255  time_per_window : 0.000186   progress : 0.240
name: models.architecture.block_type=cls
training.mode=rollout
models.out_dim=6    avg_loss: 0.000001262658  time_per_window : 0.000334   progress : 0.251
name: models.architecture.block_type=cls
training.mode=rollout
models.out_dim=6    avg_loss: 0.000001067768  time_per_window : 0.000305   progress : 0.262
name: models.architecture.block_type=cls
training.mode=rollout
models.out_dim=6    avg_loss: 0.000000943572  time_per_window : 0.000321   progress : 0.273
name: models.architecture.block_type=cls
training.mode=rollout
models.out_dim=6    avg_loss: 0.000001285607  time_per_window : 0.000348   progress : 0.284
name: models.architecture.block_type=cls
training.mode=rollout
models.out_dim=6    avg_loss: 0.000000958887  time_per_window : 0.000302   progress : 0.295
name: models.architecture.block_type=cls
training.mode=rollout
models.out_dim=6    avg_loss: 0.000000959741  time_per_window : 0.000307   progress : 0.306
name: models.architecture.block_type=cls
training.mode=rollout
models.out_dim=6    avg_loss: 0.000000993757  time_per_window : 0.000310   progress : 0.317
name: models.architecture.block_type=cls
training.mode=rollout
models.out_dim=6    avg_loss: 0.000001093468  time_per_window : 0.000312   progress : 0.328
name: models.architecture.block_type=cls
training.mode=rollout
models.out_dim=6    avg_loss: 0.000001041112  time_per_window : 0.000315   progress : 0.339
name: models.architecture.block_type=cls
training.mode=rollout
models.out_dim=6    avg_loss: 0.000000966912  time_per_window : 0.000299   progress : 0.350
name: models.architecture.block_type=cls
training.mode=rollout
models.out_dim=6    avg_loss: 0.000000804021  time_per_window : 0.000306   progress : 0.360
name: models.architecture.block_type=cls
training.mode=rollout
models.out_dim=6    avg_loss: 0.000000987956  time_per_window : 0.000336   progress : 0.371
name: models.architecture.block_type=cls
training.mode=rollout
models.out_dim=6    avg_loss: 0.000000825632  time_per_window : 0.000308   progress : 0.382
name: models.architecture.block_type=cls
training.mode=rollout
models.out_dim=6    avg_loss: 0.000000956769  time_per_window : 0.000290   progress : 0.393
name: models.architecture.block_type=cls
training.mode=rollout
models.out_dim=6    avg_loss: 0.000000895241  time_per_window : 0.000349   progress : 0.404
name: models.architecture.block_type=cls
training.mode=rollout
models.out_dim=6    avg_loss: 0.000001062767  time_per_window : 0.000313   progress : 0.415
name: models.architecture.block_type=cls
training.mode=rollout
models.out_dim=6    avg_loss: 0.000000844700  time_per_window : 0.000283   progress : 0.426
name: models.architecture.block_type=cls
training.mode=rollout
models.out_dim=6    avg_loss: 0.000000988157  time_per_window : 0.000264   progress : 0.437
name: models.architecture.block_type=cls
training.mode=rollout
models.out_dim=6    avg_loss: 0.000001119269  time_per_window : 0.000304   progress : 0.448
name: models.architecture.block_type=cls
training.mode=rollout
models.out_dim=6    avg_loss: 0.000000836971  time_per_window : 0.000288   progress : 0.459
name: models.architecture.block_type=cls
training.mode=rollout
models.out_dim=6    avg_loss: 0.000000962088  time_per_window : 0.000323   progress : 0.470
name: models.architecture.block_type=cls
training.mode=rollout
models.out_dim=6    avg_loss: 0.000000817470  time_per_window : 0.000307   progress : 0.481
name: models.architecture.block_type=cls
training.mode=rollout
models.out_dim=6    avg_loss: 0.000000796150  time_per_window : 0.000290   progress : 0.492
name: models.architecture.block_type=cls
training.mode=rollout
models.out_dim=6    avg_loss: 0.000000868200  time_per_window : 0.000318   progress : 0.502
name: models.architecture.block_type=cls
training.mode=rollout
models.out_dim=6    avg_loss: 0.000001020784  time_per_window : 0.000322   progress : 0.513
name: models.architecture.block_type=cls
training.mode=rollout
models.out_dim=6    avg_loss: 0.000000812621  time_per_window : 0.000302   progress : 0.524
name: models.architecture.block_type=cls
training.mode=rollout
models.out_dim=6    avg_loss: 0.000000937131  time_per_window : 0.000319   progress : 0.535
name: models.architecture.block_type=cls
training.mode=rollout
models.out_dim=6    avg_loss: 0.000000808712  time_per_window : 0.000303   progress : 0.546
name: models.architecture.block_type=cls
training.mode=rollout
models.out_dim=6    avg_loss: 0.000000834946  time_per_window : 0.000299   progress : 0.557
name: models.architecture.block_type=cls
training.mode=rollout
models.out_dim=6    avg_loss: 0.000000845858  time_per_window : 0.000314   progress : 0.568
name: models.architecture.block_type=cls
training.mode=rollout
models.out_dim=6    avg_loss: 0.000000729747  time_per_window : 0.000332   progress : 0.579
name: models.architecture.block_type=cls
training.mode=rollout
models.out_dim=6    avg_loss: 0.000000857824  time_per_window : 0.000303   progress : 0.590
name: models.architecture.block_type=cls
training.mode=rollout
models.out_dim=6    avg_loss: 0.000000713384  time_per_window : 0.000317   progress : 0.601
name: models.architecture.block_type=cls
training.mode=rollout
models.out_dim=6    avg_loss: 0.000000794222  time_per_window : 0.000301   progress : 0.612
name: models.architecture.block_type=cls
training.mode=rollout
models.out_dim=6    avg_loss: 0.000001103605  time_per_window : 0.000336   progress : 0.623
name: models.architecture.block_type=cls
training.mode=rollout
models.out_dim=6    avg_loss: 0.000000728726  time_per_window : 0.000298   progress : 0.634
name: models.architecture.block_type=cls
training.mode=rollout
models.out_dim=6    avg_loss: 0.000000784911  time_per_window : 0.000306   progress : 0.644
name: models.architecture.block_type=cls
training.mode=rollout
models.out_dim=6    avg_loss: 0.000000842196  time_per_window : 0.000285   progress : 0.655
name: models.architecture.block_type=cls
training.mode=rollout
models.out_dim=6    avg_loss: 0.000000767095  time_per_window : 0.000338   progress : 0.666
name: models.architecture.block_type=cls
training.mode=rollout
models.out_dim=6    avg_loss: 0.000000961025  time_per_window : 0.000319   progress : 0.677
name: models.architecture.block_type=cls
training.mode=rollout
models.out_dim=6    avg_loss: 0.000000729521  time_per_window : 0.000307   progress : 0.688
name: models.architecture.block_type=cls
training.mode=rollout
models.out_dim=6    avg_loss: 0.000000787703  time_per_window : 0.000298   progress : 0.699
name: models.architecture.block_type=cls
training.mode=rollout
models.out_dim=6    avg_loss: 0.000000740687  time_per_window : 0.000324   progress : 0.710
name: models.architecture.block_type=cls
training.mode=rollout
models.out_dim=6    avg_loss: 0.000000769406  time_per_window : 0.000310   progress : 0.721
name: models.architecture.block_type=cls
training.mode=rollout
models.out_dim=6    avg_loss: 0.000000765377  time_per_window : 0.000304   progress : 0.732
name: models.architecture.block_type=cls
training.mode=rollout
models.out_dim=6    avg_loss: 0.000000798646  time_per_window : 0.000318   progress : 0.743
name: models.architecture.block_type=cls
training.mode=rollout
models.out_dim=6    avg_loss: 0.000000679909  time_per_window : 0.000245   progress : 0.754
name: models.architecture.block_type=cls
training.mode=rollout
models.out_dim=6    avg_loss: 0.000000877087  time_per_window : 0.000288   progress : 0.765
name: models.architecture.block_type=cls
training.mode=rollout
models.out_dim=6    avg_loss: 0.000000750011  time_per_window : 0.000299   progress : 0.775
name: models.architecture.block_type=cls
training.mode=rollout
models.out_dim=6    avg_loss: 0.000000816151  time_per_window : 0.000312   progress : 0.786
name: models.architecture.block_type=cls
training.mode=rollout
models.out_dim=6    avg_loss: 0.000000652902  time_per_window : 0.000310   progress : 0.797
name: models.architecture.block_type=cls
training.mode=rollout
models.out_dim=6    avg_loss: 0.000000782763  time_per_window : 0.000310   progress : 0.808
name: models.architecture.block_type=cls
training.mode=rollout
models.out_dim=6    avg_loss: 0.000000769386  time_per_window : 0.000318   progress : 0.819
name: models.architecture.block_type=cls
training.mode=rollout
models.out_dim=6    avg_loss: 0.000000739797  time_per_window : 0.000322   progress : 0.830
name: models.architecture.block_type=cls
training.mode=rollout
models.out_dim=6    avg_loss: 0.000000771225  time_per_window : 0.000319   progress : 0.841
name: models.architecture.block_type=cls
training.mode=rollout
models.out_dim=6    avg_loss: 0.000000682571  time_per_window : 0.000274   progress : 0.852
name: models.architecture.block_type=cls
training.mode=rollout
models.out_dim=6    avg_loss: 0.000000928934  time_per_window : 0.000332   progress : 0.863
name: models.architecture.block_type=cls
training.mode=rollout
models.out_dim=6    avg_loss: 0.000000790388  time_per_window : 0.000307   progress : 0.874
name: models.architecture.block_type=cls
training.mode=rollout
models.out_dim=6    avg_loss: 0.000000863113  time_per_window : 0.000254   progress : 0.885
name: models.architecture.block_type=cls
training.mode=rollout
models.out_dim=6    avg_loss: 0.000000682368  time_per_window : 0.000264   progress : 0.896
name: models.architecture.block_type=cls
training.mode=rollout
models.out_dim=6    avg_loss: 0.000000975161  time_per_window : 0.000319   progress : 0.907
name: models.architecture.block_type=cls
training.mode=rollout
models.out_dim=6    avg_loss: 0.000000755289  time_per_window : 0.000337   progress : 0.917
name: models.architecture.block_type=cls
training.mode=rollout
models.out_dim=6    avg_loss: 0.000000763240  time_per_window : 0.000321   progress : 0.928
name: models.architecture.block_type=cls
training.mode=rollout
models.out_dim=6    avg_loss: 0.000000636957  time_per_window : 0.000328   progress : 0.939
name: models.architecture.block_type=cls
training.mode=rollout
models.out_dim=6    avg_loss: 0.000001015803  time_per_window : 0.000281   progress : 0.950
name: models.architecture.block_type=cls
training.mode=rollout
models.out_dim=6    avg_loss: 0.000000644587  time_per_window : 0.000303   progress : 0.961
name: models.architecture.block_type=cls
training.mode=rollout
models.out_dim=6    avg_loss: 0.000000655714  time_per_window : 0.000325   progress : 0.972
name: models.architecture.block_type=cls
training.mode=rollout
models.out_dim=6    avg_loss: 0.000000603000  time_per_window : 0.000333   progress : 0.983
name: models.architecture.block_type=cls
training.mode=rollout
models.out_dim=6    avg_loss: 0.000000718752  time_per_window : 0.000315   progress : 0.994
name: models.architecture.block_type=cls
training.mode=rollout
models.out_dim=6    avg_loss: 0.000003684899  time_per_window : 0.000308   progress : 0.011
name: models.architecture.block_type=cls
training.mode=rollout
models.out_dim=6    avg_loss: 0.000000944189  time_per_window : 0.000312   progress : 0.022
name: models.architecture.block_type=cls
training.mode=rollout
models.out_dim=6    avg_loss: 0.000000890704  time_per_window : 0.000304   progress : 0.033
name: models.architecture.block_type=cls
training.mode=rollout
models.out_dim=6    avg_loss: 0.000001047648  time_per_window : 0.000330   progress : 0.044
name: models.architecture.block_type=cls
training.mode=rollout
models.out_dim=6    avg_loss: 0.000000865021  time_per_window : 0.000250   progress : 0.055
name: models.architecture.block_type=cls
training.mode=rollout
models.out_dim=6    avg_loss: 0.000001000734  time_per_window : 0.000236   progress : 0.066
name: models.architecture.block_type=cls
training.mode=rollout
models.out_dim=6    avg_loss: 0.000000952483  time_per_window : 0.000191   progress : 0.076
name: models.architecture.block_type=cls
training.mode=rollout
models.out_dim=6    avg_loss: 0.000000781644  time_per_window : 0.000241   progress : 0.087
name: models.architecture.block_type=cls
training.mode=rollout
models.out_dim=6    avg_loss: 0.000000849977  time_per_window : 0.000243   progress : 0.098
name: models.architecture.block_type=cls
training.mode=rollout
models.out_dim=6    avg_loss: 0.000000940367  time_per_window : 0.000210   progress : 0.109
name: models.architecture.block_type=cls
training.mode=rollout
models.out_dim=6    avg_loss: 0.000000867820  time_per_window : 0.000185   progress : 0.120
name: models.architecture.block_type=cls
training.mode=rollout
models.out_dim=6    avg_loss: 0.000000813282  time_per_window : 0.000192   progress : 0.131
name: models.architecture.block_type=cls
training.mode=rollout
models.out_dim=6    avg_loss: 0.000000967171  time_per_window : 0.000247   progress : 0.142
name: models.architecture.block_type=cls
training.mode=rollout
models.out_dim=6    avg_loss: 0.000001049772  time_per_window : 0.000197   progress : 0.153
name: models.architecture.block_type=cls
training.mode=rollout
models.out_dim=6    avg_loss: 0.000000946349  time_per_window : 0.000192   progress : 0.164
name: models.architecture.block_type=cls
training.mode=rollout
models.out_dim=6    avg_loss: 0.000000784813  time_per_window : 0.000195   progress : 0.175
name: models.architecture.block_type=cls
training.mode=rollout
models.out_dim=6    avg_loss: 0.000000865122  time_per_window : 0.000202   progress : 0.186
name: models.architecture.block_type=cls
training.mode=rollout
models.out_dim=6    avg_loss: 0.000000968730  time_per_window : 0.000155   progress : 0.197
name: models.architecture.block_type=cls
training.mode=rollout
models.out_dim=6    avg_loss: 0.000000884160  time_per_window : 0.000169   progress : 0.208
name: models.architecture.block_type=cls
training.mode=rollout
models.out_dim=6    avg_loss: 0.000000862713  time_per_window : 0.000163   progress : 0.218
name: models.architecture.block_type=cls
training.mode=rollout
models.out_dim=6    avg_loss: 0.000000811710  time_per_window : 0.000209   progress : 0.229
name: models.architecture.block_type=cls
training.mode=rollout
models.out_dim=6    avg_loss: 0.000000803280  time_per_window : 0.000257   progress : 0.240
name: models.architecture.block_type=cls
training.mode=rollout
models.out_dim=6    avg_loss: 0.000000985001  time_per_window : 0.000201   progress : 0.251
name: models.architecture.block_type=cls
training.mode=rollout
models.out_dim=6    avg_loss: 0.000000933852  time_per_window : 0.000208   progress : 0.262
name: models.architecture.block_type=cls
training.mode=rollout
models.out_dim=6    avg_loss: 0.000000791085  time_per_window : 0.000203   progress : 0.273
name: models.architecture.block_type=cls
training.mode=rollout
models.out_dim=6    avg_loss: 0.000000726736  time_per_window : 0.000261   progress : 0.284
name: models.architecture.block_type=cls
training.mode=rollout
models.out_dim=6    avg_loss: 0.000000831143  time_per_window : 0.000193   progress : 0.295
name: models.architecture.block_type=cls
training.mode=rollout
models.out_dim=6    avg_loss: 0.000000990896  time_per_window : 0.000197   progress : 0.306
name: models.architecture.block_type=cls
training.mode=rollout
models.out_dim=6    avg_loss: 0.000000880278  time_per_window : 0.000258   progress : 0.317
name: models.architecture.block_type=cls
training.mode=rollout
models.out_dim=6    avg_loss: 0.000000931554  time_per_window : 0.000219   progress : 0.328
name: models.architecture.block_type=cls
training.mode=rollout
models.out_dim=6    avg_loss: 0.000000753205  time_per_window : 0.000213   progress : 0.339
name: models.architecture.block_type=cls
training.mode=rollout
models.out_dim=6    avg_loss: 0.000000934951  time_per_window : 0.000208   progress : 0.350
name: models.architecture.block_type=cls
training.mode=rollout
models.out_dim=6    avg_loss: 0.000000795813  time_per_window : 0.000228   progress : 0.360
name: models.architecture.block_type=cls
training.mode=rollout
models.out_dim=6    avg_loss: 0.000000741675  time_per_window : 0.000199   progress : 0.371
name: models.architecture.block_type=cls
training.mode=rollout
models.out_dim=6    avg_loss: 0.000000876242  time_per_window : 0.000204   progress : 0.382
name: models.architecture.block_type=cls
training.mode=rollout
models.out_dim=6    avg_loss: 0.000000786147  time_per_window : 0.000248   progress : 0.393
name: models.architecture.block_type=cls
training.mode=rollout
models.out_dim=6    avg_loss: 0.000000801196  time_per_window : 0.000199   progress : 0.404
name: models.architecture.block_type=cls
training.mode=rollout
models.out_dim=6    avg_loss: 0.000000722701  time_per_window : 0.000257   progress : 0.415
name: models.architecture.block_type=cls
training.mode=rollout
models.out_dim=6    avg_loss: 0.000000718366  time_per_window : 0.000206   progress : 0.426
name: models.architecture.block_type=cls
training.mode=rollout
models.out_dim=6    avg_loss: 0.000000895413  time_per_window : 0.000184   progress : 0.437
name: models.architecture.block_type=cls
training.mode=rollout
models.out_dim=6    avg_loss: 0.000001001864  time_per_window : 0.000230   progress : 0.448
name: models.architecture.block_type=cls
training.mode=rollout
models.out_dim=6    avg_loss: 0.000000721107  time_per_window : 0.000249   progress : 0.459
name: models.architecture.block_type=cls
training.mode=rollout
models.out_dim=6    avg_loss: 0.000000886305  time_per_window : 0.000261   progress : 0.470
name: models.architecture.block_type=cls
training.mode=rollout
models.out_dim=6    avg_loss: 0.000000765595  time_per_window : 0.000208   progress : 0.481
name: models.architecture.block_type=cls
training.mode=rollout
models.out_dim=6    avg_loss: 0.000000724288  time_per_window : 0.000254   progress : 0.492
name: models.architecture.block_type=cls
training.mode=rollout
models.out_dim=6    avg_loss: 0.000000841059  time_per_window : 0.000256   progress : 0.502
name: models.architecture.block_type=cls
training.mode=rollout
models.out_dim=6    avg_loss: 0.000000813513  time_per_window : 0.000209   progress : 0.513
name: models.architecture.block_type=cls
training.mode=rollout
models.out_dim=6    avg_loss: 0.000000826016  time_per_window : 0.000207   progress : 0.524
name: models.architecture.block_type=cls
training.mode=rollout
models.out_dim=6    avg_loss: 0.000000757797  time_per_window : 0.000199   progress : 0.535
name: models.architecture.block_type=cls
training.mode=rollout
models.out_dim=6    avg_loss: 0.000001006353  time_per_window : 0.000203   progress : 0.546
name: models.architecture.block_type=cls
training.mode=rollout
models.out_dim=6    avg_loss: 0.000000740737  time_per_window : 0.000198   progress : 0.557
name: models.architecture.block_type=cls
training.mode=rollout
models.out_dim=6    avg_loss: 0.000000747520  time_per_window : 0.000240   progress : 0.568
name: models.architecture.block_type=cls
training.mode=rollout
models.out_dim=6    avg_loss: 0.000000683763  time_per_window : 0.000179   progress : 0.579
name: models.architecture.block_type=cls
training.mode=rollout
models.out_dim=6    avg_loss: 0.000000917379  time_per_window : 0.000237   progress : 0.590
name: models.architecture.block_type=cls
training.mode=rollout
models.out_dim=6    avg_loss: 0.000000809513  time_per_window : 0.000203   progress : 0.601
name: models.architecture.block_type=cls
training.mode=rollout
models.out_dim=6    avg_loss: 0.000000738757  time_per_window : 0.000260   progress : 0.612
name: models.architecture.block_type=cls
training.mode=rollout
models.out_dim=6    avg_loss: 0.000000733150  time_per_window : 0.000211   progress : 0.623
name: models.architecture.block_type=cls
training.mode=rollout
models.out_dim=6    avg_loss: 0.000000727665  time_per_window : 0.000263   progress : 0.634
name: models.architecture.block_type=cls
training.mode=rollout
models.out_dim=6    avg_loss: 0.000000837232  time_per_window : 0.000203   progress : 0.644
name: models.architecture.block_type=cls
training.mode=rollout
models.out_dim=6    avg_loss: 0.000000834583  time_per_window : 0.000263   progress : 0.655
name: models.architecture.block_type=cls
training.mode=rollout
models.out_dim=6    avg_loss: 0.000000640460  time_per_window : 0.000224   progress : 0.666
name: models.architecture.block_type=cls
training.mode=rollout
models.out_dim=6    avg_loss: 0.000000777374  time_per_window : 0.000246   progress : 0.677
name: models.architecture.block_type=cls
training.mode=rollout
models.out_dim=6    avg_loss: 0.000000834122  time_per_window : 0.000188   progress : 0.688
name: models.architecture.block_type=cls
training.mode=rollout
models.out_dim=6    avg_loss: 0.000000628466  time_per_window : 0.000252   progress : 0.699
name: models.architecture.block_type=cls
training.mode=rollout
models.out_dim=6    avg_loss: 0.000000669385  time_per_window : 0.000258   progress : 0.710
name: models.architecture.block_type=cls
training.mode=rollout
models.out_dim=6    avg_loss: 0.000000732160  time_per_window : 0.000218   progress : 0.721
name: models.architecture.block_type=cls
training.mode=rollout
models.out_dim=6    avg_loss: 0.000000613974  time_per_window : 0.000165   progress : 0.732
name: models.architecture.block_type=cls
training.mode=rollout
models.out_dim=6    avg_loss: 0.000000623732  time_per_window : 0.000254   progress : 0.743
name: models.architecture.block_type=cls
training.mode=rollout
models.out_dim=6    avg_loss: 0.000000871562  time_per_window : 0.000217   progress : 0.754
name: models.architecture.block_type=cls
training.mode=rollout
models.out_dim=6    avg_loss: 0.000000860010  time_per_window : 0.000258   progress : 0.765
name: models.architecture.block_type=cls
training.mode=rollout
models.out_dim=6    avg_loss: 0.000000611880  time_per_window : 0.000218   progress : 0.775
name: models.architecture.block_type=cls
training.mode=rollout
models.out_dim=6    avg_loss: 0.000000740538  time_per_window : 0.000192   progress : 0.786
name: models.architecture.block_type=cls
training.mode=rollout
models.out_dim=6    avg_loss: 0.000000556289  time_per_window : 0.000204   progress : 0.797
name: models.architecture.block_type=cls
training.mode=rollout
models.out_dim=6    avg_loss: 0.000000590571  time_per_window : 0.000215   progress : 0.808
name: models.architecture.block_type=cls
training.mode=rollout
models.out_dim=6    avg_loss: 0.000000666788  time_per_window : 0.000190   progress : 0.819
name: models.architecture.block_type=cls
training.mode=rollout
models.out_dim=6    avg_loss: 0.000000659581  time_per_window : 0.000284   progress : 0.830
name: models.architecture.block_type=cls
training.mode=rollout
models.out_dim=6    avg_loss: 0.000000642065  time_per_window : 0.000264   progress : 0.841
name: models.architecture.block_type=cls
training.mode=rollout
models.out_dim=6    avg_loss: 0.000000616114  time_per_window : 0.000288   progress : 0.852
name: models.architecture.block_type=cls
training.mode=rollout
models.out_dim=6    avg_loss: 0.000000617950  time_per_window : 0.000222   progress : 0.863
name: models.architecture.block_type=cls
training.mode=rollout
models.out_dim=6    avg_loss: 0.000000568588  time_per_window : 0.000190   progress : 0.874
name: models.architecture.block_type=cls
training.mode=rollout
models.out_dim=6    avg_loss: 0.000000507395  time_per_window : 0.000171   progress : 0.885
name: models.architecture.block_type=cls
training.mode=rollout
models.out_dim=6    avg_loss: 0.000001272380  time_per_window : 0.000193   progress : 0.896
name: models.architecture.block_type=cls
training.mode=rollout
models.out_dim=6    avg_loss: 0.000000613666  time_per_window : 0.000267   progress : 0.907
name: models.architecture.block_type=cls
training.mode=rollout
models.out_dim=6    avg_loss: 0.000000647600  time_per_window : 0.000221   progress : 0.917
name: models.architecture.block_type=cls
training.mode=rollout
models.out_dim=6    avg_loss: 0.000000565241  time_per_window : 0.000284   progress : 0.928
name: models.architecture.block_type=cls
training.mode=rollout
models.out_dim=6    avg_loss: 0.000000568532  time_per_window : 0.000190   progress : 0.939
name: models.architecture.block_type=cls
training.mode=rollout
models.out_dim=6    avg_loss: 0.000000605093  time_per_window : 0.000167   progress : 0.950
name: models.architecture.block_type=cls
training.mode=rollout
models.out_dim=6    avg_loss: 0.000000657258  time_per_window : 0.000173   progress : 0.961
name: models.architecture.block_type=cls
training.mode=rollout
models.out_dim=6    avg_loss: 0.000000704420  time_per_window : 0.000186   progress : 0.972
name: models.architecture.block_type=cls
training.mode=rollout
models.out_dim=6    avg_loss: 0.000000808296  time_per_window : 0.000249   progress : 0.983
name: models.architecture.block_type=cls
training.mode=rollout
models.out_dim=6    avg_loss: 0.000000655810  time_per_window : 0.000202   progress : 0.994
DONE!!!
