/home/jdihardjo/miniconda3/envs/mavenv/lib/python3.11/site-packages/hydra/_internal/defaults_list.py:251: UserWarning: In 'config': Defaults list is missing `_self_`. See https://hydra.cc/docs/1.2/upgrades/1.0_to_1.1/default_composition_order for more information
  warnings.warn(msg, UserWarning)
Using cuda:0 device
[2026-07-23 14:09:06,278][HYDRA] Joblib.Parallel(n_jobs=4,backend=loky,prefer=processes,require=None,verbose=0,timeout=None,pre_dispatch=2*n_jobs,batch_size=auto,temp_folder=None,max_nbytes=None,mmap_mode=r) is launching 1 jobs
[2026-07-23 14:09:06,278][HYDRA] Launching jobs, sweep output dir : ablation_runs/2026-07-23_10-49-16/cls_out10
[2026-07-23 14:09:06,278][HYDRA] 	#0 : models.architecture.block_type=cls training.mode=rollout models.out_dim=10
/home/jdihardjo/miniconda3/envs/mavenv/lib/python3.11/site-packages/hydra/_internal/defaults_list.py:251: UserWarning: In 'config': Defaults list is missing `_self_`. See https://hydra.cc/docs/1.2/upgrades/1.0_to_1.1/default_composition_order for more information
  warnings.warn(msg, UserWarning)
models:
  n_dim: 23
  out_dim: 10
  architecture:
    d_model: 128
    n_encoder_layers: 2
    n_decoder_layers: 0
    block_type: cls
    time_adapter: last_token
    in_norm: none
    out_norm: none
    layer_scale: 0.0001
    drop_path: 0.05
    mamba_type: mamba
    mamba_kwargs:
      d_state: 16
      d_conv: 2
      expand: 2
      norm: rms
    skip: false
    cls_kwargs:
      n_heads: 2
      n_mlp: 2
      positional_encoding: false
      max_len: 5000
input_len: 32
output_len: 1
batch_size: 128
epochs: 5
seed: 0
dataset:
  path: /home/jdihardjo/simdata/train.zarr/
  training_size: 1500000
evaluation:
  path: /home/jdihardjo/simdata/evaluation.zarr/
  evaluation_size: 50
training:
  mode: rollout
  lr: 0.0002
  weight_decay: 0.1
  rollout_steps: 16
checkpoint:
  save_path: hydra-test.pth
  load: false
  path: hydra-test.pth
compile: true

/home/jdihardjo/miniconda3/envs/mavenv/lib/python3.11/site-packages/torch/_inductor/cudagraph_trees.py:2622: UserWarning: Unable to hit fast path of CUDAGraphs because outputs from a previous step still require backward. Ensure backward() is invoked or detach outputs. You may also call torch.compiler.cudagraph_mark_step_begin() before each model invocation.
  warnings.warn(
name: models.architecture.block_type=cls
training.mode=rollout
models.out_dim=10    avg_loss: 0.000222852177  time_per_window : 0.000244   progress : 0.011
name: models.architecture.block_type=cls
training.mode=rollout
models.out_dim=10    avg_loss: 0.000000507105  time_per_window : 0.000269   progress : 0.022
name: models.architecture.block_type=cls
training.mode=rollout
models.out_dim=10    avg_loss: 0.000000325747  time_per_window : 0.000258   progress : 0.033
name: models.architecture.block_type=cls
training.mode=rollout
models.out_dim=10    avg_loss: 0.000000259704  time_per_window : 0.000268   progress : 0.044
name: models.architecture.block_type=cls
training.mode=rollout
models.out_dim=10    avg_loss: 0.000000219527  time_per_window : 0.000290   progress : 0.055
name: models.architecture.block_type=cls
training.mode=rollout
models.out_dim=10    avg_loss: 0.000000194819  time_per_window : 0.000285   progress : 0.066
name: models.architecture.block_type=cls
training.mode=rollout
models.out_dim=10    avg_loss: 0.000000176313  time_per_window : 0.000228   progress : 0.076
name: models.architecture.block_type=cls
training.mode=rollout
models.out_dim=10    avg_loss: 0.000000162268  time_per_window : 0.000217   progress : 0.087
name: models.architecture.block_type=cls
training.mode=rollout
models.out_dim=10    avg_loss: 0.000000150500  time_per_window : 0.000251   progress : 0.098
name: models.architecture.block_type=cls
training.mode=rollout
models.out_dim=10    avg_loss: 0.000000146117  time_per_window : 0.000273   progress : 0.109
name: models.architecture.block_type=cls
training.mode=rollout
models.out_dim=10    avg_loss: 0.000000133940  time_per_window : 0.000279   progress : 0.120
name: models.architecture.block_type=cls
training.mode=rollout
models.out_dim=10    avg_loss: 0.000000123739  time_per_window : 0.000295   progress : 0.131
name: models.architecture.block_type=cls
training.mode=rollout
models.out_dim=10    avg_loss: 0.000000117488  time_per_window : 0.000212   progress : 0.142
name: models.architecture.block_type=cls
training.mode=rollout
models.out_dim=10    avg_loss: 0.000000110691  time_per_window : 0.000229   progress : 0.153
name: models.architecture.block_type=cls
training.mode=rollout
models.out_dim=10    avg_loss: 0.000000103276  time_per_window : 0.000226   progress : 0.164
name: models.architecture.block_type=cls
training.mode=rollout
models.out_dim=10    avg_loss: 0.000000093590  time_per_window : 0.000285   progress : 0.175
name: models.architecture.block_type=cls
training.mode=rollout
models.out_dim=10    avg_loss: 0.000000091147  time_per_window : 0.000255   progress : 0.186
name: models.architecture.block_type=cls
training.mode=rollout
models.out_dim=10    avg_loss: 0.000000086218  time_per_window : 0.000267   progress : 0.197
name: models.architecture.block_type=cls
training.mode=rollout
models.out_dim=10    avg_loss: 0.000000081294  time_per_window : 0.000245   progress : 0.208
name: models.architecture.block_type=cls
training.mode=rollout
models.out_dim=10    avg_loss: 0.000000076814  time_per_window : 0.000260   progress : 0.218
name: models.architecture.block_type=cls
training.mode=rollout
models.out_dim=10    avg_loss: 0.000000076421  time_per_window : 0.000231   progress : 0.229
name: models.architecture.block_type=cls
training.mode=rollout
models.out_dim=10    avg_loss: 0.000000071323  time_per_window : 0.000266   progress : 0.240
name: models.architecture.block_type=cls
training.mode=rollout
models.out_dim=10    avg_loss: 0.000000070571  time_per_window : 0.000233   progress : 0.251
name: models.architecture.block_type=cls
training.mode=rollout
models.out_dim=10    avg_loss: 0.000000065526  time_per_window : 0.000286   progress : 0.262
name: models.architecture.block_type=cls
training.mode=rollout
models.out_dim=10    avg_loss: 0.000000064253  time_per_window : 0.000253   progress : 0.273
name: models.architecture.block_type=cls
training.mode=rollout
models.out_dim=10    avg_loss: 0.000000065106  time_per_window : 0.000288   progress : 0.284
name: models.architecture.block_type=cls
training.mode=rollout
models.out_dim=10    avg_loss: 0.000000068491  time_per_window : 0.000243   progress : 0.295
name: models.architecture.block_type=cls
training.mode=rollout
models.out_dim=10    avg_loss: 0.000000060421  time_per_window : 0.000249   progress : 0.306
name: models.architecture.block_type=cls
training.mode=rollout
models.out_dim=10    avg_loss: 0.000000087929  time_per_window : 0.000233   progress : 0.317
name: models.architecture.block_type=cls
training.mode=rollout
models.out_dim=10    avg_loss: 0.000000065174  time_per_window : 0.000242   progress : 0.328
name: models.architecture.block_type=cls
training.mode=rollout
models.out_dim=10    avg_loss: 0.000000080723  time_per_window : 0.000265   progress : 0.339
name: models.architecture.block_type=cls
training.mode=rollout
models.out_dim=10    avg_loss: 0.000000086104  time_per_window : 0.000238   progress : 0.350
name: models.architecture.block_type=cls
training.mode=rollout
models.out_dim=10    avg_loss: 0.000000077930  time_per_window : 0.000278   progress : 0.360
name: models.architecture.block_type=cls
training.mode=rollout
models.out_dim=10    avg_loss: 0.000000095989  time_per_window : 0.000226   progress : 0.371
name: models.architecture.block_type=cls
training.mode=rollout
models.out_dim=10    avg_loss: 0.000000095532  time_per_window : 0.000248   progress : 0.382
name: models.architecture.block_type=cls
training.mode=rollout
models.out_dim=10    avg_loss: 0.000000110136  time_per_window : 0.000270   progress : 0.393
name: models.architecture.block_type=cls
training.mode=rollout
models.out_dim=10    avg_loss: 0.000000077983  time_per_window : 0.000230   progress : 0.404
name: models.architecture.block_type=cls
training.mode=rollout
models.out_dim=10    avg_loss: 0.000000086500  time_per_window : 0.000244   progress : 0.415
name: models.architecture.block_type=cls
training.mode=rollout
models.out_dim=10    avg_loss: 0.000000107905  time_per_window : 0.000225   progress : 0.426
name: models.architecture.block_type=cls
training.mode=rollout
models.out_dim=10    avg_loss: 0.000000086199  time_per_window : 0.000270   progress : 0.437
name: models.architecture.block_type=cls
training.mode=rollout
models.out_dim=10    avg_loss: 0.000000104378  time_per_window : 0.000284   progress : 0.448
name: models.architecture.block_type=cls
training.mode=rollout
models.out_dim=10    avg_loss: 0.000000090042  time_per_window : 0.000251   progress : 0.459
name: models.architecture.block_type=cls
training.mode=rollout
models.out_dim=10    avg_loss: 0.000000105154  time_per_window : 0.000274   progress : 0.470
name: models.architecture.block_type=cls
training.mode=rollout
models.out_dim=10    avg_loss: 0.000000090015  time_per_window : 0.000290   progress : 0.481
name: models.architecture.block_type=cls
training.mode=rollout
models.out_dim=10    avg_loss: 0.000000096146  time_per_window : 0.000280   progress : 0.492
name: models.architecture.block_type=cls
training.mode=rollout
models.out_dim=10    avg_loss: 0.000000110730  time_per_window : 0.000264   progress : 0.502
name: models.architecture.block_type=cls
training.mode=rollout
models.out_dim=10    avg_loss: 0.000000096526  time_per_window : 0.000186   progress : 0.513
name: models.architecture.block_type=cls
training.mode=rollout
models.out_dim=10    avg_loss: 0.000000083064  time_per_window : 0.000250   progress : 0.524
name: models.architecture.block_type=cls
training.mode=rollout
models.out_dim=10    avg_loss: 0.000000098316  time_per_window : 0.000242   progress : 0.535
name: models.architecture.block_type=cls
training.mode=rollout
models.out_dim=10    avg_loss: 0.000000089287  time_per_window : 0.000216   progress : 0.546
name: models.architecture.block_type=cls
training.mode=rollout
models.out_dim=10    avg_loss: 0.000000096899  time_per_window : 0.000282   progress : 0.557
name: models.architecture.block_type=cls
training.mode=rollout
models.out_dim=10    avg_loss: 0.000000097464  time_per_window : 0.000283   progress : 0.568
name: models.architecture.block_type=cls
training.mode=rollout
models.out_dim=10    avg_loss: 0.000000094478  time_per_window : 0.000254   progress : 0.579/home/jdihardjo/miniconda3/envs/mavenv/lib/python3.11/site-packages/torch/_inductor/cudagraph_trees.py:2622: UserWarning: Unable to hit fast path of CUDAGraphs because outputs from a previous step still require backward. Ensure backward() is invoked or detach outputs. You may also call torch.compiler.cudagraph_mark_step_begin() before each model invocation.
  warnings.warn(
/home/jdihardjo/miniconda3/envs/mavenv/lib/python3.11/site-packages/torch/_inductor/cudagraph_trees.py:2622: UserWarning: Unable to hit fast path of CUDAGraphs because outputs from a previous step still require backward. Ensure backward() is invoked or detach outputs. You may also call torch.compiler.cudagraph_mark_step_begin() before each model invocation.
  warnings.warn(

name: models.architecture.block_type=cls
training.mode=rollout
models.out_dim=10    avg_loss: 0.000000079911  time_per_window : 0.000226   progress : 0.590
name: models.architecture.block_type=cls
training.mode=rollout
models.out_dim=10    avg_loss: 0.000000093172  time_per_window : 0.000239   progress : 0.601
name: models.architecture.block_type=cls
training.mode=rollout
models.out_dim=10    avg_loss: 0.000000091055  time_per_window : 0.000242   progress : 0.612
name: models.architecture.block_type=cls
training.mode=rollout
models.out_dim=10    avg_loss: 0.000000090218  time_per_window : 0.000287   progress : 0.623
name: models.architecture.block_type=cls
training.mode=rollout
models.out_dim=10    avg_loss: 0.000000080382  time_per_window : 0.000253   progress : 0.634
name: models.architecture.block_type=cls
training.mode=rollout
models.out_dim=10    avg_loss: 0.000000089495  time_per_window : 0.000245   progress : 0.644
name: models.architecture.block_type=cls
training.mode=rollout
models.out_dim=10    avg_loss: 0.000000097560  time_per_window : 0.000221   progress : 0.655
name: models.architecture.block_type=cls
training.mode=rollout
models.out_dim=10    avg_loss: 0.000000068015  time_per_window : 0.000229   progress : 0.666
name: models.architecture.block_type=cls
training.mode=rollout
models.out_dim=10    avg_loss: 0.000000099772  time_per_window : 0.000241   progress : 0.677
name: models.architecture.block_type=cls
training.mode=rollout
models.out_dim=10    avg_loss: 0.000000079866  time_per_window : 0.000223   progress : 0.688
name: models.architecture.block_type=cls
training.mode=rollout
models.out_dim=10    avg_loss: 0.000000087285  time_per_window : 0.000276   progress : 0.699
name: models.architecture.block_type=cls
training.mode=rollout
models.out_dim=10    avg_loss: 0.000000084317  time_per_window : 0.000232   progress : 0.710
name: models.architecture.block_type=cls
training.mode=rollout
models.out_dim=10    avg_loss: 0.000000069489  time_per_window : 0.000283   progress : 0.721
name: models.architecture.block_type=cls
training.mode=rollout
models.out_dim=10    avg_loss: 0.000000091379  time_per_window : 0.000271   progress : 0.732
name: models.architecture.block_type=cls
training.mode=rollout
models.out_dim=10    avg_loss: 0.000000079577  time_per_window : 0.000289   progress : 0.743
name: models.architecture.block_type=cls
training.mode=rollout
models.out_dim=10    avg_loss: 0.000000079265  time_per_window : 0.000255   progress : 0.754
name: models.architecture.block_type=cls
training.mode=rollout
models.out_dim=10    avg_loss: 0.000000075921  time_per_window : 0.000228   progress : 0.765
name: models.architecture.block_type=cls
training.mode=rollout
models.out_dim=10    avg_loss: 0.000000078716  time_per_window : 0.000226   progress : 0.775
name: models.architecture.block_type=cls
training.mode=rollout
models.out_dim=10    avg_loss: 0.000000078863  time_per_window : 0.000238   progress : 0.786
name: models.architecture.block_type=cls
training.mode=rollout
models.out_dim=10    avg_loss: 0.000000074605  time_per_window : 0.000236   progress : 0.797
name: models.architecture.block_type=cls
training.mode=rollout
models.out_dim=10    avg_loss: 0.000000071365  time_per_window : 0.000296   progress : 0.808
name: models.architecture.block_type=cls
training.mode=rollout
models.out_dim=10    avg_loss: 0.000000071105  time_per_window : 0.000239   progress : 0.819
name: models.architecture.block_type=cls
training.mode=rollout
models.out_dim=10    avg_loss: 0.000000076135  time_per_window : 0.000247   progress : 0.830
name: models.architecture.block_type=cls
training.mode=rollout
models.out_dim=10    avg_loss: 0.000000060432  time_per_window : 0.000203   progress : 0.841
name: models.architecture.block_type=cls
training.mode=rollout
models.out_dim=10    avg_loss: 0.000000075428  time_per_window : 0.000279   progress : 0.852
name: models.architecture.block_type=cls
training.mode=rollout
models.out_dim=10    avg_loss: 0.000000072392  time_per_window : 0.000240   progress : 0.863
name: models.architecture.block_type=cls
training.mode=rollout
models.out_dim=10    avg_loss: 0.000000070461  time_per_window : 0.000245   progress : 0.874
name: models.architecture.block_type=cls
training.mode=rollout
models.out_dim=10    avg_loss: 0.000000066061  time_per_window : 0.000242   progress : 0.885
name: models.architecture.block_type=cls
training.mode=rollout
models.out_dim=10    avg_loss: 0.000000063909  time_per_window : 0.000283   progress : 0.896
name: models.architecture.block_type=cls
training.mode=rollout
models.out_dim=10    avg_loss: 0.000000064193  time_per_window : 0.000250   progress : 0.907
name: models.architecture.block_type=cls
training.mode=rollout
models.out_dim=10    avg_loss: 0.000000076584  time_per_window : 0.000207   progress : 0.917
name: models.architecture.block_type=cls
training.mode=rollout
models.out_dim=10    avg_loss: 0.000000062127  time_per_window : 0.000269   progress : 0.928
name: models.architecture.block_type=cls
training.mode=rollout
models.out_dim=10    avg_loss: 0.000000067103  time_per_window : 0.000228   progress : 0.939
name: models.architecture.block_type=cls
training.mode=rollout
models.out_dim=10    avg_loss: 0.000000063922  time_per_window : 0.000278   progress : 0.950
name: models.architecture.block_type=cls
training.mode=rollout
models.out_dim=10    avg_loss: 0.000000059906  time_per_window : 0.000275   progress : 0.961
name: models.architecture.block_type=cls
training.mode=rollout
models.out_dim=10    avg_loss: 0.000000065654  time_per_window : 0.000295   progress : 0.972
name: models.architecture.block_type=cls
training.mode=rollout
models.out_dim=10    avg_loss: 0.000000056153  time_per_window : 0.000308   progress : 0.983
name: models.architecture.block_type=cls
training.mode=rollout
models.out_dim=10    avg_loss: 0.000000061123  time_per_window : 0.000251   progress : 0.994
name: models.architecture.block_type=cls
training.mode=rollout
models.out_dim=10    avg_loss: 0.000000219686  time_per_window : 0.000277   progress : 0.011
name: models.architecture.block_type=cls
training.mode=rollout
models.out_dim=10    avg_loss: 0.000000053469  time_per_window : 0.000339   progress : 0.022
name: models.architecture.block_type=cls
training.mode=rollout
models.out_dim=10    avg_loss: 0.000000054593  time_per_window : 0.000325   progress : 0.033
name: models.architecture.block_type=cls
training.mode=rollout
models.out_dim=10    avg_loss: 0.000000062826  time_per_window : 0.000313   progress : 0.044
name: models.architecture.block_type=cls
training.mode=rollout
models.out_dim=10    avg_loss: 0.000000055711  time_per_window : 0.000350   progress : 0.055
name: models.architecture.block_type=cls
training.mode=rollout
models.out_dim=10    avg_loss: 0.000000066067  time_per_window : 0.000301   progress : 0.066
name: models.architecture.block_type=cls
training.mode=rollout
models.out_dim=10    avg_loss: 0.000000057050  time_per_window : 0.000319   progress : 0.076
name: models.architecture.block_type=cls
training.mode=rollout
models.out_dim=10    avg_loss: 0.000000058958  time_per_window : 0.000333   progress : 0.087
name: models.architecture.block_type=cls
training.mode=rollout
models.out_dim=10    avg_loss: 0.000000061110  time_per_window : 0.000313   progress : 0.098
name: models.architecture.block_type=cls
training.mode=rollout
models.out_dim=10    avg_loss: 0.000000060105  time_per_window : 0.000299   progress : 0.109
name: models.architecture.block_type=cls
training.mode=rollout
models.out_dim=10    avg_loss: 0.000000057116  time_per_window : 0.000264   progress : 0.120
name: models.architecture.block_type=cls
training.mode=rollout
models.out_dim=10    avg_loss: 0.000000049799  time_per_window : 0.000301   progress : 0.131
name: models.architecture.block_type=cls
training.mode=rollout
models.out_dim=10    avg_loss: 0.000000053633  time_per_window : 0.000332   progress : 0.142
name: models.architecture.block_type=cls
training.mode=rollout
models.out_dim=10    avg_loss: 0.000000065542  time_per_window : 0.000340   progress : 0.153
name: models.architecture.block_type=cls
training.mode=rollout
models.out_dim=10    avg_loss: 0.000000059895  time_per_window : 0.000357   progress : 0.164
name: models.architecture.block_type=cls
training.mode=rollout
models.out_dim=10    avg_loss: 0.000000052943  time_per_window : 0.000316   progress : 0.175
name: models.architecture.block_type=cls
training.mode=rollout
models.out_dim=10    avg_loss: 0.000000053769  time_per_window : 0.000296   progress : 0.186
name: models.architecture.block_type=cls
training.mode=rollout
models.out_dim=10    avg_loss: 0.000000054950  time_per_window : 0.000312   progress : 0.197
name: models.architecture.block_type=cls
training.mode=rollout
models.out_dim=10    avg_loss: 0.000000055385  time_per_window : 0.000339   progress : 0.208
name: models.architecture.block_type=cls
training.mode=rollout
models.out_dim=10    avg_loss: 0.000000055459  time_per_window : 0.000347   progress : 0.218
name: models.architecture.block_type=cls
training.mode=rollout
models.out_dim=10    avg_loss: 0.000000051393  time_per_window : 0.000329   progress : 0.229
name: models.architecture.block_type=cls
training.mode=rollout
models.out_dim=10    avg_loss: 0.000000048793  time_per_window : 0.000308   progress : 0.240
name: models.architecture.block_type=cls
training.mode=rollout
models.out_dim=10    avg_loss: 0.000000061652  time_per_window : 0.000285   progress : 0.251
name: models.architecture.block_type=cls
training.mode=rollout
models.out_dim=10    avg_loss: 0.000000052353  time_per_window : 0.000299   progress : 0.262
name: models.architecture.block_type=cls
training.mode=rollout
models.out_dim=10    avg_loss: 0.000000049206  time_per_window : 0.000324   progress : 0.273
name: models.architecture.block_type=cls
training.mode=rollout
models.out_dim=10    avg_loss: 0.000000047634  time_per_window : 0.000361   progress : 0.284
name: models.architecture.block_type=cls
training.mode=rollout
models.out_dim=10    avg_loss: 0.000000052928  time_per_window : 0.000296   progress : 0.295
name: models.architecture.block_type=cls
training.mode=rollout
models.out_dim=10    avg_loss: 0.000000050916  time_per_window : 0.000252   progress : 0.306
name: models.architecture.block_type=cls
training.mode=rollout
models.out_dim=10    avg_loss: 0.000000048827  time_per_window : 0.000239   progress : 0.317
name: models.architecture.block_type=cls
training.mode=rollout
models.out_dim=10    avg_loss: 0.000000046904  time_per_window : 0.000319   progress : 0.328
name: models.architecture.block_type=cls
training.mode=rollout
models.out_dim=10    avg_loss: 0.000000051348  time_per_window : 0.000348   progress : 0.339
name: models.architecture.block_type=cls
training.mode=rollout
models.out_dim=10    avg_loss: 0.000000049563  time_per_window : 0.000283   progress : 0.350
name: models.architecture.block_type=cls
training.mode=rollout
models.out_dim=10    avg_loss: 0.000000041662  time_per_window : 0.000331   progress : 0.360
name: models.architecture.block_type=cls
training.mode=rollout
models.out_dim=10    avg_loss: 0.000000053485  time_per_window : 0.000327   progress : 0.371
name: models.architecture.block_type=cls
training.mode=rollout
models.out_dim=10    avg_loss: 0.000000046857  time_per_window : 0.000327   progress : 0.382
name: models.architecture.block_type=cls
training.mode=rollout
models.out_dim=10    avg_loss: 0.000000046967  time_per_window : 0.000329   progress : 0.393
name: models.architecture.block_type=cls
training.mode=rollout
models.out_dim=10    avg_loss: 0.000000052167  time_per_window : 0.000299   progress : 0.404
name: models.architecture.block_type=cls
training.mode=rollout
models.out_dim=10    avg_loss: 0.000000045616  time_per_window : 0.000259   progress : 0.415
name: models.architecture.block_type=cls
training.mode=rollout
models.out_dim=10    avg_loss: 0.000000040663  time_per_window : 0.000312   progress : 0.426
name: models.architecture.block_type=cls
training.mode=rollout
models.out_dim=10    avg_loss: 0.000000048266  time_per_window : 0.000379   progress : 0.437
name: models.architecture.block_type=cls
training.mode=rollout
models.out_dim=10    avg_loss: 0.000000053516  time_per_window : 0.000339   progress : 0.448
name: models.architecture.block_type=cls
training.mode=rollout
models.out_dim=10    avg_loss: 0.000000046880  time_per_window : 0.000296   progress : 0.459
name: models.architecture.block_type=cls
training.mode=rollout
models.out_dim=10    avg_loss: 0.000000046799  time_per_window : 0.000319   progress : 0.470
name: models.architecture.block_type=cls
training.mode=rollout
models.out_dim=10    avg_loss: 0.000000041674  time_per_window : 0.000299   progress : 0.481
name: models.architecture.block_type=cls
training.mode=rollout
models.out_dim=10    avg_loss: 0.000000041508  time_per_window : 0.000242   progress : 0.492
name: models.architecture.block_type=cls
training.mode=rollout
models.out_dim=10    avg_loss: 0.000000045892  time_per_window : 0.000204   progress : 0.502
name: models.architecture.block_type=cls
training.mode=rollout
models.out_dim=10    avg_loss: 0.000000044589  time_per_window : 0.000227   progress : 0.513
name: models.architecture.block_type=cls
training.mode=rollout
models.out_dim=10    avg_loss: 0.000000042231  time_per_window : 0.000239   progress : 0.524
name: models.architecture.block_type=cls
training.mode=rollout
models.out_dim=10    avg_loss: 0.000000041065  time_per_window : 0.000188   progress : 0.535
name: models.architecture.block_type=cls
training.mode=rollout
models.out_dim=10    avg_loss: 0.000000042520  time_per_window : 0.000238   progress : 0.546
name: models.architecture.block_type=cls
training.mode=rollout
models.out_dim=10    avg_loss: 0.000000042644  time_per_window : 0.000298   progress : 0.557
name: models.architecture.block_type=cls
training.mode=rollout
models.out_dim=10    avg_loss: 0.000000040955  time_per_window : 0.000303   progress : 0.568
name: models.architecture.block_type=cls
training.mode=rollout
models.out_dim=10    avg_loss: 0.000000045835  time_per_window : 0.000330   progress : 0.579
name: models.architecture.block_type=cls
training.mode=rollout
models.out_dim=10    avg_loss: 0.000000039103  time_per_window : 0.000354   progress : 0.590
name: models.architecture.block_type=cls
training.mode=rollout
models.out_dim=10    avg_loss: 0.000000041659  time_per_window : 0.000322   progress : 0.601
name: models.architecture.block_type=cls
training.mode=rollout
models.out_dim=10    avg_loss: 0.000000041667  time_per_window : 0.000306   progress : 0.612
name: models.architecture.block_type=cls
training.mode=rollout
models.out_dim=10    avg_loss: 0.000000034710  time_per_window : 0.000325   progress : 0.623
name: models.architecture.block_type=cls
training.mode=rollout
models.out_dim=10    avg_loss: 0.000000043053  time_per_window : 0.000298   progress : 0.634
name: models.architecture.block_type=cls
training.mode=rollout
models.out_dim=10    avg_loss: 0.000000040711  time_per_window : 0.000337   progress : 0.644
name: models.architecture.block_type=cls
training.mode=rollout
models.out_dim=10    avg_loss: 0.000000038243  time_per_window : 0.000327   progress : 0.655
name: models.architecture.block_type=cls
training.mode=rollout
models.out_dim=10    avg_loss: 0.000000038002  time_per_window : 0.000335   progress : 0.666
name: models.architecture.block_type=cls
training.mode=rollout
models.out_dim=10    avg_loss: 0.000000039709  time_per_window : 0.000273   progress : 0.677
name: models.architecture.block_type=cls
training.mode=rollout
models.out_dim=10    avg_loss: 0.000000035669  time_per_window : 0.000315   progress : 0.688
name: models.architecture.block_type=cls
training.mode=rollout
models.out_dim=10    avg_loss: 0.000000039332  time_per_window : 0.000309   progress : 0.699
name: models.architecture.block_type=cls
training.mode=rollout
models.out_dim=10    avg_loss: 0.000000036807  time_per_window : 0.000258   progress : 0.710
name: models.architecture.block_type=cls
training.mode=rollout
models.out_dim=10    avg_loss: 0.000000034286  time_per_window : 0.000269   progress : 0.721
name: models.architecture.block_type=cls
training.mode=rollout
models.out_dim=10    avg_loss: 0.000000037832  time_per_window : 0.000244   progress : 0.732
name: models.architecture.block_type=cls
training.mode=rollout
models.out_dim=10    avg_loss: 0.000000040033  time_per_window : 0.000330   progress : 0.743
name: models.architecture.block_type=cls
training.mode=rollout
models.out_dim=10    avg_loss: 0.000000034604  time_per_window : 0.000314   progress : 0.754
name: models.architecture.block_type=cls
training.mode=rollout
models.out_dim=10    avg_loss: 0.000000036090  time_per_window : 0.000318   progress : 0.765
name: models.architecture.block_type=cls
training.mode=rollout
models.out_dim=10    avg_loss: 0.000000037211  time_per_window : 0.000336   progress : 0.775
name: models.architecture.block_type=cls
training.mode=rollout
models.out_dim=10    avg_loss: 0.000000041031  time_per_window : 0.000300   progress : 0.786
name: models.architecture.block_type=cls
training.mode=rollout
models.out_dim=10    avg_loss: 0.000000032787  time_per_window : 0.000315   progress : 0.797
name: models.architecture.block_type=cls
training.mode=rollout
models.out_dim=10    avg_loss: 0.000000033833  time_per_window : 0.000312   progress : 0.808
name: models.architecture.block_type=cls
training.mode=rollout
models.out_dim=10    avg_loss: 0.000000031537  time_per_window : 0.000339   progress : 0.819
name: models.architecture.block_type=cls
training.mode=rollout
models.out_dim=10    avg_loss: 0.000000032822  time_per_window : 0.000315   progress : 0.830
name: models.architecture.block_type=cls
training.mode=rollout
models.out_dim=10    avg_loss: 0.000000032204  time_per_window : 0.000329   progress : 0.841
name: models.architecture.block_type=cls
training.mode=rollout
models.out_dim=10    avg_loss: 0.000000037076  time_per_window : 0.000310   progress : 0.852
name: models.architecture.block_type=cls
training.mode=rollout
models.out_dim=10    avg_loss: 0.000000034274  time_per_window : 0.000254   progress : 0.863
name: models.architecture.block_type=cls
training.mode=rollout
models.out_dim=10    avg_loss: 0.000000031883  time_per_window : 0.000243   progress : 0.874
name: models.architecture.block_type=cls
training.mode=rollout
models.out_dim=10    avg_loss: 0.000000030168  time_per_window : 0.000287   progress : 0.885
name: models.architecture.block_type=cls
training.mode=rollout
models.out_dim=10    avg_loss: 0.000000029382  time_per_window : 0.000305   progress : 0.896
name: models.architecture.block_type=cls
training.mode=rollout
models.out_dim=10    avg_loss: 0.000000029468  time_per_window : 0.000316   progress : 0.907
name: models.architecture.block_type=cls
training.mode=rollout
models.out_dim=10    avg_loss: 0.000000031018  time_per_window : 0.000229   progress : 0.917
name: models.architecture.block_type=cls
training.mode=rollout
models.out_dim=10    avg_loss: 0.000000029961  time_per_window : 0.000318   progress : 0.928
name: models.architecture.block_type=cls
training.mode=rollout
models.out_dim=10    avg_loss: 0.000000031000  time_per_window : 0.000280   progress : 0.939
name: models.architecture.block_type=cls
training.mode=rollout
models.out_dim=10    avg_loss: 0.000000029531  time_per_window : 0.000329   progress : 0.950
name: models.architecture.block_type=cls
training.mode=rollout
models.out_dim=10    avg_loss: 0.000000026308  time_per_window : 0.000307   progress : 0.961
name: models.architecture.block_type=cls
training.mode=rollout
models.out_dim=10    avg_loss: 0.000000031860  time_per_window : 0.000310   progress : 0.972
name: models.architecture.block_type=cls
training.mode=rollout
models.out_dim=10    avg_loss: 0.000000028386  time_per_window : 0.000331   progress : 0.983
name: models.architecture.block_type=cls
training.mode=rollout
models.out_dim=10    avg_loss: 0.000000027165  time_per_window : 0.000345   progress : 0.994
name: models.architecture.block_type=cls
training.mode=rollout
models.out_dim=10    avg_loss: 0.000003062291  time_per_window : 0.000251   progress : 0.011
name: models.architecture.block_type=cls
training.mode=rollout
models.out_dim=10    avg_loss: 0.000000249993  time_per_window : 0.000344   progress : 0.022
name: models.architecture.block_type=cls
training.mode=rollout
models.out_dim=10    avg_loss: 0.000000256794  time_per_window : 0.000305   progress : 0.033
name: models.architecture.block_type=cls
training.mode=rollout
models.out_dim=10    avg_loss: 0.000000218811  time_per_window : 0.000311   progress : 0.044
name: models.architecture.block_type=cls
training.mode=rollout
models.out_dim=10    avg_loss: 0.000000175458  time_per_window : 0.000354   progress : 0.055
name: models.architecture.block_type=cls
training.mode=rollout
models.out_dim=10    avg_loss: 0.000000125373  time_per_window : 0.000342   progress : 0.066
name: models.architecture.block_type=cls
training.mode=rollout
models.out_dim=10    avg_loss: 0.000000119735  time_per_window : 0.000296   progress : 0.076
name: models.architecture.block_type=cls
training.mode=rollout
models.out_dim=10    avg_loss: 0.000000109697  time_per_window : 0.000309   progress : 0.087
name: models.architecture.block_type=cls
training.mode=rollout
models.out_dim=10    avg_loss: 0.000000112422  time_per_window : 0.000350   progress : 0.098
name: models.architecture.block_type=cls
training.mode=rollout
models.out_dim=10    avg_loss: 0.000000094882  time_per_window : 0.000306   progress : 0.109
name: models.architecture.block_type=cls
training.mode=rollout
models.out_dim=10    avg_loss: 0.000000099655  time_per_window : 0.000330   progress : 0.120
name: models.architecture.block_type=cls
training.mode=rollout
models.out_dim=10    avg_loss: 0.000000084112  time_per_window : 0.000277   progress : 0.131
name: models.architecture.block_type=cls
training.mode=rollout
models.out_dim=10    avg_loss: 0.000000080252  time_per_window : 0.000308   progress : 0.142
name: models.architecture.block_type=cls
training.mode=rollout
models.out_dim=10    avg_loss: 0.000000087007  time_per_window : 0.000315   progress : 0.153
name: models.architecture.block_type=cls
training.mode=rollout
models.out_dim=10    avg_loss: 0.000000081971  time_per_window : 0.000293   progress : 0.164
name: models.architecture.block_type=cls
training.mode=rollout
models.out_dim=10    avg_loss: 0.000000080622  time_per_window : 0.000343   progress : 0.175
name: models.architecture.block_type=cls
training.mode=rollout
models.out_dim=10    avg_loss: 0.000000076945  time_per_window : 0.000326   progress : 0.186
name: models.architecture.block_type=cls
training.mode=rollout
models.out_dim=10    avg_loss: 0.000000076317  time_per_window : 0.000341   progress : 0.197
name: models.architecture.block_type=cls
training.mode=rollout
models.out_dim=10    avg_loss: 0.000000103332  time_per_window : 0.000321   progress : 0.208
name: models.architecture.block_type=cls
training.mode=rollout
models.out_dim=10    avg_loss: 0.000000081868  time_per_window : 0.000327   progress : 0.218
name: models.architecture.block_type=cls
training.mode=rollout
models.out_dim=10    avg_loss: 0.000000068342  time_per_window : 0.000308   progress : 0.229
name: models.architecture.block_type=cls
training.mode=rollout
models.out_dim=10    avg_loss: 0.000000091785  time_per_window : 0.000319   progress : 0.240
name: models.architecture.block_type=cls
training.mode=rollout
models.out_dim=10    avg_loss: 0.000000073604  time_per_window : 0.000318   progress : 0.251
name: models.architecture.block_type=cls
training.mode=rollout
models.out_dim=10    avg_loss: 0.000000081068  time_per_window : 0.000356   progress : 0.262
name: models.architecture.block_type=cls
training.mode=rollout
models.out_dim=10    avg_loss: 0.000000062443  time_per_window : 0.000327   progress : 0.273
name: models.architecture.block_type=cls
training.mode=rollout
models.out_dim=10    avg_loss: 0.000000076315  time_per_window : 0.000318   progress : 0.284
name: models.architecture.block_type=cls
training.mode=rollout
models.out_dim=10    avg_loss: 0.000000076091  time_per_window : 0.000315   progress : 0.295
name: models.architecture.block_type=cls
training.mode=rollout
models.out_dim=10    avg_loss: 0.000000067244  time_per_window : 0.000305   progress : 0.306
name: models.architecture.block_type=cls
training.mode=rollout
models.out_dim=10    avg_loss: 0.000000073110  time_per_window : 0.000308   progress : 0.317
name: models.architecture.block_type=cls
training.mode=rollout
models.out_dim=10    avg_loss: 0.000000078870  time_per_window : 0.000307   progress : 0.328
name: models.architecture.block_type=cls
training.mode=rollout
models.out_dim=10    avg_loss: 0.000000082664  time_per_window : 0.000239   progress : 0.339
name: models.architecture.block_type=cls
training.mode=rollout
models.out_dim=10    avg_loss: 0.000000077344  time_per_window : 0.000330   progress : 0.350
name: models.architecture.block_type=cls
training.mode=rollout
models.out_dim=10    avg_loss: 0.000000077113  time_per_window : 0.000315   progress : 0.360
name: models.architecture.block_type=cls
training.mode=rollout
models.out_dim=10    avg_loss: 0.000000069573  time_per_window : 0.000186   progress : 0.371
name: models.architecture.block_type=cls
training.mode=rollout
models.out_dim=10    avg_loss: 0.000000078301  time_per_window : 0.000254   progress : 0.382
name: models.architecture.block_type=cls
training.mode=rollout
models.out_dim=10    avg_loss: 0.000000069226  time_per_window : 0.000189   progress : 0.393
name: models.architecture.block_type=cls
training.mode=rollout
models.out_dim=10    avg_loss: 0.000000061690  time_per_window : 0.000204   progress : 0.404
name: models.architecture.block_type=cls
training.mode=rollout
models.out_dim=10    avg_loss: 0.000000068825  time_per_window : 0.000245   progress : 0.415
name: models.architecture.block_type=cls
training.mode=rollout
models.out_dim=10    avg_loss: 0.000000067465  time_per_window : 0.000266   progress : 0.426
name: models.architecture.block_type=cls
training.mode=rollout
models.out_dim=10    avg_loss: 0.000000105107  time_per_window : 0.000249   progress : 0.437
name: models.architecture.block_type=cls
training.mode=rollout
models.out_dim=10    avg_loss: 0.000000070068  time_per_window : 0.000192   progress : 0.448
name: models.architecture.block_type=cls
training.mode=rollout
models.out_dim=10    avg_loss: 0.000000061413  time_per_window : 0.000189   progress : 0.459
name: models.architecture.block_type=cls
training.mode=rollout
models.out_dim=10    avg_loss: 0.000000057843  time_per_window : 0.000226   progress : 0.470
name: models.architecture.block_type=cls
training.mode=rollout
models.out_dim=10    avg_loss: 0.000000058220  time_per_window : 0.000207   progress : 0.481
name: models.architecture.block_type=cls
training.mode=rollout
models.out_dim=10    avg_loss: 0.000000065446  time_per_window : 0.000246   progress : 0.492
name: models.architecture.block_type=cls
training.mode=rollout
models.out_dim=10    avg_loss: 0.000000074675  time_per_window : 0.000210   progress : 0.502
name: models.architecture.block_type=cls
training.mode=rollout
models.out_dim=10    avg_loss: 0.000000074412  time_per_window : 0.000186   progress : 0.513
name: models.architecture.block_type=cls
training.mode=rollout
models.out_dim=10    avg_loss: 0.000000062731  time_per_window : 0.000176   progress : 0.524
name: models.architecture.block_type=cls
training.mode=rollout
models.out_dim=10    avg_loss: 0.000000078767  time_per_window : 0.000191   progress : 0.535
name: models.architecture.block_type=cls
training.mode=rollout
models.out_dim=10    avg_loss: 0.000000064255  time_per_window : 0.000147   progress : 0.546
name: models.architecture.block_type=cls
training.mode=rollout
models.out_dim=10    avg_loss: 0.000000068687  time_per_window : 0.000181   progress : 0.557
name: models.architecture.block_type=cls
training.mode=rollout
models.out_dim=10    avg_loss: 0.000000064669  time_per_window : 0.000191   progress : 0.568
name: models.architecture.block_type=cls
training.mode=rollout
models.out_dim=10    avg_loss: 0.000000069855  time_per_window : 0.000181   progress : 0.579
name: models.architecture.block_type=cls
training.mode=rollout
models.out_dim=10    avg_loss: 0.000000077272  time_per_window : 0.000247   progress : 0.590
name: models.architecture.block_type=cls
training.mode=rollout
models.out_dim=10    avg_loss: 0.000000061522  time_per_window : 0.000198   progress : 0.601
name: models.architecture.block_type=cls
training.mode=rollout
models.out_dim=10    avg_loss: 0.000000062456  time_per_window : 0.000201   progress : 0.612
name: models.architecture.block_type=cls
training.mode=rollout
models.out_dim=10    avg_loss: 0.000000058797  time_per_window : 0.000198   progress : 0.623
name: models.architecture.block_type=cls
training.mode=rollout
models.out_dim=10    avg_loss: 0.000000057798  time_per_window : 0.000243   progress : 0.634
name: models.architecture.block_type=cls
training.mode=rollout
models.out_dim=10    avg_loss: 0.000000083751  time_per_window : 0.000221   progress : 0.644
name: models.architecture.block_type=cls
training.mode=rollout
models.out_dim=10    avg_loss: 0.000000053943  time_per_window : 0.000265   progress : 0.655
name: models.architecture.block_type=cls
training.mode=rollout
models.out_dim=10    avg_loss: 0.000000079339  time_per_window : 0.000210   progress : 0.666
name: models.architecture.block_type=cls
training.mode=rollout
models.out_dim=10    avg_loss: 0.000000055590  time_per_window : 0.000254   progress : 0.677
name: models.architecture.block_type=cls
training.mode=rollout
models.out_dim=10    avg_loss: 0.000000055754  time_per_window : 0.000168   progress : 0.688
name: models.architecture.block_type=cls
training.mode=rollout
models.out_dim=10    avg_loss: 0.000000058572  time_per_window : 0.000222   progress : 0.699
name: models.architecture.block_type=cls
training.mode=rollout
models.out_dim=10    avg_loss: 0.000000071202  time_per_window : 0.000187   progress : 0.710
name: models.architecture.block_type=cls
training.mode=rollout
models.out_dim=10    avg_loss: 0.000000059157  time_per_window : 0.000255   progress : 0.721
name: models.architecture.block_type=cls
training.mode=rollout
models.out_dim=10    avg_loss: 0.000000061106  time_per_window : 0.000217   progress : 0.732
name: models.architecture.block_type=cls
training.mode=rollout
models.out_dim=10    avg_loss: 0.000000055460  time_per_window : 0.000195   progress : 0.743
name: models.architecture.block_type=cls
training.mode=rollout
models.out_dim=10    avg_loss: 0.000000061598  time_per_window : 0.000246   progress : 0.754
name: models.architecture.block_type=cls
training.mode=rollout
models.out_dim=10    avg_loss: 0.000000063773  time_per_window : 0.000220   progress : 0.765
name: models.architecture.block_type=cls
training.mode=rollout
models.out_dim=10    avg_loss: 0.000000065922  time_per_window : 0.000235   progress : 0.775
name: models.architecture.block_type=cls
training.mode=rollout
models.out_dim=10    avg_loss: 0.000000058784  time_per_window : 0.000210   progress : 0.786
name: models.architecture.block_type=cls
training.mode=rollout
models.out_dim=10    avg_loss: 0.000000065890  time_per_window : 0.000206   progress : 0.797
name: models.architecture.block_type=cls
training.mode=rollout
models.out_dim=10    avg_loss: 0.000000069689  time_per_window : 0.000200   progress : 0.808
name: models.architecture.block_type=cls
training.mode=rollout
models.out_dim=10    avg_loss: 0.000000056228  time_per_window : 0.000269   progress : 0.819
name: models.architecture.block_type=cls
training.mode=rollout
models.out_dim=10    avg_loss: 0.000000054937  time_per_window : 0.000171   progress : 0.830
name: models.architecture.block_type=cls
training.mode=rollout
models.out_dim=10    avg_loss: 0.000000055843  time_per_window : 0.000166   progress : 0.841
name: models.architecture.block_type=cls
training.mode=rollout
models.out_dim=10    avg_loss: 0.000000059475  time_per_window : 0.000187   progress : 0.852
name: models.architecture.block_type=cls
training.mode=rollout
models.out_dim=10    avg_loss: 0.000000060880  time_per_window : 0.000186   progress : 0.863
name: models.architecture.block_type=cls
training.mode=rollout
models.out_dim=10    avg_loss: 0.000000052080  time_per_window : 0.000214   progress : 0.874
name: models.architecture.block_type=cls
training.mode=rollout
models.out_dim=10    avg_loss: 0.000000060285  time_per_window : 0.000159   progress : 0.885
name: models.architecture.block_type=cls
training.mode=rollout
models.out_dim=10    avg_loss: 0.000000057887  time_per_window : 0.000190   progress : 0.896
name: models.architecture.block_type=cls
training.mode=rollout
models.out_dim=10    avg_loss: 0.000000065938  time_per_window : 0.000251   progress : 0.907
name: models.architecture.block_type=cls
training.mode=rollout
models.out_dim=10    avg_loss: 0.000000058472  time_per_window : 0.000204   progress : 0.917
name: models.architecture.block_type=cls
training.mode=rollout
models.out_dim=10    avg_loss: 0.000000056827  time_per_window : 0.000244   progress : 0.928
name: models.architecture.block_type=cls
training.mode=rollout
models.out_dim=10    avg_loss: 0.000000052312  time_per_window : 0.000196   progress : 0.939
name: models.architecture.block_type=cls
training.mode=rollout
models.out_dim=10    avg_loss: 0.000000060219  time_per_window : 0.000208   progress : 0.950
name: models.architecture.block_type=cls
training.mode=rollout
models.out_dim=10    avg_loss: 0.000000059552  time_per_window : 0.000197   progress : 0.961
name: models.architecture.block_type=cls
training.mode=rollout
models.out_dim=10    avg_loss: 0.000000055490  time_per_window : 0.000253   progress : 0.972
name: models.architecture.block_type=cls
training.mode=rollout
models.out_dim=10    avg_loss: 0.000000065996  time_per_window : 0.000198   progress : 0.983
name: models.architecture.block_type=cls
training.mode=rollout
models.out_dim=10    avg_loss: 0.000000066004  time_per_window : 0.000175   progress : 0.994
name: models.architecture.block_type=cls
training.mode=rollout
models.out_dim=10    avg_loss: 0.000017413189  time_per_window : 0.000250   progress : 0.011
name: models.architecture.block_type=cls
training.mode=rollout
models.out_dim=10    avg_loss: 0.000002958727  time_per_window : 0.000241   progress : 0.022
name: models.architecture.block_type=cls
training.mode=rollout
models.out_dim=10    avg_loss: 0.000002570826  time_per_window : 0.000250   progress : 0.033
name: models.architecture.block_type=cls
training.mode=rollout
models.out_dim=10    avg_loss: 0.000001891669  time_per_window : 0.000231   progress : 0.044
name: models.architecture.block_type=cls
training.mode=rollout
models.out_dim=10    avg_loss: 0.000001641626  time_per_window : 0.000190   progress : 0.055
name: models.architecture.block_type=cls
training.mode=rollout
models.out_dim=10    avg_loss: 0.000001526459  time_per_window : 0.000216   progress : 0.066
name: models.architecture.block_type=cls
training.mode=rollout
models.out_dim=10    avg_loss: 0.000001341515  time_per_window : 0.000176   progress : 0.076
name: models.architecture.block_type=cls
training.mode=rollout
models.out_dim=10    avg_loss: 0.000001232421  time_per_window : 0.000186   progress : 0.087
name: models.architecture.block_type=cls
training.mode=rollout
models.out_dim=10    avg_loss: 0.000001146231  time_per_window : 0.000247   progress : 0.098
name: models.architecture.block_type=cls
training.mode=rollout
models.out_dim=10    avg_loss: 0.000001113382  time_per_window : 0.000209   progress : 0.109
name: models.architecture.block_type=cls
training.mode=rollout
models.out_dim=10    avg_loss: 0.000001014136  time_per_window : 0.000197   progress : 0.120
name: models.architecture.block_type=cls
training.mode=rollout
models.out_dim=10    avg_loss: 0.000000886972  time_per_window : 0.000245   progress : 0.131
name: models.architecture.block_type=cls
training.mode=rollout
models.out_dim=10    avg_loss: 0.000000884054  time_per_window : 0.000200   progress : 0.142
name: models.architecture.block_type=cls
training.mode=rollout
models.out_dim=10    avg_loss: 0.000000931363  time_per_window : 0.000209   progress : 0.153
name: models.architecture.block_type=cls
training.mode=rollout
models.out_dim=10    avg_loss: 0.000000744364  time_per_window : 0.000253   progress : 0.164
name: models.architecture.block_type=cls
training.mode=rollout
models.out_dim=10    avg_loss: 0.000000774485  time_per_window : 0.000221   progress : 0.175
name: models.architecture.block_type=cls
training.mode=rollout
models.out_dim=10    avg_loss: 0.000000699570  time_per_window : 0.000226   progress : 0.186
name: models.architecture.block_type=cls
training.mode=rollout
models.out_dim=10    avg_loss: 0.000000765618  time_per_window : 0.000196   progress : 0.197
name: models.architecture.block_type=cls
training.mode=rollout
models.out_dim=10    avg_loss: 0.000000667886  time_per_window : 0.000259   progress : 0.208
name: models.architecture.block_type=cls
training.mode=rollout
models.out_dim=10    avg_loss: 0.000000743794  time_per_window : 0.000247   progress : 0.218
name: models.architecture.block_type=cls
training.mode=rollout
models.out_dim=10    avg_loss: 0.000000528492  time_per_window : 0.000185   progress : 0.229
name: models.architecture.block_type=cls
training.mode=rollout
models.out_dim=10    avg_loss: 0.000000600816  time_per_window : 0.000192   progress : 0.240
name: models.architecture.block_type=cls
training.mode=rollout
models.out_dim=10    avg_loss: 0.000000670882  time_per_window : 0.000209   progress : 0.251
name: models.architecture.block_type=cls
training.mode=rollout
models.out_dim=10    avg_loss: 0.000000582164  time_per_window : 0.000256   progress : 0.262
name: models.architecture.block_type=cls
training.mode=rollout
models.out_dim=10    avg_loss: 0.000000634178  time_per_window : 0.000183   progress : 0.273
name: models.architecture.block_type=cls
training.mode=rollout
models.out_dim=10    avg_loss: 0.000000617318  time_per_window : 0.000211   progress : 0.284
name: models.architecture.block_type=cls
training.mode=rollout
models.out_dim=10    avg_loss: 0.000000510574  time_per_window : 0.000210   progress : 0.295
name: models.architecture.block_type=cls
training.mode=rollout
models.out_dim=10    avg_loss: 0.000000593587  time_per_window : 0.000217   progress : 0.306
name: models.architecture.block_type=cls
training.mode=rollout
models.out_dim=10    avg_loss: 0.000000596946  time_per_window : 0.000187   progress : 0.317
name: models.architecture.block_type=cls
training.mode=rollout
models.out_dim=10    avg_loss: 0.000000500580  time_per_window : 0.000260   progress : 0.328
name: models.architecture.block_type=cls
training.mode=rollout
models.out_dim=10    avg_loss: 0.000000606217  time_per_window : 0.000214   progress : 0.339
name: models.architecture.block_type=cls
training.mode=rollout
models.out_dim=10    avg_loss: 0.000000528173  time_per_window : 0.000251   progress : 0.350
name: models.architecture.block_type=cls
training.mode=rollout
models.out_dim=10    avg_loss: 0.000000615242  time_per_window : 0.000180   progress : 0.360
name: models.architecture.block_type=cls
training.mode=rollout
models.out_dim=10    avg_loss: 0.000000524967  time_per_window : 0.000238   progress : 0.371
name: models.architecture.block_type=cls
training.mode=rollout
models.out_dim=10    avg_loss: 0.000000496704  time_per_window : 0.000186   progress : 0.382
name: models.architecture.block_type=cls
training.mode=rollout
models.out_dim=10    avg_loss: 0.000000536133  time_per_window : 0.000140   progress : 0.393
name: models.architecture.block_type=cls
training.mode=rollout
models.out_dim=10    avg_loss: 0.000000528018  time_per_window : 0.000153   progress : 0.404
name: models.architecture.block_type=cls
training.mode=rollout
models.out_dim=10    avg_loss: 0.000000635951  time_per_window : 0.000194   progress : 0.415
name: models.architecture.block_type=cls
training.mode=rollout
models.out_dim=10    avg_loss: 0.000000493755  time_per_window : 0.000196   progress : 0.426
name: models.architecture.block_type=cls
training.mode=rollout
models.out_dim=10    avg_loss: 0.000000483249  time_per_window : 0.000202   progress : 0.437
name: models.architecture.block_type=cls
training.mode=rollout
models.out_dim=10    avg_loss: 0.000000608662  time_per_window : 0.000162   progress : 0.448
name: models.architecture.block_type=cls
training.mode=rollout
models.out_dim=10    avg_loss: 0.000000441537  time_per_window : 0.000184   progress : 0.459
name: models.architecture.block_type=cls
training.mode=rollout
models.out_dim=10    avg_loss: 0.000000501632  time_per_window : 0.000207   progress : 0.470
name: models.architecture.block_type=cls
training.mode=rollout
models.out_dim=10    avg_loss: 0.000000494667  time_per_window : 0.000190   progress : 0.481
name: models.architecture.block_type=cls
training.mode=rollout
models.out_dim=10    avg_loss: 0.000000496760  time_per_window : 0.000198   progress : 0.492
name: models.architecture.block_type=cls
training.mode=rollout
models.out_dim=10    avg_loss: 0.000000614245  time_per_window : 0.000167   progress : 0.502
name: models.architecture.block_type=cls
training.mode=rollout
models.out_dim=10    avg_loss: 0.000000494492  time_per_window : 0.000163   progress : 0.513
name: models.architecture.block_type=cls
training.mode=rollout
models.out_dim=10    avg_loss: 0.000000431770  time_per_window : 0.000144   progress : 0.524
name: models.architecture.block_type=cls
training.mode=rollout
models.out_dim=10    avg_loss: 0.000000468308  time_per_window : 0.000174   progress : 0.535
name: models.architecture.block_type=cls
training.mode=rollout
models.out_dim=10    avg_loss: 0.000000553208  time_per_window : 0.000153   progress : 0.546
name: models.architecture.block_type=cls
training.mode=rollout
models.out_dim=10    avg_loss: 0.000000470586  time_per_window : 0.000177   progress : 0.557
name: models.architecture.block_type=cls
training.mode=rollout
models.out_dim=10    avg_loss: 0.000000486947  time_per_window : 0.000175   progress : 0.568
name: models.architecture.block_type=cls
training.mode=rollout
models.out_dim=10    avg_loss: 0.000000543250  time_per_window : 0.000197   progress : 0.579
name: models.architecture.block_type=cls
training.mode=rollout
models.out_dim=10    avg_loss: 0.000000462202  time_per_window : 0.000150   progress : 0.590
name: models.architecture.block_type=cls
training.mode=rollout
models.out_dim=10    avg_loss: 0.000000367724  time_per_window : 0.000187   progress : 0.601
name: models.architecture.block_type=cls
training.mode=rollout
models.out_dim=10    avg_loss: 0.000000577949  time_per_window : 0.000199   progress : 0.612
name: models.architecture.block_type=cls
training.mode=rollout
models.out_dim=10    avg_loss: 0.000000455164  time_per_window : 0.000191   progress : 0.623
name: models.architecture.block_type=cls
training.mode=rollout
models.out_dim=10    avg_loss: 0.000000497173  time_per_window : 0.000163   progress : 0.634
name: models.architecture.block_type=cls
training.mode=rollout
models.out_dim=10    avg_loss: 0.000000429286  time_per_window : 0.000150   progress : 0.644
name: models.architecture.block_type=cls
training.mode=rollout
models.out_dim=10    avg_loss: 0.000000428702  time_per_window : 0.000166   progress : 0.655
name: models.architecture.block_type=cls
training.mode=rollout
models.out_dim=10    avg_loss: 0.000000422261  time_per_window : 0.000222   progress : 0.666
name: models.architecture.block_type=cls
training.mode=rollout
models.out_dim=10    avg_loss: 0.000000499071  time_per_window : 0.000166   progress : 0.677
name: models.architecture.block_type=cls
training.mode=rollout
models.out_dim=10    avg_loss: 0.000000448258  time_per_window : 0.000159   progress : 0.688
name: models.architecture.block_type=cls
training.mode=rollout
models.out_dim=10    avg_loss: 0.000000516479  time_per_window : 0.000181   progress : 0.699
name: models.architecture.block_type=cls
training.mode=rollout
models.out_dim=10    avg_loss: 0.000000432077  time_per_window : 0.000166   progress : 0.710
name: models.architecture.block_type=cls
training.mode=rollout
models.out_dim=10    avg_loss: 0.000000427416  time_per_window : 0.000166   progress : 0.721
name: models.architecture.block_type=cls
training.mode=rollout
models.out_dim=10    avg_loss: 0.000000456424  time_per_window : 0.000159   progress : 0.732
name: models.architecture.block_type=cls
training.mode=rollout
models.out_dim=10    avg_loss: 0.000000460850  time_per_window : 0.000208   progress : 0.743
name: models.architecture.block_type=cls
training.mode=rollout
models.out_dim=10    avg_loss: 0.000000375864  time_per_window : 0.000182   progress : 0.754
name: models.architecture.block_type=cls
training.mode=rollout
models.out_dim=10    avg_loss: 0.000000471674  time_per_window : 0.000150   progress : 0.765
name: models.architecture.block_type=cls
training.mode=rollout
models.out_dim=10    avg_loss: 0.000000407792  time_per_window : 0.000199   progress : 0.775
name: models.architecture.block_type=cls
training.mode=rollout
models.out_dim=10    avg_loss: 0.000000450875  time_per_window : 0.000198   progress : 0.786
name: models.architecture.block_type=cls
training.mode=rollout
models.out_dim=10    avg_loss: 0.000000355136  time_per_window : 0.000186   progress : 0.797
name: models.architecture.block_type=cls
training.mode=rollout
models.out_dim=10    avg_loss: 0.000000435970  time_per_window : 0.000169   progress : 0.808
name: models.architecture.block_type=cls
training.mode=rollout
models.out_dim=10    avg_loss: 0.000000487282  time_per_window : 0.000150   progress : 0.819
name: models.architecture.block_type=cls
training.mode=rollout
models.out_dim=10    avg_loss: 0.000000374402  time_per_window : 0.000190   progress : 0.830
name: models.architecture.block_type=cls
training.mode=rollout
models.out_dim=10    avg_loss: 0.000000383945  time_per_window : 0.000216   progress : 0.841
name: models.architecture.block_type=cls
training.mode=rollout
models.out_dim=10    avg_loss: 0.000000415128  time_per_window : 0.000192   progress : 0.852
name: models.architecture.block_type=cls
training.mode=rollout
models.out_dim=10    avg_loss: 0.000000409840  time_per_window : 0.000159   progress : 0.863
name: models.architecture.block_type=cls
training.mode=rollout
models.out_dim=10    avg_loss: 0.000000450031  time_per_window : 0.000183   progress : 0.874
name: models.architecture.block_type=cls
training.mode=rollout
models.out_dim=10    avg_loss: 0.000000397149  time_per_window : 0.000200   progress : 0.885
name: models.architecture.block_type=cls
training.mode=rollout
models.out_dim=10    avg_loss: 0.000000453080  time_per_window : 0.000179   progress : 0.896
name: models.architecture.block_type=cls
training.mode=rollout
models.out_dim=10    avg_loss: 0.000000397939  time_per_window : 0.000162   progress : 0.907
name: models.architecture.block_type=cls
training.mode=rollout
models.out_dim=10    avg_loss: 0.000000482389  time_per_window : 0.000161   progress : 0.917
name: models.architecture.block_type=cls
training.mode=rollout
models.out_dim=10    avg_loss: 0.000000405119  time_per_window : 0.000202   progress : 0.928
name: models.architecture.block_type=cls
training.mode=rollout
models.out_dim=10    avg_loss: 0.000000373035  time_per_window : 0.000168   progress : 0.939
name: models.architecture.block_type=cls
training.mode=rollout
models.out_dim=10    avg_loss: 0.000000475211  time_per_window : 0.000163   progress : 0.950
name: models.architecture.block_type=cls
training.mode=rollout
models.out_dim=10    avg_loss: 0.000000375741  time_per_window : 0.000168   progress : 0.961
name: models.architecture.block_type=cls
training.mode=rollout
models.out_dim=10    avg_loss: 0.000000353226  time_per_window : 0.000151   progress : 0.972
name: models.architecture.block_type=cls
training.mode=rollout
models.out_dim=10    avg_loss: 0.000000347430  time_per_window : 0.000164   progress : 0.983
name: models.architecture.block_type=cls
training.mode=rollout
models.out_dim=10    avg_loss: 0.000000432945  time_per_window : 0.000158   progress : 0.994
name: models.architecture.block_type=cls
training.mode=rollout
models.out_dim=10    avg_loss: 0.000001050058  time_per_window : 0.000176   progress : 0.011
name: models.architecture.block_type=cls
training.mode=rollout
models.out_dim=10    avg_loss: 0.000000581637  time_per_window : 0.000198   progress : 0.022
name: models.architecture.block_type=cls
training.mode=rollout
models.out_dim=10    avg_loss: 0.000000549590  time_per_window : 0.000152   progress : 0.033
name: models.architecture.block_type=cls
training.mode=rollout
models.out_dim=10    avg_loss: 0.000000488277  time_per_window : 0.000175   progress : 0.044
name: models.architecture.block_type=cls
training.mode=rollout
models.out_dim=10    avg_loss: 0.000000506488  time_per_window : 0.000195   progress : 0.055
name: models.architecture.block_type=cls
training.mode=rollout
models.out_dim=10    avg_loss: 0.000000554197  time_per_window : 0.000197   progress : 0.066
name: models.architecture.block_type=cls
training.mode=rollout
models.out_dim=10    avg_loss: 0.000000532978  time_per_window : 0.000206   progress : 0.076
name: models.architecture.block_type=cls
training.mode=rollout
models.out_dim=10    avg_loss: 0.000000515541  time_per_window : 0.000181   progress : 0.087
name: models.architecture.block_type=cls
training.mode=rollout
models.out_dim=10    avg_loss: 0.000000435903  time_per_window : 0.000161   progress : 0.098
name: models.architecture.block_type=cls
training.mode=rollout
models.out_dim=10    avg_loss: 0.000000506526  time_per_window : 0.000198   progress : 0.109
name: models.architecture.block_type=cls
training.mode=rollout
models.out_dim=10    avg_loss: 0.000000563735  time_per_window : 0.000192   progress : 0.120
name: models.architecture.block_type=cls
training.mode=rollout
models.out_dim=10    avg_loss: 0.000000457343  time_per_window : 0.000200   progress : 0.131
name: models.architecture.block_type=cls
training.mode=rollout
models.out_dim=10    avg_loss: 0.000000485821  time_per_window : 0.000186   progress : 0.142
name: models.architecture.block_type=cls
training.mode=rollout
models.out_dim=10    avg_loss: 0.000000588591  time_per_window : 0.000185   progress : 0.153
name: models.architecture.block_type=cls
training.mode=rollout
models.out_dim=10    avg_loss: 0.000000512806  time_per_window : 0.000182   progress : 0.164
name: models.architecture.block_type=cls
training.mode=rollout
models.out_dim=10    avg_loss: 0.000000432722  time_per_window : 0.000152   progress : 0.175
name: models.architecture.block_type=cls
training.mode=rollout
models.out_dim=10    avg_loss: 0.000000458258  time_per_window : 0.000175   progress : 0.186
name: models.architecture.block_type=cls
training.mode=rollout
models.out_dim=10    avg_loss: 0.000000503378  time_per_window : 0.000183   progress : 0.197
name: models.architecture.block_type=cls
training.mode=rollout
models.out_dim=10    avg_loss: 0.000000397673  time_per_window : 0.000202   progress : 0.208
name: models.architecture.block_type=cls
training.mode=rollout
models.out_dim=10    avg_loss: 0.000000499409  time_per_window : 0.000161   progress : 0.218
name: models.architecture.block_type=cls
training.mode=rollout
models.out_dim=10    avg_loss: 0.000000419467  time_per_window : 0.000164   progress : 0.229
name: models.architecture.block_type=cls
training.mode=rollout
models.out_dim=10    avg_loss: 0.000000451752  time_per_window : 0.000145   progress : 0.240
name: models.architecture.block_type=cls
training.mode=rollout
models.out_dim=10    avg_loss: 0.000000557125  time_per_window : 0.000164   progress : 0.251
name: models.architecture.block_type=cls
training.mode=rollout
models.out_dim=10    avg_loss: 0.000000396981  time_per_window : 0.000185   progress : 0.262
name: models.architecture.block_type=cls
training.mode=rollout
models.out_dim=10    avg_loss: 0.000000379006  time_per_window : 0.000173   progress : 0.273
name: models.architecture.block_type=cls
training.mode=rollout
models.out_dim=10    avg_loss: 0.000000508061  time_per_window : 0.000172   progress : 0.284
name: models.architecture.block_type=cls
training.mode=rollout
models.out_dim=10    avg_loss: 0.000000449060  time_per_window : 0.000181   progress : 0.295
name: models.architecture.block_type=cls
training.mode=rollout
models.out_dim=10    avg_loss: 0.000000448341  time_per_window : 0.000198   progress : 0.306
name: models.architecture.block_type=cls
training.mode=rollout
models.out_dim=10    avg_loss: 0.000000456465  time_per_window : 0.000186   progress : 0.317
name: models.architecture.block_type=cls
training.mode=rollout
models.out_dim=10    avg_loss: 0.000000521953  time_per_window : 0.000173   progress : 0.328
name: models.architecture.block_type=cls
training.mode=rollout
models.out_dim=10    avg_loss: 0.000000398190  time_per_window : 0.000193   progress : 0.339
name: models.architecture.block_type=cls
training.mode=rollout
models.out_dim=10    avg_loss: 0.000000499929  time_per_window : 0.000209   progress : 0.350
name: models.architecture.block_type=cls
training.mode=rollout
models.out_dim=10    avg_loss: 0.000000531694  time_per_window : 0.000199   progress : 0.360
name: models.architecture.block_type=cls
training.mode=rollout
models.out_dim=10    avg_loss: 0.000000474422  time_per_window : 0.000173   progress : 0.371
name: models.architecture.block_type=cls
training.mode=rollout
models.out_dim=10    avg_loss: 0.000000379962  time_per_window : 0.000187   progress : 0.382
name: models.architecture.block_type=cls
training.mode=rollout
models.out_dim=10    avg_loss: 0.000000376632  time_per_window : 0.000164   progress : 0.393
name: models.architecture.block_type=cls
training.mode=rollout
models.out_dim=10    avg_loss: 0.000000456187  time_per_window : 0.000202   progress : 0.404
name: models.architecture.block_type=cls
training.mode=rollout
models.out_dim=10    avg_loss: 0.000000404777  time_per_window : 0.000201   progress : 0.415
name: models.architecture.block_type=cls
training.mode=rollout
models.out_dim=10    avg_loss: 0.000000452082  time_per_window : 0.000164   progress : 0.426
name: models.architecture.block_type=cls
training.mode=rollout
models.out_dim=10    avg_loss: 0.000000461719  time_per_window : 0.000198   progress : 0.437
name: models.architecture.block_type=cls
training.mode=rollout
models.out_dim=10    avg_loss: 0.000000480537  time_per_window : 0.000165   progress : 0.448
name: models.architecture.block_type=cls
training.mode=rollout
models.out_dim=10    avg_loss: 0.000000403051  time_per_window : 0.000190   progress : 0.459
name: models.architecture.block_type=cls
training.mode=rollout
models.out_dim=10    avg_loss: 0.000000443568  time_per_window : 0.000159   progress : 0.470
name: models.architecture.block_type=cls
training.mode=rollout
models.out_dim=10    avg_loss: 0.000000428328  time_per_window : 0.000156   progress : 0.481
name: models.architecture.block_type=cls
training.mode=rollout
models.out_dim=10    avg_loss: 0.000000405158  time_per_window : 0.000143   progress : 0.492
name: models.architecture.block_type=cls
training.mode=rollout
models.out_dim=10    avg_loss: 0.000000447193  time_per_window : 0.000169   progress : 0.502
name: models.architecture.block_type=cls
training.mode=rollout
models.out_dim=10    avg_loss: 0.000000428057  time_per_window : 0.000195   progress : 0.513
name: models.architecture.block_type=cls
training.mode=rollout
models.out_dim=10    avg_loss: 0.000000418697  time_per_window : 0.000201   progress : 0.524
name: models.architecture.block_type=cls
training.mode=rollout
models.out_dim=10    avg_loss: 0.000000442187  time_per_window : 0.000183   progress : 0.535
name: models.architecture.block_type=cls
training.mode=rollout
models.out_dim=10    avg_loss: 0.000000482222  time_per_window : 0.000190   progress : 0.546
name: models.architecture.block_type=cls
training.mode=rollout
models.out_dim=10    avg_loss: 0.000000461596  time_per_window : 0.000161   progress : 0.557
name: models.architecture.block_type=cls
training.mode=rollout
models.out_dim=10    avg_loss: 0.000000403035  time_per_window : 0.000203   progress : 0.568
name: models.architecture.block_type=cls
training.mode=rollout
models.out_dim=10    avg_loss: 0.000000384321  time_per_window : 0.000201   progress : 0.579
name: models.architecture.block_type=cls
training.mode=rollout
models.out_dim=10    avg_loss: 0.000000495883  time_per_window : 0.000195   progress : 0.590
name: models.architecture.block_type=cls
training.mode=rollout
models.out_dim=10    avg_loss: 0.000000429770  time_per_window : 0.000182   progress : 0.601
name: models.architecture.block_type=cls
training.mode=rollout
models.out_dim=10    avg_loss: 0.000000382681  time_per_window : 0.000198   progress : 0.612
name: models.architecture.block_type=cls
training.mode=rollout
models.out_dim=10    avg_loss: 0.000000424056  time_per_window : 0.000183   progress : 0.623
name: models.architecture.block_type=cls
training.mode=rollout
models.out_dim=10    avg_loss: 0.000000407032  time_per_window : 0.000161   progress : 0.634
name: models.architecture.block_type=cls
training.mode=rollout
models.out_dim=10    avg_loss: 0.000000431644  time_per_window : 0.000166   progress : 0.644
name: models.architecture.block_type=cls
training.mode=rollout
models.out_dim=10    avg_loss: 0.000000443436  time_per_window : 0.000170   progress : 0.655
name: models.architecture.block_type=cls
training.mode=rollout
models.out_dim=10    avg_loss: 0.000000410792  time_per_window : 0.000179   progress : 0.666
name: models.architecture.block_type=cls
training.mode=rollout
models.out_dim=10    avg_loss: 0.000000377562  time_per_window : 0.000153   progress : 0.677
name: models.architecture.block_type=cls
training.mode=rollout
models.out_dim=10    avg_loss: 0.000000439414  time_per_window : 0.000194   progress : 0.688
name: models.architecture.block_type=cls
training.mode=rollout
models.out_dim=10    avg_loss: 0.000000578535  time_per_window : 0.000180   progress : 0.699
name: models.architecture.block_type=cls
training.mode=rollout
models.out_dim=10    avg_loss: 0.000000483816  time_per_window : 0.000184   progress : 0.710
name: models.architecture.block_type=cls
training.mode=rollout
models.out_dim=10    avg_loss: 0.000000401431  time_per_window : 0.000222   progress : 0.721
name: models.architecture.block_type=cls
training.mode=rollout
models.out_dim=10    avg_loss: 0.000000414653  time_per_window : 0.000190   progress : 0.732
name: models.architecture.block_type=cls
training.mode=rollout
models.out_dim=10    avg_loss: 0.000000380851  time_per_window : 0.000205   progress : 0.743
name: models.architecture.block_type=cls
training.mode=rollout
models.out_dim=10    avg_loss: 0.000000340168  time_per_window : 0.000191   progress : 0.754
name: models.architecture.block_type=cls
training.mode=rollout
models.out_dim=10    avg_loss: 0.000000466924  time_per_window : 0.000186   progress : 0.765
name: models.architecture.block_type=cls
training.mode=rollout
models.out_dim=10    avg_loss: 0.000000431647  time_per_window : 0.000163   progress : 0.775
name: models.architecture.block_type=cls
training.mode=rollout
models.out_dim=10    avg_loss: 0.000000610271  time_per_window : 0.000177   progress : 0.786
name: models.architecture.block_type=cls
training.mode=rollout
models.out_dim=10    avg_loss: 0.000000388713  time_per_window : 0.000146   progress : 0.797
name: models.architecture.block_type=cls
training.mode=rollout
models.out_dim=10    avg_loss: 0.000000389686  time_per_window : 0.000157   progress : 0.808
name: models.architecture.block_type=cls
training.mode=rollout
models.out_dim=10    avg_loss: 0.000000414809  time_per_window : 0.000193   progress : 0.819
name: models.architecture.block_type=cls
training.mode=rollout
models.out_dim=10    avg_loss: 0.000000330765  time_per_window : 0.000183   progress : 0.830
name: models.architecture.block_type=cls
training.mode=rollout
models.out_dim=10    avg_loss: 0.000000413096  time_per_window : 0.000176   progress : 0.841
name: models.architecture.block_type=cls
training.mode=rollout
models.out_dim=10    avg_loss: 0.000000390920  time_per_window : 0.000189   progress : 0.852
name: models.architecture.block_type=cls
training.mode=rollout
models.out_dim=10    avg_loss: 0.000000474013  time_per_window : 0.000142   progress : 0.863
name: models.architecture.block_type=cls
training.mode=rollout
models.out_dim=10    avg_loss: 0.000000328642  time_per_window : 0.000151   progress : 0.874
name: models.architecture.block_type=cls
training.mode=rollout
models.out_dim=10    avg_loss: 0.000000332622  time_per_window : 0.000193   progress : 0.885
name: models.architecture.block_type=cls
training.mode=rollout
models.out_dim=10    avg_loss: 0.000000422731  time_per_window : 0.000196   progress : 0.896
name: models.architecture.block_type=cls
training.mode=rollout
models.out_dim=10    avg_loss: 0.000000373497  time_per_window : 0.000147   progress : 0.907
name: models.architecture.block_type=cls
training.mode=rollout
models.out_dim=10    avg_loss: 0.000000328101  time_per_window : 0.000160   progress : 0.917
name: models.architecture.block_type=cls
training.mode=rollout
models.out_dim=10    avg_loss: 0.000000352355  time_per_window : 0.000191   progress : 0.928
name: models.architecture.block_type=cls
training.mode=rollout
models.out_dim=10    avg_loss: 0.000000375238  time_per_window : 0.000193   progress : 0.939
name: models.architecture.block_type=cls
training.mode=rollout
models.out_dim=10    avg_loss: 0.000000417595  time_per_window : 0.000174   progress : 0.950
name: models.architecture.block_type=cls
training.mode=rollout
models.out_dim=10    avg_loss: 0.000000337539  time_per_window : 0.000167   progress : 0.961
name: models.architecture.block_type=cls
training.mode=rollout
models.out_dim=10    avg_loss: 0.000000416745  time_per_window : 0.000197   progress : 0.972
name: models.architecture.block_type=cls
training.mode=rollout
models.out_dim=10    avg_loss: 0.000000317428  time_per_window : 0.000186   progress : 0.983
name: models.architecture.block_type=cls
training.mode=rollout
models.out_dim=10    avg_loss: 0.000000333579  time_per_window : 0.000193   progress : 0.994
DONE!!!
