/home/jdihardjo/miniconda3/envs/mavenv/lib/python3.11/site-packages/hydra/_internal/defaults_list.py:251: UserWarning: In 'config': Defaults list is missing `_self_`. See https://hydra.cc/docs/1.2/upgrades/1.0_to_1.1/default_composition_order for more information
  warnings.warn(msg, UserWarning)
Using cuda:0 device
[2026-07-23 10:49:22,171][HYDRA] Joblib.Parallel(n_jobs=4,backend=loky,prefer=processes,require=None,verbose=0,timeout=None,pre_dispatch=2*n_jobs,batch_size=auto,temp_folder=None,max_nbytes=None,mmap_mode=r) is launching 1 jobs
[2026-07-23 10:49:22,171][HYDRA] Launching jobs, sweep output dir : ablation_runs/2026-07-23_10-49-16/simple_mamba_short_rollout
[2026-07-23 10:49:22,171][HYDRA] 	#0 : models.architecture.block_type=simple models.architecture.mamba_type=mamba training.mode=rollout training.rollout_steps=4
/home/jdihardjo/miniconda3/envs/mavenv/lib/python3.11/site-packages/hydra/_internal/defaults_list.py:251: UserWarning: In 'config': Defaults list is missing `_self_`. See https://hydra.cc/docs/1.2/upgrades/1.0_to_1.1/default_composition_order for more information
  warnings.warn(msg, UserWarning)
models:
  n_dim: 23
  out_dim: 10
  architecture:
    d_model: 128
    n_encoder_layers: 2
    n_decoder_layers: 0
    block_type: simple
    time_adapter: last_token
    in_norm: none
    out_norm: none
    layer_scale: 0.0001
    drop_path: 0.05
    mamba_type: mamba
    mamba_kwargs:
      d_state: 16
      d_conv: 2
      expand: 2
      norm: rms
    skip: false
    cls_kwargs:
      n_heads: 2
      n_mlp: 2
      positional_encoding: false
      max_len: 5000
input_len: 32
output_len: 1
batch_size: 128
epochs: 5
seed: 0
dataset:
  path: /home/jdihardjo/simdata/train.zarr/
  training_size: 1500000
evaluation:
  path: /home/jdihardjo/simdata/evaluation.zarr/
  evaluation_size: 50
training:
  mode: rollout
  lr: 0.0002
  weight_decay: 0.1
  rollout_steps: 4
checkpoint:
  save_path: hydra-test.pth
  load: false
  path: hydra-test.pth
compile: true

/home/jdihardjo/miniconda3/envs/mavenv/lib/python3.11/site-packages/torch/_dynamo/variables/functions.py:2311: UserWarning: Dynamo does not know how to trace the builtin `selective_scan_cuda.pybind11_detail_function_record_v1_system_libstdcpp_gxx_abi_1xxx_use_cxx11_abi_1.fwd.` This function is either a Python builtin (e.g. _warnings.warn) or a third-party C/C++ Python extension (perhaps created with pybind).
If it is a Python builtin, please file an issue on GitHub so the PyTorch team can add support for it and see the next case for a workaround.
If it is a third-party C/C++ Python extension, please either wrap it into a PyTorch-understood custom operator (see https://pytorch.org/tutorials/advanced/custom_ops_landing_page.html for more details) or, if it is traceable, use `torch.compiler.allow_in_graph`.
  torch._dynamo.utils.warn_once(explanation + "\n" + "\n".join(hints))
name: models.architecture.block_type=simple
models.architecture.mamba_type=mamba
training.mode=rollout
training.rollout_steps=4    avg_loss: 0.000115391333  time_per_window : 0.000181   progress : 0.011
name: models.architecture.block_type=simple
models.architecture.mamba_type=mamba
training.mode=rollout
training.rollout_steps=4    avg_loss: 0.000000279628  time_per_window : 0.000154   progress : 0.022
name: models.architecture.block_type=simple
models.architecture.mamba_type=mamba
training.mode=rollout
training.rollout_steps=4    avg_loss: 0.000000237492  time_per_window : 0.000191   progress : 0.033
name: models.architecture.block_type=simple
models.architecture.mamba_type=mamba
training.mode=rollout
training.rollout_steps=4    avg_loss: 0.000000222641  time_per_window : 0.000182   progress : 0.044
name: models.architecture.block_type=simple
models.architecture.mamba_type=mamba
training.mode=rollout
training.rollout_steps=4    avg_loss: 0.000000199565  time_per_window : 0.000200   progress : 0.055
name: models.architecture.block_type=simple
models.architecture.mamba_type=mamba
training.mode=rollout
training.rollout_steps=4    avg_loss: 0.000000186429  time_per_window : 0.000236   progress : 0.066
name: models.architecture.block_type=simple
models.architecture.mamba_type=mamba
training.mode=rollout
training.rollout_steps=4    avg_loss: 0.000000174214  time_per_window : 0.000233   progress : 0.076
name: models.architecture.block_type=simple
models.architecture.mamba_type=mamba
training.mode=rollout
training.rollout_steps=4    avg_loss: 0.000000167776  time_per_window : 0.000187   progress : 0.087
name: models.architecture.block_type=simple
models.architecture.mamba_type=mamba
training.mode=rollout
training.rollout_steps=4    avg_loss: 0.000000158087  time_per_window : 0.000188   progress : 0.098
name: models.architecture.block_type=simple
models.architecture.mamba_type=mamba
training.mode=rollout
training.rollout_steps=4    avg_loss: 0.000000157369  time_per_window : 0.000248   progress : 0.109
name: models.architecture.block_type=simple
models.architecture.mamba_type=mamba
training.mode=rollout
training.rollout_steps=4    avg_loss: 0.000000147781  time_per_window : 0.000261   progress : 0.120
name: models.architecture.block_type=simple
models.architecture.mamba_type=mamba
training.mode=rollout
training.rollout_steps=4    avg_loss: 0.000000143701  time_per_window : 0.000250   progress : 0.131
name: models.architecture.block_type=simple
models.architecture.mamba_type=mamba
training.mode=rollout
training.rollout_steps=4    avg_loss: 0.000000137758  time_per_window : 0.000226   progress : 0.142
name: models.architecture.block_type=simple
models.architecture.mamba_type=mamba
training.mode=rollout
training.rollout_steps=4    avg_loss: 0.000000126766  time_per_window : 0.000174   progress : 0.153
name: models.architecture.block_type=simple
models.architecture.mamba_type=mamba
training.mode=rollout
training.rollout_steps=4    avg_loss: 0.000000121650  time_per_window : 0.000246   progress : 0.164
name: models.architecture.block_type=simple
models.architecture.mamba_type=mamba
training.mode=rollout
training.rollout_steps=4    avg_loss: 0.000000109185  time_per_window : 0.000214   progress : 0.175
name: models.architecture.block_type=simple
models.architecture.mamba_type=mamba
training.mode=rollout
training.rollout_steps=4    avg_loss: 0.000000101198  time_per_window : 0.000262   progress : 0.186
name: models.architecture.block_type=simple
models.architecture.mamba_type=mamba
training.mode=rollout
training.rollout_steps=4    avg_loss: 0.000000090677  time_per_window : 0.000232   progress : 0.197
name: models.architecture.block_type=simple
models.architecture.mamba_type=mamba
training.mode=rollout
training.rollout_steps=4    avg_loss: 0.000000080292  time_per_window : 0.000160   progress : 0.208
name: models.architecture.block_type=simple
models.architecture.mamba_type=mamba
training.mode=rollout
training.rollout_steps=4    avg_loss: 0.000000067402  time_per_window : 0.000228   progress : 0.218
name: models.architecture.block_type=simple
models.architecture.mamba_type=mamba
training.mode=rollout
training.rollout_steps=4    avg_loss: 0.000000061396  time_per_window : 0.000222   progress : 0.229
name: models.architecture.block_type=simple
models.architecture.mamba_type=mamba
training.mode=rollout
training.rollout_steps=4    avg_loss: 0.000000056837  time_per_window : 0.000194   progress : 0.240
name: models.architecture.block_type=simple
models.architecture.mamba_type=mamba
training.mode=rollout
training.rollout_steps=4    avg_loss: 0.000000054308  time_per_window : 0.000199   progress : 0.251
name: models.architecture.block_type=simple
models.architecture.mamba_type=mamba
training.mode=rollout
training.rollout_steps=4    avg_loss: 0.000000049792  time_per_window : 0.000263   progress : 0.262
name: models.architecture.block_type=simple
models.architecture.mamba_type=mamba
training.mode=rollout
training.rollout_steps=4    avg_loss: 0.000000046507  time_per_window : 0.000226   progress : 0.273
name: models.architecture.block_type=simple
models.architecture.mamba_type=mamba
training.mode=rollout
training.rollout_steps=4    avg_loss: 0.000000047446  time_per_window : 0.000264   progress : 0.284
name: models.architecture.block_type=simple
models.architecture.mamba_type=mamba
training.mode=rollout
training.rollout_steps=4    avg_loss: 0.000000046015  time_per_window : 0.000248   progress : 0.295
name: models.architecture.block_type=simple
models.architecture.mamba_type=mamba
training.mode=rollout
training.rollout_steps=4    avg_loss: 0.000000041612  time_per_window : 0.000201   progress : 0.306
name: models.architecture.block_type=simple
models.architecture.mamba_type=mamba
training.mode=rollout
training.rollout_steps=4    avg_loss: 0.000000041121  time_per_window : 0.000195   progress : 0.317
name: models.architecture.block_type=simple
models.architecture.mamba_type=mamba
training.mode=rollout
training.rollout_steps=4    avg_loss: 0.000000043125  time_per_window : 0.000211   progress : 0.328
name: models.architecture.block_type=simple
models.architecture.mamba_type=mamba
training.mode=rollout
training.rollout_steps=4    avg_loss: 0.000000042422  time_per_window : 0.000251   progress : 0.339
name: models.architecture.block_type=simple
models.architecture.mamba_type=mamba
training.mode=rollout
training.rollout_steps=4    avg_loss: 0.000000040406  time_per_window : 0.000239   progress : 0.350
name: models.architecture.block_type=simple
models.architecture.mamba_type=mamba
training.mode=rollout
training.rollout_steps=4    avg_loss: 0.000000041827  time_per_window : 0.000267   progress : 0.360
name: models.architecture.block_type=simple
models.architecture.mamba_type=mamba
training.mode=rollout
training.rollout_steps=4    avg_loss: 0.000000039261  time_per_window : 0.000225   progress : 0.371
name: models.architecture.block_type=simple
models.architecture.mamba_type=mamba
training.mode=rollout
training.rollout_steps=4    avg_loss: 0.000000041666  time_per_window : 0.000166   progress : 0.382
name: models.architecture.block_type=simple
models.architecture.mamba_type=mamba
training.mode=rollout
training.rollout_steps=4    avg_loss: 0.000000045276  time_per_window : 0.000163   progress : 0.393
name: models.architecture.block_type=simple
models.architecture.mamba_type=mamba
training.mode=rollout
training.rollout_steps=4    avg_loss: 0.000000043962  time_per_window : 0.000235   progress : 0.404
name: models.architecture.block_type=simple
models.architecture.mamba_type=mamba
training.mode=rollout
training.rollout_steps=4    avg_loss: 0.000000042078  time_per_window : 0.000263   progress : 0.415
name: models.architecture.block_type=simple
models.architecture.mamba_type=mamba
training.mode=rollout
training.rollout_steps=4    avg_loss: 0.000000044260  time_per_window : 0.000230   progress : 0.426
name: models.architecture.block_type=simple
models.architecture.mamba_type=mamba
training.mode=rollout
training.rollout_steps=4    avg_loss: 0.000000047077  time_per_window : 0.000214   progress : 0.437
name: models.architecture.block_type=simple
models.architecture.mamba_type=mamba
training.mode=rollout
training.rollout_steps=4    avg_loss: 0.000000045216  time_per_window : 0.000263   progress : 0.448
name: models.architecture.block_type=simple
models.architecture.mamba_type=mamba
training.mode=rollout
training.rollout_steps=4    avg_loss: 0.000000045100  time_per_window : 0.000235   progress : 0.459
name: models.architecture.block_type=simple
models.architecture.mamba_type=mamba
training.mode=rollout
training.rollout_steps=4    avg_loss: 0.000000052763  time_per_window : 0.000238   progress : 0.470
name: models.architecture.block_type=simple
models.architecture.mamba_type=mamba
training.mode=rollout
training.rollout_steps=4    avg_loss: 0.000000046729  time_per_window : 0.000188   progress : 0.481
name: models.architecture.block_type=simple
models.architecture.mamba_type=mamba
training.mode=rollout
training.rollout_steps=4    avg_loss: 0.000000050179  time_per_window : 0.000227   progress : 0.492
name: models.architecture.block_type=simple
models.architecture.mamba_type=mamba
training.mode=rollout
training.rollout_steps=4    avg_loss: 0.000000054230  time_per_window : 0.000227   progress : 0.502
name: models.architecture.block_type=simple
models.architecture.mamba_type=mamba
training.mode=rollout
training.rollout_steps=4    avg_loss: 0.000000055320  time_per_window : 0.000171   progress : 0.513
name: models.architecture.block_type=simple
models.architecture.mamba_type=mamba
training.mode=rollout
training.rollout_steps=4    avg_loss: 0.000000047068  time_per_window : 0.000180   progress : 0.524
name: models.architecture.block_type=simple
models.architecture.mamba_type=mamba
training.mode=rollout
training.rollout_steps=4    avg_loss: 0.000000049066  time_per_window : 0.000211   progress : 0.535
name: models.architecture.block_type=simple
models.architecture.mamba_type=mamba
training.mode=rollout
training.rollout_steps=4    avg_loss: 0.000000043690  time_per_window : 0.000251   progress : 0.546
name: models.architecture.block_type=simple
models.architecture.mamba_type=mamba
training.mode=rollout
training.rollout_steps=4    avg_loss: 0.000000052986  time_per_window : 0.000238   progress : 0.557
name: models.architecture.block_type=simple
models.architecture.mamba_type=mamba
training.mode=rollout
training.rollout_steps=4    avg_loss: 0.000000046509  time_per_window : 0.000211   progress : 0.568
name: models.architecture.block_type=simple
models.architecture.mamba_type=mamba
training.mode=rollout
training.rollout_steps=4    avg_loss: 0.000000051231  time_per_window : 0.000231   progress : 0.579
name: models.architecture.block_type=simple
models.architecture.mamba_type=mamba
training.mode=rollout
training.rollout_steps=4    avg_loss: 0.000000045664  time_per_window : 0.000255   progress : 0.590
name: models.architecture.block_type=simple
models.architecture.mamba_type=mamba
training.mode=rollout
training.rollout_steps=4    avg_loss: 0.000000044323  time_per_window : 0.000204   progress : 0.601
name: models.architecture.block_type=simple
models.architecture.mamba_type=mamba
training.mode=rollout
training.rollout_steps=4    avg_loss: 0.000000041100  time_per_window : 0.000221   progress : 0.612
name: models.architecture.block_type=simple
models.architecture.mamba_type=mamba
training.mode=rollout
training.rollout_steps=4    avg_loss: 0.000000051028  time_per_window : 0.000198   progress : 0.623
name: models.architecture.block_type=simple
models.architecture.mamba_type=mamba
training.mode=rollout
training.rollout_steps=4    avg_loss: 0.000000046629  time_per_window : 0.000262   progress : 0.634
name: models.architecture.block_type=simple
models.architecture.mamba_type=mamba
training.mode=rollout
training.rollout_steps=4    avg_loss: 0.000000041920  time_per_window : 0.000264   progress : 0.644
name: models.architecture.block_type=simple
models.architecture.mamba_type=mamba
training.mode=rollout
training.rollout_steps=4    avg_loss: 0.000000045951  time_per_window : 0.000241   progress : 0.655
name: models.architecture.block_type=simple
models.architecture.mamba_type=mamba
training.mode=rollout
training.rollout_steps=4    avg_loss: 0.000000043909  time_per_window : 0.000230   progress : 0.666
name: models.architecture.block_type=simple
models.architecture.mamba_type=mamba
training.mode=rollout
training.rollout_steps=4    avg_loss: 0.000000041117  time_per_window : 0.000207   progress : 0.677
name: models.architecture.block_type=simple
models.architecture.mamba_type=mamba
training.mode=rollout
training.rollout_steps=4    avg_loss: 0.000000044189  time_per_window : 0.000262   progress : 0.688
name: models.architecture.block_type=simple
models.architecture.mamba_type=mamba
training.mode=rollout
training.rollout_steps=4    avg_loss: 0.000000045134  time_per_window : 0.000243   progress : 0.699
name: models.architecture.block_type=simple
models.architecture.mamba_type=mamba
training.mode=rollout
training.rollout_steps=4    avg_loss: 0.000000039830  time_per_window : 0.000241   progress : 0.710
name: models.architecture.block_type=simple
models.architecture.mamba_type=mamba
training.mode=rollout
training.rollout_steps=4    avg_loss: 0.000000042378  time_per_window : 0.000246   progress : 0.721
name: models.architecture.block_type=simple
models.architecture.mamba_type=mamba
training.mode=rollout
training.rollout_steps=4    avg_loss: 0.000000040707  time_per_window : 0.000197   progress : 0.732
name: models.architecture.block_type=simple
models.architecture.mamba_type=mamba
training.mode=rollout
training.rollout_steps=4    avg_loss: 0.000000039527  time_per_window : 0.000261   progress : 0.743
name: models.architecture.block_type=simple
models.architecture.mamba_type=mamba
training.mode=rollout
training.rollout_steps=4    avg_loss: 0.000000042995  time_per_window : 0.000232   progress : 0.754
name: models.architecture.block_type=simple
models.architecture.mamba_type=mamba
training.mode=rollout
training.rollout_steps=4    avg_loss: 0.000000038508  time_per_window : 0.000264   progress : 0.765
name: models.architecture.block_type=simple
models.architecture.mamba_type=mamba
training.mode=rollout
training.rollout_steps=4    avg_loss: 0.000000043477  time_per_window : 0.000218   progress : 0.775
name: models.architecture.block_type=simple
models.architecture.mamba_type=mamba
training.mode=rollout
training.rollout_steps=4    avg_loss: 0.000000034870  time_per_window : 0.000263   progress : 0.786
name: models.architecture.block_type=simple
models.architecture.mamba_type=mamba
training.mode=rollout
training.rollout_steps=4    avg_loss: 0.000000037542  time_per_window : 0.000168   progress : 0.797
name: models.architecture.block_type=simple
models.architecture.mamba_type=mamba
training.mode=rollout
training.rollout_steps=4    avg_loss: 0.000000037773  time_per_window : 0.000241   progress : 0.808
name: models.architecture.block_type=simple
models.architecture.mamba_type=mamba
training.mode=rollout
training.rollout_steps=4    avg_loss: 0.000000032911  time_per_window : 0.000189   progress : 0.819
name: models.architecture.block_type=simple
models.architecture.mamba_type=mamba
training.mode=rollout
training.rollout_steps=4    avg_loss: 0.000000040091  time_per_window : 0.000255   progress : 0.830
name: models.architecture.block_type=simple
models.architecture.mamba_type=mamba
training.mode=rollout
training.rollout_steps=4    avg_loss: 0.000000033550  time_per_window : 0.000158   progress : 0.841
name: models.architecture.block_type=simple
models.architecture.mamba_type=mamba
training.mode=rollout
training.rollout_steps=4    avg_loss: 0.000000038603  time_per_window : 0.000237   progress : 0.852
name: models.architecture.block_type=simple
models.architecture.mamba_type=mamba
training.mode=rollout
training.rollout_steps=4    avg_loss: 0.000000036295  time_per_window : 0.000251   progress : 0.863
name: models.architecture.block_type=simple
models.architecture.mamba_type=mamba
training.mode=rollout
training.rollout_steps=4    avg_loss: 0.000000035677  time_per_window : 0.000229   progress : 0.874
name: models.architecture.block_type=simple
models.architecture.mamba_type=mamba
training.mode=rollout
training.rollout_steps=4    avg_loss: 0.000000035829  time_per_window : 0.000222   progress : 0.885
name: models.architecture.block_type=simple
models.architecture.mamba_type=mamba
training.mode=rollout
training.rollout_steps=4    avg_loss: 0.000000032413  time_per_window : 0.000225   progress : 0.896
name: models.architecture.block_type=simple
models.architecture.mamba_type=mamba
training.mode=rollout
training.rollout_steps=4    avg_loss: 0.000000032812  time_per_window : 0.000260   progress : 0.907
name: models.architecture.block_type=simple
models.architecture.mamba_type=mamba
training.mode=rollout
training.rollout_steps=4    avg_loss: 0.000000037948  time_per_window : 0.000217   progress : 0.917
name: models.architecture.block_type=simple
models.architecture.mamba_type=mamba
training.mode=rollout
training.rollout_steps=4    avg_loss: 0.000000031410  time_per_window : 0.000239   progress : 0.928
name: models.architecture.block_type=simple
models.architecture.mamba_type=mamba
training.mode=rollout
training.rollout_steps=4    avg_loss: 0.000000033737  time_per_window : 0.000194   progress : 0.939
name: models.architecture.block_type=simple
models.architecture.mamba_type=mamba
training.mode=rollout
training.rollout_steps=4    avg_loss: 0.000000034113  time_per_window : 0.000193   progress : 0.950
name: models.architecture.block_type=simple
models.architecture.mamba_type=mamba
training.mode=rollout
training.rollout_steps=4    avg_loss: 0.000000034007  time_per_window : 0.000221   progress : 0.961
name: models.architecture.block_type=simple
models.architecture.mamba_type=mamba
training.mode=rollout
training.rollout_steps=4    avg_loss: 0.000000031022  time_per_window : 0.000240   progress : 0.972
name: models.architecture.block_type=simple
models.architecture.mamba_type=mamba
training.mode=rollout
training.rollout_steps=4    avg_loss: 0.000000032181  time_per_window : 0.000149   progress : 0.983
name: models.architecture.block_type=simple
models.architecture.mamba_type=mamba
training.mode=rollout
training.rollout_steps=4    avg_loss: 0.000000030278  time_per_window : 0.000263   progress : 0.994
name: models.architecture.block_type=simple
models.architecture.mamba_type=mamba
training.mode=rollout
training.rollout_steps=4    avg_loss: 0.000000039738  time_per_window : 0.000258   progress : 0.011
name: models.architecture.block_type=simple
models.architecture.mamba_type=mamba
training.mode=rollout
training.rollout_steps=4    avg_loss: 0.000000031922  time_per_window : 0.000186   progress : 0.022
name: models.architecture.block_type=simple
models.architecture.mamba_type=mamba
training.mode=rollout
training.rollout_steps=4    avg_loss: 0.000000032985  time_per_window : 0.000263   progress : 0.033
name: models.architecture.block_type=simple
models.architecture.mamba_type=mamba
training.mode=rollout
training.rollout_steps=4    avg_loss: 0.000000036009  time_per_window : 0.000211   progress : 0.044
name: models.architecture.block_type=simple
models.architecture.mamba_type=mamba
training.mode=rollout
training.rollout_steps=4    avg_loss: 0.000000035080  time_per_window : 0.000155   progress : 0.055
name: models.architecture.block_type=simple
models.architecture.mamba_type=mamba
training.mode=rollout
training.rollout_steps=4    avg_loss: 0.000000033297  time_per_window : 0.000200   progress : 0.066
name: models.architecture.block_type=simple
models.architecture.mamba_type=mamba
training.mode=rollout
training.rollout_steps=4    avg_loss: 0.000000029083  time_per_window : 0.000211   progress : 0.076
name: models.architecture.block_type=simple
models.architecture.mamba_type=mamba
training.mode=rollout
training.rollout_steps=4    avg_loss: 0.000000031123  time_per_window : 0.000225   progress : 0.087
name: models.architecture.block_type=simple
models.architecture.mamba_type=mamba
training.mode=rollout
training.rollout_steps=4    avg_loss: 0.000000033870  time_per_window : 0.000261   progress : 0.098
name: models.architecture.block_type=simple
models.architecture.mamba_type=mamba
training.mode=rollout
training.rollout_steps=4    avg_loss: 0.000000034356  time_per_window : 0.000162   progress : 0.109
name: models.architecture.block_type=simple
models.architecture.mamba_type=mamba
training.mode=rollout
training.rollout_steps=4    avg_loss: 0.000000032814  time_per_window : 0.000236   progress : 0.120
name: models.architecture.block_type=simple
models.architecture.mamba_type=mamba
training.mode=rollout
training.rollout_steps=4    avg_loss: 0.000000027911  time_per_window : 0.000164   progress : 0.131
name: models.architecture.block_type=simple
models.architecture.mamba_type=mamba
training.mode=rollout
training.rollout_steps=4    avg_loss: 0.000000026855  time_per_window : 0.000239   progress : 0.142
name: models.architecture.block_type=simple
models.architecture.mamba_type=mamba
training.mode=rollout
training.rollout_steps=4    avg_loss: 0.000000030935  time_per_window : 0.000265   progress : 0.153
name: models.architecture.block_type=simple
models.architecture.mamba_type=mamba
training.mode=rollout
training.rollout_steps=4    avg_loss: 0.000000026453  time_per_window : 0.000266   progress : 0.164
name: models.architecture.block_type=simple
models.architecture.mamba_type=mamba
training.mode=rollout
training.rollout_steps=4    avg_loss: 0.000000028070  time_per_window : 0.000254   progress : 0.175
name: models.architecture.block_type=simple
models.architecture.mamba_type=mamba
training.mode=rollout
training.rollout_steps=4    avg_loss: 0.000000026584  time_per_window : 0.000247   progress : 0.186
name: models.architecture.block_type=simple
models.architecture.mamba_type=mamba
training.mode=rollout
training.rollout_steps=4    avg_loss: 0.000000027180  time_per_window : 0.000208   progress : 0.197
name: models.architecture.block_type=simple
models.architecture.mamba_type=mamba
training.mode=rollout
training.rollout_steps=4    avg_loss: 0.000000026220  time_per_window : 0.000220   progress : 0.208
name: models.architecture.block_type=simple
models.architecture.mamba_type=mamba
training.mode=rollout
training.rollout_steps=4    avg_loss: 0.000000027617  time_per_window : 0.000228   progress : 0.218
name: models.architecture.block_type=simple
models.architecture.mamba_type=mamba
training.mode=rollout
training.rollout_steps=4    avg_loss: 0.000000023814  time_per_window : 0.000174   progress : 0.229
name: models.architecture.block_type=simple
models.architecture.mamba_type=mamba
training.mode=rollout
training.rollout_steps=4    avg_loss: 0.000000025643  time_per_window : 0.000233   progress : 0.240
name: models.architecture.block_type=simple
models.architecture.mamba_type=mamba
training.mode=rollout
training.rollout_steps=4    avg_loss: 0.000000025295  time_per_window : 0.000262   progress : 0.251
name: models.architecture.block_type=simple
models.architecture.mamba_type=mamba
training.mode=rollout
training.rollout_steps=4    avg_loss: 0.000000023995  time_per_window : 0.000204   progress : 0.262
name: models.architecture.block_type=simple
models.architecture.mamba_type=mamba
training.mode=rollout
training.rollout_steps=4    avg_loss: 0.000000024061  time_per_window : 0.000228   progress : 0.273
name: models.architecture.block_type=simple
models.architecture.mamba_type=mamba
training.mode=rollout
training.rollout_steps=4    avg_loss: 0.000000025985  time_per_window : 0.000254   progress : 0.284
name: models.architecture.block_type=simple
models.architecture.mamba_type=mamba
training.mode=rollout
training.rollout_steps=4    avg_loss: 0.000000021976  time_per_window : 0.000222   progress : 0.295
name: models.architecture.block_type=simple
models.architecture.mamba_type=mamba
training.mode=rollout
training.rollout_steps=4    avg_loss: 0.000000022692  time_per_window : 0.000177   progress : 0.306
name: models.architecture.block_type=simple
models.architecture.mamba_type=mamba
training.mode=rollout
training.rollout_steps=4    avg_loss: 0.000000023370  time_per_window : 0.000216   progress : 0.317
name: models.architecture.block_type=simple
models.architecture.mamba_type=mamba
training.mode=rollout
training.rollout_steps=4    avg_loss: 0.000000022692  time_per_window : 0.000227   progress : 0.328
name: models.architecture.block_type=simple
models.architecture.mamba_type=mamba
training.mode=rollout
training.rollout_steps=4    avg_loss: 0.000000025016  time_per_window : 0.000175   progress : 0.339
name: models.architecture.block_type=simple
models.architecture.mamba_type=mamba
training.mode=rollout
training.rollout_steps=4    avg_loss: 0.000000023393  time_per_window : 0.000258   progress : 0.350
name: models.architecture.block_type=simple
models.architecture.mamba_type=mamba
training.mode=rollout
training.rollout_steps=4    avg_loss: 0.000000021461  time_per_window : 0.000232   progress : 0.360
name: models.architecture.block_type=simple
models.architecture.mamba_type=mamba
training.mode=rollout
training.rollout_steps=4    avg_loss: 0.000000021435  time_per_window : 0.000244   progress : 0.371
name: models.architecture.block_type=simple
models.architecture.mamba_type=mamba
training.mode=rollout
training.rollout_steps=4    avg_loss: 0.000000021085  time_per_window : 0.000229   progress : 0.382
name: models.architecture.block_type=simple
models.architecture.mamba_type=mamba
training.mode=rollout
training.rollout_steps=4    avg_loss: 0.000000025230  time_per_window : 0.000234   progress : 0.393
name: models.architecture.block_type=simple
models.architecture.mamba_type=mamba
training.mode=rollout
training.rollout_steps=4    avg_loss: 0.000000021517  time_per_window : 0.000264   progress : 0.404
name: models.architecture.block_type=simple
models.architecture.mamba_type=mamba
training.mode=rollout
training.rollout_steps=4    avg_loss: 0.000000020819  time_per_window : 0.000221   progress : 0.415
name: models.architecture.block_type=simple
models.architecture.mamba_type=mamba
training.mode=rollout
training.rollout_steps=4    avg_loss: 0.000000020237  time_per_window : 0.000256   progress : 0.426
name: models.architecture.block_type=simple
models.architecture.mamba_type=mamba
training.mode=rollout
training.rollout_steps=4    avg_loss: 0.000000023361  time_per_window : 0.000215   progress : 0.437
name: models.architecture.block_type=simple
models.architecture.mamba_type=mamba
training.mode=rollout
training.rollout_steps=4    avg_loss: 0.000000020143  time_per_window : 0.000262   progress : 0.448
name: models.architecture.block_type=simple
models.architecture.mamba_type=mamba
training.mode=rollout
training.rollout_steps=4    avg_loss: 0.000000022632  time_per_window : 0.000234   progress : 0.459
name: models.architecture.block_type=simple
models.architecture.mamba_type=mamba
training.mode=rollout
training.rollout_steps=4    avg_loss: 0.000000020565  time_per_window : 0.000250   progress : 0.470
name: models.architecture.block_type=simple
models.architecture.mamba_type=mamba
training.mode=rollout
training.rollout_steps=4    avg_loss: 0.000000019789  time_per_window : 0.000199   progress : 0.481
name: models.architecture.block_type=simple
models.architecture.mamba_type=mamba
training.mode=rollout
training.rollout_steps=4    avg_loss: 0.000000020770  time_per_window : 0.000243   progress : 0.492
name: models.architecture.block_type=simple
models.architecture.mamba_type=mamba
training.mode=rollout
training.rollout_steps=4    avg_loss: 0.000000018101  time_per_window : 0.000243   progress : 0.502
name: models.architecture.block_type=simple
models.architecture.mamba_type=mamba
training.mode=rollout
training.rollout_steps=4    avg_loss: 0.000000022968  time_per_window : 0.000217   progress : 0.513
name: models.architecture.block_type=simple
models.architecture.mamba_type=mamba
training.mode=rollout
training.rollout_steps=4    avg_loss: 0.000000019744  time_per_window : 0.000220   progress : 0.524
name: models.architecture.block_type=simple
models.architecture.mamba_type=mamba
training.mode=rollout
training.rollout_steps=4    avg_loss: 0.000000021262  time_per_window : 0.000255   progress : 0.535
name: models.architecture.block_type=simple
models.architecture.mamba_type=mamba
training.mode=rollout
training.rollout_steps=4    avg_loss: 0.000000019700  time_per_window : 0.000230   progress : 0.546
name: models.architecture.block_type=simple
models.architecture.mamba_type=mamba
training.mode=rollout
training.rollout_steps=4    avg_loss: 0.000000018316  time_per_window : 0.000212   progress : 0.557
name: models.architecture.block_type=simple
models.architecture.mamba_type=mamba
training.mode=rollout
training.rollout_steps=4    avg_loss: 0.000000019640  time_per_window : 0.000193   progress : 0.568
name: models.architecture.block_type=simple
models.architecture.mamba_type=mamba
training.mode=rollout
training.rollout_steps=4    avg_loss: 0.000000018383  time_per_window : 0.000241   progress : 0.579
name: models.architecture.block_type=simple
models.architecture.mamba_type=mamba
training.mode=rollout
training.rollout_steps=4    avg_loss: 0.000000020237  time_per_window : 0.000245   progress : 0.590
name: models.architecture.block_type=simple
models.architecture.mamba_type=mamba
training.mode=rollout
training.rollout_steps=4    avg_loss: 0.000000019201  time_per_window : 0.000249   progress : 0.601
name: models.architecture.block_type=simple
models.architecture.mamba_type=mamba
training.mode=rollout
training.rollout_steps=4    avg_loss: 0.000000018829  time_per_window : 0.000262   progress : 0.612
name: models.architecture.block_type=simple
models.architecture.mamba_type=mamba
training.mode=rollout
training.rollout_steps=4    avg_loss: 0.000000018487  time_per_window : 0.000162   progress : 0.623
name: models.architecture.block_type=simple
models.architecture.mamba_type=mamba
training.mode=rollout
training.rollout_steps=4    avg_loss: 0.000000021582  time_per_window : 0.000259   progress : 0.634
name: models.architecture.block_type=simple
models.architecture.mamba_type=mamba
training.mode=rollout
training.rollout_steps=4    avg_loss: 0.000000019422  time_per_window : 0.000263   progress : 0.644
name: models.architecture.block_type=simple
models.architecture.mamba_type=mamba
training.mode=rollout
training.rollout_steps=4    avg_loss: 0.000000018746  time_per_window : 0.000205   progress : 0.655
name: models.architecture.block_type=simple
models.architecture.mamba_type=mamba
training.mode=rollout
training.rollout_steps=4    avg_loss: 0.000000018796  time_per_window : 0.000260   progress : 0.666
name: models.architecture.block_type=simple
models.architecture.mamba_type=mamba
training.mode=rollout
training.rollout_steps=4    avg_loss: 0.000000020321  time_per_window : 0.000205   progress : 0.677
name: models.architecture.block_type=simple
models.architecture.mamba_type=mamba
training.mode=rollout
training.rollout_steps=4    avg_loss: 0.000000018372  time_per_window : 0.000266   progress : 0.688
name: models.architecture.block_type=simple
models.architecture.mamba_type=mamba
training.mode=rollout
training.rollout_steps=4    avg_loss: 0.000000019703  time_per_window : 0.000207   progress : 0.699
name: models.architecture.block_type=simple
models.architecture.mamba_type=mamba
training.mode=rollout
training.rollout_steps=4    avg_loss: 0.000000017371  time_per_window : 0.000213   progress : 0.710
name: models.architecture.block_type=simple
models.architecture.mamba_type=mamba
training.mode=rollout
training.rollout_steps=4    avg_loss: 0.000000017518  time_per_window : 0.000189   progress : 0.721
name: models.architecture.block_type=simple
models.architecture.mamba_type=mamba
training.mode=rollout
training.rollout_steps=4    avg_loss: 0.000000018148  time_per_window : 0.000218   progress : 0.732
name: models.architecture.block_type=simple
models.architecture.mamba_type=mamba
training.mode=rollout
training.rollout_steps=4    avg_loss: 0.000000017746  time_per_window : 0.000254   progress : 0.743
name: models.architecture.block_type=simple
models.architecture.mamba_type=mamba
training.mode=rollout
training.rollout_steps=4    avg_loss: 0.000000018697  time_per_window : 0.000261   progress : 0.754
name: models.architecture.block_type=simple
models.architecture.mamba_type=mamba
training.mode=rollout
training.rollout_steps=4    avg_loss: 0.000000020213  time_per_window : 0.000264   progress : 0.765
name: models.architecture.block_type=simple
models.architecture.mamba_type=mamba
training.mode=rollout
training.rollout_steps=4    avg_loss: 0.000000018977  time_per_window : 0.000215   progress : 0.775
name: models.architecture.block_type=simple
models.architecture.mamba_type=mamba
training.mode=rollout
training.rollout_steps=4    avg_loss: 0.000000017055  time_per_window : 0.000184   progress : 0.786
name: models.architecture.block_type=simple
models.architecture.mamba_type=mamba
training.mode=rollout
training.rollout_steps=4    avg_loss: 0.000000016938  time_per_window : 0.000239   progress : 0.797
name: models.architecture.block_type=simple
models.architecture.mamba_type=mamba
training.mode=rollout
training.rollout_steps=4    avg_loss: 0.000000017482  time_per_window : 0.000263   progress : 0.808
name: models.architecture.block_type=simple
models.architecture.mamba_type=mamba
training.mode=rollout
training.rollout_steps=4    avg_loss: 0.000000016978  time_per_window : 0.000263   progress : 0.819
name: models.architecture.block_type=simple
models.architecture.mamba_type=mamba
training.mode=rollout
training.rollout_steps=4    avg_loss: 0.000000016909  time_per_window : 0.000236   progress : 0.830
name: models.architecture.block_type=simple
models.architecture.mamba_type=mamba
training.mode=rollout
training.rollout_steps=4    avg_loss: 0.000000017699  time_per_window : 0.000251   progress : 0.841
name: models.architecture.block_type=simple
models.architecture.mamba_type=mamba
training.mode=rollout
training.rollout_steps=4    avg_loss: 0.000000016294  time_per_window : 0.000233   progress : 0.852
name: models.architecture.block_type=simple
models.architecture.mamba_type=mamba
training.mode=rollout
training.rollout_steps=4    avg_loss: 0.000000018847  time_per_window : 0.000241   progress : 0.863
name: models.architecture.block_type=simple
models.architecture.mamba_type=mamba
training.mode=rollout
training.rollout_steps=4    avg_loss: 0.000000016606  time_per_window : 0.000224   progress : 0.874
name: models.architecture.block_type=simple
models.architecture.mamba_type=mamba
training.mode=rollout
training.rollout_steps=4    avg_loss: 0.000000017396  time_per_window : 0.000214   progress : 0.885
name: models.architecture.block_type=simple
models.architecture.mamba_type=mamba
training.mode=rollout
training.rollout_steps=4    avg_loss: 0.000000017320  time_per_window : 0.000231   progress : 0.896
name: models.architecture.block_type=simple
models.architecture.mamba_type=mamba
training.mode=rollout
training.rollout_steps=4    avg_loss: 0.000000017540  time_per_window : 0.000254   progress : 0.907
name: models.architecture.block_type=simple
models.architecture.mamba_type=mamba
training.mode=rollout
training.rollout_steps=4    avg_loss: 0.000000018371  time_per_window : 0.000241   progress : 0.917
name: models.architecture.block_type=simple
models.architecture.mamba_type=mamba
training.mode=rollout
training.rollout_steps=4    avg_loss: 0.000000016788  time_per_window : 0.000263   progress : 0.928
name: models.architecture.block_type=simple
models.architecture.mamba_type=mamba
training.mode=rollout
training.rollout_steps=4    avg_loss: 0.000000016429  time_per_window : 0.000247   progress : 0.939
name: models.architecture.block_type=simple
models.architecture.mamba_type=mamba
training.mode=rollout
training.rollout_steps=4    avg_loss: 0.000000017216  time_per_window : 0.000221   progress : 0.950
name: models.architecture.block_type=simple
models.architecture.mamba_type=mamba
training.mode=rollout
training.rollout_steps=4    avg_loss: 0.000000018094  time_per_window : 0.000188   progress : 0.961
name: models.architecture.block_type=simple
models.architecture.mamba_type=mamba
training.mode=rollout
training.rollout_steps=4    avg_loss: 0.000000017835  time_per_window : 0.000215   progress : 0.972
name: models.architecture.block_type=simple
models.architecture.mamba_type=mamba
training.mode=rollout
training.rollout_steps=4    avg_loss: 0.000000017019  time_per_window : 0.000202   progress : 0.983
name: models.architecture.block_type=simple
models.architecture.mamba_type=mamba
training.mode=rollout
training.rollout_steps=4    avg_loss: 0.000000017320  time_per_window : 0.000254   progress : 0.994
name: models.architecture.block_type=simple
models.architecture.mamba_type=mamba
training.mode=rollout
training.rollout_steps=4    avg_loss: 0.000000466307  time_per_window : 0.000170   progress : 0.011
name: models.architecture.block_type=simple
models.architecture.mamba_type=mamba
training.mode=rollout
training.rollout_steps=4    avg_loss: 0.000000162882  time_per_window : 0.000158   progress : 0.022
name: models.architecture.block_type=simple
models.architecture.mamba_type=mamba
training.mode=rollout
training.rollout_steps=4    avg_loss: 0.000000146305  time_per_window : 0.000245   progress : 0.033
name: models.architecture.block_type=simple
models.architecture.mamba_type=mamba
training.mode=rollout
training.rollout_steps=4    avg_loss: 0.000000073698  time_per_window : 0.000163   progress : 0.044
name: models.architecture.block_type=simple
models.architecture.mamba_type=mamba
training.mode=rollout
training.rollout_steps=4    avg_loss: 0.000000052077  time_per_window : 0.000198   progress : 0.055
name: models.architecture.block_type=simple
models.architecture.mamba_type=mamba
training.mode=rollout
training.rollout_steps=4    avg_loss: 0.000000040715  time_per_window : 0.000185   progress : 0.066
name: models.architecture.block_type=simple
models.architecture.mamba_type=mamba
training.mode=rollout
training.rollout_steps=4    avg_loss: 0.000000038059  time_per_window : 0.000228   progress : 0.076
name: models.architecture.block_type=simple
models.architecture.mamba_type=mamba
training.mode=rollout
training.rollout_steps=4    avg_loss: 0.000000031345  time_per_window : 0.000255   progress : 0.087
name: models.architecture.block_type=simple
models.architecture.mamba_type=mamba
training.mode=rollout
training.rollout_steps=4    avg_loss: 0.000000032346  time_per_window : 0.000253   progress : 0.098
name: models.architecture.block_type=simple
models.architecture.mamba_type=mamba
training.mode=rollout
training.rollout_steps=4    avg_loss: 0.000000025767  time_per_window : 0.000192   progress : 0.109
name: models.architecture.block_type=simple
models.architecture.mamba_type=mamba
training.mode=rollout
training.rollout_steps=4    avg_loss: 0.000000027352  time_per_window : 0.000263   progress : 0.120
name: models.architecture.block_type=simple
models.architecture.mamba_type=mamba
training.mode=rollout
training.rollout_steps=4    avg_loss: 0.000000028601  time_per_window : 0.000165   progress : 0.131
name: models.architecture.block_type=simple
models.architecture.mamba_type=mamba
training.mode=rollout
training.rollout_steps=4    avg_loss: 0.000000025531  time_per_window : 0.000203   progress : 0.142
name: models.architecture.block_type=simple
models.architecture.mamba_type=mamba
training.mode=rollout
training.rollout_steps=4    avg_loss: 0.000000026606  time_per_window : 0.000184   progress : 0.153
name: models.architecture.block_type=simple
models.architecture.mamba_type=mamba
training.mode=rollout
training.rollout_steps=4    avg_loss: 0.000000027729  time_per_window : 0.000179   progress : 0.164
name: models.architecture.block_type=simple
models.architecture.mamba_type=mamba
training.mode=rollout
training.rollout_steps=4    avg_loss: 0.000000025957  time_per_window : 0.000175   progress : 0.175
name: models.architecture.block_type=simple
models.architecture.mamba_type=mamba
training.mode=rollout
training.rollout_steps=4    avg_loss: 0.000000027289  time_per_window : 0.000199   progress : 0.186
name: models.architecture.block_type=simple
models.architecture.mamba_type=mamba
training.mode=rollout
training.rollout_steps=4    avg_loss: 0.000000024814  time_per_window : 0.000211   progress : 0.197
name: models.architecture.block_type=simple
models.architecture.mamba_type=mamba
training.mode=rollout
training.rollout_steps=4    avg_loss: 0.000000027742  time_per_window : 0.000240   progress : 0.208
name: models.architecture.block_type=simple
models.architecture.mamba_type=mamba
training.mode=rollout
training.rollout_steps=4    avg_loss: 0.000000026388  time_per_window : 0.000207   progress : 0.218
name: models.architecture.block_type=simple
models.architecture.mamba_type=mamba
training.mode=rollout
training.rollout_steps=4    avg_loss: 0.000000026076  time_per_window : 0.000276   progress : 0.229
name: models.architecture.block_type=simple
models.architecture.mamba_type=mamba
training.mode=rollout
training.rollout_steps=4    avg_loss: 0.000000026566  time_per_window : 0.000181   progress : 0.240
name: models.architecture.block_type=simple
models.architecture.mamba_type=mamba
training.mode=rollout
training.rollout_steps=4    avg_loss: 0.000000026351  time_per_window : 0.000254   progress : 0.251
name: models.architecture.block_type=simple
models.architecture.mamba_type=mamba
training.mode=rollout
training.rollout_steps=4    avg_loss: 0.000000026819  time_per_window : 0.000253   progress : 0.262
name: models.architecture.block_type=simple
models.architecture.mamba_type=mamba
training.mode=rollout
training.rollout_steps=4    avg_loss: 0.000000028026  time_per_window : 0.000192   progress : 0.273
name: models.architecture.block_type=simple
models.architecture.mamba_type=mamba
training.mode=rollout
training.rollout_steps=4    avg_loss: 0.000000026331  time_per_window : 0.000238   progress : 0.284
name: models.architecture.block_type=simple
models.architecture.mamba_type=mamba
training.mode=rollout
training.rollout_steps=4    avg_loss: 0.000000028093  time_per_window : 0.000252   progress : 0.295
name: models.architecture.block_type=simple
models.architecture.mamba_type=mamba
training.mode=rollout
training.rollout_steps=4    avg_loss: 0.000000027574  time_per_window : 0.000216   progress : 0.306
name: models.architecture.block_type=simple
models.architecture.mamba_type=mamba
training.mode=rollout
training.rollout_steps=4    avg_loss: 0.000000026067  time_per_window : 0.000257   progress : 0.317
name: models.architecture.block_type=simple
models.architecture.mamba_type=mamba
training.mode=rollout
training.rollout_steps=4    avg_loss: 0.000000031026  time_per_window : 0.000264   progress : 0.328
name: models.architecture.block_type=simple
models.architecture.mamba_type=mamba
training.mode=rollout
training.rollout_steps=4    avg_loss: 0.000000026613  time_per_window : 0.000223   progress : 0.339
name: models.architecture.block_type=simple
models.architecture.mamba_type=mamba
training.mode=rollout
training.rollout_steps=4    avg_loss: 0.000000028175  time_per_window : 0.000252   progress : 0.350
name: models.architecture.block_type=simple
models.architecture.mamba_type=mamba
training.mode=rollout
training.rollout_steps=4    avg_loss: 0.000000025683  time_per_window : 0.000233   progress : 0.360
name: models.architecture.block_type=simple
models.architecture.mamba_type=mamba
training.mode=rollout
training.rollout_steps=4    avg_loss: 0.000000028983  time_per_window : 0.000228   progress : 0.371
name: models.architecture.block_type=simple
models.architecture.mamba_type=mamba
training.mode=rollout
training.rollout_steps=4    avg_loss: 0.000000027686  time_per_window : 0.000241   progress : 0.382
name: models.architecture.block_type=simple
models.architecture.mamba_type=mamba
training.mode=rollout
training.rollout_steps=4    avg_loss: 0.000000029428  time_per_window : 0.000248   progress : 0.393
name: models.architecture.block_type=simple
models.architecture.mamba_type=mamba
training.mode=rollout
training.rollout_steps=4    avg_loss: 0.000000029895  time_per_window : 0.000204   progress : 0.404
name: models.architecture.block_type=simple
models.architecture.mamba_type=mamba
training.mode=rollout
training.rollout_steps=4    avg_loss: 0.000000025101  time_per_window : 0.000235   progress : 0.415
name: models.architecture.block_type=simple
models.architecture.mamba_type=mamba
training.mode=rollout
training.rollout_steps=4    avg_loss: 0.000000028523  time_per_window : 0.000196   progress : 0.426
name: models.architecture.block_type=simple
models.architecture.mamba_type=mamba
training.mode=rollout
training.rollout_steps=4    avg_loss: 0.000000026940  time_per_window : 0.000192   progress : 0.437
name: models.architecture.block_type=simple
models.architecture.mamba_type=mamba
training.mode=rollout
training.rollout_steps=4    avg_loss: 0.000000024554  time_per_window : 0.000233   progress : 0.448
name: models.architecture.block_type=simple
models.architecture.mamba_type=mamba
training.mode=rollout
training.rollout_steps=4    avg_loss: 0.000000026681  time_per_window : 0.000236   progress : 0.459
name: models.architecture.block_type=simple
models.architecture.mamba_type=mamba
training.mode=rollout
training.rollout_steps=4    avg_loss: 0.000000026301  time_per_window : 0.000249   progress : 0.470
name: models.architecture.block_type=simple
models.architecture.mamba_type=mamba
training.mode=rollout
training.rollout_steps=4    avg_loss: 0.000000024924  time_per_window : 0.000188   progress : 0.481
name: models.architecture.block_type=simple
models.architecture.mamba_type=mamba
training.mode=rollout
training.rollout_steps=4    avg_loss: 0.000000025807  time_per_window : 0.000214   progress : 0.492
name: models.architecture.block_type=simple
models.architecture.mamba_type=mamba
training.mode=rollout
training.rollout_steps=4    avg_loss: 0.000000025378  time_per_window : 0.000259   progress : 0.502
name: models.architecture.block_type=simple
models.architecture.mamba_type=mamba
training.mode=rollout
training.rollout_steps=4    avg_loss: 0.000000026586  time_per_window : 0.000241   progress : 0.513
name: models.architecture.block_type=simple
models.architecture.mamba_type=mamba
training.mode=rollout
training.rollout_steps=4    avg_loss: 0.000000024082  time_per_window : 0.000241   progress : 0.524
name: models.architecture.block_type=simple
models.architecture.mamba_type=mamba
training.mode=rollout
training.rollout_steps=4    avg_loss: 0.000000026486  time_per_window : 0.000210   progress : 0.535
name: models.architecture.block_type=simple
models.architecture.mamba_type=mamba
training.mode=rollout
training.rollout_steps=4    avg_loss: 0.000000025790  time_per_window : 0.000240   progress : 0.546
name: models.architecture.block_type=simple
models.architecture.mamba_type=mamba
training.mode=rollout
training.rollout_steps=4    avg_loss: 0.000000026910  time_per_window : 0.000233   progress : 0.557
name: models.architecture.block_type=simple
models.architecture.mamba_type=mamba
training.mode=rollout
training.rollout_steps=4    avg_loss: 0.000000026179  time_per_window : 0.000169   progress : 0.568
name: models.architecture.block_type=simple
models.architecture.mamba_type=mamba
training.mode=rollout
training.rollout_steps=4    avg_loss: 0.000000027293  time_per_window : 0.000179   progress : 0.579
name: models.architecture.block_type=simple
models.architecture.mamba_type=mamba
training.mode=rollout
training.rollout_steps=4    avg_loss: 0.000000026838  time_per_window : 0.000226   progress : 0.590
name: models.architecture.block_type=simple
models.architecture.mamba_type=mamba
training.mode=rollout
training.rollout_steps=4    avg_loss: 0.000000025817  time_per_window : 0.000186   progress : 0.601
name: models.architecture.block_type=simple
models.architecture.mamba_type=mamba
training.mode=rollout
training.rollout_steps=4    avg_loss: 0.000000024404  time_per_window : 0.000265   progress : 0.612
name: models.architecture.block_type=simple
models.architecture.mamba_type=mamba
training.mode=rollout
training.rollout_steps=4    avg_loss: 0.000000026660  time_per_window : 0.000285   progress : 0.623
name: models.architecture.block_type=simple
models.architecture.mamba_type=mamba
training.mode=rollout
training.rollout_steps=4    avg_loss: 0.000000027418  time_per_window : 0.000198   progress : 0.634
name: models.architecture.block_type=simple
models.architecture.mamba_type=mamba
training.mode=rollout
training.rollout_steps=4    avg_loss: 0.000000027861  time_per_window : 0.000264   progress : 0.644
name: models.architecture.block_type=simple
models.architecture.mamba_type=mamba
training.mode=rollout
training.rollout_steps=4    avg_loss: 0.000000026390  time_per_window : 0.000202   progress : 0.655
name: models.architecture.block_type=simple
models.architecture.mamba_type=mamba
training.mode=rollout
training.rollout_steps=4    avg_loss: 0.000000025639  time_per_window : 0.000164   progress : 0.666
name: models.architecture.block_type=simple
models.architecture.mamba_type=mamba
training.mode=rollout
training.rollout_steps=4    avg_loss: 0.000000026920  time_per_window : 0.000232   progress : 0.677
name: models.architecture.block_type=simple
models.architecture.mamba_type=mamba
training.mode=rollout
training.rollout_steps=4    avg_loss: 0.000000024021  time_per_window : 0.000196   progress : 0.688
name: models.architecture.block_type=simple
models.architecture.mamba_type=mamba
training.mode=rollout
training.rollout_steps=4    avg_loss: 0.000000025347  time_per_window : 0.000258   progress : 0.699
name: models.architecture.block_type=simple
models.architecture.mamba_type=mamba
training.mode=rollout
training.rollout_steps=4    avg_loss: 0.000000024726  time_per_window : 0.000213   progress : 0.710
name: models.architecture.block_type=simple
models.architecture.mamba_type=mamba
training.mode=rollout
training.rollout_steps=4    avg_loss: 0.000000023586  time_per_window : 0.000262   progress : 0.721
name: models.architecture.block_type=simple
models.architecture.mamba_type=mamba
training.mode=rollout
training.rollout_steps=4    avg_loss: 0.000000025530  time_per_window : 0.000255   progress : 0.732
name: models.architecture.block_type=simple
models.architecture.mamba_type=mamba
training.mode=rollout
training.rollout_steps=4    avg_loss: 0.000000023218  time_per_window : 0.000227   progress : 0.743
name: models.architecture.block_type=simple
models.architecture.mamba_type=mamba
training.mode=rollout
training.rollout_steps=4    avg_loss: 0.000000023395  time_per_window : 0.000257   progress : 0.754
name: models.architecture.block_type=simple
models.architecture.mamba_type=mamba
training.mode=rollout
training.rollout_steps=4    avg_loss: 0.000000024130  time_per_window : 0.000223   progress : 0.765
name: models.architecture.block_type=simple
models.architecture.mamba_type=mamba
training.mode=rollout
training.rollout_steps=4    avg_loss: 0.000000023806  time_per_window : 0.000184   progress : 0.775
name: models.architecture.block_type=simple
models.architecture.mamba_type=mamba
training.mode=rollout
training.rollout_steps=4    avg_loss: 0.000000024103  time_per_window : 0.000245   progress : 0.786
name: models.architecture.block_type=simple
models.architecture.mamba_type=mamba
training.mode=rollout
training.rollout_steps=4    avg_loss: 0.000000023525  time_per_window : 0.000257   progress : 0.797
name: models.architecture.block_type=simple
models.architecture.mamba_type=mamba
training.mode=rollout
training.rollout_steps=4    avg_loss: 0.000000025287  time_per_window : 0.000198   progress : 0.808
name: models.architecture.block_type=simple
models.architecture.mamba_type=mamba
training.mode=rollout
training.rollout_steps=4    avg_loss: 0.000000024257  time_per_window : 0.000189   progress : 0.819
name: models.architecture.block_type=simple
models.architecture.mamba_type=mamba
training.mode=rollout
training.rollout_steps=4    avg_loss: 0.000000022782  time_per_window : 0.000192   progress : 0.830
name: models.architecture.block_type=simple
models.architecture.mamba_type=mamba
training.mode=rollout
training.rollout_steps=4    avg_loss: 0.000000025079  time_per_window : 0.000236   progress : 0.841
name: models.architecture.block_type=simple
models.architecture.mamba_type=mamba
training.mode=rollout
training.rollout_steps=4    avg_loss: 0.000000024180  time_per_window : 0.000247   progress : 0.852
name: models.architecture.block_type=simple
models.architecture.mamba_type=mamba
training.mode=rollout
training.rollout_steps=4    avg_loss: 0.000000024115  time_per_window : 0.000170   progress : 0.863
name: models.architecture.block_type=simple
models.architecture.mamba_type=mamba
training.mode=rollout
training.rollout_steps=4    avg_loss: 0.000000022662  time_per_window : 0.000129   progress : 0.874
name: models.architecture.block_type=simple
models.architecture.mamba_type=mamba
training.mode=rollout
training.rollout_steps=4    avg_loss: 0.000000023989  time_per_window : 0.000148   progress : 0.885
name: models.architecture.block_type=simple
models.architecture.mamba_type=mamba
training.mode=rollout
training.rollout_steps=4    avg_loss: 0.000000022976  time_per_window : 0.000189   progress : 0.896
name: models.architecture.block_type=simple
models.architecture.mamba_type=mamba
training.mode=rollout
training.rollout_steps=4    avg_loss: 0.000000024332  time_per_window : 0.000187   progress : 0.907
name: models.architecture.block_type=simple
models.architecture.mamba_type=mamba
training.mode=rollout
training.rollout_steps=4    avg_loss: 0.000000023568  time_per_window : 0.000195   progress : 0.917
name: models.architecture.block_type=simple
models.architecture.mamba_type=mamba
training.mode=rollout
training.rollout_steps=4    avg_loss: 0.000000026159  time_per_window : 0.000152   progress : 0.928
name: models.architecture.block_type=simple
models.architecture.mamba_type=mamba
training.mode=rollout
training.rollout_steps=4    avg_loss: 0.000000024386  time_per_window : 0.000263   progress : 0.939
name: models.architecture.block_type=simple
models.architecture.mamba_type=mamba
training.mode=rollout
training.rollout_steps=4    avg_loss: 0.000000023406  time_per_window : 0.000201   progress : 0.950
name: models.architecture.block_type=simple
models.architecture.mamba_type=mamba
training.mode=rollout
training.rollout_steps=4    avg_loss: 0.000000023683  time_per_window : 0.000264   progress : 0.961
name: models.architecture.block_type=simple
models.architecture.mamba_type=mamba
training.mode=rollout
training.rollout_steps=4    avg_loss: 0.000000024150  time_per_window : 0.000242   progress : 0.972
name: models.architecture.block_type=simple
models.architecture.mamba_type=mamba
training.mode=rollout
training.rollout_steps=4    avg_loss: 0.000000023288  time_per_window : 0.000210   progress : 0.983
name: models.architecture.block_type=simple
models.architecture.mamba_type=mamba
training.mode=rollout
training.rollout_steps=4    avg_loss: 0.000000024034  time_per_window : 0.000230   progress : 0.994
name: models.architecture.block_type=simple
models.architecture.mamba_type=mamba
training.mode=rollout
training.rollout_steps=4    avg_loss: 0.000000419703  time_per_window : 0.000259   progress : 0.011
name: models.architecture.block_type=simple
models.architecture.mamba_type=mamba
training.mode=rollout
training.rollout_steps=4    avg_loss: 0.000000035868  time_per_window : 0.000194   progress : 0.022
name: models.architecture.block_type=simple
models.architecture.mamba_type=mamba
training.mode=rollout
training.rollout_steps=4    avg_loss: 0.000000033989  time_per_window : 0.000258   progress : 0.033
name: models.architecture.block_type=simple
models.architecture.mamba_type=mamba
training.mode=rollout
training.rollout_steps=4    avg_loss: 0.000000035362  time_per_window : 0.000242   progress : 0.044
name: models.architecture.block_type=simple
models.architecture.mamba_type=mamba
training.mode=rollout
training.rollout_steps=4    avg_loss: 0.000000034840  time_per_window : 0.000242   progress : 0.055
name: models.architecture.block_type=simple
models.architecture.mamba_type=mamba
training.mode=rollout
training.rollout_steps=4    avg_loss: 0.000000035192  time_per_window : 0.000236   progress : 0.066
name: models.architecture.block_type=simple
models.architecture.mamba_type=mamba
training.mode=rollout
training.rollout_steps=4    avg_loss: 0.000000037065  time_per_window : 0.000191   progress : 0.076
name: models.architecture.block_type=simple
models.architecture.mamba_type=mamba
training.mode=rollout
training.rollout_steps=4    avg_loss: 0.000000039385  time_per_window : 0.000177   progress : 0.087
name: models.architecture.block_type=simple
models.architecture.mamba_type=mamba
training.mode=rollout
training.rollout_steps=4    avg_loss: 0.000000032790  time_per_window : 0.000168   progress : 0.098
name: models.architecture.block_type=simple
models.architecture.mamba_type=mamba
training.mode=rollout
training.rollout_steps=4    avg_loss: 0.000000033832  time_per_window : 0.000219   progress : 0.109
name: models.architecture.block_type=simple
models.architecture.mamba_type=mamba
training.mode=rollout
training.rollout_steps=4    avg_loss: 0.000000034080  time_per_window : 0.000187   progress : 0.120
name: models.architecture.block_type=simple
models.architecture.mamba_type=mamba
training.mode=rollout
training.rollout_steps=4    avg_loss: 0.000000034103  time_per_window : 0.000178   progress : 0.131
name: models.architecture.block_type=simple
models.architecture.mamba_type=mamba
training.mode=rollout
training.rollout_steps=4    avg_loss: 0.000000036008  time_per_window : 0.000146   progress : 0.142
name: models.architecture.block_type=simple
models.architecture.mamba_type=mamba
training.mode=rollout
training.rollout_steps=4    avg_loss: 0.000000036744  time_per_window : 0.000212   progress : 0.153
name: models.architecture.block_type=simple
models.architecture.mamba_type=mamba
training.mode=rollout
training.rollout_steps=4    avg_loss: 0.000000034871  time_per_window : 0.000180   progress : 0.164
name: models.architecture.block_type=simple
models.architecture.mamba_type=mamba
training.mode=rollout
training.rollout_steps=4    avg_loss: 0.000000033541  time_per_window : 0.000166   progress : 0.175
name: models.architecture.block_type=simple
models.architecture.mamba_type=mamba
training.mode=rollout
training.rollout_steps=4    avg_loss: 0.000000036416  time_per_window : 0.000236   progress : 0.186
name: models.architecture.block_type=simple
models.architecture.mamba_type=mamba
training.mode=rollout
training.rollout_steps=4    avg_loss: 0.000000034362  time_per_window : 0.000264   progress : 0.197
name: models.architecture.block_type=simple
models.architecture.mamba_type=mamba
training.mode=rollout
training.rollout_steps=4    avg_loss: 0.000000034595  time_per_window : 0.000183   progress : 0.208
name: models.architecture.block_type=simple
models.architecture.mamba_type=mamba
training.mode=rollout
training.rollout_steps=4    avg_loss: 0.000000035911  time_per_window : 0.000258   progress : 0.218
name: models.architecture.block_type=simple
models.architecture.mamba_type=mamba
training.mode=rollout
training.rollout_steps=4    avg_loss: 0.000000036393  time_per_window : 0.000254   progress : 0.229
name: models.architecture.block_type=simple
models.architecture.mamba_type=mamba
training.mode=rollout
training.rollout_steps=4    avg_loss: 0.000000036475  time_per_window : 0.000240   progress : 0.240
name: models.architecture.block_type=simple
models.architecture.mamba_type=mamba
training.mode=rollout
training.rollout_steps=4    avg_loss: 0.000000036354  time_per_window : 0.000238   progress : 0.251
name: models.architecture.block_type=simple
models.architecture.mamba_type=mamba
training.mode=rollout
training.rollout_steps=4    avg_loss: 0.000000034248  time_per_window : 0.000219   progress : 0.262
name: models.architecture.block_type=simple
models.architecture.mamba_type=mamba
training.mode=rollout
training.rollout_steps=4    avg_loss: 0.000000037006  time_per_window : 0.000211   progress : 0.273
name: models.architecture.block_type=simple
models.architecture.mamba_type=mamba
training.mode=rollout
training.rollout_steps=4    avg_loss: 0.000000036726  time_per_window : 0.000259   progress : 0.284
name: models.architecture.block_type=simple
models.architecture.mamba_type=mamba
training.mode=rollout
training.rollout_steps=4    avg_loss: 0.000000035704  time_per_window : 0.000182   progress : 0.295
name: models.architecture.block_type=simple
models.architecture.mamba_type=mamba
training.mode=rollout
training.rollout_steps=4    avg_loss: 0.000000035143  time_per_window : 0.000215   progress : 0.306
name: models.architecture.block_type=simple
models.architecture.mamba_type=mamba
training.mode=rollout
training.rollout_steps=4    avg_loss: 0.000000036589  time_per_window : 0.000197   progress : 0.317
name: models.architecture.block_type=simple
models.architecture.mamba_type=mamba
training.mode=rollout
training.rollout_steps=4    avg_loss: 0.000000034779  time_per_window : 0.000187   progress : 0.328
name: models.architecture.block_type=simple
models.architecture.mamba_type=mamba
training.mode=rollout
training.rollout_steps=4    avg_loss: 0.000000036750  time_per_window : 0.000241   progress : 0.339
name: models.architecture.block_type=simple
models.architecture.mamba_type=mamba
training.mode=rollout
training.rollout_steps=4    avg_loss: 0.000000037648  time_per_window : 0.000245   progress : 0.350
name: models.architecture.block_type=simple
models.architecture.mamba_type=mamba
training.mode=rollout
training.rollout_steps=4    avg_loss: 0.000000035069  time_per_window : 0.000264   progress : 0.360
name: models.architecture.block_type=simple
models.architecture.mamba_type=mamba
training.mode=rollout
training.rollout_steps=4    avg_loss: 0.000000033012  time_per_window : 0.000240   progress : 0.371
name: models.architecture.block_type=simple
models.architecture.mamba_type=mamba
training.mode=rollout
training.rollout_steps=4    avg_loss: 0.000000037284  time_per_window : 0.000251   progress : 0.382
name: models.architecture.block_type=simple
models.architecture.mamba_type=mamba
training.mode=rollout
training.rollout_steps=4    avg_loss: 0.000000036994  time_per_window : 0.000250   progress : 0.393
name: models.architecture.block_type=simple
models.architecture.mamba_type=mamba
training.mode=rollout
training.rollout_steps=4    avg_loss: 0.000000037109  time_per_window : 0.000188   progress : 0.404
name: models.architecture.block_type=simple
models.architecture.mamba_type=mamba
training.mode=rollout
training.rollout_steps=4    avg_loss: 0.000000033565  time_per_window : 0.000226   progress : 0.415
name: models.architecture.block_type=simple
models.architecture.mamba_type=mamba
training.mode=rollout
training.rollout_steps=4    avg_loss: 0.000000035342  time_per_window : 0.000217   progress : 0.426
name: models.architecture.block_type=simple
models.architecture.mamba_type=mamba
training.mode=rollout
training.rollout_steps=4    avg_loss: 0.000000035484  time_per_window : 0.000231   progress : 0.437
name: models.architecture.block_type=simple
models.architecture.mamba_type=mamba
training.mode=rollout
training.rollout_steps=4    avg_loss: 0.000000035224  time_per_window : 0.000188   progress : 0.448
name: models.architecture.block_type=simple
models.architecture.mamba_type=mamba
training.mode=rollout
training.rollout_steps=4    avg_loss: 0.000000036546  time_per_window : 0.000248   progress : 0.459
name: models.architecture.block_type=simple
models.architecture.mamba_type=mamba
training.mode=rollout
training.rollout_steps=4    avg_loss: 0.000000123082  time_per_window : 0.000225   progress : 0.470
name: models.architecture.block_type=simple
models.architecture.mamba_type=mamba
training.mode=rollout
training.rollout_steps=4    avg_loss: 0.000000040377  time_per_window : 0.000255   progress : 0.481
name: models.architecture.block_type=simple
models.architecture.mamba_type=mamba
training.mode=rollout
training.rollout_steps=4    avg_loss: 0.000000032896  time_per_window : 0.000239   progress : 0.492
name: models.architecture.block_type=simple
models.architecture.mamba_type=mamba
training.mode=rollout
training.rollout_steps=4    avg_loss: 0.000000031684  time_per_window : 0.000197   progress : 0.502
name: models.architecture.block_type=simple
models.architecture.mamba_type=mamba
training.mode=rollout
training.rollout_steps=4    avg_loss: 0.000000032454  time_per_window : 0.000248   progress : 0.513
name: models.architecture.block_type=simple
models.architecture.mamba_type=mamba
training.mode=rollout
training.rollout_steps=4    avg_loss: 0.000000035093  time_per_window : 0.000245   progress : 0.524
name: models.architecture.block_type=simple
models.architecture.mamba_type=mamba
training.mode=rollout
training.rollout_steps=4    avg_loss: 0.000000033243  time_per_window : 0.000223   progress : 0.535
name: models.architecture.block_type=simple
models.architecture.mamba_type=mamba
training.mode=rollout
training.rollout_steps=4    avg_loss: 0.000000033109  time_per_window : 0.000266   progress : 0.546
name: models.architecture.block_type=simple
models.architecture.mamba_type=mamba
training.mode=rollout
training.rollout_steps=4    avg_loss: 0.000000033407  time_per_window : 0.000249   progress : 0.557
name: models.architecture.block_type=simple
models.architecture.mamba_type=mamba
training.mode=rollout
training.rollout_steps=4    avg_loss: 0.000000033155  time_per_window : 0.000204   progress : 0.568
name: models.architecture.block_type=simple
models.architecture.mamba_type=mamba
training.mode=rollout
training.rollout_steps=4    avg_loss: 0.000000034095  time_per_window : 0.000209   progress : 0.579
name: models.architecture.block_type=simple
models.architecture.mamba_type=mamba
training.mode=rollout
training.rollout_steps=4    avg_loss: 0.000000034073  time_per_window : 0.000217   progress : 0.590
name: models.architecture.block_type=simple
models.architecture.mamba_type=mamba
training.mode=rollout
training.rollout_steps=4    avg_loss: 0.000000034573  time_per_window : 0.000212   progress : 0.601
name: models.architecture.block_type=simple
models.architecture.mamba_type=mamba
training.mode=rollout
training.rollout_steps=4    avg_loss: 0.000000031837  time_per_window : 0.000168   progress : 0.612
name: models.architecture.block_type=simple
models.architecture.mamba_type=mamba
training.mode=rollout
training.rollout_steps=4    avg_loss: 0.000000034383  time_per_window : 0.000167   progress : 0.623
name: models.architecture.block_type=simple
models.architecture.mamba_type=mamba
training.mode=rollout
training.rollout_steps=4    avg_loss: 0.000000036182  time_per_window : 0.000264   progress : 0.634
name: models.architecture.block_type=simple
models.architecture.mamba_type=mamba
training.mode=rollout
training.rollout_steps=4    avg_loss: 0.000000036307  time_per_window : 0.000210   progress : 0.644
name: models.architecture.block_type=simple
models.architecture.mamba_type=mamba
training.mode=rollout
training.rollout_steps=4    avg_loss: 0.000000035038  time_per_window : 0.000177   progress : 0.655
name: models.architecture.block_type=simple
models.architecture.mamba_type=mamba
training.mode=rollout
training.rollout_steps=4    avg_loss: 0.000000033813  time_per_window : 0.000192   progress : 0.666
name: models.architecture.block_type=simple
models.architecture.mamba_type=mamba
training.mode=rollout
training.rollout_steps=4    avg_loss: 0.000000034610  time_per_window : 0.000170   progress : 0.677
name: models.architecture.block_type=simple
models.architecture.mamba_type=mamba
training.mode=rollout
training.rollout_steps=4    avg_loss: 0.000000034455  time_per_window : 0.000264   progress : 0.688
name: models.architecture.block_type=simple
models.architecture.mamba_type=mamba
training.mode=rollout
training.rollout_steps=4    avg_loss: 0.000000033221  time_per_window : 0.000230   progress : 0.699
name: models.architecture.block_type=simple
models.architecture.mamba_type=mamba
training.mode=rollout
training.rollout_steps=4    avg_loss: 0.000000035026  time_per_window : 0.000229   progress : 0.710
name: models.architecture.block_type=simple
models.architecture.mamba_type=mamba
training.mode=rollout
training.rollout_steps=4    avg_loss: 0.000000033829  time_per_window : 0.000170   progress : 0.721
name: models.architecture.block_type=simple
models.architecture.mamba_type=mamba
training.mode=rollout
training.rollout_steps=4    avg_loss: 0.000000033314  time_per_window : 0.000211   progress : 0.732
name: models.architecture.block_type=simple
models.architecture.mamba_type=mamba
training.mode=rollout
training.rollout_steps=4    avg_loss: 0.000000033849  time_per_window : 0.000224   progress : 0.743
name: models.architecture.block_type=simple
models.architecture.mamba_type=mamba
training.mode=rollout
training.rollout_steps=4    avg_loss: 0.000000035390  time_per_window : 0.000191   progress : 0.754
name: models.architecture.block_type=simple
models.architecture.mamba_type=mamba
training.mode=rollout
training.rollout_steps=4    avg_loss: 0.000000034093  time_per_window : 0.000266   progress : 0.765
name: models.architecture.block_type=simple
models.architecture.mamba_type=mamba
training.mode=rollout
training.rollout_steps=4    avg_loss: 0.000000034275  time_per_window : 0.000211   progress : 0.775
name: models.architecture.block_type=simple
models.architecture.mamba_type=mamba
training.mode=rollout
training.rollout_steps=4    avg_loss: 0.000000035848  time_per_window : 0.000200   progress : 0.786
name: models.architecture.block_type=simple
models.architecture.mamba_type=mamba
training.mode=rollout
training.rollout_steps=4    avg_loss: 0.000000035256  time_per_window : 0.000204   progress : 0.797
name: models.architecture.block_type=simple
models.architecture.mamba_type=mamba
training.mode=rollout
training.rollout_steps=4    avg_loss: 0.000000035183  time_per_window : 0.000252   progress : 0.808
name: models.architecture.block_type=simple
models.architecture.mamba_type=mamba
training.mode=rollout
training.rollout_steps=4    avg_loss: 0.000000033610  time_per_window : 0.000187   progress : 0.819
name: models.architecture.block_type=simple
models.architecture.mamba_type=mamba
training.mode=rollout
training.rollout_steps=4    avg_loss: 0.000000032998  time_per_window : 0.000197   progress : 0.830
name: models.architecture.block_type=simple
models.architecture.mamba_type=mamba
training.mode=rollout
training.rollout_steps=4    avg_loss: 0.000000035631  time_per_window : 0.000235   progress : 0.841
name: models.architecture.block_type=simple
models.architecture.mamba_type=mamba
training.mode=rollout
training.rollout_steps=4    avg_loss: 0.000000034201  time_per_window : 0.000230   progress : 0.852
name: models.architecture.block_type=simple
models.architecture.mamba_type=mamba
training.mode=rollout
training.rollout_steps=4    avg_loss: 0.000000033581  time_per_window : 0.000221   progress : 0.863
name: models.architecture.block_type=simple
models.architecture.mamba_type=mamba
training.mode=rollout
training.rollout_steps=4    avg_loss: 0.000000032897  time_per_window : 0.000232   progress : 0.874
name: models.architecture.block_type=simple
models.architecture.mamba_type=mamba
training.mode=rollout
training.rollout_steps=4    avg_loss: 0.000000039246  time_per_window : 0.000249   progress : 0.885
name: models.architecture.block_type=simple
models.architecture.mamba_type=mamba
training.mode=rollout
training.rollout_steps=4    avg_loss: 0.000000033680  time_per_window : 0.000204   progress : 0.896
name: models.architecture.block_type=simple
models.architecture.mamba_type=mamba
training.mode=rollout
training.rollout_steps=4    avg_loss: 0.000000032667  time_per_window : 0.000246   progress : 0.907
name: models.architecture.block_type=simple
models.architecture.mamba_type=mamba
training.mode=rollout
training.rollout_steps=4    avg_loss: 0.000000033750  time_per_window : 0.000249   progress : 0.917
name: models.architecture.block_type=simple
models.architecture.mamba_type=mamba
training.mode=rollout
training.rollout_steps=4    avg_loss: 0.000000034662  time_per_window : 0.000253   progress : 0.928
name: models.architecture.block_type=simple
models.architecture.mamba_type=mamba
training.mode=rollout
training.rollout_steps=4    avg_loss: 0.000000035061  time_per_window : 0.000218   progress : 0.939
name: models.architecture.block_type=simple
models.architecture.mamba_type=mamba
training.mode=rollout
training.rollout_steps=4    avg_loss: 0.000000031927  time_per_window : 0.000174   progress : 0.950
name: models.architecture.block_type=simple
models.architecture.mamba_type=mamba
training.mode=rollout
training.rollout_steps=4    avg_loss: 0.000000033983  time_per_window : 0.000253   progress : 0.961
name: models.architecture.block_type=simple
models.architecture.mamba_type=mamba
training.mode=rollout
training.rollout_steps=4    avg_loss: 0.000000036674  time_per_window : 0.000218   progress : 0.972
name: models.architecture.block_type=simple
models.architecture.mamba_type=mamba
training.mode=rollout
training.rollout_steps=4    avg_loss: 0.000000032638  time_per_window : 0.000231   progress : 0.983
name: models.architecture.block_type=simple
models.architecture.mamba_type=mamba
training.mode=rollout
training.rollout_steps=4    avg_loss: 0.000000035555  time_per_window : 0.000265   progress : 0.994
name: models.architecture.block_type=simple
models.architecture.mamba_type=mamba
training.mode=rollout
training.rollout_steps=4    avg_loss: 0.000000037212  time_per_window : 0.000273   progress : 0.011
name: models.architecture.block_type=simple
models.architecture.mamba_type=mamba
training.mode=rollout
training.rollout_steps=4    avg_loss: 0.000000034724  time_per_window : 0.000192   progress : 0.022
name: models.architecture.block_type=simple
models.architecture.mamba_type=mamba
training.mode=rollout
training.rollout_steps=4    avg_loss: 0.000000033622  time_per_window : 0.000256   progress : 0.033
name: models.architecture.block_type=simple
models.architecture.mamba_type=mamba
training.mode=rollout
training.rollout_steps=4    avg_loss: 0.000000034652  time_per_window : 0.000254   progress : 0.044
name: models.architecture.block_type=simple
models.architecture.mamba_type=mamba
training.mode=rollout
training.rollout_steps=4    avg_loss: 0.000000033367  time_per_window : 0.000246   progress : 0.055
name: models.architecture.block_type=simple
models.architecture.mamba_type=mamba
training.mode=rollout
training.rollout_steps=4    avg_loss: 0.000000039021  time_per_window : 0.000266   progress : 0.066
name: models.architecture.block_type=simple
models.architecture.mamba_type=mamba
training.mode=rollout
training.rollout_steps=4    avg_loss: 0.000000035872  time_per_window : 0.000254   progress : 0.076
name: models.architecture.block_type=simple
models.architecture.mamba_type=mamba
training.mode=rollout
training.rollout_steps=4    avg_loss: 0.000000057701  time_per_window : 0.000259   progress : 0.087
name: models.architecture.block_type=simple
models.architecture.mamba_type=mamba
training.mode=rollout
training.rollout_steps=4    avg_loss: 0.000000041008  time_per_window : 0.000223   progress : 0.098
name: models.architecture.block_type=simple
models.architecture.mamba_type=mamba
training.mode=rollout
training.rollout_steps=4    avg_loss: 0.000000032973  time_per_window : 0.000221   progress : 0.109
name: models.architecture.block_type=simple
models.architecture.mamba_type=mamba
training.mode=rollout
training.rollout_steps=4    avg_loss: 0.000000033044  time_per_window : 0.000178   progress : 0.120
name: models.architecture.block_type=simple
models.architecture.mamba_type=mamba
training.mode=rollout
training.rollout_steps=4    avg_loss: 0.000000032191  time_per_window : 0.000216   progress : 0.131
name: models.architecture.block_type=simple
models.architecture.mamba_type=mamba
training.mode=rollout
training.rollout_steps=4    avg_loss: 0.000000033415  time_per_window : 0.000195   progress : 0.142
name: models.architecture.block_type=simple
models.architecture.mamba_type=mamba
training.mode=rollout
training.rollout_steps=4    avg_loss: 0.000000033185  time_per_window : 0.000223   progress : 0.153
name: models.architecture.block_type=simple
models.architecture.mamba_type=mamba
training.mode=rollout
training.rollout_steps=4    avg_loss: 0.000000033088  time_per_window : 0.000253   progress : 0.164
name: models.architecture.block_type=simple
models.architecture.mamba_type=mamba
training.mode=rollout
training.rollout_steps=4    avg_loss: 0.000000032936  time_per_window : 0.000265   progress : 0.175
name: models.architecture.block_type=simple
models.architecture.mamba_type=mamba
training.mode=rollout
training.rollout_steps=4    avg_loss: 0.000000033518  time_per_window : 0.000243   progress : 0.186
name: models.architecture.block_type=simple
models.architecture.mamba_type=mamba
training.mode=rollout
training.rollout_steps=4    avg_loss: 0.000000033270  time_per_window : 0.000175   progress : 0.197
name: models.architecture.block_type=simple
models.architecture.mamba_type=mamba
training.mode=rollout
training.rollout_steps=4    avg_loss: 0.000000034855  time_per_window : 0.000209   progress : 0.208
name: models.architecture.block_type=simple
models.architecture.mamba_type=mamba
training.mode=rollout
training.rollout_steps=4    avg_loss: 0.000000034896  time_per_window : 0.000236   progress : 0.218
name: models.architecture.block_type=simple
models.architecture.mamba_type=mamba
training.mode=rollout
training.rollout_steps=4    avg_loss: 0.000000034343  time_per_window : 0.000204   progress : 0.229
name: models.architecture.block_type=simple
models.architecture.mamba_type=mamba
training.mode=rollout
training.rollout_steps=4    avg_loss: 0.000000033999  time_per_window : 0.000167   progress : 0.240
name: models.architecture.block_type=simple
models.architecture.mamba_type=mamba
training.mode=rollout
training.rollout_steps=4    avg_loss: 0.000000036392  time_per_window : 0.000249   progress : 0.251
name: models.architecture.block_type=simple
models.architecture.mamba_type=mamba
training.mode=rollout
training.rollout_steps=4    avg_loss: 0.000000035098  time_per_window : 0.000248   progress : 0.262
name: models.architecture.block_type=simple
models.architecture.mamba_type=mamba
training.mode=rollout
training.rollout_steps=4    avg_loss: 0.000000033269  time_per_window : 0.000264   progress : 0.273
name: models.architecture.block_type=simple
models.architecture.mamba_type=mamba
training.mode=rollout
training.rollout_steps=4    avg_loss: 0.000000033703  time_per_window : 0.000251   progress : 0.284
name: models.architecture.block_type=simple
models.architecture.mamba_type=mamba
training.mode=rollout
training.rollout_steps=4    avg_loss: 0.000000033873  time_per_window : 0.000211   progress : 0.295
name: models.architecture.block_type=simple
models.architecture.mamba_type=mamba
training.mode=rollout
training.rollout_steps=4    avg_loss: 0.000000033383  time_per_window : 0.000230   progress : 0.306
name: models.architecture.block_type=simple
models.architecture.mamba_type=mamba
training.mode=rollout
training.rollout_steps=4    avg_loss: 0.000000034044  time_per_window : 0.000163   progress : 0.317
name: models.architecture.block_type=simple
models.architecture.mamba_type=mamba
training.mode=rollout
training.rollout_steps=4    avg_loss: 0.000000034701  time_per_window : 0.000242   progress : 0.328
name: models.architecture.block_type=simple
models.architecture.mamba_type=mamba
training.mode=rollout
training.rollout_steps=4    avg_loss: 0.000000037810  time_per_window : 0.000242   progress : 0.339
name: models.architecture.block_type=simple
models.architecture.mamba_type=mamba
training.mode=rollout
training.rollout_steps=4    avg_loss: 0.000000035696  time_per_window : 0.000267   progress : 0.350
name: models.architecture.block_type=simple
models.architecture.mamba_type=mamba
training.mode=rollout
training.rollout_steps=4    avg_loss: 0.000000032033  time_per_window : 0.000231   progress : 0.360
name: models.architecture.block_type=simple
models.architecture.mamba_type=mamba
training.mode=rollout
training.rollout_steps=4    avg_loss: 0.000000032133  time_per_window : 0.000230   progress : 0.371
name: models.architecture.block_type=simple
models.architecture.mamba_type=mamba
training.mode=rollout
training.rollout_steps=4    avg_loss: 0.000000036421  time_per_window : 0.000225   progress : 0.382
name: models.architecture.block_type=simple
models.architecture.mamba_type=mamba
training.mode=rollout
training.rollout_steps=4    avg_loss: 0.000000035405  time_per_window : 0.000226   progress : 0.393
name: models.architecture.block_type=simple
models.architecture.mamba_type=mamba
training.mode=rollout
training.rollout_steps=4    avg_loss: 0.000000035900  time_per_window : 0.000231   progress : 0.404
name: models.architecture.block_type=simple
models.architecture.mamba_type=mamba
training.mode=rollout
training.rollout_steps=4    avg_loss: 0.000000032385  time_per_window : 0.000240   progress : 0.415
name: models.architecture.block_type=simple
models.architecture.mamba_type=mamba
training.mode=rollout
training.rollout_steps=4    avg_loss: 0.000000034542  time_per_window : 0.000248   progress : 0.426
name: models.architecture.block_type=simple
models.architecture.mamba_type=mamba
training.mode=rollout
training.rollout_steps=4    avg_loss: 0.000000035588  time_per_window : 0.000187   progress : 0.437
name: models.architecture.block_type=simple
models.architecture.mamba_type=mamba
training.mode=rollout
training.rollout_steps=4    avg_loss: 0.000000033397  time_per_window : 0.000220   progress : 0.448
name: models.architecture.block_type=simple
models.architecture.mamba_type=mamba
training.mode=rollout
training.rollout_steps=4    avg_loss: 0.000000032876  time_per_window : 0.000203   progress : 0.459
name: models.architecture.block_type=simple
models.architecture.mamba_type=mamba
training.mode=rollout
training.rollout_steps=4    avg_loss: 0.000000034615  time_per_window : 0.000199   progress : 0.470
name: models.architecture.block_type=simple
models.architecture.mamba_type=mamba
training.mode=rollout
training.rollout_steps=4    avg_loss: 0.000000035929  time_per_window : 0.000230   progress : 0.481
name: models.architecture.block_type=simple
models.architecture.mamba_type=mamba
training.mode=rollout
training.rollout_steps=4    avg_loss: 0.000000033548  time_per_window : 0.000209   progress : 0.492
name: models.architecture.block_type=simple
models.architecture.mamba_type=mamba
training.mode=rollout
training.rollout_steps=4    avg_loss: 0.000000032430  time_per_window : 0.000253   progress : 0.502
name: models.architecture.block_type=simple
models.architecture.mamba_type=mamba
training.mode=rollout
training.rollout_steps=4    avg_loss: 0.000000033717  time_per_window : 0.000252   progress : 0.513
name: models.architecture.block_type=simple
models.architecture.mamba_type=mamba
training.mode=rollout
training.rollout_steps=4    avg_loss: 0.000000036114  time_per_window : 0.000248   progress : 0.524
name: models.architecture.block_type=simple
models.architecture.mamba_type=mamba
training.mode=rollout
training.rollout_steps=4    avg_loss: 0.000000036550  time_per_window : 0.000159   progress : 0.535
name: models.architecture.block_type=simple
models.architecture.mamba_type=mamba
training.mode=rollout
training.rollout_steps=4    avg_loss: 0.000000032984  time_per_window : 0.000204   progress : 0.546
name: models.architecture.block_type=simple
models.architecture.mamba_type=mamba
training.mode=rollout
training.rollout_steps=4    avg_loss: 0.000000033148  time_per_window : 0.000257   progress : 0.557
name: models.architecture.block_type=simple
models.architecture.mamba_type=mamba
training.mode=rollout
training.rollout_steps=4    avg_loss: 0.000000033820  time_per_window : 0.000179   progress : 0.568
name: models.architecture.block_type=simple
models.architecture.mamba_type=mamba
training.mode=rollout
training.rollout_steps=4    avg_loss: 0.000000034375  time_per_window : 0.000242   progress : 0.579
name: models.architecture.block_type=simple
models.architecture.mamba_type=mamba
training.mode=rollout
training.rollout_steps=4    avg_loss: 0.000000033126  time_per_window : 0.000217   progress : 0.590
name: models.architecture.block_type=simple
models.architecture.mamba_type=mamba
training.mode=rollout
training.rollout_steps=4    avg_loss: 0.000000032882  time_per_window : 0.000239   progress : 0.601
name: models.architecture.block_type=simple
models.architecture.mamba_type=mamba
training.mode=rollout
training.rollout_steps=4    avg_loss: 0.000000032235  time_per_window : 0.000239   progress : 0.612
name: models.architecture.block_type=simple
models.architecture.mamba_type=mamba
training.mode=rollout
training.rollout_steps=4    avg_loss: 0.000000033218  time_per_window : 0.000170   progress : 0.623
name: models.architecture.block_type=simple
models.architecture.mamba_type=mamba
training.mode=rollout
training.rollout_steps=4    avg_loss: 0.000000034524  time_per_window : 0.000211   progress : 0.634
name: models.architecture.block_type=simple
models.architecture.mamba_type=mamba
training.mode=rollout
training.rollout_steps=4    avg_loss: 0.000000034203  time_per_window : 0.000171   progress : 0.644
name: models.architecture.block_type=simple
models.architecture.mamba_type=mamba
training.mode=rollout
training.rollout_steps=4    avg_loss: 0.000000037239  time_per_window : 0.000165   progress : 0.655
name: models.architecture.block_type=simple
models.architecture.mamba_type=mamba
training.mode=rollout
training.rollout_steps=4    avg_loss: 0.000000035139  time_per_window : 0.000234   progress : 0.666
name: models.architecture.block_type=simple
models.architecture.mamba_type=mamba
training.mode=rollout
training.rollout_steps=4    avg_loss: 0.000000032989  time_per_window : 0.000205   progress : 0.677
name: models.architecture.block_type=simple
models.architecture.mamba_type=mamba
training.mode=rollout
training.rollout_steps=4    avg_loss: 0.000000033045  time_per_window : 0.000211   progress : 0.688
name: models.architecture.block_type=simple
models.architecture.mamba_type=mamba
training.mode=rollout
training.rollout_steps=4    avg_loss: 0.000000035289  time_per_window : 0.000215   progress : 0.699
name: models.architecture.block_type=simple
models.architecture.mamba_type=mamba
training.mode=rollout
training.rollout_steps=4    avg_loss: 0.000000033792  time_per_window : 0.000210   progress : 0.710
name: models.architecture.block_type=simple
models.architecture.mamba_type=mamba
training.mode=rollout
training.rollout_steps=4    avg_loss: 0.000000033124  time_per_window : 0.000241   progress : 0.721
name: models.architecture.block_type=simple
models.architecture.mamba_type=mamba
training.mode=rollout
training.rollout_steps=4    avg_loss: 0.000000033781  time_per_window : 0.000194   progress : 0.732
name: models.architecture.block_type=simple
models.architecture.mamba_type=mamba
training.mode=rollout
training.rollout_steps=4    avg_loss: 0.000000032008  time_per_window : 0.000188   progress : 0.743
name: models.architecture.block_type=simple
models.architecture.mamba_type=mamba
training.mode=rollout
training.rollout_steps=4    avg_loss: 0.000000033582  time_per_window : 0.000266   progress : 0.754
name: models.architecture.block_type=simple
models.architecture.mamba_type=mamba
training.mode=rollout
training.rollout_steps=4    avg_loss: 0.000000034296  time_per_window : 0.000236   progress : 0.765
name: models.architecture.block_type=simple
models.architecture.mamba_type=mamba
training.mode=rollout
training.rollout_steps=4    avg_loss: 0.000000034315  time_per_window : 0.000232   progress : 0.775
name: models.architecture.block_type=simple
models.architecture.mamba_type=mamba
training.mode=rollout
training.rollout_steps=4    avg_loss: 0.000000035258  time_per_window : 0.000178   progress : 0.786
name: models.architecture.block_type=simple
models.architecture.mamba_type=mamba
training.mode=rollout
training.rollout_steps=4    avg_loss: 0.000000033905  time_per_window : 0.000236   progress : 0.797
name: models.architecture.block_type=simple
models.architecture.mamba_type=mamba
training.mode=rollout
training.rollout_steps=4    avg_loss: 0.000000034254  time_per_window : 0.000263   progress : 0.808
name: models.architecture.block_type=simple
models.architecture.mamba_type=mamba
training.mode=rollout
training.rollout_steps=4    avg_loss: 0.000000034357  time_per_window : 0.000180   progress : 0.819
name: models.architecture.block_type=simple
models.architecture.mamba_type=mamba
training.mode=rollout
training.rollout_steps=4    avg_loss: 0.000000033067  time_per_window : 0.000206   progress : 0.830
name: models.architecture.block_type=simple
models.architecture.mamba_type=mamba
training.mode=rollout
training.rollout_steps=4    avg_loss: 0.000000037318  time_per_window : 0.000244   progress : 0.841
name: models.architecture.block_type=simple
models.architecture.mamba_type=mamba
training.mode=rollout
training.rollout_steps=4    avg_loss: 0.000000033444  time_per_window : 0.000233   progress : 0.852
name: models.architecture.block_type=simple
models.architecture.mamba_type=mamba
training.mode=rollout
training.rollout_steps=4    avg_loss: 0.000000032657  time_per_window : 0.000173   progress : 0.863
name: models.architecture.block_type=simple
models.architecture.mamba_type=mamba
training.mode=rollout
training.rollout_steps=4    avg_loss: 0.000000032550  time_per_window : 0.000182   progress : 0.874
name: models.architecture.block_type=simple
models.architecture.mamba_type=mamba
training.mode=rollout
training.rollout_steps=4    avg_loss: 0.000000034846  time_per_window : 0.000218   progress : 0.885
name: models.architecture.block_type=simple
models.architecture.mamba_type=mamba
training.mode=rollout
training.rollout_steps=4    avg_loss: 0.000000032873  time_per_window : 0.000225   progress : 0.896
name: models.architecture.block_type=simple
models.architecture.mamba_type=mamba
training.mode=rollout
training.rollout_steps=4    avg_loss: 0.000000034541  time_per_window : 0.000250   progress : 0.907
name: models.architecture.block_type=simple
models.architecture.mamba_type=mamba
training.mode=rollout
training.rollout_steps=4    avg_loss: 0.000000034458  time_per_window : 0.000230   progress : 0.917
name: models.architecture.block_type=simple
models.architecture.mamba_type=mamba
training.mode=rollout
training.rollout_steps=4    avg_loss: 0.000000034040  time_per_window : 0.000188   progress : 0.928
name: models.architecture.block_type=simple
models.architecture.mamba_type=mamba
training.mode=rollout
training.rollout_steps=4    avg_loss: 0.000000032961  time_per_window : 0.000177   progress : 0.939
name: models.architecture.block_type=simple
models.architecture.mamba_type=mamba
training.mode=rollout
training.rollout_steps=4    avg_loss: 0.000000032736  time_per_window : 0.000226   progress : 0.950
name: models.architecture.block_type=simple
models.architecture.mamba_type=mamba
training.mode=rollout
training.rollout_steps=4    avg_loss: 0.000000032843  time_per_window : 0.000223   progress : 0.961
name: models.architecture.block_type=simple
models.architecture.mamba_type=mamba
training.mode=rollout
training.rollout_steps=4    avg_loss: 0.000000033043  time_per_window : 0.000262   progress : 0.972
name: models.architecture.block_type=simple
models.architecture.mamba_type=mamba
training.mode=rollout
training.rollout_steps=4    avg_loss: 0.000000032682  time_per_window : 0.000196   progress : 0.983
name: models.architecture.block_type=simple
models.architecture.mamba_type=mamba
training.mode=rollout
training.rollout_steps=4    avg_loss: 0.000000035335  time_per_window : 0.000192   progress : 0.994
DONE!!!
