/home/jdihardjo/miniconda3/envs/mavenv/lib/python3.11/site-packages/hydra/_internal/defaults_list.py:251: UserWarning: In 'config': Defaults list is missing `_self_`. See https://hydra.cc/docs/1.2/upgrades/1.0_to_1.1/default_composition_order for more information
  warnings.warn(msg, UserWarning)
Using cuda:0 device
[2026-07-23 11:24:49,268][HYDRA] Joblib.Parallel(n_jobs=4,backend=loky,prefer=processes,require=None,verbose=0,timeout=None,pre_dispatch=2*n_jobs,batch_size=auto,temp_folder=None,max_nbytes=None,mmap_mode=r) is launching 1 jobs
[2026-07-23 11:24:49,268][HYDRA] Launching jobs, sweep output dir : ablation_runs/2026-07-23_10-49-16/simple_mamba_out10
[2026-07-23 11:24:49,268][HYDRA] 	#0 : models.architecture.block_type=simple models.architecture.mamba_type=mamba training.mode=rollout models.out_dim=10
/home/jdihardjo/miniconda3/envs/mavenv/lib/python3.11/site-packages/hydra/_internal/defaults_list.py:251: UserWarning: In 'config': Defaults list is missing `_self_`. See https://hydra.cc/docs/1.2/upgrades/1.0_to_1.1/default_composition_order for more information
  warnings.warn(msg, UserWarning)
models:
  n_dim: 23
  out_dim: 10
  architecture:
    d_model: 128
    n_encoder_layers: 2
    n_decoder_layers: 0
    block_type: simple
    time_adapter: last_token
    in_norm: none
    out_norm: none
    layer_scale: 0.0001
    drop_path: 0.05
    mamba_type: mamba
    mamba_kwargs:
      d_state: 16
      d_conv: 2
      expand: 2
      norm: rms
    skip: false
    cls_kwargs:
      n_heads: 2
      n_mlp: 2
      positional_encoding: false
      max_len: 5000
input_len: 32
output_len: 1
batch_size: 128
epochs: 5
seed: 0
dataset:
  path: /home/jdihardjo/simdata/train.zarr/
  training_size: 1500000
evaluation:
  path: /home/jdihardjo/simdata/evaluation.zarr/
  evaluation_size: 50
training:
  mode: rollout
  lr: 0.0002
  weight_decay: 0.1
  rollout_steps: 16
checkpoint:
  save_path: hydra-test.pth
  load: false
  path: hydra-test.pth
compile: true

/home/jdihardjo/miniconda3/envs/mavenv/lib/python3.11/site-packages/torch/_dynamo/variables/functions.py:2311: UserWarning: Dynamo does not know how to trace the builtin `selective_scan_cuda.pybind11_detail_function_record_v1_system_libstdcpp_gxx_abi_1xxx_use_cxx11_abi_1.fwd.` This function is either a Python builtin (e.g. _warnings.warn) or a third-party C/C++ Python extension (perhaps created with pybind).
If it is a Python builtin, please file an issue on GitHub so the PyTorch team can add support for it and see the next case for a workaround.
If it is a third-party C/C++ Python extension, please either wrap it into a PyTorch-understood custom operator (see https://pytorch.org/tutorials/advanced/custom_ops_landing_page.html for more details) or, if it is traceable, use `torch.compiler.allow_in_graph`.
  torch._dynamo.utils.warn_once(explanation + "\n" + "\n".join(hints))
/home/jdihardjo/miniconda3/envs/mavenv/lib/python3.11/site-packages/torch/_inductor/cudagraph_trees.py:2622: UserWarning: Unable to hit fast path of CUDAGraphs because outputs from a previous step still require backward. Ensure backward() is invoked or detach outputs. You may also call torch.compiler.cudagraph_mark_step_begin() before each model invocation.
  warnings.warn(
name: models.architecture.block_type=simple
models.architecture.mamba_type=mamba
training.mode=rollout
models.out_dim=10    avg_loss: 0.000126117462  time_per_window : 0.000714   progress : 0.011
name: models.architecture.block_type=simple
models.architecture.mamba_type=mamba
training.mode=rollout
models.out_dim=10    avg_loss: 0.000000227939  time_per_window : 0.000815   progress : 0.022
name: models.architecture.block_type=simple
models.architecture.mamba_type=mamba
training.mode=rollout
models.out_dim=10    avg_loss: 0.000000203432  time_per_window : 0.000831   progress : 0.033
name: models.architecture.block_type=simple
models.architecture.mamba_type=mamba
training.mode=rollout
models.out_dim=10    avg_loss: 0.000000190631  time_per_window : 0.000690   progress : 0.044
name: models.architecture.block_type=simple
models.architecture.mamba_type=mamba
training.mode=rollout
models.out_dim=10    avg_loss: 0.000000174326  time_per_window : 0.000732   progress : 0.055
name: models.architecture.block_type=simple
models.architecture.mamba_type=mamba
training.mode=rollout
models.out_dim=10    avg_loss: 0.000000166208  time_per_window : 0.000792   progress : 0.066
name: models.architecture.block_type=simple
models.architecture.mamba_type=mamba
training.mode=rollout
models.out_dim=10    avg_loss: 0.000000157405  time_per_window : 0.000816   progress : 0.076
name: models.architecture.block_type=simple
models.architecture.mamba_type=mamba
training.mode=rollout
models.out_dim=10    avg_loss: 0.000000149986  time_per_window : 0.000846   progress : 0.087
name: models.architecture.block_type=simple
models.architecture.mamba_type=mamba
training.mode=rollout
models.out_dim=10    avg_loss: 0.000000143835  time_per_window : 0.000877   progress : 0.098
name: models.architecture.block_type=simple
models.architecture.mamba_type=mamba
training.mode=rollout
models.out_dim=10    avg_loss: 0.000000143516  time_per_window : 0.000678   progress : 0.109
name: models.architecture.block_type=simple
models.architecture.mamba_type=mamba
training.mode=rollout
models.out_dim=10    avg_loss: 0.000000134584  time_per_window : 0.000620   progress : 0.120
name: models.architecture.block_type=simple
models.architecture.mamba_type=mamba
training.mode=rollout
models.out_dim=10    avg_loss: 0.000000128680  time_per_window : 0.000613   progress : 0.131
name: models.architecture.block_type=simple
models.architecture.mamba_type=mamba
training.mode=rollout
models.out_dim=10    avg_loss: 0.000000124405  time_per_window : 0.000683   progress : 0.142
name: models.architecture.block_type=simple
models.architecture.mamba_type=mamba
training.mode=rollout
models.out_dim=10    avg_loss: 0.000000116117  time_per_window : 0.000846   progress : 0.153
name: models.architecture.block_type=simple
models.architecture.mamba_type=mamba
training.mode=rollout
models.out_dim=10    avg_loss: 0.000000106307  time_per_window : 0.000835   progress : 0.164
name: models.architecture.block_type=simple
models.architecture.mamba_type=mamba
training.mode=rollout
models.out_dim=10    avg_loss: 0.000000085260  time_per_window : 0.000854   progress : 0.175
name: models.architecture.block_type=simple
models.architecture.mamba_type=mamba
training.mode=rollout
models.out_dim=10    avg_loss: 0.000000068769  time_per_window : 0.000826   progress : 0.186
name: models.architecture.block_type=simple
models.architecture.mamba_type=mamba
training.mode=rollout
models.out_dim=10    avg_loss: 0.000000059822  time_per_window : 0.000812   progress : 0.197
name: models.architecture.block_type=simple
models.architecture.mamba_type=mamba
training.mode=rollout
models.out_dim=10    avg_loss: 0.000000052849  time_per_window : 0.000768   progress : 0.208
name: models.architecture.block_type=simple
models.architecture.mamba_type=mamba
training.mode=rollout
models.out_dim=10    avg_loss: 0.000000049255  time_per_window : 0.000873   progress : 0.218
name: models.architecture.block_type=simple
models.architecture.mamba_type=mamba
training.mode=rollout
models.out_dim=10    avg_loss: 0.000000046531  time_per_window : 0.000857   progress : 0.229
name: models.architecture.block_type=simple
models.architecture.mamba_type=mamba
training.mode=rollout
models.out_dim=10    avg_loss: 0.000000045190  time_per_window : 0.000823   progress : 0.240
name: models.architecture.block_type=simple
models.architecture.mamba_type=mamba
training.mode=rollout
models.out_dim=10    avg_loss: 0.000000043906  time_per_window : 0.000854   progress : 0.251
name: models.architecture.block_type=simple
models.architecture.mamba_type=mamba
training.mode=rollout
models.out_dim=10    avg_loss: 0.000000040076  time_per_window : 0.000820   progress : 0.262
name: models.architecture.block_type=simple
models.architecture.mamba_type=mamba
training.mode=rollout
models.out_dim=10    avg_loss: 0.000000039047  time_per_window : 0.000796   progress : 0.273
name: models.architecture.block_type=simple
models.architecture.mamba_type=mamba
training.mode=rollout
models.out_dim=10    avg_loss: 0.000000039237  time_per_window : 0.000821   progress : 0.284
name: models.architecture.block_type=simple
models.architecture.mamba_type=mamba
training.mode=rollout
models.out_dim=10    avg_loss: 0.000000038480  time_per_window : 0.000813   progress : 0.295
name: models.architecture.block_type=simple
models.architecture.mamba_type=mamba
training.mode=rollout
models.out_dim=10    avg_loss: 0.000000036408  time_per_window : 0.000541   progress : 0.306
name: models.architecture.block_type=simple
models.architecture.mamba_type=mamba
training.mode=rollout
models.out_dim=10    avg_loss: 0.000000036863  time_per_window : 0.000826   progress : 0.317
name: models.architecture.block_type=simple
models.architecture.mamba_type=mamba
training.mode=rollout
models.out_dim=10    avg_loss: 0.000000037653  time_per_window : 0.000721   progress : 0.328
name: models.architecture.block_type=simple
models.architecture.mamba_type=mamba
training.mode=rollout
models.out_dim=10    avg_loss: 0.000000039935  time_per_window : 0.000834   progress : 0.339
name: models.architecture.block_type=simple
models.architecture.mamba_type=mamba
training.mode=rollout
models.out_dim=10    avg_loss: 0.000000037453  time_per_window : 0.000838   progress : 0.350
name: models.architecture.block_type=simple
models.architecture.mamba_type=mamba
training.mode=rollout
models.out_dim=10    avg_loss: 0.000000035615  time_per_window : 0.000796   progress : 0.360
name: models.architecture.block_type=simple
models.architecture.mamba_type=mamba
training.mode=rollout
models.out_dim=10    avg_loss: 0.000000039766  time_per_window : 0.000786   progress : 0.371
name: models.architecture.block_type=simple
models.architecture.mamba_type=mamba
training.mode=rollout
models.out_dim=10    avg_loss: 0.000000037109  time_per_window : 0.000718   progress : 0.382
name: models.architecture.block_type=simple
models.architecture.mamba_type=mamba
training.mode=rollout
models.out_dim=10    avg_loss: 0.000000042539  time_per_window : 0.000825   progress : 0.393
name: models.architecture.block_type=simple
models.architecture.mamba_type=mamba
training.mode=rollout
models.out_dim=10    avg_loss: 0.000000043769  time_per_window : 0.000873   progress : 0.404
name: models.architecture.block_type=simple
models.architecture.mamba_type=mamba
training.mode=rollout
models.out_dim=10    avg_loss: 0.000000045407  time_per_window : 0.000618   progress : 0.415
name: models.architecture.block_type=simple
models.architecture.mamba_type=mamba
training.mode=rollout
models.out_dim=10    avg_loss: 0.000000041253  time_per_window : 0.000890   progress : 0.426
name: models.architecture.block_type=simple
models.architecture.mamba_type=mamba
training.mode=rollout
models.out_dim=10    avg_loss: 0.000000041883  time_per_window : 0.000880   progress : 0.437
name: models.architecture.block_type=simple
models.architecture.mamba_type=mamba
training.mode=rollout
models.out_dim=10    avg_loss: 0.000000042097  time_per_window : 0.000780   progress : 0.448
name: models.architecture.block_type=simple
models.architecture.mamba_type=mamba
training.mode=rollout
models.out_dim=10    avg_loss: 0.000000039488  time_per_window : 0.000873   progress : 0.459
name: models.architecture.block_type=simple
models.architecture.mamba_type=mamba
training.mode=rollout
models.out_dim=10    avg_loss: 0.000000047853  time_per_window : 0.000837   progress : 0.470
name: models.architecture.block_type=simple
models.architecture.mamba_type=mamba
training.mode=rollout
models.out_dim=10    avg_loss: 0.000000043712  time_per_window : 0.000854   progress : 0.481
name: models.architecture.block_type=simple
models.architecture.mamba_type=mamba
training.mode=rollout
models.out_dim=10    avg_loss: 0.000000040002  time_per_window : 0.000796   progress : 0.492
name: models.architecture.block_type=simple
models.architecture.mamba_type=mamba
training.mode=rollout
models.out_dim=10    avg_loss: 0.000000046419  time_per_window : 0.000839   progress : 0.502
name: models.architecture.block_type=simple
models.architecture.mamba_type=mamba
training.mode=rollout
models.out_dim=10    avg_loss: 0.000000050522  time_per_window : 0.000794   progress : 0.513
name: models.architecture.block_type=simple
models.architecture.mamba_type=mamba
training.mode=rollout
models.out_dim=10    avg_loss: 0.000000039492  time_per_window : 0.000835   progress : 0.524
name: models.architecture.block_type=simple
models.architecture.mamba_type=mamba
training.mode=rollout
models.out_dim=10    avg_loss: 0.000000038147  time_per_window : 0.000840   progress : 0.535
name: models.architecture.block_type=simple
models.architecture.mamba_type=mamba
training.mode=rollout
models.out_dim=10    avg_loss: 0.000000043281  time_per_window : 0.000860   progress : 0.546
name: models.architecture.block_type=simple
models.architecture.mamba_type=mamba
training.mode=rollout
models.out_dim=10    avg_loss: 0.000000043969  time_per_window : 0.000865   progress : 0.557
name: models.architecture.block_type=simple
models.architecture.mamba_type=mamba
training.mode=rollout
models.out_dim=10    avg_loss: 0.000000043792  time_per_window : 0.000803   progress : 0.568
name: models.architecture.block_type=simple
models.architecture.mamba_type=mamba
training.mode=rollout
models.out_dim=10    avg_loss: 0.000000046894  time_per_window : 0.000626   progress : 0.579
name: models.architecture.block_type=simple
models.architecture.mamba_type=mamba
training.mode=rollout
models.out_dim=10    avg_loss: 0.000000039450  time_per_window : 0.000849   progress : 0.590
name: models.architecture.block_type=simple
models.architecture.mamba_type=mamba
training.mode=rollout
models.out_dim=10    avg_loss: 0.000000041150  time_per_window : 0.000812   progress : 0.601
name: models.architecture.block_type=simple
models.architecture.mamba_type=mamba
training.mode=rollout
models.out_dim=10    avg_loss: 0.000000037847  time_per_window : 0.000840   progress : 0.612
name: models.architecture.block_type=simple
models.architecture.mamba_type=mamba
training.mode=rollout
models.out_dim=10    avg_loss: 0.000000042484  time_per_window : 0.000808   progress : 0.623
name: models.architecture.block_type=simple
models.architecture.mamba_type=mamba
training.mode=rollout
models.out_dim=10    avg_loss: 0.000000042521  time_per_window : 0.000876   progress : 0.634
name: models.architecture.block_type=simple
models.architecture.mamba_type=mamba
training.mode=rollout
models.out_dim=10    avg_loss: 0.000000042101  time_per_window : 0.000823   progress : 0.644
name: models.architecture.block_type=simple
models.architecture.mamba_type=mamba
training.mode=rollout
models.out_dim=10    avg_loss: 0.000000037409  time_per_window : 0.000854   progress : 0.655
name: models.architecture.block_type=simple
models.architecture.mamba_type=mamba
training.mode=rollout
models.out_dim=10    avg_loss: 0.000000040511  time_per_window : 0.000832   progress : 0.666
name: models.architecture.block_type=simple
models.architecture.mamba_type=mamba
training.mode=rollout
models.out_dim=10    avg_loss: 0.000000040055  time_per_window : 0.000866   progress : 0.677
name: models.architecture.block_type=simple
models.architecture.mamba_type=mamba
training.mode=rollout
models.out_dim=10    avg_loss: 0.000000039710  time_per_window : 0.000856   progress : 0.688
name: models.architecture.block_type=simple
models.architecture.mamba_type=mamba
training.mode=rollout
models.out_dim=10    avg_loss: 0.000000042645  time_per_window : 0.000822   progress : 0.699
name: models.architecture.block_type=simple
models.architecture.mamba_type=mamba
training.mode=rollout
models.out_dim=10    avg_loss: 0.000000037211  time_per_window : 0.000864   progress : 0.710
name: models.architecture.block_type=simple
models.architecture.mamba_type=mamba
training.mode=rollout
models.out_dim=10    avg_loss: 0.000000034843  time_per_window : 0.000712   progress : 0.721
name: models.architecture.block_type=simple
models.architecture.mamba_type=mamba
training.mode=rollout
models.out_dim=10    avg_loss: 0.000000039918  time_per_window : 0.000849   progress : 0.732
name: models.architecture.block_type=simple
models.architecture.mamba_type=mamba
training.mode=rollout
models.out_dim=10    avg_loss: 0.000000039217  time_per_window : 0.000827   progress : 0.743
name: models.architecture.block_type=simple
models.architecture.mamba_type=mamba
training.mode=rollout
models.out_dim=10    avg_loss: 0.000000035876  time_per_window : 0.000864   progress : 0.754
name: models.architecture.block_type=simple
models.architecture.mamba_type=mamba
training.mode=rollout
models.out_dim=10    avg_loss: 0.000000036408  time_per_window : 0.000804   progress : 0.765
name: models.architecture.block_type=simple
models.architecture.mamba_type=mamba
training.mode=rollout
models.out_dim=10    avg_loss: 0.000000037658  time_per_window : 0.000711   progress : 0.775
name: models.architecture.block_type=simple
models.architecture.mamba_type=mamba
training.mode=rollout
models.out_dim=10    avg_loss: 0.000000034294  time_per_window : 0.000734   progress : 0.786
name: models.architecture.block_type=simple
models.architecture.mamba_type=mamba
training.mode=rollout
models.out_dim=10    avg_loss: 0.000000036510  time_per_window : 0.000849   progress : 0.797
name: models.architecture.block_type=simple
models.architecture.mamba_type=mamba
training.mode=rollout
models.out_dim=10    avg_loss: 0.000000032224  time_per_window : 0.000736   progress : 0.808
name: models.architecture.block_type=simple
models.architecture.mamba_type=mamba
training.mode=rollout
models.out_dim=10    avg_loss: 0.000000033305  time_per_window : 0.000812   progress : 0.819
name: models.architecture.block_type=simple
models.architecture.mamba_type=mamba
training.mode=rollout
models.out_dim=10    avg_loss: 0.000000034885  time_per_window : 0.000826   progress : 0.830
name: models.architecture.block_type=simple
models.architecture.mamba_type=mamba
training.mode=rollout
models.out_dim=10    avg_loss: 0.000000029786  time_per_window : 0.000879   progress : 0.841
name: models.architecture.block_type=simple
models.architecture.mamba_type=mamba
training.mode=rollout
models.out_dim=10    avg_loss: 0.000000035049  time_per_window : 0.000838   progress : 0.852
name: models.architecture.block_type=simple
models.architecture.mamba_type=mamba
training.mode=rollout
models.out_dim=10    avg_loss: 0.000000035350  time_per_window : 0.000690   progress : 0.863
name: models.architecture.block_type=simple
models.architecture.mamba_type=mamba
training.mode=rollout
models.out_dim=10    avg_loss: 0.000000035008  time_per_window : 0.000802   progress : 0.874
name: models.architecture.block_type=simple
models.architecture.mamba_type=mamba
training.mode=rollout
models.out_dim=10    avg_loss: 0.000000035374  time_per_window : 0.000703   progress : 0.885
name: models.architecture.block_type=simple
models.architecture.mamba_type=mamba
training.mode=rollout
models.out_dim=10    avg_loss: 0.000000029704  time_per_window : 0.000792   progress : 0.896
name: models.architecture.block_type=simple
models.architecture.mamba_type=mamba
training.mode=rollout
models.out_dim=10    avg_loss: 0.000000029613  time_per_window : 0.000827   progress : 0.907
name: models.architecture.block_type=simple
models.architecture.mamba_type=mamba
training.mode=rollout
models.out_dim=10    avg_loss: 0.000000036653  time_per_window : 0.000748   progress : 0.917/home/jdihardjo/miniconda3/envs/mavenv/lib/python3.11/site-packages/torch/_inductor/cudagraph_trees.py:2622: UserWarning: Unable to hit fast path of CUDAGraphs because outputs from a previous step still require backward. Ensure backward() is invoked or detach outputs. You may also call torch.compiler.cudagraph_mark_step_begin() before each model invocation.
  warnings.warn(
/home/jdihardjo/miniconda3/envs/mavenv/lib/python3.11/site-packages/torch/_inductor/cudagraph_trees.py:2622: UserWarning: Unable to hit fast path of CUDAGraphs because outputs from a previous step still require backward. Ensure backward() is invoked or detach outputs. You may also call torch.compiler.cudagraph_mark_step_begin() before each model invocation.
  warnings.warn(

name: models.architecture.block_type=simple
models.architecture.mamba_type=mamba
training.mode=rollout
models.out_dim=10    avg_loss: 0.000000030891  time_per_window : 0.000810   progress : 0.928
name: models.architecture.block_type=simple
models.architecture.mamba_type=mamba
training.mode=rollout
models.out_dim=10    avg_loss: 0.000000032712  time_per_window : 0.000745   progress : 0.939
name: models.architecture.block_type=simple
models.architecture.mamba_type=mamba
training.mode=rollout
models.out_dim=10    avg_loss: 0.000000030136  time_per_window : 0.000825   progress : 0.950
name: models.architecture.block_type=simple
models.architecture.mamba_type=mamba
training.mode=rollout
models.out_dim=10    avg_loss: 0.000000031683  time_per_window : 0.000824   progress : 0.961
name: models.architecture.block_type=simple
models.architecture.mamba_type=mamba
training.mode=rollout
models.out_dim=10    avg_loss: 0.000000027092  time_per_window : 0.000821   progress : 0.972
name: models.architecture.block_type=simple
models.architecture.mamba_type=mamba
training.mode=rollout
models.out_dim=10    avg_loss: 0.000000031124  time_per_window : 0.000806   progress : 0.983
name: models.architecture.block_type=simple
models.architecture.mamba_type=mamba
training.mode=rollout
models.out_dim=10    avg_loss: 0.000000031821  time_per_window : 0.000789   progress : 0.994
name: models.architecture.block_type=simple
models.architecture.mamba_type=mamba
training.mode=rollout
models.out_dim=10    avg_loss: 0.000000036122  time_per_window : 0.000865   progress : 0.011
name: models.architecture.block_type=simple
models.architecture.mamba_type=mamba
training.mode=rollout
models.out_dim=10    avg_loss: 0.000000035228  time_per_window : 0.000882   progress : 0.022
name: models.architecture.block_type=simple
models.architecture.mamba_type=mamba
training.mode=rollout
models.out_dim=10    avg_loss: 0.000000032861  time_per_window : 0.000872   progress : 0.033
name: models.architecture.block_type=simple
models.architecture.mamba_type=mamba
training.mode=rollout
models.out_dim=10    avg_loss: 0.000000035816  time_per_window : 0.000930   progress : 0.044
name: models.architecture.block_type=simple
models.architecture.mamba_type=mamba
training.mode=rollout
models.out_dim=10    avg_loss: 0.000000034559  time_per_window : 0.000926   progress : 0.055
name: models.architecture.block_type=simple
models.architecture.mamba_type=mamba
training.mode=rollout
models.out_dim=10    avg_loss: 0.000000029984  time_per_window : 0.000867   progress : 0.066
name: models.architecture.block_type=simple
models.architecture.mamba_type=mamba
training.mode=rollout
models.out_dim=10    avg_loss: 0.000000028791  time_per_window : 0.000864   progress : 0.076
name: models.architecture.block_type=simple
models.architecture.mamba_type=mamba
training.mode=rollout
models.out_dim=10    avg_loss: 0.000000029599  time_per_window : 0.000736   progress : 0.087
name: models.architecture.block_type=simple
models.architecture.mamba_type=mamba
training.mode=rollout
models.out_dim=10    avg_loss: 0.000000035747  time_per_window : 0.000886   progress : 0.098
name: models.architecture.block_type=simple
models.architecture.mamba_type=mamba
training.mode=rollout
models.out_dim=10    avg_loss: 0.000000028857  time_per_window : 0.000878   progress : 0.109
name: models.architecture.block_type=simple
models.architecture.mamba_type=mamba
training.mode=rollout
models.out_dim=10    avg_loss: 0.000000029392  time_per_window : 0.000913   progress : 0.120
name: models.architecture.block_type=simple
models.architecture.mamba_type=mamba
training.mode=rollout
models.out_dim=10    avg_loss: 0.000000027427  time_per_window : 0.000895   progress : 0.131
name: models.architecture.block_type=simple
models.architecture.mamba_type=mamba
training.mode=rollout
models.out_dim=10    avg_loss: 0.000000029384  time_per_window : 0.000901   progress : 0.142
name: models.architecture.block_type=simple
models.architecture.mamba_type=mamba
training.mode=rollout
models.out_dim=10    avg_loss: 0.000000031231  time_per_window : 0.000904   progress : 0.153
name: models.architecture.block_type=simple
models.architecture.mamba_type=mamba
training.mode=rollout
models.out_dim=10    avg_loss: 0.000000026994  time_per_window : 0.000826   progress : 0.164
name: models.architecture.block_type=simple
models.architecture.mamba_type=mamba
training.mode=rollout
models.out_dim=10    avg_loss: 0.000000029819  time_per_window : 0.000870   progress : 0.175
name: models.architecture.block_type=simple
models.architecture.mamba_type=mamba
training.mode=rollout
models.out_dim=10    avg_loss: 0.000000024544  time_per_window : 0.000867   progress : 0.186
name: models.architecture.block_type=simple
models.architecture.mamba_type=mamba
training.mode=rollout
models.out_dim=10    avg_loss: 0.000000029359  time_per_window : 0.000857   progress : 0.197
name: models.architecture.block_type=simple
models.architecture.mamba_type=mamba
training.mode=rollout
models.out_dim=10    avg_loss: 0.000000024889  time_per_window : 0.000877   progress : 0.208
name: models.architecture.block_type=simple
models.architecture.mamba_type=mamba
training.mode=rollout
models.out_dim=10    avg_loss: 0.000000025935  time_per_window : 0.000887   progress : 0.218
name: models.architecture.block_type=simple
models.architecture.mamba_type=mamba
training.mode=rollout
models.out_dim=10    avg_loss: 0.000000025233  time_per_window : 0.000885   progress : 0.229
name: models.architecture.block_type=simple
models.architecture.mamba_type=mamba
training.mode=rollout
models.out_dim=10    avg_loss: 0.000000023533  time_per_window : 0.000889   progress : 0.240
name: models.architecture.block_type=simple
models.architecture.mamba_type=mamba
training.mode=rollout
models.out_dim=10    avg_loss: 0.000000024848  time_per_window : 0.000910   progress : 0.251
name: models.architecture.block_type=simple
models.architecture.mamba_type=mamba
training.mode=rollout
models.out_dim=10    avg_loss: 0.000000022738  time_per_window : 0.000908   progress : 0.262
name: models.architecture.block_type=simple
models.architecture.mamba_type=mamba
training.mode=rollout
models.out_dim=10    avg_loss: 0.000000020768  time_per_window : 0.000885   progress : 0.273
name: models.architecture.block_type=simple
models.architecture.mamba_type=mamba
training.mode=rollout
models.out_dim=10    avg_loss: 0.000000022597  time_per_window : 0.000899   progress : 0.284
name: models.architecture.block_type=simple
models.architecture.mamba_type=mamba
training.mode=rollout
models.out_dim=10    avg_loss: 0.000000020671  time_per_window : 0.000890   progress : 0.295
name: models.architecture.block_type=simple
models.architecture.mamba_type=mamba
training.mode=rollout
models.out_dim=10    avg_loss: 0.000000022700  time_per_window : 0.000906   progress : 0.306
name: models.architecture.block_type=simple
models.architecture.mamba_type=mamba
training.mode=rollout
models.out_dim=10    avg_loss: 0.000000020053  time_per_window : 0.000880   progress : 0.317
name: models.architecture.block_type=simple
models.architecture.mamba_type=mamba
training.mode=rollout
models.out_dim=10    avg_loss: 0.000000018431  time_per_window : 0.000817   progress : 0.328
name: models.architecture.block_type=simple
models.architecture.mamba_type=mamba
training.mode=rollout
models.out_dim=10    avg_loss: 0.000000020572  time_per_window : 0.000870   progress : 0.339
name: models.architecture.block_type=simple
models.architecture.mamba_type=mamba
training.mode=rollout
models.out_dim=10    avg_loss: 0.000000019682  time_per_window : 0.000858   progress : 0.350
name: models.architecture.block_type=simple
models.architecture.mamba_type=mamba
training.mode=rollout
models.out_dim=10    avg_loss: 0.000000018073  time_per_window : 0.000920   progress : 0.360
name: models.architecture.block_type=simple
models.architecture.mamba_type=mamba
training.mode=rollout
models.out_dim=10    avg_loss: 0.000000018119  time_per_window : 0.000879   progress : 0.371
name: models.architecture.block_type=simple
models.architecture.mamba_type=mamba
training.mode=rollout
models.out_dim=10    avg_loss: 0.000000017486  time_per_window : 0.000868   progress : 0.382
name: models.architecture.block_type=simple
models.architecture.mamba_type=mamba
training.mode=rollout
models.out_dim=10    avg_loss: 0.000000018393  time_per_window : 0.000906   progress : 0.393
name: models.architecture.block_type=simple
models.architecture.mamba_type=mamba
training.mode=rollout
models.out_dim=10    avg_loss: 0.000000018389  time_per_window : 0.000878   progress : 0.404
name: models.architecture.block_type=simple
models.architecture.mamba_type=mamba
training.mode=rollout
models.out_dim=10    avg_loss: 0.000000018477  time_per_window : 0.000841   progress : 0.415
name: models.architecture.block_type=simple
models.architecture.mamba_type=mamba
training.mode=rollout
models.out_dim=10    avg_loss: 0.000000017006  time_per_window : 0.000880   progress : 0.426
name: models.architecture.block_type=simple
models.architecture.mamba_type=mamba
training.mode=rollout
models.out_dim=10    avg_loss: 0.000000017157  time_per_window : 0.000856   progress : 0.437
name: models.architecture.block_type=simple
models.architecture.mamba_type=mamba
training.mode=rollout
models.out_dim=10    avg_loss: 0.000000017062  time_per_window : 0.000851   progress : 0.448
name: models.architecture.block_type=simple
models.architecture.mamba_type=mamba
training.mode=rollout
models.out_dim=10    avg_loss: 0.000000017721  time_per_window : 0.000850   progress : 0.459
name: models.architecture.block_type=simple
models.architecture.mamba_type=mamba
training.mode=rollout
models.out_dim=10    avg_loss: 0.000000017084  time_per_window : 0.000901   progress : 0.470
name: models.architecture.block_type=simple
models.architecture.mamba_type=mamba
training.mode=rollout
models.out_dim=10    avg_loss: 0.000000016959  time_per_window : 0.000940   progress : 0.481
name: models.architecture.block_type=simple
models.architecture.mamba_type=mamba
training.mode=rollout
models.out_dim=10    avg_loss: 0.000000016217  time_per_window : 0.000830   progress : 0.492
name: models.architecture.block_type=simple
models.architecture.mamba_type=mamba
training.mode=rollout
models.out_dim=10    avg_loss: 0.000000017643  time_per_window : 0.000743   progress : 0.502
name: models.architecture.block_type=simple
models.architecture.mamba_type=mamba
training.mode=rollout
models.out_dim=10    avg_loss: 0.000000016665  time_per_window : 0.000865   progress : 0.513
name: models.architecture.block_type=simple
models.architecture.mamba_type=mamba
training.mode=rollout
models.out_dim=10    avg_loss: 0.000000018086  time_per_window : 0.000924   progress : 0.524
name: models.architecture.block_type=simple
models.architecture.mamba_type=mamba
training.mode=rollout
models.out_dim=10    avg_loss: 0.000000017225  time_per_window : 0.000897   progress : 0.535
name: models.architecture.block_type=simple
models.architecture.mamba_type=mamba
training.mode=rollout
models.out_dim=10    avg_loss: 0.000000016449  time_per_window : 0.000868   progress : 0.546
name: models.architecture.block_type=simple
models.architecture.mamba_type=mamba
training.mode=rollout
models.out_dim=10    avg_loss: 0.000000016408  time_per_window : 0.000872   progress : 0.557
name: models.architecture.block_type=simple
models.architecture.mamba_type=mamba
training.mode=rollout
models.out_dim=10    avg_loss: 0.000000015794  time_per_window : 0.000865   progress : 0.568
name: models.architecture.block_type=simple
models.architecture.mamba_type=mamba
training.mode=rollout
models.out_dim=10    avg_loss: 0.000000016632  time_per_window : 0.000880   progress : 0.579
name: models.architecture.block_type=simple
models.architecture.mamba_type=mamba
training.mode=rollout
models.out_dim=10    avg_loss: 0.000000016686  time_per_window : 0.000912   progress : 0.590
name: models.architecture.block_type=simple
models.architecture.mamba_type=mamba
training.mode=rollout
models.out_dim=10    avg_loss: 0.000000016020  time_per_window : 0.000906   progress : 0.601
name: models.architecture.block_type=simple
models.architecture.mamba_type=mamba
training.mode=rollout
models.out_dim=10    avg_loss: 0.000000015731  time_per_window : 0.000889   progress : 0.612
name: models.architecture.block_type=simple
models.architecture.mamba_type=mamba
training.mode=rollout
models.out_dim=10    avg_loss: 0.000000016025  time_per_window : 0.000900   progress : 0.623
name: models.architecture.block_type=simple
models.architecture.mamba_type=mamba
training.mode=rollout
models.out_dim=10    avg_loss: 0.000000016581  time_per_window : 0.000892   progress : 0.634
name: models.architecture.block_type=simple
models.architecture.mamba_type=mamba
training.mode=rollout
models.out_dim=10    avg_loss: 0.000000016253  time_per_window : 0.000916   progress : 0.644
name: models.architecture.block_type=simple
models.architecture.mamba_type=mamba
training.mode=rollout
models.out_dim=10    avg_loss: 0.000000016501  time_per_window : 0.000928   progress : 0.655
name: models.architecture.block_type=simple
models.architecture.mamba_type=mamba
training.mode=rollout
models.out_dim=10    avg_loss: 0.000000016914  time_per_window : 0.000938   progress : 0.666
name: models.architecture.block_type=simple
models.architecture.mamba_type=mamba
training.mode=rollout
models.out_dim=10    avg_loss: 0.000000016319  time_per_window : 0.000874   progress : 0.677
name: models.architecture.block_type=simple
models.architecture.mamba_type=mamba
training.mode=rollout
models.out_dim=10    avg_loss: 0.000000015958  time_per_window : 0.000892   progress : 0.688
name: models.architecture.block_type=simple
models.architecture.mamba_type=mamba
training.mode=rollout
models.out_dim=10    avg_loss: 0.000000015905  time_per_window : 0.000887   progress : 0.699
name: models.architecture.block_type=simple
models.architecture.mamba_type=mamba
training.mode=rollout
models.out_dim=10    avg_loss: 0.000000016011  time_per_window : 0.000902   progress : 0.710
name: models.architecture.block_type=simple
models.architecture.mamba_type=mamba
training.mode=rollout
models.out_dim=10    avg_loss: 0.000000016033  time_per_window : 0.000873   progress : 0.721
name: models.architecture.block_type=simple
models.architecture.mamba_type=mamba
training.mode=rollout
models.out_dim=10    avg_loss: 0.000000015680  time_per_window : 0.000890   progress : 0.732
name: models.architecture.block_type=simple
models.architecture.mamba_type=mamba
training.mode=rollout
models.out_dim=10    avg_loss: 0.000000015670  time_per_window : 0.000884   progress : 0.743
name: models.architecture.block_type=simple
models.architecture.mamba_type=mamba
training.mode=rollout
models.out_dim=10    avg_loss: 0.000000016133  time_per_window : 0.000897   progress : 0.754
name: models.architecture.block_type=simple
models.architecture.mamba_type=mamba
training.mode=rollout
models.out_dim=10    avg_loss: 0.000000015906  time_per_window : 0.000864   progress : 0.765
name: models.architecture.block_type=simple
models.architecture.mamba_type=mamba
training.mode=rollout
models.out_dim=10    avg_loss: 0.000000016059  time_per_window : 0.000856   progress : 0.775
name: models.architecture.block_type=simple
models.architecture.mamba_type=mamba
training.mode=rollout
models.out_dim=10    avg_loss: 0.000000016525  time_per_window : 0.000852   progress : 0.786
name: models.architecture.block_type=simple
models.architecture.mamba_type=mamba
training.mode=rollout
models.out_dim=10    avg_loss: 0.000000015898  time_per_window : 0.000908   progress : 0.797
name: models.architecture.block_type=simple
models.architecture.mamba_type=mamba
training.mode=rollout
models.out_dim=10    avg_loss: 0.000000016313  time_per_window : 0.000923   progress : 0.808
name: models.architecture.block_type=simple
models.architecture.mamba_type=mamba
training.mode=rollout
models.out_dim=10    avg_loss: 0.000000016223  time_per_window : 0.000880   progress : 0.819
name: models.architecture.block_type=simple
models.architecture.mamba_type=mamba
training.mode=rollout
models.out_dim=10    avg_loss: 0.000000015285  time_per_window : 0.000914   progress : 0.830
name: models.architecture.block_type=simple
models.architecture.mamba_type=mamba
training.mode=rollout
models.out_dim=10    avg_loss: 0.000000015553  time_per_window : 0.000867   progress : 0.841
name: models.architecture.block_type=simple
models.architecture.mamba_type=mamba
training.mode=rollout
models.out_dim=10    avg_loss: 0.000000015677  time_per_window : 0.000911   progress : 0.852
name: models.architecture.block_type=simple
models.architecture.mamba_type=mamba
training.mode=rollout
models.out_dim=10    avg_loss: 0.000000015699  time_per_window : 0.000898   progress : 0.863
name: models.architecture.block_type=simple
models.architecture.mamba_type=mamba
training.mode=rollout
models.out_dim=10    avg_loss: 0.000000014888  time_per_window : 0.000919   progress : 0.874
name: models.architecture.block_type=simple
models.architecture.mamba_type=mamba
training.mode=rollout
models.out_dim=10    avg_loss: 0.000000016098  time_per_window : 0.000901   progress : 0.885
name: models.architecture.block_type=simple
models.architecture.mamba_type=mamba
training.mode=rollout
models.out_dim=10    avg_loss: 0.000000015739  time_per_window : 0.000934   progress : 0.896
name: models.architecture.block_type=simple
models.architecture.mamba_type=mamba
training.mode=rollout
models.out_dim=10    avg_loss: 0.000000015409  time_per_window : 0.000875   progress : 0.907
name: models.architecture.block_type=simple
models.architecture.mamba_type=mamba
training.mode=rollout
models.out_dim=10    avg_loss: 0.000000015473  time_per_window : 0.000717   progress : 0.917
name: models.architecture.block_type=simple
models.architecture.mamba_type=mamba
training.mode=rollout
models.out_dim=10    avg_loss: 0.000000015950  time_per_window : 0.000860   progress : 0.928
name: models.architecture.block_type=simple
models.architecture.mamba_type=mamba
training.mode=rollout
models.out_dim=10    avg_loss: 0.000000015227  time_per_window : 0.000890   progress : 0.939
name: models.architecture.block_type=simple
models.architecture.mamba_type=mamba
training.mode=rollout
models.out_dim=10    avg_loss: 0.000000016724  time_per_window : 0.000882   progress : 0.950
name: models.architecture.block_type=simple
models.architecture.mamba_type=mamba
training.mode=rollout
models.out_dim=10    avg_loss: 0.000000015064  time_per_window : 0.000841   progress : 0.961
name: models.architecture.block_type=simple
models.architecture.mamba_type=mamba
training.mode=rollout
models.out_dim=10    avg_loss: 0.000000015885  time_per_window : 0.000856   progress : 0.972
name: models.architecture.block_type=simple
models.architecture.mamba_type=mamba
training.mode=rollout
models.out_dim=10    avg_loss: 0.000000015326  time_per_window : 0.000950   progress : 0.983
name: models.architecture.block_type=simple
models.architecture.mamba_type=mamba
training.mode=rollout
models.out_dim=10    avg_loss: 0.000000015379  time_per_window : 0.000878   progress : 0.994
name: models.architecture.block_type=simple
models.architecture.mamba_type=mamba
training.mode=rollout
models.out_dim=10    avg_loss: 0.000001384476  time_per_window : 0.000881   progress : 0.011
name: models.architecture.block_type=simple
models.architecture.mamba_type=mamba
training.mode=rollout
models.out_dim=10    avg_loss: 0.000000785792  time_per_window : 0.000919   progress : 0.022
name: models.architecture.block_type=simple
models.architecture.mamba_type=mamba
training.mode=rollout
models.out_dim=10    avg_loss: 0.000000346246  time_per_window : 0.000867   progress : 0.033
name: models.architecture.block_type=simple
models.architecture.mamba_type=mamba
training.mode=rollout
models.out_dim=10    avg_loss: 0.000000224728  time_per_window : 0.000874   progress : 0.044
name: models.architecture.block_type=simple
models.architecture.mamba_type=mamba
training.mode=rollout
models.out_dim=10    avg_loss: 0.000000102253  time_per_window : 0.000913   progress : 0.055
name: models.architecture.block_type=simple
models.architecture.mamba_type=mamba
training.mode=rollout
models.out_dim=10    avg_loss: 0.000000071699  time_per_window : 0.000888   progress : 0.066
name: models.architecture.block_type=simple
models.architecture.mamba_type=mamba
training.mode=rollout
models.out_dim=10    avg_loss: 0.000000054001  time_per_window : 0.000876   progress : 0.076
name: models.architecture.block_type=simple
models.architecture.mamba_type=mamba
training.mode=rollout
models.out_dim=10    avg_loss: 0.000000044650  time_per_window : 0.000891   progress : 0.087
name: models.architecture.block_type=simple
models.architecture.mamba_type=mamba
training.mode=rollout
models.out_dim=10    avg_loss: 0.000000043342  time_per_window : 0.000929   progress : 0.098
name: models.architecture.block_type=simple
models.architecture.mamba_type=mamba
training.mode=rollout
models.out_dim=10    avg_loss: 0.000000046993  time_per_window : 0.000906   progress : 0.109
name: models.architecture.block_type=simple
models.architecture.mamba_type=mamba
training.mode=rollout
models.out_dim=10    avg_loss: 0.000000045858  time_per_window : 0.000852   progress : 0.120
name: models.architecture.block_type=simple
models.architecture.mamba_type=mamba
training.mode=rollout
models.out_dim=10    avg_loss: 0.000000042226  time_per_window : 0.000885   progress : 0.131
name: models.architecture.block_type=simple
models.architecture.mamba_type=mamba
training.mode=rollout
models.out_dim=10    avg_loss: 0.000000034203  time_per_window : 0.000871   progress : 0.142
name: models.architecture.block_type=simple
models.architecture.mamba_type=mamba
training.mode=rollout
models.out_dim=10    avg_loss: 0.000000040243  time_per_window : 0.000885   progress : 0.153
name: models.architecture.block_type=simple
models.architecture.mamba_type=mamba
training.mode=rollout
models.out_dim=10    avg_loss: 0.000000035802  time_per_window : 0.000913   progress : 0.164
name: models.architecture.block_type=simple
models.architecture.mamba_type=mamba
training.mode=rollout
models.out_dim=10    avg_loss: 0.000000041201  time_per_window : 0.000876   progress : 0.175
name: models.architecture.block_type=simple
models.architecture.mamba_type=mamba
training.mode=rollout
models.out_dim=10    avg_loss: 0.000000040570  time_per_window : 0.000913   progress : 0.186
name: models.architecture.block_type=simple
models.architecture.mamba_type=mamba
training.mode=rollout
models.out_dim=10    avg_loss: 0.000000033921  time_per_window : 0.000935   progress : 0.197
name: models.architecture.block_type=simple
models.architecture.mamba_type=mamba
training.mode=rollout
models.out_dim=10    avg_loss: 0.000000036856  time_per_window : 0.000943   progress : 0.208
name: models.architecture.block_type=simple
models.architecture.mamba_type=mamba
training.mode=rollout
models.out_dim=10    avg_loss: 0.000000038903  time_per_window : 0.000879   progress : 0.218
name: models.architecture.block_type=simple
models.architecture.mamba_type=mamba
training.mode=rollout
models.out_dim=10    avg_loss: 0.000000033626  time_per_window : 0.000873   progress : 0.229
name: models.architecture.block_type=simple
models.architecture.mamba_type=mamba
training.mode=rollout
models.out_dim=10    avg_loss: 0.000000034652  time_per_window : 0.000895   progress : 0.240
name: models.architecture.block_type=simple
models.architecture.mamba_type=mamba
training.mode=rollout
models.out_dim=10    avg_loss: 0.000000038007  time_per_window : 0.000866   progress : 0.251
name: models.architecture.block_type=simple
models.architecture.mamba_type=mamba
training.mode=rollout
models.out_dim=10    avg_loss: 0.000000042543  time_per_window : 0.000897   progress : 0.262
name: models.architecture.block_type=simple
models.architecture.mamba_type=mamba
training.mode=rollout
models.out_dim=10    avg_loss: 0.000000039316  time_per_window : 0.000910   progress : 0.273
name: models.architecture.block_type=simple
models.architecture.mamba_type=mamba
training.mode=rollout
models.out_dim=10    avg_loss: 0.000000036342  time_per_window : 0.000933   progress : 0.284
name: models.architecture.block_type=simple
models.architecture.mamba_type=mamba
training.mode=rollout
models.out_dim=10    avg_loss: 0.000000034200  time_per_window : 0.000922   progress : 0.295
name: models.architecture.block_type=simple
models.architecture.mamba_type=mamba
training.mode=rollout
models.out_dim=10    avg_loss: 0.000000029533  time_per_window : 0.000917   progress : 0.306
name: models.architecture.block_type=simple
models.architecture.mamba_type=mamba
training.mode=rollout
models.out_dim=10    avg_loss: 0.000000030710  time_per_window : 0.000883   progress : 0.317
name: models.architecture.block_type=simple
models.architecture.mamba_type=mamba
training.mode=rollout
models.out_dim=10    avg_loss: 0.000000032586  time_per_window : 0.000863   progress : 0.328
name: models.architecture.block_type=simple
models.architecture.mamba_type=mamba
training.mode=rollout
models.out_dim=10    avg_loss: 0.000000033803  time_per_window : 0.000902   progress : 0.339
name: models.architecture.block_type=simple
models.architecture.mamba_type=mamba
training.mode=rollout
models.out_dim=10    avg_loss: 0.000000034079  time_per_window : 0.000927   progress : 0.350
name: models.architecture.block_type=simple
models.architecture.mamba_type=mamba
training.mode=rollout
models.out_dim=10    avg_loss: 0.000000038558  time_per_window : 0.000906   progress : 0.360
name: models.architecture.block_type=simple
models.architecture.mamba_type=mamba
training.mode=rollout
models.out_dim=10    avg_loss: 0.000000037144  time_per_window : 0.000821   progress : 0.371
name: models.architecture.block_type=simple
models.architecture.mamba_type=mamba
training.mode=rollout
models.out_dim=10    avg_loss: 0.000000032600  time_per_window : 0.000885   progress : 0.382
name: models.architecture.block_type=simple
models.architecture.mamba_type=mamba
training.mode=rollout
models.out_dim=10    avg_loss: 0.000000032800  time_per_window : 0.000904   progress : 0.393
name: models.architecture.block_type=simple
models.architecture.mamba_type=mamba
training.mode=rollout
models.out_dim=10    avg_loss: 0.000000037740  time_per_window : 0.000898   progress : 0.404
name: models.architecture.block_type=simple
models.architecture.mamba_type=mamba
training.mode=rollout
models.out_dim=10    avg_loss: 0.000000032539  time_per_window : 0.000839   progress : 0.415
name: models.architecture.block_type=simple
models.architecture.mamba_type=mamba
training.mode=rollout
models.out_dim=10    avg_loss: 0.000000032656  time_per_window : 0.000681   progress : 0.426
name: models.architecture.block_type=simple
models.architecture.mamba_type=mamba
training.mode=rollout
models.out_dim=10    avg_loss: 0.000000032545  time_per_window : 0.000907   progress : 0.437
name: models.architecture.block_type=simple
models.architecture.mamba_type=mamba
training.mode=rollout
models.out_dim=10    avg_loss: 0.000000034165  time_per_window : 0.000906   progress : 0.448
name: models.architecture.block_type=simple
models.architecture.mamba_type=mamba
training.mode=rollout
models.out_dim=10    avg_loss: 0.000000033887  time_per_window : 0.000905   progress : 0.459
name: models.architecture.block_type=simple
models.architecture.mamba_type=mamba
training.mode=rollout
models.out_dim=10    avg_loss: 0.000000031833  time_per_window : 0.000883   progress : 0.470
name: models.architecture.block_type=simple
models.architecture.mamba_type=mamba
training.mode=rollout
models.out_dim=10    avg_loss: 0.000000032760  time_per_window : 0.000822   progress : 0.481
name: models.architecture.block_type=simple
models.architecture.mamba_type=mamba
training.mode=rollout
models.out_dim=10    avg_loss: 0.000000033086  time_per_window : 0.000890   progress : 0.492
name: models.architecture.block_type=simple
models.architecture.mamba_type=mamba
training.mode=rollout
models.out_dim=10    avg_loss: 0.000000034080  time_per_window : 0.000910   progress : 0.502
name: models.architecture.block_type=simple
models.architecture.mamba_type=mamba
training.mode=rollout
models.out_dim=10    avg_loss: 0.000000031472  time_per_window : 0.000806   progress : 0.513
name: models.architecture.block_type=simple
models.architecture.mamba_type=mamba
training.mode=rollout
models.out_dim=10    avg_loss: 0.000000032391  time_per_window : 0.000930   progress : 0.524
name: models.architecture.block_type=simple
models.architecture.mamba_type=mamba
training.mode=rollout
models.out_dim=10    avg_loss: 0.000000032869  time_per_window : 0.000905   progress : 0.535
name: models.architecture.block_type=simple
models.architecture.mamba_type=mamba
training.mode=rollout
models.out_dim=10    avg_loss: 0.000000031704  time_per_window : 0.000895   progress : 0.546
name: models.architecture.block_type=simple
models.architecture.mamba_type=mamba
training.mode=rollout
models.out_dim=10    avg_loss: 0.000000032928  time_per_window : 0.000953   progress : 0.557
name: models.architecture.block_type=simple
models.architecture.mamba_type=mamba
training.mode=rollout
models.out_dim=10    avg_loss: 0.000000032419  time_per_window : 0.000901   progress : 0.568
name: models.architecture.block_type=simple
models.architecture.mamba_type=mamba
training.mode=rollout
models.out_dim=10    avg_loss: 0.000000033956  time_per_window : 0.000893   progress : 0.579
name: models.architecture.block_type=simple
models.architecture.mamba_type=mamba
training.mode=rollout
models.out_dim=10    avg_loss: 0.000000031851  time_per_window : 0.000884   progress : 0.590
name: models.architecture.block_type=simple
models.architecture.mamba_type=mamba
training.mode=rollout
models.out_dim=10    avg_loss: 0.000000029050  time_per_window : 0.000916   progress : 0.601
name: models.architecture.block_type=simple
models.architecture.mamba_type=mamba
training.mode=rollout
models.out_dim=10    avg_loss: 0.000000030077  time_per_window : 0.000866   progress : 0.612
name: models.architecture.block_type=simple
models.architecture.mamba_type=mamba
training.mode=rollout
models.out_dim=10    avg_loss: 0.000000029703  time_per_window : 0.000886   progress : 0.623
name: models.architecture.block_type=simple
models.architecture.mamba_type=mamba
training.mode=rollout
models.out_dim=10    avg_loss: 0.000000032082  time_per_window : 0.000870   progress : 0.634
name: models.architecture.block_type=simple
models.architecture.mamba_type=mamba
training.mode=rollout
models.out_dim=10    avg_loss: 0.000000032956  time_per_window : 0.000880   progress : 0.644
name: models.architecture.block_type=simple
models.architecture.mamba_type=mamba
training.mode=rollout
models.out_dim=10    avg_loss: 0.000000031684  time_per_window : 0.000903   progress : 0.655
name: models.architecture.block_type=simple
models.architecture.mamba_type=mamba
training.mode=rollout
models.out_dim=10    avg_loss: 0.000000034157  time_per_window : 0.000897   progress : 0.666
name: models.architecture.block_type=simple
models.architecture.mamba_type=mamba
training.mode=rollout
models.out_dim=10    avg_loss: 0.000000028671  time_per_window : 0.000897   progress : 0.677
name: models.architecture.block_type=simple
models.architecture.mamba_type=mamba
training.mode=rollout
models.out_dim=10    avg_loss: 0.000000028012  time_per_window : 0.000864   progress : 0.688
name: models.architecture.block_type=simple
models.architecture.mamba_type=mamba
training.mode=rollout
models.out_dim=10    avg_loss: 0.000000030256  time_per_window : 0.000854   progress : 0.699
name: models.architecture.block_type=simple
models.architecture.mamba_type=mamba
training.mode=rollout
models.out_dim=10    avg_loss: 0.000000033237  time_per_window : 0.000862   progress : 0.710
name: models.architecture.block_type=simple
models.architecture.mamba_type=mamba
training.mode=rollout
models.out_dim=10    avg_loss: 0.000000028990  time_per_window : 0.000840   progress : 0.721
name: models.architecture.block_type=simple
models.architecture.mamba_type=mamba
training.mode=rollout
models.out_dim=10    avg_loss: 0.000000032426  time_per_window : 0.000925   progress : 0.732
name: models.architecture.block_type=simple
models.architecture.mamba_type=mamba
training.mode=rollout
models.out_dim=10    avg_loss: 0.000000029485  time_per_window : 0.000901   progress : 0.743
name: models.architecture.block_type=simple
models.architecture.mamba_type=mamba
training.mode=rollout
models.out_dim=10    avg_loss: 0.000000029708  time_per_window : 0.000849   progress : 0.754
name: models.architecture.block_type=simple
models.architecture.mamba_type=mamba
training.mode=rollout
models.out_dim=10    avg_loss: 0.000000032966  time_per_window : 0.000928   progress : 0.765
name: models.architecture.block_type=simple
models.architecture.mamba_type=mamba
training.mode=rollout
models.out_dim=10    avg_loss: 0.000000032922  time_per_window : 0.000857   progress : 0.775
name: models.architecture.block_type=simple
models.architecture.mamba_type=mamba
training.mode=rollout
models.out_dim=10    avg_loss: 0.000000031473  time_per_window : 0.000851   progress : 0.786
name: models.architecture.block_type=simple
models.architecture.mamba_type=mamba
training.mode=rollout
models.out_dim=10    avg_loss: 0.000000028185  time_per_window : 0.000901   progress : 0.797
name: models.architecture.block_type=simple
models.architecture.mamba_type=mamba
training.mode=rollout
models.out_dim=10    avg_loss: 0.000000031378  time_per_window : 0.000874   progress : 0.808
name: models.architecture.block_type=simple
models.architecture.mamba_type=mamba
training.mode=rollout
models.out_dim=10    avg_loss: 0.000000031231  time_per_window : 0.000935   progress : 0.819
name: models.architecture.block_type=simple
models.architecture.mamba_type=mamba
training.mode=rollout
models.out_dim=10    avg_loss: 0.000000029005  time_per_window : 0.000876   progress : 0.830
name: models.architecture.block_type=simple
models.architecture.mamba_type=mamba
training.mode=rollout
models.out_dim=10    avg_loss: 0.000000031863  time_per_window : 0.000677   progress : 0.841
name: models.architecture.block_type=simple
models.architecture.mamba_type=mamba
training.mode=rollout
models.out_dim=10    avg_loss: 0.000000032305  time_per_window : 0.000857   progress : 0.852
name: models.architecture.block_type=simple
models.architecture.mamba_type=mamba
training.mode=rollout
models.out_dim=10    avg_loss: 0.000000028571  time_per_window : 0.000894   progress : 0.863
name: models.architecture.block_type=simple
models.architecture.mamba_type=mamba
training.mode=rollout
models.out_dim=10    avg_loss: 0.000000029645  time_per_window : 0.000905   progress : 0.874
name: models.architecture.block_type=simple
models.architecture.mamba_type=mamba
training.mode=rollout
models.out_dim=10    avg_loss: 0.000000031448  time_per_window : 0.000911   progress : 0.885
name: models.architecture.block_type=simple
models.architecture.mamba_type=mamba
training.mode=rollout
models.out_dim=10    avg_loss: 0.000000028440  time_per_window : 0.000865   progress : 0.896
name: models.architecture.block_type=simple
models.architecture.mamba_type=mamba
training.mode=rollout
models.out_dim=10    avg_loss: 0.000000031741  time_per_window : 0.000867   progress : 0.907
name: models.architecture.block_type=simple
models.architecture.mamba_type=mamba
training.mode=rollout
models.out_dim=10    avg_loss: 0.000000030062  time_per_window : 0.000895   progress : 0.917
name: models.architecture.block_type=simple
models.architecture.mamba_type=mamba
training.mode=rollout
models.out_dim=10    avg_loss: 0.000000030715  time_per_window : 0.000819   progress : 0.928
name: models.architecture.block_type=simple
models.architecture.mamba_type=mamba
training.mode=rollout
models.out_dim=10    avg_loss: 0.000000028379  time_per_window : 0.000902   progress : 0.939
name: models.architecture.block_type=simple
models.architecture.mamba_type=mamba
training.mode=rollout
models.out_dim=10    avg_loss: 0.000000031985  time_per_window : 0.000868   progress : 0.950
name: models.architecture.block_type=simple
models.architecture.mamba_type=mamba
training.mode=rollout
models.out_dim=10    avg_loss: 0.000000030714  time_per_window : 0.000865   progress : 0.961
name: models.architecture.block_type=simple
models.architecture.mamba_type=mamba
training.mode=rollout
models.out_dim=10    avg_loss: 0.000000029961  time_per_window : 0.000931   progress : 0.972
name: models.architecture.block_type=simple
models.architecture.mamba_type=mamba
training.mode=rollout
models.out_dim=10    avg_loss: 0.000000030345  time_per_window : 0.000845   progress : 0.983
name: models.architecture.block_type=simple
models.architecture.mamba_type=mamba
training.mode=rollout
models.out_dim=10    avg_loss: 0.000000030404  time_per_window : 0.000908   progress : 0.994
name: models.architecture.block_type=simple
models.architecture.mamba_type=mamba
training.mode=rollout
models.out_dim=10    avg_loss: 0.000012429911  time_per_window : 0.000813   progress : 0.011
name: models.architecture.block_type=simple
models.architecture.mamba_type=mamba
training.mode=rollout
models.out_dim=10    avg_loss: 0.000002957795  time_per_window : 0.000863   progress : 0.022
name: models.architecture.block_type=simple
models.architecture.mamba_type=mamba
training.mode=rollout
models.out_dim=10    avg_loss: 0.000000828416  time_per_window : 0.000834   progress : 0.033
name: models.architecture.block_type=simple
models.architecture.mamba_type=mamba
training.mode=rollout
models.out_dim=10    avg_loss: 0.000000325872  time_per_window : 0.000900   progress : 0.044
name: models.architecture.block_type=simple
models.architecture.mamba_type=mamba
training.mode=rollout
models.out_dim=10    avg_loss: 0.000000248134  time_per_window : 0.000777   progress : 0.055
name: models.architecture.block_type=simple
models.architecture.mamba_type=mamba
training.mode=rollout
models.out_dim=10    avg_loss: 0.000000206272  time_per_window : 0.000765   progress : 0.066
name: models.architecture.block_type=simple
models.architecture.mamba_type=mamba
training.mode=rollout
models.out_dim=10    avg_loss: 0.000000189478  time_per_window : 0.000914   progress : 0.076
name: models.architecture.block_type=simple
models.architecture.mamba_type=mamba
training.mode=rollout
models.out_dim=10    avg_loss: 0.000000160174  time_per_window : 0.000866   progress : 0.087
name: models.architecture.block_type=simple
models.architecture.mamba_type=mamba
training.mode=rollout
models.out_dim=10    avg_loss: 0.000000155459  time_per_window : 0.000801   progress : 0.098
name: models.architecture.block_type=simple
models.architecture.mamba_type=mamba
training.mode=rollout
models.out_dim=10    avg_loss: 0.000000144643  time_per_window : 0.000906   progress : 0.109
name: models.architecture.block_type=simple
models.architecture.mamba_type=mamba
training.mode=rollout
models.out_dim=10    avg_loss: 0.000000146229  time_per_window : 0.000892   progress : 0.120
name: models.architecture.block_type=simple
models.architecture.mamba_type=mamba
training.mode=rollout
models.out_dim=10    avg_loss: 0.000000157409  time_per_window : 0.000872   progress : 0.131
name: models.architecture.block_type=simple
models.architecture.mamba_type=mamba
training.mode=rollout
models.out_dim=10    avg_loss: 0.000000129410  time_per_window : 0.000954   progress : 0.142
name: models.architecture.block_type=simple
models.architecture.mamba_type=mamba
training.mode=rollout
models.out_dim=10    avg_loss: 0.000000140453  time_per_window : 0.000925   progress : 0.153
name: models.architecture.block_type=simple
models.architecture.mamba_type=mamba
training.mode=rollout
models.out_dim=10    avg_loss: 0.000000145580  time_per_window : 0.000889   progress : 0.164
name: models.architecture.block_type=simple
models.architecture.mamba_type=mamba
training.mode=rollout
models.out_dim=10    avg_loss: 0.000000132362  time_per_window : 0.000825   progress : 0.175
name: models.architecture.block_type=simple
models.architecture.mamba_type=mamba
training.mode=rollout
models.out_dim=10    avg_loss: 0.000000145725  time_per_window : 0.000831   progress : 0.186
name: models.architecture.block_type=simple
models.architecture.mamba_type=mamba
training.mode=rollout
models.out_dim=10    avg_loss: 0.000000154962  time_per_window : 0.000899   progress : 0.197
name: models.architecture.block_type=simple
models.architecture.mamba_type=mamba
training.mode=rollout
models.out_dim=10    avg_loss: 0.000000142597  time_per_window : 0.000889   progress : 0.208
name: models.architecture.block_type=simple
models.architecture.mamba_type=mamba
training.mode=rollout
models.out_dim=10    avg_loss: 0.000000134201  time_per_window : 0.000868   progress : 0.218
name: models.architecture.block_type=simple
models.architecture.mamba_type=mamba
training.mode=rollout
models.out_dim=10    avg_loss: 0.000000146078  time_per_window : 0.000918   progress : 0.229
name: models.architecture.block_type=simple
models.architecture.mamba_type=mamba
training.mode=rollout
models.out_dim=10    avg_loss: 0.000000140470  time_per_window : 0.000891   progress : 0.240
name: models.architecture.block_type=simple
models.architecture.mamba_type=mamba
training.mode=rollout
models.out_dim=10    avg_loss: 0.000000174371  time_per_window : 0.000825   progress : 0.251
name: models.architecture.block_type=simple
models.architecture.mamba_type=mamba
training.mode=rollout
models.out_dim=10    avg_loss: 0.000000148537  time_per_window : 0.000825   progress : 0.262
name: models.architecture.block_type=simple
models.architecture.mamba_type=mamba
training.mode=rollout
models.out_dim=10    avg_loss: 0.000000133636  time_per_window : 0.000819   progress : 0.273
name: models.architecture.block_type=simple
models.architecture.mamba_type=mamba
training.mode=rollout
models.out_dim=10    avg_loss: 0.000000146618  time_per_window : 0.000859   progress : 0.284
name: models.architecture.block_type=simple
models.architecture.mamba_type=mamba
training.mode=rollout
models.out_dim=10    avg_loss: 0.000000154218  time_per_window : 0.000871   progress : 0.295
name: models.architecture.block_type=simple
models.architecture.mamba_type=mamba
training.mode=rollout
models.out_dim=10    avg_loss: 0.000000166913  time_per_window : 0.000910   progress : 0.306
name: models.architecture.block_type=simple
models.architecture.mamba_type=mamba
training.mode=rollout
models.out_dim=10    avg_loss: 0.000000161268  time_per_window : 0.000853   progress : 0.317
name: models.architecture.block_type=simple
models.architecture.mamba_type=mamba
training.mode=rollout
models.out_dim=10    avg_loss: 0.000000153494  time_per_window : 0.000725   progress : 0.328
name: models.architecture.block_type=simple
models.architecture.mamba_type=mamba
training.mode=rollout
models.out_dim=10    avg_loss: 0.000000171248  time_per_window : 0.000567   progress : 0.339
name: models.architecture.block_type=simple
models.architecture.mamba_type=mamba
training.mode=rollout
models.out_dim=10    avg_loss: 0.000000183473  time_per_window : 0.000514   progress : 0.350
name: models.architecture.block_type=simple
models.architecture.mamba_type=mamba
training.mode=rollout
models.out_dim=10    avg_loss: 0.000000141357  time_per_window : 0.000636   progress : 0.360
name: models.architecture.block_type=simple
models.architecture.mamba_type=mamba
training.mode=rollout
models.out_dim=10    avg_loss: 0.000000150392  time_per_window : 0.000874   progress : 0.371
name: models.architecture.block_type=simple
models.architecture.mamba_type=mamba
training.mode=rollout
models.out_dim=10    avg_loss: 0.000000160317  time_per_window : 0.000653   progress : 0.382
name: models.architecture.block_type=simple
models.architecture.mamba_type=mamba
training.mode=rollout
models.out_dim=10    avg_loss: 0.000000185064  time_per_window : 0.000908   progress : 0.393
name: models.architecture.block_type=simple
models.architecture.mamba_type=mamba
training.mode=rollout
models.out_dim=10    avg_loss: 0.000000169489  time_per_window : 0.000799   progress : 0.404
name: models.architecture.block_type=simple
models.architecture.mamba_type=mamba
training.mode=rollout
models.out_dim=10    avg_loss: 0.000000153875  time_per_window : 0.000822   progress : 0.415
name: models.architecture.block_type=simple
models.architecture.mamba_type=mamba
training.mode=rollout
models.out_dim=10    avg_loss: 0.000000150188  time_per_window : 0.000784   progress : 0.426
name: models.architecture.block_type=simple
models.architecture.mamba_type=mamba
training.mode=rollout
models.out_dim=10    avg_loss: 0.000000153943  time_per_window : 0.000898   progress : 0.437
name: models.architecture.block_type=simple
models.architecture.mamba_type=mamba
training.mode=rollout
models.out_dim=10    avg_loss: 0.000000162563  time_per_window : 0.000716   progress : 0.448
name: models.architecture.block_type=simple
models.architecture.mamba_type=mamba
training.mode=rollout
models.out_dim=10    avg_loss: 0.000000145249  time_per_window : 0.000849   progress : 0.459
name: models.architecture.block_type=simple
models.architecture.mamba_type=mamba
training.mode=rollout
models.out_dim=10    avg_loss: 0.000000155979  time_per_window : 0.000860   progress : 0.470
name: models.architecture.block_type=simple
models.architecture.mamba_type=mamba
training.mode=rollout
models.out_dim=10    avg_loss: 0.000000141763  time_per_window : 0.000811   progress : 0.481
name: models.architecture.block_type=simple
models.architecture.mamba_type=mamba
training.mode=rollout
models.out_dim=10    avg_loss: 0.000000148854  time_per_window : 0.000840   progress : 0.492
name: models.architecture.block_type=simple
models.architecture.mamba_type=mamba
training.mode=rollout
models.out_dim=10    avg_loss: 0.000000148099  time_per_window : 0.000809   progress : 0.502
name: models.architecture.block_type=simple
models.architecture.mamba_type=mamba
training.mode=rollout
models.out_dim=10    avg_loss: 0.000000172606  time_per_window : 0.000826   progress : 0.513
name: models.architecture.block_type=simple
models.architecture.mamba_type=mamba
training.mode=rollout
models.out_dim=10    avg_loss: 0.000000141054  time_per_window : 0.000827   progress : 0.524
name: models.architecture.block_type=simple
models.architecture.mamba_type=mamba
training.mode=rollout
models.out_dim=10    avg_loss: 0.000000185958  time_per_window : 0.000828   progress : 0.535
name: models.architecture.block_type=simple
models.architecture.mamba_type=mamba
training.mode=rollout
models.out_dim=10    avg_loss: 0.000000145025  time_per_window : 0.000901   progress : 0.546
name: models.architecture.block_type=simple
models.architecture.mamba_type=mamba
training.mode=rollout
models.out_dim=10    avg_loss: 0.000000144914  time_per_window : 0.000834   progress : 0.557
name: models.architecture.block_type=simple
models.architecture.mamba_type=mamba
training.mode=rollout
models.out_dim=10    avg_loss: 0.000000149482  time_per_window : 0.000772   progress : 0.568
name: models.architecture.block_type=simple
models.architecture.mamba_type=mamba
training.mode=rollout
models.out_dim=10    avg_loss: 0.000000143782  time_per_window : 0.000821   progress : 0.579
name: models.architecture.block_type=simple
models.architecture.mamba_type=mamba
training.mode=rollout
models.out_dim=10    avg_loss: 0.000000169159  time_per_window : 0.000798   progress : 0.590
name: models.architecture.block_type=simple
models.architecture.mamba_type=mamba
training.mode=rollout
models.out_dim=10    avg_loss: 0.000000134531  time_per_window : 0.000900   progress : 0.601
name: models.architecture.block_type=simple
models.architecture.mamba_type=mamba
training.mode=rollout
models.out_dim=10    avg_loss: 0.000000142924  time_per_window : 0.000810   progress : 0.612
name: models.architecture.block_type=simple
models.architecture.mamba_type=mamba
training.mode=rollout
models.out_dim=10    avg_loss: 0.000000155751  time_per_window : 0.000814   progress : 0.623
name: models.architecture.block_type=simple
models.architecture.mamba_type=mamba
training.mode=rollout
models.out_dim=10    avg_loss: 0.000000148600  time_per_window : 0.000755   progress : 0.634
name: models.architecture.block_type=simple
models.architecture.mamba_type=mamba
training.mode=rollout
models.out_dim=10    avg_loss: 0.000000172481  time_per_window : 0.000823   progress : 0.644
name: models.architecture.block_type=simple
models.architecture.mamba_type=mamba
training.mode=rollout
models.out_dim=10    avg_loss: 0.000000147381  time_per_window : 0.000810   progress : 0.655
name: models.architecture.block_type=simple
models.architecture.mamba_type=mamba
training.mode=rollout
models.out_dim=10    avg_loss: 0.000000154485  time_per_window : 0.000844   progress : 0.666
name: models.architecture.block_type=simple
models.architecture.mamba_type=mamba
training.mode=rollout
models.out_dim=10    avg_loss: 0.000000127779  time_per_window : 0.000843   progress : 0.677
name: models.architecture.block_type=simple
models.architecture.mamba_type=mamba
training.mode=rollout
models.out_dim=10    avg_loss: 0.000000135083  time_per_window : 0.000808   progress : 0.688
name: models.architecture.block_type=simple
models.architecture.mamba_type=mamba
training.mode=rollout
models.out_dim=10    avg_loss: 0.000000163016  time_per_window : 0.000762   progress : 0.699
name: models.architecture.block_type=simple
models.architecture.mamba_type=mamba
training.mode=rollout
models.out_dim=10    avg_loss: 0.000000131150  time_per_window : 0.000551   progress : 0.710
name: models.architecture.block_type=simple
models.architecture.mamba_type=mamba
training.mode=rollout
models.out_dim=10    avg_loss: 0.000000136425  time_per_window : 0.000796   progress : 0.721
name: models.architecture.block_type=simple
models.architecture.mamba_type=mamba
training.mode=rollout
models.out_dim=10    avg_loss: 0.000000168499  time_per_window : 0.000856   progress : 0.732
name: models.architecture.block_type=simple
models.architecture.mamba_type=mamba
training.mode=rollout
models.out_dim=10    avg_loss: 0.000000137740  time_per_window : 0.000853   progress : 0.743
name: models.architecture.block_type=simple
models.architecture.mamba_type=mamba
training.mode=rollout
models.out_dim=10    avg_loss: 0.000000146059  time_per_window : 0.000883   progress : 0.754
name: models.architecture.block_type=simple
models.architecture.mamba_type=mamba
training.mode=rollout
models.out_dim=10    avg_loss: 0.000000128605  time_per_window : 0.000818   progress : 0.765
name: models.architecture.block_type=simple
models.architecture.mamba_type=mamba
training.mode=rollout
models.out_dim=10    avg_loss: 0.000000158616  time_per_window : 0.000868   progress : 0.775
name: models.architecture.block_type=simple
models.architecture.mamba_type=mamba
training.mode=rollout
models.out_dim=10    avg_loss: 0.000000152880  time_per_window : 0.000812   progress : 0.786
name: models.architecture.block_type=simple
models.architecture.mamba_type=mamba
training.mode=rollout
models.out_dim=10    avg_loss: 0.000000142919  time_per_window : 0.000813   progress : 0.797
name: models.architecture.block_type=simple
models.architecture.mamba_type=mamba
training.mode=rollout
models.out_dim=10    avg_loss: 0.000000143890  time_per_window : 0.000777   progress : 0.808
name: models.architecture.block_type=simple
models.architecture.mamba_type=mamba
training.mode=rollout
models.out_dim=10    avg_loss: 0.000000128303  time_per_window : 0.000839   progress : 0.819
name: models.architecture.block_type=simple
models.architecture.mamba_type=mamba
training.mode=rollout
models.out_dim=10    avg_loss: 0.000000143405  time_per_window : 0.000854   progress : 0.830
name: models.architecture.block_type=simple
models.architecture.mamba_type=mamba
training.mode=rollout
models.out_dim=10    avg_loss: 0.000000161410  time_per_window : 0.000859   progress : 0.841
name: models.architecture.block_type=simple
models.architecture.mamba_type=mamba
training.mode=rollout
models.out_dim=10    avg_loss: 0.000000137978  time_per_window : 0.000853   progress : 0.852
name: models.architecture.block_type=simple
models.architecture.mamba_type=mamba
training.mode=rollout
models.out_dim=10    avg_loss: 0.000000140200  time_per_window : 0.000780   progress : 0.863
name: models.architecture.block_type=simple
models.architecture.mamba_type=mamba
training.mode=rollout
models.out_dim=10    avg_loss: 0.000000132801  time_per_window : 0.000789   progress : 0.874
name: models.architecture.block_type=simple
models.architecture.mamba_type=mamba
training.mode=rollout
models.out_dim=10    avg_loss: 0.000000158279  time_per_window : 0.000869   progress : 0.885
name: models.architecture.block_type=simple
models.architecture.mamba_type=mamba
training.mode=rollout
models.out_dim=10    avg_loss: 0.000000133284  time_per_window : 0.000946   progress : 0.896
name: models.architecture.block_type=simple
models.architecture.mamba_type=mamba
training.mode=rollout
models.out_dim=10    avg_loss: 0.000000128301  time_per_window : 0.000871   progress : 0.907
name: models.architecture.block_type=simple
models.architecture.mamba_type=mamba
training.mode=rollout
models.out_dim=10    avg_loss: 0.000000131629  time_per_window : 0.000876   progress : 0.917
name: models.architecture.block_type=simple
models.architecture.mamba_type=mamba
training.mode=rollout
models.out_dim=10    avg_loss: 0.000000140842  time_per_window : 0.000786   progress : 0.928
name: models.architecture.block_type=simple
models.architecture.mamba_type=mamba
training.mode=rollout
models.out_dim=10    avg_loss: 0.000000133579  time_per_window : 0.000812   progress : 0.939
name: models.architecture.block_type=simple
models.architecture.mamba_type=mamba
training.mode=rollout
models.out_dim=10    avg_loss: 0.000000165249  time_per_window : 0.000838   progress : 0.950
name: models.architecture.block_type=simple
models.architecture.mamba_type=mamba
training.mode=rollout
models.out_dim=10    avg_loss: 0.000000151300  time_per_window : 0.000862   progress : 0.961
name: models.architecture.block_type=simple
models.architecture.mamba_type=mamba
training.mode=rollout
models.out_dim=10    avg_loss: 0.000000149493  time_per_window : 0.000769   progress : 0.972
name: models.architecture.block_type=simple
models.architecture.mamba_type=mamba
training.mode=rollout
models.out_dim=10    avg_loss: 0.000000129147  time_per_window : 0.000815   progress : 0.983
name: models.architecture.block_type=simple
models.architecture.mamba_type=mamba
training.mode=rollout
models.out_dim=10    avg_loss: 0.000000154184  time_per_window : 0.000873   progress : 0.994
name: models.architecture.block_type=simple
models.architecture.mamba_type=mamba
training.mode=rollout
models.out_dim=10    avg_loss: 0.000003145766  time_per_window : 0.000802   progress : 0.011
name: models.architecture.block_type=simple
models.architecture.mamba_type=mamba
training.mode=rollout
models.out_dim=10    avg_loss: 0.000000144129  time_per_window : 0.000863   progress : 0.022
name: models.architecture.block_type=simple
models.architecture.mamba_type=mamba
training.mode=rollout
models.out_dim=10    avg_loss: 0.000000131023  time_per_window : 0.000714   progress : 0.033
name: models.architecture.block_type=simple
models.architecture.mamba_type=mamba
training.mode=rollout
models.out_dim=10    avg_loss: 0.000000144839  time_per_window : 0.000826   progress : 0.044
name: models.architecture.block_type=simple
models.architecture.mamba_type=mamba
training.mode=rollout
models.out_dim=10    avg_loss: 0.000000140632  time_per_window : 0.000825   progress : 0.055
name: models.architecture.block_type=simple
models.architecture.mamba_type=mamba
training.mode=rollout
models.out_dim=10    avg_loss: 0.000000146792  time_per_window : 0.000859   progress : 0.066
name: models.architecture.block_type=simple
models.architecture.mamba_type=mamba
training.mode=rollout
models.out_dim=10    avg_loss: 0.000000146046  time_per_window : 0.000776   progress : 0.076
name: models.architecture.block_type=simple
models.architecture.mamba_type=mamba
training.mode=rollout
models.out_dim=10    avg_loss: 0.000000159549  time_per_window : 0.000867   progress : 0.087
name: models.architecture.block_type=simple
models.architecture.mamba_type=mamba
training.mode=rollout
models.out_dim=10    avg_loss: 0.000000152480  time_per_window : 0.000820   progress : 0.098
name: models.architecture.block_type=simple
models.architecture.mamba_type=mamba
training.mode=rollout
models.out_dim=10    avg_loss: 0.000000152541  time_per_window : 0.000784   progress : 0.109
name: models.architecture.block_type=simple
models.architecture.mamba_type=mamba
training.mode=rollout
models.out_dim=10    avg_loss: 0.000000147512  time_per_window : 0.000852   progress : 0.120
name: models.architecture.block_type=simple
models.architecture.mamba_type=mamba
training.mode=rollout
models.out_dim=10    avg_loss: 0.000000154151  time_per_window : 0.000832   progress : 0.131
name: models.architecture.block_type=simple
models.architecture.mamba_type=mamba
training.mode=rollout
models.out_dim=10    avg_loss: 0.000000157844  time_per_window : 0.000892   progress : 0.142
name: models.architecture.block_type=simple
models.architecture.mamba_type=mamba
training.mode=rollout
models.out_dim=10    avg_loss: 0.000000170190  time_per_window : 0.000875   progress : 0.153
name: models.architecture.block_type=simple
models.architecture.mamba_type=mamba
training.mode=rollout
models.out_dim=10    avg_loss: 0.000000163899  time_per_window : 0.000802   progress : 0.164
name: models.architecture.block_type=simple
models.architecture.mamba_type=mamba
training.mode=rollout
models.out_dim=10    avg_loss: 0.000000156145  time_per_window : 0.000850   progress : 0.175
name: models.architecture.block_type=simple
models.architecture.mamba_type=mamba
training.mode=rollout
models.out_dim=10    avg_loss: 0.000000160973  time_per_window : 0.000787   progress : 0.186
name: models.architecture.block_type=simple
models.architecture.mamba_type=mamba
training.mode=rollout
models.out_dim=10    avg_loss: 0.000000163057  time_per_window : 0.000891   progress : 0.197
name: models.architecture.block_type=simple
models.architecture.mamba_type=mamba
training.mode=rollout
models.out_dim=10    avg_loss: 0.000000155637  time_per_window : 0.000806   progress : 0.208
name: models.architecture.block_type=simple
models.architecture.mamba_type=mamba
training.mode=rollout
models.out_dim=10    avg_loss: 0.000000160336  time_per_window : 0.000832   progress : 0.218
name: models.architecture.block_type=simple
models.architecture.mamba_type=mamba
training.mode=rollout
models.out_dim=10    avg_loss: 0.000000174704  time_per_window : 0.000833   progress : 0.229
name: models.architecture.block_type=simple
models.architecture.mamba_type=mamba
training.mode=rollout
models.out_dim=10    avg_loss: 0.000000171831  time_per_window : 0.000892   progress : 0.240
name: models.architecture.block_type=simple
models.architecture.mamba_type=mamba
training.mode=rollout
models.out_dim=10    avg_loss: 0.000000179713  time_per_window : 0.000870   progress : 0.251
name: models.architecture.block_type=simple
models.architecture.mamba_type=mamba
training.mode=rollout
models.out_dim=10    avg_loss: 0.000000170184  time_per_window : 0.000820   progress : 0.262
name: models.architecture.block_type=simple
models.architecture.mamba_type=mamba
training.mode=rollout
models.out_dim=10    avg_loss: 0.000000161236  time_per_window : 0.000836   progress : 0.273
name: models.architecture.block_type=simple
models.architecture.mamba_type=mamba
training.mode=rollout
models.out_dim=10    avg_loss: 0.000000168451  time_per_window : 0.000853   progress : 0.284
name: models.architecture.block_type=simple
models.architecture.mamba_type=mamba
training.mode=rollout
models.out_dim=10    avg_loss: 0.000000152301  time_per_window : 0.000894   progress : 0.295
name: models.architecture.block_type=simple
models.architecture.mamba_type=mamba
training.mode=rollout
models.out_dim=10    avg_loss: 0.000000164114  time_per_window : 0.000607   progress : 0.306
name: models.architecture.block_type=simple
models.architecture.mamba_type=mamba
training.mode=rollout
models.out_dim=10    avg_loss: 0.000000173271  time_per_window : 0.000797   progress : 0.317
name: models.architecture.block_type=simple
models.architecture.mamba_type=mamba
training.mode=rollout
models.out_dim=10    avg_loss: 0.000000151729  time_per_window : 0.000836   progress : 0.328
name: models.architecture.block_type=simple
models.architecture.mamba_type=mamba
training.mode=rollout
models.out_dim=10    avg_loss: 0.000000185506  time_per_window : 0.000889   progress : 0.339
name: models.architecture.block_type=simple
models.architecture.mamba_type=mamba
training.mode=rollout
models.out_dim=10    avg_loss: 0.000000179756  time_per_window : 0.000861   progress : 0.350
name: models.architecture.block_type=simple
models.architecture.mamba_type=mamba
training.mode=rollout
models.out_dim=10    avg_loss: 0.000000156044  time_per_window : 0.000852   progress : 0.360
name: models.architecture.block_type=simple
models.architecture.mamba_type=mamba
training.mode=rollout
models.out_dim=10    avg_loss: 0.000000162325  time_per_window : 0.000906   progress : 0.371
name: models.architecture.block_type=simple
models.architecture.mamba_type=mamba
training.mode=rollout
models.out_dim=10    avg_loss: 0.000000157498  time_per_window : 0.000869   progress : 0.382
name: models.architecture.block_type=simple
models.architecture.mamba_type=mamba
training.mode=rollout
models.out_dim=10    avg_loss: 0.000000149912  time_per_window : 0.000872   progress : 0.393
name: models.architecture.block_type=simple
models.architecture.mamba_type=mamba
training.mode=rollout
models.out_dim=10    avg_loss: 0.000000172490  time_per_window : 0.000855   progress : 0.404
name: models.architecture.block_type=simple
models.architecture.mamba_type=mamba
training.mode=rollout
models.out_dim=10    avg_loss: 0.000000169761  time_per_window : 0.000858   progress : 0.415
name: models.architecture.block_type=simple
models.architecture.mamba_type=mamba
training.mode=rollout
models.out_dim=10    avg_loss: 0.000000158660  time_per_window : 0.000846   progress : 0.426
name: models.architecture.block_type=simple
models.architecture.mamba_type=mamba
training.mode=rollout
models.out_dim=10    avg_loss: 0.000000161556  time_per_window : 0.000946   progress : 0.437
name: models.architecture.block_type=simple
models.architecture.mamba_type=mamba
training.mode=rollout
models.out_dim=10    avg_loss: 0.000000162599  time_per_window : 0.000862   progress : 0.448
name: models.architecture.block_type=simple
models.architecture.mamba_type=mamba
training.mode=rollout
models.out_dim=10    avg_loss: 0.000000140864  time_per_window : 0.000879   progress : 0.459
name: models.architecture.block_type=simple
models.architecture.mamba_type=mamba
training.mode=rollout
models.out_dim=10    avg_loss: 0.000000157623  time_per_window : 0.000827   progress : 0.470
name: models.architecture.block_type=simple
models.architecture.mamba_type=mamba
training.mode=rollout
models.out_dim=10    avg_loss: 0.000000150071  time_per_window : 0.000885   progress : 0.481
name: models.architecture.block_type=simple
models.architecture.mamba_type=mamba
training.mode=rollout
models.out_dim=10    avg_loss: 0.000000163427  time_per_window : 0.000831   progress : 0.492
name: models.architecture.block_type=simple
models.architecture.mamba_type=mamba
training.mode=rollout
models.out_dim=10    avg_loss: 0.000000153439  time_per_window : 0.000863   progress : 0.502
name: models.architecture.block_type=simple
models.architecture.mamba_type=mamba
training.mode=rollout
models.out_dim=10    avg_loss: 0.000000141789  time_per_window : 0.000889   progress : 0.513
name: models.architecture.block_type=simple
models.architecture.mamba_type=mamba
training.mode=rollout
models.out_dim=10    avg_loss: 0.000000163260  time_per_window : 0.000857   progress : 0.524
name: models.architecture.block_type=simple
models.architecture.mamba_type=mamba
training.mode=rollout
models.out_dim=10    avg_loss: 0.000000204940  time_per_window : 0.000853   progress : 0.535
name: models.architecture.block_type=simple
models.architecture.mamba_type=mamba
training.mode=rollout
models.out_dim=10    avg_loss: 0.000000159110  time_per_window : 0.000827   progress : 0.546
name: models.architecture.block_type=simple
models.architecture.mamba_type=mamba
training.mode=rollout
models.out_dim=10    avg_loss: 0.000000150823  time_per_window : 0.000894   progress : 0.557
name: models.architecture.block_type=simple
models.architecture.mamba_type=mamba
training.mode=rollout
models.out_dim=10    avg_loss: 0.000000160166  time_per_window : 0.000872   progress : 0.568
name: models.architecture.block_type=simple
models.architecture.mamba_type=mamba
training.mode=rollout
models.out_dim=10    avg_loss: 0.000000145299  time_per_window : 0.000858   progress : 0.579
name: models.architecture.block_type=simple
models.architecture.mamba_type=mamba
training.mode=rollout
models.out_dim=10    avg_loss: 0.000000155076  time_per_window : 0.000873   progress : 0.590
name: models.architecture.block_type=simple
models.architecture.mamba_type=mamba
training.mode=rollout
models.out_dim=10    avg_loss: 0.000000148482  time_per_window : 0.000862   progress : 0.601
name: models.architecture.block_type=simple
models.architecture.mamba_type=mamba
training.mode=rollout
models.out_dim=10    avg_loss: 0.000000146880  time_per_window : 0.000857   progress : 0.612
name: models.architecture.block_type=simple
models.architecture.mamba_type=mamba
training.mode=rollout
models.out_dim=10    avg_loss: 0.000000142975  time_per_window : 0.000869   progress : 0.623
name: models.architecture.block_type=simple
models.architecture.mamba_type=mamba
training.mode=rollout
models.out_dim=10    avg_loss: 0.000000151883  time_per_window : 0.000825   progress : 0.634
name: models.architecture.block_type=simple
models.architecture.mamba_type=mamba
training.mode=rollout
models.out_dim=10    avg_loss: 0.000000167806  time_per_window : 0.000665   progress : 0.644
name: models.architecture.block_type=simple
models.architecture.mamba_type=mamba
training.mode=rollout
models.out_dim=10    avg_loss: 0.000000145173  time_per_window : 0.000867   progress : 0.655
name: models.architecture.block_type=simple
models.architecture.mamba_type=mamba
training.mode=rollout
models.out_dim=10    avg_loss: 0.000000171193  time_per_window : 0.000863   progress : 0.666
name: models.architecture.block_type=simple
models.architecture.mamba_type=mamba
training.mode=rollout
models.out_dim=10    avg_loss: 0.000000140159  time_per_window : 0.000852   progress : 0.677
name: models.architecture.block_type=simple
models.architecture.mamba_type=mamba
training.mode=rollout
models.out_dim=10    avg_loss: 0.000000149547  time_per_window : 0.000800   progress : 0.688
name: models.architecture.block_type=simple
models.architecture.mamba_type=mamba
training.mode=rollout
models.out_dim=10    avg_loss: 0.000000169723  time_per_window : 0.000910   progress : 0.699
name: models.architecture.block_type=simple
models.architecture.mamba_type=mamba
training.mode=rollout
models.out_dim=10    avg_loss: 0.000000138107  time_per_window : 0.000846   progress : 0.710
name: models.architecture.block_type=simple
models.architecture.mamba_type=mamba
training.mode=rollout
models.out_dim=10    avg_loss: 0.000000142589  time_per_window : 0.000881   progress : 0.721
name: models.architecture.block_type=simple
models.architecture.mamba_type=mamba
training.mode=rollout
models.out_dim=10    avg_loss: 0.000000164812  time_per_window : 0.000893   progress : 0.732
name: models.architecture.block_type=simple
models.architecture.mamba_type=mamba
training.mode=rollout
models.out_dim=10    avg_loss: 0.000000141641  time_per_window : 0.000876   progress : 0.743
name: models.architecture.block_type=simple
models.architecture.mamba_type=mamba
training.mode=rollout
models.out_dim=10    avg_loss: 0.000000164873  time_per_window : 0.000851   progress : 0.754
name: models.architecture.block_type=simple
models.architecture.mamba_type=mamba
training.mode=rollout
models.out_dim=10    avg_loss: 0.000000151424  time_per_window : 0.000870   progress : 0.765
name: models.architecture.block_type=simple
models.architecture.mamba_type=mamba
training.mode=rollout
models.out_dim=10    avg_loss: 0.000000147510  time_per_window : 0.000867   progress : 0.775
name: models.architecture.block_type=simple
models.architecture.mamba_type=mamba
training.mode=rollout
models.out_dim=10    avg_loss: 0.000000145666  time_per_window : 0.000882   progress : 0.786
name: models.architecture.block_type=simple
models.architecture.mamba_type=mamba
training.mode=rollout
models.out_dim=10    avg_loss: 0.000000150691  time_per_window : 0.000860   progress : 0.797
name: models.architecture.block_type=simple
models.architecture.mamba_type=mamba
training.mode=rollout
models.out_dim=10    avg_loss: 0.000000142126  time_per_window : 0.000848   progress : 0.808
name: models.architecture.block_type=simple
models.architecture.mamba_type=mamba
training.mode=rollout
models.out_dim=10    avg_loss: 0.000006674961  time_per_window : 0.000842   progress : 0.819
name: models.architecture.block_type=simple
models.architecture.mamba_type=mamba
training.mode=rollout
models.out_dim=10    avg_loss: 0.000003218090  time_per_window : 0.000742   progress : 0.830
name: models.architecture.block_type=simple
models.architecture.mamba_type=mamba
training.mode=rollout
models.out_dim=10    avg_loss: 0.000000281531  time_per_window : 0.000866   progress : 0.841
name: models.architecture.block_type=simple
models.architecture.mamba_type=mamba
training.mode=rollout
models.out_dim=10    avg_loss: 0.000000145369  time_per_window : 0.000844   progress : 0.852
name: models.architecture.block_type=simple
models.architecture.mamba_type=mamba
training.mode=rollout
models.out_dim=10    avg_loss: 0.000000147726  time_per_window : 0.000901   progress : 0.863
name: models.architecture.block_type=simple
models.architecture.mamba_type=mamba
training.mode=rollout
models.out_dim=10    avg_loss: 0.000000132703  time_per_window : 0.000878   progress : 0.874
name: models.architecture.block_type=simple
models.architecture.mamba_type=mamba
training.mode=rollout
models.out_dim=10    avg_loss: 0.000000128698  time_per_window : 0.000885   progress : 0.885
name: models.architecture.block_type=simple
models.architecture.mamba_type=mamba
training.mode=rollout
models.out_dim=10    avg_loss: 0.000000133578  time_per_window : 0.000840   progress : 0.896
name: models.architecture.block_type=simple
models.architecture.mamba_type=mamba
training.mode=rollout
models.out_dim=10    avg_loss: 0.000000133054  time_per_window : 0.000874   progress : 0.907
name: models.architecture.block_type=simple
models.architecture.mamba_type=mamba
training.mode=rollout
models.out_dim=10    avg_loss: 0.000000132995  time_per_window : 0.000833   progress : 0.917
name: models.architecture.block_type=simple
models.architecture.mamba_type=mamba
training.mode=rollout
models.out_dim=10    avg_loss: 0.000000132645  time_per_window : 0.000845   progress : 0.928
name: models.architecture.block_type=simple
models.architecture.mamba_type=mamba
training.mode=rollout
models.out_dim=10    avg_loss: 0.000000127777  time_per_window : 0.000882   progress : 0.939
name: models.architecture.block_type=simple
models.architecture.mamba_type=mamba
training.mode=rollout
models.out_dim=10    avg_loss: 0.000000129463  time_per_window : 0.000806   progress : 0.950
name: models.architecture.block_type=simple
models.architecture.mamba_type=mamba
training.mode=rollout
models.out_dim=10    avg_loss: 0.000000137330  time_per_window : 0.000865   progress : 0.961
name: models.architecture.block_type=simple
models.architecture.mamba_type=mamba
training.mode=rollout
models.out_dim=10    avg_loss: 0.000000139095  time_per_window : 0.000863   progress : 0.972
name: models.architecture.block_type=simple
models.architecture.mamba_type=mamba
training.mode=rollout
models.out_dim=10    avg_loss: 0.000000129396  time_per_window : 0.000764   progress : 0.983
name: models.architecture.block_type=simple
models.architecture.mamba_type=mamba
training.mode=rollout
models.out_dim=10    avg_loss: 0.000000156753  time_per_window : 0.000872   progress : 0.994
DONE!!!
