/home/jdihardjo/miniconda3/envs/mavenv/lib/python3.11/site-packages/hydra/_internal/defaults_list.py:251: UserWarning: In 'config': Defaults list is missing `_self_`. See https://hydra.cc/docs/1.2/upgrades/1.0_to_1.1/default_composition_order for more information
  warnings.warn(msg, UserWarning)
Using cuda:0 device
[2026-07-23 10:49:22,179][HYDRA] Joblib.Parallel(n_jobs=4,backend=loky,prefer=processes,require=None,verbose=0,timeout=None,pre_dispatch=2*n_jobs,batch_size=auto,temp_folder=None,max_nbytes=None,mmap_mode=r) is launching 1 jobs
[2026-07-23 10:49:22,179][HYDRA] Launching jobs, sweep output dir : ablation_runs/2026-07-23_10-49-16/simple_mamba_gml_rollout
[2026-07-23 10:49:22,179][HYDRA] 	#0 : models.architecture.block_type=simple models.architecture.mamba_type=mamba training.mode=gml_rollout
/home/jdihardjo/miniconda3/envs/mavenv/lib/python3.11/site-packages/hydra/_internal/defaults_list.py:251: UserWarning: In 'config': Defaults list is missing `_self_`. See https://hydra.cc/docs/1.2/upgrades/1.0_to_1.1/default_composition_order for more information
  warnings.warn(msg, UserWarning)
models:
  n_dim: 23
  out_dim: 10
  architecture:
    d_model: 128
    n_encoder_layers: 2
    n_decoder_layers: 0
    block_type: simple
    time_adapter: last_token
    in_norm: none
    out_norm: none
    layer_scale: 0.0001
    drop_path: 0.05
    mamba_type: mamba
    mamba_kwargs:
      d_state: 16
      d_conv: 2
      expand: 2
      norm: rms
    skip: false
    cls_kwargs:
      n_heads: 2
      n_mlp: 2
      positional_encoding: false
      max_len: 5000
input_len: 32
output_len: 1
batch_size: 128
epochs: 5
seed: 0
dataset:
  path: /home/jdihardjo/simdata/train.zarr/
  training_size: 1500000
evaluation:
  path: /home/jdihardjo/simdata/evaluation.zarr/
  evaluation_size: 50
training:
  mode: gml_rollout
  lr: 0.0002
  weight_decay: 0.1
  rollout_steps: 16
checkpoint:
  save_path: hydra-test.pth
  load: false
  path: hydra-test.pth
compile: true

/home/jdihardjo/miniconda3/envs/mavenv/lib/python3.11/site-packages/torch/_dynamo/variables/functions.py:2311: UserWarning: Dynamo does not know how to trace the builtin `selective_scan_cuda.pybind11_detail_function_record_v1_system_libstdcpp_gxx_abi_1xxx_use_cxx11_abi_1.fwd.` This function is either a Python builtin (e.g. _warnings.warn) or a third-party C/C++ Python extension (perhaps created with pybind).
If it is a Python builtin, please file an issue on GitHub so the PyTorch team can add support for it and see the next case for a workaround.
If it is a third-party C/C++ Python extension, please either wrap it into a PyTorch-understood custom operator (see https://pytorch.org/tutorials/advanced/custom_ops_landing_page.html for more details) or, if it is traceable, use `torch.compiler.allow_in_graph`.
  torch._dynamo.utils.warn_once(explanation + "\n" + "\n".join(hints))
/home/jdihardjo/miniconda3/envs/mavenv/lib/python3.11/site-packages/torch/_inductor/cudagraph_trees.py:2622: UserWarning: Unable to hit fast path of CUDAGraphs because outputs from a previous step still require backward. Ensure backward() is invoked or detach outputs. You may also call torch.compiler.cudagraph_mark_step_begin() before each model invocation.
  warnings.warn(
name: models.architecture.block_type=simple
models.architecture.mamba_type=mamba
training.mode=gml_rollout    avg_loss: 0.000154039066  time_per_window : 0.000576   progress : 0.011
name: models.architecture.block_type=simple
models.architecture.mamba_type=mamba
training.mode=gml_rollout    avg_loss: 0.000000231388  time_per_window : 0.000769   progress : 0.022
name: models.architecture.block_type=simple
models.architecture.mamba_type=mamba
training.mode=gml_rollout    avg_loss: 0.000000208330  time_per_window : 0.000745   progress : 0.033
name: models.architecture.block_type=simple
models.architecture.mamba_type=mamba
training.mode=gml_rollout    avg_loss: 0.000000197355  time_per_window : 0.000761   progress : 0.044
name: models.architecture.block_type=simple
models.architecture.mamba_type=mamba
training.mode=gml_rollout    avg_loss: 0.000000184653  time_per_window : 0.000800   progress : 0.055
name: models.architecture.block_type=simple
models.architecture.mamba_type=mamba
training.mode=gml_rollout    avg_loss: 0.000000175335  time_per_window : 0.000804   progress : 0.066
name: models.architecture.block_type=simple
models.architecture.mamba_type=mamba
training.mode=gml_rollout    avg_loss: 0.000000163711  time_per_window : 0.000769   progress : 0.076
name: models.architecture.block_type=simple
models.architecture.mamba_type=mamba
training.mode=gml_rollout    avg_loss: 0.000000158008  time_per_window : 0.000776   progress : 0.087
name: models.architecture.block_type=simple
models.architecture.mamba_type=mamba
training.mode=gml_rollout    avg_loss: 0.000000152649  time_per_window : 0.000741   progress : 0.098
name: models.architecture.block_type=simple
models.architecture.mamba_type=mamba
training.mode=gml_rollout    avg_loss: 0.000000152004  time_per_window : 0.000770   progress : 0.109
name: models.architecture.block_type=simple
models.architecture.mamba_type=mamba
training.mode=gml_rollout    avg_loss: 0.000000142624  time_per_window : 0.000791   progress : 0.120
name: models.architecture.block_type=simple
models.architecture.mamba_type=mamba
training.mode=gml_rollout    avg_loss: 0.000000137430  time_per_window : 0.000807   progress : 0.131
name: models.architecture.block_type=simple
models.architecture.mamba_type=mamba
training.mode=gml_rollout    avg_loss: 0.000000131007  time_per_window : 0.000769   progress : 0.142
name: models.architecture.block_type=simple
models.architecture.mamba_type=mamba
training.mode=gml_rollout    avg_loss: 0.000000121485  time_per_window : 0.000808   progress : 0.153
name: models.architecture.block_type=simple
models.architecture.mamba_type=mamba
training.mode=gml_rollout    avg_loss: 0.000000113682  time_per_window : 0.000772   progress : 0.164
name: models.architecture.block_type=simple
models.architecture.mamba_type=mamba
training.mode=gml_rollout    avg_loss: 0.000000104051  time_per_window : 0.000756   progress : 0.175
name: models.architecture.block_type=simple
models.architecture.mamba_type=mamba
training.mode=gml_rollout    avg_loss: 0.000000100352  time_per_window : 0.000691   progress : 0.186
name: models.architecture.block_type=simple
models.architecture.mamba_type=mamba
training.mode=gml_rollout    avg_loss: 0.000000092636  time_per_window : 0.000764   progress : 0.197
name: models.architecture.block_type=simple
models.architecture.mamba_type=mamba
training.mode=gml_rollout    avg_loss: 0.000000084391  time_per_window : 0.000781   progress : 0.208
name: models.architecture.block_type=simple
models.architecture.mamba_type=mamba
training.mode=gml_rollout    avg_loss: 0.000000075460  time_per_window : 0.000728   progress : 0.218
name: models.architecture.block_type=simple
models.architecture.mamba_type=mamba
training.mode=gml_rollout    avg_loss: 0.000000069851  time_per_window : 0.000725   progress : 0.229
name: models.architecture.block_type=simple
models.architecture.mamba_type=mamba
training.mode=gml_rollout    avg_loss: 0.000000062273  time_per_window : 0.000786   progress : 0.240
name: models.architecture.block_type=simple
models.architecture.mamba_type=mamba
training.mode=gml_rollout    avg_loss: 0.000000053026  time_per_window : 0.000766   progress : 0.251
name: models.architecture.block_type=simple
models.architecture.mamba_type=mamba
training.mode=gml_rollout    avg_loss: 0.000000044753  time_per_window : 0.000797   progress : 0.262
name: models.architecture.block_type=simple
models.architecture.mamba_type=mamba
training.mode=gml_rollout    avg_loss: 0.000000042725  time_per_window : 0.000743   progress : 0.273
name: models.architecture.block_type=simple
models.architecture.mamba_type=mamba
training.mode=gml_rollout    avg_loss: 0.000000040328  time_per_window : 0.000720   progress : 0.284
name: models.architecture.block_type=simple
models.architecture.mamba_type=mamba
training.mode=gml_rollout    avg_loss: 0.000000041438  time_per_window : 0.000741   progress : 0.295
name: models.architecture.block_type=simple
models.architecture.mamba_type=mamba
training.mode=gml_rollout    avg_loss: 0.000000038431  time_per_window : 0.000723   progress : 0.306
name: models.architecture.block_type=simple
models.architecture.mamba_type=mamba
training.mode=gml_rollout    avg_loss: 0.000000037265  time_per_window : 0.000775   progress : 0.317
name: models.architecture.block_type=simple
models.architecture.mamba_type=mamba
training.mode=gml_rollout    avg_loss: 0.000000038340  time_per_window : 0.000750   progress : 0.328
name: models.architecture.block_type=simple
models.architecture.mamba_type=mamba
training.mode=gml_rollout    avg_loss: 0.000000041714  time_per_window : 0.000790   progress : 0.339
name: models.architecture.block_type=simple
models.architecture.mamba_type=mamba
training.mode=gml_rollout    avg_loss: 0.000000039053  time_per_window : 0.000664   progress : 0.350
name: models.architecture.block_type=simple
models.architecture.mamba_type=mamba
training.mode=gml_rollout    avg_loss: 0.000000036450  time_per_window : 0.000780   progress : 0.360
name: models.architecture.block_type=simple
models.architecture.mamba_type=mamba
training.mode=gml_rollout    avg_loss: 0.000000040683  time_per_window : 0.000773   progress : 0.371
name: models.architecture.block_type=simple
models.architecture.mamba_type=mamba
training.mode=gml_rollout    avg_loss: 0.000000042925  time_per_window : 0.000577   progress : 0.382
name: models.architecture.block_type=simple
models.architecture.mamba_type=mamba
training.mode=gml_rollout    avg_loss: 0.000000042173  time_per_window : 0.000786   progress : 0.393
name: models.architecture.block_type=simple
models.architecture.mamba_type=mamba
training.mode=gml_rollout    avg_loss: 0.000000046516  time_per_window : 0.000721   progress : 0.404
name: models.architecture.block_type=simple
models.architecture.mamba_type=mamba
training.mode=gml_rollout    avg_loss: 0.000000039139  time_per_window : 0.000806   progress : 0.415
name: models.architecture.block_type=simple
models.architecture.mamba_type=mamba
training.mode=gml_rollout    avg_loss: 0.000000040145  time_per_window : 0.000779   progress : 0.426
name: models.architecture.block_type=simple
models.architecture.mamba_type=mamba
training.mode=gml_rollout    avg_loss: 0.000000044481  time_per_window : 0.000740   progress : 0.437
name: models.architecture.block_type=simple
models.architecture.mamba_type=mamba
training.mode=gml_rollout    avg_loss: 0.000000040748  time_per_window : 0.000721   progress : 0.448
name: models.architecture.block_type=simple
models.architecture.mamba_type=mamba
training.mode=gml_rollout    avg_loss: 0.000000042849  time_per_window : 0.000765   progress : 0.459
name: models.architecture.block_type=simple
models.architecture.mamba_type=mamba
training.mode=gml_rollout    avg_loss: 0.000000049155  time_per_window : 0.000731   progress : 0.470
name: models.architecture.block_type=simple
models.architecture.mamba_type=mamba
training.mode=gml_rollout    avg_loss: 0.000000041142  time_per_window : 0.000823   progress : 0.481
name: models.architecture.block_type=simple
models.architecture.mamba_type=mamba
training.mode=gml_rollout    avg_loss: 0.000000040701  time_per_window : 0.000812   progress : 0.492
name: models.architecture.block_type=simple
models.architecture.mamba_type=mamba
training.mode=gml_rollout    avg_loss: 0.000000046340  time_per_window : 0.000786   progress : 0.502/home/jdihardjo/miniconda3/envs/mavenv/lib/python3.11/site-packages/torch/_inductor/cudagraph_trees.py:2622: UserWarning: Unable to hit fast path of CUDAGraphs because outputs from a previous step still require backward. Ensure backward() is invoked or detach outputs. You may also call torch.compiler.cudagraph_mark_step_begin() before each model invocation.
  warnings.warn(
/home/jdihardjo/miniconda3/envs/mavenv/lib/python3.11/site-packages/torch/_inductor/cudagraph_trees.py:2622: UserWarning: Unable to hit fast path of CUDAGraphs because outputs from a previous step still require backward. Ensure backward() is invoked or detach outputs. You may also call torch.compiler.cudagraph_mark_step_begin() before each model invocation.
  warnings.warn(

name: models.architecture.block_type=simple
models.architecture.mamba_type=mamba
training.mode=gml_rollout    avg_loss: 0.000000048983  time_per_window : 0.000808   progress : 0.513
name: models.architecture.block_type=simple
models.architecture.mamba_type=mamba
training.mode=gml_rollout    avg_loss: 0.000000037433  time_per_window : 0.000830   progress : 0.524
name: models.architecture.block_type=simple
models.architecture.mamba_type=mamba
training.mode=gml_rollout    avg_loss: 0.000000043427  time_per_window : 0.000829   progress : 0.535
name: models.architecture.block_type=simple
models.architecture.mamba_type=mamba
training.mode=gml_rollout    avg_loss: 0.000000043755  time_per_window : 0.000800   progress : 0.546
name: models.architecture.block_type=simple
models.architecture.mamba_type=mamba
training.mode=gml_rollout    avg_loss: 0.000000044805  time_per_window : 0.000805   progress : 0.557
name: models.architecture.block_type=simple
models.architecture.mamba_type=mamba
training.mode=gml_rollout    avg_loss: 0.000000047696  time_per_window : 0.000800   progress : 0.568
name: models.architecture.block_type=simple
models.architecture.mamba_type=mamba
training.mode=gml_rollout    avg_loss: 0.000000044732  time_per_window : 0.000782   progress : 0.579
name: models.architecture.block_type=simple
models.architecture.mamba_type=mamba
training.mode=gml_rollout    avg_loss: 0.000000041703  time_per_window : 0.000755   progress : 0.590
name: models.architecture.block_type=simple
models.architecture.mamba_type=mamba
training.mode=gml_rollout    avg_loss: 0.000000037680  time_per_window : 0.000769   progress : 0.601
name: models.architecture.block_type=simple
models.architecture.mamba_type=mamba
training.mode=gml_rollout    avg_loss: 0.000000047872  time_per_window : 0.000727   progress : 0.612
name: models.architecture.block_type=simple
models.architecture.mamba_type=mamba
training.mode=gml_rollout    avg_loss: 0.000000038895  time_per_window : 0.000818   progress : 0.623
name: models.architecture.block_type=simple
models.architecture.mamba_type=mamba
training.mode=gml_rollout    avg_loss: 0.000000039934  time_per_window : 0.000792   progress : 0.634
name: models.architecture.block_type=simple
models.architecture.mamba_type=mamba
training.mode=gml_rollout    avg_loss: 0.000000039276  time_per_window : 0.000775   progress : 0.644
name: models.architecture.block_type=simple
models.architecture.mamba_type=mamba
training.mode=gml_rollout    avg_loss: 0.000000041390  time_per_window : 0.000849   progress : 0.655
name: models.architecture.block_type=simple
models.architecture.mamba_type=mamba
training.mode=gml_rollout    avg_loss: 0.000000038550  time_per_window : 0.000812   progress : 0.666
name: models.architecture.block_type=simple
models.architecture.mamba_type=mamba
training.mode=gml_rollout    avg_loss: 0.000000042506  time_per_window : 0.000764   progress : 0.677
name: models.architecture.block_type=simple
models.architecture.mamba_type=mamba
training.mode=gml_rollout    avg_loss: 0.000000039505  time_per_window : 0.000793   progress : 0.688
name: models.architecture.block_type=simple
models.architecture.mamba_type=mamba
training.mode=gml_rollout    avg_loss: 0.000000042949  time_per_window : 0.000745   progress : 0.699
name: models.architecture.block_type=simple
models.architecture.mamba_type=mamba
training.mode=gml_rollout    avg_loss: 0.000000036809  time_per_window : 0.000764   progress : 0.710
name: models.architecture.block_type=simple
models.architecture.mamba_type=mamba
training.mode=gml_rollout    avg_loss: 0.000000034628  time_per_window : 0.000808   progress : 0.721
name: models.architecture.block_type=simple
models.architecture.mamba_type=mamba
training.mode=gml_rollout    avg_loss: 0.000000040554  time_per_window : 0.000821   progress : 0.732
name: models.architecture.block_type=simple
models.architecture.mamba_type=mamba
training.mode=gml_rollout    avg_loss: 0.000000037913  time_per_window : 0.000681   progress : 0.743
name: models.architecture.block_type=simple
models.architecture.mamba_type=mamba
training.mode=gml_rollout    avg_loss: 0.000000037683  time_per_window : 0.000807   progress : 0.754
name: models.architecture.block_type=simple
models.architecture.mamba_type=mamba
training.mode=gml_rollout    avg_loss: 0.000000036231  time_per_window : 0.000808   progress : 0.765
name: models.architecture.block_type=simple
models.architecture.mamba_type=mamba
training.mode=gml_rollout    avg_loss: 0.000000036927  time_per_window : 0.000775   progress : 0.775
name: models.architecture.block_type=simple
models.architecture.mamba_type=mamba
training.mode=gml_rollout    avg_loss: 0.000000038486  time_per_window : 0.000734   progress : 0.786
name: models.architecture.block_type=simple
models.architecture.mamba_type=mamba
training.mode=gml_rollout    avg_loss: 0.000000037305  time_per_window : 0.000786   progress : 0.797
name: models.architecture.block_type=simple
models.architecture.mamba_type=mamba
training.mode=gml_rollout    avg_loss: 0.000000031835  time_per_window : 0.000747   progress : 0.808
name: models.architecture.block_type=simple
models.architecture.mamba_type=mamba
training.mode=gml_rollout    avg_loss: 0.000000034786  time_per_window : 0.000797   progress : 0.819
name: models.architecture.block_type=simple
models.architecture.mamba_type=mamba
training.mode=gml_rollout    avg_loss: 0.000000031618  time_per_window : 0.000783   progress : 0.830
name: models.architecture.block_type=simple
models.architecture.mamba_type=mamba
training.mode=gml_rollout    avg_loss: 0.000000036290  time_per_window : 0.000701   progress : 0.841
name: models.architecture.block_type=simple
models.architecture.mamba_type=mamba
training.mode=gml_rollout    avg_loss: 0.000000030214  time_per_window : 0.000792   progress : 0.852
name: models.architecture.block_type=simple
models.architecture.mamba_type=mamba
training.mode=gml_rollout    avg_loss: 0.000000036285  time_per_window : 0.000754   progress : 0.863
name: models.architecture.block_type=simple
models.architecture.mamba_type=mamba
training.mode=gml_rollout    avg_loss: 0.000000033536  time_per_window : 0.000811   progress : 0.874
name: models.architecture.block_type=simple
models.architecture.mamba_type=mamba
training.mode=gml_rollout    avg_loss: 0.000000036486  time_per_window : 0.000772   progress : 0.885
name: models.architecture.block_type=simple
models.architecture.mamba_type=mamba
training.mode=gml_rollout    avg_loss: 0.000000028123  time_per_window : 0.000824   progress : 0.896
name: models.architecture.block_type=simple
models.architecture.mamba_type=mamba
training.mode=gml_rollout    avg_loss: 0.000000030217  time_per_window : 0.000838   progress : 0.907
name: models.architecture.block_type=simple
models.architecture.mamba_type=mamba
training.mode=gml_rollout    avg_loss: 0.000000034305  time_per_window : 0.000786   progress : 0.917
name: models.architecture.block_type=simple
models.architecture.mamba_type=mamba
training.mode=gml_rollout    avg_loss: 0.000000028203  time_per_window : 0.000811   progress : 0.928
name: models.architecture.block_type=simple
models.architecture.mamba_type=mamba
training.mode=gml_rollout    avg_loss: 0.000000035327  time_per_window : 0.000732   progress : 0.939
name: models.architecture.block_type=simple
models.architecture.mamba_type=mamba
training.mode=gml_rollout    avg_loss: 0.000000030138  time_per_window : 0.000807   progress : 0.950
name: models.architecture.block_type=simple
models.architecture.mamba_type=mamba
training.mode=gml_rollout    avg_loss: 0.000000031716  time_per_window : 0.000796   progress : 0.961
name: models.architecture.block_type=simple
models.architecture.mamba_type=mamba
training.mode=gml_rollout    avg_loss: 0.000000028887  time_per_window : 0.000757   progress : 0.972
name: models.architecture.block_type=simple
models.architecture.mamba_type=mamba
training.mode=gml_rollout    avg_loss: 0.000000029553  time_per_window : 0.000736   progress : 0.983
name: models.architecture.block_type=simple
models.architecture.mamba_type=mamba
training.mode=gml_rollout    avg_loss: 0.000000028464  time_per_window : 0.000784   progress : 0.994
name: models.architecture.block_type=simple
models.architecture.mamba_type=mamba
training.mode=gml_rollout    avg_loss: 0.000000036733  time_per_window : 0.000793   progress : 0.011
name: models.architecture.block_type=simple
models.architecture.mamba_type=mamba
training.mode=gml_rollout    avg_loss: 0.000000034988  time_per_window : 0.000872   progress : 0.022
name: models.architecture.block_type=simple
models.architecture.mamba_type=mamba
training.mode=gml_rollout    avg_loss: 0.000000035002  time_per_window : 0.000806   progress : 0.033
name: models.architecture.block_type=simple
models.architecture.mamba_type=mamba
training.mode=gml_rollout    avg_loss: 0.000000033128  time_per_window : 0.000812   progress : 0.044
name: models.architecture.block_type=simple
models.architecture.mamba_type=mamba
training.mode=gml_rollout    avg_loss: 0.000000032249  time_per_window : 0.000875   progress : 0.055
name: models.architecture.block_type=simple
models.architecture.mamba_type=mamba
training.mode=gml_rollout    avg_loss: 0.000000031378  time_per_window : 0.000846   progress : 0.066
name: models.architecture.block_type=simple
models.architecture.mamba_type=mamba
training.mode=gml_rollout    avg_loss: 0.000000031756  time_per_window : 0.000821   progress : 0.076
name: models.architecture.block_type=simple
models.architecture.mamba_type=mamba
training.mode=gml_rollout    avg_loss: 0.000000026778  time_per_window : 0.000860   progress : 0.087
name: models.architecture.block_type=simple
models.architecture.mamba_type=mamba
training.mode=gml_rollout    avg_loss: 0.000000033702  time_per_window : 0.000863   progress : 0.098
name: models.architecture.block_type=simple
models.architecture.mamba_type=mamba
training.mode=gml_rollout    avg_loss: 0.000000029535  time_per_window : 0.000836   progress : 0.109
name: models.architecture.block_type=simple
models.architecture.mamba_type=mamba
training.mode=gml_rollout    avg_loss: 0.000000035056  time_per_window : 0.000831   progress : 0.120
name: models.architecture.block_type=simple
models.architecture.mamba_type=mamba
training.mode=gml_rollout    avg_loss: 0.000000026921  time_per_window : 0.000872   progress : 0.131
name: models.architecture.block_type=simple
models.architecture.mamba_type=mamba
training.mode=gml_rollout    avg_loss: 0.000000029682  time_per_window : 0.000830   progress : 0.142
name: models.architecture.block_type=simple
models.architecture.mamba_type=mamba
training.mode=gml_rollout    avg_loss: 0.000000035806  time_per_window : 0.000801   progress : 0.153
name: models.architecture.block_type=simple
models.architecture.mamba_type=mamba
training.mode=gml_rollout    avg_loss: 0.000000028012  time_per_window : 0.000833   progress : 0.164
name: models.architecture.block_type=simple
models.architecture.mamba_type=mamba
training.mode=gml_rollout    avg_loss: 0.000000031060  time_per_window : 0.000816   progress : 0.175
name: models.architecture.block_type=simple
models.architecture.mamba_type=mamba
training.mode=gml_rollout    avg_loss: 0.000000027077  time_per_window : 0.000816   progress : 0.186
name: models.architecture.block_type=simple
models.architecture.mamba_type=mamba
training.mode=gml_rollout    avg_loss: 0.000000030419  time_per_window : 0.000825   progress : 0.197
name: models.architecture.block_type=simple
models.architecture.mamba_type=mamba
training.mode=gml_rollout    avg_loss: 0.000000026448  time_per_window : 0.000837   progress : 0.208
name: models.architecture.block_type=simple
models.architecture.mamba_type=mamba
training.mode=gml_rollout    avg_loss: 0.000000028378  time_per_window : 0.000844   progress : 0.218
name: models.architecture.block_type=simple
models.architecture.mamba_type=mamba
training.mode=gml_rollout    avg_loss: 0.000000026904  time_per_window : 0.000810   progress : 0.229
name: models.architecture.block_type=simple
models.architecture.mamba_type=mamba
training.mode=gml_rollout    avg_loss: 0.000000024619  time_per_window : 0.000852   progress : 0.240
name: models.architecture.block_type=simple
models.architecture.mamba_type=mamba
training.mode=gml_rollout    avg_loss: 0.000000030833  time_per_window : 0.000864   progress : 0.251
name: models.architecture.block_type=simple
models.architecture.mamba_type=mamba
training.mode=gml_rollout    avg_loss: 0.000000026304  time_per_window : 0.000811   progress : 0.262
name: models.architecture.block_type=simple
models.architecture.mamba_type=mamba
training.mode=gml_rollout    avg_loss: 0.000000025040  time_per_window : 0.000803   progress : 0.273
name: models.architecture.block_type=simple
models.architecture.mamba_type=mamba
training.mode=gml_rollout    avg_loss: 0.000000024236  time_per_window : 0.000856   progress : 0.284
name: models.architecture.block_type=simple
models.architecture.mamba_type=mamba
training.mode=gml_rollout    avg_loss: 0.000000022601  time_per_window : 0.000797   progress : 0.295
name: models.architecture.block_type=simple
models.architecture.mamba_type=mamba
training.mode=gml_rollout    avg_loss: 0.000000025145  time_per_window : 0.000852   progress : 0.306
name: models.architecture.block_type=simple
models.architecture.mamba_type=mamba
training.mode=gml_rollout    avg_loss: 0.000000022736  time_per_window : 0.000822   progress : 0.317
name: models.architecture.block_type=simple
models.architecture.mamba_type=mamba
training.mode=gml_rollout    avg_loss: 0.000000022231  time_per_window : 0.000834   progress : 0.328
name: models.architecture.block_type=simple
models.architecture.mamba_type=mamba
training.mode=gml_rollout    avg_loss: 0.000000023390  time_per_window : 0.000931   progress : 0.339
name: models.architecture.block_type=simple
models.architecture.mamba_type=mamba
training.mode=gml_rollout    avg_loss: 0.000000020994  time_per_window : 0.000871   progress : 0.350
name: models.architecture.block_type=simple
models.architecture.mamba_type=mamba
training.mode=gml_rollout    avg_loss: 0.000000019206  time_per_window : 0.000778   progress : 0.360
name: models.architecture.block_type=simple
models.architecture.mamba_type=mamba
training.mode=gml_rollout    avg_loss: 0.000000022159  time_per_window : 0.000871   progress : 0.371
name: models.architecture.block_type=simple
models.architecture.mamba_type=mamba
training.mode=gml_rollout    avg_loss: 0.000000020029  time_per_window : 0.000856   progress : 0.382
name: models.architecture.block_type=simple
models.architecture.mamba_type=mamba
training.mode=gml_rollout    avg_loss: 0.000000019935  time_per_window : 0.000812   progress : 0.393
name: models.architecture.block_type=simple
models.architecture.mamba_type=mamba
training.mode=gml_rollout    avg_loss: 0.000000020394  time_per_window : 0.000820   progress : 0.404
name: models.architecture.block_type=simple
models.architecture.mamba_type=mamba
training.mode=gml_rollout    avg_loss: 0.000000019020  time_per_window : 0.000844   progress : 0.415
name: models.architecture.block_type=simple
models.architecture.mamba_type=mamba
training.mode=gml_rollout    avg_loss: 0.000000018611  time_per_window : 0.000833   progress : 0.426
name: models.architecture.block_type=simple
models.architecture.mamba_type=mamba
training.mode=gml_rollout    avg_loss: 0.000000018773  time_per_window : 0.000810   progress : 0.437
name: models.architecture.block_type=simple
models.architecture.mamba_type=mamba
training.mode=gml_rollout    avg_loss: 0.000000018179  time_per_window : 0.000828   progress : 0.448
name: models.architecture.block_type=simple
models.architecture.mamba_type=mamba
training.mode=gml_rollout    avg_loss: 0.000000018875  time_per_window : 0.000814   progress : 0.459
name: models.architecture.block_type=simple
models.architecture.mamba_type=mamba
training.mode=gml_rollout    avg_loss: 0.000000017962  time_per_window : 0.000831   progress : 0.470
name: models.architecture.block_type=simple
models.architecture.mamba_type=mamba
training.mode=gml_rollout    avg_loss: 0.000000019197  time_per_window : 0.000810   progress : 0.481
name: models.architecture.block_type=simple
models.architecture.mamba_type=mamba
training.mode=gml_rollout    avg_loss: 0.000000018182  time_per_window : 0.000824   progress : 0.492
name: models.architecture.block_type=simple
models.architecture.mamba_type=mamba
training.mode=gml_rollout    avg_loss: 0.000000019817  time_per_window : 0.000840   progress : 0.502
name: models.architecture.block_type=simple
models.architecture.mamba_type=mamba
training.mode=gml_rollout    avg_loss: 0.000000018580  time_per_window : 0.000778   progress : 0.513
name: models.architecture.block_type=simple
models.architecture.mamba_type=mamba
training.mode=gml_rollout    avg_loss: 0.000000017592  time_per_window : 0.000859   progress : 0.524
name: models.architecture.block_type=simple
models.architecture.mamba_type=mamba
training.mode=gml_rollout    avg_loss: 0.000000017680  time_per_window : 0.000854   progress : 0.535
name: models.architecture.block_type=simple
models.architecture.mamba_type=mamba
training.mode=gml_rollout    avg_loss: 0.000000017386  time_per_window : 0.000881   progress : 0.546
name: models.architecture.block_type=simple
models.architecture.mamba_type=mamba
training.mode=gml_rollout    avg_loss: 0.000000016747  time_per_window : 0.000838   progress : 0.557
name: models.architecture.block_type=simple
models.architecture.mamba_type=mamba
training.mode=gml_rollout    avg_loss: 0.000000017482  time_per_window : 0.000738   progress : 0.568
name: models.architecture.block_type=simple
models.architecture.mamba_type=mamba
training.mode=gml_rollout    avg_loss: 0.000000018017  time_per_window : 0.000642   progress : 0.579
name: models.architecture.block_type=simple
models.architecture.mamba_type=mamba
training.mode=gml_rollout    avg_loss: 0.000000018800  time_per_window : 0.000817   progress : 0.590
name: models.architecture.block_type=simple
models.architecture.mamba_type=mamba
training.mode=gml_rollout    avg_loss: 0.000000018431  time_per_window : 0.000817   progress : 0.601
name: models.architecture.block_type=simple
models.architecture.mamba_type=mamba
training.mode=gml_rollout    avg_loss: 0.000000017751  time_per_window : 0.000900   progress : 0.612
name: models.architecture.block_type=simple
models.architecture.mamba_type=mamba
training.mode=gml_rollout    avg_loss: 0.000000016917  time_per_window : 0.000886   progress : 0.623
name: models.architecture.block_type=simple
models.architecture.mamba_type=mamba
training.mode=gml_rollout    avg_loss: 0.000000016598  time_per_window : 0.000805   progress : 0.634
name: models.architecture.block_type=simple
models.architecture.mamba_type=mamba
training.mode=gml_rollout    avg_loss: 0.000000018586  time_per_window : 0.000797   progress : 0.644
name: models.architecture.block_type=simple
models.architecture.mamba_type=mamba
training.mode=gml_rollout    avg_loss: 0.000000016255  time_per_window : 0.000723   progress : 0.655
name: models.architecture.block_type=simple
models.architecture.mamba_type=mamba
training.mode=gml_rollout    avg_loss: 0.000000016118  time_per_window : 0.000812   progress : 0.666
name: models.architecture.block_type=simple
models.architecture.mamba_type=mamba
training.mode=gml_rollout    avg_loss: 0.000000017633  time_per_window : 0.000858   progress : 0.677
name: models.architecture.block_type=simple
models.architecture.mamba_type=mamba
training.mode=gml_rollout    avg_loss: 0.000000018056  time_per_window : 0.000821   progress : 0.688
name: models.architecture.block_type=simple
models.architecture.mamba_type=mamba
training.mode=gml_rollout    avg_loss: 0.000000017163  time_per_window : 0.000655   progress : 0.699
name: models.architecture.block_type=simple
models.architecture.mamba_type=mamba
training.mode=gml_rollout    avg_loss: 0.000000017693  time_per_window : 0.000777   progress : 0.710
name: models.architecture.block_type=simple
models.architecture.mamba_type=mamba
training.mode=gml_rollout    avg_loss: 0.000000016338  time_per_window : 0.000865   progress : 0.721
name: models.architecture.block_type=simple
models.architecture.mamba_type=mamba
training.mode=gml_rollout    avg_loss: 0.000000016350  time_per_window : 0.000884   progress : 0.732
name: models.architecture.block_type=simple
models.architecture.mamba_type=mamba
training.mode=gml_rollout    avg_loss: 0.000000016523  time_per_window : 0.000883   progress : 0.743
name: models.architecture.block_type=simple
models.architecture.mamba_type=mamba
training.mode=gml_rollout    avg_loss: 0.000000017436  time_per_window : 0.000848   progress : 0.754
name: models.architecture.block_type=simple
models.architecture.mamba_type=mamba
training.mode=gml_rollout    avg_loss: 0.000000017603  time_per_window : 0.000842   progress : 0.765
name: models.architecture.block_type=simple
models.architecture.mamba_type=mamba
training.mode=gml_rollout    avg_loss: 0.000000019075  time_per_window : 0.000872   progress : 0.775
name: models.architecture.block_type=simple
models.architecture.mamba_type=mamba
training.mode=gml_rollout    avg_loss: 0.000000016583  time_per_window : 0.000865   progress : 0.786
name: models.architecture.block_type=simple
models.architecture.mamba_type=mamba
training.mode=gml_rollout    avg_loss: 0.000000016403  time_per_window : 0.000871   progress : 0.797
name: models.architecture.block_type=simple
models.architecture.mamba_type=mamba
training.mode=gml_rollout    avg_loss: 0.000000015442  time_per_window : 0.000905   progress : 0.808
name: models.architecture.block_type=simple
models.architecture.mamba_type=mamba
training.mode=gml_rollout    avg_loss: 0.000000016838  time_per_window : 0.000700   progress : 0.819
name: models.architecture.block_type=simple
models.architecture.mamba_type=mamba
training.mode=gml_rollout    avg_loss: 0.000000016501  time_per_window : 0.000715   progress : 0.830
name: models.architecture.block_type=simple
models.architecture.mamba_type=mamba
training.mode=gml_rollout    avg_loss: 0.000000016874  time_per_window : 0.000725   progress : 0.841
name: models.architecture.block_type=simple
models.architecture.mamba_type=mamba
training.mode=gml_rollout    avg_loss: 0.000000016064  time_per_window : 0.000914   progress : 0.852
name: models.architecture.block_type=simple
models.architecture.mamba_type=mamba
training.mode=gml_rollout    avg_loss: 0.000000019278  time_per_window : 0.000880   progress : 0.863
name: models.architecture.block_type=simple
models.architecture.mamba_type=mamba
training.mode=gml_rollout    avg_loss: 0.000000015985  time_per_window : 0.000841   progress : 0.874
name: models.architecture.block_type=simple
models.architecture.mamba_type=mamba
training.mode=gml_rollout    avg_loss: 0.000000016983  time_per_window : 0.000895   progress : 0.885
name: models.architecture.block_type=simple
models.architecture.mamba_type=mamba
training.mode=gml_rollout    avg_loss: 0.000000015938  time_per_window : 0.000801   progress : 0.896
name: models.architecture.block_type=simple
models.architecture.mamba_type=mamba
training.mode=gml_rollout    avg_loss: 0.000000015782  time_per_window : 0.000900   progress : 0.907
name: models.architecture.block_type=simple
models.architecture.mamba_type=mamba
training.mode=gml_rollout    avg_loss: 0.000000016630  time_per_window : 0.000854   progress : 0.917
name: models.architecture.block_type=simple
models.architecture.mamba_type=mamba
training.mode=gml_rollout    avg_loss: 0.000000015855  time_per_window : 0.000905   progress : 0.928
name: models.architecture.block_type=simple
models.architecture.mamba_type=mamba
training.mode=gml_rollout    avg_loss: 0.000000016312  time_per_window : 0.000846   progress : 0.939
name: models.architecture.block_type=simple
models.architecture.mamba_type=mamba
training.mode=gml_rollout    avg_loss: 0.000000018152  time_per_window : 0.000947   progress : 0.950
name: models.architecture.block_type=simple
models.architecture.mamba_type=mamba
training.mode=gml_rollout    avg_loss: 0.000000017370  time_per_window : 0.000896   progress : 0.961
name: models.architecture.block_type=simple
models.architecture.mamba_type=mamba
training.mode=gml_rollout    avg_loss: 0.000000015759  time_per_window : 0.000812   progress : 0.972
name: models.architecture.block_type=simple
models.architecture.mamba_type=mamba
training.mode=gml_rollout    avg_loss: 0.000000017079  time_per_window : 0.000876   progress : 0.983
name: models.architecture.block_type=simple
models.architecture.mamba_type=mamba
training.mode=gml_rollout    avg_loss: 0.000000016467  time_per_window : 0.000888   progress : 0.994
name: models.architecture.block_type=simple
models.architecture.mamba_type=mamba
training.mode=gml_rollout    avg_loss: 0.000001594232  time_per_window : 0.000862   progress : 0.011
name: models.architecture.block_type=simple
models.architecture.mamba_type=mamba
training.mode=gml_rollout    avg_loss: 0.000000527708  time_per_window : 0.000893   progress : 0.022
name: models.architecture.block_type=simple
models.architecture.mamba_type=mamba
training.mode=gml_rollout    avg_loss: 0.000000529481  time_per_window : 0.000887   progress : 0.033
name: models.architecture.block_type=simple
models.architecture.mamba_type=mamba
training.mode=gml_rollout    avg_loss: 0.000000422830  time_per_window : 0.000871   progress : 0.044
name: models.architecture.block_type=simple
models.architecture.mamba_type=mamba
training.mode=gml_rollout    avg_loss: 0.000000198550  time_per_window : 0.000916   progress : 0.055
name: models.architecture.block_type=simple
models.architecture.mamba_type=mamba
training.mode=gml_rollout    avg_loss: 0.000000092840  time_per_window : 0.000880   progress : 0.066
name: models.architecture.block_type=simple
models.architecture.mamba_type=mamba
training.mode=gml_rollout    avg_loss: 0.000000055231  time_per_window : 0.000891   progress : 0.076
name: models.architecture.block_type=simple
models.architecture.mamba_type=mamba
training.mode=gml_rollout    avg_loss: 0.000000050618  time_per_window : 0.000875   progress : 0.087
name: models.architecture.block_type=simple
models.architecture.mamba_type=mamba
training.mode=gml_rollout    avg_loss: 0.000000049058  time_per_window : 0.000891   progress : 0.098
name: models.architecture.block_type=simple
models.architecture.mamba_type=mamba
training.mode=gml_rollout    avg_loss: 0.000000057857  time_per_window : 0.000867   progress : 0.109
name: models.architecture.block_type=simple
models.architecture.mamba_type=mamba
training.mode=gml_rollout    avg_loss: 0.000000050918  time_per_window : 0.000874   progress : 0.120
name: models.architecture.block_type=simple
models.architecture.mamba_type=mamba
training.mode=gml_rollout    avg_loss: 0.000000048539  time_per_window : 0.000853   progress : 0.131
name: models.architecture.block_type=simple
models.architecture.mamba_type=mamba
training.mode=gml_rollout    avg_loss: 0.000000040459  time_per_window : 0.000701   progress : 0.142
name: models.architecture.block_type=simple
models.architecture.mamba_type=mamba
training.mode=gml_rollout    avg_loss: 0.000000043227  time_per_window : 0.000877   progress : 0.153
name: models.architecture.block_type=simple
models.architecture.mamba_type=mamba
training.mode=gml_rollout    avg_loss: 0.000000041758  time_per_window : 0.000838   progress : 0.164
name: models.architecture.block_type=simple
models.architecture.mamba_type=mamba
training.mode=gml_rollout    avg_loss: 0.000000038112  time_per_window : 0.000869   progress : 0.175
name: models.architecture.block_type=simple
models.architecture.mamba_type=mamba
training.mode=gml_rollout    avg_loss: 0.000000038047  time_per_window : 0.000835   progress : 0.186
name: models.architecture.block_type=simple
models.architecture.mamba_type=mamba
training.mode=gml_rollout    avg_loss: 0.000000037618  time_per_window : 0.000948   progress : 0.197
name: models.architecture.block_type=simple
models.architecture.mamba_type=mamba
training.mode=gml_rollout    avg_loss: 0.000000041486  time_per_window : 0.000907   progress : 0.208
name: models.architecture.block_type=simple
models.architecture.mamba_type=mamba
training.mode=gml_rollout    avg_loss: 0.000000037429  time_per_window : 0.000846   progress : 0.218
name: models.architecture.block_type=simple
models.architecture.mamba_type=mamba
training.mode=gml_rollout    avg_loss: 0.000000041635  time_per_window : 0.000855   progress : 0.229
name: models.architecture.block_type=simple
models.architecture.mamba_type=mamba
training.mode=gml_rollout    avg_loss: 0.000000051525  time_per_window : 0.000914   progress : 0.240
name: models.architecture.block_type=simple
models.architecture.mamba_type=mamba
training.mode=gml_rollout    avg_loss: 0.000000039755  time_per_window : 0.000882   progress : 0.251
name: models.architecture.block_type=simple
models.architecture.mamba_type=mamba
training.mode=gml_rollout    avg_loss: 0.000000038917  time_per_window : 0.000829   progress : 0.262
name: models.architecture.block_type=simple
models.architecture.mamba_type=mamba
training.mode=gml_rollout    avg_loss: 0.000000037179  time_per_window : 0.000828   progress : 0.273
name: models.architecture.block_type=simple
models.architecture.mamba_type=mamba
training.mode=gml_rollout    avg_loss: 0.000000037977  time_per_window : 0.000879   progress : 0.284
name: models.architecture.block_type=simple
models.architecture.mamba_type=mamba
training.mode=gml_rollout    avg_loss: 0.000000038387  time_per_window : 0.000837   progress : 0.295
name: models.architecture.block_type=simple
models.architecture.mamba_type=mamba
training.mode=gml_rollout    avg_loss: 0.000000043109  time_per_window : 0.000866   progress : 0.306
name: models.architecture.block_type=simple
models.architecture.mamba_type=mamba
training.mode=gml_rollout    avg_loss: 0.000000036424  time_per_window : 0.000814   progress : 0.317
name: models.architecture.block_type=simple
models.architecture.mamba_type=mamba
training.mode=gml_rollout    avg_loss: 0.000000039987  time_per_window : 0.000878   progress : 0.328
name: models.architecture.block_type=simple
models.architecture.mamba_type=mamba
training.mode=gml_rollout    avg_loss: 0.000000041379  time_per_window : 0.000893   progress : 0.339
name: models.architecture.block_type=simple
models.architecture.mamba_type=mamba
training.mode=gml_rollout    avg_loss: 0.000000045763  time_per_window : 0.000861   progress : 0.350
name: models.architecture.block_type=simple
models.architecture.mamba_type=mamba
training.mode=gml_rollout    avg_loss: 0.000000042485  time_per_window : 0.000897   progress : 0.360
name: models.architecture.block_type=simple
models.architecture.mamba_type=mamba
training.mode=gml_rollout    avg_loss: 0.000000037737  time_per_window : 0.000914   progress : 0.371
name: models.architecture.block_type=simple
models.architecture.mamba_type=mamba
training.mode=gml_rollout    avg_loss: 0.000000035946  time_per_window : 0.000891   progress : 0.382
name: models.architecture.block_type=simple
models.architecture.mamba_type=mamba
training.mode=gml_rollout    avg_loss: 0.000000040028  time_per_window : 0.000849   progress : 0.393
name: models.architecture.block_type=simple
models.architecture.mamba_type=mamba
training.mode=gml_rollout    avg_loss: 0.000000044577  time_per_window : 0.000820   progress : 0.404
name: models.architecture.block_type=simple
models.architecture.mamba_type=mamba
training.mode=gml_rollout    avg_loss: 0.000000035248  time_per_window : 0.000877   progress : 0.415
name: models.architecture.block_type=simple
models.architecture.mamba_type=mamba
training.mode=gml_rollout    avg_loss: 0.000000038867  time_per_window : 0.000853   progress : 0.426
name: models.architecture.block_type=simple
models.architecture.mamba_type=mamba
training.mode=gml_rollout    avg_loss: 0.000000041409  time_per_window : 0.000921   progress : 0.437
name: models.architecture.block_type=simple
models.architecture.mamba_type=mamba
training.mode=gml_rollout    avg_loss: 0.000000038764  time_per_window : 0.000902   progress : 0.448
name: models.architecture.block_type=simple
models.architecture.mamba_type=mamba
training.mode=gml_rollout    avg_loss: 0.000000034934  time_per_window : 0.000901   progress : 0.459
name: models.architecture.block_type=simple
models.architecture.mamba_type=mamba
training.mode=gml_rollout    avg_loss: 0.000000037888  time_per_window : 0.000900   progress : 0.470
name: models.architecture.block_type=simple
models.architecture.mamba_type=mamba
training.mode=gml_rollout    avg_loss: 0.000000034765  time_per_window : 0.000921   progress : 0.481
name: models.architecture.block_type=simple
models.architecture.mamba_type=mamba
training.mode=gml_rollout    avg_loss: 0.000000037679  time_per_window : 0.000857   progress : 0.492
name: models.architecture.block_type=simple
models.architecture.mamba_type=mamba
training.mode=gml_rollout    avg_loss: 0.000000044828  time_per_window : 0.000885   progress : 0.502
name: models.architecture.block_type=simple
models.architecture.mamba_type=mamba
training.mode=gml_rollout    avg_loss: 0.000000035706  time_per_window : 0.000879   progress : 0.513
name: models.architecture.block_type=simple
models.architecture.mamba_type=mamba
training.mode=gml_rollout    avg_loss: 0.000000040305  time_per_window : 0.000890   progress : 0.524
name: models.architecture.block_type=simple
models.architecture.mamba_type=mamba
training.mode=gml_rollout    avg_loss: 0.000000036689  time_per_window : 0.000876   progress : 0.535
name: models.architecture.block_type=simple
models.architecture.mamba_type=mamba
training.mode=gml_rollout    avg_loss: 0.000000035227  time_per_window : 0.000932   progress : 0.546
name: models.architecture.block_type=simple
models.architecture.mamba_type=mamba
training.mode=gml_rollout    avg_loss: 0.000000038010  time_per_window : 0.000881   progress : 0.557
name: models.architecture.block_type=simple
models.architecture.mamba_type=mamba
training.mode=gml_rollout    avg_loss: 0.000000037531  time_per_window : 0.000902   progress : 0.568
name: models.architecture.block_type=simple
models.architecture.mamba_type=mamba
training.mode=gml_rollout    avg_loss: 0.000000034086  time_per_window : 0.000915   progress : 0.579
name: models.architecture.block_type=simple
models.architecture.mamba_type=mamba
training.mode=gml_rollout    avg_loss: 0.000000037121  time_per_window : 0.000871   progress : 0.590
name: models.architecture.block_type=simple
models.architecture.mamba_type=mamba
training.mode=gml_rollout    avg_loss: 0.000000038892  time_per_window : 0.000830   progress : 0.601
name: models.architecture.block_type=simple
models.architecture.mamba_type=mamba
training.mode=gml_rollout    avg_loss: 0.000000043351  time_per_window : 0.000890   progress : 0.612
name: models.architecture.block_type=simple
models.architecture.mamba_type=mamba
training.mode=gml_rollout    avg_loss: 0.000000035503  time_per_window : 0.000942   progress : 0.623
name: models.architecture.block_type=simple
models.architecture.mamba_type=mamba
training.mode=gml_rollout    avg_loss: 0.000000031616  time_per_window : 0.000866   progress : 0.634
name: models.architecture.block_type=simple
models.architecture.mamba_type=mamba
training.mode=gml_rollout    avg_loss: 0.000000038777  time_per_window : 0.000861   progress : 0.644
name: models.architecture.block_type=simple
models.architecture.mamba_type=mamba
training.mode=gml_rollout    avg_loss: 0.000000031661  time_per_window : 0.000666   progress : 0.655
name: models.architecture.block_type=simple
models.architecture.mamba_type=mamba
training.mode=gml_rollout    avg_loss: 0.000000034012  time_per_window : 0.000739   progress : 0.666
name: models.architecture.block_type=simple
models.architecture.mamba_type=mamba
training.mode=gml_rollout    avg_loss: 0.000000034135  time_per_window : 0.000859   progress : 0.677
name: models.architecture.block_type=simple
models.architecture.mamba_type=mamba
training.mode=gml_rollout    avg_loss: 0.000000029711  time_per_window : 0.000934   progress : 0.688
name: models.architecture.block_type=simple
models.architecture.mamba_type=mamba
training.mode=gml_rollout    avg_loss: 0.000000030935  time_per_window : 0.000860   progress : 0.699
name: models.architecture.block_type=simple
models.architecture.mamba_type=mamba
training.mode=gml_rollout    avg_loss: 0.000000032441  time_per_window : 0.000874   progress : 0.710
name: models.architecture.block_type=simple
models.architecture.mamba_type=mamba
training.mode=gml_rollout    avg_loss: 0.000000034125  time_per_window : 0.000898   progress : 0.721
name: models.architecture.block_type=simple
models.architecture.mamba_type=mamba
training.mode=gml_rollout    avg_loss: 0.000000032858  time_per_window : 0.000837   progress : 0.732
name: models.architecture.block_type=simple
models.architecture.mamba_type=mamba
training.mode=gml_rollout    avg_loss: 0.000000029776  time_per_window : 0.000893   progress : 0.743
name: models.architecture.block_type=simple
models.architecture.mamba_type=mamba
training.mode=gml_rollout    avg_loss: 0.000000031999  time_per_window : 0.000820   progress : 0.754
name: models.architecture.block_type=simple
models.architecture.mamba_type=mamba
training.mode=gml_rollout    avg_loss: 0.000000033383  time_per_window : 0.000893   progress : 0.765
name: models.architecture.block_type=simple
models.architecture.mamba_type=mamba
training.mode=gml_rollout    avg_loss: 0.000000036980  time_per_window : 0.000911   progress : 0.775
name: models.architecture.block_type=simple
models.architecture.mamba_type=mamba
training.mode=gml_rollout    avg_loss: 0.000000032438  time_per_window : 0.000892   progress : 0.786
name: models.architecture.block_type=simple
models.architecture.mamba_type=mamba
training.mode=gml_rollout    avg_loss: 0.000000036597  time_per_window : 0.000887   progress : 0.797
name: models.architecture.block_type=simple
models.architecture.mamba_type=mamba
training.mode=gml_rollout    avg_loss: 0.000000030146  time_per_window : 0.000920   progress : 0.808
name: models.architecture.block_type=simple
models.architecture.mamba_type=mamba
training.mode=gml_rollout    avg_loss: 0.000000031829  time_per_window : 0.000911   progress : 0.819
name: models.architecture.block_type=simple
models.architecture.mamba_type=mamba
training.mode=gml_rollout    avg_loss: 0.000000031939  time_per_window : 0.000871   progress : 0.830
name: models.architecture.block_type=simple
models.architecture.mamba_type=mamba
training.mode=gml_rollout    avg_loss: 0.000000031996  time_per_window : 0.000870   progress : 0.841
name: models.architecture.block_type=simple
models.architecture.mamba_type=mamba
training.mode=gml_rollout    avg_loss: 0.000000030321  time_per_window : 0.000895   progress : 0.852
name: models.architecture.block_type=simple
models.architecture.mamba_type=mamba
training.mode=gml_rollout    avg_loss: 0.000000030513  time_per_window : 0.000902   progress : 0.863
name: models.architecture.block_type=simple
models.architecture.mamba_type=mamba
training.mode=gml_rollout    avg_loss: 0.000000029771  time_per_window : 0.000883   progress : 0.874
name: models.architecture.block_type=simple
models.architecture.mamba_type=mamba
training.mode=gml_rollout    avg_loss: 0.000000030597  time_per_window : 0.000903   progress : 0.885
name: models.architecture.block_type=simple
models.architecture.mamba_type=mamba
training.mode=gml_rollout    avg_loss: 0.000000031510  time_per_window : 0.000837   progress : 0.896
name: models.architecture.block_type=simple
models.architecture.mamba_type=mamba
training.mode=gml_rollout    avg_loss: 0.000000030731  time_per_window : 0.000785   progress : 0.907
name: models.architecture.block_type=simple
models.architecture.mamba_type=mamba
training.mode=gml_rollout    avg_loss: 0.000000036261  time_per_window : 0.000866   progress : 0.917
name: models.architecture.block_type=simple
models.architecture.mamba_type=mamba
training.mode=gml_rollout    avg_loss: 0.000000033164  time_per_window : 0.000849   progress : 0.928
name: models.architecture.block_type=simple
models.architecture.mamba_type=mamba
training.mode=gml_rollout    avg_loss: 0.000000032313  time_per_window : 0.000915   progress : 0.939
name: models.architecture.block_type=simple
models.architecture.mamba_type=mamba
training.mode=gml_rollout    avg_loss: 0.000000030181  time_per_window : 0.000900   progress : 0.950
name: models.architecture.block_type=simple
models.architecture.mamba_type=mamba
training.mode=gml_rollout    avg_loss: 0.000000031682  time_per_window : 0.000933   progress : 0.961
name: models.architecture.block_type=simple
models.architecture.mamba_type=mamba
training.mode=gml_rollout    avg_loss: 0.000000029017  time_per_window : 0.000833   progress : 0.972
name: models.architecture.block_type=simple
models.architecture.mamba_type=mamba
training.mode=gml_rollout    avg_loss: 0.000000031610  time_per_window : 0.000911   progress : 0.983
name: models.architecture.block_type=simple
models.architecture.mamba_type=mamba
training.mode=gml_rollout    avg_loss: 0.000000031238  time_per_window : 0.000896   progress : 0.994
name: models.architecture.block_type=simple
models.architecture.mamba_type=mamba
training.mode=gml_rollout    avg_loss: 0.000013309598  time_per_window : 0.000937   progress : 0.011
name: models.architecture.block_type=simple
models.architecture.mamba_type=mamba
training.mode=gml_rollout    avg_loss: 0.000001718625  time_per_window : 0.000922   progress : 0.022
name: models.architecture.block_type=simple
models.architecture.mamba_type=mamba
training.mode=gml_rollout    avg_loss: 0.000001090309  time_per_window : 0.000910   progress : 0.033
name: models.architecture.block_type=simple
models.architecture.mamba_type=mamba
training.mode=gml_rollout    avg_loss: 0.000000557355  time_per_window : 0.000893   progress : 0.044
name: models.architecture.block_type=simple
models.architecture.mamba_type=mamba
training.mode=gml_rollout    avg_loss: 0.000000313684  time_per_window : 0.000910   progress : 0.055
name: models.architecture.block_type=simple
models.architecture.mamba_type=mamba
training.mode=gml_rollout    avg_loss: 0.000000245818  time_per_window : 0.000835   progress : 0.066
name: models.architecture.block_type=simple
models.architecture.mamba_type=mamba
training.mode=gml_rollout    avg_loss: 0.000000208192  time_per_window : 0.000904   progress : 0.076
name: models.architecture.block_type=simple
models.architecture.mamba_type=mamba
training.mode=gml_rollout    avg_loss: 0.000000190572  time_per_window : 0.000869   progress : 0.087
name: models.architecture.block_type=simple
models.architecture.mamba_type=mamba
training.mode=gml_rollout    avg_loss: 0.000000190765  time_per_window : 0.000899   progress : 0.098
name: models.architecture.block_type=simple
models.architecture.mamba_type=mamba
training.mode=gml_rollout    avg_loss: 0.000000172551  time_per_window : 0.000927   progress : 0.109
name: models.architecture.block_type=simple
models.architecture.mamba_type=mamba
training.mode=gml_rollout    avg_loss: 0.000000168809  time_per_window : 0.000851   progress : 0.120
name: models.architecture.block_type=simple
models.architecture.mamba_type=mamba
training.mode=gml_rollout    avg_loss: 0.000000159208  time_per_window : 0.000890   progress : 0.131
name: models.architecture.block_type=simple
models.architecture.mamba_type=mamba
training.mode=gml_rollout    avg_loss: 0.000000146381  time_per_window : 0.000884   progress : 0.142
name: models.architecture.block_type=simple
models.architecture.mamba_type=mamba
training.mode=gml_rollout    avg_loss: 0.000000170771  time_per_window : 0.000917   progress : 0.153
name: models.architecture.block_type=simple
models.architecture.mamba_type=mamba
training.mode=gml_rollout    avg_loss: 0.000000160767  time_per_window : 0.000885   progress : 0.164
name: models.architecture.block_type=simple
models.architecture.mamba_type=mamba
training.mode=gml_rollout    avg_loss: 0.000000147765  time_per_window : 0.000912   progress : 0.175
name: models.architecture.block_type=simple
models.architecture.mamba_type=mamba
training.mode=gml_rollout    avg_loss: 0.000000162639  time_per_window : 0.000859   progress : 0.186
name: models.architecture.block_type=simple
models.architecture.mamba_type=mamba
training.mode=gml_rollout    avg_loss: 0.000000156153  time_per_window : 0.000869   progress : 0.197
name: models.architecture.block_type=simple
models.architecture.mamba_type=mamba
training.mode=gml_rollout    avg_loss: 0.000000164969  time_per_window : 0.000733   progress : 0.208
name: models.architecture.block_type=simple
models.architecture.mamba_type=mamba
training.mode=gml_rollout    avg_loss: 0.000000156742  time_per_window : 0.000889   progress : 0.218
name: models.architecture.block_type=simple
models.architecture.mamba_type=mamba
training.mode=gml_rollout    avg_loss: 0.000000185601  time_per_window : 0.000902   progress : 0.229
name: models.architecture.block_type=simple
models.architecture.mamba_type=mamba
training.mode=gml_rollout    avg_loss: 0.000000170017  time_per_window : 0.000820   progress : 0.240
name: models.architecture.block_type=simple
models.architecture.mamba_type=mamba
training.mode=gml_rollout    avg_loss: 0.000000154333  time_per_window : 0.000874   progress : 0.251
name: models.architecture.block_type=simple
models.architecture.mamba_type=mamba
training.mode=gml_rollout    avg_loss: 0.000000195575  time_per_window : 0.000900   progress : 0.262
name: models.architecture.block_type=simple
models.architecture.mamba_type=mamba
training.mode=gml_rollout    avg_loss: 0.000000156876  time_per_window : 0.000887   progress : 0.273
name: models.architecture.block_type=simple
models.architecture.mamba_type=mamba
training.mode=gml_rollout    avg_loss: 0.000000157181  time_per_window : 0.000894   progress : 0.284
name: models.architecture.block_type=simple
models.architecture.mamba_type=mamba
training.mode=gml_rollout    avg_loss: 0.000000169636  time_per_window : 0.000869   progress : 0.295
name: models.architecture.block_type=simple
models.architecture.mamba_type=mamba
training.mode=gml_rollout    avg_loss: 0.000000163773  time_per_window : 0.000881   progress : 0.306
name: models.architecture.block_type=simple
models.architecture.mamba_type=mamba
training.mode=gml_rollout    avg_loss: 0.000000146520  time_per_window : 0.000928   progress : 0.317
name: models.architecture.block_type=simple
models.architecture.mamba_type=mamba
training.mode=gml_rollout    avg_loss: 0.000000168910  time_per_window : 0.000837   progress : 0.328
name: models.architecture.block_type=simple
models.architecture.mamba_type=mamba
training.mode=gml_rollout    avg_loss: 0.000000177353  time_per_window : 0.000891   progress : 0.339
name: models.architecture.block_type=simple
models.architecture.mamba_type=mamba
training.mode=gml_rollout    avg_loss: 0.000000162261  time_per_window : 0.000898   progress : 0.350
name: models.architecture.block_type=simple
models.architecture.mamba_type=mamba
training.mode=gml_rollout    avg_loss: 0.000000157965  time_per_window : 0.000840   progress : 0.360
name: models.architecture.block_type=simple
models.architecture.mamba_type=mamba
training.mode=gml_rollout    avg_loss: 0.000000144783  time_per_window : 0.000872   progress : 0.371
name: models.architecture.block_type=simple
models.architecture.mamba_type=mamba
training.mode=gml_rollout    avg_loss: 0.000000144475  time_per_window : 0.000954   progress : 0.382
name: models.architecture.block_type=simple
models.architecture.mamba_type=mamba
training.mode=gml_rollout    avg_loss: 0.000000159704  time_per_window : 0.000889   progress : 0.393
name: models.architecture.block_type=simple
models.architecture.mamba_type=mamba
training.mode=gml_rollout    avg_loss: 0.000000176045  time_per_window : 0.000887   progress : 0.404
name: models.architecture.block_type=simple
models.architecture.mamba_type=mamba
training.mode=gml_rollout    avg_loss: 0.000000151111  time_per_window : 0.000895   progress : 0.415
name: models.architecture.block_type=simple
models.architecture.mamba_type=mamba
training.mode=gml_rollout    avg_loss: 0.000000154998  time_per_window : 0.000804   progress : 0.426
name: models.architecture.block_type=simple
models.architecture.mamba_type=mamba
training.mode=gml_rollout    avg_loss: 0.000000148969  time_per_window : 0.000872   progress : 0.437
name: models.architecture.block_type=simple
models.architecture.mamba_type=mamba
training.mode=gml_rollout    avg_loss: 0.000000145969  time_per_window : 0.000873   progress : 0.448
name: models.architecture.block_type=simple
models.architecture.mamba_type=mamba
training.mode=gml_rollout    avg_loss: 0.000000179719  time_per_window : 0.000887   progress : 0.459
name: models.architecture.block_type=simple
models.architecture.mamba_type=mamba
training.mode=gml_rollout    avg_loss: 0.000000156879  time_per_window : 0.000846   progress : 0.470
name: models.architecture.block_type=simple
models.architecture.mamba_type=mamba
training.mode=gml_rollout    avg_loss: 0.000000155788  time_per_window : 0.000915   progress : 0.481
name: models.architecture.block_type=simple
models.architecture.mamba_type=mamba
training.mode=gml_rollout    avg_loss: 0.000000167565  time_per_window : 0.000876   progress : 0.492
name: models.architecture.block_type=simple
models.architecture.mamba_type=mamba
training.mode=gml_rollout    avg_loss: 0.000000132615  time_per_window : 0.000878   progress : 0.502
name: models.architecture.block_type=simple
models.architecture.mamba_type=mamba
training.mode=gml_rollout    avg_loss: 0.000000134018  time_per_window : 0.000873   progress : 0.513
name: models.architecture.block_type=simple
models.architecture.mamba_type=mamba
training.mode=gml_rollout    avg_loss: 0.000000153380  time_per_window : 0.000904   progress : 0.524
name: models.architecture.block_type=simple
models.architecture.mamba_type=mamba
training.mode=gml_rollout    avg_loss: 0.000000214380  time_per_window : 0.000881   progress : 0.535
name: models.architecture.block_type=simple
models.architecture.mamba_type=mamba
training.mode=gml_rollout    avg_loss: 0.000000147295  time_per_window : 0.000839   progress : 0.546
name: models.architecture.block_type=simple
models.architecture.mamba_type=mamba
training.mode=gml_rollout    avg_loss: 0.000000162267  time_per_window : 0.000871   progress : 0.557
name: models.architecture.block_type=simple
models.architecture.mamba_type=mamba
training.mode=gml_rollout    avg_loss: 0.000000156197  time_per_window : 0.000888   progress : 0.568
name: models.architecture.block_type=simple
models.architecture.mamba_type=mamba
training.mode=gml_rollout    avg_loss: 0.000000128689  time_per_window : 0.000902   progress : 0.579
name: models.architecture.block_type=simple
models.architecture.mamba_type=mamba
training.mode=gml_rollout    avg_loss: 0.000000160624  time_per_window : 0.000897   progress : 0.590
name: models.architecture.block_type=simple
models.architecture.mamba_type=mamba
training.mode=gml_rollout    avg_loss: 0.000000144501  time_per_window : 0.000897   progress : 0.601
name: models.architecture.block_type=simple
models.architecture.mamba_type=mamba
training.mode=gml_rollout    avg_loss: 0.000000152228  time_per_window : 0.000855   progress : 0.612
name: models.architecture.block_type=simple
models.architecture.mamba_type=mamba
training.mode=gml_rollout    avg_loss: 0.000000153904  time_per_window : 0.000759   progress : 0.623
name: models.architecture.block_type=simple
models.architecture.mamba_type=mamba
training.mode=gml_rollout    avg_loss: 0.000000137817  time_per_window : 0.000882   progress : 0.634
name: models.architecture.block_type=simple
models.architecture.mamba_type=mamba
training.mode=gml_rollout    avg_loss: 0.000000161002  time_per_window : 0.000848   progress : 0.644
name: models.architecture.block_type=simple
models.architecture.mamba_type=mamba
training.mode=gml_rollout    avg_loss: 0.000000155627  time_per_window : 0.000860   progress : 0.655
name: models.architecture.block_type=simple
models.architecture.mamba_type=mamba
training.mode=gml_rollout    avg_loss: 0.000000149553  time_per_window : 0.000877   progress : 0.666
name: models.architecture.block_type=simple
models.architecture.mamba_type=mamba
training.mode=gml_rollout    avg_loss: 0.000000156782  time_per_window : 0.000880   progress : 0.677
name: models.architecture.block_type=simple
models.architecture.mamba_type=mamba
training.mode=gml_rollout    avg_loss: 0.000000155439  time_per_window : 0.000898   progress : 0.688
name: models.architecture.block_type=simple
models.architecture.mamba_type=mamba
training.mode=gml_rollout    avg_loss: 0.000000153401  time_per_window : 0.000869   progress : 0.699
name: models.architecture.block_type=simple
models.architecture.mamba_type=mamba
training.mode=gml_rollout    avg_loss: 0.000000130965  time_per_window : 0.000898   progress : 0.710
name: models.architecture.block_type=simple
models.architecture.mamba_type=mamba
training.mode=gml_rollout    avg_loss: 0.000000118684  time_per_window : 0.000941   progress : 0.721
name: models.architecture.block_type=simple
models.architecture.mamba_type=mamba
training.mode=gml_rollout    avg_loss: 0.000000152183  time_per_window : 0.000862   progress : 0.732
name: models.architecture.block_type=simple
models.architecture.mamba_type=mamba
training.mode=gml_rollout    avg_loss: 0.000000141522  time_per_window : 0.000748   progress : 0.743
name: models.architecture.block_type=simple
models.architecture.mamba_type=mamba
training.mode=gml_rollout    avg_loss: 0.000000182588  time_per_window : 0.000900   progress : 0.754
name: models.architecture.block_type=simple
models.architecture.mamba_type=mamba
training.mode=gml_rollout    avg_loss: 0.000000129938  time_per_window : 0.000910   progress : 0.765
name: models.architecture.block_type=simple
models.architecture.mamba_type=mamba
training.mode=gml_rollout    avg_loss: 0.000000153559  time_per_window : 0.000881   progress : 0.775
name: models.architecture.block_type=simple
models.architecture.mamba_type=mamba
training.mode=gml_rollout    avg_loss: 0.000000164867  time_per_window : 0.000677   progress : 0.786
name: models.architecture.block_type=simple
models.architecture.mamba_type=mamba
training.mode=gml_rollout    avg_loss: 0.000000128048  time_per_window : 0.000908   progress : 0.797
name: models.architecture.block_type=simple
models.architecture.mamba_type=mamba
training.mode=gml_rollout    avg_loss: 0.000000144187  time_per_window : 0.000849   progress : 0.808
name: models.architecture.block_type=simple
models.architecture.mamba_type=mamba
training.mode=gml_rollout    avg_loss: 0.000000128973  time_per_window : 0.000740   progress : 0.819
name: models.architecture.block_type=simple
models.architecture.mamba_type=mamba
training.mode=gml_rollout    avg_loss: 0.000000127924  time_per_window : 0.000859   progress : 0.830
name: models.architecture.block_type=simple
models.architecture.mamba_type=mamba
training.mode=gml_rollout    avg_loss: 0.000000166632  time_per_window : 0.000878   progress : 0.841
name: models.architecture.block_type=simple
models.architecture.mamba_type=mamba
training.mode=gml_rollout    avg_loss: 0.000000149920  time_per_window : 0.000898   progress : 0.852
name: models.architecture.block_type=simple
models.architecture.mamba_type=mamba
training.mode=gml_rollout    avg_loss: 0.000000140768  time_per_window : 0.000863   progress : 0.863
name: models.architecture.block_type=simple
models.architecture.mamba_type=mamba
training.mode=gml_rollout    avg_loss: 0.000000135612  time_per_window : 0.000891   progress : 0.874
name: models.architecture.block_type=simple
models.architecture.mamba_type=mamba
training.mode=gml_rollout    avg_loss: 0.000000149090  time_per_window : 0.000884   progress : 0.885
name: models.architecture.block_type=simple
models.architecture.mamba_type=mamba
training.mode=gml_rollout    avg_loss: 0.000000151289  time_per_window : 0.000906   progress : 0.896
name: models.architecture.block_type=simple
models.architecture.mamba_type=mamba
training.mode=gml_rollout    avg_loss: 0.000000138263  time_per_window : 0.000875   progress : 0.907
name: models.architecture.block_type=simple
models.architecture.mamba_type=mamba
training.mode=gml_rollout    avg_loss: 0.000000132678  time_per_window : 0.000877   progress : 0.917
name: models.architecture.block_type=simple
models.architecture.mamba_type=mamba
training.mode=gml_rollout    avg_loss: 0.000000140836  time_per_window : 0.000864   progress : 0.928
name: models.architecture.block_type=simple
models.architecture.mamba_type=mamba
training.mode=gml_rollout    avg_loss: 0.000000123798  time_per_window : 0.000879   progress : 0.939
name: models.architecture.block_type=simple
models.architecture.mamba_type=mamba
training.mode=gml_rollout    avg_loss: 0.000000164273  time_per_window : 0.000859   progress : 0.950
name: models.architecture.block_type=simple
models.architecture.mamba_type=mamba
training.mode=gml_rollout    avg_loss: 0.000000143106  time_per_window : 0.000856   progress : 0.961
name: models.architecture.block_type=simple
models.architecture.mamba_type=mamba
training.mode=gml_rollout    avg_loss: 0.000000135170  time_per_window : 0.000829   progress : 0.972
name: models.architecture.block_type=simple
models.architecture.mamba_type=mamba
training.mode=gml_rollout    avg_loss: 0.000000137412  time_per_window : 0.000922   progress : 0.983
name: models.architecture.block_type=simple
models.architecture.mamba_type=mamba
training.mode=gml_rollout    avg_loss: 0.000000134046  time_per_window : 0.000922   progress : 0.994
name: models.architecture.block_type=simple
models.architecture.mamba_type=mamba
training.mode=gml_rollout    avg_loss: -66.012519836426  time_per_window : 0.000901   progress : 0.011
name: models.architecture.block_type=simple
models.architecture.mamba_type=mamba
training.mode=gml_rollout    avg_loss: -69.001899719238  time_per_window : 0.000932   progress : 0.022
name: models.architecture.block_type=simple
models.architecture.mamba_type=mamba
training.mode=gml_rollout    avg_loss: -69.009086608887  time_per_window : 0.000919   progress : 0.033
name: models.architecture.block_type=simple
models.architecture.mamba_type=mamba
training.mode=gml_rollout    avg_loss: -69.010169982910  time_per_window : 0.000880   progress : 0.044
name: models.architecture.block_type=simple
models.architecture.mamba_type=mamba
training.mode=gml_rollout    avg_loss: -69.011413574219  time_per_window : 0.000894   progress : 0.055
name: models.architecture.block_type=simple
models.architecture.mamba_type=mamba
training.mode=gml_rollout    avg_loss: -69.011520385742  time_per_window : 0.000885   progress : 0.066
name: models.architecture.block_type=simple
models.architecture.mamba_type=mamba
training.mode=gml_rollout    avg_loss: -69.013061523438  time_per_window : 0.000798   progress : 0.076
name: models.architecture.block_type=simple
models.architecture.mamba_type=mamba
training.mode=gml_rollout    avg_loss: -69.014236450195  time_per_window : 0.000902   progress : 0.087
name: models.architecture.block_type=simple
models.architecture.mamba_type=mamba
training.mode=gml_rollout    avg_loss: -69.015151977539  time_per_window : 0.000909   progress : 0.098
name: models.architecture.block_type=simple
models.architecture.mamba_type=mamba
training.mode=gml_rollout    avg_loss: -69.014869689941  time_per_window : 0.000909   progress : 0.109
name: models.architecture.block_type=simple
models.architecture.mamba_type=mamba
training.mode=gml_rollout    avg_loss: -69.013229370117  time_per_window : 0.000883   progress : 0.120
name: models.architecture.block_type=simple
models.architecture.mamba_type=mamba
training.mode=gml_rollout    avg_loss: -69.014472961426  time_per_window : 0.000840   progress : 0.131
name: models.architecture.block_type=simple
models.architecture.mamba_type=mamba
training.mode=gml_rollout    avg_loss: -69.014160156250  time_per_window : 0.000895   progress : 0.142
name: models.architecture.block_type=simple
models.architecture.mamba_type=mamba
training.mode=gml_rollout    avg_loss: -69.014488220215  time_per_window : 0.000840   progress : 0.153
name: models.architecture.block_type=simple
models.architecture.mamba_type=mamba
training.mode=gml_rollout    avg_loss: -69.013977050781  time_per_window : 0.000922   progress : 0.164
name: models.architecture.block_type=simple
models.architecture.mamba_type=mamba
training.mode=gml_rollout    avg_loss: -69.013931274414  time_per_window : 0.000840   progress : 0.175
name: models.architecture.block_type=simple
models.architecture.mamba_type=mamba
training.mode=gml_rollout    avg_loss: -69.013542175293  time_per_window : 0.000926   progress : 0.186
name: models.architecture.block_type=simple
models.architecture.mamba_type=mamba
training.mode=gml_rollout    avg_loss: -69.015052795410  time_per_window : 0.000860   progress : 0.197
name: models.architecture.block_type=simple
models.architecture.mamba_type=mamba
training.mode=gml_rollout    avg_loss: -69.014289855957  time_per_window : 0.000903   progress : 0.208
name: models.architecture.block_type=simple
models.architecture.mamba_type=mamba
training.mode=gml_rollout    avg_loss: -69.013916015625  time_per_window : 0.000853   progress : 0.218
name: models.architecture.block_type=simple
models.architecture.mamba_type=mamba
training.mode=gml_rollout    avg_loss: -69.013542175293  time_per_window : 0.000873   progress : 0.229
name: models.architecture.block_type=simple
models.architecture.mamba_type=mamba
training.mode=gml_rollout    avg_loss: -69.013916015625  time_per_window : 0.000939   progress : 0.240
name: models.architecture.block_type=simple
models.architecture.mamba_type=mamba
training.mode=gml_rollout    avg_loss: -69.013740539551  time_per_window : 0.000865   progress : 0.251
name: models.architecture.block_type=simple
models.architecture.mamba_type=mamba
training.mode=gml_rollout    avg_loss: -69.013748168945  time_per_window : 0.000888   progress : 0.262
name: models.architecture.block_type=simple
models.architecture.mamba_type=mamba
training.mode=gml_rollout    avg_loss: -69.013923645020  time_per_window : 0.000853   progress : 0.273
name: models.architecture.block_type=simple
models.architecture.mamba_type=mamba
training.mode=gml_rollout    avg_loss: -69.012489318848  time_per_window : 0.000865   progress : 0.284
name: models.architecture.block_type=simple
models.architecture.mamba_type=mamba
training.mode=gml_rollout    avg_loss: -69.013771057129  time_per_window : 0.000924   progress : 0.295
name: models.architecture.block_type=simple
models.architecture.mamba_type=mamba
training.mode=gml_rollout    avg_loss: -69.013435363770  time_per_window : 0.000896   progress : 0.306
name: models.architecture.block_type=simple
models.architecture.mamba_type=mamba
training.mode=gml_rollout    avg_loss: -69.015464782715  time_per_window : 0.000912   progress : 0.317
name: models.architecture.block_type=simple
models.architecture.mamba_type=mamba
training.mode=gml_rollout    avg_loss: -69.013420104980  time_per_window : 0.000819   progress : 0.328
name: models.architecture.block_type=simple
models.architecture.mamba_type=mamba
training.mode=gml_rollout    avg_loss: -69.012832641602  time_per_window : 0.000906   progress : 0.339
name: models.architecture.block_type=simple
models.architecture.mamba_type=mamba
training.mode=gml_rollout    avg_loss: -69.013488769531  time_per_window : 0.000945   progress : 0.350
name: models.architecture.block_type=simple
models.architecture.mamba_type=mamba
training.mode=gml_rollout    avg_loss: -69.013305664062  time_per_window : 0.000883   progress : 0.360
name: models.architecture.block_type=simple
models.architecture.mamba_type=mamba
training.mode=gml_rollout    avg_loss: -69.013473510742  time_per_window : 0.000888   progress : 0.371
name: models.architecture.block_type=simple
models.architecture.mamba_type=mamba
training.mode=gml_rollout    avg_loss: -69.012039184570  time_per_window : 0.000952   progress : 0.382
name: models.architecture.block_type=simple
models.architecture.mamba_type=mamba
training.mode=gml_rollout    avg_loss: -69.012405395508  time_per_window : 0.000875   progress : 0.393
name: models.architecture.block_type=simple
models.architecture.mamba_type=mamba
training.mode=gml_rollout    avg_loss: -69.012695312500  time_per_window : 0.000918   progress : 0.404
name: models.architecture.block_type=simple
models.architecture.mamba_type=mamba
training.mode=gml_rollout    avg_loss: -69.013351440430  time_per_window : 0.000889   progress : 0.415
name: models.architecture.block_type=simple
models.architecture.mamba_type=mamba
training.mode=gml_rollout    avg_loss: -69.012985229492  time_per_window : 0.000918   progress : 0.426
name: models.architecture.block_type=simple
models.architecture.mamba_type=mamba
training.mode=gml_rollout    avg_loss: -69.012336730957  time_per_window : 0.000895   progress : 0.437
name: models.architecture.block_type=simple
models.architecture.mamba_type=mamba
training.mode=gml_rollout    avg_loss: -69.013076782227  time_per_window : 0.000912   progress : 0.448
name: models.architecture.block_type=simple
models.architecture.mamba_type=mamba
training.mode=gml_rollout    avg_loss: -69.012954711914  time_per_window : 0.000924   progress : 0.459
name: models.architecture.block_type=simple
models.architecture.mamba_type=mamba
training.mode=gml_rollout    avg_loss: -69.013023376465  time_per_window : 0.000869   progress : 0.470
name: models.architecture.block_type=simple
models.architecture.mamba_type=mamba
training.mode=gml_rollout    avg_loss: -69.013359069824  time_per_window : 0.000919   progress : 0.481
name: models.architecture.block_type=simple
models.architecture.mamba_type=mamba
training.mode=gml_rollout    avg_loss: -69.012794494629  time_per_window : 0.000885   progress : 0.492
name: models.architecture.block_type=simple
models.architecture.mamba_type=mamba
training.mode=gml_rollout    avg_loss: -69.013542175293  time_per_window : 0.000843   progress : 0.502
name: models.architecture.block_type=simple
models.architecture.mamba_type=mamba
training.mode=gml_rollout    avg_loss: -69.013580322266  time_per_window : 0.000919   progress : 0.513
name: models.architecture.block_type=simple
models.architecture.mamba_type=mamba
training.mode=gml_rollout    avg_loss: -69.012413024902  time_per_window : 0.000909   progress : 0.524
name: models.architecture.block_type=simple
models.architecture.mamba_type=mamba
training.mode=gml_rollout    avg_loss: -69.012702941895  time_per_window : 0.000880   progress : 0.535
name: models.architecture.block_type=simple
models.architecture.mamba_type=mamba
training.mode=gml_rollout    avg_loss: -69.013008117676  time_per_window : 0.000842   progress : 0.546
name: models.architecture.block_type=simple
models.architecture.mamba_type=mamba
training.mode=gml_rollout    avg_loss: -69.013481140137  time_per_window : 0.000835   progress : 0.557
name: models.architecture.block_type=simple
models.architecture.mamba_type=mamba
training.mode=gml_rollout    avg_loss: -69.013053894043  time_per_window : 0.000847   progress : 0.568
name: models.architecture.block_type=simple
models.architecture.mamba_type=mamba
training.mode=gml_rollout    avg_loss: -69.012878417969  time_per_window : 0.000951   progress : 0.579
name: models.architecture.block_type=simple
models.architecture.mamba_type=mamba
training.mode=gml_rollout    avg_loss: -69.011528015137  time_per_window : 0.000873   progress : 0.590
name: models.architecture.block_type=simple
models.architecture.mamba_type=mamba
training.mode=gml_rollout    avg_loss: -69.014038085938  time_per_window : 0.000880   progress : 0.601
name: models.architecture.block_type=simple
models.architecture.mamba_type=mamba
training.mode=gml_rollout    avg_loss: -69.013442993164  time_per_window : 0.000884   progress : 0.612
name: models.architecture.block_type=simple
models.architecture.mamba_type=mamba
training.mode=gml_rollout    avg_loss: -69.014053344727  time_per_window : 0.000871   progress : 0.623
name: models.architecture.block_type=simple
models.architecture.mamba_type=mamba
training.mode=gml_rollout    avg_loss: -69.012947082520  time_per_window : 0.000901   progress : 0.634
name: models.architecture.block_type=simple
models.architecture.mamba_type=mamba
training.mode=gml_rollout    avg_loss: -69.011772155762  time_per_window : 0.000918   progress : 0.644
name: models.architecture.block_type=simple
models.architecture.mamba_type=mamba
training.mode=gml_rollout    avg_loss: -69.013603210449  time_per_window : 0.000729   progress : 0.655
name: models.architecture.block_type=simple
models.architecture.mamba_type=mamba
training.mode=gml_rollout    avg_loss: -69.013961791992  time_per_window : 0.000887   progress : 0.666
name: models.architecture.block_type=simple
models.architecture.mamba_type=mamba
training.mode=gml_rollout    avg_loss: -69.011589050293  time_per_window : 0.000891   progress : 0.677
name: models.architecture.block_type=simple
models.architecture.mamba_type=mamba
training.mode=gml_rollout    avg_loss: -69.014442443848  time_per_window : 0.000935   progress : 0.688
name: models.architecture.block_type=simple
models.architecture.mamba_type=mamba
training.mode=gml_rollout    avg_loss: -69.014404296875  time_per_window : 0.000813   progress : 0.699
name: models.architecture.block_type=simple
models.architecture.mamba_type=mamba
training.mode=gml_rollout    avg_loss: -69.011848449707  time_per_window : 0.000938   progress : 0.710
name: models.architecture.block_type=simple
models.architecture.mamba_type=mamba
training.mode=gml_rollout    avg_loss: -69.013717651367  time_per_window : 0.000885   progress : 0.721
name: models.architecture.block_type=simple
models.architecture.mamba_type=mamba
training.mode=gml_rollout    avg_loss: -69.013427734375  time_per_window : 0.000900   progress : 0.732
name: models.architecture.block_type=simple
models.architecture.mamba_type=mamba
training.mode=gml_rollout    avg_loss: -69.013267517090  time_per_window : 0.000871   progress : 0.743
name: models.architecture.block_type=simple
models.architecture.mamba_type=mamba
training.mode=gml_rollout    avg_loss: -69.011680603027  time_per_window : 0.000872   progress : 0.754
name: models.architecture.block_type=simple
models.architecture.mamba_type=mamba
training.mode=gml_rollout    avg_loss: -69.014060974121  time_per_window : 0.000886   progress : 0.765
name: models.architecture.block_type=simple
models.architecture.mamba_type=mamba
training.mode=gml_rollout    avg_loss: -69.011962890625  time_per_window : 0.000786   progress : 0.775
name: models.architecture.block_type=simple
models.architecture.mamba_type=mamba
training.mode=gml_rollout    avg_loss: -69.013633728027  time_per_window : 0.000866   progress : 0.786
name: models.architecture.block_type=simple
models.architecture.mamba_type=mamba
training.mode=gml_rollout    avg_loss: -69.013511657715  time_per_window : 0.000777   progress : 0.797
name: models.architecture.block_type=simple
models.architecture.mamba_type=mamba
training.mode=gml_rollout    avg_loss: -69.013175964355  time_per_window : 0.000706   progress : 0.808
name: models.architecture.block_type=simple
models.architecture.mamba_type=mamba
training.mode=gml_rollout    avg_loss: -69.013565063477  time_per_window : 0.000908   progress : 0.819
name: models.architecture.block_type=simple
models.architecture.mamba_type=mamba
training.mode=gml_rollout    avg_loss: -69.014244079590  time_per_window : 0.000920   progress : 0.830
name: models.architecture.block_type=simple
models.architecture.mamba_type=mamba
training.mode=gml_rollout    avg_loss: -69.012939453125  time_per_window : 0.000784   progress : 0.841
name: models.architecture.block_type=simple
models.architecture.mamba_type=mamba
training.mode=gml_rollout    avg_loss: -69.013282775879  time_per_window : 0.000878   progress : 0.852
name: models.architecture.block_type=simple
models.architecture.mamba_type=mamba
training.mode=gml_rollout    avg_loss: -69.013687133789  time_per_window : 0.000885   progress : 0.863
name: models.architecture.block_type=simple
models.architecture.mamba_type=mamba
training.mode=gml_rollout    avg_loss: -69.013572692871  time_per_window : 0.000912   progress : 0.874
name: models.architecture.block_type=simple
models.architecture.mamba_type=mamba
training.mode=gml_rollout    avg_loss: -69.013259887695  time_per_window : 0.000833   progress : 0.885
name: models.architecture.block_type=simple
models.architecture.mamba_type=mamba
training.mode=gml_rollout    avg_loss: -69.013290405273  time_per_window : 0.000901   progress : 0.896
name: models.architecture.block_type=simple
models.architecture.mamba_type=mamba
training.mode=gml_rollout    avg_loss: -69.012817382812  time_per_window : 0.000811   progress : 0.907
name: models.architecture.block_type=simple
models.architecture.mamba_type=mamba
training.mode=gml_rollout    avg_loss: -69.013076782227  time_per_window : 0.000851   progress : 0.917
name: models.architecture.block_type=simple
models.architecture.mamba_type=mamba
training.mode=gml_rollout    avg_loss: -69.013046264648  time_per_window : 0.000853   progress : 0.928
name: models.architecture.block_type=simple
models.architecture.mamba_type=mamba
training.mode=gml_rollout    avg_loss: -69.013885498047  time_per_window : 0.000932   progress : 0.939
name: models.architecture.block_type=simple
models.architecture.mamba_type=mamba
training.mode=gml_rollout    avg_loss: -69.012023925781  time_per_window : 0.000909   progress : 0.950
name: models.architecture.block_type=simple
models.architecture.mamba_type=mamba
training.mode=gml_rollout    avg_loss: -69.012557983398  time_per_window : 0.000741   progress : 0.961
name: models.architecture.block_type=simple
models.architecture.mamba_type=mamba
training.mode=gml_rollout    avg_loss: -69.014053344727  time_per_window : 0.000896   progress : 0.972
name: models.architecture.block_type=simple
models.architecture.mamba_type=mamba
training.mode=gml_rollout    avg_loss: -69.014060974121  time_per_window : 0.000779   progress : 0.983
name: models.architecture.block_type=simple
models.architecture.mamba_type=mamba
training.mode=gml_rollout    avg_loss: -69.012374877930  time_per_window : 0.000706   progress : 0.994
DONE!!!
