/home/jdihardjo/miniconda3/envs/mavenv/lib/python3.11/site-packages/hydra/_internal/defaults_list.py:251: UserWarning: In 'config': Defaults list is missing `_self_`. See https://hydra.cc/docs/1.2/upgrades/1.0_to_1.1/default_composition_order for more information
  warnings.warn(msg, UserWarning)
Using cuda device
[2026-07-23 17:20:08,169][HYDRA] Joblib.Parallel(n_jobs=4,backend=loky,prefer=processes,require=None,verbose=0,timeout=None,pre_dispatch=2*n_jobs,batch_size=auto,temp_folder=None,max_nbytes=None,mmap_mode=r) is launching 1 jobs
[2026-07-23 17:20:08,169][HYDRA] Launching jobs, sweep output dir : ablation_runs/2026-07-23_17-20-01/simple_gml_cls_out10
[2026-07-23 17:20:08,169][HYDRA] 	#0 : models.architecture.block_type=simple_cls training.mode=gml_rollout models.out_dim=10
/home/jdihardjo/miniconda3/envs/mavenv/lib/python3.11/site-packages/hydra/_internal/defaults_list.py:251: UserWarning: In 'config': Defaults list is missing `_self_`. See https://hydra.cc/docs/1.2/upgrades/1.0_to_1.1/default_composition_order for more information
  warnings.warn(msg, UserWarning)
models:
  n_dim: 23
  out_dim: 10
  architecture:
    d_model: 128
    n_encoder_layers: 2
    n_decoder_layers: 0
    block_type: simple_cls
    time_adapter: last_token
    in_norm: none
    out_norm: none
    layer_scale: 0.0001
    drop_path: 0.05
    mamba_type: mamba
    mamba_kwargs:
      d_state: 16
      d_conv: 2
      expand: 2
      norm: rms
    skip: false
    cls_kwargs:
      n_heads: 2
      n_mlp: 2
      positional_encoding: false
      max_len: 5000
input_len: 32
output_len: 1
batch_size: 128
epochs: 5
seed: 0
dataset:
  path: /home/jdihardjo/simdata/train.zarr/
  training_size: 1500000
evaluation:
  path: /home/jdihardjo/simdata/evaluation.zarr/
  evaluation_size: 50
training:
  mode: gml_rollout
  lr: 0.0002
  weight_decay: 0.1
  rollout_steps: 16
checkpoint:
  save_path: hydra-test.pth
  load: false
  path: hydra-test.pth
compile: true

/home/jdihardjo/miniconda3/envs/mavenv/lib/python3.11/site-packages/torch/_inductor/cudagraph_trees.py:2622: UserWarning: Unable to hit fast path of CUDAGraphs because outputs from a previous step still require backward. Ensure backward() is invoked or detach outputs. You may also call torch.compiler.cudagraph_mark_step_begin() before each model invocation.
  warnings.warn(
name: models.architecture.block_type=simple_cls
training.mode=gml_rollout
models.out_dim=10    avg_loss: 0.000112025213  time_per_window : 0.000163   progress : 0.011
name: models.architecture.block_type=simple_cls
training.mode=gml_rollout
models.out_dim=10    avg_loss: 0.000000587979  time_per_window : 0.000210   progress : 0.022
name: models.architecture.block_type=simple_cls
training.mode=gml_rollout
models.out_dim=10    avg_loss: 0.000000321197  time_per_window : 0.000202   progress : 0.033
name: models.architecture.block_type=simple_cls
training.mode=gml_rollout
models.out_dim=10    avg_loss: 0.000000228861  time_per_window : 0.000216   progress : 0.044
name: models.architecture.block_type=simple_cls
training.mode=gml_rollout
models.out_dim=10    avg_loss: 0.000000182069  time_per_window : 0.000228   progress : 0.055
name: models.architecture.block_type=simple_cls
training.mode=gml_rollout
models.out_dim=10    avg_loss: 0.000000154166  time_per_window : 0.000226   progress : 0.066
name: models.architecture.block_type=simple_cls
training.mode=gml_rollout
models.out_dim=10    avg_loss: 0.000000138122  time_per_window : 0.000217   progress : 0.076
name: models.architecture.block_type=simple_cls
training.mode=gml_rollout
models.out_dim=10    avg_loss: 0.000000126414  time_per_window : 0.000213   progress : 0.087
name: models.architecture.block_type=simple_cls
training.mode=gml_rollout
models.out_dim=10    avg_loss: 0.000000119992  time_per_window : 0.000216   progress : 0.098
name: models.architecture.block_type=simple_cls
training.mode=gml_rollout
models.out_dim=10    avg_loss: 0.000000115735  time_per_window : 0.000206   progress : 0.109
name: models.architecture.block_type=simple_cls
training.mode=gml_rollout
models.out_dim=10    avg_loss: 0.000000106873  time_per_window : 0.000215   progress : 0.120
name: models.architecture.block_type=simple_cls
training.mode=gml_rollout
models.out_dim=10    avg_loss: 0.000000100807  time_per_window : 0.000227   progress : 0.131
name: models.architecture.block_type=simple_cls
training.mode=gml_rollout
models.out_dim=10    avg_loss: 0.000000097256  time_per_window : 0.000199   progress : 0.142
name: models.architecture.block_type=simple_cls
training.mode=gml_rollout
models.out_dim=10    avg_loss: 0.000000094422  time_per_window : 0.000181   progress : 0.153
name: models.architecture.block_type=simple_cls
training.mode=gml_rollout
models.out_dim=10    avg_loss: 0.000000092135  time_per_window : 0.000194   progress : 0.164
name: models.architecture.block_type=simple_cls
training.mode=gml_rollout
models.out_dim=10    avg_loss: 0.000000088850  time_per_window : 0.000194   progress : 0.175
name: models.architecture.block_type=simple_cls
training.mode=gml_rollout
models.out_dim=10    avg_loss: 0.000000093180  time_per_window : 0.000210   progress : 0.186
name: models.architecture.block_type=simple_cls
training.mode=gml_rollout
models.out_dim=10    avg_loss: 0.000000140744  time_per_window : 0.000185   progress : 0.197
name: models.architecture.block_type=simple_cls
training.mode=gml_rollout
models.out_dim=10    avg_loss: 0.000000160706  time_per_window : 0.000237   progress : 0.208
name: models.architecture.block_type=simple_cls
training.mode=gml_rollout
models.out_dim=10    avg_loss: 0.000000104506  time_per_window : 0.000218   progress : 0.218
name: models.architecture.block_type=simple_cls
training.mode=gml_rollout
models.out_dim=10    avg_loss: 0.000000134318  time_per_window : 0.000216   progress : 0.229
name: models.architecture.block_type=simple_cls
training.mode=gml_rollout
models.out_dim=10    avg_loss: 0.000000103716  time_per_window : 0.000214   progress : 0.240
name: models.architecture.block_type=simple_cls
training.mode=gml_rollout
models.out_dim=10    avg_loss: 0.000000143980  time_per_window : 0.000225   progress : 0.251
name: models.architecture.block_type=simple_cls
training.mode=gml_rollout
models.out_dim=10    avg_loss: 0.000000105509  time_per_window : 0.000201   progress : 0.262
name: models.architecture.block_type=simple_cls
training.mode=gml_rollout
models.out_dim=10    avg_loss: 0.000000142040  time_per_window : 0.000199   progress : 0.273
name: models.architecture.block_type=simple_cls
training.mode=gml_rollout
models.out_dim=10    avg_loss: 0.000000114875  time_per_window : 0.000213   progress : 0.284
name: models.architecture.block_type=simple_cls
training.mode=gml_rollout
models.out_dim=10    avg_loss: 0.000000143082  time_per_window : 0.000213   progress : 0.295
name: models.architecture.block_type=simple_cls
training.mode=gml_rollout
models.out_dim=10    avg_loss: 0.000000110725  time_per_window : 0.000211   progress : 0.306
name: models.architecture.block_type=simple_cls
training.mode=gml_rollout
models.out_dim=10    avg_loss: 0.000000121450  time_per_window : 0.000208   progress : 0.317
name: models.architecture.block_type=simple_cls
training.mode=gml_rollout
models.out_dim=10    avg_loss: 0.000000125400  time_per_window : 0.000205   progress : 0.328
name: models.architecture.block_type=simple_cls
training.mode=gml_rollout
models.out_dim=10    avg_loss: 0.000000138824  time_per_window : 0.000201   progress : 0.339
name: models.architecture.block_type=simple_cls
training.mode=gml_rollout
models.out_dim=10    avg_loss: 0.000000131405  time_per_window : 0.000206   progress : 0.350
name: models.architecture.block_type=simple_cls
training.mode=gml_rollout
models.out_dim=10    avg_loss: 0.000000107951  time_per_window : 0.000202   progress : 0.360
name: models.architecture.block_type=simple_cls
training.mode=gml_rollout
models.out_dim=10    avg_loss: 0.000000110240  time_per_window : 0.000220   progress : 0.371
name: models.architecture.block_type=simple_cls
training.mode=gml_rollout
models.out_dim=10    avg_loss: 0.000000133789  time_per_window : 0.000211   progress : 0.382
name: models.architecture.block_type=simple_cls
training.mode=gml_rollout
models.out_dim=10    avg_loss: 0.000000110755  time_per_window : 0.000211   progress : 0.393
name: models.architecture.block_type=simple_cls
training.mode=gml_rollout
models.out_dim=10    avg_loss: 0.000000125413  time_per_window : 0.000203   progress : 0.404
name: models.architecture.block_type=simple_cls
training.mode=gml_rollout
models.out_dim=10    avg_loss: 0.000000090307  time_per_window : 0.000239   progress : 0.415
name: models.architecture.block_type=simple_cls
training.mode=gml_rollout
models.out_dim=10    avg_loss: 0.000000120303  time_per_window : 0.000187   progress : 0.426
name: models.architecture.block_type=simple_cls
training.mode=gml_rollout
models.out_dim=10    avg_loss: 0.000000114647  time_per_window : 0.000192   progress : 0.437
name: models.architecture.block_type=simple_cls
training.mode=gml_rollout
models.out_dim=10    avg_loss: 0.000000112988  time_per_window : 0.000225   progress : 0.448
name: models.architecture.block_type=simple_cls
training.mode=gml_rollout
models.out_dim=10    avg_loss: 0.000000106168  time_per_window : 0.000205   progress : 0.459
name: models.architecture.block_type=simple_cls
training.mode=gml_rollout
models.out_dim=10    avg_loss: 0.000000103568  time_per_window : 0.000199   progress : 0.470
name: models.architecture.block_type=simple_cls
training.mode=gml_rollout
models.out_dim=10    avg_loss: 0.000000110183  time_per_window : 0.000254   progress : 0.481
name: models.architecture.block_type=simple_cls
training.mode=gml_rollout
models.out_dim=10    avg_loss: 0.000000110282  time_per_window : 0.000206   progress : 0.492
name: models.architecture.block_type=simple_cls
training.mode=gml_rollout
models.out_dim=10    avg_loss: 0.000000099669  time_per_window : 0.000211   progress : 0.502
name: models.architecture.block_type=simple_cls
training.mode=gml_rollout
models.out_dim=10    avg_loss: 0.000000109959  time_per_window : 0.000194   progress : 0.513
name: models.architecture.block_type=simple_cls
training.mode=gml_rollout
models.out_dim=10    avg_loss: 0.000000094737  time_per_window : 0.000223   progress : 0.524
name: models.architecture.block_type=simple_cls
training.mode=gml_rollout
models.out_dim=10    avg_loss: 0.000000093799  time_per_window : 0.000213   progress : 0.535
name: models.architecture.block_type=simple_cls
training.mode=gml_rollout
models.out_dim=10    avg_loss: 0.000000100477  time_per_window : 0.000207   progress : 0.546/home/jdihardjo/miniconda3/envs/mavenv/lib/python3.11/site-packages/torch/_inductor/cudagraph_trees.py:2622: UserWarning: Unable to hit fast path of CUDAGraphs because outputs from a previous step still require backward. Ensure backward() is invoked or detach outputs. You may also call torch.compiler.cudagraph_mark_step_begin() before each model invocation.
  warnings.warn(
/home/jdihardjo/miniconda3/envs/mavenv/lib/python3.11/site-packages/torch/_inductor/cudagraph_trees.py:2622: UserWarning: Unable to hit fast path of CUDAGraphs because outputs from a previous step still require backward. Ensure backward() is invoked or detach outputs. You may also call torch.compiler.cudagraph_mark_step_begin() before each model invocation.
  warnings.warn(

name: models.architecture.block_type=simple_cls
training.mode=gml_rollout
models.out_dim=10    avg_loss: 0.000000100617  time_per_window : 0.000203   progress : 0.557
name: models.architecture.block_type=simple_cls
training.mode=gml_rollout
models.out_dim=10    avg_loss: 0.000000106534  time_per_window : 0.000207   progress : 0.568
name: models.architecture.block_type=simple_cls
training.mode=gml_rollout
models.out_dim=10    avg_loss: 0.000000095056  time_per_window : 0.000204   progress : 0.579
name: models.architecture.block_type=simple_cls
training.mode=gml_rollout
models.out_dim=10    avg_loss: 0.000000079684  time_per_window : 0.000208   progress : 0.590
name: models.architecture.block_type=simple_cls
training.mode=gml_rollout
models.out_dim=10    avg_loss: 0.000000090358  time_per_window : 0.000228   progress : 0.601
name: models.architecture.block_type=simple_cls
training.mode=gml_rollout
models.out_dim=10    avg_loss: 0.000000095223  time_per_window : 0.000192   progress : 0.612
name: models.architecture.block_type=simple_cls
training.mode=gml_rollout
models.out_dim=10    avg_loss: 0.000000088111  time_per_window : 0.000220   progress : 0.623
name: models.architecture.block_type=simple_cls
training.mode=gml_rollout
models.out_dim=10    avg_loss: 0.000000098795  time_per_window : 0.000219   progress : 0.634
name: models.architecture.block_type=simple_cls
training.mode=gml_rollout
models.out_dim=10    avg_loss: 0.000000083426  time_per_window : 0.000208   progress : 0.644
name: models.architecture.block_type=simple_cls
training.mode=gml_rollout
models.out_dim=10    avg_loss: 0.000000086915  time_per_window : 0.000217   progress : 0.655
name: models.architecture.block_type=simple_cls
training.mode=gml_rollout
models.out_dim=10    avg_loss: 0.000000078704  time_per_window : 0.000217   progress : 0.666
name: models.architecture.block_type=simple_cls
training.mode=gml_rollout
models.out_dim=10    avg_loss: 0.000000085592  time_per_window : 0.000211   progress : 0.677
name: models.architecture.block_type=simple_cls
training.mode=gml_rollout
models.out_dim=10    avg_loss: 0.000000087389  time_per_window : 0.000218   progress : 0.688
name: models.architecture.block_type=simple_cls
training.mode=gml_rollout
models.out_dim=10    avg_loss: 0.000000082638  time_per_window : 0.000205   progress : 0.699
name: models.architecture.block_type=simple_cls
training.mode=gml_rollout
models.out_dim=10    avg_loss: 0.000000080486  time_per_window : 0.000238   progress : 0.710
name: models.architecture.block_type=simple_cls
training.mode=gml_rollout
models.out_dim=10    avg_loss: 0.000000082589  time_per_window : 0.000196   progress : 0.721
name: models.architecture.block_type=simple_cls
training.mode=gml_rollout
models.out_dim=10    avg_loss: 0.000000083765  time_per_window : 0.000202   progress : 0.732
name: models.architecture.block_type=simple_cls
training.mode=gml_rollout
models.out_dim=10    avg_loss: 0.000000077557  time_per_window : 0.000213   progress : 0.743
name: models.architecture.block_type=simple_cls
training.mode=gml_rollout
models.out_dim=10    avg_loss: 0.000000071743  time_per_window : 0.000215   progress : 0.754
name: models.architecture.block_type=simple_cls
training.mode=gml_rollout
models.out_dim=10    avg_loss: 0.000000073661  time_per_window : 0.000210   progress : 0.765
name: models.architecture.block_type=simple_cls
training.mode=gml_rollout
models.out_dim=10    avg_loss: 0.000000093368  time_per_window : 0.000201   progress : 0.775
name: models.architecture.block_type=simple_cls
training.mode=gml_rollout
models.out_dim=10    avg_loss: 0.000000084979  time_per_window : 0.000210   progress : 0.786
name: models.architecture.block_type=simple_cls
training.mode=gml_rollout
models.out_dim=10    avg_loss: 0.000000070253  time_per_window : 0.000198   progress : 0.797
name: models.architecture.block_type=simple_cls
training.mode=gml_rollout
models.out_dim=10    avg_loss: 0.000000060977  time_per_window : 0.000217   progress : 0.808
name: models.architecture.block_type=simple_cls
training.mode=gml_rollout
models.out_dim=10    avg_loss: 0.000000079434  time_per_window : 0.000205   progress : 0.819
name: models.architecture.block_type=simple_cls
training.mode=gml_rollout
models.out_dim=10    avg_loss: 0.000000065780  time_per_window : 0.000172   progress : 0.830
name: models.architecture.block_type=simple_cls
training.mode=gml_rollout
models.out_dim=10    avg_loss: 0.000000069724  time_per_window : 0.000189   progress : 0.841
name: models.architecture.block_type=simple_cls
training.mode=gml_rollout
models.out_dim=10    avg_loss: 0.000000074921  time_per_window : 0.000218   progress : 0.852
name: models.architecture.block_type=simple_cls
training.mode=gml_rollout
models.out_dim=10    avg_loss: 0.000000072748  time_per_window : 0.000206   progress : 0.863
name: models.architecture.block_type=simple_cls
training.mode=gml_rollout
models.out_dim=10    avg_loss: 0.000000065671  time_per_window : 0.000197   progress : 0.874
name: models.architecture.block_type=simple_cls
training.mode=gml_rollout
models.out_dim=10    avg_loss: 0.000000067554  time_per_window : 0.000196   progress : 0.885
name: models.architecture.block_type=simple_cls
training.mode=gml_rollout
models.out_dim=10    avg_loss: 0.000000059778  time_per_window : 0.000200   progress : 0.896
name: models.architecture.block_type=simple_cls
training.mode=gml_rollout
models.out_dim=10    avg_loss: 0.000000070982  time_per_window : 0.000251   progress : 0.907
name: models.architecture.block_type=simple_cls
training.mode=gml_rollout
models.out_dim=10    avg_loss: 0.000000072293  time_per_window : 0.000199   progress : 0.917
name: models.architecture.block_type=simple_cls
training.mode=gml_rollout
models.out_dim=10    avg_loss: 0.000000067507  time_per_window : 0.000229   progress : 0.928
name: models.architecture.block_type=simple_cls
training.mode=gml_rollout
models.out_dim=10    avg_loss: 0.000000065134  time_per_window : 0.000234   progress : 0.939
name: models.architecture.block_type=simple_cls
training.mode=gml_rollout
models.out_dim=10    avg_loss: 0.000000059689  time_per_window : 0.000211   progress : 0.950
name: models.architecture.block_type=simple_cls
training.mode=gml_rollout
models.out_dim=10    avg_loss: 0.000000060045  time_per_window : 0.000213   progress : 0.961
name: models.architecture.block_type=simple_cls
training.mode=gml_rollout
models.out_dim=10    avg_loss: 0.000000074705  time_per_window : 0.000222   progress : 0.972
name: models.architecture.block_type=simple_cls
training.mode=gml_rollout
models.out_dim=10    avg_loss: 0.000000054858  time_per_window : 0.000228   progress : 0.983
name: models.architecture.block_type=simple_cls
training.mode=gml_rollout
models.out_dim=10    avg_loss: 0.000000060885  time_per_window : 0.000219   progress : 0.994
name: models.architecture.block_type=simple_cls
training.mode=gml_rollout
models.out_dim=10    avg_loss: 0.000000179203  time_per_window : 0.000174   progress : 0.011
name: models.architecture.block_type=simple_cls
training.mode=gml_rollout
models.out_dim=10    avg_loss: 0.000000057318  time_per_window : 0.000217   progress : 0.022
name: models.architecture.block_type=simple_cls
training.mode=gml_rollout
models.out_dim=10    avg_loss: 0.000000057926  time_per_window : 0.000201   progress : 0.033
name: models.architecture.block_type=simple_cls
training.mode=gml_rollout
models.out_dim=10    avg_loss: 0.000000062303  time_per_window : 0.000193   progress : 0.044
name: models.architecture.block_type=simple_cls
training.mode=gml_rollout
models.out_dim=10    avg_loss: 0.000000069384  time_per_window : 0.000232   progress : 0.055
name: models.architecture.block_type=simple_cls
training.mode=gml_rollout
models.out_dim=10    avg_loss: 0.000000063945  time_per_window : 0.000215   progress : 0.066
name: models.architecture.block_type=simple_cls
training.mode=gml_rollout
models.out_dim=10    avg_loss: 0.000000061243  time_per_window : 0.000258   progress : 0.076
name: models.architecture.block_type=simple_cls
training.mode=gml_rollout
models.out_dim=10    avg_loss: 0.000000062648  time_per_window : 0.000215   progress : 0.087
name: models.architecture.block_type=simple_cls
training.mode=gml_rollout
models.out_dim=10    avg_loss: 0.000000056672  time_per_window : 0.000203   progress : 0.098
name: models.architecture.block_type=simple_cls
training.mode=gml_rollout
models.out_dim=10    avg_loss: 0.000000061748  time_per_window : 0.000211   progress : 0.109
name: models.architecture.block_type=simple_cls
training.mode=gml_rollout
models.out_dim=10    avg_loss: 0.000000056558  time_per_window : 0.000224   progress : 0.120
name: models.architecture.block_type=simple_cls
training.mode=gml_rollout
models.out_dim=10    avg_loss: 0.000000058242  time_per_window : 0.000209   progress : 0.131
name: models.architecture.block_type=simple_cls
training.mode=gml_rollout
models.out_dim=10    avg_loss: 0.000000060295  time_per_window : 0.000211   progress : 0.142
name: models.architecture.block_type=simple_cls
training.mode=gml_rollout
models.out_dim=10    avg_loss: 0.000000061681  time_per_window : 0.000251   progress : 0.153
name: models.architecture.block_type=simple_cls
training.mode=gml_rollout
models.out_dim=10    avg_loss: 0.000000059429  time_per_window : 0.000246   progress : 0.164
name: models.architecture.block_type=simple_cls
training.mode=gml_rollout
models.out_dim=10    avg_loss: 0.000000058715  time_per_window : 0.000220   progress : 0.175
name: models.architecture.block_type=simple_cls
training.mode=gml_rollout
models.out_dim=10    avg_loss: 0.000000059069  time_per_window : 0.000216   progress : 0.186
name: models.architecture.block_type=simple_cls
training.mode=gml_rollout
models.out_dim=10    avg_loss: 0.000000054973  time_per_window : 0.000249   progress : 0.197
name: models.architecture.block_type=simple_cls
training.mode=gml_rollout
models.out_dim=10    avg_loss: 0.000000055848  time_per_window : 0.000213   progress : 0.208
name: models.architecture.block_type=simple_cls
training.mode=gml_rollout
models.out_dim=10    avg_loss: 0.000000055011  time_per_window : 0.000214   progress : 0.218
name: models.architecture.block_type=simple_cls
training.mode=gml_rollout
models.out_dim=10    avg_loss: 0.000000051320  time_per_window : 0.000262   progress : 0.229
name: models.architecture.block_type=simple_cls
training.mode=gml_rollout
models.out_dim=10    avg_loss: 0.000000053390  time_per_window : 0.000230   progress : 0.240
name: models.architecture.block_type=simple_cls
training.mode=gml_rollout
models.out_dim=10    avg_loss: 0.000000065871  time_per_window : 0.000221   progress : 0.251
name: models.architecture.block_type=simple_cls
training.mode=gml_rollout
models.out_dim=10    avg_loss: 0.000000054995  time_per_window : 0.000232   progress : 0.262
name: models.architecture.block_type=simple_cls
training.mode=gml_rollout
models.out_dim=10    avg_loss: 0.000000053845  time_per_window : 0.000240   progress : 0.273
name: models.architecture.block_type=simple_cls
training.mode=gml_rollout
models.out_dim=10    avg_loss: 0.000000046903  time_per_window : 0.000206   progress : 0.284
name: models.architecture.block_type=simple_cls
training.mode=gml_rollout
models.out_dim=10    avg_loss: 0.000000061359  time_per_window : 0.000245   progress : 0.295
name: models.architecture.block_type=simple_cls
training.mode=gml_rollout
models.out_dim=10    avg_loss: 0.000000051089  time_per_window : 0.000205   progress : 0.306
name: models.architecture.block_type=simple_cls
training.mode=gml_rollout
models.out_dim=10    avg_loss: 0.000000051942  time_per_window : 0.000247   progress : 0.317
name: models.architecture.block_type=simple_cls
training.mode=gml_rollout
models.out_dim=10    avg_loss: 0.000000045946  time_per_window : 0.000250   progress : 0.328
name: models.architecture.block_type=simple_cls
training.mode=gml_rollout
models.out_dim=10    avg_loss: 0.000000047109  time_per_window : 0.000257   progress : 0.339
name: models.architecture.block_type=simple_cls
training.mode=gml_rollout
models.out_dim=10    avg_loss: 0.000000049832  time_per_window : 0.000234   progress : 0.350
name: models.architecture.block_type=simple_cls
training.mode=gml_rollout
models.out_dim=10    avg_loss: 0.000000046141  time_per_window : 0.000215   progress : 0.360
name: models.architecture.block_type=simple_cls
training.mode=gml_rollout
models.out_dim=10    avg_loss: 0.000000050428  time_per_window : 0.000231   progress : 0.371
name: models.architecture.block_type=simple_cls
training.mode=gml_rollout
models.out_dim=10    avg_loss: 0.000000050315  time_per_window : 0.000215   progress : 0.382
name: models.architecture.block_type=simple_cls
training.mode=gml_rollout
models.out_dim=10    avg_loss: 0.000000051729  time_per_window : 0.000249   progress : 0.393
name: models.architecture.block_type=simple_cls
training.mode=gml_rollout
models.out_dim=10    avg_loss: 0.000000059279  time_per_window : 0.000225   progress : 0.404
name: models.architecture.block_type=simple_cls
training.mode=gml_rollout
models.out_dim=10    avg_loss: 0.000000044867  time_per_window : 0.000230   progress : 0.415
name: models.architecture.block_type=simple_cls
training.mode=gml_rollout
models.out_dim=10    avg_loss: 0.000000043629  time_per_window : 0.000223   progress : 0.426
name: models.architecture.block_type=simple_cls
training.mode=gml_rollout
models.out_dim=10    avg_loss: 0.000000051990  time_per_window : 0.000223   progress : 0.437
name: models.architecture.block_type=simple_cls
training.mode=gml_rollout
models.out_dim=10    avg_loss: 0.000000051240  time_per_window : 0.000232   progress : 0.448
name: models.architecture.block_type=simple_cls
training.mode=gml_rollout
models.out_dim=10    avg_loss: 0.000000041245  time_per_window : 0.000243   progress : 0.459
name: models.architecture.block_type=simple_cls
training.mode=gml_rollout
models.out_dim=10    avg_loss: 0.000000049937  time_per_window : 0.000207   progress : 0.470
name: models.architecture.block_type=simple_cls
training.mode=gml_rollout
models.out_dim=10    avg_loss: 0.000000045989  time_per_window : 0.000194   progress : 0.481
name: models.architecture.block_type=simple_cls
training.mode=gml_rollout
models.out_dim=10    avg_loss: 0.000000046606  time_per_window : 0.000221   progress : 0.492
name: models.architecture.block_type=simple_cls
training.mode=gml_rollout
models.out_dim=10    avg_loss: 0.000000045938  time_per_window : 0.000214   progress : 0.502
name: models.architecture.block_type=simple_cls
training.mode=gml_rollout
models.out_dim=10    avg_loss: 0.000000050466  time_per_window : 0.000261   progress : 0.513
name: models.architecture.block_type=simple_cls
training.mode=gml_rollout
models.out_dim=10    avg_loss: 0.000000040157  time_per_window : 0.000212   progress : 0.524
name: models.architecture.block_type=simple_cls
training.mode=gml_rollout
models.out_dim=10    avg_loss: 0.000000043140  time_per_window : 0.000225   progress : 0.535
name: models.architecture.block_type=simple_cls
training.mode=gml_rollout
models.out_dim=10    avg_loss: 0.000000046928  time_per_window : 0.000240   progress : 0.546
name: models.architecture.block_type=simple_cls
training.mode=gml_rollout
models.out_dim=10    avg_loss: 0.000000043142  time_per_window : 0.000214   progress : 0.557
name: models.architecture.block_type=simple_cls
training.mode=gml_rollout
models.out_dim=10    avg_loss: 0.000000041728  time_per_window : 0.000288   progress : 0.568
name: models.architecture.block_type=simple_cls
training.mode=gml_rollout
models.out_dim=10    avg_loss: 0.000000045605  time_per_window : 0.000236   progress : 0.579
name: models.architecture.block_type=simple_cls
training.mode=gml_rollout
models.out_dim=10    avg_loss: 0.000000040737  time_per_window : 0.000209   progress : 0.590
name: models.architecture.block_type=simple_cls
training.mode=gml_rollout
models.out_dim=10    avg_loss: 0.000000043448  time_per_window : 0.000224   progress : 0.601
name: models.architecture.block_type=simple_cls
training.mode=gml_rollout
models.out_dim=10    avg_loss: 0.000000040394  time_per_window : 0.000221   progress : 0.612
name: models.architecture.block_type=simple_cls
training.mode=gml_rollout
models.out_dim=10    avg_loss: 0.000000039811  time_per_window : 0.000232   progress : 0.623
name: models.architecture.block_type=simple_cls
training.mode=gml_rollout
models.out_dim=10    avg_loss: 0.000000040347  time_per_window : 0.000222   progress : 0.634
name: models.architecture.block_type=simple_cls
training.mode=gml_rollout
models.out_dim=10    avg_loss: 0.000000045227  time_per_window : 0.000226   progress : 0.644
name: models.architecture.block_type=simple_cls
training.mode=gml_rollout
models.out_dim=10    avg_loss: 0.000000038785  time_per_window : 0.000209   progress : 0.655
name: models.architecture.block_type=simple_cls
training.mode=gml_rollout
models.out_dim=10    avg_loss: 0.000000041087  time_per_window : 0.000256   progress : 0.666
name: models.architecture.block_type=simple_cls
training.mode=gml_rollout
models.out_dim=10    avg_loss: 0.000000042975  time_per_window : 0.000224   progress : 0.677
name: models.architecture.block_type=simple_cls
training.mode=gml_rollout
models.out_dim=10    avg_loss: 0.000000041186  time_per_window : 0.000227   progress : 0.688
name: models.architecture.block_type=simple_cls
training.mode=gml_rollout
models.out_dim=10    avg_loss: 0.000000040307  time_per_window : 0.000256   progress : 0.699
name: models.architecture.block_type=simple_cls
training.mode=gml_rollout
models.out_dim=10    avg_loss: 0.000000037899  time_per_window : 0.000230   progress : 0.710
name: models.architecture.block_type=simple_cls
training.mode=gml_rollout
models.out_dim=10    avg_loss: 0.000000035621  time_per_window : 0.000273   progress : 0.721
name: models.architecture.block_type=simple_cls
training.mode=gml_rollout
models.out_dim=10    avg_loss: 0.000000039744  time_per_window : 0.000219   progress : 0.732
name: models.architecture.block_type=simple_cls
training.mode=gml_rollout
models.out_dim=10    avg_loss: 0.000000036740  time_per_window : 0.000230   progress : 0.743
name: models.architecture.block_type=simple_cls
training.mode=gml_rollout
models.out_dim=10    avg_loss: 0.000000037134  time_per_window : 0.000202   progress : 0.754
name: models.architecture.block_type=simple_cls
training.mode=gml_rollout
models.out_dim=10    avg_loss: 0.000000036668  time_per_window : 0.000224   progress : 0.765
name: models.architecture.block_type=simple_cls
training.mode=gml_rollout
models.out_dim=10    avg_loss: 0.000000040402  time_per_window : 0.000268   progress : 0.775
name: models.architecture.block_type=simple_cls
training.mode=gml_rollout
models.out_dim=10    avg_loss: 0.000000042390  time_per_window : 0.000222   progress : 0.786
name: models.architecture.block_type=simple_cls
training.mode=gml_rollout
models.out_dim=10    avg_loss: 0.000000037107  time_per_window : 0.000239   progress : 0.797
name: models.architecture.block_type=simple_cls
training.mode=gml_rollout
models.out_dim=10    avg_loss: 0.000000036668  time_per_window : 0.000228   progress : 0.808
name: models.architecture.block_type=simple_cls
training.mode=gml_rollout
models.out_dim=10    avg_loss: 0.000000037163  time_per_window : 0.000209   progress : 0.819
name: models.architecture.block_type=simple_cls
training.mode=gml_rollout
models.out_dim=10    avg_loss: 0.000000037564  time_per_window : 0.000248   progress : 0.830
name: models.architecture.block_type=simple_cls
training.mode=gml_rollout
models.out_dim=10    avg_loss: 0.000000038259  time_per_window : 0.000198   progress : 0.841
name: models.architecture.block_type=simple_cls
training.mode=gml_rollout
models.out_dim=10    avg_loss: 0.000000036049  time_per_window : 0.000230   progress : 0.852
name: models.architecture.block_type=simple_cls
training.mode=gml_rollout
models.out_dim=10    avg_loss: 0.000000040568  time_per_window : 0.000225   progress : 0.863
name: models.architecture.block_type=simple_cls
training.mode=gml_rollout
models.out_dim=10    avg_loss: 0.000000036404  time_per_window : 0.000245   progress : 0.874
name: models.architecture.block_type=simple_cls
training.mode=gml_rollout
models.out_dim=10    avg_loss: 0.000000035142  time_per_window : 0.000207   progress : 0.885
name: models.architecture.block_type=simple_cls
training.mode=gml_rollout
models.out_dim=10    avg_loss: 0.000000034074  time_per_window : 0.000217   progress : 0.896
name: models.architecture.block_type=simple_cls
training.mode=gml_rollout
models.out_dim=10    avg_loss: 0.000000095809  time_per_window : 0.000207   progress : 0.907
name: models.architecture.block_type=simple_cls
training.mode=gml_rollout
models.out_dim=10    avg_loss: 0.000000039541  time_per_window : 0.000230   progress : 0.917
name: models.architecture.block_type=simple_cls
training.mode=gml_rollout
models.out_dim=10    avg_loss: 0.000000035081  time_per_window : 0.000227   progress : 0.928
name: models.architecture.block_type=simple_cls
training.mode=gml_rollout
models.out_dim=10    avg_loss: 0.000000030601  time_per_window : 0.000237   progress : 0.939
name: models.architecture.block_type=simple_cls
training.mode=gml_rollout
models.out_dim=10    avg_loss: 0.000000035013  time_per_window : 0.000262   progress : 0.950
name: models.architecture.block_type=simple_cls
training.mode=gml_rollout
models.out_dim=10    avg_loss: 0.000000030706  time_per_window : 0.000260   progress : 0.961
name: models.architecture.block_type=simple_cls
training.mode=gml_rollout
models.out_dim=10    avg_loss: 0.000000035220  time_per_window : 0.000223   progress : 0.972
name: models.architecture.block_type=simple_cls
training.mode=gml_rollout
models.out_dim=10    avg_loss: 0.000000033345  time_per_window : 0.000220   progress : 0.983
name: models.architecture.block_type=simple_cls
training.mode=gml_rollout
models.out_dim=10    avg_loss: 0.000000030934  time_per_window : 0.000203   progress : 0.994
name: models.architecture.block_type=simple_cls
training.mode=gml_rollout
models.out_dim=10    avg_loss: 0.000002798352  time_per_window : 0.000235   progress : 0.011
name: models.architecture.block_type=simple_cls
training.mode=gml_rollout
models.out_dim=10    avg_loss: 0.000000457599  time_per_window : 0.000208   progress : 0.022
name: models.architecture.block_type=simple_cls
training.mode=gml_rollout
models.out_dim=10    avg_loss: 0.000000309807  time_per_window : 0.000275   progress : 0.033
name: models.architecture.block_type=simple_cls
training.mode=gml_rollout
models.out_dim=10    avg_loss: 0.000000180862  time_per_window : 0.000264   progress : 0.044
name: models.architecture.block_type=simple_cls
training.mode=gml_rollout
models.out_dim=10    avg_loss: 0.000000144708  time_per_window : 0.000217   progress : 0.055
name: models.architecture.block_type=simple_cls
training.mode=gml_rollout
models.out_dim=10    avg_loss: 0.000000140633  time_per_window : 0.000243   progress : 0.066
name: models.architecture.block_type=simple_cls
training.mode=gml_rollout
models.out_dim=10    avg_loss: 0.000000136670  time_per_window : 0.000215   progress : 0.076
name: models.architecture.block_type=simple_cls
training.mode=gml_rollout
models.out_dim=10    avg_loss: 0.000000133549  time_per_window : 0.000219   progress : 0.087
name: models.architecture.block_type=simple_cls
training.mode=gml_rollout
models.out_dim=10    avg_loss: 0.000000129496  time_per_window : 0.000233   progress : 0.098
name: models.architecture.block_type=simple_cls
training.mode=gml_rollout
models.out_dim=10    avg_loss: 0.000000126089  time_per_window : 0.000252   progress : 0.109
name: models.architecture.block_type=simple_cls
training.mode=gml_rollout
models.out_dim=10    avg_loss: 0.000000143903  time_per_window : 0.000226   progress : 0.120
name: models.architecture.block_type=simple_cls
training.mode=gml_rollout
models.out_dim=10    avg_loss: 0.000000122410  time_per_window : 0.000217   progress : 0.131
name: models.architecture.block_type=simple_cls
training.mode=gml_rollout
models.out_dim=10    avg_loss: 0.000000106552  time_per_window : 0.000210   progress : 0.142
name: models.architecture.block_type=simple_cls
training.mode=gml_rollout
models.out_dim=10    avg_loss: 0.000000131952  time_per_window : 0.000228   progress : 0.153
name: models.architecture.block_type=simple_cls
training.mode=gml_rollout
models.out_dim=10    avg_loss: 0.000000128239  time_per_window : 0.000217   progress : 0.164
name: models.architecture.block_type=simple_cls
training.mode=gml_rollout
models.out_dim=10    avg_loss: 0.000000119795  time_per_window : 0.000232   progress : 0.175
name: models.architecture.block_type=simple_cls
training.mode=gml_rollout
models.out_dim=10    avg_loss: 0.000000129382  time_per_window : 0.000229   progress : 0.186
name: models.architecture.block_type=simple_cls
training.mode=gml_rollout
models.out_dim=10    avg_loss: 0.000000109617  time_per_window : 0.000252   progress : 0.197
name: models.architecture.block_type=simple_cls
training.mode=gml_rollout
models.out_dim=10    avg_loss: 0.000000117848  time_per_window : 0.000235   progress : 0.208
name: models.architecture.block_type=simple_cls
training.mode=gml_rollout
models.out_dim=10    avg_loss: 0.000000123463  time_per_window : 0.000242   progress : 0.218
name: models.architecture.block_type=simple_cls
training.mode=gml_rollout
models.out_dim=10    avg_loss: 0.000000121182  time_per_window : 0.000195   progress : 0.229
name: models.architecture.block_type=simple_cls
training.mode=gml_rollout
models.out_dim=10    avg_loss: 0.000000126853  time_per_window : 0.000231   progress : 0.240
name: models.architecture.block_type=simple_cls
training.mode=gml_rollout
models.out_dim=10    avg_loss: 0.000000124450  time_per_window : 0.000213   progress : 0.251
name: models.architecture.block_type=simple_cls
training.mode=gml_rollout
models.out_dim=10    avg_loss: 0.000000126157  time_per_window : 0.000219   progress : 0.262
name: models.architecture.block_type=simple_cls
training.mode=gml_rollout
models.out_dim=10    avg_loss: 0.000000142684  time_per_window : 0.000223   progress : 0.273
name: models.architecture.block_type=simple_cls
training.mode=gml_rollout
models.out_dim=10    avg_loss: 0.000000117350  time_per_window : 0.000240   progress : 0.284
name: models.architecture.block_type=simple_cls
training.mode=gml_rollout
models.out_dim=10    avg_loss: 0.000000118108  time_per_window : 0.000224   progress : 0.295
name: models.architecture.block_type=simple_cls
training.mode=gml_rollout
models.out_dim=10    avg_loss: 0.000000117846  time_per_window : 0.000249   progress : 0.306
name: models.architecture.block_type=simple_cls
training.mode=gml_rollout
models.out_dim=10    avg_loss: 0.000000114505  time_per_window : 0.000248   progress : 0.317
name: models.architecture.block_type=simple_cls
training.mode=gml_rollout
models.out_dim=10    avg_loss: 0.000000110914  time_per_window : 0.000246   progress : 0.328
name: models.architecture.block_type=simple_cls
training.mode=gml_rollout
models.out_dim=10    avg_loss: 0.000000134204  time_per_window : 0.000209   progress : 0.339
name: models.architecture.block_type=simple_cls
training.mode=gml_rollout
models.out_dim=10    avg_loss: 0.000000106405  time_per_window : 0.000243   progress : 0.350
name: models.architecture.block_type=simple_cls
training.mode=gml_rollout
models.out_dim=10    avg_loss: 0.000000127340  time_per_window : 0.000244   progress : 0.360
name: models.architecture.block_type=simple_cls
training.mode=gml_rollout
models.out_dim=10    avg_loss: 0.000000102406  time_per_window : 0.000223   progress : 0.371
name: models.architecture.block_type=simple_cls
training.mode=gml_rollout
models.out_dim=10    avg_loss: 0.000000126177  time_per_window : 0.000241   progress : 0.382
name: models.architecture.block_type=simple_cls
training.mode=gml_rollout
models.out_dim=10    avg_loss: 0.000000105969  time_per_window : 0.000272   progress : 0.393
name: models.architecture.block_type=simple_cls
training.mode=gml_rollout
models.out_dim=10    avg_loss: 0.000000123704  time_per_window : 0.000205   progress : 0.404
name: models.architecture.block_type=simple_cls
training.mode=gml_rollout
models.out_dim=10    avg_loss: 0.000000111358  time_per_window : 0.000216   progress : 0.415
name: models.architecture.block_type=simple_cls
training.mode=gml_rollout
models.out_dim=10    avg_loss: 0.000000109118  time_per_window : 0.000223   progress : 0.426
name: models.architecture.block_type=simple_cls
training.mode=gml_rollout
models.out_dim=10    avg_loss: 0.000000119643  time_per_window : 0.000231   progress : 0.437
name: models.architecture.block_type=simple_cls
training.mode=gml_rollout
models.out_dim=10    avg_loss: 0.000000108713  time_per_window : 0.000208   progress : 0.448
name: models.architecture.block_type=simple_cls
training.mode=gml_rollout
models.out_dim=10    avg_loss: 0.000000110400  time_per_window : 0.000205   progress : 0.459
name: models.architecture.block_type=simple_cls
training.mode=gml_rollout
models.out_dim=10    avg_loss: 0.000000119891  time_per_window : 0.000232   progress : 0.470
name: models.architecture.block_type=simple_cls
training.mode=gml_rollout
models.out_dim=10    avg_loss: 0.000000087323  time_per_window : 0.000256   progress : 0.481
name: models.architecture.block_type=simple_cls
training.mode=gml_rollout
models.out_dim=10    avg_loss: 0.000000130608  time_per_window : 0.000225   progress : 0.492
name: models.architecture.block_type=simple_cls
training.mode=gml_rollout
models.out_dim=10    avg_loss: 0.000000096159  time_per_window : 0.000222   progress : 0.502
name: models.architecture.block_type=simple_cls
training.mode=gml_rollout
models.out_dim=10    avg_loss: 0.000000111523  time_per_window : 0.000236   progress : 0.513
name: models.architecture.block_type=simple_cls
training.mode=gml_rollout
models.out_dim=10    avg_loss: 0.000000090161  time_per_window : 0.000228   progress : 0.524
name: models.architecture.block_type=simple_cls
training.mode=gml_rollout
models.out_dim=10    avg_loss: 0.000000125637  time_per_window : 0.000244   progress : 0.535
name: models.architecture.block_type=simple_cls
training.mode=gml_rollout
models.out_dim=10    avg_loss: 0.000000131488  time_per_window : 0.000235   progress : 0.546
name: models.architecture.block_type=simple_cls
training.mode=gml_rollout
models.out_dim=10    avg_loss: 0.000000104656  time_per_window : 0.000236   progress : 0.557
name: models.architecture.block_type=simple_cls
training.mode=gml_rollout
models.out_dim=10    avg_loss: 0.000000108629  time_per_window : 0.000202   progress : 0.568
name: models.architecture.block_type=simple_cls
training.mode=gml_rollout
models.out_dim=10    avg_loss: 0.000000117807  time_per_window : 0.000205   progress : 0.579
name: models.architecture.block_type=simple_cls
training.mode=gml_rollout
models.out_dim=10    avg_loss: 0.000000107142  time_per_window : 0.000245   progress : 0.590
name: models.architecture.block_type=simple_cls
training.mode=gml_rollout
models.out_dim=10    avg_loss: 0.000000100062  time_per_window : 0.000238   progress : 0.601
name: models.architecture.block_type=simple_cls
training.mode=gml_rollout
models.out_dim=10    avg_loss: 0.000000090728  time_per_window : 0.000227   progress : 0.612
name: models.architecture.block_type=simple_cls
training.mode=gml_rollout
models.out_dim=10    avg_loss: 0.000000213481  time_per_window : 0.000234   progress : 0.623
name: models.architecture.block_type=simple_cls
training.mode=gml_rollout
models.out_dim=10    avg_loss: 0.000000089560  time_per_window : 0.000233   progress : 0.634
name: models.architecture.block_type=simple_cls
training.mode=gml_rollout
models.out_dim=10    avg_loss: 0.000000111380  time_per_window : 0.000214   progress : 0.644
name: models.architecture.block_type=simple_cls
training.mode=gml_rollout
models.out_dim=10    avg_loss: 0.000000101670  time_per_window : 0.000199   progress : 0.655
name: models.architecture.block_type=simple_cls
training.mode=gml_rollout
models.out_dim=10    avg_loss: 0.000000084543  time_per_window : 0.000217   progress : 0.666
name: models.architecture.block_type=simple_cls
training.mode=gml_rollout
models.out_dim=10    avg_loss: 0.000000102267  time_per_window : 0.000217   progress : 0.677
name: models.architecture.block_type=simple_cls
training.mode=gml_rollout
models.out_dim=10    avg_loss: 0.000000088035  time_per_window : 0.000254   progress : 0.688
name: models.architecture.block_type=simple_cls
training.mode=gml_rollout
models.out_dim=10    avg_loss: 0.000000092225  time_per_window : 0.000253   progress : 0.699
name: models.architecture.block_type=simple_cls
training.mode=gml_rollout
models.out_dim=10    avg_loss: 0.000000102961  time_per_window : 0.000218   progress : 0.710
name: models.architecture.block_type=simple_cls
training.mode=gml_rollout
models.out_dim=10    avg_loss: 0.000000077751  time_per_window : 0.000223   progress : 0.721
name: models.architecture.block_type=simple_cls
training.mode=gml_rollout
models.out_dim=10    avg_loss: 0.000000102741  time_per_window : 0.000201   progress : 0.732
name: models.architecture.block_type=simple_cls
training.mode=gml_rollout
models.out_dim=10    avg_loss: 0.000000084867  time_per_window : 0.000220   progress : 0.743
name: models.architecture.block_type=simple_cls
training.mode=gml_rollout
models.out_dim=10    avg_loss: 0.000000103465  time_per_window : 0.000274   progress : 0.754
name: models.architecture.block_type=simple_cls
training.mode=gml_rollout
models.out_dim=10    avg_loss: 0.000000101604  time_per_window : 0.000223   progress : 0.765
name: models.architecture.block_type=simple_cls
training.mode=gml_rollout
models.out_dim=10    avg_loss: 0.000000107468  time_per_window : 0.000233   progress : 0.775
name: models.architecture.block_type=simple_cls
training.mode=gml_rollout
models.out_dim=10    avg_loss: 0.000000116581  time_per_window : 0.000266   progress : 0.786
name: models.architecture.block_type=simple_cls
training.mode=gml_rollout
models.out_dim=10    avg_loss: 0.000000091381  time_per_window : 0.000240   progress : 0.797
name: models.architecture.block_type=simple_cls
training.mode=gml_rollout
models.out_dim=10    avg_loss: 0.000000085814  time_per_window : 0.000215   progress : 0.808
name: models.architecture.block_type=simple_cls
training.mode=gml_rollout
models.out_dim=10    avg_loss: 0.000000088152  time_per_window : 0.000234   progress : 0.819
name: models.architecture.block_type=simple_cls
training.mode=gml_rollout
models.out_dim=10    avg_loss: 0.000000083782  time_per_window : 0.000211   progress : 0.830
name: models.architecture.block_type=simple_cls
training.mode=gml_rollout
models.out_dim=10    avg_loss: 0.000000103933  time_per_window : 0.000212   progress : 0.841
name: models.architecture.block_type=simple_cls
training.mode=gml_rollout
models.out_dim=10    avg_loss: 0.000000089322  time_per_window : 0.000261   progress : 0.852
name: models.architecture.block_type=simple_cls
training.mode=gml_rollout
models.out_dim=10    avg_loss: 0.000000098293  time_per_window : 0.000206   progress : 0.863
name: models.architecture.block_type=simple_cls
training.mode=gml_rollout
models.out_dim=10    avg_loss: 0.000000083153  time_per_window : 0.000245   progress : 0.874
name: models.architecture.block_type=simple_cls
training.mode=gml_rollout
models.out_dim=10    avg_loss: 0.000000091923  time_per_window : 0.000215   progress : 0.885
name: models.architecture.block_type=simple_cls
training.mode=gml_rollout
models.out_dim=10    avg_loss: 0.000000087305  time_per_window : 0.000213   progress : 0.896
name: models.architecture.block_type=simple_cls
training.mode=gml_rollout
models.out_dim=10    avg_loss: 0.000000088740  time_per_window : 0.000222   progress : 0.907
name: models.architecture.block_type=simple_cls
training.mode=gml_rollout
models.out_dim=10    avg_loss: 0.000000109792  time_per_window : 0.000225   progress : 0.917
name: models.architecture.block_type=simple_cls
training.mode=gml_rollout
models.out_dim=10    avg_loss: 0.000000099664  time_per_window : 0.000224   progress : 0.928
name: models.architecture.block_type=simple_cls
training.mode=gml_rollout
models.out_dim=10    avg_loss: 0.000000086567  time_per_window : 0.000214   progress : 0.939
name: models.architecture.block_type=simple_cls
training.mode=gml_rollout
models.out_dim=10    avg_loss: 0.000000083230  time_per_window : 0.000275   progress : 0.950
name: models.architecture.block_type=simple_cls
training.mode=gml_rollout
models.out_dim=10    avg_loss: 0.000000087908  time_per_window : 0.000212   progress : 0.961
name: models.architecture.block_type=simple_cls
training.mode=gml_rollout
models.out_dim=10    avg_loss: 0.000000112849  time_per_window : 0.000257   progress : 0.972
name: models.architecture.block_type=simple_cls
training.mode=gml_rollout
models.out_dim=10    avg_loss: 0.000000090677  time_per_window : 0.000243   progress : 0.983
name: models.architecture.block_type=simple_cls
training.mode=gml_rollout
models.out_dim=10    avg_loss: 0.000000084602  time_per_window : 0.000204   progress : 0.994
name: models.architecture.block_type=simple_cls
training.mode=gml_rollout
models.out_dim=10    avg_loss: 0.000018806271  time_per_window : 0.000211   progress : 0.011
name: models.architecture.block_type=simple_cls
training.mode=gml_rollout
models.out_dim=10    avg_loss: 0.000003183743  time_per_window : 0.000219   progress : 0.022
name: models.architecture.block_type=simple_cls
training.mode=gml_rollout
models.out_dim=10    avg_loss: 0.000002454332  time_per_window : 0.000225   progress : 0.033
name: models.architecture.block_type=simple_cls
training.mode=gml_rollout
models.out_dim=10    avg_loss: 0.000001948181  time_per_window : 0.000236   progress : 0.044
name: models.architecture.block_type=simple_cls
training.mode=gml_rollout
models.out_dim=10    avg_loss: 0.000001590488  time_per_window : 0.000227   progress : 0.055
name: models.architecture.block_type=simple_cls
training.mode=gml_rollout
models.out_dim=10    avg_loss: 0.000001542002  time_per_window : 0.000221   progress : 0.066
name: models.architecture.block_type=simple_cls
training.mode=gml_rollout
models.out_dim=10    avg_loss: 0.000001517063  time_per_window : 0.000240   progress : 0.076
name: models.architecture.block_type=simple_cls
training.mode=gml_rollout
models.out_dim=10    avg_loss: 0.000001308720  time_per_window : 0.000237   progress : 0.087
name: models.architecture.block_type=simple_cls
training.mode=gml_rollout
models.out_dim=10    avg_loss: 0.000001292193  time_per_window : 0.000235   progress : 0.098
name: models.architecture.block_type=simple_cls
training.mode=gml_rollout
models.out_dim=10    avg_loss: 0.000001230456  time_per_window : 0.000203   progress : 0.109
name: models.architecture.block_type=simple_cls
training.mode=gml_rollout
models.out_dim=10    avg_loss: 0.000001166126  time_per_window : 0.000220   progress : 0.120
name: models.architecture.block_type=simple_cls
training.mode=gml_rollout
models.out_dim=10    avg_loss: 0.000001140773  time_per_window : 0.000212   progress : 0.131
name: models.architecture.block_type=simple_cls
training.mode=gml_rollout
models.out_dim=10    avg_loss: 0.000001202993  time_per_window : 0.000209   progress : 0.142
name: models.architecture.block_type=simple_cls
training.mode=gml_rollout
models.out_dim=10    avg_loss: 0.000001239585  time_per_window : 0.000202   progress : 0.153
name: models.architecture.block_type=simple_cls
training.mode=gml_rollout
models.out_dim=10    avg_loss: 0.000001121481  time_per_window : 0.000232   progress : 0.164
name: models.architecture.block_type=simple_cls
training.mode=gml_rollout
models.out_dim=10    avg_loss: 0.000001124423  time_per_window : 0.000226   progress : 0.175
name: models.architecture.block_type=simple_cls
training.mode=gml_rollout
models.out_dim=10    avg_loss: 0.000001188134  time_per_window : 0.000206   progress : 0.186
name: models.architecture.block_type=simple_cls
training.mode=gml_rollout
models.out_dim=10    avg_loss: 0.000001043397  time_per_window : 0.000238   progress : 0.197
name: models.architecture.block_type=simple_cls
training.mode=gml_rollout
models.out_dim=10    avg_loss: 0.000001089313  time_per_window : 0.000254   progress : 0.208
name: models.architecture.block_type=simple_cls
training.mode=gml_rollout
models.out_dim=10    avg_loss: 0.000000856227  time_per_window : 0.000220   progress : 0.218
name: models.architecture.block_type=simple_cls
training.mode=gml_rollout
models.out_dim=10    avg_loss: 0.000001144713  time_per_window : 0.000243   progress : 0.229
name: models.architecture.block_type=simple_cls
training.mode=gml_rollout
models.out_dim=10    avg_loss: 0.000001103587  time_per_window : 0.000246   progress : 0.240
name: models.architecture.block_type=simple_cls
training.mode=gml_rollout
models.out_dim=10    avg_loss: 0.000001162089  time_per_window : 0.000228   progress : 0.251
name: models.architecture.block_type=simple_cls
training.mode=gml_rollout
models.out_dim=10    avg_loss: 0.000000908445  time_per_window : 0.000232   progress : 0.262
name: models.architecture.block_type=simple_cls
training.mode=gml_rollout
models.out_dim=10    avg_loss: 0.000001166623  time_per_window : 0.000218   progress : 0.273
name: models.architecture.block_type=simple_cls
training.mode=gml_rollout
models.out_dim=10    avg_loss: 0.000000982609  time_per_window : 0.000204   progress : 0.284
name: models.architecture.block_type=simple_cls
training.mode=gml_rollout
models.out_dim=10    avg_loss: 0.000001102875  time_per_window : 0.000224   progress : 0.295
name: models.architecture.block_type=simple_cls
training.mode=gml_rollout
models.out_dim=10    avg_loss: 0.000001006393  time_per_window : 0.000197   progress : 0.306
name: models.architecture.block_type=simple_cls
training.mode=gml_rollout
models.out_dim=10    avg_loss: 0.000001008888  time_per_window : 0.000214   progress : 0.317
name: models.architecture.block_type=simple_cls
training.mode=gml_rollout
models.out_dim=10    avg_loss: 0.000000826214  time_per_window : 0.000230   progress : 0.328
name: models.architecture.block_type=simple_cls
training.mode=gml_rollout
models.out_dim=10    avg_loss: 0.000000969214  time_per_window : 0.000212   progress : 0.339
name: models.architecture.block_type=simple_cls
training.mode=gml_rollout
models.out_dim=10    avg_loss: 0.000000979241  time_per_window : 0.000278   progress : 0.350
name: models.architecture.block_type=simple_cls
training.mode=gml_rollout
models.out_dim=10    avg_loss: 0.000000789994  time_per_window : 0.000267   progress : 0.360
name: models.architecture.block_type=simple_cls
training.mode=gml_rollout
models.out_dim=10    avg_loss: 0.000000840020  time_per_window : 0.000261   progress : 0.371
name: models.architecture.block_type=simple_cls
training.mode=gml_rollout
models.out_dim=10    avg_loss: 0.000000773739  time_per_window : 0.000245   progress : 0.382
name: models.architecture.block_type=simple_cls
training.mode=gml_rollout
models.out_dim=10    avg_loss: 0.000000855035  time_per_window : 0.000207   progress : 0.393
name: models.architecture.block_type=simple_cls
training.mode=gml_rollout
models.out_dim=10    avg_loss: 0.000000959906  time_per_window : 0.000215   progress : 0.404
name: models.architecture.block_type=simple_cls
training.mode=gml_rollout
models.out_dim=10    avg_loss: 0.000000920654  time_per_window : 0.000218   progress : 0.415
name: models.architecture.block_type=simple_cls
training.mode=gml_rollout
models.out_dim=10    avg_loss: 0.000000790857  time_per_window : 0.000219   progress : 0.426
name: models.architecture.block_type=simple_cls
training.mode=gml_rollout
models.out_dim=10    avg_loss: 0.000000953701  time_per_window : 0.000211   progress : 0.437
name: models.architecture.block_type=simple_cls
training.mode=gml_rollout
models.out_dim=10    avg_loss: 0.000000982890  time_per_window : 0.000219   progress : 0.448
name: models.architecture.block_type=simple_cls
training.mode=gml_rollout
models.out_dim=10    avg_loss: 0.000000720648  time_per_window : 0.000263   progress : 0.459
name: models.architecture.block_type=simple_cls
training.mode=gml_rollout
models.out_dim=10    avg_loss: 0.000000830462  time_per_window : 0.000210   progress : 0.470
name: models.architecture.block_type=simple_cls
training.mode=gml_rollout
models.out_dim=10    avg_loss: 0.000000794038  time_per_window : 0.000217   progress : 0.481
name: models.architecture.block_type=simple_cls
training.mode=gml_rollout
models.out_dim=10    avg_loss: 0.000000820281  time_per_window : 0.000201   progress : 0.492
name: models.architecture.block_type=simple_cls
training.mode=gml_rollout
models.out_dim=10    avg_loss: 0.000000884278  time_per_window : 0.000207   progress : 0.502
name: models.architecture.block_type=simple_cls
training.mode=gml_rollout
models.out_dim=10    avg_loss: 0.000000726826  time_per_window : 0.000194   progress : 0.513
name: models.architecture.block_type=simple_cls
training.mode=gml_rollout
models.out_dim=10    avg_loss: 0.000001014193  time_per_window : 0.000210   progress : 0.524
name: models.architecture.block_type=simple_cls
training.mode=gml_rollout
models.out_dim=10    avg_loss: 0.000000879529  time_per_window : 0.000208   progress : 0.535
name: models.architecture.block_type=simple_cls
training.mode=gml_rollout
models.out_dim=10    avg_loss: 0.000000793098  time_per_window : 0.000249   progress : 0.546
name: models.architecture.block_type=simple_cls
training.mode=gml_rollout
models.out_dim=10    avg_loss: 0.000000706967  time_per_window : 0.000214   progress : 0.557
name: models.architecture.block_type=simple_cls
training.mode=gml_rollout
models.out_dim=10    avg_loss: 0.000000664511  time_per_window : 0.000220   progress : 0.568
name: models.architecture.block_type=simple_cls
training.mode=gml_rollout
models.out_dim=10    avg_loss: 0.000000938861  time_per_window : 0.000233   progress : 0.579
name: models.architecture.block_type=simple_cls
training.mode=gml_rollout
models.out_dim=10    avg_loss: 0.000000656891  time_per_window : 0.000208   progress : 0.590
name: models.architecture.block_type=simple_cls
training.mode=gml_rollout
models.out_dim=10    avg_loss: 0.000000745469  time_per_window : 0.000239   progress : 0.601
name: models.architecture.block_type=simple_cls
training.mode=gml_rollout
models.out_dim=10    avg_loss: 0.000000635299  time_per_window : 0.000270   progress : 0.612
name: models.architecture.block_type=simple_cls
training.mode=gml_rollout
models.out_dim=10    avg_loss: 0.000000946279  time_per_window : 0.000226   progress : 0.623
name: models.architecture.block_type=simple_cls
training.mode=gml_rollout
models.out_dim=10    avg_loss: 0.000000681295  time_per_window : 0.000227   progress : 0.634
name: models.architecture.block_type=simple_cls
training.mode=gml_rollout
models.out_dim=10    avg_loss: 0.000000707874  time_per_window : 0.000227   progress : 0.644
name: models.architecture.block_type=simple_cls
training.mode=gml_rollout
models.out_dim=10    avg_loss: 0.000000703409  time_per_window : 0.000217   progress : 0.655
name: models.architecture.block_type=simple_cls
training.mode=gml_rollout
models.out_dim=10    avg_loss: 0.000000747364  time_per_window : 0.000228   progress : 0.666
name: models.architecture.block_type=simple_cls
training.mode=gml_rollout
models.out_dim=10    avg_loss: 0.000000796295  time_per_window : 0.000261   progress : 0.677
name: models.architecture.block_type=simple_cls
training.mode=gml_rollout
models.out_dim=10    avg_loss: 0.000002103405  time_per_window : 0.000232   progress : 0.688
name: models.architecture.block_type=simple_cls
training.mode=gml_rollout
models.out_dim=10    avg_loss: 0.000001554893  time_per_window : 0.000241   progress : 0.699
name: models.architecture.block_type=simple_cls
training.mode=gml_rollout
models.out_dim=10    avg_loss: 0.000000878687  time_per_window : 0.000250   progress : 0.710
name: models.architecture.block_type=simple_cls
training.mode=gml_rollout
models.out_dim=10    avg_loss: 0.000000903691  time_per_window : 0.000229   progress : 0.721
name: models.architecture.block_type=simple_cls
training.mode=gml_rollout
models.out_dim=10    avg_loss: 0.000000965927  time_per_window : 0.000249   progress : 0.732
name: models.architecture.block_type=simple_cls
training.mode=gml_rollout
models.out_dim=10    avg_loss: 0.000001049260  time_per_window : 0.000220   progress : 0.743
name: models.architecture.block_type=simple_cls
training.mode=gml_rollout
models.out_dim=10    avg_loss: 0.000000791147  time_per_window : 0.000239   progress : 0.754
name: models.architecture.block_type=simple_cls
training.mode=gml_rollout
models.out_dim=10    avg_loss: 0.000000746490  time_per_window : 0.000205   progress : 0.765
name: models.architecture.block_type=simple_cls
training.mode=gml_rollout
models.out_dim=10    avg_loss: 0.000001031769  time_per_window : 0.000299   progress : 0.775
name: models.architecture.block_type=simple_cls
training.mode=gml_rollout
models.out_dim=10    avg_loss: 0.000000941541  time_per_window : 0.000248   progress : 0.786
name: models.architecture.block_type=simple_cls
training.mode=gml_rollout
models.out_dim=10    avg_loss: 0.000000827414  time_per_window : 0.000224   progress : 0.797
name: models.architecture.block_type=simple_cls
training.mode=gml_rollout
models.out_dim=10    avg_loss: 0.000000667885  time_per_window : 0.000238   progress : 0.808
name: models.architecture.block_type=simple_cls
training.mode=gml_rollout
models.out_dim=10    avg_loss: 0.000000671491  time_per_window : 0.000219   progress : 0.819
name: models.architecture.block_type=simple_cls
training.mode=gml_rollout
models.out_dim=10    avg_loss: 0.000000710596  time_per_window : 0.000201   progress : 0.830
name: models.architecture.block_type=simple_cls
training.mode=gml_rollout
models.out_dim=10    avg_loss: 0.000000912526  time_per_window : 0.000218   progress : 0.841
name: models.architecture.block_type=simple_cls
training.mode=gml_rollout
models.out_dim=10    avg_loss: 0.000000728903  time_per_window : 0.000226   progress : 0.852
name: models.architecture.block_type=simple_cls
training.mode=gml_rollout
models.out_dim=10    avg_loss: 0.000000805833  time_per_window : 0.000213   progress : 0.863
name: models.architecture.block_type=simple_cls
training.mode=gml_rollout
models.out_dim=10    avg_loss: 0.000000773704  time_per_window : 0.000227   progress : 0.874
name: models.architecture.block_type=simple_cls
training.mode=gml_rollout
models.out_dim=10    avg_loss: 0.000000641417  time_per_window : 0.000224   progress : 0.885
name: models.architecture.block_type=simple_cls
training.mode=gml_rollout
models.out_dim=10    avg_loss: 0.000000637552  time_per_window : 0.000224   progress : 0.896
name: models.architecture.block_type=simple_cls
training.mode=gml_rollout
models.out_dim=10    avg_loss: 0.000000832566  time_per_window : 0.000271   progress : 0.907
name: models.architecture.block_type=simple_cls
training.mode=gml_rollout
models.out_dim=10    avg_loss: 0.000000780656  time_per_window : 0.000209   progress : 0.917
name: models.architecture.block_type=simple_cls
training.mode=gml_rollout
models.out_dim=10    avg_loss: 0.000000779297  time_per_window : 0.000210   progress : 0.928
name: models.architecture.block_type=simple_cls
training.mode=gml_rollout
models.out_dim=10    avg_loss: 0.000000720153  time_per_window : 0.000218   progress : 0.939
name: models.architecture.block_type=simple_cls
training.mode=gml_rollout
models.out_dim=10    avg_loss: 0.000000738429  time_per_window : 0.000228   progress : 0.950
name: models.architecture.block_type=simple_cls
training.mode=gml_rollout
models.out_dim=10    avg_loss: 0.000000751664  time_per_window : 0.000224   progress : 0.961
name: models.architecture.block_type=simple_cls
training.mode=gml_rollout
models.out_dim=10    avg_loss: 0.000000729762  time_per_window : 0.000220   progress : 0.972
name: models.architecture.block_type=simple_cls
training.mode=gml_rollout
models.out_dim=10    avg_loss: 0.000000739790  time_per_window : 0.000240   progress : 0.983
name: models.architecture.block_type=simple_cls
training.mode=gml_rollout
models.out_dim=10    avg_loss: 0.000000624889  time_per_window : 0.000218   progress : 0.994
name: models.architecture.block_type=simple_cls
training.mode=gml_rollout
models.out_dim=10    avg_loss: -61.610370635986  time_per_window : 0.000303   progress : 0.011
name: models.architecture.block_type=simple_cls
training.mode=gml_rollout
models.out_dim=10    avg_loss: -68.753372192383  time_per_window : 0.000292   progress : 0.022
name: models.architecture.block_type=simple_cls
training.mode=gml_rollout
models.out_dim=10    avg_loss: -68.817306518555  time_per_window : 0.000298   progress : 0.033
name: models.architecture.block_type=simple_cls
training.mode=gml_rollout
models.out_dim=10    avg_loss: -68.869255065918  time_per_window : 0.000305   progress : 0.044
name: models.architecture.block_type=simple_cls
training.mode=gml_rollout
models.out_dim=10    avg_loss: -68.928497314453  time_per_window : 0.000304   progress : 0.055
name: models.architecture.block_type=simple_cls
training.mode=gml_rollout
models.out_dim=10    avg_loss: -68.921424865723  time_per_window : 0.000306   progress : 0.066
name: models.architecture.block_type=simple_cls
training.mode=gml_rollout
models.out_dim=10    avg_loss: -68.933509826660  time_per_window : 0.000294   progress : 0.076
name: models.architecture.block_type=simple_cls
training.mode=gml_rollout
models.out_dim=10    avg_loss: -68.946220397949  time_per_window : 0.000307   progress : 0.087
name: models.architecture.block_type=simple_cls
training.mode=gml_rollout
models.out_dim=10    avg_loss: -68.937522888184  time_per_window : 0.000304   progress : 0.098
name: models.architecture.block_type=simple_cls
training.mode=gml_rollout
models.out_dim=10    avg_loss: -68.942764282227  time_per_window : 0.000316   progress : 0.109
name: models.architecture.block_type=simple_cls
training.mode=gml_rollout
models.out_dim=10    avg_loss: -68.951217651367  time_per_window : 0.000371   progress : 0.120
name: models.architecture.block_type=simple_cls
training.mode=gml_rollout
models.out_dim=10    avg_loss: -68.949478149414  time_per_window : 0.000316   progress : 0.131
name: models.architecture.block_type=simple_cls
training.mode=gml_rollout
models.out_dim=10    avg_loss: -68.957191467285  time_per_window : 0.000305   progress : 0.142
name: models.architecture.block_type=simple_cls
training.mode=gml_rollout
models.out_dim=10    avg_loss: -68.943229675293  time_per_window : 0.000291   progress : 0.153
name: models.architecture.block_type=simple_cls
training.mode=gml_rollout
models.out_dim=10    avg_loss: -68.945205688477  time_per_window : 0.000325   progress : 0.164
name: models.architecture.block_type=simple_cls
training.mode=gml_rollout
models.out_dim=10    avg_loss: -68.957298278809  time_per_window : 0.000301   progress : 0.175
name: models.architecture.block_type=simple_cls
training.mode=gml_rollout
models.out_dim=10    avg_loss: -68.958900451660  time_per_window : 0.000289   progress : 0.186
name: models.architecture.block_type=simple_cls
training.mode=gml_rollout
models.out_dim=10    avg_loss: -68.953598022461  time_per_window : 0.000289   progress : 0.197
name: models.architecture.block_type=simple_cls
training.mode=gml_rollout
models.out_dim=10    avg_loss: -68.946731567383  time_per_window : 0.000355   progress : 0.208
name: models.architecture.block_type=simple_cls
training.mode=gml_rollout
models.out_dim=10    avg_loss: -68.946594238281  time_per_window : 0.000307   progress : 0.218
name: models.architecture.block_type=simple_cls
training.mode=gml_rollout
models.out_dim=10    avg_loss: -68.958847045898  time_per_window : 0.000302   progress : 0.229
name: models.architecture.block_type=simple_cls
training.mode=gml_rollout
models.out_dim=10    avg_loss: -68.955780029297  time_per_window : 0.000312   progress : 0.240
name: models.architecture.block_type=simple_cls
training.mode=gml_rollout
models.out_dim=10    avg_loss: -68.957145690918  time_per_window : 0.000290   progress : 0.251
name: models.architecture.block_type=simple_cls
training.mode=gml_rollout
models.out_dim=10    avg_loss: -68.961425781250  time_per_window : 0.000325   progress : 0.262
name: models.architecture.block_type=simple_cls
training.mode=gml_rollout
models.out_dim=10    avg_loss: -68.967956542969  time_per_window : 0.000275   progress : 0.273
name: models.architecture.block_type=simple_cls
training.mode=gml_rollout
models.out_dim=10    avg_loss: -68.956993103027  time_per_window : 0.000300   progress : 0.284
name: models.architecture.block_type=simple_cls
training.mode=gml_rollout
models.out_dim=10    avg_loss: -68.961143493652  time_per_window : 0.000299   progress : 0.295
name: models.architecture.block_type=simple_cls
training.mode=gml_rollout
models.out_dim=10    avg_loss: -68.960121154785  time_per_window : 0.000296   progress : 0.306
name: models.architecture.block_type=simple_cls
training.mode=gml_rollout
models.out_dim=10    avg_loss: -68.962280273438  time_per_window : 0.000278   progress : 0.317
name: models.architecture.block_type=simple_cls
training.mode=gml_rollout
models.out_dim=10    avg_loss: -68.958862304688  time_per_window : 0.000282   progress : 0.328
name: models.architecture.block_type=simple_cls
training.mode=gml_rollout
models.out_dim=10    avg_loss: -68.958312988281  time_per_window : 0.000287   progress : 0.339
name: models.architecture.block_type=simple_cls
training.mode=gml_rollout
models.out_dim=10    avg_loss: -68.960548400879  time_per_window : 0.000346   progress : 0.350
name: models.architecture.block_type=simple_cls
training.mode=gml_rollout
models.out_dim=10    avg_loss: -68.957328796387  time_per_window : 0.000288   progress : 0.360
name: models.architecture.block_type=simple_cls
training.mode=gml_rollout
models.out_dim=10    avg_loss: -68.970169067383  time_per_window : 0.000308   progress : 0.371
name: models.architecture.block_type=simple_cls
training.mode=gml_rollout
models.out_dim=10    avg_loss: -68.966300964355  time_per_window : 0.000301   progress : 0.382
name: models.architecture.block_type=simple_cls
training.mode=gml_rollout
models.out_dim=10    avg_loss: -68.963012695312  time_per_window : 0.000339   progress : 0.393
name: models.architecture.block_type=simple_cls
training.mode=gml_rollout
models.out_dim=10    avg_loss: -68.951965332031  time_per_window : 0.000314   progress : 0.404
name: models.architecture.block_type=simple_cls
training.mode=gml_rollout
models.out_dim=10    avg_loss: -68.968368530273  time_per_window : 0.000301   progress : 0.415
name: models.architecture.block_type=simple_cls
training.mode=gml_rollout
models.out_dim=10    avg_loss: -68.968368530273  time_per_window : 0.000287   progress : 0.426
name: models.architecture.block_type=simple_cls
training.mode=gml_rollout
models.out_dim=10    avg_loss: -68.960151672363  time_per_window : 0.000287   progress : 0.437
name: models.architecture.block_type=simple_cls
training.mode=gml_rollout
models.out_dim=10    avg_loss: -68.958198547363  time_per_window : 0.000310   progress : 0.448
name: models.architecture.block_type=simple_cls
training.mode=gml_rollout
models.out_dim=10    avg_loss: -68.958465576172  time_per_window : 0.000281   progress : 0.459
name: models.architecture.block_type=simple_cls
training.mode=gml_rollout
models.out_dim=10    avg_loss: -68.964050292969  time_per_window : 0.000287   progress : 0.470
name: models.architecture.block_type=simple_cls
training.mode=gml_rollout
models.out_dim=10    avg_loss: -68.956695556641  time_per_window : 0.000301   progress : 0.481
name: models.architecture.block_type=simple_cls
training.mode=gml_rollout
models.out_dim=10    avg_loss: -68.966560363770  time_per_window : 0.000302   progress : 0.492
name: models.architecture.block_type=simple_cls
training.mode=gml_rollout
models.out_dim=10    avg_loss: -68.961898803711  time_per_window : 0.000321   progress : 0.502
name: models.architecture.block_type=simple_cls
training.mode=gml_rollout
models.out_dim=10    avg_loss: -68.963676452637  time_per_window : 0.000299   progress : 0.513
name: models.architecture.block_type=simple_cls
training.mode=gml_rollout
models.out_dim=10    avg_loss: -68.959892272949  time_per_window : 0.000326   progress : 0.524
name: models.architecture.block_type=simple_cls
training.mode=gml_rollout
models.out_dim=10    avg_loss: -68.961471557617  time_per_window : 0.000311   progress : 0.535
name: models.architecture.block_type=simple_cls
training.mode=gml_rollout
models.out_dim=10    avg_loss: -68.962509155273  time_per_window : 0.000313   progress : 0.546
name: models.architecture.block_type=simple_cls
training.mode=gml_rollout
models.out_dim=10    avg_loss: -68.964408874512  time_per_window : 0.000271   progress : 0.557
name: models.architecture.block_type=simple_cls
training.mode=gml_rollout
models.out_dim=10    avg_loss: -68.955436706543  time_per_window : 0.000293   progress : 0.568
name: models.architecture.block_type=simple_cls
training.mode=gml_rollout
models.out_dim=10    avg_loss: -68.959861755371  time_per_window : 0.000282   progress : 0.579
name: models.architecture.block_type=simple_cls
training.mode=gml_rollout
models.out_dim=10    avg_loss: -68.964309692383  time_per_window : 0.000283   progress : 0.590
name: models.architecture.block_type=simple_cls
training.mode=gml_rollout
models.out_dim=10    avg_loss: -68.967437744141  time_per_window : 0.000295   progress : 0.601
name: models.architecture.block_type=simple_cls
training.mode=gml_rollout
models.out_dim=10    avg_loss: -68.973342895508  time_per_window : 0.000279   progress : 0.612
name: models.architecture.block_type=simple_cls
training.mode=gml_rollout
models.out_dim=10    avg_loss: -68.973014831543  time_per_window : 0.000311   progress : 0.623
name: models.architecture.block_type=simple_cls
training.mode=gml_rollout
models.out_dim=10    avg_loss: -68.969749450684  time_per_window : 0.000302   progress : 0.634
name: models.architecture.block_type=simple_cls
training.mode=gml_rollout
models.out_dim=10    avg_loss: -68.961105346680  time_per_window : 0.000321   progress : 0.644
name: models.architecture.block_type=simple_cls
training.mode=gml_rollout
models.out_dim=10    avg_loss: -68.970848083496  time_per_window : 0.000303   progress : 0.655
name: models.architecture.block_type=simple_cls
training.mode=gml_rollout
models.out_dim=10    avg_loss: -68.966476440430  time_per_window : 0.000306   progress : 0.666
name: models.architecture.block_type=simple_cls
training.mode=gml_rollout
models.out_dim=10    avg_loss: -68.946571350098  time_per_window : 0.000289   progress : 0.677
name: models.architecture.block_type=simple_cls
training.mode=gml_rollout
models.out_dim=10    avg_loss: -68.961227416992  time_per_window : 0.000348   progress : 0.688
name: models.architecture.block_type=simple_cls
training.mode=gml_rollout
models.out_dim=10    avg_loss: -68.967391967773  time_per_window : 0.000334   progress : 0.699
name: models.architecture.block_type=simple_cls
training.mode=gml_rollout
models.out_dim=10    avg_loss: -68.970787048340  time_per_window : 0.000320   progress : 0.710
name: models.architecture.block_type=simple_cls
training.mode=gml_rollout
models.out_dim=10    avg_loss: -68.972930908203  time_per_window : 0.000268   progress : 0.721
name: models.architecture.block_type=simple_cls
training.mode=gml_rollout
models.out_dim=10    avg_loss: -68.964508056641  time_per_window : 0.000270   progress : 0.732
name: models.architecture.block_type=simple_cls
training.mode=gml_rollout
models.out_dim=10    avg_loss: -68.968177795410  time_per_window : 0.000324   progress : 0.743
name: models.architecture.block_type=simple_cls
training.mode=gml_rollout
models.out_dim=10    avg_loss: -68.971519470215  time_per_window : 0.000302   progress : 0.754
name: models.architecture.block_type=simple_cls
training.mode=gml_rollout
models.out_dim=10    avg_loss: -68.969131469727  time_per_window : 0.000313   progress : 0.765
name: models.architecture.block_type=simple_cls
training.mode=gml_rollout
models.out_dim=10    avg_loss: -68.967842102051  time_per_window : 0.000285   progress : 0.775
name: models.architecture.block_type=simple_cls
training.mode=gml_rollout
models.out_dim=10    avg_loss: -68.959922790527  time_per_window : 0.000290   progress : 0.786
name: models.architecture.block_type=simple_cls
training.mode=gml_rollout
models.out_dim=10    avg_loss: -68.970558166504  time_per_window : 0.000280   progress : 0.797
name: models.architecture.block_type=simple_cls
training.mode=gml_rollout
models.out_dim=10    avg_loss: -68.970993041992  time_per_window : 0.000276   progress : 0.808
name: models.architecture.block_type=simple_cls
training.mode=gml_rollout
models.out_dim=10    avg_loss: -68.969902038574  time_per_window : 0.000308   progress : 0.819
name: models.architecture.block_type=simple_cls
training.mode=gml_rollout
models.out_dim=10    avg_loss: -68.970436096191  time_per_window : 0.000246   progress : 0.830
name: models.architecture.block_type=simple_cls
training.mode=gml_rollout
models.out_dim=10    avg_loss: -68.972984313965  time_per_window : 0.000297   progress : 0.841
name: models.architecture.block_type=simple_cls
training.mode=gml_rollout
models.out_dim=10    avg_loss: -68.970748901367  time_per_window : 0.000265   progress : 0.852
name: models.architecture.block_type=simple_cls
training.mode=gml_rollout
models.out_dim=10    avg_loss: -68.963111877441  time_per_window : 0.000248   progress : 0.863
name: models.architecture.block_type=simple_cls
training.mode=gml_rollout
models.out_dim=10    avg_loss: -68.974227905273  time_per_window : 0.000262   progress : 0.874
name: models.architecture.block_type=simple_cls
training.mode=gml_rollout
models.out_dim=10    avg_loss: -68.973411560059  time_per_window : 0.000307   progress : 0.885
name: models.architecture.block_type=simple_cls
training.mode=gml_rollout
models.out_dim=10    avg_loss: -68.981010437012  time_per_window : 0.000277   progress : 0.896
name: models.architecture.block_type=simple_cls
training.mode=gml_rollout
models.out_dim=10    avg_loss: -68.968788146973  time_per_window : 0.000289   progress : 0.907
name: models.architecture.block_type=simple_cls
training.mode=gml_rollout
models.out_dim=10    avg_loss: -68.971572875977  time_per_window : 0.000281   progress : 0.917
name: models.architecture.block_type=simple_cls
training.mode=gml_rollout
models.out_dim=10    avg_loss: -68.974319458008  time_per_window : 0.000274   progress : 0.928
name: models.architecture.block_type=simple_cls
training.mode=gml_rollout
models.out_dim=10    avg_loss: -68.976661682129  time_per_window : 0.000256   progress : 0.939
name: models.architecture.block_type=simple_cls
training.mode=gml_rollout
models.out_dim=10    avg_loss: -68.975036621094  time_per_window : 0.000289   progress : 0.950
name: models.architecture.block_type=simple_cls
training.mode=gml_rollout
models.out_dim=10    avg_loss: -68.973274230957  time_per_window : 0.000346   progress : 0.961
name: models.architecture.block_type=simple_cls
training.mode=gml_rollout
models.out_dim=10    avg_loss: -68.975181579590  time_per_window : 0.000302   progress : 0.972
name: models.architecture.block_type=simple_cls
training.mode=gml_rollout
models.out_dim=10    avg_loss: -68.978897094727  time_per_window : 0.000305   progress : 0.983
name: models.architecture.block_type=simple_cls
training.mode=gml_rollout
models.out_dim=10    avg_loss: -68.979736328125  time_per_window : 0.000253   progress : 0.994
DONE!!!
