/media/egghead/Scratch/joey/Thesis/mavenv/lib/python3.11/site-packages/hydra/_internal/defaults_list.py:251: UserWarning: In 'config': Defaults list is missing `_self_`. See https://hydra.cc/docs/1.2/upgrades/1.0_to_1.1/default_composition_order for more information
  warnings.warn(msg, UserWarning)
Using cuda device
[2026-07-23 08:09:37,539][HYDRA] Joblib.Parallel(n_jobs=4,backend=loky,prefer=processes,require=None,verbose=0,timeout=None,pre_dispatch=2*n_jobs,batch_size=auto,temp_folder=None,max_nbytes=None,mmap_mode=r) is launching 1 jobs
[2026-07-23 08:09:37,539][HYDRA] Launching jobs, sweep output dir : ablation_runs/2026-07-23_08-09-28/simple_cls_block
[2026-07-23 08:09:37,539][HYDRA] 	#0 : models.architecture.block_type=simple_cls training.mode=rollout
/media/egghead/Scratch/joey/Thesis/mavenv/lib/python3.11/site-packages/hydra/_internal/defaults_list.py:251: UserWarning: In 'config': Defaults list is missing `_self_`. See https://hydra.cc/docs/1.2/upgrades/1.0_to_1.1/default_composition_order for more information
  warnings.warn(msg, UserWarning)
models:
  n_dim: 23
  out_dim: 10
  architecture:
    d_model: 128
    n_encoder_layers: 2
    n_decoder_layers: 0
    block_type: simple_cls
    time_adapter: last_token
    in_norm: none
    out_norm: none
    layer_scale: 0.0001
    drop_path: 0.05
    mamba_type: mamba
    mamba_kwargs:
      d_state: 16
      d_conv: 2
      expand: 2
      norm: rms
    skip: false
    cls_kwargs:
      n_heads: 2
      n_mlp: 2
      positional_encoding: false
      max_len: 5000
input_len: 64
output_len: 1
batch_size: 128
epochs: 5
seed: 0
dataset:
  path: /media/egghead/Scratch/joey/simulation_data/patient_one_data.zarr/
  training_size: 1500000
evaluation:
  path: /media/egghead/Scratch/joey/simulation_data/patient_two_data.zarr/
  evaluation_size: 50
training:
  mode: rollout
  lr: 0.0002
  weight_decay: 0.1
  rollout_steps: 32
checkpoint:
  save_path: hydra-test.pth
  load: false
  path: hydra-test.pth
compile: true

/media/egghead/Scratch/joey/Thesis/mavenv/lib/python3.11/site-packages/torch/_inductor/cudagraph_trees.py:2622: UserWarning: Unable to hit fast path of CUDAGraphs because outputs from a previous step still require backward. Ensure backward() is invoked or detach outputs. You may also call torch.compiler.cudagraph_mark_step_begin() before each model invocation.
  warnings.warn(
name: models.architecture.block_type=simple_cls
training.mode=rollout    avg_loss: 0.000088257759  time_per_window : 0.000548   progress : 0.011
name: models.architecture.block_type=simple_cls
training.mode=rollout    avg_loss: 0.000000655444  time_per_window : 0.000450   progress : 0.022
name: models.architecture.block_type=simple_cls
training.mode=rollout    avg_loss: 0.000000313217  time_per_window : 0.000574   progress : 0.033
name: models.architecture.block_type=simple_cls
training.mode=rollout    avg_loss: 0.000000216327  time_per_window : 0.000592   progress : 0.044
name: models.architecture.block_type=simple_cls
training.mode=rollout    avg_loss: 0.000000174152  time_per_window : 0.000630   progress : 0.055
name: models.architecture.block_type=simple_cls
training.mode=rollout    avg_loss: 0.000000146653  time_per_window : 0.000497   progress : 0.066
name: models.architecture.block_type=simple_cls
training.mode=rollout    avg_loss: 0.000000132340  time_per_window : 0.000640   progress : 0.076
name: models.architecture.block_type=simple_cls
training.mode=rollout    avg_loss: 0.000000118417  time_per_window : 0.000587   progress : 0.087
name: models.architecture.block_type=simple_cls
training.mode=rollout    avg_loss: 0.000000101984  time_per_window : 0.000654   progress : 0.098
name: models.architecture.block_type=simple_cls
training.mode=rollout    avg_loss: 0.000000090105  time_per_window : 0.000656   progress : 0.109
name: models.architecture.block_type=simple_cls
training.mode=rollout    avg_loss: 0.000000087171  time_per_window : 0.000651   progress : 0.120
name: models.architecture.block_type=simple_cls
training.mode=rollout    avg_loss: 0.000000082079  time_per_window : 0.000635   progress : 0.131
name: models.architecture.block_type=simple_cls
training.mode=rollout    avg_loss: 0.000000074116  time_per_window : 0.000614   progress : 0.142
name: models.architecture.block_type=simple_cls
training.mode=rollout    avg_loss: 0.000000074684  time_per_window : 0.000656   progress : 0.153
name: models.architecture.block_type=simple_cls
training.mode=rollout    avg_loss: 0.000000069822  time_per_window : 0.000646   progress : 0.164
name: models.architecture.block_type=simple_cls
training.mode=rollout    avg_loss: 0.000000077984  time_per_window : 0.000737   progress : 0.175
name: models.architecture.block_type=simple_cls
training.mode=rollout    avg_loss: 0.000000114774  time_per_window : 0.000641   progress : 0.186
name: models.architecture.block_type=simple_cls
training.mode=rollout    avg_loss: 0.000000169708  time_per_window : 0.000641   progress : 0.197
name: models.architecture.block_type=simple_cls
training.mode=rollout    avg_loss: 0.000000080668  time_per_window : 0.000651   progress : 0.208
name: models.architecture.block_type=simple_cls
training.mode=rollout    avg_loss: 0.000000072647  time_per_window : 0.000634   progress : 0.218
name: models.architecture.block_type=simple_cls
training.mode=rollout    avg_loss: 0.000000133149  time_per_window : 0.000652   progress : 0.229
name: models.architecture.block_type=simple_cls
training.mode=rollout    avg_loss: 0.000000141375  time_per_window : 0.000660   progress : 0.240
name: models.architecture.block_type=simple_cls
training.mode=rollout    avg_loss: 0.000000080755  time_per_window : 0.000631   progress : 0.251
name: models.architecture.block_type=simple_cls
training.mode=rollout    avg_loss: 0.000000123818  time_per_window : 0.000654   progress : 0.262
name: models.architecture.block_type=simple_cls
training.mode=rollout    avg_loss: 0.000000120489  time_per_window : 0.000654   progress : 0.273
name: models.architecture.block_type=simple_cls
training.mode=rollout    avg_loss: 0.000000102496  time_per_window : 0.000656   progress : 0.284
name: models.architecture.block_type=simple_cls
training.mode=rollout    avg_loss: 0.000000124676  time_per_window : 0.000650   progress : 0.295
name: models.architecture.block_type=simple_cls
training.mode=rollout    avg_loss: 0.000000102670  time_per_window : 0.000631   progress : 0.306
name: models.architecture.block_type=simple_cls
training.mode=rollout    avg_loss: 0.000000122289  time_per_window : 0.000651   progress : 0.317
name: models.architecture.block_type=simple_cls
training.mode=rollout    avg_loss: 0.000000114385  time_per_window : 0.000651   progress : 0.328
name: models.architecture.block_type=simple_cls
training.mode=rollout    avg_loss: 0.000000129561  time_per_window : 0.000627   progress : 0.339
name: models.architecture.block_type=simple_cls
training.mode=rollout    avg_loss: 0.000000102261  time_per_window : 0.000622   progress : 0.350
name: models.architecture.block_type=simple_cls
training.mode=rollout    avg_loss: 0.000000132701  time_per_window : 0.000628   progress : 0.360
name: models.architecture.block_type=simple_cls
training.mode=rollout    avg_loss: 0.000000107538  time_per_window : 0.000631   progress : 0.371
name: models.architecture.block_type=simple_cls
training.mode=rollout    avg_loss: 0.000000127047  time_per_window : 0.000627   progress : 0.382
name: models.architecture.block_type=simple_cls
training.mode=rollout    avg_loss: 0.000000106005  time_per_window : 0.000659   progress : 0.393
name: models.architecture.block_type=simple_cls
training.mode=rollout    avg_loss: 0.000000113591  time_per_window : 0.000649   progress : 0.404
name: models.architecture.block_type=simple_cls
training.mode=rollout    avg_loss: 0.000000123752  time_per_window : 0.000648   progress : 0.415
name: models.architecture.block_type=simple_cls
training.mode=rollout    avg_loss: 0.000000134794  time_per_window : 0.000586   progress : 0.426
name: models.architecture.block_type=simple_cls
training.mode=rollout    avg_loss: 0.000000095971  time_per_window : 0.000641   progress : 0.437
name: models.architecture.block_type=simple_cls
training.mode=rollout    avg_loss: 0.000000119775  time_per_window : 0.000632   progress : 0.448
name: models.architecture.block_type=simple_cls
training.mode=rollout    avg_loss: 0.000000114028  time_per_window : 0.000628   progress : 0.459
name: models.architecture.block_type=simple_cls
training.mode=rollout    avg_loss: 0.000000090493  time_per_window : 0.000651   progress : 0.470
name: models.architecture.block_type=simple_cls
training.mode=rollout    avg_loss: 0.000000120981  time_per_window : 0.000577   progress : 0.481
name: models.architecture.block_type=simple_cls
training.mode=rollout    avg_loss: 0.000000090971  time_per_window : 0.000635   progress : 0.492
name: models.architecture.block_type=simple_cls
training.mode=rollout    avg_loss: 0.000000124839  time_per_window : 0.000657   progress : 0.502
name: models.architecture.block_type=simple_cls
training.mode=rollout    avg_loss: 0.000000093481  time_per_window : 0.000619   progress : 0.513
name: models.architecture.block_type=simple_cls
training.mode=rollout    avg_loss: 0.000000097156  time_per_window : 0.000598   progress : 0.524
name: models.architecture.block_type=simple_cls
training.mode=rollout    avg_loss: 0.000000104134  time_per_window : 0.000664   progress : 0.535
name: models.architecture.block_type=simple_cls
training.mode=rollout    avg_loss: 0.000000081503  time_per_window : 0.000652   progress : 0.546
name: models.architecture.block_type=simple_cls
training.mode=rollout    avg_loss: 0.000000108955  time_per_window : 0.000658   progress : 0.557
name: models.architecture.block_type=simple_cls
training.mode=rollout    avg_loss: 0.000000095106  time_per_window : 0.000652   progress : 0.568
name: models.architecture.block_type=simple_cls
training.mode=rollout    avg_loss: 0.000000102813  time_per_window : 0.000635   progress : 0.579
name: models.architecture.block_type=simple_cls
training.mode=rollout    avg_loss: 0.000000084562  time_per_window : 0.000654   progress : 0.590
name: models.architecture.block_type=simple_cls
training.mode=rollout    avg_loss: 0.000000089930  time_per_window : 0.000565   progress : 0.601
name: models.architecture.block_type=simple_cls
training.mode=rollout    avg_loss: 0.000000095817  time_per_window : 0.000627   progress : 0.612
name: models.architecture.block_type=simple_cls
training.mode=rollout    avg_loss: 0.000000088663  time_per_window : 0.000654   progress : 0.623/media/egghead/Scratch/joey/Thesis/mavenv/lib/python3.11/site-packages/torch/_inductor/cudagraph_trees.py:2622: UserWarning: Unable to hit fast path of CUDAGraphs because outputs from a previous step still require backward. Ensure backward() is invoked or detach outputs. You may also call torch.compiler.cudagraph_mark_step_begin() before each model invocation.
  warnings.warn(
/media/egghead/Scratch/joey/Thesis/mavenv/lib/python3.11/site-packages/torch/_inductor/cudagraph_trees.py:2622: UserWarning: Unable to hit fast path of CUDAGraphs because outputs from a previous step still require backward. Ensure backward() is invoked or detach outputs. You may also call torch.compiler.cudagraph_mark_step_begin() before each model invocation.
  warnings.warn(

name: models.architecture.block_type=simple_cls
training.mode=rollout    avg_loss: 0.000000087989  time_per_window : 0.000646   progress : 0.634
name: models.architecture.block_type=simple_cls
training.mode=rollout    avg_loss: 0.000000076296  time_per_window : 0.000654   progress : 0.644
name: models.architecture.block_type=simple_cls
training.mode=rollout    avg_loss: 0.000000096302  time_per_window : 0.000637   progress : 0.655
name: models.architecture.block_type=simple_cls
training.mode=rollout    avg_loss: 0.000000077987  time_per_window : 0.000589   progress : 0.666
name: models.architecture.block_type=simple_cls
training.mode=rollout    avg_loss: 0.000000079971  time_per_window : 0.000648   progress : 0.677
name: models.architecture.block_type=simple_cls
training.mode=rollout    avg_loss: 0.000000074963  time_per_window : 0.000654   progress : 0.688
name: models.architecture.block_type=simple_cls
training.mode=rollout    avg_loss: 0.000000081909  time_per_window : 0.000623   progress : 0.699
name: models.architecture.block_type=simple_cls
training.mode=rollout    avg_loss: 0.000000084240  time_per_window : 0.000659   progress : 0.710
name: models.architecture.block_type=simple_cls
training.mode=rollout    avg_loss: 0.000000079208  time_per_window : 0.000653   progress : 0.721
name: models.architecture.block_type=simple_cls
training.mode=rollout    avg_loss: 0.000000071997  time_per_window : 0.000625   progress : 0.732
name: models.architecture.block_type=simple_cls
training.mode=rollout    avg_loss: 0.000000081859  time_per_window : 0.000637   progress : 0.743
name: models.architecture.block_type=simple_cls
training.mode=rollout    avg_loss: 0.000000068933  time_per_window : 0.000649   progress : 0.754
name: models.architecture.block_type=simple_cls
training.mode=rollout    avg_loss: 0.000000073937  time_per_window : 0.000644   progress : 0.765
name: models.architecture.block_type=simple_cls
training.mode=rollout    avg_loss: 0.000000076951  time_per_window : 0.000630   progress : 0.775
name: models.architecture.block_type=simple_cls
training.mode=rollout    avg_loss: 0.000000064599  time_per_window : 0.000621   progress : 0.786
name: models.architecture.block_type=simple_cls
training.mode=rollout    avg_loss: 0.000000078642  time_per_window : 0.000635   progress : 0.797
name: models.architecture.block_type=simple_cls
training.mode=rollout    avg_loss: 0.000000062274  time_per_window : 0.000628   progress : 0.808
name: models.architecture.block_type=simple_cls
training.mode=rollout    avg_loss: 0.000000065965  time_per_window : 0.000626   progress : 0.819
name: models.architecture.block_type=simple_cls
training.mode=rollout    avg_loss: 0.000000066536  time_per_window : 0.000628   progress : 0.830
name: models.architecture.block_type=simple_cls
training.mode=rollout    avg_loss: 0.000000067907  time_per_window : 0.000634   progress : 0.841
name: models.architecture.block_type=simple_cls
training.mode=rollout    avg_loss: 0.000000063917  time_per_window : 0.000614   progress : 0.852
name: models.architecture.block_type=simple_cls
training.mode=rollout    avg_loss: 0.000000062005  time_per_window : 0.000656   progress : 0.863
name: models.architecture.block_type=simple_cls
training.mode=rollout    avg_loss: 0.000000068638  time_per_window : 0.000631   progress : 0.874
name: models.architecture.block_type=simple_cls
training.mode=rollout    avg_loss: 0.000000060187  time_per_window : 0.000652   progress : 0.885
name: models.architecture.block_type=simple_cls
training.mode=rollout    avg_loss: 0.000000062579  time_per_window : 0.000651   progress : 0.896
name: models.architecture.block_type=simple_cls
training.mode=rollout    avg_loss: 0.000000058475  time_per_window : 0.000626   progress : 0.907
name: models.architecture.block_type=simple_cls
training.mode=rollout    avg_loss: 0.000000062191  time_per_window : 0.000686   progress : 0.917
name: models.architecture.block_type=simple_cls
training.mode=rollout    avg_loss: 0.000000059106  time_per_window : 0.000638   progress : 0.928
name: models.architecture.block_type=simple_cls
training.mode=rollout    avg_loss: 0.000000066529  time_per_window : 0.000629   progress : 0.939
name: models.architecture.block_type=simple_cls
training.mode=rollout    avg_loss: 0.000000054096  time_per_window : 0.000653   progress : 0.950
name: models.architecture.block_type=simple_cls
training.mode=rollout    avg_loss: 0.000000063169  time_per_window : 0.000653   progress : 0.961
name: models.architecture.block_type=simple_cls
training.mode=rollout    avg_loss: 0.000000061403  time_per_window : 0.000621   progress : 0.972
name: models.architecture.block_type=simple_cls
training.mode=rollout    avg_loss: 0.000000051387  time_per_window : 0.000621   progress : 0.983
name: models.architecture.block_type=simple_cls
training.mode=rollout    avg_loss: 0.000000057292  time_per_window : 0.000649   progress : 0.994
name: models.architecture.block_type=simple_cls
training.mode=rollout    avg_loss: 0.000000213218  time_per_window : 0.000756   progress : 0.011
name: models.architecture.block_type=simple_cls
training.mode=rollout    avg_loss: 0.000000051059  time_per_window : 0.000825   progress : 0.022
name: models.architecture.block_type=simple_cls
training.mode=rollout    avg_loss: 0.000000051195  time_per_window : 0.000837   progress : 0.033
name: models.architecture.block_type=simple_cls
training.mode=rollout    avg_loss: 0.000000051897  time_per_window : 0.000837   progress : 0.044
name: models.architecture.block_type=simple_cls
training.mode=rollout    avg_loss: 0.000000045080  time_per_window : 0.000812   progress : 0.055
name: models.architecture.block_type=simple_cls
training.mode=rollout    avg_loss: 0.000000063342  time_per_window : 0.000827   progress : 0.066
name: models.architecture.block_type=simple_cls
training.mode=rollout    avg_loss: 0.000000081928  time_per_window : 0.000834   progress : 0.076
name: models.architecture.block_type=simple_cls
training.mode=rollout    avg_loss: 0.000000051740  time_per_window : 0.000833   progress : 0.087
name: models.architecture.block_type=simple_cls
training.mode=rollout    avg_loss: 0.000000049124  time_per_window : 0.000834   progress : 0.098
name: models.architecture.block_type=simple_cls
training.mode=rollout    avg_loss: 0.000000047644  time_per_window : 0.000830   progress : 0.109
name: models.architecture.block_type=simple_cls
training.mode=rollout    avg_loss: 0.000000120552  time_per_window : 0.000831   progress : 0.120
name: models.architecture.block_type=simple_cls
training.mode=rollout    avg_loss: 0.000000047047  time_per_window : 0.000809   progress : 0.131
name: models.architecture.block_type=simple_cls
training.mode=rollout    avg_loss: 0.000000046594  time_per_window : 0.000793   progress : 0.142
name: models.architecture.block_type=simple_cls
training.mode=rollout    avg_loss: 0.000000100287  time_per_window : 0.000802   progress : 0.153
name: models.architecture.block_type=simple_cls
training.mode=rollout    avg_loss: 0.000000048249  time_per_window : 0.000833   progress : 0.164
name: models.architecture.block_type=simple_cls
training.mode=rollout    avg_loss: 0.000000077879  time_per_window : 0.000829   progress : 0.175
name: models.architecture.block_type=simple_cls
training.mode=rollout    avg_loss: 0.000000043131  time_per_window : 0.000809   progress : 0.186
name: models.architecture.block_type=simple_cls
training.mode=rollout    avg_loss: 0.000000047092  time_per_window : 0.000811   progress : 0.197
name: models.architecture.block_type=simple_cls
training.mode=rollout    avg_loss: 0.000000043598  time_per_window : 0.000822   progress : 0.208
name: models.architecture.block_type=simple_cls
training.mode=rollout    avg_loss: 0.000000052994  time_per_window : 0.000830   progress : 0.218
name: models.architecture.block_type=simple_cls
training.mode=rollout    avg_loss: 0.000000053403  time_per_window : 0.000833   progress : 0.229
name: models.architecture.block_type=simple_cls
training.mode=rollout    avg_loss: 0.000000052777  time_per_window : 0.000765   progress : 0.240
name: models.architecture.block_type=simple_cls
training.mode=rollout    avg_loss: 0.000000057447  time_per_window : 0.000786   progress : 0.251
name: models.architecture.block_type=simple_cls
training.mode=rollout    avg_loss: 0.000000050455  time_per_window : 0.000834   progress : 0.262
name: models.architecture.block_type=simple_cls
training.mode=rollout    avg_loss: 0.000000057402  time_per_window : 0.000836   progress : 0.273
name: models.architecture.block_type=simple_cls
training.mode=rollout    avg_loss: 0.000000066443  time_per_window : 0.000814   progress : 0.284
name: models.architecture.block_type=simple_cls
training.mode=rollout    avg_loss: 0.000000050459  time_per_window : 0.000808   progress : 0.295
name: models.architecture.block_type=simple_cls
training.mode=rollout    avg_loss: 0.000000048547  time_per_window : 0.000813   progress : 0.306
name: models.architecture.block_type=simple_cls
training.mode=rollout    avg_loss: 0.000000049443  time_per_window : 0.000810   progress : 0.317
name: models.architecture.block_type=simple_cls
training.mode=rollout    avg_loss: 0.000000061435  time_per_window : 0.000834   progress : 0.328
name: models.architecture.block_type=simple_cls
training.mode=rollout    avg_loss: 0.000000047795  time_per_window : 0.000840   progress : 0.339
name: models.architecture.block_type=simple_cls
training.mode=rollout    avg_loss: 0.000000053306  time_per_window : 0.000815   progress : 0.350
name: models.architecture.block_type=simple_cls
training.mode=rollout    avg_loss: 0.000000046670  time_per_window : 0.000846   progress : 0.360
name: models.architecture.block_type=simple_cls
training.mode=rollout    avg_loss: 0.000000044484  time_per_window : 0.000800   progress : 0.371
name: models.architecture.block_type=simple_cls
training.mode=rollout    avg_loss: 0.000000047795  time_per_window : 0.000769   progress : 0.382
name: models.architecture.block_type=simple_cls
training.mode=rollout    avg_loss: 0.000000044632  time_per_window : 0.000833   progress : 0.393
name: models.architecture.block_type=simple_cls
training.mode=rollout    avg_loss: 0.000000047518  time_per_window : 0.000829   progress : 0.404
name: models.architecture.block_type=simple_cls
training.mode=rollout    avg_loss: 0.000000042978  time_per_window : 0.000830   progress : 0.415
name: models.architecture.block_type=simple_cls
training.mode=rollout    avg_loss: 0.000000044261  time_per_window : 0.000833   progress : 0.426
name: models.architecture.block_type=simple_cls
training.mode=rollout    avg_loss: 0.000000041869  time_per_window : 0.000783   progress : 0.437
name: models.architecture.block_type=simple_cls
training.mode=rollout    avg_loss: 0.000000046422  time_per_window : 0.000798   progress : 0.448
name: models.architecture.block_type=simple_cls
training.mode=rollout    avg_loss: 0.000000045065  time_per_window : 0.000804   progress : 0.459
name: models.architecture.block_type=simple_cls
training.mode=rollout    avg_loss: 0.000000042478  time_per_window : 0.000796   progress : 0.470
name: models.architecture.block_type=simple_cls
training.mode=rollout    avg_loss: 0.000000041033  time_per_window : 0.000804   progress : 0.481
name: models.architecture.block_type=simple_cls
training.mode=rollout    avg_loss: 0.000000040725  time_per_window : 0.000841   progress : 0.492
name: models.architecture.block_type=simple_cls
training.mode=rollout    avg_loss: 0.000000046388  time_per_window : 0.000832   progress : 0.502
name: models.architecture.block_type=simple_cls
training.mode=rollout    avg_loss: 0.000000041369  time_per_window : 0.000833   progress : 0.513
name: models.architecture.block_type=simple_cls
training.mode=rollout    avg_loss: 0.000000046422  time_per_window : 0.000835   progress : 0.524
name: models.architecture.block_type=simple_cls
training.mode=rollout    avg_loss: 0.000000037162  time_per_window : 0.000833   progress : 0.535
name: models.architecture.block_type=simple_cls
training.mode=rollout    avg_loss: 0.000000043177  time_per_window : 0.000829   progress : 0.546
name: models.architecture.block_type=simple_cls
training.mode=rollout    avg_loss: 0.000000039851  time_per_window : 0.000811   progress : 0.557
name: models.architecture.block_type=simple_cls
training.mode=rollout    avg_loss: 0.000000040656  time_per_window : 0.000808   progress : 0.568
name: models.architecture.block_type=simple_cls
training.mode=rollout    avg_loss: 0.000000038028  time_per_window : 0.000799   progress : 0.579
name: models.architecture.block_type=simple_cls
training.mode=rollout    avg_loss: 0.000000041797  time_per_window : 0.000772   progress : 0.590
name: models.architecture.block_type=simple_cls
training.mode=rollout    avg_loss: 0.000000036585  time_per_window : 0.000809   progress : 0.601
name: models.architecture.block_type=simple_cls
training.mode=rollout    avg_loss: 0.000000039772  time_per_window : 0.000832   progress : 0.612
name: models.architecture.block_type=simple_cls
training.mode=rollout    avg_loss: 0.000000033754  time_per_window : 0.000807   progress : 0.623
name: models.architecture.block_type=simple_cls
training.mode=rollout    avg_loss: 0.000000037996  time_per_window : 0.000830   progress : 0.634
name: models.architecture.block_type=simple_cls
training.mode=rollout    avg_loss: 0.000000036756  time_per_window : 0.000836   progress : 0.644
name: models.architecture.block_type=simple_cls
training.mode=rollout    avg_loss: 0.000000040910  time_per_window : 0.000831   progress : 0.655
name: models.architecture.block_type=simple_cls
training.mode=rollout    avg_loss: 0.000000033615  time_per_window : 0.000811   progress : 0.666
name: models.architecture.block_type=simple_cls
training.mode=rollout    avg_loss: 0.000000035813  time_per_window : 0.000816   progress : 0.677
name: models.architecture.block_type=simple_cls
training.mode=rollout    avg_loss: 0.000000043972  time_per_window : 0.000831   progress : 0.688
name: models.architecture.block_type=simple_cls
training.mode=rollout    avg_loss: 0.000000035430  time_per_window : 0.000811   progress : 0.699
name: models.architecture.block_type=simple_cls
training.mode=rollout    avg_loss: 0.000000036437  time_per_window : 0.000833   progress : 0.710
name: models.architecture.block_type=simple_cls
training.mode=rollout    avg_loss: 0.000000035768  time_per_window : 0.000829   progress : 0.721
name: models.architecture.block_type=simple_cls
training.mode=rollout    avg_loss: 0.000000034574  time_per_window : 0.000814   progress : 0.732
name: models.architecture.block_type=simple_cls
training.mode=rollout    avg_loss: 0.000000038185  time_per_window : 0.000838   progress : 0.743
name: models.architecture.block_type=simple_cls
training.mode=rollout    avg_loss: 0.000000034669  time_per_window : 0.000832   progress : 0.754
name: models.architecture.block_type=simple_cls
training.mode=rollout    avg_loss: 0.000000039453  time_per_window : 0.000832   progress : 0.765
name: models.architecture.block_type=simple_cls
training.mode=rollout    avg_loss: 0.000000035873  time_per_window : 0.000803   progress : 0.775
name: models.architecture.block_type=simple_cls
training.mode=rollout    avg_loss: 0.000000033117  time_per_window : 0.000817   progress : 0.786
name: models.architecture.block_type=simple_cls
training.mode=rollout    avg_loss: 0.000000034884  time_per_window : 0.000820   progress : 0.797
name: models.architecture.block_type=simple_cls
training.mode=rollout    avg_loss: 0.000000032588  time_per_window : 0.000818   progress : 0.808
name: models.architecture.block_type=simple_cls
training.mode=rollout    avg_loss: 0.000000032428  time_per_window : 0.000804   progress : 0.819
name: models.architecture.block_type=simple_cls
training.mode=rollout    avg_loss: 0.000000034027  time_per_window : 0.000807   progress : 0.830
name: models.architecture.block_type=simple_cls
training.mode=rollout    avg_loss: 0.000000033782  time_per_window : 0.000839   progress : 0.841
name: models.architecture.block_type=simple_cls
training.mode=rollout    avg_loss: 0.000000035396  time_per_window : 0.000783   progress : 0.852
name: models.architecture.block_type=simple_cls
training.mode=rollout    avg_loss: 0.000000035304  time_per_window : 0.000832   progress : 0.863
name: models.architecture.block_type=simple_cls
training.mode=rollout    avg_loss: 0.000000034927  time_per_window : 0.000816   progress : 0.874
name: models.architecture.block_type=simple_cls
training.mode=rollout    avg_loss: 0.000000029951  time_per_window : 0.000839   progress : 0.885
name: models.architecture.block_type=simple_cls
training.mode=rollout    avg_loss: 0.000000035523  time_per_window : 0.000774   progress : 0.896
name: models.architecture.block_type=simple_cls
training.mode=rollout    avg_loss: 0.000000031407  time_per_window : 0.000787   progress : 0.907
name: models.architecture.block_type=simple_cls
training.mode=rollout    avg_loss: 0.000000033435  time_per_window : 0.000791   progress : 0.917
name: models.architecture.block_type=simple_cls
training.mode=rollout    avg_loss: 0.000000030929  time_per_window : 0.000839   progress : 0.928
name: models.architecture.block_type=simple_cls
training.mode=rollout    avg_loss: 0.000000030613  time_per_window : 0.000804   progress : 0.939
name: models.architecture.block_type=simple_cls
training.mode=rollout    avg_loss: 0.000000030270  time_per_window : 0.000833   progress : 0.950
name: models.architecture.block_type=simple_cls
training.mode=rollout    avg_loss: 0.000000031439  time_per_window : 0.000818   progress : 0.961
name: models.architecture.block_type=simple_cls
training.mode=rollout    avg_loss: 0.000000031053  time_per_window : 0.000837   progress : 0.972
name: models.architecture.block_type=simple_cls
training.mode=rollout    avg_loss: 0.000000028601  time_per_window : 0.000836   progress : 0.983
name: models.architecture.block_type=simple_cls
training.mode=rollout    avg_loss: 0.000000032396  time_per_window : 0.000833   progress : 0.994
name: models.architecture.block_type=simple_cls
training.mode=rollout    avg_loss: 0.000004869742  time_per_window : 0.000814   progress : 0.011
name: models.architecture.block_type=simple_cls
training.mode=rollout    avg_loss: 0.000000694678  time_per_window : 0.000777   progress : 0.022
name: models.architecture.block_type=simple_cls
training.mode=rollout    avg_loss: 0.000000472290  time_per_window : 0.000833   progress : 0.033
name: models.architecture.block_type=simple_cls
training.mode=rollout    avg_loss: 0.000000305930  time_per_window : 0.000835   progress : 0.044
name: models.architecture.block_type=simple_cls
training.mode=rollout    avg_loss: 0.000000261019  time_per_window : 0.000837   progress : 0.055
name: models.architecture.block_type=simple_cls
training.mode=rollout    avg_loss: 0.000000246971  time_per_window : 0.000836   progress : 0.066
name: models.architecture.block_type=simple_cls
training.mode=rollout    avg_loss: 0.000000246284  time_per_window : 0.000837   progress : 0.076
name: models.architecture.block_type=simple_cls
training.mode=rollout    avg_loss: 0.000000239753  time_per_window : 0.000788   progress : 0.087
name: models.architecture.block_type=simple_cls
training.mode=rollout    avg_loss: 0.000000264959  time_per_window : 0.000808   progress : 0.098
name: models.architecture.block_type=simple_cls
training.mode=rollout    avg_loss: 0.000000231825  time_per_window : 0.000782   progress : 0.109
name: models.architecture.block_type=simple_cls
training.mode=rollout    avg_loss: 0.000000251441  time_per_window : 0.000771   progress : 0.120
name: models.architecture.block_type=simple_cls
training.mode=rollout    avg_loss: 0.000000227311  time_per_window : 0.000810   progress : 0.131
name: models.architecture.block_type=simple_cls
training.mode=rollout    avg_loss: 0.000000221388  time_per_window : 0.000747   progress : 0.142
name: models.architecture.block_type=simple_cls
training.mode=rollout    avg_loss: 0.000000218267  time_per_window : 0.000807   progress : 0.153
name: models.architecture.block_type=simple_cls
training.mode=rollout    avg_loss: 0.000000220499  time_per_window : 0.000813   progress : 0.164
name: models.architecture.block_type=simple_cls
training.mode=rollout    avg_loss: 0.000000197242  time_per_window : 0.000840   progress : 0.175
name: models.architecture.block_type=simple_cls
training.mode=rollout    avg_loss: 0.000000200461  time_per_window : 0.000807   progress : 0.186
name: models.architecture.block_type=simple_cls
training.mode=rollout    avg_loss: 0.000000209537  time_per_window : 0.000836   progress : 0.197
name: models.architecture.block_type=simple_cls
training.mode=rollout    avg_loss: 0.000000179204  time_per_window : 0.000812   progress : 0.208
name: models.architecture.block_type=simple_cls
training.mode=rollout    avg_loss: 0.000000195820  time_per_window : 0.000822   progress : 0.218
name: models.architecture.block_type=simple_cls
training.mode=rollout    avg_loss: 0.000000187862  time_per_window : 0.000792   progress : 0.229
name: models.architecture.block_type=simple_cls
training.mode=rollout    avg_loss: 0.000000187596  time_per_window : 0.000780   progress : 0.240
name: models.architecture.block_type=simple_cls
training.mode=rollout    avg_loss: 0.000000225280  time_per_window : 0.000830   progress : 0.251
name: models.architecture.block_type=simple_cls
training.mode=rollout    avg_loss: 0.000000178971  time_per_window : 0.000828   progress : 0.262
name: models.architecture.block_type=simple_cls
training.mode=rollout    avg_loss: 0.000000179951  time_per_window : 0.000831   progress : 0.273
name: models.architecture.block_type=simple_cls
training.mode=rollout    avg_loss: 0.000000188777  time_per_window : 0.000834   progress : 0.284
name: models.architecture.block_type=simple_cls
training.mode=rollout    avg_loss: 0.000000194690  time_per_window : 0.000795   progress : 0.295
name: models.architecture.block_type=simple_cls
training.mode=rollout    avg_loss: 0.000000198816  time_per_window : 0.000804   progress : 0.306
name: models.architecture.block_type=simple_cls
training.mode=rollout    avg_loss: 0.000000209733  time_per_window : 0.000796   progress : 0.317
name: models.architecture.block_type=simple_cls
training.mode=rollout    avg_loss: 0.000000183017  time_per_window : 0.000766   progress : 0.328
name: models.architecture.block_type=simple_cls
training.mode=rollout    avg_loss: 0.000000209139  time_per_window : 0.000777   progress : 0.339
name: models.architecture.block_type=simple_cls
training.mode=rollout    avg_loss: 0.000000185006  time_per_window : 0.000832   progress : 0.350
name: models.architecture.block_type=simple_cls
training.mode=rollout    avg_loss: 0.000000205017  time_per_window : 0.000811   progress : 0.360
name: models.architecture.block_type=simple_cls
training.mode=rollout    avg_loss: 0.000000187064  time_per_window : 0.000832   progress : 0.371
name: models.architecture.block_type=simple_cls
training.mode=rollout    avg_loss: 0.000000200236  time_per_window : 0.000809   progress : 0.382
name: models.architecture.block_type=simple_cls
training.mode=rollout    avg_loss: 0.000000183297  time_per_window : 0.000810   progress : 0.393
name: models.architecture.block_type=simple_cls
training.mode=rollout    avg_loss: 0.000000193499  time_per_window : 0.000835   progress : 0.404
name: models.architecture.block_type=simple_cls
training.mode=rollout    avg_loss: 0.000000185880  time_per_window : 0.000793   progress : 0.415
name: models.architecture.block_type=simple_cls
training.mode=rollout    avg_loss: 0.000000190826  time_per_window : 0.000825   progress : 0.426
name: models.architecture.block_type=simple_cls
training.mode=rollout    avg_loss: 0.000000189753  time_per_window : 0.000812   progress : 0.437
name: models.architecture.block_type=simple_cls
training.mode=rollout    avg_loss: 0.000000165736  time_per_window : 0.000831   progress : 0.448
name: models.architecture.block_type=simple_cls
training.mode=rollout    avg_loss: 0.000000200829  time_per_window : 0.000813   progress : 0.459
name: models.architecture.block_type=simple_cls
training.mode=rollout    avg_loss: 0.000000180242  time_per_window : 0.000797   progress : 0.470
name: models.architecture.block_type=simple_cls
training.mode=rollout    avg_loss: 0.000000188250  time_per_window : 0.000841   progress : 0.481
name: models.architecture.block_type=simple_cls
training.mode=rollout    avg_loss: 0.000000167951  time_per_window : 0.000842   progress : 0.492
name: models.architecture.block_type=simple_cls
training.mode=rollout    avg_loss: 0.000000198397  time_per_window : 0.000820   progress : 0.502
name: models.architecture.block_type=simple_cls
training.mode=rollout    avg_loss: 0.000000163000  time_per_window : 0.000816   progress : 0.513
name: models.architecture.block_type=simple_cls
training.mode=rollout    avg_loss: 0.000000179130  time_per_window : 0.000817   progress : 0.524
name: models.architecture.block_type=simple_cls
training.mode=rollout    avg_loss: 0.000000167968  time_per_window : 0.000798   progress : 0.535
name: models.architecture.block_type=simple_cls
training.mode=rollout    avg_loss: 0.000000175340  time_per_window : 0.000831   progress : 0.546
name: models.architecture.block_type=simple_cls
training.mode=rollout    avg_loss: 0.000000202216  time_per_window : 0.000807   progress : 0.557
name: models.architecture.block_type=simple_cls
training.mode=rollout    avg_loss: 0.000000187926  time_per_window : 0.000789   progress : 0.568
name: models.architecture.block_type=simple_cls
training.mode=rollout    avg_loss: 0.000000155691  time_per_window : 0.000836   progress : 0.579
name: models.architecture.block_type=simple_cls
training.mode=rollout    avg_loss: 0.000000178482  time_per_window : 0.000831   progress : 0.590
name: models.architecture.block_type=simple_cls
training.mode=rollout    avg_loss: 0.000000161211  time_per_window : 0.000837   progress : 0.601
name: models.architecture.block_type=simple_cls
training.mode=rollout    avg_loss: 0.000000161358  time_per_window : 0.000819   progress : 0.612
name: models.architecture.block_type=simple_cls
training.mode=rollout    avg_loss: 0.000000172033  time_per_window : 0.000798   progress : 0.623
name: models.architecture.block_type=simple_cls
training.mode=rollout    avg_loss: 0.000000188505  time_per_window : 0.000833   progress : 0.634
name: models.architecture.block_type=simple_cls
training.mode=rollout    avg_loss: 0.000000171881  time_per_window : 0.000831   progress : 0.644
name: models.architecture.block_type=simple_cls
training.mode=rollout    avg_loss: 0.000000158429  time_per_window : 0.000834   progress : 0.655
name: models.architecture.block_type=simple_cls
training.mode=rollout    avg_loss: 0.000000152016  time_per_window : 0.000802   progress : 0.666
name: models.architecture.block_type=simple_cls
training.mode=rollout    avg_loss: 0.000000184172  time_per_window : 0.000830   progress : 0.677
name: models.architecture.block_type=simple_cls
training.mode=rollout    avg_loss: 0.000000199606  time_per_window : 0.000836   progress : 0.688
name: models.architecture.block_type=simple_cls
training.mode=rollout    avg_loss: 0.000000171931  time_per_window : 0.000774   progress : 0.699
name: models.architecture.block_type=simple_cls
training.mode=rollout    avg_loss: 0.000000156532  time_per_window : 0.000833   progress : 0.710
name: models.architecture.block_type=simple_cls
training.mode=rollout    avg_loss: 0.000000161059  time_per_window : 0.000802   progress : 0.721
name: models.architecture.block_type=simple_cls
training.mode=rollout    avg_loss: 0.000000162254  time_per_window : 0.000830   progress : 0.732
name: models.architecture.block_type=simple_cls
training.mode=rollout    avg_loss: 0.000000188063  time_per_window : 0.000842   progress : 0.743
name: models.architecture.block_type=simple_cls
training.mode=rollout    avg_loss: 0.000000176037  time_per_window : 0.000769   progress : 0.754
name: models.architecture.block_type=simple_cls
training.mode=rollout    avg_loss: 0.000000160593  time_per_window : 0.000828   progress : 0.765
name: models.architecture.block_type=simple_cls
training.mode=rollout    avg_loss: 0.000000154798  time_per_window : 0.000838   progress : 0.775
name: models.architecture.block_type=simple_cls
training.mode=rollout    avg_loss: 0.000000160565  time_per_window : 0.000784   progress : 0.786
name: models.architecture.block_type=simple_cls
training.mode=rollout    avg_loss: 0.000000183263  time_per_window : 0.000796   progress : 0.797
name: models.architecture.block_type=simple_cls
training.mode=rollout    avg_loss: 0.000000150392  time_per_window : 0.000825   progress : 0.808
name: models.architecture.block_type=simple_cls
training.mode=rollout    avg_loss: 0.000000160450  time_per_window : 0.000835   progress : 0.819
name: models.architecture.block_type=simple_cls
training.mode=rollout    avg_loss: 0.000000171870  time_per_window : 0.000834   progress : 0.830
name: models.architecture.block_type=simple_cls
training.mode=rollout    avg_loss: 0.000000159572  time_per_window : 0.000830   progress : 0.841
name: models.architecture.block_type=simple_cls
training.mode=rollout    avg_loss: 0.000000127961  time_per_window : 0.000829   progress : 0.852
name: models.architecture.block_type=simple_cls
training.mode=rollout    avg_loss: 0.000000147118  time_per_window : 0.000843   progress : 0.863
name: models.architecture.block_type=simple_cls
training.mode=rollout    avg_loss: 0.000000143227  time_per_window : 0.000827   progress : 0.874
name: models.architecture.block_type=simple_cls
training.mode=rollout    avg_loss: 0.000000138937  time_per_window : 0.000726   progress : 0.885
name: models.architecture.block_type=simple_cls
training.mode=rollout    avg_loss: 0.000000140236  time_per_window : 0.000753   progress : 0.896
name: models.architecture.block_type=simple_cls
training.mode=rollout    avg_loss: 0.000000138108  time_per_window : 0.000823   progress : 0.907
name: models.architecture.block_type=simple_cls
training.mode=rollout    avg_loss: 0.000000152289  time_per_window : 0.000835   progress : 0.917
name: models.architecture.block_type=simple_cls
training.mode=rollout    avg_loss: 0.000000137845  time_per_window : 0.000796   progress : 0.928
name: models.architecture.block_type=simple_cls
training.mode=rollout    avg_loss: 0.000000143007  time_per_window : 0.000831   progress : 0.939
name: models.architecture.block_type=simple_cls
training.mode=rollout    avg_loss: 0.000000131473  time_per_window : 0.000814   progress : 0.950
name: models.architecture.block_type=simple_cls
training.mode=rollout    avg_loss: 0.000000138991  time_per_window : 0.000834   progress : 0.961
name: models.architecture.block_type=simple_cls
training.mode=rollout    avg_loss: 0.000000127362  time_per_window : 0.000830   progress : 0.972
name: models.architecture.block_type=simple_cls
training.mode=rollout    avg_loss: 0.000000136482  time_per_window : 0.000793   progress : 0.983
name: models.architecture.block_type=simple_cls
training.mode=rollout    avg_loss: 0.000000144619  time_per_window : 0.000835   progress : 0.994
name: models.architecture.block_type=simple_cls
training.mode=rollout    avg_loss: 0.000090257934  time_per_window : 0.000809   progress : 0.011
name: models.architecture.block_type=simple_cls
training.mode=rollout    avg_loss: 0.000009087852  time_per_window : 0.000824   progress : 0.022
name: models.architecture.block_type=simple_cls
training.mode=rollout    avg_loss: 0.000006700202  time_per_window : 0.000812   progress : 0.033
name: models.architecture.block_type=simple_cls
training.mode=rollout    avg_loss: 0.000005033630  time_per_window : 0.000808   progress : 0.044
name: models.architecture.block_type=simple_cls
training.mode=rollout    avg_loss: 0.000005164532  time_per_window : 0.000792   progress : 0.055
name: models.architecture.block_type=simple_cls
training.mode=rollout    avg_loss: 0.000004691989  time_per_window : 0.000836   progress : 0.066
name: models.architecture.block_type=simple_cls
training.mode=rollout    avg_loss: 0.000004387115  time_per_window : 0.000834   progress : 0.076
name: models.architecture.block_type=simple_cls
training.mode=rollout    avg_loss: 0.000004853533  time_per_window : 0.000833   progress : 0.087
name: models.architecture.block_type=simple_cls
training.mode=rollout    avg_loss: 0.000004192103  time_per_window : 0.000830   progress : 0.098
name: models.architecture.block_type=simple_cls
training.mode=rollout    avg_loss: 0.000004478708  time_per_window : 0.000835   progress : 0.109
name: models.architecture.block_type=simple_cls
training.mode=rollout    avg_loss: 0.000004248452  time_per_window : 0.000793   progress : 0.120
name: models.architecture.block_type=simple_cls
training.mode=rollout    avg_loss: 0.000004580524  time_per_window : 0.000786   progress : 0.131
name: models.architecture.block_type=simple_cls
training.mode=rollout    avg_loss: 0.000004344471  time_per_window : 0.000832   progress : 0.142
name: models.architecture.block_type=simple_cls
training.mode=rollout    avg_loss: 0.000004610124  time_per_window : 0.000834   progress : 0.153
name: models.architecture.block_type=simple_cls
training.mode=rollout    avg_loss: 0.000004010146  time_per_window : 0.000788   progress : 0.164
name: models.architecture.block_type=simple_cls
training.mode=rollout    avg_loss: 0.000003989016  time_per_window : 0.000777   progress : 0.175
name: models.architecture.block_type=simple_cls
training.mode=rollout    avg_loss: 0.000005248227  time_per_window : 0.000801   progress : 0.186
name: models.architecture.block_type=simple_cls
training.mode=rollout    avg_loss: 0.000004646492  time_per_window : 0.000805   progress : 0.197
name: models.architecture.block_type=simple_cls
training.mode=rollout    avg_loss: 0.000004423981  time_per_window : 0.000840   progress : 0.208
name: models.architecture.block_type=simple_cls
training.mode=rollout    avg_loss: 0.000003692064  time_per_window : 0.000836   progress : 0.218
name: models.architecture.block_type=simple_cls
training.mode=rollout    avg_loss: 0.000003871706  time_per_window : 0.000793   progress : 0.229
name: models.architecture.block_type=simple_cls
training.mode=rollout    avg_loss: 0.000003793499  time_per_window : 0.000809   progress : 0.240
name: models.architecture.block_type=simple_cls
training.mode=rollout    avg_loss: 0.000004051421  time_per_window : 0.000833   progress : 0.251
name: models.architecture.block_type=simple_cls
training.mode=rollout    avg_loss: 0.000004219120  time_per_window : 0.000813   progress : 0.262
name: models.architecture.block_type=simple_cls
training.mode=rollout    avg_loss: 0.000004107735  time_per_window : 0.000719   progress : 0.273
name: models.architecture.block_type=simple_cls
training.mode=rollout    avg_loss: 0.000003845772  time_per_window : 0.000828   progress : 0.284
name: models.architecture.block_type=simple_cls
training.mode=rollout    avg_loss: 0.000004345767  time_per_window : 0.000831   progress : 0.295
name: models.architecture.block_type=simple_cls
training.mode=rollout    avg_loss: 0.000004039637  time_per_window : 0.000812   progress : 0.306
name: models.architecture.block_type=simple_cls
training.mode=rollout    avg_loss: 0.000004442991  time_per_window : 0.000840   progress : 0.317
name: models.architecture.block_type=simple_cls
training.mode=rollout    avg_loss: 0.000004037763  time_per_window : 0.000839   progress : 0.328
name: models.architecture.block_type=simple_cls
training.mode=rollout    avg_loss: 0.000004245031  time_per_window : 0.000802   progress : 0.339
name: models.architecture.block_type=simple_cls
training.mode=rollout    avg_loss: 0.000003216727  time_per_window : 0.000808   progress : 0.350
name: models.architecture.block_type=simple_cls
training.mode=rollout    avg_loss: 0.000003419337  time_per_window : 0.000794   progress : 0.360
name: models.architecture.block_type=simple_cls
training.mode=rollout    avg_loss: 0.000003930175  time_per_window : 0.000808   progress : 0.371
name: models.architecture.block_type=simple_cls
training.mode=rollout    avg_loss: 0.000004205246  time_per_window : 0.000827   progress : 0.382
name: models.architecture.block_type=simple_cls
training.mode=rollout    avg_loss: 0.000003419861  time_per_window : 0.000834   progress : 0.393
name: models.architecture.block_type=simple_cls
training.mode=rollout    avg_loss: 0.000003566450  time_per_window : 0.000813   progress : 0.404
name: models.architecture.block_type=simple_cls
training.mode=rollout    avg_loss: 0.000003797037  time_per_window : 0.000832   progress : 0.415
name: models.architecture.block_type=simple_cls
training.mode=rollout    avg_loss: 0.000003193074  time_per_window : 0.000810   progress : 0.426
name: models.architecture.block_type=simple_cls
training.mode=rollout    avg_loss: 0.000003578461  time_per_window : 0.000813   progress : 0.437
name: models.architecture.block_type=simple_cls
training.mode=rollout    avg_loss: 0.000003959157  time_per_window : 0.000775   progress : 0.448
name: models.architecture.block_type=simple_cls
training.mode=rollout    avg_loss: 0.000003688742  time_per_window : 0.000836   progress : 0.459
name: models.architecture.block_type=simple_cls
training.mode=rollout    avg_loss: 0.000003190507  time_per_window : 0.000839   progress : 0.470
name: models.architecture.block_type=simple_cls
training.mode=rollout    avg_loss: 0.000004150291  time_per_window : 0.000833   progress : 0.481
name: models.architecture.block_type=simple_cls
training.mode=rollout    avg_loss: 0.000003351408  time_per_window : 0.000811   progress : 0.492
name: models.architecture.block_type=simple_cls
training.mode=rollout    avg_loss: 0.000003445567  time_per_window : 0.000804   progress : 0.502
name: models.architecture.block_type=simple_cls
training.mode=rollout    avg_loss: 0.000003155578  time_per_window : 0.000839   progress : 0.513
name: models.architecture.block_type=simple_cls
training.mode=rollout    avg_loss: 0.000003561766  time_per_window : 0.000801   progress : 0.524
name: models.architecture.block_type=simple_cls
training.mode=rollout    avg_loss: 0.000003969105  time_per_window : 0.000816   progress : 0.535
name: models.architecture.block_type=simple_cls
training.mode=rollout    avg_loss: 0.000003245187  time_per_window : 0.000834   progress : 0.546
name: models.architecture.block_type=simple_cls
training.mode=rollout    avg_loss: 0.000003669754  time_per_window : 0.000836   progress : 0.557
name: models.architecture.block_type=simple_cls
training.mode=rollout    avg_loss: 0.000003363739  time_per_window : 0.000808   progress : 0.568
name: models.architecture.block_type=simple_cls
training.mode=rollout    avg_loss: 0.000003057374  time_per_window : 0.000838   progress : 0.579
name: models.architecture.block_type=simple_cls
training.mode=rollout    avg_loss: 0.000003373447  time_per_window : 0.000806   progress : 0.590
name: models.architecture.block_type=simple_cls
training.mode=rollout    avg_loss: 0.000003138173  time_per_window : 0.000831   progress : 0.601
name: models.architecture.block_type=simple_cls
training.mode=rollout    avg_loss: 0.000003225926  time_per_window : 0.000833   progress : 0.612
name: models.architecture.block_type=simple_cls
training.mode=rollout    avg_loss: 0.000003280149  time_per_window : 0.000833   progress : 0.623
name: models.architecture.block_type=simple_cls
training.mode=rollout    avg_loss: 0.000003165507  time_per_window : 0.000813   progress : 0.634
name: models.architecture.block_type=simple_cls
training.mode=rollout    avg_loss: 0.000003392066  time_per_window : 0.000837   progress : 0.644
name: models.architecture.block_type=simple_cls
training.mode=rollout    avg_loss: 0.000003539121  time_per_window : 0.000812   progress : 0.655
name: models.architecture.block_type=simple_cls
training.mode=rollout    avg_loss: 0.000003590899  time_per_window : 0.000815   progress : 0.666
name: models.architecture.block_type=simple_cls
training.mode=rollout    avg_loss: 0.000002912350  time_per_window : 0.000782   progress : 0.677
name: models.architecture.block_type=simple_cls
training.mode=rollout    avg_loss: 0.000003106622  time_per_window : 0.000796   progress : 0.688
name: models.architecture.block_type=simple_cls
training.mode=rollout    avg_loss: 0.000003099218  time_per_window : 0.000831   progress : 0.699
name: models.architecture.block_type=simple_cls
training.mode=rollout    avg_loss: 0.000003362367  time_per_window : 0.000802   progress : 0.710
name: models.architecture.block_type=simple_cls
training.mode=rollout    avg_loss: 0.000003014684  time_per_window : 0.000792   progress : 0.721
name: models.architecture.block_type=simple_cls
training.mode=rollout    avg_loss: 0.000003151500  time_per_window : 0.000836   progress : 0.732
name: models.architecture.block_type=simple_cls
training.mode=rollout    avg_loss: 0.000003093809  time_per_window : 0.000833   progress : 0.743
name: models.architecture.block_type=simple_cls
training.mode=rollout    avg_loss: 0.000003491848  time_per_window : 0.000785   progress : 0.754
name: models.architecture.block_type=simple_cls
training.mode=rollout    avg_loss: 0.000003321830  time_per_window : 0.000817   progress : 0.765
name: models.architecture.block_type=simple_cls
training.mode=rollout    avg_loss: 0.000003440109  time_per_window : 0.000814   progress : 0.775
name: models.architecture.block_type=simple_cls
training.mode=rollout    avg_loss: 0.000002924617  time_per_window : 0.000776   progress : 0.786
name: models.architecture.block_type=simple_cls
training.mode=rollout    avg_loss: 0.000003436244  time_per_window : 0.000810   progress : 0.797
name: models.architecture.block_type=simple_cls
training.mode=rollout    avg_loss: 0.000003527254  time_per_window : 0.000520   progress : 0.808
name: models.architecture.block_type=simple_cls
training.mode=rollout    avg_loss: 0.000003149668  time_per_window : 0.000548   progress : 0.819
name: models.architecture.block_type=simple_cls
training.mode=rollout    avg_loss: 0.000003168051  time_per_window : 0.000496   progress : 0.830
name: models.architecture.block_type=simple_cls
training.mode=rollout    avg_loss: 0.000003175782  time_per_window : 0.000507   progress : 0.841
name: models.architecture.block_type=simple_cls
training.mode=rollout    avg_loss: 0.000002733999  time_per_window : 0.000490   progress : 0.852
name: models.architecture.block_type=simple_cls
training.mode=rollout    avg_loss: 0.000003106174  time_per_window : 0.000475   progress : 0.863
name: models.architecture.block_type=simple_cls
training.mode=rollout    avg_loss: 0.000002961426  time_per_window : 0.000767   progress : 0.874
name: models.architecture.block_type=simple_cls
training.mode=rollout    avg_loss: 0.000003770946  time_per_window : 0.000835   progress : 0.885
name: models.architecture.block_type=simple_cls
training.mode=rollout    avg_loss: 0.000003202749  time_per_window : 0.000771   progress : 0.896
name: models.architecture.block_type=simple_cls
training.mode=rollout    avg_loss: 0.000003017100  time_per_window : 0.000804   progress : 0.907
name: models.architecture.block_type=simple_cls
training.mode=rollout    avg_loss: 0.000003107676  time_per_window : 0.000831   progress : 0.917
name: models.architecture.block_type=simple_cls
training.mode=rollout    avg_loss: 0.000002888232  time_per_window : 0.000728   progress : 0.928
name: models.architecture.block_type=simple_cls
training.mode=rollout    avg_loss: 0.000002903138  time_per_window : 0.000736   progress : 0.939
name: models.architecture.block_type=simple_cls
training.mode=rollout    avg_loss: 0.000003083553  time_per_window : 0.000819   progress : 0.950
name: models.architecture.block_type=simple_cls
training.mode=rollout    avg_loss: 0.000002889904  time_per_window : 0.000784   progress : 0.961
name: models.architecture.block_type=simple_cls
training.mode=rollout    avg_loss: 0.000003000076  time_per_window : 0.000835   progress : 0.972
name: models.architecture.block_type=simple_cls
training.mode=rollout    avg_loss: 0.000002703083  time_per_window : 0.000840   progress : 0.983
name: models.architecture.block_type=simple_cls
training.mode=rollout    avg_loss: 0.000002959517  time_per_window : 0.000814   progress : 0.994
name: models.architecture.block_type=simple_cls
training.mode=rollout    avg_loss: 0.000010916569  time_per_window : 0.000833   progress : 0.011
name: models.architecture.block_type=simple_cls
training.mode=rollout    avg_loss: 0.000007009438  time_per_window : 0.000757   progress : 0.022
name: models.architecture.block_type=simple_cls
training.mode=rollout    avg_loss: 0.000006009981  time_per_window : 0.000831   progress : 0.033
name: models.architecture.block_type=simple_cls
training.mode=rollout    avg_loss: 0.000005280215  time_per_window : 0.000790   progress : 0.044
name: models.architecture.block_type=simple_cls
training.mode=rollout    avg_loss: 0.000005432459  time_per_window : 0.000834   progress : 0.055
name: models.architecture.block_type=simple_cls
training.mode=rollout    avg_loss: 0.000005571764  time_per_window : 0.000850   progress : 0.066
name: models.architecture.block_type=simple_cls
training.mode=rollout    avg_loss: 0.000005977235  time_per_window : 0.000808   progress : 0.076
name: models.architecture.block_type=simple_cls
training.mode=rollout    avg_loss: 0.000005978673  time_per_window : 0.000837   progress : 0.087
name: models.architecture.block_type=simple_cls
training.mode=rollout    avg_loss: 0.000005053657  time_per_window : 0.000818   progress : 0.098
name: models.architecture.block_type=simple_cls
training.mode=rollout    avg_loss: 0.000005268348  time_per_window : 0.000813   progress : 0.109
name: models.architecture.block_type=simple_cls
training.mode=rollout    avg_loss: 0.000005182830  time_per_window : 0.000814   progress : 0.120
name: models.architecture.block_type=simple_cls
training.mode=rollout    avg_loss: 0.000005273840  time_per_window : 0.000835   progress : 0.131
name: models.architecture.block_type=simple_cls
training.mode=rollout    avg_loss: 0.000004738143  time_per_window : 0.000787   progress : 0.142
name: models.architecture.block_type=simple_cls
training.mode=rollout    avg_loss: 0.000005478426  time_per_window : 0.000837   progress : 0.153
name: models.architecture.block_type=simple_cls
training.mode=rollout    avg_loss: 0.000004719585  time_per_window : 0.000834   progress : 0.164
name: models.architecture.block_type=simple_cls
training.mode=rollout    avg_loss: 0.000004535483  time_per_window : 0.000797   progress : 0.175
name: models.architecture.block_type=simple_cls
training.mode=rollout    avg_loss: 0.000004670065  time_per_window : 0.000791   progress : 0.186
name: models.architecture.block_type=simple_cls
training.mode=rollout    avg_loss: 0.000005141445  time_per_window : 0.000831   progress : 0.197
name: models.architecture.block_type=simple_cls
training.mode=rollout    avg_loss: 0.000005423923  time_per_window : 0.000805   progress : 0.208
name: models.architecture.block_type=simple_cls
training.mode=rollout    avg_loss: 0.000005491194  time_per_window : 0.000814   progress : 0.218
name: models.architecture.block_type=simple_cls
training.mode=rollout    avg_loss: 0.000007572072  time_per_window : 0.000836   progress : 0.229
name: models.architecture.block_type=simple_cls
training.mode=rollout    avg_loss: 0.000004589310  time_per_window : 0.000840   progress : 0.240
name: models.architecture.block_type=simple_cls
training.mode=rollout    avg_loss: 0.000004854490  time_per_window : 0.000839   progress : 0.251
name: models.architecture.block_type=simple_cls
training.mode=rollout    avg_loss: 0.000004631900  time_per_window : 0.000833   progress : 0.262
name: models.architecture.block_type=simple_cls
training.mode=rollout    avg_loss: 0.000004897651  time_per_window : 0.000812   progress : 0.273
name: models.architecture.block_type=simple_cls
training.mode=rollout    avg_loss: 0.000004489918  time_per_window : 0.000819   progress : 0.284
name: models.architecture.block_type=simple_cls
training.mode=rollout    avg_loss: 0.000004814655  time_per_window : 0.000793   progress : 0.295
name: models.architecture.block_type=simple_cls
training.mode=rollout    avg_loss: 0.000004985179  time_per_window : 0.000814   progress : 0.306
name: models.architecture.block_type=simple_cls
training.mode=rollout    avg_loss: 0.000004537969  time_per_window : 0.000835   progress : 0.317
name: models.architecture.block_type=simple_cls
training.mode=rollout    avg_loss: 0.000004938104  time_per_window : 0.000797   progress : 0.328
name: models.architecture.block_type=simple_cls
training.mode=rollout    avg_loss: 0.000005668195  time_per_window : 0.000836   progress : 0.339
name: models.architecture.block_type=simple_cls
training.mode=rollout    avg_loss: 0.000004612640  time_per_window : 0.000822   progress : 0.350
name: models.architecture.block_type=simple_cls
training.mode=rollout    avg_loss: 0.000005093955  time_per_window : 0.000825   progress : 0.360
name: models.architecture.block_type=simple_cls
training.mode=rollout    avg_loss: 0.000004665457  time_per_window : 0.000812   progress : 0.371
name: models.architecture.block_type=simple_cls
training.mode=rollout    avg_loss: 0.000004303017  time_per_window : 0.000824   progress : 0.382
name: models.architecture.block_type=simple_cls
training.mode=rollout    avg_loss: 0.000004253923  time_per_window : 0.000831   progress : 0.393
name: models.architecture.block_type=simple_cls
training.mode=rollout    avg_loss: 0.000004521522  time_per_window : 0.000798   progress : 0.404
name: models.architecture.block_type=simple_cls
training.mode=rollout    avg_loss: 0.000005304355  time_per_window : 0.000793   progress : 0.415
name: models.architecture.block_type=simple_cls
training.mode=rollout    avg_loss: 0.000004719233  time_per_window : 0.000835   progress : 0.426
name: models.architecture.block_type=simple_cls
training.mode=rollout    avg_loss: 0.000004162639  time_per_window : 0.000838   progress : 0.437
name: models.architecture.block_type=simple_cls
training.mode=rollout    avg_loss: 0.000004369127  time_per_window : 0.000744   progress : 0.448
name: models.architecture.block_type=simple_cls
training.mode=rollout    avg_loss: 0.000006320390  time_per_window : 0.000836   progress : 0.459
name: models.architecture.block_type=simple_cls
training.mode=rollout    avg_loss: 0.000004224464  time_per_window : 0.000780   progress : 0.470
name: models.architecture.block_type=simple_cls
training.mode=rollout    avg_loss: 0.000004849499  time_per_window : 0.000786   progress : 0.481
name: models.architecture.block_type=simple_cls
training.mode=rollout    avg_loss: 0.000004195257  time_per_window : 0.000812   progress : 0.492
name: models.architecture.block_type=simple_cls
training.mode=rollout    avg_loss: 0.000004335392  time_per_window : 0.000809   progress : 0.502
name: models.architecture.block_type=simple_cls
training.mode=rollout    avg_loss: 0.000003960437  time_per_window : 0.000799   progress : 0.513
name: models.architecture.block_type=simple_cls
training.mode=rollout    avg_loss: 0.000004544336  time_per_window : 0.000836   progress : 0.524
name: models.architecture.block_type=simple_cls
training.mode=rollout    avg_loss: 0.000004135949  time_per_window : 0.000759   progress : 0.535
name: models.architecture.block_type=simple_cls
training.mode=rollout    avg_loss: 0.000004547786  time_per_window : 0.000834   progress : 0.546
name: models.architecture.block_type=simple_cls
training.mode=rollout    avg_loss: 0.000005926115  time_per_window : 0.000836   progress : 0.557
name: models.architecture.block_type=simple_cls
training.mode=rollout    avg_loss: 0.000004440349  time_per_window : 0.000782   progress : 0.568
name: models.architecture.block_type=simple_cls
training.mode=rollout    avg_loss: 0.000004771104  time_per_window : 0.000747   progress : 0.579
name: models.architecture.block_type=simple_cls
training.mode=rollout    avg_loss: 0.000004223098  time_per_window : 0.000835   progress : 0.590
name: models.architecture.block_type=simple_cls
training.mode=rollout    avg_loss: 0.000004427202  time_per_window : 0.000834   progress : 0.601
name: models.architecture.block_type=simple_cls
training.mode=rollout    avg_loss: 0.000004342058  time_per_window : 0.000831   progress : 0.612
name: models.architecture.block_type=simple_cls
training.mode=rollout    avg_loss: 0.000004492447  time_per_window : 0.000835   progress : 0.623
name: models.architecture.block_type=simple_cls
training.mode=rollout    avg_loss: 0.000004679330  time_per_window : 0.000612   progress : 0.634
name: models.architecture.block_type=simple_cls
training.mode=rollout    avg_loss: 0.000004583381  time_per_window : 0.000833   progress : 0.644
name: models.architecture.block_type=simple_cls
training.mode=rollout    avg_loss: 0.000004541460  time_per_window : 0.000835   progress : 0.655
name: models.architecture.block_type=simple_cls
training.mode=rollout    avg_loss: 0.000004507904  time_per_window : 0.000774   progress : 0.666
name: models.architecture.block_type=simple_cls
training.mode=rollout    avg_loss: 0.000004163519  time_per_window : 0.000760   progress : 0.677
name: models.architecture.block_type=simple_cls
training.mode=rollout    avg_loss: 0.000004145665  time_per_window : 0.000785   progress : 0.688
name: models.architecture.block_type=simple_cls
training.mode=rollout    avg_loss: 0.000004733897  time_per_window : 0.000818   progress : 0.699
name: models.architecture.block_type=simple_cls
training.mode=rollout    avg_loss: 0.000003934681  time_per_window : 0.000795   progress : 0.710
name: models.architecture.block_type=simple_cls
training.mode=rollout    avg_loss: 0.000004076901  time_per_window : 0.000828   progress : 0.721
name: models.architecture.block_type=simple_cls
training.mode=rollout    avg_loss: 0.000004072406  time_per_window : 0.000818   progress : 0.732
name: models.architecture.block_type=simple_cls
training.mode=rollout    avg_loss: 0.000004182701  time_per_window : 0.000820   progress : 0.743
name: models.architecture.block_type=simple_cls
training.mode=rollout    avg_loss: 0.000004502239  time_per_window : 0.000776   progress : 0.754
name: models.architecture.block_type=simple_cls
training.mode=rollout    avg_loss: 0.000004286956  time_per_window : 0.000833   progress : 0.765
name: models.architecture.block_type=simple_cls
training.mode=rollout    avg_loss: 0.000004527368  time_per_window : 0.000757   progress : 0.775
name: models.architecture.block_type=simple_cls
training.mode=rollout    avg_loss: 0.000004141704  time_per_window : 0.000836   progress : 0.786
name: models.architecture.block_type=simple_cls
training.mode=rollout    avg_loss: 0.000004104915  time_per_window : 0.000813   progress : 0.797
name: models.architecture.block_type=simple_cls
training.mode=rollout    avg_loss: 0.000004137916  time_per_window : 0.000835   progress : 0.808
name: models.architecture.block_type=simple_cls
training.mode=rollout    avg_loss: 0.000006452448  time_per_window : 0.000802   progress : 0.819
name: models.architecture.block_type=simple_cls
training.mode=rollout    avg_loss: 0.000006260835  time_per_window : 0.000825   progress : 0.830
name: models.architecture.block_type=simple_cls
training.mode=rollout    avg_loss: 0.000004519195  time_per_window : 0.000789   progress : 0.841
name: models.architecture.block_type=simple_cls
training.mode=rollout    avg_loss: 0.000003851887  time_per_window : 0.000799   progress : 0.852
name: models.architecture.block_type=simple_cls
training.mode=rollout    avg_loss: 0.000004001535  time_per_window : 0.000819   progress : 0.863
name: models.architecture.block_type=simple_cls
training.mode=rollout    avg_loss: 0.000003726113  time_per_window : 0.000763   progress : 0.874
name: models.architecture.block_type=simple_cls
training.mode=rollout    avg_loss: 0.000004307858  time_per_window : 0.000784   progress : 0.885
name: models.architecture.block_type=simple_cls
training.mode=rollout    avg_loss: 0.000003822139  time_per_window : 0.000817   progress : 0.896
name: models.architecture.block_type=simple_cls
training.mode=rollout    avg_loss: 0.000003751994  time_per_window : 0.000834   progress : 0.907
name: models.architecture.block_type=simple_cls
training.mode=rollout    avg_loss: 0.000004855985  time_per_window : 0.000837   progress : 0.917
name: models.architecture.block_type=simple_cls
training.mode=rollout    avg_loss: 0.000004071952  time_per_window : 0.000831   progress : 0.928
name: models.architecture.block_type=simple_cls
training.mode=rollout    avg_loss: 0.000004185729  time_per_window : 0.000838   progress : 0.939
name: models.architecture.block_type=simple_cls
training.mode=rollout    avg_loss: 0.000004492159  time_per_window : 0.000812   progress : 0.950
name: models.architecture.block_type=simple_cls
training.mode=rollout    avg_loss: 0.000003845730  time_per_window : 0.000812   progress : 0.961
name: models.architecture.block_type=simple_cls
training.mode=rollout    avg_loss: 0.000004190604  time_per_window : 0.000834   progress : 0.972
name: models.architecture.block_type=simple_cls
training.mode=rollout    avg_loss: 0.000003880172  time_per_window : 0.000835   progress : 0.983
name: models.architecture.block_type=simple_cls
training.mode=rollout    avg_loss: 0.000004358041  time_per_window : 0.000817   progress : 0.994
DONE!!!
